1524  1784062673.439515 exit(0)         = ?
1524  1784062673.439587 +++ exited with 0 +++
1522  1784062673.491728 faccessat(AT_FDCWD, "/proc/self/task/1524", F_OK) = -1 ENOENT (No such file or directory)
1465  1784062674.630814 recvfrom(42, 0x7fc64febb0, 3200, MSG_DONTWAIT, NULL, NULL) = -1 EAGAIN (Try again)
1465  1784062674.647622 recvfrom(42, "nysv\0\0\0\0\0\0\0\0\0\0\0\0\272\326I\2624\2\0\0t3\2\0\0\0\0\0", 3200, MSG_DONTWAIT, NULL, NULL) = 32
1465  1784062674.647688 recvfrom(42, 0x7fc64ff090, 3200, MSG_DONTWAIT, NULL, NULL) = -1 EAGAIN (Try again)
1476  1784062676.082869 exit(0)         = ?
1476  1784062676.082959 +++ exited with 0 +++
1474  1784062676.085534 exit(0)         = ?
1474  1784062676.085966 +++ exited with 0 +++
1475  1784062676.086330 exit(0)         = ?
1475  1784062676.086599 +++ exited with 0 +++
1473  1784062676.086604 exit(0)         = ?
1473  1784062676.086945 +++ exited with 0 +++
1495  1784062676.090013 newfstatat(AT_FDCWD, "/data", {st_mode=S_IFDIR|0771, st_size=4096, ...}, AT_SYMLINK_NOFOLLOW) = 0
1495  1784062676.090430 newfstatat(AT_FDCWD, "/data/app", {st_mode=S_IFDIR|0771, st_size=4096, ...}, AT_SYMLINK_NOFOLLOW) = 0
1495  1784062676.090824 newfstatat(AT_FDCWD, "/data/app/au.com.wallaceit.reddinator-umtS6rv4qrpQAjIngbd5Xw==", {st_mode=S_IFDIR|0775, st_size=4096, ...}, AT_SYMLINK_NOFOLLOW) = 0
1495  1784062676.091190 newfstatat(AT_FDCWD, "/data/app/au.com.wallaceit.reddinator-umtS6rv4qrpQAjIngbd5Xw==/base.apk", {st_mode=S_IFREG|0644, st_size=3367335, ...}, AT_SYMLINK_NOFOLLOW) = 0
1495  1784062676.091566 getcwd("/", 4096) = 2
1495  1784062676.091893 newfstatat(AT_FDCWD, "/base.apk", 0x7997a84690, AT_SYMLINK_NOFOLLOW) = -1 ENOENT (No such file or directory)
1527  1784062688.435514 exit(0)         = ?
1527  1784062688.436080 +++ exited with 0 +++
1522  1784062688.484514 faccessat(AT_FDCWD, "/proc/self/task/1527", F_OK) = -1 ENOENT (No such file or directory)
1465  1784062690.038170 recvfrom(45, "\2\0\0\0\0\0\0\0\326\5\0\0\0\0\0\0\300\262UH8\2\0\0\1\0\0\0\2\20\0\0"..., 2272, MSG_DONTWAIT, NULL, NULL) = 232
1465  1784062690.038478 sendto(45, "\3\0\0\0\0\0\0\0\326\5\0\0\1\0\0\0", 16, MSG_DONTWAIT|MSG_NOSIGNAL, NULL, 0) = 16
1465  1784062690.038504 recvfrom(45, 0x799266d820, 2272, MSG_DONTWAIT, NULL, NULL) = -1 EAGAIN (Try again)
1465  1784062690.038777 recvfrom(45, "\2\0\0\0\0\0\0\0\330\5\0\0\0\0\0\0\300\262UH8\2\0\0\1\0\0\0\2\20\0\0"..., 2272, MSG_DONTWAIT, NULL, NULL) = 232
1465  1784062690.038818 recvfrom(42, 0x7fc64fd980, 3200, MSG_DONTWAIT, NULL, NULL) = -1 EAGAIN (Try again)
1465  1784062690.038873 sendto(45, "\3\0\0\0\0\0\0\0\330\5\0\0\1\0\0\0", 16, MSG_DONTWAIT|MSG_NOSIGNAL, NULL, 0) = 16
1465  1784062690.038900 recvfrom(45, 0x799266d820, 2272, MSG_DONTWAIT, NULL, NULL) = -1 EAGAIN (Try again)
1465  1784062690.051787 recvfrom(42, "nysv\0\0\0\0\0\0\0\0\0\0\0\0004\2521I8\2\0\0\0167\2\0\0\0\0\0", 3200, MSG_DONTWAIT, NULL, NULL) = 32
1465  1784062690.051807 recvfrom(42, 0x7fc64ff090, 3200, MSG_DONTWAIT, NULL, NULL) = -1 EAGAIN (Try again)
1465  1784062690.051832 recvfrom(45, 0x799266d820, 2272, MSG_DONTWAIT, NULL, NULL) = -1 EAGAIN (Try again)
1465  1784062707.531903 recvfrom(45, "\2\0\0\0\0\0\0\0\334\5\0\0\0\0\0\0@\364\16[<\2\0\0\1\0\0\0\2\20\0\0"..., 2272, MSG_DONTWAIT, NULL, NULL) = 232
1465  1784062707.532034 sendto(45, "\3\0\0\0\0\0\0\0\334\5\0\0\1\0\0\0", 16, MSG_DONTWAIT|MSG_NOSIGNAL, NULL, 0) = 16
1465  1784062707.532059 recvfrom(45, 0x799266d820, 2272, MSG_DONTWAIT, NULL, NULL) = -1 EAGAIN (Try again)
1465  1784062707.532309 recvfrom(45, "\2\0\0\0\0\0\0\0\336\5\0\0\0\0\0\0@\364\16[<\2\0\0\1\0\0\0\2\20\0\0"..., 2272, MSG_DONTWAIT, NULL, NULL) = 232
1465  1784062707.532350 sendto(45, "\3\0\0\0\0\0\0\0\336\5\0\0\1\0\0\0", 16, MSG_DONTWAIT|MSG_NOSIGNAL, NULL, 0) = 16
1465  1784062707.532361 recvfrom(45, 0x799266d820, 2272, MSG_DONTWAIT, NULL, NULL) = -1 EAGAIN (Try again)
1465  1784062707.532382 socket(AF_UNIX, SOCK_DGRAM|SOCK_CLOEXEC|SOCK_NONBLOCK, 0) = 50
1465  1784062707.532403 setsockopt(50, SOL_SOCKET, SO_SNDBUF, [1048576], 4) = 0
1465  1784062707.532411 connect(50, {sa_family=AF_UNIX, sun_path="/dev/socket/statsdw"}, 110) = 0
1494  1784062707.541678 clone(child_stack=0x79943fbd40, flags=CLONE_VM|CLONE_FS|CLONE_FILES|CLONE_SIGHAND|CLONE_THREAD|CLONE_SYSVSEM|CLONE_SETTLS|CLONE_PARENT_SETTID|CLONE_CHILD_CLEARTID, parent_tidptr=0x79943fbd60, tls=0x79943fc020, child_tidptr=0x79943fbd60) = 1634
1634  1784062707.542312 openat(AT_FDCWD, "/proc/1634/timerslack_ns", O_WRONLY|O_CREAT|O_TRUNC|O_NOFOLLOW|O_CLOEXEC, 0666) = 62
1465  1784062707.543615 newfstatat(AT_FDCWD, "/system/framework/framework-res.apk", {st_mode=S_IFREG|0644, st_size=45992421, ...}, 0) = 0
1465  1784062707.543643 newfstatat(AT_FDCWD, "/product/overlay/GoogleConfigOverlay.apk", {st_mode=S_IFREG|0644, st_size=25070, ...}, 0) = 0
1465  1784062707.543674 newfstatat(AT_FDCWD, "/product/overlay/GoogleWebViewOverlay.apk", {st_mode=S_IFREG|0644, st_size=16815, ...}, 0) = 0
1465  1784062707.543682 newfstatat(AT_FDCWD, "/product/overlay/PixelConfigOverlayCommon.apk", {st_mode=S_IFREG|0644, st_size=52833, ...}, 0) = 0
1465  1784062707.543690 newfstatat(AT_FDCWD, "/product/overlay/EmulatorConfigOverlay.apk", {st_mode=S_IFREG|0644, st_size=16734, ...}, 0) = 0
1465  1784062707.543733 newfstatat(AT_FDCWD, "/data/app/au.com.wallaceit.reddinator-umtS6rv4qrpQAjIngbd5Xw==/base.apk", {st_mode=S_IFREG|0644, st_size=3367335, ...}, 0) = 0
1465  1784062707.543866 clone(child_stack=0x79942fed40, flags=CLONE_VM|CLONE_FS|CLONE_FILES|CLONE_SIGHAND|CLONE_THREAD|CLONE_SYSVSEM|CLONE_SETTLS|CLONE_PARENT_SETTID|CLONE_CHILD_CLEARTID, parent_tidptr=0x79942fed60, tls=0x79942ff020, child_tidptr=0x79942fed60) = 1635
1465  1784062707.544110 newfstatat(AT_FDCWD, "/system/framework/framework-res.apk", {st_mode=S_IFREG|0644, st_size=45992421, ...}, 0) = 0
1465  1784062707.544150 newfstatat(AT_FDCWD, "/product/overlay/GoogleConfigOverlay.apk", {st_mode=S_IFREG|0644, st_size=25070, ...}, 0) = 0
1465  1784062707.544163 newfstatat(AT_FDCWD, "/product/overlay/GoogleWebViewOverlay.apk", {st_mode=S_IFREG|0644, st_size=16815, ...}, 0) = 0
1465  1784062707.544170 newfstatat(AT_FDCWD, "/product/overlay/PixelConfigOverlayCommon.apk", {st_mode=S_IFREG|0644, st_size=52833, ...}, 0) = 0
1465  1784062707.544212 newfstatat(AT_FDCWD, "/product/overlay/EmulatorConfigOverlay.apk", {st_mode=S_IFREG|0644, st_size=16734, ...}, 0) = 0
1465  1784062707.544232 newfstatat(AT_FDCWD, "/data/app/au.com.wallaceit.reddinator-umtS6rv4qrpQAjIngbd5Xw==/base.apk", {st_mode=S_IFREG|0644, st_size=3367335, ...}, 0) = 0
1465  1784062707.544941 newfstatat(AT_FDCWD, "/system/framework/framework-res.apk", {st_mode=S_IFREG|0644, st_size=45992421, ...}, 0) = 0
1465  1784062707.544954 newfstatat(AT_FDCWD, "/product/overlay/GoogleConfigOverlay.apk", {st_mode=S_IFREG|0644, st_size=25070, ...}, 0) = 0
1465  1784062707.545099 newfstatat(AT_FDCWD, "/product/overlay/GoogleWebViewOverlay.apk", {st_mode=S_IFREG|0644, st_size=16815, ...}, 0) = 0
1465  1784062707.545107 newfstatat(AT_FDCWD, "/product/overlay/PixelConfigOverlayCommon.apk", {st_mode=S_IFREG|0644, st_size=52833, ...}, 0) = 0
1498  1784062707.545115 clone( <unfinished ...>
1465  1784062707.545126 newfstatat(AT_FDCWD, "/product/overlay/EmulatorConfigOverlay.apk", {st_mode=S_IFREG|0644, st_size=16734, ...}, 0) = 0
1465  1784062707.545134 newfstatat(AT_FDCWD, "/data/app/au.com.wallaceit.reddinator-umtS6rv4qrpQAjIngbd5Xw==/base.apk", {st_mode=S_IFREG|0644, st_size=3367335, ...}, 0) = 0
1498  1784062707.545471 <... clone resumed> child_stack=0x7994201d40, flags=CLONE_VM|CLONE_FS|CLONE_FILES|CLONE_SIGHAND|CLONE_THREAD|CLONE_SYSVSEM|CLONE_SETTLS|CLONE_PARENT_SETTID|CLONE_CHILD_CLEARTID, parent_tidptr=0x7994201d60, tls=0x7994202020, child_tidptr=0x7994201d60) = 1636
1635  1784062707.547433 exit(0)         = ?
1635  1784062707.547587 +++ exited with 0 +++
1636  1784062707.548646 exit(0)         = ?
1636  1784062707.548763 +++ exited with 0 +++
1465  1784062707.549862 faccessat(AT_FDCWD, "/data/user/0/au.com.wallaceit.reddinator", F_OK) = 0
1465  1784062707.549881 faccessat(AT_FDCWD, "/data/user/0/au.com.wallaceit.reddinator/shared_prefs", F_OK) = 0
1525  1784062707.551123 sendmsg(72, {msg_name=NULL, msg_namelen=0, msg_iov=[{iov_base="l\1\1\1\340\0\0\0L\0\0\0\235\0\0\0\1\1o\0;\0\0\0/re/frid"..., iov_len=400}], msg_iovlen=1, msg_controllen=0, msg_flags=0}, MSG_NOSIGNAL) = 400
1525  1784062707.557464 sendmsg(72, {msg_name=NULL, msg_namelen=0, msg_iov=[{iov_base="l\1\1\1\344\0\0\0M\0\0\0\235\0\0\0\1\1o\0;\0\0\0/re/frid"..., iov_len=404}], msg_iovlen=1, msg_controllen=0, msg_flags=0}, MSG_NOSIGNAL) = 404
1525  1784062707.558223 sendmsg(72, {msg_name=NULL, msg_namelen=0, msg_iov=[{iov_base="l\1\1\1\344\0\0\0N\0\0\0\235\0\0\0\1\1o\0;\0\0\0/re/frid"..., iov_len=404}], msg_iovlen=1, msg_controllen=0, msg_flags=0}, MSG_NOSIGNAL) = 404
1525  1784062707.558830 sendmsg(72, {msg_name=NULL, msg_namelen=0, msg_iov=[{iov_base="l\1\1\1\354\0\0\0O\0\0\0\235\0\0\0\1\1o\0;\0\0\0/re/frid"..., iov_len=412}], msg_iovlen=1, msg_controllen=0, msg_flags=0}, MSG_NOSIGNAL <unfinished ...>
1465  1784062707.558848 recvfrom(42, 0x7fc64fed60, 3200, MSG_DONTWAIT, NULL, NULL) = -1 EAGAIN (Try again)
1525  1784062707.558916 <... sendmsg resumed> ) = 412
1465  1784062707.568350 recvfrom(42, "nysv\0\0\0\0\0\0\0\0\0\0\0\0-<E]<\2\0\0%;\2\0\0\0\0\0", 3200, MSG_DONTWAIT, NULL, NULL) = 32
1465  1784062707.568429 recvfrom(42, 0x7fc64ff090, 3200, MSG_DONTWAIT, NULL, NULL) = -1 EAGAIN (Try again)
1465  1784062707.568598 recvfrom(63, 0x7a27ec7420, 2272, MSG_DONTWAIT, NULL, NULL) = -1 EAGAIN (Try again)
1465  1784062707.568681 recvfrom(42, 0x7fc64feaf0, 3200, MSG_DONTWAIT, NULL, NULL) = -1 EAGAIN (Try again)
1465  1784062707.644529 recvfrom(42, "nysv\0\0\0\0\0\0\0\0\0\0\0\0\222\337C^<\2\0\0&;\2\0\0\0\0\0", 3200, MSG_DONTWAIT, NULL, NULL) = 32
1465  1784062707.644557 recvfrom(42, 0x7fc64ff090, 3200, MSG_DONTWAIT, NULL, NULL) = -1 EAGAIN (Try again)
1465  1784062707.647042 recvfrom(63, 0x7a27ec7420, 2272, MSG_DONTWAIT, NULL, NULL) = -1 EAGAIN (Try again)
1465  1784062707.648322 recvfrom(42, 0x7fc64fe740, 3200, MSG_DONTWAIT, NULL, NULL) = -1 EAGAIN (Try again)
1465  1784062707.651796 recvfrom(42, "nysv\0\0\0\0\0\0\0\0\0\0\0\0f\244>b<\2\0\0*;\2\0\0\0\0\0", 3200, MSG_DONTWAIT, NULL, NULL) = 32
1465  1784062707.651810 recvfrom(42, 0x7fc64ff090, 3200, MSG_DONTWAIT, NULL, NULL) = -1 EAGAIN (Try again)
1465  1784062707.651925 recvfrom(63, 0x7a27ec7420, 2272, MSG_DONTWAIT, NULL, NULL) = -1 EAGAIN (Try again)
1465  1784062707.652069 recvfrom(42, 0x7fc64fd9f0, 3200, MSG_DONTWAIT, NULL, NULL) = -1 EAGAIN (Try again)
1465  1784062707.682693 recvfrom(42, "nysv\0\0\0\0\0\0\0\0\0\0\0\0U==c<\2\0\0+;\2\0\0\0\0\0", 3200, MSG_DONTWAIT, NULL, NULL) = 32
1465  1784062707.682735 recvfrom(42, 0x7fc64ff090, 3200, MSG_DONTWAIT, NULL, NULL) = -1 EAGAIN (Try again)
1465  1784062707.682770 recvfrom(42, 0x7fc64fed20, 3200, MSG_DONTWAIT, NULL, NULL) = -1 EAGAIN (Try again)
1465  1784062707.713604 recvfrom(42, "nysv\0\0\0\0\0\0\0\0\0\0\0\0\215\327;d<\2\0\0,;\2\0\0\0\0\0", 3200, MSG_DONTWAIT, NULL, NULL) = 32
1465  1784062707.713637 recvfrom(42, 0x7fc64ff090, 3200, MSG_DONTWAIT, NULL, NULL) = -1 EAGAIN (Try again)
1465  1784062707.713654 recvfrom(63, 0x7a27ec7420, 2272, MSG_DONTWAIT, NULL, NULL) = -1 EAGAIN (Try again)
1465  1784062708.052577 recvfrom(42, 0x7fc64ff0e0, 3200, MSG_DONTWAIT, NULL, NULL) = -1 EAGAIN (Try again)
1465  1784062708.068769 recvfrom(42, "nysv\0\0\0\0\0\0\0\0\0\0\0\0\353~\24{<\2\0\0C;\2\0\0\0\0\0", 3200, MSG_DONTWAIT, NULL, NULL) = 32
1465  1784062708.068804 recvfrom(42, 0x7fc64ff090, 3200, MSG_DONTWAIT, NULL, NULL) = -1 EAGAIN (Try again)
1465  1784062708.068822 recvfrom(45, 0x799266d820, 2272, MSG_DONTWAIT, NULL, NULL) = -1 EAGAIN (Try again)
1465  1784062708.078303 recvfrom(42, 0x7fc64fee10, 3200, MSG_DONTWAIT, NULL, NULL) = -1 EAGAIN (Try again)
1465  1784062708.078419 clone(child_stack=0x799429ed40, flags=CLONE_VM|CLONE_FS|CLONE_FILES|CLONE_SIGHAND|CLONE_THREAD|CLONE_SYSVSEM|CLONE_SETTLS|CLONE_PARENT_SETTID|CLONE_CHILD_CLEARTID, parent_tidptr=0x799429ed60, tls=0x799429f020, child_tidptr=0x799429ed60) = 1637
1465  1784062708.085091 recvfrom(42, "nysv\0\0\0\0\0\0\0\0\0\0\0\0N2\23|<\2\0\0D;\2\0\0\0\0\0", 3200, MSG_DONTWAIT, NULL, NULL) = 32
1465  1784062708.085111 recvfrom(42, 0x7fc64ff090, 3200, MSG_DONTWAIT, NULL, NULL) = -1 EAGAIN (Try again)
1465  1784062708.085161 recvfrom(45, 0x799266d820, 2272, MSG_DONTWAIT, NULL, NULL) = -1 EAGAIN (Try again)
1465  1784062708.769903 recvfrom(42, 0x7fc64feea0, 3200, MSG_DONTWAIT, NULL, NULL) = -1 EAGAIN (Try again)
1465  1784062708.787403 recvfrom(42, "nysv\0\0\0\0\0\0\0\0\0\0\0\0\373'\311\245<\2\0\0n;\2\0\0\0\0\0", 3200, MSG_DONTWAIT, NULL, NULL) = 32
1465  1784062708.787518 recvfrom(42, 0x7fc64ff090, 3200, MSG_DONTWAIT, NULL, NULL) = -1 EAGAIN (Try again)
1465  1784062708.787618 recvfrom(63, 0x7a27ec7420, 2272, MSG_DONTWAIT, NULL, NULL) = -1 EAGAIN (Try again)
1465  1784062708.788086 recvfrom(42, 0x7fc64fe1c0, 3200, MSG_DONTWAIT, NULL, NULL) = -1 EAGAIN (Try again)
1465  1784062708.802215 recvfrom(42, "nysv\0\0\0\0\0\0\0\0\0\0\0\0`\313\307\246<\2\0\0o;\2\0\0\0\0\0", 3200, MSG_DONTWAIT, NULL, NULL) = 32
1465  1784062708.802278 recvfrom(42, 0x7fc64ff090, 3200, MSG_DONTWAIT, NULL, NULL) = -1 EAGAIN (Try again)
1465  1784062708.802334 recvfrom(63, 0x7a27ec7420, 2272, MSG_DONTWAIT, NULL, NULL) = -1 EAGAIN (Try again)
1465  1784062708.802519 recvfrom(42, 0x7fc64fe1c0, 3200, MSG_DONTWAIT, NULL, NULL) = -1 EAGAIN (Try again)
1465  1784062708.818251 recvfrom(42, "nysv\0\0\0\0\0\0\0\0\0\0\0\0Qn\306\247<\2\0\0p;\2\0\0\0\0\0", 3200, MSG_DONTWAIT, NULL, NULL) = 32
1465  1784062708.818285 recvfrom(42, 0x7fc64ff090, 3200, MSG_DONTWAIT, NULL, NULL) = -1 EAGAIN (Try again)
1465  1784062708.818313 recvfrom(63, 0x7a27ec7420, 2272, MSG_DONTWAIT, NULL, NULL) = -1 EAGAIN (Try again)
1465  1784062708.818606 recvfrom(42, 0x7fc64fe1c0, 3200, MSG_DONTWAIT, NULL, NULL) = -1 EAGAIN (Try again)
1465  1784062708.834961 recvfrom(42, "nysv\0\0\0\0\0\0\0\0\0\0\0\0\316\17\305\250<\2\0\0q;\2\0\0\0\0\0", 3200, MSG_DONTWAIT, NULL, NULL) = 32
1465  1784062708.835108 recvfrom(42, 0x7fc64ff090, 3200, MSG_DONTWAIT, NULL, NULL) = -1 EAGAIN (Try again)
1465  1784062708.835142 recvfrom(63, 0x7a27ec7420, 2272, MSG_DONTWAIT, NULL, NULL) = -1 EAGAIN (Try again)
1465  1784062708.835244 recvfrom(42, 0x7fc64fe1c0, 3200, MSG_DONTWAIT, NULL, NULL) = -1 EAGAIN (Try again)
1465  1784062708.852217 recvfrom(42, "nysv\0\0\0\0\0\0\0\0\0\0\0\0\257\211\303\251<\2\0\0r;\2\0\0\0\0\0", 3200, MSG_DONTWAIT, NULL, NULL) = 32
1465  1784062708.852247 recvfrom(42, 0x7fc64ff090, 3200, MSG_DONTWAIT, NULL, NULL) = -1 EAGAIN (Try again)
1465  1784062708.852318 recvfrom(63, 0x7a27ec7420, 2272, MSG_DONTWAIT, NULL, NULL) = -1 EAGAIN (Try again)
1465  1784062708.852388 recvfrom(42, 0x7fc64fe1c0, 3200, MSG_DONTWAIT, NULL, NULL) = -1 EAGAIN (Try again)
1465  1784062708.869086 recvfrom(42, "nysv\0\0\0\0\0\0\0\0\0\0\0\0\7\363\301\252<\2\0\0s;\2\0\0\0\0\0", 3200, MSG_DONTWAIT, NULL, NULL) = 32
1465  1784062708.869114 recvfrom(42, 0x7fc64ff090, 3200, MSG_DONTWAIT, NULL, NULL) = -1 EAGAIN (Try again)
1465  1784062708.869143 recvfrom(63, 0x7a27ec7420, 2272, MSG_DONTWAIT, NULL, NULL) = -1 EAGAIN (Try again)
1465  1784062708.869524 recvfrom(42, 0x7fc64fe1c0, 3200, MSG_DONTWAIT, NULL, NULL) = -1 EAGAIN (Try again)
1465  1784062708.884944 recvfrom(42, "nysv\0\0\0\0\0\0\0\0\0\0\0\0\231\224\300\253<\2\0\0t;\2\0\0\0\0\0", 3200, MSG_DONTWAIT, NULL, NULL) = 32
1465  1784062708.884971 recvfrom(42, 0x7fc64ff090, 3200, MSG_DONTWAIT, NULL, NULL) = -1 EAGAIN (Try again)
1465  1784062708.884992 recvfrom(63, 0x7a27ec7420, 2272, MSG_DONTWAIT, NULL, NULL) = -1 EAGAIN (Try again)
1465  1784062708.885296 recvfrom(42, 0x7fc64fe1c0, 3200, MSG_DONTWAIT, NULL, NULL) = -1 EAGAIN (Try again)
1465  1784062708.903015 recvfrom(42, "nysv\0\0\0\0\0\0\0\0\0\0\0\0s\334\276\254<\2\0\0u;\2\0\0\0\0\0", 3200, MSG_DONTWAIT, NULL, NULL) = 32
1465  1784062708.903038 recvfrom(42, 0x7fc64ff090, 3200, MSG_DONTWAIT, NULL, NULL) = -1 EAGAIN (Try again)
1465  1784062708.903055 recvfrom(63, 0x7a27ec7420, 2272, MSG_DONTWAIT, NULL, NULL) = -1 EAGAIN (Try again)
1465  1784062708.903134 recvfrom(42, 0x7fc64fe1c0, 3200, MSG_DONTWAIT, NULL, NULL) = -1 EAGAIN (Try again)
1465  1784062708.919629 recvfrom(42, "nysv\0\0\0\0\0\0\0\0\0\0\0\0x'\275\255<\2\0\0v;\2\0\0\0\0\0", 3200, MSG_DONTWAIT, NULL, NULL) = 32
1465  1784062708.919675 recvfrom(42, 0x7fc64ff090, 3200, MSG_DONTWAIT, NULL, NULL) = -1 EAGAIN (Try again)
1465  1784062708.919706 recvfrom(63, 0x7a27ec7420, 2272, MSG_DONTWAIT, NULL, NULL) = -1 EAGAIN (Try again)
1465  1784062708.920249 recvfrom(42, 0x7fc64fe1c0, 3200, MSG_DONTWAIT, NULL, NULL) = -1 EAGAIN (Try again)
1465  1784062708.935188 recvfrom(42, "nysv\0\0\0\0\0\0\0\0\0\0\0\0\21|\273\256<\2\0\0w;\2\0\0\0\0\0", 3200, MSG_DONTWAIT, NULL, NULL) = 32
1465  1784062708.935208 recvfrom(42, 0x7fc64ff090, 3200, MSG_DONTWAIT, NULL, NULL) = -1 EAGAIN (Try again)
1465  1784062708.935226 recvfrom(63, 0x7a27ec7420, 2272, MSG_DONTWAIT, NULL, NULL) = -1 EAGAIN (Try again)
1465  1784062708.935294 recvfrom(42, 0x7fc64fe1c0, 3200, MSG_DONTWAIT, NULL, NULL) = -1 EAGAIN (Try again)
1465  1784062708.951539 recvfrom(42, "nysv\0\0\0\0\0\0\0\0\0\0\0\0\21\27\272\257<\2\0\0x;\2\0\0\0\0\0", 3200, MSG_DONTWAIT, NULL, NULL) = 32
1465  1784062708.951556 recvfrom(42, 0x7fc64ff090, 3200, MSG_DONTWAIT, NULL, NULL) = -1 EAGAIN (Try again)
1465  1784062708.951572 recvfrom(63, 0x7a27ec7420, 2272, MSG_DONTWAIT, NULL, NULL) = -1 EAGAIN (Try again)
1465  1784062708.951807 recvfrom(42, 0x7fc64fe1c0, 3200, MSG_DONTWAIT, NULL, NULL) = -1 EAGAIN (Try again)
1465  1784062708.971172 recvfrom(42, "nysv\0\0\0\0\0\0\0\0\0\0\0\0\32\1\270\260<\2\0\0y;\2\0\0\0\0\0", 3200, MSG_DONTWAIT, NULL, NULL) = 32
1465  1784062708.971192 recvfrom(42, 0x7fc64ff090, 3200, MSG_DONTWAIT, NULL, NULL) = -1 EAGAIN (Try again)
1465  1784062708.971212 recvfrom(63, 0x7a27ec7420, 2272, MSG_DONTWAIT, NULL, NULL) = -1 EAGAIN (Try again)
1465  1784062708.971348 recvfrom(42, 0x7fc64fe1c0, 3200, MSG_DONTWAIT, NULL, NULL) = -1 EAGAIN (Try again)
1465  1784062708.986064 recvfrom(42, "nysv\0\0\0\0\0\0\0\0\0\0\0\0\277^\266\261<\2\0\0z;\2\0\0\0\0\0", 3200, MSG_DONTWAIT, NULL, NULL) = 32
1465  1784062708.986084 recvfrom(42, 0x7fc64ff090, 3200, MSG_DONTWAIT, NULL, NULL) = -1 EAGAIN (Try again)
1465  1784062708.986103 recvfrom(63, 0x7a27ec7420, 2272, MSG_DONTWAIT, NULL, NULL) = -1 EAGAIN (Try again)
1465  1784062708.986238 recvfrom(42, 0x7fc64fe1c0, 3200, MSG_DONTWAIT, NULL, NULL) = -1 EAGAIN (Try again)
1465  1784062709.003375 recvfrom(42, "nysv\0\0\0\0\0\0\0\0\0\0\0\0`\224\264\262<\2\0\0{;\2\0\0\0\0\0", 3200, MSG_DONTWAIT, NULL, NULL) = 32
1465  1784062709.003395 recvfrom(42, 0x7fc64ff090, 3200, MSG_DONTWAIT, NULL, NULL) = -1 EAGAIN (Try again)
1465  1784062709.003414 recvfrom(63, 0x7a27ec7420, 2272, MSG_DONTWAIT, NULL, NULL) = -1 EAGAIN (Try again)
1465  1784062709.003587 recvfrom(42, 0x7fc64fe1c0, 3200, MSG_DONTWAIT, NULL, NULL) = -1 EAGAIN (Try again)
1465  1784062709.019341 recvfrom(42, "nysv\0\0\0\0\0\0\0\0\0\0\0\0\225\356\262\263<\2\0\0|;\2\0\0\0\0\0", 3200, MSG_DONTWAIT, NULL, NULL) = 32
1465  1784062709.019369 recvfrom(42, 0x7fc64ff090, 3200, MSG_DONTWAIT, NULL, NULL) = -1 EAGAIN (Try again)
1465  1784062709.019393 recvfrom(63, 0x7a27ec7420, 2272, MSG_DONTWAIT, NULL, NULL) = -1 EAGAIN (Try again)
1465  1784062709.019528 recvfrom(42, 0x7fc64fe1c0, 3200, MSG_DONTWAIT, NULL, NULL) = -1 EAGAIN (Try again)
1465  1784062709.034843 recvfrom(42, "nysv\0\0\0\0\0\0\0\0\0\0\0\0\210\213\261\264<\2\0\0};\2\0\0\0\0\0", 3200, MSG_DONTWAIT, NULL, NULL) = 32
1465  1784062709.034862 recvfrom(42, 0x7fc64ff090, 3200, MSG_DONTWAIT, NULL, NULL) = -1 EAGAIN (Try again)
1465  1784062709.034879 recvfrom(63, 0x7a27ec7420, 2272, MSG_DONTWAIT, NULL, NULL) = -1 EAGAIN (Try again)
1465  1784062709.035250 recvfrom(42, 0x7fc64fe1c0, 3200, MSG_DONTWAIT, NULL, NULL) = -1 EAGAIN (Try again)
1465  1784062709.052168 recvfrom(42, "nysv\0\0\0\0\0\0\0\0\0\0\0\0\10Z\260\265<\2\0\0~;\2\0\0\0\0\0", 3200, MSG_DONTWAIT, NULL, NULL) = 32
1465  1784062709.052197 recvfrom(42, 0x7fc64ff090, 3200, MSG_DONTWAIT, NULL, NULL) = -1 EAGAIN (Try again)
1465  1784062709.052302 recvfrom(63, 0x7a27ec7420, 2272, MSG_DONTWAIT, NULL, NULL) = -1 EAGAIN (Try again)
1465  1784062709.052357 recvfrom(42, 0x7fc64fe1c0, 3200, MSG_DONTWAIT, NULL, NULL) = -1 EAGAIN (Try again)
1465  1784062709.070714 recvfrom(42, "nysv\0\0\0\0\0\0\0\0\0\0\0\0A_\256\266<\2\0\0\177;\2\0\0\0\0\0", 3200, MSG_DONTWAIT, NULL, NULL) = 32
1465  1784062709.070744 recvfrom(42, 0x7fc64ff090, 3200, MSG_DONTWAIT, NULL, NULL) = -1 EAGAIN (Try again)
1465  1784062709.070764 recvfrom(63, 0x7a27ec7420, 2272, MSG_DONTWAIT, NULL, NULL) = -1 EAGAIN (Try again)
1465  1784062709.070820 recvfrom(42, 0x7fc64fe1c0, 3200, MSG_DONTWAIT, NULL, NULL) = -1 EAGAIN (Try again)
1465  1784062709.086454 recvfrom(42, "nysv\0\0\0\0\0\0\0\0\0\0\0\0Q\236\254\267<\2\0\0\200;\2\0\0\0\0\0", 3200, MSG_DONTWAIT, NULL, NULL) = 32
1465  1784062709.086600 recvfrom(42, 0x7fc64ff090, 3200, MSG_DONTWAIT, NULL, NULL) = -1 EAGAIN (Try again)
1465  1784062709.086618 recvfrom(63, 0x7a27ec7420, 2272, MSG_DONTWAIT, NULL, NULL) = -1 EAGAIN (Try again)
1465  1784062709.086671 recvfrom(42, 0x7fc64fe1c0, 3200, MSG_DONTWAIT, NULL, NULL) = -1 EAGAIN (Try again)
1465  1784062709.103328 recvfrom(42, "nysv\0\0\0\0\0\0\0\0\0\0\0\0\365\322\252\270<\2\0\0\201;\2\0\0\0\0\0", 3200, MSG_DONTWAIT, NULL, NULL) = 32
1465  1784062709.103350 recvfrom(42, 0x7fc64ff090, 3200, MSG_DONTWAIT, NULL, NULL) = -1 EAGAIN (Try again)
1465  1784062709.103570 recvfrom(63, 0x7a27ec7420, 2272, MSG_DONTWAIT, NULL, NULL) = -1 EAGAIN (Try again)
1465  1784062709.103645 recvfrom(42, 0x7fc64fe1c0, 3200, MSG_DONTWAIT, NULL, NULL) = -1 EAGAIN (Try again)
1465  1784062709.119305 recvfrom(42, "nysv\0\0\0\0\0\0\0\0\0\0\0\0\2428\251\271<\2\0\0\202;\2\0\0\0\0\0", 3200, MSG_DONTWAIT, NULL, NULL) = 32
1465  1784062709.119327 recvfrom(42, 0x7fc64ff090, 3200, MSG_DONTWAIT, NULL, NULL) = -1 EAGAIN (Try again)
1465  1784062709.119345 recvfrom(63, 0x7a27ec7420, 2272, MSG_DONTWAIT, NULL, NULL) = -1 EAGAIN (Try again)
1465  1784062709.119403 recvfrom(42, 0x7fc64fe1c0, 3200, MSG_DONTWAIT, NULL, NULL) = -1 EAGAIN (Try again)
1465  1784062709.136673 recvfrom(42, "nysv\0\0\0\0\0\0\0\0\0\0\0\0\224j\247\272<\2\0\0\203;\2\0\0\0\0\0", 3200, MSG_DONTWAIT, NULL, NULL) = 32
1465  1784062709.136942 recvfrom(42, 0x7fc64ff090, 3200, MSG_DONTWAIT, NULL, NULL) = -1 EAGAIN (Try again)
1465  1784062709.136966 recvfrom(63, 0x7a27ec7420, 2272, MSG_DONTWAIT, NULL, NULL) = -1 EAGAIN (Try again)
1465  1784062725.035768 recvfrom(63, "\2\0\0\0\0\0\0\0\342\5\0\0\0\0\0\0\0\212Qn@\2\0\0\1\0\0\0\2\20\0\0"..., 2272, MSG_DONTWAIT, NULL, NULL) = 232
1465  1784062725.036157 recvfrom(42, 0x7fc64fcf60, 3200, MSG_DONTWAIT, NULL, NULL) = -1 EAGAIN (Try again)
1465  1784062725.037251 sendto(63, "\3\0\0\0\0\0\0\0\342\5\0\0\1\0\0\0", 16, MSG_DONTWAIT|MSG_NOSIGNAL, NULL, 0) = 16
1465  1784062725.037422 recvfrom(63, 0x7a27ec7420, 2272, MSG_DONTWAIT, NULL, NULL) = -1 EAGAIN (Try again)
1465  1784062725.037940 recvfrom(63, "\2\0\0\0\0\0\0\0\344\5\0\0\0\0\0\0\0\212Qn@\2\0\0\1\0\0\0\2\20\0\0"..., 2272, MSG_DONTWAIT, NULL, NULL) = 232
1465  1784062725.037978 sendto(63, "\3\0\0\0\0\0\0\0\344\5\0\0\1\0\0\0", 16, MSG_DONTWAIT|MSG_NOSIGNAL, NULL, 0) = 16
1465  1784062725.037998 recvfrom(63, 0x7a27ec7420, 2272, MSG_DONTWAIT, NULL, NULL) = -1 EAGAIN (Try again)
1465  1784062725.051388 recvfrom(42, "nysv\0\0\0\0\0\0\0\0\0\0\0\0ij[o@\2\0\0005?\2\0\0\0\0\0", 3200, MSG_DONTWAIT, NULL, NULL) = 32
1465  1784062725.051405 recvfrom(42, 0x7fc64ff090, 3200, MSG_DONTWAIT, NULL, NULL) = -1 EAGAIN (Try again)
1465  1784062725.051428 recvfrom(63, 0x7a27ec7420, 2272, MSG_DONTWAIT, NULL, NULL) = -1 EAGAIN (Try again)
1465  1784062725.054497 recvfrom(42, 0x7fc64feb80, 3200, MSG_DONTWAIT, NULL, NULL) = -1 EAGAIN (Try again)
1465  1784062725.068628 recvfrom(42, "nysv\0\0\0\0\0\0\0\0\0\0\0\0\350\362Yp@\2\0\0006?\2\0\0\0\0\0", 3200, MSG_DONTWAIT, NULL, NULL) = 32
1465  1784062725.068650 recvfrom(42, 0x7fc64ff090, 3200, MSG_DONTWAIT, NULL, NULL) = -1 EAGAIN (Try again)
1465  1784062725.068668 recvfrom(63, 0x7a27ec7420, 2272, MSG_DONTWAIT, NULL, NULL) = -1 EAGAIN (Try again)
1465  1784062725.073657 recvfrom(42, 0x7fc64fe8a0, 3200, MSG_DONTWAIT, NULL, NULL) = -1 EAGAIN (Try again)
1465  1784062725.086092 recvfrom(42, "nysv\0\0\0\0\0\0\0\0\0\0\0\0\331IXq@\2\0\0007?\2\0\0\0\0\0", 3200, MSG_DONTWAIT, NULL, NULL) = 32
1465  1784062725.086210 recvfrom(42, 0x7fc64ff090, 3200, MSG_DONTWAIT, NULL, NULL) = -1 EAGAIN (Try again)
1465  1784062725.086233 recvfrom(63, 0x7a27ec7420, 2272, MSG_DONTWAIT, NULL, NULL) = -1 EAGAIN (Try again)
1465  1784062725.089123 newfstatat(AT_FDCWD, "/system/framework/framework-res.apk", {st_mode=S_IFREG|0644, st_size=45992421, ...}, 0) = 0
1465  1784062725.089154 newfstatat(AT_FDCWD, "/product/overlay/GoogleConfigOverlay.apk", {st_mode=S_IFREG|0644, st_size=25070, ...}, 0) = 0
1465  1784062725.089164 newfstatat(AT_FDCWD, "/product/overlay/GoogleWebViewOverlay.apk", {st_mode=S_IFREG|0644, st_size=16815, ...}, 0) = 0
1465  1784062725.089172 newfstatat(AT_FDCWD, "/product/overlay/PixelConfigOverlayCommon.apk", {st_mode=S_IFREG|0644, st_size=52833, ...}, 0) = 0
1465  1784062725.089179 newfstatat(AT_FDCWD, "/product/overlay/EmulatorConfigOverlay.apk", {st_mode=S_IFREG|0644, st_size=16734, ...}, 0) = 0
1465  1784062725.089186 newfstatat(AT_FDCWD, "/data/app/au.com.wallaceit.reddinator-umtS6rv4qrpQAjIngbd5Xw==/base.apk", {st_mode=S_IFREG|0644, st_size=3367335, ...}, 0) = 0
1465  1784062725.089240 clone(child_stack=0x7994165d40, flags=CLONE_VM|CLONE_FS|CLONE_FILES|CLONE_SIGHAND|CLONE_THREAD|CLONE_SYSVSEM|CLONE_SETTLS|CLONE_PARENT_SETTID|CLONE_CHILD_CLEARTID, parent_tidptr=0x7994165d60, tls=0x7994166020, child_tidptr=0x7994165d60) = 1683
1465  1784062725.090153 newfstatat(AT_FDCWD, "/system/framework/framework-res.apk", {st_mode=S_IFREG|0644, st_size=45992421, ...}, 0) = 0
1465  1784062725.090170 newfstatat(AT_FDCWD, "/product/overlay/GoogleConfigOverlay.apk", {st_mode=S_IFREG|0644, st_size=25070, ...}, 0) = 0
1465  1784062725.090203 newfstatat(AT_FDCWD, "/product/overlay/GoogleWebViewOverlay.apk", {st_mode=S_IFREG|0644, st_size=16815, ...}, 0) = 0
1465  1784062725.090210 newfstatat(AT_FDCWD, "/product/overlay/PixelConfigOverlayCommon.apk", {st_mode=S_IFREG|0644, st_size=52833, ...}, 0) = 0
1465  1784062725.090217 newfstatat(AT_FDCWD, "/product/overlay/EmulatorConfigOverlay.apk", {st_mode=S_IFREG|0644, st_size=16734, ...}, 0) = 0
1465  1784062725.090223 newfstatat(AT_FDCWD, "/data/app/au.com.wallaceit.reddinator-umtS6rv4qrpQAjIngbd5Xw==/base.apk", {st_mode=S_IFREG|0644, st_size=3367335, ...}, 0) = 0
1465  1784062725.090825 newfstatat(AT_FDCWD, "/system/framework/framework-res.apk", {st_mode=S_IFREG|0644, st_size=45992421, ...}, 0) = 0
1465  1784062725.090846 newfstatat(AT_FDCWD, "/product/overlay/GoogleConfigOverlay.apk", {st_mode=S_IFREG|0644, st_size=25070, ...}, 0) = 0
1465  1784062725.090855 newfstatat(AT_FDCWD, "/product/overlay/GoogleWebViewOverlay.apk", {st_mode=S_IFREG|0644, st_size=16815, ...}, 0) = 0
1465  1784062725.090920 newfstatat(AT_FDCWD, "/product/overlay/PixelConfigOverlayCommon.apk", {st_mode=S_IFREG|0644, st_size=52833, ...}, 0) = 0
1465  1784062725.090937 newfstatat(AT_FDCWD, "/product/overlay/EmulatorConfigOverlay.apk", {st_mode=S_IFREG|0644, st_size=16734, ...}, 0) = 0
1465  1784062725.090944 newfstatat(AT_FDCWD, "/data/app/au.com.wallaceit.reddinator-umtS6rv4qrpQAjIngbd5Xw==/base.apk", {st_mode=S_IFREG|0644, st_size=3367335, ...}, 0) = 0
1465  1784062725.091471 newfstatat(AT_FDCWD, "/system/framework/framework-res.apk", {st_mode=S_IFREG|0644, st_size=45992421, ...}, 0) = 0
1465  1784062725.091486 newfstatat(AT_FDCWD, "/product/overlay/GoogleConfigOverlay.apk", {st_mode=S_IFREG|0644, st_size=25070, ...}, 0) = 0
1465  1784062725.091504 newfstatat(AT_FDCWD, "/product/overlay/GoogleWebViewOverlay.apk", {st_mode=S_IFREG|0644, st_size=16815, ...}, 0) = 0
1465  1784062725.091513 newfstatat(AT_FDCWD, "/product/overlay/PixelConfigOverlayCommon.apk", {st_mode=S_IFREG|0644, st_size=52833, ...}, 0) = 0
1465  1784062725.091520 newfstatat(AT_FDCWD, "/product/overlay/EmulatorConfigOverlay.apk", {st_mode=S_IFREG|0644, st_size=16734, ...}, 0) = 0
1465  1784062725.091526 newfstatat(AT_FDCWD, "/data/app/au.com.wallaceit.reddinator-umtS6rv4qrpQAjIngbd5Xw==/base.apk", {st_mode=S_IFREG|0644, st_size=3367335, ...}, 0) = 0
1683  1784062725.094033 exit(0)         = ?
1683  1784062725.094342 +++ exited with 0 +++
1465  1784062725.095198 clone(child_stack=0x7994165d40, flags=CLONE_VM|CLONE_FS|CLONE_FILES|CLONE_SIGHAND|CLONE_THREAD|CLONE_SYSVSEM|CLONE_SETTLS|CLONE_PARENT_SETTID|CLONE_CHILD_CLEARTID, parent_tidptr=0x7994165d60, tls=0x7994166020, child_tidptr=0x7994165d60) = 1684
1525  1784062725.101153 sendmsg(72, {msg_name=NULL, msg_namelen=0, msg_iov=[{iov_base="l\1\1\1\344\0\0\0P\0\0\0\235\0\0\0\1\1o\0;\0\0\0/re/frid"..., iov_len=404}], msg_iovlen=1, msg_controllen=0, msg_flags=0}, MSG_NOSIGNAL) = 404
1498  1784062725.102266 clone( <unfinished ...>
1525  1784062725.102393 sendmsg(72, {msg_name=NULL, msg_namelen=0, msg_iov=[{iov_base="l\1\1\1\344\0\0\0Q\0\0\0\235\0\0\0\1\1o\0;\0\0\0/re/frid"..., iov_len=404}], msg_iovlen=1, msg_controllen=0, msg_flags=0}, MSG_NOSIGNAL) = 404
1498  1784062725.103611 <... clone resumed> child_stack=0x799405cd40, flags=CLONE_VM|CLONE_FS|CLONE_FILES|CLONE_SIGHAND|CLONE_THREAD|CLONE_SYSVSEM|CLONE_SETTLS|CLONE_PARENT_SETTID|CLONE_CHILD_CLEARTID, parent_tidptr=0x799405cd60, tls=0x799405d020, child_tidptr=0x799405cd60) = 1685
1465  1784062725.106475 recvfrom(42, 0x7fc64fed60, 3200, MSG_DONTWAIT, NULL, NULL) = -1 EAGAIN (Try again)
1685  1784062725.108264 exit(0)         = ?
1685  1784062725.108482 +++ exited with 0 +++
1465  1784062725.119442 recvfrom(42, "nysv\0\0\0\0\0\0\0\0\0\0\0\0>AUs@\2\0\09?\2\0\0\0\0\0", 3200, MSG_DONTWAIT, NULL, NULL) = 32
1465  1784062725.119485 recvfrom(42, 0x7fc64ff090, 3200, MSG_DONTWAIT, NULL, NULL) = -1 EAGAIN (Try again)
1465  1784062725.119501 recvfrom(65, 0x793af05020, 2272, MSG_DONTWAIT, NULL, NULL) = -1 EAGAIN (Try again)
1465  1784062725.120046 recvfrom(42, 0x7fc64feaf0, 3200, MSG_DONTWAIT, NULL, NULL) = -1 EAGAIN (Try again)
1501  1784062725.125413 clone(child_stack=0x799402cd40, flags=CLONE_VM|CLONE_FS|CLONE_FILES|CLONE_SIGHAND|CLONE_THREAD|CLONE_SYSVSEM|CLONE_SETTLS|CLONE_PARENT_SETTID|CLONE_CHILD_CLEARTID, parent_tidptr=0x799402cd60, tls=0x799402d020, child_tidptr=0x799402cd60) = 1686
1686  1784062725.129241 openat(AT_FDCWD, "/proc/1686/timerslack_ns", O_WRONLY|O_CREAT|O_TRUNC|O_NOFOLLOW|O_CLOEXEC, 0666) = 78
1495  1784062725.129658 openat(AT_FDCWD, "/data/misc/profiles/cur/0/au.com.wallaceit.reddinator/primary.prof", O_RDWR|O_NOFOLLOW|O_CLOEXEC) = 78
1495  1784062725.130697 newfstatat(AT_FDCWD, "/data/misc/profiles/cur/0/au.com.wallaceit.reddinator/primary.prof", {st_mode=S_IFREG|0600, st_size=1678, ...}, 0) = 0
1465  1784062725.211520 recvfrom(42, "nysv\0\0\0\0\0\0\0\0\0\0\0\0Y\336St@\2\0\0:?\2\0\0\0\0\0", 3200, MSG_DONTWAIT, NULL, NULL) = 32
1465  1784062725.211547 recvfrom(42, 0x7fc64ff090, 3200, MSG_DONTWAIT, NULL, NULL) = -1 EAGAIN (Try again)
1465  1784062725.214078 recvfrom(65, 0x793af05020, 2272, MSG_DONTWAIT, NULL, NULL) = -1 EAGAIN (Try again)
1465  1784062725.215489 recvfrom(42, 0x7fc64ff0e0, 3200, MSG_DONTWAIT, NULL, NULL) = -1 EAGAIN (Try again)
1465  1784062725.219472 recvfrom(42, "nysv\0\0\0\0\0\0\0\0\0\0\0\0fsMy@\2\0\0??\2\0\0\0\0\0", 3200, MSG_DONTWAIT, NULL, NULL) = 32
1465  1784062725.219489 recvfrom(42, 0x7fc64ff090, 3200, MSG_DONTWAIT, NULL, NULL) = -1 EAGAIN (Try again)
1465  1784062725.219506 recvfrom(65, 0x793af05020, 2272, MSG_DONTWAIT, NULL, NULL) = -1 EAGAIN (Try again)
1465  1784062725.625105 recvfrom(42, 0x7fc64ff0e0, 3200, MSG_DONTWAIT, NULL, NULL) = -1 EAGAIN (Try again)
1465  1784062725.636942 recvfrom(42, "nysv\0\0\0\0\0\0\0\0\0\0\0\0\365\256\"\222@\2\0\0X?\2\0\0\0\0\0", 3200, MSG_DONTWAIT, NULL, NULL) = 32
1465  1784062725.636968 recvfrom(42, 0x7fc64ff090, 3200, MSG_DONTWAIT, NULL, NULL) = -1 EAGAIN (Try again)
1465  1784062725.637323 recvfrom(63, 0x7a27ec7420, 2272, MSG_DONTWAIT, NULL, NULL) = -1 EAGAIN (Try again)
1465  1784062725.645622 recvfrom(42, 0x7fc64fee10, 3200, MSG_DONTWAIT, NULL, NULL) = -1 EAGAIN (Try again)
1465  1784062725.652169 recvfrom(42, "nysv\0\0\0\0\0\0\0\0\0\0\0\0+5!\223@\2\0\0Y?\2\0\0\0\0\0", 3200, MSG_DONTWAIT, NULL, NULL) = 32
1465  1784062725.652189 recvfrom(42, 0x7fc64ff090, 3200, MSG_DONTWAIT, NULL, NULL) = -1 EAGAIN (Try again)
1465  1784062725.652206 recvfrom(63, 0x7a27ec7420, 2272, MSG_DONTWAIT, NULL, NULL) = -1 EAGAIN (Try again)
1465  1784062726.319828 recvfrom(42, 0x7fc64feea0, 3200, MSG_DONTWAIT, NULL, NULL) = -1 EAGAIN (Try again)
1465  1784062726.335300 recvfrom(42, "nysv\0\0\0\0\0\0\0\0\0\0\0\0~1\331\273@\2\0\0\202?\2\0\0\0\0\0", 3200, MSG_DONTWAIT, NULL, NULL) = 32
1465  1784062726.335356 recvfrom(42, 0x7fc64ff090, 3200, MSG_DONTWAIT, NULL, NULL) = -1 EAGAIN (Try again)
1465  1784062726.335403 recvfrom(65, 0x793af05020, 2272, MSG_DONTWAIT, NULL, NULL) = -1 EAGAIN (Try again)
1465  1784062726.335551 recvfrom(42, 0x7fc64fe1d0, 3200, MSG_DONTWAIT, NULL, NULL) = -1 EAGAIN (Try again)
1465  1784062726.351863 recvfrom(42, "nysv\0\0\0\0\0\0\0\0\0\0\0\0\2\315\327\274@\2\0\0\203?\2\0\0\0\0\0", 3200, MSG_DONTWAIT, NULL, NULL) = 32
1465  1784062726.351887 recvfrom(42, 0x7fc64ff090, 3200, MSG_DONTWAIT, NULL, NULL) = -1 EAGAIN (Try again)
1465  1784062726.351911 recvfrom(65, 0x793af05020, 2272, MSG_DONTWAIT, NULL, NULL) = -1 EAGAIN (Try again)
1465  1784062726.352000 recvfrom(42, 0x7fc64fe1d0, 3200, MSG_DONTWAIT, NULL, NULL) = -1 EAGAIN (Try again)
1465  1784062726.368196 recvfrom(42, "nysv\0\0\0\0\0\0\0\0\0\0\0\0\276p\326\275@\2\0\0\204?\2\0\0\0\0\0", 3200, MSG_DONTWAIT, NULL, NULL) = 32
1465  1784062726.368241 recvfrom(42, 0x7fc64ff090, 3200, MSG_DONTWAIT, NULL, NULL) = -1 EAGAIN (Try again)
1465  1784062726.368268 recvfrom(65, 0x793af05020, 2272, MSG_DONTWAIT, NULL, NULL) = -1 EAGAIN (Try again)
1465  1784062726.368349 recvfrom(42, 0x7fc64fe1d0, 3200, MSG_DONTWAIT, NULL, NULL) = -1 EAGAIN (Try again)
1465  1784062726.386170 recvfrom(42, "nysv\0\0\0\0\0\0\0\0\0\0\0\0?\321\324\276@\2\0\0\205?\2\0\0\0\0\0", 3200, MSG_DONTWAIT, NULL, NULL) = 32
1465  1784062726.386199 recvfrom(42, 0x7fc64ff090, 3200, MSG_DONTWAIT, NULL, NULL) = -1 EAGAIN (Try again)
1465  1784062726.386280 recvfrom(65, 0x793af05020, 2272, MSG_DONTWAIT, NULL, NULL) = -1 EAGAIN (Try again)
1465  1784062726.386596 recvfrom(42, 0x7fc64fe1d0, 3200, MSG_DONTWAIT, NULL, NULL) = -1 EAGAIN (Try again)
1465  1784062726.403069 recvfrom(42, "nysv\0\0\0\0\0\0\0\0\0\0\0\0\313\23\323\277@\2\0\0\206?\2\0\0\0\0\0", 3200, MSG_DONTWAIT, NULL, NULL) = 32
1465  1784062726.403093 recvfrom(42, 0x7fc64ff090, 3200, MSG_DONTWAIT, NULL, NULL) = -1 EAGAIN (Try again)
1465  1784062726.403119 recvfrom(65, 0x793af05020, 2272, MSG_DONTWAIT, NULL, NULL) = -1 EAGAIN (Try again)
1465  1784062726.403165 recvfrom(42, 0x7fc64fe1d0, 3200, MSG_DONTWAIT, NULL, NULL) = -1 EAGAIN (Try again)
1465  1784062726.419934 recvfrom(42, "nysv\0\0\0\0\0\0\0\0\0\0\0\0\365c\321\300@\2\0\0\207?\2\0\0\0\0\0", 3200, MSG_DONTWAIT, NULL, NULL) = 32
1465  1784062726.420068 recvfrom(42, 0x7fc64ff090, 3200, MSG_DONTWAIT, NULL, NULL) = -1 EAGAIN (Try again)
1465  1784062726.420127 recvfrom(65, 0x793af05020, 2272, MSG_DONTWAIT, NULL, NULL) = -1 EAGAIN (Try again)
1465  1784062726.420164 recvfrom(42, 0x7fc64fe1d0, 3200, MSG_DONTWAIT, NULL, NULL) = -1 EAGAIN (Try again)
1465  1784062726.435311 recvfrom(42, "nysv\0\0\0\0\0\0\0\0\0\0\0\0\37\264\317\301@\2\0\0\210?\2\0\0\0\0\0", 3200, MSG_DONTWAIT, NULL, NULL) = 32
1465  1784062726.435327 recvfrom(42, 0x7fc64ff090, 3200, MSG_DONTWAIT, NULL, NULL) = -1 EAGAIN (Try again)
1465  1784062726.435346 recvfrom(65, 0x793af05020, 2272, MSG_DONTWAIT, NULL, NULL) = -1 EAGAIN (Try again)
1465  1784062726.435382 recvfrom(42, 0x7fc64fe1d0, 3200, MSG_DONTWAIT, NULL, NULL) = -1 EAGAIN (Try again)
1465  1784062726.452135 recvfrom(42, "nysv\0\0\0\0\0\0\0\0\0\0\0\00004\316\302@\2\0\0\211?\2\0\0\0\0\0", 3200, MSG_DONTWAIT, NULL, NULL) = 32
1465  1784062726.452156 recvfrom(42, 0x7fc64ff090, 3200, MSG_DONTWAIT, NULL, NULL) = -1 EAGAIN (Try again)
1465  1784062726.452179 recvfrom(65, 0x793af05020, 2272, MSG_DONTWAIT, NULL, NULL) = -1 EAGAIN (Try again)
1465  1784062726.452341 recvfrom(42, 0x7fc64fe1d0, 3200, MSG_DONTWAIT, NULL, NULL) = -1 EAGAIN (Try again)
1465  1784062726.468764 recvfrom(42, "nysv\0\0\0\0\0\0\0\0\0\0\0\0\241\2\315\303@\2\0\0\212?\2\0\0\0\0\0", 3200, MSG_DONTWAIT, NULL, NULL) = 32
1465  1784062726.468787 recvfrom(42, 0x7fc64ff090, 3200, MSG_DONTWAIT, NULL, NULL) = -1 EAGAIN (Try again)
1465  1784062726.468810 recvfrom(65, 0x793af05020, 2272, MSG_DONTWAIT, NULL, NULL) = -1 EAGAIN (Try again)
1465  1784062726.468882 recvfrom(42, 0x7fc64fe1d0, 3200, MSG_DONTWAIT, NULL, NULL) = -1 EAGAIN (Try again)
1465  1784062726.485862 recvfrom(42, "nysv\0\0\0\0\0\0\0\0\0\0\0\0nj\313\304@\2\0\0\213?\2\0\0\0\0\0", 3200, MSG_DONTWAIT, NULL, NULL) = 32
1465  1784062726.485880 recvfrom(42, 0x7fc64ff090, 3200, MSG_DONTWAIT, NULL, NULL) = -1 EAGAIN (Try again)
1465  1784062726.485896 recvfrom(65, 0x793af05020, 2272, MSG_DONTWAIT, NULL, NULL) = -1 EAGAIN (Try again)
1465  1784062726.485934 recvfrom(42, 0x7fc64fe1d0, 3200, MSG_DONTWAIT, NULL, NULL) = -1 EAGAIN (Try again)
1465  1784062726.503137 recvfrom(42, "nysv\0\0\0\0\0\0\0\0\0\0\0\0;\254\311\305@\2\0\0\214?\2\0\0\0\0\0", 3200, MSG_DONTWAIT, NULL, NULL) = 32
1465  1784062726.503156 recvfrom(42, 0x7fc64ff090, 3200, MSG_DONTWAIT, NULL, NULL) = -1 EAGAIN (Try again)
1465  1784062726.503175 recvfrom(65, 0x793af05020, 2272, MSG_DONTWAIT, NULL, NULL) = -1 EAGAIN (Try again)
1465  1784062726.503217 recvfrom(42, 0x7fc64fe1d0, 3200, MSG_DONTWAIT, NULL, NULL) = -1 EAGAIN (Try again)
1465  1784062726.520210 recvfrom(42, "nysv\0\0\0\0\0\0\0\0\0\0\0\0\2\315\307\306@\2\0\0\215?\2\0\0\0\0\0", 3200, MSG_DONTWAIT, NULL, NULL) = 32
1465  1784062726.520319 recvfrom(42, 0x7fc64ff090, 3200, MSG_DONTWAIT, NULL, NULL) = -1 EAGAIN (Try again)
1465  1784062726.520342 recvfrom(65, 0x793af05020, 2272, MSG_DONTWAIT, NULL, NULL) = -1 EAGAIN (Try again)
1465  1784062726.520384 recvfrom(42, 0x7fc64fe1d0, 3200, MSG_DONTWAIT, NULL, NULL) = -1 EAGAIN (Try again)
1465  1784062726.535154 recvfrom(42, "nysv\0\0\0\0\0\0\0\0\0\0\0\0\230_\306\307@\2\0\0\216?\2\0\0\0\0\0", 3200, MSG_DONTWAIT, NULL, NULL) = 32
1465  1784062726.535174 recvfrom(42, 0x7fc64ff090, 3200, MSG_DONTWAIT, NULL, NULL) = -1 EAGAIN (Try again)
1465  1784062726.535192 recvfrom(65, 0x793af05020, 2272, MSG_DONTWAIT, NULL, NULL) = -1 EAGAIN (Try again)
1465  1784062726.535300 recvfrom(42, 0x7fc64fe1d0, 3200, MSG_DONTWAIT, NULL, NULL) = -1 EAGAIN (Try again)
1465  1784062726.552010 recvfrom(42, "nysv\0\0\0\0\0\0\0\0\0\0\0\0\302\257\304\310@\2\0\0\217?\2\0\0\0\0\0", 3200, MSG_DONTWAIT, NULL, NULL) = 32
1465  1784062726.552026 recvfrom(42, 0x7fc64ff090, 3200, MSG_DONTWAIT, NULL, NULL) = -1 EAGAIN (Try again)
1465  1784062726.552042 recvfrom(65, 0x793af05020, 2272, MSG_DONTWAIT, NULL, NULL) = -1 EAGAIN (Try again)
1465  1784062726.552087 recvfrom(42, 0x7fc64fe1d0, 3200, MSG_DONTWAIT, NULL, NULL) = -1 EAGAIN (Try again)
1465  1784062726.568616 recvfrom(42, "nysv\0\0\0\0\0\0\0\0\0\0\0\0\218\303\311@\2\0\0\220?\2\0\0\0\0\0", 3200, MSG_DONTWAIT, NULL, NULL) = 32
1465  1784062726.568633 recvfrom(42, 0x7fc64ff090, 3200, MSG_DONTWAIT, NULL, NULL) = -1 EAGAIN (Try again)
1465  1784062726.568648 recvfrom(65, 0x793af05020, 2272, MSG_DONTWAIT, NULL, NULL) = -1 EAGAIN (Try again)
1465  1784062726.568682 recvfrom(42, 0x7fc64fe1d0, 3200, MSG_DONTWAIT, NULL, NULL) = -1 EAGAIN (Try again)
1465  1784062726.585216 recvfrom(42, "nysv\0\0\0\0\0\0\0\0\0\0\0\0e\372\301\312@\2\0\0\221?\2\0\0\0\0\0", 3200, MSG_DONTWAIT, NULL, NULL) = 32
1465  1784062726.585245 recvfrom(42, 0x7fc64ff090, 3200, MSG_DONTWAIT, NULL, NULL) = -1 EAGAIN (Try again)
1465  1784062726.585264 recvfrom(65, 0x793af05020, 2272, MSG_DONTWAIT, NULL, NULL) = -1 EAGAIN (Try again)
1465  1784062726.585302 recvfrom(42, 0x7fc64fe1d0, 3200, MSG_DONTWAIT, NULL, NULL) = -1 EAGAIN (Try again)
1465  1784062726.603015 recvfrom(42, "nysv\0\0\0\0\0\0\0\0\0\0\0\0\233=\300\313@\2\0\0\222?\2\0\0\0\0\0", 3200, MSG_DONTWAIT, NULL, NULL) = 32
1465  1784062726.603031 recvfrom(42, 0x7fc64ff090, 3200, MSG_DONTWAIT, NULL, NULL) = -1 EAGAIN (Try again)
1465  1784062726.603046 recvfrom(65, 0x793af05020, 2272, MSG_DONTWAIT, NULL, NULL) = -1 EAGAIN (Try again)
1686  1784062728.147074 exit(0)         = ?
1686  1784062728.147370 +++ exited with 0 +++
1522  1784062728.197585 faccessat(AT_FDCWD, "/proc/self/task/1686", F_OK) = -1 ENOENT (No such file or directory)
