19035 1784058271.162145 recvfrom(43, 0x7fc50e6bd0, 3200, MSG_DONTWAIT, NULL, NULL) = -1 EAGAIN (Try again)
19035 1784058271.172263 recvfrom(43, "nysv\0\0\0\0\0\0\0\0\0\0\0\0M\331z\2658\1\0\0\2447\1\0\0\0\0\0", 3200, MSG_DONTWAIT, NULL, NULL) = 32
19035 1784058271.172728 recvfrom(43, 0x7fc50e81b0, 3200, MSG_DONTWAIT, NULL, NULL) = -1 EAGAIN (Try again)
19035 1784058271.173341 recvfrom(45, 0x74ef3b7c20, 2272, MSG_DONTWAIT, NULL, NULL) = -1 EAGAIN (Try again)
19042 1784058272.614349 exit(0)         = ?
19042 1784058272.614414 +++ exited with 0 +++
19044 1784058272.616862 exit(0)         = ?
19044 1784058272.617187 +++ exited with 0 +++
19040 1784058272.617465 exit(0)         = ?
19043 1784058272.617730 exit(0 <unfinished ...>
19040 1784058272.617820 +++ exited with 0 +++
19043 1784058272.618001 <... exit resumed>) = ?
19043 1784058272.618221 +++ exited with 0 +++
19055 1784058272.620905 newfstatat(AT_FDCWD, "/data", {st_mode=S_IFDIR|0771, st_size=4096, ...}, AT_SYMLINK_NOFOLLOW) = 0
19055 1784058272.621371 newfstatat(AT_FDCWD, "/data/app", {st_mode=S_IFDIR|0771, st_size=4096, ...}, AT_SYMLINK_NOFOLLOW) = 0
19055 1784058272.621939 newfstatat(AT_FDCWD, "/data/app/at.manuelbichler.octalsuntime-KdhKLHP73UULEpC4UvQqDw==", {st_mode=S_IFDIR|0775, st_size=4096, ...}, AT_SYMLINK_NOFOLLOW) = 0
19055 1784058272.622425 newfstatat(AT_FDCWD, "/data/app/at.manuelbichler.octalsuntime-KdhKLHP73UULEpC4UvQqDw==/base.apk", {st_mode=S_IFREG|0644, st_size=4615159, ...}, AT_SYMLINK_NOFOLLOW) = 0
19055 1784058272.622799 getcwd("/", 4096) = 2
19055 1784058272.623110 newfstatat(AT_FDCWD, "/base.apk", 0x745efb0690, AT_SYMLINK_NOFOLLOW) = -1 ENOENT (No such file or directory)
19035 1784058273.803047 recvfrom(43, 0x7fc50e6bd0, 3200, MSG_DONTWAIT, NULL, NULL) = -1 EAGAIN (Try again)
19035 1784058273.806238 recvfrom(43, "nysv\0\0\0\0\0\0\0\0\0\0\0\0:\20qR9\1\0\0B8\1\0\0\0\0\0", 3200, MSG_DONTWAIT, NULL, NULL) = 32
19035 1784058273.806588 recvfrom(43, 0x7fc50e81b0, 3200, MSG_DONTWAIT, NULL, NULL) = -1 EAGAIN (Try again)
19035 1784058273.806880 recvfrom(45, 0x74ef3b7c20, 2272, MSG_DONTWAIT, NULL, NULL) = -1 EAGAIN (Try again)
19035 1784058276.437643 recvfrom(43, 0x7fc50e6bd0, 3200, MSG_DONTWAIT, NULL, NULL) = -1 EAGAIN (Try again)
19035 1784058276.458310 recvfrom(43, "nysv\0\0\0\0\0\0\0\0\0\0\0\0\273\340c\3609\1\0\0\3418\1\0\0\0\0\0", 3200, MSG_DONTWAIT, NULL, NULL) = 32
19035 1784058276.458661 recvfrom(43, 0x7fc50e81b0, 3200, MSG_DONTWAIT, NULL, NULL) = -1 EAGAIN (Try again)
19035 1784058276.459295 recvfrom(45, 0x74ef3b7c20, 2272, MSG_DONTWAIT, NULL, NULL) = -1 EAGAIN (Try again)
19035 1784058279.071300 recvfrom(43, 0x7fc50e6bd0, 3200, MSG_DONTWAIT, NULL, NULL) = -1 EAGAIN (Try again)
19035 1784058279.090287 recvfrom(43, "nysv\0\0\0\0\0\0\0\0\0\0\0\0\360\312Y\215:\1\0\0|9\1\0\0\0\0\0", 3200, MSG_DONTWAIT, NULL, NULL) = 32
19035 1784058279.090943 recvfrom(43, 0x7fc50e81b0, 3200, MSG_DONTWAIT, NULL, NULL) = -1 EAGAIN (Try again)
19035 1784058279.091511 recvfrom(45, 0x74ef3b7c20, 2272, MSG_DONTWAIT, NULL, NULL) = -1 EAGAIN (Try again)
19035 1784058281.710726 recvfrom(43, 0x7fc50e6bd0, 3200, MSG_DONTWAIT, NULL, NULL) = -1 EAGAIN (Try again)
19035 1784058281.725194 recvfrom(43, "nysv\0\0\0\0\0\0\0\0\0\0\0\0\223\324N*;\1\0\0\31:\1\0\0\0\0\0", 3200, MSG_DONTWAIT, NULL, NULL) = 32
19035 1784058281.725494 recvfrom(43, 0x7fc50e81b0, 3200, MSG_DONTWAIT, NULL, NULL) = -1 EAGAIN (Try again)
19035 1784058281.726067 recvfrom(45, 0x74ef3b7c20, 2272, MSG_DONTWAIT, NULL, NULL) = -1 EAGAIN (Try again)
19035 1784058282.333665 recvfrom(45, "\2\0\0\0\0\0\0\0Q\3\0\0\0\0\0\0\0w\301N;\1\0\0\1\0\0\0\2\20\0\0"..., 2272, MSG_DONTWAIT, NULL, NULL) = 232
19035 1784058282.334957 sendto(45, "\3\0\0\0\0\0\0\0Q\3\0\0\1\0\0\0", 16, MSG_DONTWAIT|MSG_NOSIGNAL, NULL, 0) = 16
19035 1784058282.335155 recvfrom(45, "\2\0\0\0\0\0\0\0S\3\0\0\0\0\0\0\0w\301N;\1\0\0\1\0\0\0\2\20\0\0"..., 2272, MSG_DONTWAIT, NULL, NULL) = 232
19035 1784058282.335414 recvfrom(43, 0x7fc50e4e30, 3200, MSG_DONTWAIT, NULL, NULL) = -1 EAGAIN (Try again)
19035 1784058282.335985 sendto(45, "\3\0\0\0\0\0\0\0S\3\0\0\1\0\0\0", 16, MSG_DONTWAIT|MSG_NOSIGNAL, NULL, 0) = 16
19035 1784058282.336197 recvfrom(45, 0x74ef3b7c20, 2272, MSG_DONTWAIT, NULL, NULL) = -1 EAGAIN (Try again)
19035 1784058282.338214 recvfrom(43, "nysv\0\0\0\0\0\0\0\0\0\0\0\0\325\352\20O;\1\0\0>:\1\0\0\0\0\0", 3200, MSG_DONTWAIT, NULL, NULL) = 32
19035 1784058282.338614 recvfrom(43, 0x7fc50e81b0, 3200, MSG_DONTWAIT, NULL, NULL) = -1 EAGAIN (Try again)
19035 1784058282.339128 recvfrom(45, 0x74ef3b7c20, 2272, MSG_DONTWAIT, NULL, NULL) = -1 EAGAIN (Try again)
19035 1784058282.339273 recvfrom(43, 0x7fc50e8110, 3200, MSG_DONTWAIT, NULL, NULL) = -1 EAGAIN (Try again)
19056 1784058282.343974 recvfrom(40, 0x745ededeb0, 3200, MSG_DONTWAIT, NULL, NULL) = -1 EAGAIN (Try again)
19035 1784058282.344911 socket(AF_UNIX, SOCK_DGRAM|SOCK_CLOEXEC|SOCK_NONBLOCK, 0) = 64
19035 1784058282.345089 setsockopt(64, SOL_SOCKET, SO_SNDBUF, [1048576], 4) = 0
19035 1784058282.345248 connect(64, {sa_family=AF_UNIX, sun_path="/dev/socket/statsdw"}, 110) = 0
19056 1784058282.354856 recvfrom(40, "nysv\0\0\0\0\0\0\0\0\0\0\0\0w\213\17P;\1\0\0?:\1\0\0\0\0\0", 3200, MSG_DONTWAIT, NULL, NULL) = 32
19056 1784058282.354876 recvfrom(40, 0x745ededc80, 3200, MSG_DONTWAIT, NULL, NULL) = -1 EAGAIN (Try again)
19035 1784058282.357911 recvfrom(43,  <unfinished ...>
19056 1784058282.364505 recvfrom(40, 0x745ededeb0, 3200, MSG_DONTWAIT, NULL, NULL) = -1 EAGAIN (Try again)
19035 1784058282.364561 <... recvfrom resumed> "nysv\0\0\0\0\0\0\0\0\0\0\0\0w\213\17P;\1\0\0?:\1\0\0\0\0\0", 3200, MSG_DONTWAIT, NULL, NULL) = 32
19035 1784058282.364850 recvfrom(43, 0x7fc50e81b0, 3200, MSG_DONTWAIT, NULL, NULL) = -1 EAGAIN (Try again)
19053 1784058282.365322 clone(child_stack=0x745aaabd40, flags=CLONE_VM|CLONE_FS|CLONE_FILES|CLONE_SIGHAND|CLONE_THREAD|CLONE_SYSVSEM|CLONE_SETTLS|CLONE_PARENT_SETTID|CLONE_CHILD_CLEARTID, parent_tidptr=0x745aaabd60, tls=0x745aaac020, child_tidptr=0x745aaabd60) = 19134
19035 1784058282.366383 recvfrom(43, 0x7fc50e8110, 3200, MSG_DONTWAIT, NULL, NULL) = -1 EAGAIN (Try again)
19134 1784058282.367579 openat(AT_FDCWD, "/proc/19134/timerslack_ns", O_WRONLY|O_CREAT|O_TRUNC|O_NOFOLLOW|O_CLOEXEC, 0666 <unfinished ...>
19035 1784058282.367599 newfstatat(AT_FDCWD, "/system/framework/framework-res.apk",  <unfinished ...>
19134 1784058282.367696 <... openat resumed> ) = 67
19035 1784058282.367707 <... newfstatat resumed> {st_mode=S_IFREG|0644, st_size=45992421, ...}, 0) = 0
19035 1784058282.367840 newfstatat(AT_FDCWD, "/product/overlay/GoogleConfigOverlay.apk", {st_mode=S_IFREG|0644, st_size=25070, ...}, 0) = 0
19035 1784058282.368088 newfstatat(AT_FDCWD, "/product/overlay/GoogleWebViewOverlay.apk", {st_mode=S_IFREG|0644, st_size=16815, ...}, 0) = 0
19035 1784058282.368343 newfstatat(AT_FDCWD, "/product/overlay/PixelConfigOverlayCommon.apk", {st_mode=S_IFREG|0644, st_size=52833, ...}, 0) = 0
19035 1784058282.368560 newfstatat(AT_FDCWD, "/product/overlay/EmulatorConfigOverlay.apk", {st_mode=S_IFREG|0644, st_size=16734, ...}, 0) = 0
19035 1784058282.368903 newfstatat(AT_FDCWD, "/data/app/at.manuelbichler.octalsuntime-KdhKLHP73UULEpC4UvQqDw==/base.apk", {st_mode=S_IFREG|0644, st_size=4615159, ...}, 0) = 0
19056 1784058282.369455 clone(child_stack=0x745a9aed40, flags=CLONE_VM|CLONE_FS|CLONE_FILES|CLONE_SIGHAND|CLONE_THREAD|CLONE_SYSVSEM|CLONE_SETTLS|CLONE_PARENT_SETTID|CLONE_CHILD_CLEARTID, parent_tidptr=0x745a9aed60, tls=0x745a9af020, child_tidptr=0x745a9aed60) = 19135
19035 1784058282.370971 clone(child_stack=0x745a8b1d40, flags=CLONE_VM|CLONE_FS|CLONE_FILES|CLONE_SIGHAND|CLONE_THREAD|CLONE_SYSVSEM|CLONE_SETTLS|CLONE_PARENT_SETTID|CLONE_CHILD_CLEARTID, parent_tidptr=0x745a8b1d60, tls=0x745a8b2020, child_tidptr=0x745a8b1d60) = 19136
19056 1784058282.371520 recvfrom(40, "nysv\0\0\0\0\0\0\0\0\0\0\0\0\f.\16Q;\1\0\0@:\1\0\0\0\0\0", 3200, MSG_DONTWAIT, NULL, NULL) = 32
19056 1784058282.371532 recvfrom(40, 0x745ededc80, 3200, MSG_DONTWAIT, NULL, NULL) = -1 EAGAIN (Try again)
19035 1784058282.373766 newfstatat(AT_FDCWD, "/system/framework/framework-res.apk", {st_mode=S_IFREG|0644, st_size=45992421, ...}, 0) = 0
19035 1784058282.374415 newfstatat(AT_FDCWD, "/product/overlay/GoogleConfigOverlay.apk",  <unfinished ...>
19135 1784058282.375298 exit(0)         = ?
19135 1784058282.375614 +++ exited with 0 +++
19136 1784058282.376643 exit(0)         = ?
19136 1784058282.376975 +++ exited with 0 +++
19056 1784058282.379518 recvfrom(40, 0x745ededeb0, 3200, MSG_DONTWAIT, NULL, NULL) = -1 EAGAIN (Try again)
19035 1784058282.379530 <... newfstatat resumed> {st_mode=S_IFREG|0644, st_size=25070, ...}, 0) = 0
19035 1784058282.379614 newfstatat(AT_FDCWD, "/product/overlay/GoogleWebViewOverlay.apk", {st_mode=S_IFREG|0644, st_size=16815, ...}, 0) = 0
19035 1784058282.379756 newfstatat(AT_FDCWD, "/product/overlay/PixelConfigOverlayCommon.apk", {st_mode=S_IFREG|0644, st_size=52833, ...}, 0) = 0
19035 1784058282.379906 newfstatat(AT_FDCWD, "/product/overlay/EmulatorConfigOverlay.apk", {st_mode=S_IFREG|0644, st_size=16734, ...}, 0) = 0
19035 1784058282.380060 newfstatat(AT_FDCWD, "/data/app/at.manuelbichler.octalsuntime-KdhKLHP73UULEpC4UvQqDw==/base.apk", {st_mode=S_IFREG|0644, st_size=4615159, ...}, 0) = 0
19035 1784058282.381474 --- SIGSEGV {si_signo=SIGSEGV, si_code=SEGV_MAPERR, si_addr=NULL} ---
19035 1784058282.385167 newfstatat(AT_FDCWD, "/system/framework/framework-res.apk", {st_mode=S_IFREG|0644, st_size=45992421, ...}, 0) = 0
19035 1784058282.385319 newfstatat(AT_FDCWD, "/product/overlay/GoogleConfigOverlay.apk", {st_mode=S_IFREG|0644, st_size=25070, ...}, 0) = 0
19035 1784058282.385470 newfstatat(AT_FDCWD, "/product/overlay/GoogleWebViewOverlay.apk", {st_mode=S_IFREG|0644, st_size=16815, ...}, 0) = 0
19035 1784058282.385625 newfstatat(AT_FDCWD, "/product/overlay/PixelConfigOverlayCommon.apk", {st_mode=S_IFREG|0644, st_size=52833, ...}, 0) = 0
19035 1784058282.385769 newfstatat(AT_FDCWD, "/product/overlay/EmulatorConfigOverlay.apk", {st_mode=S_IFREG|0644, st_size=16734, ...}, 0) = 0
19035 1784058282.385917 newfstatat(AT_FDCWD, "/data/app/at.manuelbichler.octalsuntime-KdhKLHP73UULEpC4UvQqDw==/base.apk", {st_mode=S_IFREG|0644, st_size=4615159, ...}, 0) = 0
19056 1784058282.388194 recvfrom(40, "nysv\0\0\0\0\0\0\0\0\0\0\0\0\323\320\fR;\1\0\0A:\1\0\0\0\0\0", 3200, MSG_DONTWAIT, NULL, NULL) = 32
19056 1784058282.388210 recvfrom(40, 0x745ededc80, 3200, MSG_DONTWAIT, NULL, NULL) = -1 EAGAIN (Try again)
19056 1784058282.396252 recvfrom(40, 0x745ededeb0, 3200, MSG_DONTWAIT, NULL, NULL) = -1 EAGAIN (Try again)
19056 1784058282.404878 recvfrom(40, "nysv\0\0\0\0\0\0\0\0\0\0\0\0rq\vS;\1\0\0B:\1\0\0\0\0\0", 3200, MSG_DONTWAIT, NULL, NULL) = 32
19056 1784058282.404899 recvfrom(40, 0x745ededc80, 3200, MSG_DONTWAIT, NULL, NULL) = -1 EAGAIN (Try again)
19056 1784058282.412923 recvfrom(40, 0x745ededeb0, 3200, MSG_DONTWAIT, NULL, NULL) = -1 EAGAIN (Try again)
19070 1784058282.418572 sendmsg(65, {msg_name=NULL, msg_namelen=0, msg_iov=[{iov_base="l\1\1\1\24\1\0\0L\0\0\0\235\0\0\0\1\1o\0;\0\0\0/re/frid"..., iov_len=452}], msg_iovlen=1, msg_controllen=0, msg_flags=0}, MSG_NOSIGNAL) = 452
19056 1784058282.421603 recvfrom(40, "nysv\0\0\0\0\0\0\0\0\0\0\0\0\26\v\nT;\1\0\0C:\1\0\0\0\0\0", 3200, MSG_DONTWAIT, NULL, NULL) = 32
19056 1784058282.421620 recvfrom(40, 0x745ededc80, 3200, MSG_DONTWAIT, NULL, NULL) = -1 EAGAIN (Try again)
19056 1784058282.430108 recvfrom(40, 0x745ededeb0, 3200, MSG_DONTWAIT, NULL, NULL) = -1 EAGAIN (Try again)
19035 1784058282.431590 openat(AT_FDCWD, "/sys/devices/system/cpu", O_RDONLY|O_CLOEXEC|O_DIRECTORY) = 67
19070 1784058282.437974 sendmsg(65, {msg_name=NULL, msg_namelen=0, msg_iov=[{iov_base="l\1\1\1\374\0\0\0M\0\0\0\235\0\0\0\1\1o\0;\0\0\0/re/frid"..., iov_len=428}], msg_iovlen=1, msg_controllen=0, msg_flags=0}, MSG_NOSIGNAL) = 428
19056 1784058282.438247 recvfrom(40, "nysv\0\0\0\0\0\0\0\0\0\0\0\0\6\246\10U;\1\0\0D:\1\0\0\0\0\0", 3200, MSG_DONTWAIT, NULL, NULL) = 32
19056 1784058282.438689 recvfrom(40, 0x745ededc80, 3200, MSG_DONTWAIT, NULL, NULL) = -1 EAGAIN (Try again)
19056 1784058282.446378 recvfrom(40, 0x745ededeb0, 3200, MSG_DONTWAIT, NULL, NULL) = -1 EAGAIN (Try again)
19070 1784058282.452103 sendmsg(65, {msg_name=NULL, msg_namelen=0, msg_iov=[{iov_base="l\1\1\1\374\0\0\0N\0\0\0\235\0\0\0\1\1o\0;\0\0\0/re/frid"..., iov_len=428}], msg_iovlen=1, msg_controllen=0, msg_flags=0}, MSG_NOSIGNAL) = 428
19056 1784058282.454924 recvfrom(40, "nysv\0\0\0\0\0\0\0\0\0\0\0\0gC\7V;\1\0\0E:\1\0\0\0\0\0", 3200, MSG_DONTWAIT, NULL, NULL) = 32
19056 1784058282.454942 recvfrom(40, 0x745ededc80, 3200, MSG_DONTWAIT, NULL, NULL) = -1 EAGAIN (Try again)
19056 1784058282.463541 recvfrom(40, 0x745ededeb0, 3200, MSG_DONTWAIT, NULL, NULL) = -1 EAGAIN (Try again)
19035 1784058282.464372 clone(child_stack=0x745a95ed40, flags=CLONE_VM|CLONE_FS|CLONE_FILES|CLONE_SIGHAND|CLONE_THREAD|CLONE_SYSVSEM|CLONE_SETTLS|CLONE_PARENT_SETTID|CLONE_CHILD_CLEARTID, parent_tidptr=0x745a95ed60, tls=0x745a95f020, child_tidptr=0x745a95ed60) = 19137
19137 1784058282.467643 faccessat(AT_FDCWD, "/data/user/0/at.manuelbichler.octalsuntime", F_OK) = 0
19137 1784058282.467799 faccessat(AT_FDCWD, "/data/user/0/at.manuelbichler.octalsuntime/databases", F_OK) = 0
19137 1784058282.469760 newfstatat(AT_FDCWD, "/data/user/0/at.manuelbichler.octalsuntime/databases/app_database", {st_mode=S_IFREG|0660, st_size=4096, ...}, AT_SYMLINK_NOFOLLOW) = 0
19137 1784058282.469991 openat(AT_FDCWD, "/data/user/0/at.manuelbichler.octalsuntime/databases/app_database", O_RDWR|O_CREAT|O_LARGEFILE|O_CLOEXEC, 0600) = 67
19137 1784058282.470649 newfstatat(AT_FDCWD, "/data/user/0/at.manuelbichler.octalsuntime/databases/app_database", {st_mode=S_IFREG|0660, st_size=4096, ...}, 0) = 0
19035 1784058282.470778 recvfrom(43, "nysv\0\0\0\0\0\0\0\0\0\0\0\0\f.\16Q;\1\0\0@:\1\0\0\0\0\0", 3200, MSG_DONTWAIT, NULL, NULL) = 32
19035 1784058282.470990 recvfrom(43, 0x7fc50e81b0, 3200, MSG_DONTWAIT, NULL, NULL) = -1 EAGAIN (Try again)
19056 1784058282.471371 recvfrom(40, 0x745ededeb0, 3200, MSG_DONTWAIT, NULL, NULL) = -1 EAGAIN (Try again)
19056 1784058282.471666 recvfrom(40, "nysv\0\0\0\0\0\0\0\0\0\0\0\0\341&\6W;\1\0\0F:\1\0\0\0\0\0", 3200, MSG_DONTWAIT, NULL, NULL) = 32
19056 1784058282.471678 recvfrom(40, 0x745ededc80, 3200, MSG_DONTWAIT, NULL, NULL) = -1 EAGAIN (Try again)
19137 1784058282.473253 statfs("/data", {f_type=EXT2_SUPER_MAGIC, f_bsize=4096, f_blocks=1523600, f_bfree=1029424, f_bavail=1025328, f_files=393216, f_ffree=376181, f_fsid={val=[3546324968, 77008235]}, f_namelen=255, f_frsize=4096, f_flags=ST_VALID|ST_NOSUID|ST_NODEV|ST_NOATIME}) = 0
19035 1784058282.474547 recvfrom(68,  <unfinished ...>
19137 1784058282.474700 newfstatat(AT_FDCWD, "/data/user/0/at.manuelbichler.octalsuntime/databases/app_database-journal",  <unfinished ...>
19035 1784058282.474723 <... recvfrom resumed> 0x74ef3b8820, 2272, MSG_DONTWAIT, NULL, NULL) = -1 EAGAIN (Try again)
19137 1784058282.474854 <... newfstatat resumed> 0x745a95b238, 0) = -1 ENOENT (No such file or directory)
19137 1784058282.474913 newfstatat(AT_FDCWD, "/data/user/0/at.manuelbichler.octalsuntime/databases/app_database-wal", {st_mode=S_IFREG|0600, st_size=41232, ...}, 0) = 0
19137 1784058282.475182 newfstatat(AT_FDCWD, "/data/user/0/at.manuelbichler.octalsuntime/databases/app_database", {st_mode=S_IFREG|0660, st_size=4096, ...}, 0) = 0
19137 1784058282.475296 openat(AT_FDCWD, "/data/user/0/at.manuelbichler.octalsuntime/databases/app_database-wal", O_RDWR|O_CREAT|O_LARGEFILE|O_CLOEXEC, 0660) = 69
19137 1784058282.475955 openat(AT_FDCWD, "/data/user/0/at.manuelbichler.octalsuntime/databases/app_database-shm", O_RDWR|O_CREAT|O_CLOEXEC, 0660) = 70
19035 1784058282.479473 recvfrom(45,  <unfinished ...>
19056 1784058282.479725 recvfrom(40, 0x745ededeb0, 3200, MSG_DONTWAIT, NULL, NULL) = -1 EAGAIN (Try again)
19035 1784058282.479735 <... recvfrom resumed> 0x74ef3b7c20, 2272, MSG_DONTWAIT, NULL, NULL) = -1 EAGAIN (Try again)
19035 1784058282.479892 recvfrom(43, 0x7fc50e8110, 3200, MSG_DONTWAIT, NULL, NULL) = -1 EAGAIN (Try again)
19137 1784058282.484448 newfstatat(AT_FDCWD, "/data/user/0/at.manuelbichler.octalsuntime/databases/app_database-wal", {st_mode=S_IFREG|0600, st_size=41232, ...}, 0) = 0
19137 1784058282.485229 newfstatat(AT_FDCWD, "/data/user/0/at.manuelbichler.octalsuntime/databases/app_database-wal", {st_mode=S_IFREG|0600, st_size=41232, ...}, 0) = 0
19137 1784058282.487622 fchmodat(AT_FDCWD, "/data/user/0/at.manuelbichler.octalsuntime/databases/app_database", 0660) = 0
19137 1784058282.488490 newfstatat(AT_FDCWD, "/data/user/0/at.manuelbichler.octalsuntime/databases/app_database", {st_mode=S_IFREG|0660, st_size=4096, ...}, AT_SYMLINK_NOFOLLOW) = 0
19137 1784058282.489530 openat(AT_FDCWD, "/data/user/0/at.manuelbichler.octalsuntime/databases/app_database", O_RDWR|O_CREAT|O_LARGEFILE|O_CLOEXEC, 0600) = 71
19137 1784058282.492364 newfstatat(AT_FDCWD, "/data/user/0/at.manuelbichler.octalsuntime/databases/app_database", {st_mode=S_IFREG|0660, st_size=4096, ...}, 0) = 0
19137 1784058282.493332 newfstatat(AT_FDCWD, "/data/user/0/at.manuelbichler.octalsuntime/databases/app_database-journal", 0x745a95b118, 0) = -1 ENOENT (No such file or directory)
19137 1784058282.493506 newfstatat(AT_FDCWD, "/data/user/0/at.manuelbichler.octalsuntime/databases/app_database-wal", {st_mode=S_IFREG|0600, st_size=41232, ...}, 0) = 0
19137 1784058282.493817 newfstatat(AT_FDCWD, "/data/user/0/at.manuelbichler.octalsuntime/databases/app_database", {st_mode=S_IFREG|0660, st_size=4096, ...}, 0) = 0
19137 1784058282.493942 openat(AT_FDCWD, "/data/user/0/at.manuelbichler.octalsuntime/databases/app_database-wal", O_RDWR|O_CREAT|O_LARGEFILE|O_CLOEXEC, 0660) = 72
19137 1784058282.495007 newfstatat(AT_FDCWD, "/data/user/0/at.manuelbichler.octalsuntime/databases/app_database-wal", {st_mode=S_IFREG|0600, st_size=41232, ...}, 0) = 0
19137 1784058282.495160 newfstatat(AT_FDCWD, "/data/user/0/at.manuelbichler.octalsuntime/databases/app_database-wal", {st_mode=S_IFREG|0600, st_size=41232, ...}, 0) = 0
19056 1784058282.501179 recvfrom(40, "nysv\0\0\0\0\0\0\0\0\0\0\0\0\316\275\4X;\1\0\0G:\1\0\0\0\0\0", 3200, MSG_DONTWAIT, NULL, NULL) = 32
19056 1784058282.501206 recvfrom(40, 0x745ededc80, 3200, MSG_DONTWAIT, NULL, NULL) = -1 EAGAIN (Try again)
19070 1784058282.503705 sendmsg(65, {msg_name=NULL, msg_namelen=0, msg_iov=[{iov_base="l\1\1\1\360\0\0\0O\0\0\0\235\0\0\0\1\1o\0;\0\0\0/re/frid"..., iov_len=416}], msg_iovlen=1, msg_controllen=0, msg_flags=0}, MSG_NOSIGNAL) = 416
19056 1784058282.505630 recvfrom(40, "nysv\0\0\0\0\0\0\0\0\0\0\0\0\225\237\3Y;\1\0\0H:\1\0\0\0\0\0", 3200, MSG_DONTWAIT, NULL, NULL) = 32
19056 1784058282.505645 recvfrom(40, 0x745ededeb0, 3200, MSG_DONTWAIT, NULL, NULL) = -1 EAGAIN (Try again)
19070 1784058282.509705 sendmsg(65, {msg_name=NULL, msg_namelen=0, msg_iov=[{iov_base="l\1\1\1\364\0\0\0P\0\0\0\235\0\0\0\1\1o\0;\0\0\0/re/frid"..., iov_len=420}], msg_iovlen=1, msg_controllen=0, msg_flags=0}, MSG_NOSIGNAL) = 420
19070 1784058282.512168 sendmsg(65, {msg_name=NULL, msg_namelen=0, msg_iov=[{iov_base="l\1\1\1H\1\0\0Q\0\0\0\235\0\0\0\1\1o\0;\0\0\0/re/frid"..., iov_len=504}], msg_iovlen=1, msg_controllen=0, msg_flags=0}, MSG_NOSIGNAL) = 504
19137 1784058282.513184 openat(AT_FDCWD, "/dev/urandom", O_RDONLY|O_CLOEXEC) = 73
19035 1784058282.514546 recvfrom(43, "nysv\0\0\0\0\0\0\0\0\0\0\0\0\316\275\4X;\1\0\0G:\1\0\0\0\0\0", 3200, MSG_DONTWAIT, NULL, NULL) = 32
19137 1784058282.514814 newfstatat(AT_FDCWD, "/data/user/0/at.manuelbichler.octalsuntime/databases/app_database",  <unfinished ...>
19035 1784058282.514828 recvfrom(43,  <unfinished ...>
19137 1784058282.514928 <... newfstatat resumed> {st_mode=S_IFREG|0660, st_size=4096, ...}, 0) = 0
19035 1784058282.514943 <... recvfrom resumed> 0x7fc50e81b0, 3200, MSG_DONTWAIT, NULL, NULL) = -1 EAGAIN (Try again)
19070 1784058282.518449 sendmsg(65, {msg_name=NULL, msg_namelen=0, msg_iov=[{iov_base="l\1\1\1\24\1\0\0R\0\0\0\235\0\0\0\1\1o\0;\0\0\0/re/frid"..., iov_len=452}], msg_iovlen=1, msg_controllen=0, msg_flags=0}, MSG_NOSIGNAL) = 452
19070 1784058282.520705 sendmsg(65, {msg_name=NULL, msg_namelen=0, msg_iov=[{iov_base="l\1\1\1\234\1\0\0S\0\0\0\235\0\0\0\1\1o\0;\0\0\0/re/frid"..., iov_len=588}], msg_iovlen=1, msg_controllen=0, msg_flags=0}, MSG_NOSIGNAL) = 588
19056 1784058282.522968 recvfrom(40, "nysv\0\0\0\0\0\0\0\0\0\0\0\0\2424\2Z;\1\0\0I:\1\0\0\0\0\0", 3200, MSG_DONTWAIT, NULL, NULL) = 32
19056 1784058282.523001 recvfrom(40, 0x745ededc80, 3200, MSG_DONTWAIT, NULL, NULL) = -1 EAGAIN (Try again)
19056 1784058282.523051 recvfrom(40, 0x745ededeb0, 3200, MSG_DONTWAIT, NULL, NULL) = -1 EAGAIN (Try again)
19070 1784058282.524392 sendmsg(65, {msg_name=NULL, msg_namelen=0, msg_iov=[{iov_base="l\1\1\1\234\1\0\0T\0\0\0\235\0\0\0\1\1o\0;\0\0\0/re/frid"..., iov_len=588}], msg_iovlen=1, msg_controllen=0, msg_flags=0}, MSG_NOSIGNAL) = 588
19070 1784058282.528421 sendmsg(65, {msg_name=NULL, msg_namelen=0, msg_iov=[{iov_base="l\1\1\1\234\1\0\0U\0\0\0\235\0\0\0\1\1o\0;\0\0\0/re/frid"..., iov_len=588}], msg_iovlen=1, msg_controllen=0, msg_flags=0}, MSG_NOSIGNAL) = 588
19035 1784058282.529152 recvfrom(68, 0x74ef3b8820, 2272, MSG_DONTWAIT, NULL, NULL) = -1 EAGAIN (Try again)
19035 1784058282.529342 recvfrom(43, 0x7fc50e8110, 3200, MSG_DONTWAIT, NULL, NULL) = -1 EAGAIN (Try again)
19137 1784058282.529807 newfstatat(AT_FDCWD, "/data/user/0/at.manuelbichler.octalsuntime/databases/app_database", {st_mode=S_IFREG|0660, st_size=4096, ...}, AT_SYMLINK_NOFOLLOW) = 0
19137 1784058282.530041 newfstatat(AT_FDCWD, "/data/user/0/at.manuelbichler.octalsuntime/databases/app_database", {st_mode=S_IFREG|0660, st_size=4096, ...}, 0) = 0
19137 1784058282.530428 newfstatat(AT_FDCWD, "/data/user/0/at.manuelbichler.octalsuntime/databases/app_database", {st_mode=S_IFREG|0660, st_size=4096, ...}, 0) = 0
19137 1784058282.531233 newfstatat(AT_FDCWD, "/data/user/0/at.manuelbichler.octalsuntime/databases/app_database-journal", 0x745a95b238, 0) = -1 ENOENT (No such file or directory)
19137 1784058282.531352 newfstatat(AT_FDCWD, "/data/user/0/at.manuelbichler.octalsuntime/databases/app_database-wal", {st_mode=S_IFREG|0600, st_size=41232, ...}, 0) = 0
19137 1784058282.531585 newfstatat(AT_FDCWD, "/data/user/0/at.manuelbichler.octalsuntime/databases/app_database", {st_mode=S_IFREG|0660, st_size=4096, ...}, 0) = 0
19137 1784058282.531712 openat(AT_FDCWD, "/data/user/0/at.manuelbichler.octalsuntime/databases/app_database-wal", O_RDWR|O_CREAT|O_LARGEFILE|O_CLOEXEC, 0660) = 50
19137 1784058282.533662 newfstatat(AT_FDCWD, "/data/user/0/at.manuelbichler.octalsuntime/databases/app_database-wal", {st_mode=S_IFREG|0600, st_size=41232, ...}, 0) = 0
19137 1784058282.533866 newfstatat(AT_FDCWD, "/data/user/0/at.manuelbichler.octalsuntime/databases/app_database-wal", {st_mode=S_IFREG|0600, st_size=41232, ...}, 0) = 0
19056 1784058282.538516 recvfrom(40, "nysv\0\0\0\0\0\0\0\0\0\0\0\0\211\310\0[;\1\0\0J:\1\0\0\0\0\0", 3200, MSG_DONTWAIT, NULL, NULL) = 32
19056 1784058282.538532 recvfrom(40, 0x745ededc80, 3200, MSG_DONTWAIT, NULL, NULL) = -1 EAGAIN (Try again)
19035 1784058282.539043 recvfrom(43, "nysv\0\0\0\0\0\0\0\0\0\0\0\0\211\310\0[;\1\0\0J:\1\0\0\0\0\0", 3200, MSG_DONTWAIT, NULL, NULL) = 32
19035 1784058282.539358 recvfrom(43, 0x7fc50e81b0, 3200, MSG_DONTWAIT, NULL, NULL) = -1 EAGAIN (Try again)
19035 1784058282.541186 recvfrom(68, 0x74ef3b8820, 2272, MSG_DONTWAIT, NULL, NULL) = -1 EAGAIN (Try again)
19035 1784058282.541398 recvfrom(43, 0x7fc50e8110, 3200, MSG_DONTWAIT, NULL, NULL) = -1 EAGAIN (Try again)
19056 1784058282.547029 recvfrom(40, 0x745ededeb0, 3200, MSG_DONTWAIT, NULL, NULL) = -1 EAGAIN (Try again)
19056 1784058282.557946 recvfrom(40, "nysv\0\0\0\0\0\0\0\0\0\0\0\0\316\256\376[;\1\0\0K:\1\0\0\0\0\0", 3200, MSG_DONTWAIT, NULL, NULL) = 32
19056 1784058282.558063 recvfrom(40, 0x745ededc80, 3200, MSG_DONTWAIT, NULL, NULL) = -1 EAGAIN (Try again)
19035 1784058282.566302 recvfrom(43,  <unfinished ...>
19056 1784058282.566467 recvfrom(40, 0x745ededeb0, 3200, MSG_DONTWAIT, NULL, NULL) = -1 EAGAIN (Try again)
19035 1784058282.566477 <... recvfrom resumed> "nysv\0\0\0\0\0\0\0\0\0\0\0\0\316\256\376[;\1\0\0K:\1\0\0\0\0\0", 3200, MSG_DONTWAIT, NULL, NULL) = 32
19035 1784058282.566568 recvfrom(43, 0x7fc50e81b0, 3200, MSG_DONTWAIT, NULL, NULL) = -1 EAGAIN (Try again)
19035 1784058282.566867 recvfrom(43, 0x7fc50e8110, 3200, MSG_DONTWAIT, NULL, NULL) = -1 EAGAIN (Try again)
19056 1784058282.572891 recvfrom(40, "nysv\0\0\0\0\0\0\0\0\0\0\0\0\304\374\374\\;\1\0\0L:\1\0\0\0\0\0", 3200, MSG_DONTWAIT, NULL, NULL) = 32
19056 1784058282.572977 recvfrom(40, 0x745ededc80, 3200, MSG_DONTWAIT, NULL, NULL) = -1 EAGAIN (Try again)
19035 1784058282.573446 recvfrom(43, "nysv\0\0\0\0\0\0\0\0\0\0\0\0\304\374\374\\;\1\0\0L:\1\0\0\0\0\0", 3200, MSG_DONTWAIT, NULL, NULL) = 32
19035 1784058282.573686 recvfrom(43, 0x7fc50e81b0, 3200, MSG_DONTWAIT, NULL, NULL) = -1 EAGAIN (Try again)
19035 1784058282.574116 recvfrom(43, 0x7fc50e8110, 3200, MSG_DONTWAIT, NULL, NULL) = -1 EAGAIN (Try again)
19056 1784058282.581531 recvfrom(40, 0x745ededeb0, 3200, MSG_DONTWAIT, NULL, NULL) = -1 EAGAIN (Try again)
19056 1784058282.589730 recvfrom(40, "nysv\0\0\0\0\0\0\0\0\0\0\0\0\212D\373];\1\0\0M:\1\0\0\0\0\0", 3200, MSG_DONTWAIT, NULL, NULL) = 32
19056 1784058282.589748 recvfrom(40, 0x745ededc80, 3200, MSG_DONTWAIT, NULL, NULL) = -1 EAGAIN (Try again)
19035 1784058282.590086 recvfrom(43, "nysv\0\0\0\0\0\0\0\0\0\0\0\0\212D\373];\1\0\0M:\1\0\0\0\0\0", 3200, MSG_DONTWAIT, NULL, NULL) = 32
19035 1784058282.590396 recvfrom(43, 0x7fc50e81b0, 3200, MSG_DONTWAIT, NULL, NULL) = -1 EAGAIN (Try again)
19035 1784058282.590794 recvfrom(43, 0x7fc50e8110, 3200, MSG_DONTWAIT, NULL, NULL) = -1 EAGAIN (Try again)
19056 1784058282.601548 recvfrom(40, 0x745ededeb0, 3200, MSG_DONTWAIT, NULL, NULL) = -1 EAGAIN (Try again)
19056 1784058282.606282 recvfrom(40, "nysv\0\0\0\0\0\0\0\0\0\0\0\0`\220\371^;\1\0\0N:\1\0\0\0\0\0", 3200, MSG_DONTWAIT, NULL, NULL) = 32
19056 1784058282.606297 recvfrom(40, 0x745ededc80, 3200, MSG_DONTWAIT, NULL, NULL) = -1 EAGAIN (Try again)
19035 1784058282.606798 recvfrom(43, "nysv\0\0\0\0\0\0\0\0\0\0\0\0`\220\371^;\1\0\0N:\1\0\0\0\0\0", 3200, MSG_DONTWAIT, NULL, NULL) = 32
19035 1784058282.607042 recvfrom(43, 0x7fc50e81b0, 3200, MSG_DONTWAIT, NULL, NULL) = -1 EAGAIN (Try again)
19035 1784058282.607363 recvfrom(43, 0x7fc50e8110, 3200, MSG_DONTWAIT, NULL, NULL) = -1 EAGAIN (Try again)
19056 1784058282.617953 recvfrom(40, 0x745ededeb0, 3200, MSG_DONTWAIT, NULL, NULL) = -1 EAGAIN (Try again)
19056 1784058282.621863 recvfrom(40, "nysv\0\0\0\0\0\0\0\0\0\0\0\0\353(\370_;\1\0\0O:\1\0\0\0\0\0", 3200, MSG_DONTWAIT, NULL, NULL) = 32
19056 1784058282.621882 recvfrom(40, 0x745ededc80, 3200, MSG_DONTWAIT, NULL, NULL) = -1 EAGAIN (Try again)
19035 1784058282.622380 recvfrom(43, "nysv\0\0\0\0\0\0\0\0\0\0\0\0\353(\370_;\1\0\0O:\1\0\0\0\0\0", 3200, MSG_DONTWAIT, NULL, NULL) = 32
19035 1784058282.622563 recvfrom(43, 0x7fc50e81b0, 3200, MSG_DONTWAIT, NULL, NULL) = -1 EAGAIN (Try again)
19035 1784058282.622849 recvfrom(43, 0x7fc50e8110, 3200, MSG_DONTWAIT, NULL, NULL) = -1 EAGAIN (Try again)
19056 1784058282.632648 recvfrom(40, 0x745ededeb0, 3200, MSG_DONTWAIT, NULL, NULL) = -1 EAGAIN (Try again)
19056 1784058282.638932 recvfrom(40, "nysv\0\0\0\0\0\0\0\0\0\0\0\0\214\235\366`;\1\0\0P:\1\0\0\0\0\0", 3200, MSG_DONTWAIT, NULL, NULL) = 32
19056 1784058282.638949 recvfrom(40, 0x745ededc80, 3200, MSG_DONTWAIT, NULL, NULL) = -1 EAGAIN (Try again)
19035 1784058282.639391 recvfrom(43, "nysv\0\0\0\0\0\0\0\0\0\0\0\0\214\235\366`;\1\0\0P:\1\0\0\0\0\0", 3200, MSG_DONTWAIT, NULL, NULL) = 32
19035 1784058282.639701 recvfrom(43, 0x7fc50e81b0, 3200, MSG_DONTWAIT, NULL, NULL) = -1 EAGAIN (Try again)
19035 1784058282.639993 recvfrom(43, 0x7fc50e8110, 3200, MSG_DONTWAIT, NULL, NULL) = -1 EAGAIN (Try again)
19056 1784058282.650263 recvfrom(40, 0x745ededeb0, 3200, MSG_DONTWAIT, NULL, NULL) = -1 EAGAIN (Try again)
19056 1784058282.655431 recvfrom(40, "nysv\0\0\0\0\0\0\0\0\0\0\0\0\366#\365a;\1\0\0Q:\1\0\0\0\0\0", 3200, MSG_DONTWAIT, NULL, NULL) = 32
19056 1784058282.655448 recvfrom(40, 0x745ededc80, 3200, MSG_DONTWAIT, NULL, NULL) = -1 EAGAIN (Try again)
19035 1784058282.655958 recvfrom(43, "nysv\0\0\0\0\0\0\0\0\0\0\0\0\366#\365a;\1\0\0Q:\1\0\0\0\0\0", 3200, MSG_DONTWAIT, NULL, NULL) = 32
19035 1784058282.656253 recvfrom(43, 0x7fc50e81b0, 3200, MSG_DONTWAIT, NULL, NULL) = -1 EAGAIN (Try again)
19035 1784058282.656640 recvfrom(43, 0x7fc50e8110, 3200, MSG_DONTWAIT, NULL, NULL) = -1 EAGAIN (Try again)
19056 1784058282.666696 recvfrom(40, 0x745ededeb0, 3200, MSG_DONTWAIT, NULL, NULL) = -1 EAGAIN (Try again)
19056 1784058282.672635 recvfrom(40, "nysv\0\0\0\0\0\0\0\0\0\0\0\0?\201\363b;\1\0\0R:\1\0\0\0\0\0", 3200, MSG_DONTWAIT, NULL, NULL) = 32
19056 1784058282.672656 recvfrom(40, 0x745ededc80, 3200, MSG_DONTWAIT, NULL, NULL) = -1 EAGAIN (Try again)
19035 1784058282.673277 recvfrom(43, "nysv\0\0\0\0\0\0\0\0\0\0\0\0?\201\363b;\1\0\0R:\1\0\0\0\0\0", 3200, MSG_DONTWAIT, NULL, NULL) = 32
19035 1784058282.673459 recvfrom(43, 0x7fc50e81b0, 3200, MSG_DONTWAIT, NULL, NULL) = -1 EAGAIN (Try again)
19035 1784058282.673867 recvfrom(43, 0x7fc50e8110, 3200, MSG_DONTWAIT, NULL, NULL) = -1 EAGAIN (Try again)
19056 1784058282.685580 recvfrom(40, 0x745ededeb0, 3200, MSG_DONTWAIT, NULL, NULL) = -1 EAGAIN (Try again)
19056 1784058282.688798 recvfrom(40, "nysv\0\0\0\0\0\0\0\0\0\0\0\0\3051\362c;\1\0\0S:\1\0\0\0\0\0", 3200, MSG_DONTWAIT, NULL, NULL) = 32
19056 1784058282.688815 recvfrom(40, 0x745ededc80, 3200, MSG_DONTWAIT, NULL, NULL) = -1 EAGAIN (Try again)
19035 1784058282.689167 recvfrom(43, "nysv\0\0\0\0\0\0\0\0\0\0\0\0\3051\362c;\1\0\0S:\1\0\0\0\0\0", 3200, MSG_DONTWAIT, NULL, NULL) = 32
19035 1784058282.689511 recvfrom(43, 0x7fc50e81b0, 3200, MSG_DONTWAIT, NULL, NULL) = -1 EAGAIN (Try again)
19035 1784058282.689895 recvfrom(43, 0x7fc50e8110, 3200, MSG_DONTWAIT, NULL, NULL) = -1 EAGAIN (Try again)
19056 1784058282.699821 recvfrom(40, 0x745ededeb0, 3200, MSG_DONTWAIT, NULL, NULL) = -1 EAGAIN (Try again)
19056 1784058282.706706 recvfrom(40, "nysv\0\0\0\0\0\0\0\0\0\0\0\0\177^\360d;\1\0\0T:\1\0\0\0\0\0", 3200, MSG_DONTWAIT, NULL, NULL) = 32
19056 1784058282.706726 recvfrom(40, 0x745ededc80, 3200, MSG_DONTWAIT, NULL, NULL) = -1 EAGAIN (Try again)
19035 1784058282.707289 recvfrom(43, "nysv\0\0\0\0\0\0\0\0\0\0\0\0\177^\360d;\1\0\0T:\1\0\0\0\0\0", 3200, MSG_DONTWAIT, NULL, NULL) = 32
19035 1784058282.707521 recvfrom(43, 0x7fc50e81b0, 3200, MSG_DONTWAIT, NULL, NULL) = -1 EAGAIN (Try again)
19035 1784058282.707976 recvfrom(43, 0x7fc50e8110, 3200, MSG_DONTWAIT, NULL, NULL) = -1 EAGAIN (Try again)
19056 1784058282.718687 recvfrom(40, 0x745ededeb0, 3200, MSG_DONTWAIT, NULL, NULL) = -1 EAGAIN (Try again)
19056 1784058282.721796 recvfrom(40, "nysv\0\0\0\0\0\0\0\0\0\0\0\0\27\363\356e;\1\0\0U:\1\0\0\0\0\0", 3200, MSG_DONTWAIT, NULL, NULL) = 32
19056 1784058282.721923 recvfrom(40, 0x745ededc80, 3200, MSG_DONTWAIT, NULL, NULL) = -1 EAGAIN (Try again)
19035 1784058282.722299 recvfrom(43, "nysv\0\0\0\0\0\0\0\0\0\0\0\0\27\363\356e;\1\0\0U:\1\0\0\0\0\0", 3200, MSG_DONTWAIT, NULL, NULL) = 32
19035 1784058282.722605 recvfrom(43, 0x7fc50e81b0, 3200, MSG_DONTWAIT, NULL, NULL) = -1 EAGAIN (Try again)
19056 1784058282.733499 recvfrom(40, 0x745ededeb0, 3200, MSG_DONTWAIT, NULL, NULL) = -1 EAGAIN (Try again)
19056 1784058282.738596 recvfrom(40, "nysv\0\0\0\0\0\0\0\0\0\0\0\0p\201\355f;\1\0\0V:\1\0\0\0\0\0", 3200, MSG_DONTWAIT, NULL, NULL) = 32
19056 1784058282.738611 recvfrom(40, 0x745ededc80, 3200, MSG_DONTWAIT, NULL, NULL) = -1 EAGAIN (Try again)
19056 1784058282.750280 recvfrom(40, 0x745ededeb0, 3200, MSG_DONTWAIT, NULL, NULL) = -1 EAGAIN (Try again)
19056 1784058282.755664 recvfrom(40, "nysv\0\0\0\0\0\0\0\0\0\0\0\0\332\361\353g;\1\0\0W:\1\0\0\0\0\0", 3200, MSG_DONTWAIT, NULL, NULL) = 32
19056 1784058282.755681 recvfrom(40, 0x745ededc80, 3200, MSG_DONTWAIT, NULL, NULL) = -1 EAGAIN (Try again)
19056 1784058282.773241 recvfrom(40, "nysv\0\0\0\0\0\0\0\0\0\0\0\0\275.\352h;\1\0\0X:\1\0\0\0\0\0", 3200, MSG_DONTWAIT, NULL, NULL) = 32
19056 1784058282.773265 recvfrom(40, 0x745ededc80, 3200, MSG_DONTWAIT, NULL, NULL) = -1 EAGAIN (Try again)
19035 1784058282.913005 recvfrom(43, 0x7fc50e8200, 3200, MSG_DONTWAIT, NULL, NULL) = -1 EAGAIN (Try again)
19035 1784058282.923758 recvfrom(43, "nysv\0\0\0\0\0\0\0\0\0\0\0\0\335<\331q;\1\0\0a:\1\0\0\0\0\0", 3200, MSG_DONTWAIT, NULL, NULL) = 32
19035 1784058282.923968 recvfrom(43, 0x7fc50e81b0, 3200, MSG_DONTWAIT, NULL, NULL) = -1 EAGAIN (Try again)
19035 1784058282.925966 recvfrom(45, 0x74ef3b7c20, 2272, MSG_DONTWAIT, NULL, NULL) = -1 EAGAIN (Try again)
19035 1784058282.931325 recvfrom(43, 0x7fc50e7f30, 3200, MSG_DONTWAIT, NULL, NULL) = -1 EAGAIN (Try again)
19035 1784058282.932635 clone(child_stack=0x7401afbd40, flags=CLONE_VM|CLONE_FS|CLONE_FILES|CLONE_SIGHAND|CLONE_THREAD|CLONE_SYSVSEM|CLONE_SETTLS|CLONE_PARENT_SETTID|CLONE_CHILD_CLEARTID, parent_tidptr=0x7401afbd60, tls=0x7401afc020, child_tidptr=0x7401afbd60) = 19138
19035 1784058282.939578 recvfrom(43, "nysv\0\0\0\0\0\0\0\0\0\0\0\0}\267\327r;\1\0\0b:\1\0\0\0\0\0", 3200, MSG_DONTWAIT, NULL, NULL) = 32
19035 1784058282.939825 recvfrom(43, 0x7fc50e81b0, 3200, MSG_DONTWAIT, NULL, NULL) = -1 EAGAIN (Try again)
19035 1784058282.941603 recvfrom(45, 0x74ef3b7c20, 2272, MSG_DONTWAIT, NULL, NULL) = -1 EAGAIN (Try again)
19070 1784058282.948077 sendmsg(65, {msg_name=NULL, msg_namelen=0, msg_iov=[{iov_base="l\1\1\1\374\0\0\0V\0\0\0\235\0\0\0\1\1o\0;\0\0\0/re/frid"..., iov_len=428}], msg_iovlen=1, msg_controllen=0, msg_flags=0}, MSG_NOSIGNAL) = 428
19035 1784058284.341668 recvfrom(43, 0x7fc50e6bd0, 3200, MSG_DONTWAIT, NULL, NULL) = -1 EAGAIN (Try again)
19035 1784058284.355413 recvfrom(43, "nysv\0\0\0\0\0\0\0\0\0\0\0\08\347E\307;\1\0\0\266:\1\0\0\0\0\0", 3200, MSG_DONTWAIT, NULL, NULL) = 32
19035 1784058284.355611 recvfrom(43, 0x7fc50e81b0, 3200, MSG_DONTWAIT, NULL, NULL) = -1 EAGAIN (Try again)
19035 1784058284.355947 recvfrom(45, 0x74ef3b7c20, 2272, MSG_DONTWAIT, NULL, NULL) = -1 EAGAIN (Try again)
19069 1784058285.432703 exit(0)         = ?
19069 1784058285.433013 +++ exited with 0 +++
19067 1784058285.480517 faccessat(AT_FDCWD, "/proc/self/task/19069", F_OK) = -1 ENOENT (No such file or directory)
