13834 1784057820.279121 recvfrom(43, 0x7fc50e6bd0, 3200, MSG_DONTWAIT, NULL, NULL) = -1 EAGAIN (Try again)
13834 1784057820.289806 recvfrom(43, "nysv\0\0\0\0\0\0\0\0\0\0\0\0\224I\275\272\317\0\0\0\247\316\0\0\0\0\0\0", 3200, MSG_DONTWAIT, NULL, NULL) = 32
13834 1784057820.290321 recvfrom(43, 0x7fc50e81b0, 3200, MSG_DONTWAIT, NULL, NULL) = -1 EAGAIN (Try again)
13834 1784057820.290992 recvfrom(45, 0x74ef3b7c20, 2272, MSG_DONTWAIT, NULL, NULL) = -1 EAGAIN (Try again)
13842 1784057821.699269 exit(0)         = ?
13842 1784057821.699320 +++ exited with 0 +++
13844 1784057821.700585 exit(0)         = ?
13844 1784057821.700916 +++ exited with 0 +++
13843 1784057821.700921 exit(0)         = ?
13841 1784057821.701073 exit(0 <unfinished ...>
13843 1784057821.701179 +++ exited with 0 +++
13841 1784057821.701182 <... exit resumed>) = ?
13841 1784057821.701255 +++ exited with 0 +++
13854 1784057821.701326 newfstatat(AT_FDCWD, "/data", {st_mode=S_IFDIR|0771, st_size=4096, ...}, AT_SYMLINK_NOFOLLOW) = 0
13854 1784057821.701351 newfstatat(AT_FDCWD, "/data/app", {st_mode=S_IFDIR|0771, st_size=4096, ...}, AT_SYMLINK_NOFOLLOW) = 0
13854 1784057821.701368 newfstatat(AT_FDCWD, "/data/app/at.manuelbichler.octalsuntime-Pht8kxSB9VeyjTePXzLvgw==", {st_mode=S_IFDIR|0775, st_size=4096, ...}, AT_SYMLINK_NOFOLLOW) = 0
13854 1784057821.701375 newfstatat(AT_FDCWD, "/data/app/at.manuelbichler.octalsuntime-Pht8kxSB9VeyjTePXzLvgw==/base.apk", {st_mode=S_IFREG|0644, st_size=4615159, ...}, AT_SYMLINK_NOFOLLOW) = 0
13854 1784057821.701384 getcwd("/", 4096) = 2
13854 1784057821.701389 newfstatat(AT_FDCWD, "/base.apk", 0x745efb0690, AT_SYMLINK_NOFOLLOW) = -1 ENOENT (No such file or directory)
13834 1784057822.918470 recvfrom(43, 0x7fc50e6bd0, 3200, MSG_DONTWAIT, NULL, NULL) = -1 EAGAIN (Try again)
13834 1784057822.922220 recvfrom(43, "nysv\0\0\0\0\0\0\0\0\0\0\0\0h@\263W\320\0\0\0E\317\0\0\0\0\0\0", 3200, MSG_DONTWAIT, NULL, NULL) = 32
13834 1784057822.922570 recvfrom(43, 0x7fc50e81b0, 3200, MSG_DONTWAIT, NULL, NULL) = -1 EAGAIN (Try again)
13834 1784057822.923180 recvfrom(45, 0x74ef3b7c20, 2272, MSG_DONTWAIT, NULL, NULL) = -1 EAGAIN (Try again)
13834 1784057825.560946 recvfrom(43, 0x7fc50e6bd0, 3200, MSG_DONTWAIT, NULL, NULL) = -1 EAGAIN (Try again)
13834 1784057825.572888 recvfrom(43, "nysv\0\0\0\0\0\0\0\0\0\0\0\0\205\246\246\365\320\0\0\0\344\317\0\0\0\0\0\0", 3200, MSG_DONTWAIT, NULL, NULL) = 32
13834 1784057825.573478 recvfrom(43, 0x7fc50e81b0, 3200, MSG_DONTWAIT, NULL, NULL) = -1 EAGAIN (Try again)
13834 1784057825.574333 recvfrom(45, 0x74ef3b7c20, 2272, MSG_DONTWAIT, NULL, NULL) = -1 EAGAIN (Try again)
13834 1784057828.198339 recvfrom(43, 0x7fc50e6bd0, 3200, MSG_DONTWAIT, NULL, NULL) = -1 EAGAIN (Try again)
13834 1784057828.206922 recvfrom(43, "nysv\0\0\0\0\0\0\0\0\0\0\0\0E\364\233\222\321\0\0\0\200\320\0\0\0\0\0\0", 3200, MSG_DONTWAIT, NULL, NULL) = 32
13834 1784057828.207476 recvfrom(43, 0x7fc50e81b0, 3200, MSG_DONTWAIT, NULL, NULL) = -1 EAGAIN (Try again)
13834 1784057828.208181 recvfrom(45, 0x74ef3b7c20, 2272, MSG_DONTWAIT, NULL, NULL) = -1 EAGAIN (Try again)
13834 1784057830.835787 recvfrom(43, 0x7fc50e6bd0, 3200, MSG_DONTWAIT, NULL, NULL) = -1 EAGAIN (Try again)
13834 1784057830.838355 recvfrom(43, "nysv\0\0\0\0\0\0\0\0\0\0\0\0z\303\221/\322\0\0\0\36\321\0\0\0\0\0\0", 3200, MSG_DONTWAIT, NULL, NULL) = 32
13834 1784057830.838832 recvfrom(43, 0x7fc50e81b0, 3200, MSG_DONTWAIT, NULL, NULL) = -1 EAGAIN (Try again)
13834 1784057830.839352 recvfrom(45, 0x74ef3b7c20, 2272, MSG_DONTWAIT, NULL, NULL) = -1 EAGAIN (Try again)
13834 1784057831.461036 recvfrom(45, "\2\0\0\0\0\0\0\0005\2\0\0\0\0\0\0\2004\222T\322\0\0\0\1\0\0\0\2\20\0\0"..., 2272, MSG_DONTWAIT, NULL, NULL) = 232
13834 1784057831.462323 sendto(45, "\3\0\0\0\0\0\0\0005\2\0\0\1\0\0\0", 16, MSG_DONTWAIT|MSG_NOSIGNAL, NULL, 0) = 16
13834 1784057831.462505 recvfrom(45, "\2\0\0\0\0\0\0\0007\2\0\0\0\0\0\0\2004\222T\322\0\0\0\1\0\0\0\2\20\0\0"..., 2272, MSG_DONTWAIT, NULL, NULL) = 232
13834 1784057831.462723 recvfrom(43, 0x7fc50e4e30, 3200, MSG_DONTWAIT, NULL, NULL) = -1 EAGAIN (Try again)
13834 1784057831.463323 sendto(45, "\3\0\0\0\0\0\0\0007\2\0\0\1\0\0\0", 16, MSG_DONTWAIT|MSG_NOSIGNAL, NULL, 0) = 16
13834 1784057831.463570 recvfrom(45, 0x74ef3b7c20, 2272, MSG_DONTWAIT, NULL, NULL) = -1 EAGAIN (Try again)
13834 1784057831.472507 recvfrom(43, "nysv\0\0\0\0\0\0\0\0\0\0\0\0\322rRU\322\0\0\0D\321\0\0\0\0\0\0", 3200, MSG_DONTWAIT, NULL, NULL) = 32
13834 1784057831.472653 recvfrom(43, 0x7fc50e81b0, 3200, MSG_DONTWAIT, NULL, NULL) = -1 EAGAIN (Try again)
13834 1784057831.473032 recvfrom(45, 0x74ef3b7c20, 2272, MSG_DONTWAIT, NULL, NULL) = -1 EAGAIN (Try again)
13834 1784057831.473173 recvfrom(43, 0x7fc50e8110, 3200, MSG_DONTWAIT, NULL, NULL) = -1 EAGAIN (Try again)
13834 1784057831.475452 socket(AF_UNIX, SOCK_DGRAM|SOCK_CLOEXEC|SOCK_NONBLOCK, 0) = 64
13834 1784057831.475643 setsockopt(64, SOL_SOCKET, SO_SNDBUF, [1048576], 4) = 0
13834 1784057831.475831 connect(64, {sa_family=AF_UNIX, sun_path="/dev/socket/statsdw"}, 110) = 0
13855 1784057831.484333 recvfrom(40, 0x745ededeb0, 3200, MSG_DONTWAIT, NULL, NULL) = -1 EAGAIN (Try again)
13855 1784057831.488314 recvfrom(40, "nysv\0\0\0\0\0\0\0\0\0\0\0\0\327\25QV\322\0\0\0E\321\0\0\0\0\0\0", 3200, MSG_DONTWAIT, NULL, NULL) = 32
13855 1784057831.490881 recvfrom(40,  <unfinished ...>
13853 1784057831.490944 clone(child_stack=0x745b7dbd40, flags=CLONE_VM|CLONE_FS|CLONE_FILES|CLONE_SIGHAND|CLONE_THREAD|CLONE_SYSVSEM|CLONE_SETTLS|CLONE_PARENT_SETTID|CLONE_CHILD_CLEARTID, parent_tidptr=0x745b7dbd60, tls=0x745b7dc020, child_tidptr=0x745b7dbd60) = 13928
13855 1784057831.491041 <... recvfrom resumed> 0x745ededc80, 3200, MSG_DONTWAIT, NULL, NULL) = -1 EAGAIN (Try again)
13834 1784057831.492859 recvfrom(43, "nysv\0\0\0\0\0\0\0\0\0\0\0\0\327\25QV\322\0\0\0E\321\0\0\0\0\0\0", 3200, MSG_DONTWAIT, NULL, NULL) = 32
13834 1784057831.493216 recvfrom(43, 0x7fc50e81b0, 3200, MSG_DONTWAIT, NULL, NULL) = -1 EAGAIN (Try again)
13834 1784057831.494761 recvfrom(43, 0x7fc50e8110, 3200, MSG_DONTWAIT, NULL, NULL) = -1 EAGAIN (Try again)
13928 1784057831.495123 openat(AT_FDCWD, "/proc/13928/timerslack_ns", O_WRONLY|O_CREAT|O_TRUNC|O_NOFOLLOW|O_CLOEXEC, 0666) = 67
13834 1784057831.497719 newfstatat(AT_FDCWD, "/system/framework/framework-res.apk", {st_mode=S_IFREG|0644, st_size=45992421, ...}, 0) = 0
13834 1784057831.498034 newfstatat(AT_FDCWD, "/product/overlay/GoogleConfigOverlay.apk", {st_mode=S_IFREG|0644, st_size=25070, ...}, 0) = 0
13834 1784057831.498318 newfstatat(AT_FDCWD, "/product/overlay/GoogleWebViewOverlay.apk", {st_mode=S_IFREG|0644, st_size=16815, ...}, 0) = 0
13834 1784057831.498609 newfstatat(AT_FDCWD, "/product/overlay/PixelConfigOverlayCommon.apk", {st_mode=S_IFREG|0644, st_size=52833, ...}, 0) = 0
13834 1784057831.498978 newfstatat(AT_FDCWD, "/product/overlay/EmulatorConfigOverlay.apk", {st_mode=S_IFREG|0644, st_size=16734, ...}, 0) = 0
13834 1784057831.499475 newfstatat(AT_FDCWD, "/data/app/at.manuelbichler.octalsuntime-Pht8kxSB9VeyjTePXzLvgw==/base.apk", {st_mode=S_IFREG|0644, st_size=4615159, ...}, 0) = 0
13834 1784057831.500837 clone(child_stack=0x745b6ded40, flags=CLONE_VM|CLONE_FS|CLONE_FILES|CLONE_SIGHAND|CLONE_THREAD|CLONE_SYSVSEM|CLONE_SETTLS|CLONE_PARENT_SETTID|CLONE_CHILD_CLEARTID, parent_tidptr=0x745b6ded60, tls=0x745b6df020, child_tidptr=0x745b6ded60) = 13929
13929 1784057831.501631 exit(0)         = ?
13929 1784057831.501645 +++ exited with 0 +++
13834 1784057831.502207 newfstatat(AT_FDCWD, "/system/framework/framework-res.apk", {st_mode=S_IFREG|0644, st_size=45992421, ...}, 0) = 0
13834 1784057831.502444 newfstatat(AT_FDCWD, "/product/overlay/GoogleConfigOverlay.apk", {st_mode=S_IFREG|0644, st_size=25070, ...}, 0) = 0
13834 1784057831.502670 newfstatat(AT_FDCWD, "/product/overlay/GoogleWebViewOverlay.apk", {st_mode=S_IFREG|0644, st_size=16815, ...}, 0) = 0
13834 1784057831.502930 newfstatat(AT_FDCWD, "/product/overlay/PixelConfigOverlayCommon.apk", {st_mode=S_IFREG|0644, st_size=52833, ...}, 0) = 0
13834 1784057831.503240 newfstatat(AT_FDCWD, "/product/overlay/EmulatorConfigOverlay.apk", {st_mode=S_IFREG|0644, st_size=16734, ...}, 0) = 0
13834 1784057831.503468 newfstatat(AT_FDCWD, "/data/app/at.manuelbichler.octalsuntime-Pht8kxSB9VeyjTePXzLvgw==/base.apk", {st_mode=S_IFREG|0644, st_size=4615159, ...}, 0) = 0
13834 1784057831.505541 --- SIGSEGV {si_signo=SIGSEGV, si_code=SEGV_MAPERR, si_addr=NULL} ---
13834 1784057831.513842 newfstatat(AT_FDCWD, "/system/framework/framework-res.apk", {st_mode=S_IFREG|0644, st_size=45992421, ...}, 0) = 0
13834 1784057831.514513 newfstatat(AT_FDCWD, "/product/overlay/GoogleConfigOverlay.apk", {st_mode=S_IFREG|0644, st_size=25070, ...}, 0) = 0
13834 1784057831.514961 newfstatat(AT_FDCWD, "/product/overlay/GoogleWebViewOverlay.apk", {st_mode=S_IFREG|0644, st_size=16815, ...}, 0) = 0
13834 1784057831.515228 newfstatat(AT_FDCWD, "/product/overlay/PixelConfigOverlayCommon.apk", {st_mode=S_IFREG|0644, st_size=52833, ...}, 0) = 0
13834 1784057831.515517 newfstatat(AT_FDCWD, "/product/overlay/EmulatorConfigOverlay.apk", {st_mode=S_IFREG|0644, st_size=16734, ...}, 0) = 0
13834 1784057831.515826 newfstatat(AT_FDCWD, "/data/app/at.manuelbichler.octalsuntime-Pht8kxSB9VeyjTePXzLvgw==/base.apk", {st_mode=S_IFREG|0644, st_size=4615159, ...}, 0) = 0
13855 1784057831.517591 recvfrom(40, "nysv\0\0\0\0\0\0\0\0\0\0\0\0005\265OW\322\0\0\0F\321\0\0\0\0\0\0", 3200, MSG_DONTWAIT, NULL, NULL) = 32
13855 1784057831.517821 recvfrom(40, 0x745ededeb0, 3200, MSG_DONTWAIT, NULL, NULL) = -1 EAGAIN (Try again)
13855 1784057831.519454 clone(child_stack=0x745b6ded40, flags=CLONE_VM|CLONE_FS|CLONE_FILES|CLONE_SIGHAND|CLONE_THREAD|CLONE_SYSVSEM|CLONE_SETTLS|CLONE_PARENT_SETTID|CLONE_CHILD_CLEARTID, parent_tidptr=0x745b6ded60, tls=0x745b6df020, child_tidptr=0x745b6ded60) = 13930
13855 1784057831.520169 recvfrom(40,  <unfinished ...>
13930 1784057831.520225 exit(0)         = ?
13930 1784057831.520236 +++ exited with 0 +++
13855 1784057831.520370 <... recvfrom resumed> 0x745ededeb0, 3200, MSG_DONTWAIT, NULL, NULL) = -1 EAGAIN (Try again)
13855 1784057831.521677 recvfrom(40, "nysv\0\0\0\0\0\0\0\0\0\0\0\0\\SNX\322\0\0\0G\321\0\0\0\0\0\0", 3200, MSG_DONTWAIT, NULL, NULL) = 32
13855 1784057831.522551 recvfrom(40, 0x745ededc80, 3200, MSG_DONTWAIT, NULL, NULL) = -1 EAGAIN (Try again)
13855 1784057831.535710 recvfrom(40, 0x745ededeb0, 3200, MSG_DONTWAIT, NULL, NULL) = -1 EAGAIN (Try again)
13855 1784057831.538435 recvfrom(40, "nysv\0\0\0\0\0\0\0\0\0\0\0\0\245\362LY\322\0\0\0H\321\0\0\0\0\0\0", 3200, MSG_DONTWAIT, NULL, NULL) = 32
13855 1784057831.539152 recvfrom(40, 0x745ededc80, 3200, MSG_DONTWAIT, NULL, NULL) = -1 EAGAIN (Try again)
13871 1784057831.545908 sendmsg(65, {msg_name=NULL, msg_namelen=0, msg_iov=[{iov_base="l\1\1\1\24\1\0\0L\0\0\0\235\0\0\0\1\1o\0;\0\0\0/re/frid"..., iov_len=452}], msg_iovlen=1, msg_controllen=0, msg_flags=0}, MSG_NOSIGNAL) = 452
13855 1784057831.552548 recvfrom(40, 0x745ededeb0, 3200, MSG_DONTWAIT, NULL, NULL) = -1 EAGAIN (Try again)
13855 1784057831.555092 recvfrom(40, "nysv\0\0\0\0\0\0\0\0\0\0\0\0\226\220KZ\322\0\0\0I\321\0\0\0\0\0\0", 3200, MSG_DONTWAIT, NULL, NULL) = 32
13855 1784057831.555613 recvfrom(40, 0x745ededc80, 3200, MSG_DONTWAIT, NULL, NULL) = -1 EAGAIN (Try again)
13834 1784057831.559295 openat(AT_FDCWD, "/sys/devices/system/cpu", O_RDONLY|O_CLOEXEC|O_DIRECTORY) = 67
13871 1784057831.567877 sendmsg(65, {msg_name=NULL, msg_namelen=0, msg_iov=[{iov_base="l\1\1\1\374\0\0\0M\0\0\0\235\0\0\0\1\1o\0;\0\0\0/re/frid"..., iov_len=428}], msg_iovlen=1, msg_controllen=0, msg_flags=0}, MSG_NOSIGNAL) = 428
13855 1784057831.569441 recvfrom(40, 0x745ededeb0, 3200, MSG_DONTWAIT, NULL, NULL) = -1 EAGAIN (Try again)
13855 1784057831.572222 recvfrom(40, "nysv\0\0\0\0\0\0\0\0\0\0\0\0*+J[\322\0\0\0J\321\0\0\0\0\0\0", 3200, MSG_DONTWAIT, NULL, NULL) = 32
13855 1784057831.572422 recvfrom(40, 0x745ededc80, 3200, MSG_DONTWAIT, NULL, NULL) = -1 EAGAIN (Try again)
13871 1784057831.576561 sendmsg(65, {msg_name=NULL, msg_namelen=0, msg_iov=[{iov_base="l\1\1\1\374\0\0\0N\0\0\0\235\0\0\0\1\1o\0;\0\0\0/re/frid"..., iov_len=428}], msg_iovlen=1, msg_controllen=0, msg_flags=0}, MSG_NOSIGNAL) = 428
13834 1784057831.582375 clone(child_stack=0x745b6bed40, flags=CLONE_VM|CLONE_FS|CLONE_FILES|CLONE_SIGHAND|CLONE_THREAD|CLONE_SYSVSEM|CLONE_SETTLS|CLONE_PARENT_SETTID|CLONE_CHILD_CLEARTID, parent_tidptr=0x745b6bed60, tls=0x745b6bf020, child_tidptr=0x745b6bed60) = 13931
13931 1784057831.583751 faccessat(AT_FDCWD, "/data/user/0/at.manuelbichler.octalsuntime", F_OK) = 0
13931 1784057831.583794 faccessat(AT_FDCWD, "/data/user/0/at.manuelbichler.octalsuntime/databases", F_OK) = 0
13931 1784057831.584222 newfstatat(AT_FDCWD, "/data/user/0/at.manuelbichler.octalsuntime/databases/app_database", {st_mode=S_IFREG|0660, st_size=4096, ...}, AT_SYMLINK_NOFOLLOW) = 0
13931 1784057831.584313 openat(AT_FDCWD, "/data/user/0/at.manuelbichler.octalsuntime/databases/app_database", O_RDWR|O_CREAT|O_LARGEFILE|O_CLOEXEC, 0600) = 67
13931 1784057831.584359 newfstatat(AT_FDCWD, "/data/user/0/at.manuelbichler.octalsuntime/databases/app_database", {st_mode=S_IFREG|0660, st_size=4096, ...}, 0) = 0
13931 1784057831.584738 statfs("/data", {f_type=EXT2_SUPER_MAGIC, f_bsize=4096, f_blocks=1523600, f_bfree=1029449, f_bavail=1025353, f_files=393216, f_ffree=376192, f_fsid={val=[3546324968, 77008235]}, f_namelen=255, f_frsize=4096, f_flags=ST_VALID|ST_NOSUID|ST_NODEV|ST_NOATIME}) = 0
13931 1784057831.584903 newfstatat(AT_FDCWD, "/data/user/0/at.manuelbichler.octalsuntime/databases/app_database-journal", 0x745b6bb238, 0) = -1 ENOENT (No such file or directory)
13931 1784057831.584915 newfstatat(AT_FDCWD, "/data/user/0/at.manuelbichler.octalsuntime/databases/app_database-wal", {st_mode=S_IFREG|0600, st_size=41232, ...}, 0) = 0
13931 1784057831.584981 newfstatat(AT_FDCWD, "/data/user/0/at.manuelbichler.octalsuntime/databases/app_database", {st_mode=S_IFREG|0660, st_size=4096, ...}, 0) = 0
13931 1784057831.584992 openat(AT_FDCWD, "/data/user/0/at.manuelbichler.octalsuntime/databases/app_database-wal", O_RDWR|O_CREAT|O_LARGEFILE|O_CLOEXEC, 0660) = 68
13931 1784057831.585049 openat(AT_FDCWD, "/data/user/0/at.manuelbichler.octalsuntime/databases/app_database-shm", O_RDWR|O_CREAT|O_CLOEXEC, 0660) = 70
13931 1784057831.585727 newfstatat(AT_FDCWD, "/data/user/0/at.manuelbichler.octalsuntime/databases/app_database-wal",  <unfinished ...>
13855 1784057831.585731 recvfrom(40,  <unfinished ...>
13931 1784057831.585745 <... newfstatat resumed> {st_mode=S_IFREG|0600, st_size=41232, ...}, 0) = 0
13931 1784057831.585819 newfstatat(AT_FDCWD, "/data/user/0/at.manuelbichler.octalsuntime/databases/app_database-wal",  <unfinished ...>
13855 1784057831.585824 <... recvfrom resumed> 0x745ededeb0, 3200, MSG_DONTWAIT, NULL, NULL) = -1 EAGAIN (Try again)
13931 1784057831.585858 <... newfstatat resumed> {st_mode=S_IFREG|0600, st_size=41232, ...}, 0) = 0
13931 1784057831.586052 fchmodat(AT_FDCWD, "/data/user/0/at.manuelbichler.octalsuntime/databases/app_database", 0660) = 0
13931 1784057831.586318 newfstatat(AT_FDCWD, "/data/user/0/at.manuelbichler.octalsuntime/databases/app_database", {st_mode=S_IFREG|0660, st_size=4096, ...}, AT_SYMLINK_NOFOLLOW) = 0
13931 1784057831.586350 openat(AT_FDCWD, "/data/user/0/at.manuelbichler.octalsuntime/databases/app_database", O_RDWR|O_CREAT|O_LARGEFILE|O_CLOEXEC, 0600) = 69
13931 1784057831.586364 newfstatat(AT_FDCWD, "/data/user/0/at.manuelbichler.octalsuntime/databases/app_database", {st_mode=S_IFREG|0660, st_size=4096, ...}, 0) = 0
13931 1784057831.586449 newfstatat(AT_FDCWD, "/data/user/0/at.manuelbichler.octalsuntime/databases/app_database-journal", 0x745b6bb118, 0) = -1 ENOENT (No such file or directory)
13931 1784057831.586467 newfstatat(AT_FDCWD, "/data/user/0/at.manuelbichler.octalsuntime/databases/app_database-wal", {st_mode=S_IFREG|0600, st_size=41232, ...}, 0) = 0
13931 1784057831.586477 newfstatat(AT_FDCWD, "/data/user/0/at.manuelbichler.octalsuntime/databases/app_database", {st_mode=S_IFREG|0660, st_size=4096, ...}, 0) = 0
13931 1784057831.586483 openat(AT_FDCWD, "/data/user/0/at.manuelbichler.octalsuntime/databases/app_database-wal", O_RDWR|O_CREAT|O_LARGEFILE|O_CLOEXEC, 0660) = 71
13931 1784057831.586636 newfstatat(AT_FDCWD, "/data/user/0/at.manuelbichler.octalsuntime/databases/app_database-wal", {st_mode=S_IFREG|0600, st_size=41232, ...}, 0) = 0
13931 1784057831.586661 newfstatat(AT_FDCWD, "/data/user/0/at.manuelbichler.octalsuntime/databases/app_database-wal", {st_mode=S_IFREG|0600, st_size=41232, ...}, 0) = 0
13855 1784057831.589211 recvfrom(40, "nysv\0\0\0\0\0\0\0\0\0\0\0\0D\303H\\\322\0\0\0K\321\0\0\0\0\0\0", 3200, MSG_DONTWAIT, NULL, NULL) = 32
13855 1784057831.589391 recvfrom(40, 0x745ededc80, 3200, MSG_DONTWAIT, NULL, NULL) = -1 EAGAIN (Try again)
13931 1784057831.589631 openat(AT_FDCWD, "/dev/urandom", O_RDONLY|O_CLOEXEC) = 74
13931 1784057831.593036 newfstatat(AT_FDCWD, "/data/user/0/at.manuelbichler.octalsuntime/databases/app_database", {st_mode=S_IFREG|0660, st_size=4096, ...}, 0) = 0
13871 1784057831.593219 sendmsg(65, {msg_name=NULL, msg_namelen=0, msg_iov=[{iov_base="l\1\1\1\360\0\0\0O\0\0\0\235\0\0\0\1\1o\0;\0\0\0/re/frid"..., iov_len=416}], msg_iovlen=1, msg_controllen=0, msg_flags=0}, MSG_NOSIGNAL) = 416
13871 1784057831.594051 sendmsg(65, {msg_name=NULL, msg_namelen=0, msg_iov=[{iov_base="l\1\1\1\364\0\0\0P\0\0\0\235\0\0\0\1\1o\0;\0\0\0/re/frid"..., iov_len=420}], msg_iovlen=1, msg_controllen=0, msg_flags=0}, MSG_NOSIGNAL) = 420
13871 1784057831.594737 sendmsg(65, {msg_name=NULL, msg_namelen=0, msg_iov=[{iov_base="l\1\1\1H\1\0\0Q\0\0\0\235\0\0\0\1\1o\0;\0\0\0/re/frid"..., iov_len=504}], msg_iovlen=1, msg_controllen=0, msg_flags=0}, MSG_NOSIGNAL) = 504
13834 1784057831.595161 recvfrom(43, "nysv\0\0\0\0\0\0\0\0\0\0\0\0005\265OW\322\0\0\0F\321\0\0\0\0\0\0", 3200, MSG_DONTWAIT, NULL, NULL) = 32
13871 1784057831.595415 sendmsg(65, {msg_name=NULL, msg_namelen=0, msg_iov=[{iov_base="l\1\1\1\24\1\0\0R\0\0\0\235\0\0\0\1\1o\0;\0\0\0/re/frid"..., iov_len=452}], msg_iovlen=1, msg_controllen=0, msg_flags=0}, MSG_NOSIGNAL <unfinished ...>
13834 1784057831.595441 recvfrom(43,  <unfinished ...>
13871 1784057831.595514 <... sendmsg resumed> ) = 452
13834 1784057831.595801 <... recvfrom resumed> 0x7fc50e81b0, 3200, MSG_DONTWAIT, NULL, NULL) = -1 EAGAIN (Try again)
13871 1784057831.596004 sendmsg(65, {msg_name=NULL, msg_namelen=0, msg_iov=[{iov_base="l\1\1\1\234\1\0\0S\0\0\0\235\0\0\0\1\1o\0;\0\0\0/re/frid"..., iov_len=588}], msg_iovlen=1, msg_controllen=0, msg_flags=0}, MSG_NOSIGNAL) = 588
13931 1784057831.597176 newfstatat(AT_FDCWD, "/data/user/0/at.manuelbichler.octalsuntime/databases/app_database", {st_mode=S_IFREG|0660, st_size=4096, ...}, AT_SYMLINK_NOFOLLOW) = 0
13931 1784057831.597203 newfstatat(AT_FDCWD, "/data/user/0/at.manuelbichler.octalsuntime/databases/app_database", {st_mode=S_IFREG|0660, st_size=4096, ...}, 0) = 0
13931 1784057831.597261 newfstatat(AT_FDCWD, "/data/user/0/at.manuelbichler.octalsuntime/databases/app_database", {st_mode=S_IFREG|0660, st_size=4096, ...}, 0) = 0
13931 1784057831.597442 newfstatat(AT_FDCWD, "/data/user/0/at.manuelbichler.octalsuntime/databases/app_database-journal", 0x745b6bb238, 0) = -1 ENOENT (No such file or directory)
13931 1784057831.597482 newfstatat(AT_FDCWD, "/data/user/0/at.manuelbichler.octalsuntime/databases/app_database-wal", {st_mode=S_IFREG|0600, st_size=41232, ...}, 0) = 0
13931 1784057831.597494 newfstatat(AT_FDCWD, "/data/user/0/at.manuelbichler.octalsuntime/databases/app_database", {st_mode=S_IFREG|0660, st_size=4096, ...}, 0) = 0
13931 1784057831.597501 openat(AT_FDCWD, "/data/user/0/at.manuelbichler.octalsuntime/databases/app_database-wal", O_RDWR|O_CREAT|O_LARGEFILE|O_CLOEXEC, 0660) = 71
13834 1784057831.597599 recvfrom(45,  <unfinished ...>
13931 1784057831.597654 newfstatat(AT_FDCWD, "/data/user/0/at.manuelbichler.octalsuntime/databases/app_database-wal",  <unfinished ...>
13834 1784057831.597658 <... recvfrom resumed> 0x74ef3b7c20, 2272, MSG_DONTWAIT, NULL, NULL) = -1 EAGAIN (Try again)
13931 1784057831.597716 <... newfstatat resumed> {st_mode=S_IFREG|0600, st_size=41232, ...}, 0) = 0
13931 1784057831.597741 newfstatat(AT_FDCWD, "/data/user/0/at.manuelbichler.octalsuntime/databases/app_database-wal", {st_mode=S_IFREG|0600, st_size=41232, ...}, 0) = 0
13834 1784057831.597825 recvfrom(73, 0x74ef3b8820, 2272, MSG_DONTWAIT, NULL, NULL) = -1 EAGAIN (Try again)
13834 1784057831.598151 recvfrom(43, 0x7fc50e8110, 3200, MSG_DONTWAIT, NULL, NULL) = -1 EAGAIN (Try again)
13871 1784057831.599264 sendmsg(65, {msg_name=NULL, msg_namelen=0, msg_iov=[{iov_base="l\1\1\1\234\1\0\0T\0\0\0\235\0\0\0\1\1o\0;\0\0\0/re/frid"..., iov_len=588}], msg_iovlen=1, msg_controllen=0, msg_flags=0}, MSG_NOSIGNAL) = 588
13871 1784057831.600501 sendmsg(65, {msg_name=NULL, msg_namelen=0, msg_iov=[{iov_base="l\1\1\1\234\1\0\0U\0\0\0\235\0\0\0\1\1o\0;\0\0\0/re/frid"..., iov_len=588}], msg_iovlen=1, msg_controllen=0, msg_flags=0}, MSG_NOSIGNAL) = 588
13855 1784057831.603485 recvfrom(40, 0x745ededeb0, 3200, MSG_DONTWAIT, NULL, NULL) = -1 EAGAIN (Try again)
13855 1784057831.604607 recvfrom(40, 0x745ededeb0, 3200, MSG_DONTWAIT, NULL, NULL) = -1 EAGAIN (Try again)
13855 1784057831.605573 recvfrom(40, "nysv\0\0\0\0\0\0\0\0\0\0\0\0\255\203G]\322\0\0\0L\321\0\0\0\0\0\0", 3200, MSG_DONTWAIT, NULL, NULL) = 32
13855 1784057831.606055 recvfrom(40, 0x745ededc80, 3200, MSG_DONTWAIT, NULL, NULL) = -1 EAGAIN (Try again)
13855 1784057831.618464 recvfrom(40, 0x745ededeb0, 3200, MSG_DONTWAIT, NULL, NULL) = -1 EAGAIN (Try again)
13855 1784057831.625413 recvfrom(40, "nysv\0\0\0\0\0\0\0\0\0\0\0\0%nE^\322\0\0\0M\321\0\0\0\0\0\0", 3200, MSG_DONTWAIT, NULL, NULL) = 32
13855 1784057831.625997 recvfrom(40, 0x745ededc80, 3200, MSG_DONTWAIT, NULL, NULL) = -1 EAGAIN (Try again)
13855 1784057831.672511 recvfrom(40, 0x745ededeb0, 3200, MSG_DONTWAIT, NULL, NULL) = -1 EAGAIN (Try again)
13855 1784057831.673592 recvfrom(40, "nysv\0\0\0\0\0\0\0\0\0\0\0\0\261X@a\322\0\0\0P\321\0\0\0\0\0\0", 3200, MSG_DONTWAIT, NULL, NULL) = 32
13855 1784057831.674171 recvfrom(40,  <unfinished ...>
13834 1784057831.674182 recvfrom(43,  <unfinished ...>
13855 1784057831.674269 <... recvfrom resumed> 0x745ededc80, 3200, MSG_DONTWAIT, NULL, NULL) = -1 EAGAIN (Try again)
13834 1784057831.674298 <... recvfrom resumed> "nysv\0\0\0\0\0\0\0\0\0\0\0\0\255\203G]\322\0\0\0L\321\0\0\0\0\0\0", 3200, MSG_DONTWAIT, NULL, NULL) = 32
13834 1784057831.674560 recvfrom(43, 0x7fc50e81b0, 3200, MSG_DONTWAIT, NULL, NULL) = -1 EAGAIN (Try again)
13855 1784057831.686550 recvfrom(40, 0x745ededeb0, 3200, MSG_DONTWAIT, NULL, NULL) = -1 EAGAIN (Try again)
13855 1784057831.689557 recvfrom(40, "nysv\0\0\0\0\0\0\0\0\0\0\0\0\351\362>b\322\0\0\0Q\321\0\0\0\0\0\0", 3200, MSG_DONTWAIT, NULL, NULL) = 32
13855 1784057831.689765 recvfrom(40, 0x745ededc80, 3200, MSG_DONTWAIT, NULL, NULL) = -1 EAGAIN (Try again)
13834 1784057831.694320 recvfrom(73, 0x74ef3b8820, 2272, MSG_DONTWAIT, NULL, NULL) = -1 EAGAIN (Try again)
13834 1784057831.694621 recvfrom(43, 0x7fc50e8110, 3200, MSG_DONTWAIT, NULL, NULL) = -1 EAGAIN (Try again)
13855 1784057831.700832 recvfrom(40, 0x745ededeb0, 3200, MSG_DONTWAIT, NULL, NULL) = -1 EAGAIN (Try again)
13834 1784057831.708128 recvfrom(43, "nysv\0\0\0\0\0\0\0\0\0\0\0\0\225\212=c\322\0\0\0R\321\0\0\0\0\0\0", 3200, MSG_DONTWAIT, NULL, NULL) = 32
13834 1784057831.708430 recvfrom(43, 0x7fc50e81b0, 3200, MSG_DONTWAIT, NULL, NULL) = -1 EAGAIN (Try again)
13834 1784057831.710279 recvfrom(73, 0x74ef3b8820, 2272, MSG_DONTWAIT, NULL, NULL) = -1 EAGAIN (Try again)
13834 1784057831.710560 recvfrom(43, 0x7fc50e8110, 3200, MSG_DONTWAIT, NULL, NULL) = -1 EAGAIN (Try again)
13855 1784057831.716237 recvfrom(40, "nysv\0\0\0\0\0\0\0\0\0\0\0\0\225\212=c\322\0\0\0R\321\0\0\0\0\0\0", 3200, MSG_DONTWAIT, NULL, NULL) = 32
13855 1784057831.716394 recvfrom(40, 0x745ededc80, 3200, MSG_DONTWAIT, NULL, NULL) = -1 EAGAIN (Try again)
13834 1784057831.722805 recvfrom(43, "nysv\0\0\0\0\0\0\0\0\0\0\0\0\21e<d\322\0\0\0S\321\0\0\0\0\0\0", 3200, MSG_DONTWAIT, NULL, NULL) = 32
13834 1784057831.723135 recvfrom(43, 0x7fc50e81b0, 3200, MSG_DONTWAIT, NULL, NULL) = -1 EAGAIN (Try again)
13834 1784057831.725146 recvfrom(43, 0x7fc50e8110, 3200, MSG_DONTWAIT, NULL, NULL) = -1 EAGAIN (Try again)
13855 1784057831.736479 recvfrom(40, 0x745ededeb0, 3200, MSG_DONTWAIT, NULL, NULL) = -1 EAGAIN (Try again)
13855 1784057831.739649 recvfrom(40,  <unfinished ...>
13834 1784057831.739685 recvfrom(43,  <unfinished ...>
13855 1784057831.739844 <... recvfrom resumed> "nysv\0\0\0\0\0\0\0\0\0\0\0\0006\307:e\322\0\0\0T\321\0\0\0\0\0\0", 3200, MSG_DONTWAIT, NULL, NULL) = 32
13855 1784057831.739978 recvfrom(40,  <unfinished ...>
13834 1784057831.739990 <... recvfrom resumed> "nysv\0\0\0\0\0\0\0\0\0\0\0\0006\307:e\322\0\0\0T\321\0\0\0\0\0\0", 3200, MSG_DONTWAIT, NULL, NULL) = 32
13855 1784057831.740163 <... recvfrom resumed> 0x745ededc80, 3200, MSG_DONTWAIT, NULL, NULL) = -1 EAGAIN (Try again)
13834 1784057831.740174 recvfrom(43, 0x7fc50e81b0, 3200, MSG_DONTWAIT, NULL, NULL) = -1 EAGAIN (Try again)
13834 1784057831.740943 recvfrom(43, 0x7fc50e8110, 3200, MSG_DONTWAIT, NULL, NULL) = -1 EAGAIN (Try again)
13855 1784057831.750676 recvfrom(40, 0x745ededeb0, 3200, MSG_DONTWAIT, NULL, NULL) = -1 EAGAIN (Try again)
13855 1784057831.756520 recvfrom(40, "nysv\0\0\0\0\0\0\0\0\0\0\0\0\331%9f\322\0\0\0U\321\0\0\0\0\0\0", 3200, MSG_DONTWAIT, NULL, NULL) = 32
13855 1784057831.756845 recvfrom(40,  <unfinished ...>
13834 1784057831.756859 recvfrom(43,  <unfinished ...>
13855 1784057831.756980 <... recvfrom resumed> 0x745ededc80, 3200, MSG_DONTWAIT, NULL, NULL) = -1 EAGAIN (Try again)
13834 1784057831.756995 <... recvfrom resumed> "nysv\0\0\0\0\0\0\0\0\0\0\0\0\331%9f\322\0\0\0U\321\0\0\0\0\0\0", 3200, MSG_DONTWAIT, NULL, NULL) = 32
13834 1784057831.757090 recvfrom(43, 0x7fc50e81b0, 3200, MSG_DONTWAIT, NULL, NULL) = -1 EAGAIN (Try again)
13834 1784057831.760341 recvfrom(43, 0x7fc50e8110, 3200, MSG_DONTWAIT, NULL, NULL) = -1 EAGAIN (Try again)
13855 1784057831.768779 recvfrom(40, 0x745ededeb0, 3200, MSG_DONTWAIT, NULL, NULL) = -1 EAGAIN (Try again)
13855 1784057831.773567 recvfrom(40,  <unfinished ...>
13834 1784057831.773571 recvfrom(43,  <unfinished ...>
13855 1784057831.773728 <... recvfrom resumed> "nysv\0\0\0\0\0\0\0\0\0\0\0\0mk7g\322\0\0\0V\321\0\0\0\0\0\0", 3200, MSG_DONTWAIT, NULL, NULL) = 32
13855 1784057831.773887 recvfrom(40,  <unfinished ...>
13834 1784057831.773899 <... recvfrom resumed> "nysv\0\0\0\0\0\0\0\0\0\0\0\0mk7g\322\0\0\0V\321\0\0\0\0\0\0", 3200, MSG_DONTWAIT, NULL, NULL) = 32
13855 1784057831.774003 <... recvfrom resumed> 0x745ededc80, 3200, MSG_DONTWAIT, NULL, NULL) = -1 EAGAIN (Try again)
13834 1784057831.774015 recvfrom(43, 0x7fc50e81b0, 3200, MSG_DONTWAIT, NULL, NULL) = -1 EAGAIN (Try again)
13834 1784057831.775863 recvfrom(43, 0x7fc50e8110, 3200, MSG_DONTWAIT, NULL, NULL) = -1 EAGAIN (Try again)
13855 1784057831.785734 recvfrom(40, 0x745ededeb0, 3200, MSG_DONTWAIT, NULL, NULL) = -1 EAGAIN (Try again)
13855 1784057831.795907 recvfrom(40, "nysv\0\0\0\0\0\0\0\0\0\0\0\0\27\2725h\322\0\0\0W\321\0\0\0\0\0\0", 3200, MSG_DONTWAIT, NULL, NULL) = 32
13834 1784057831.796049 recvfrom(43,  <unfinished ...>
13855 1784057831.796099 recvfrom(40, 0x745ededc80, 3200, MSG_DONTWAIT, NULL, NULL) = -1 EAGAIN (Try again)
13834 1784057831.796212 <... recvfrom resumed> "nysv\0\0\0\0\0\0\0\0\0\0\0\0\27\2725h\322\0\0\0W\321\0\0\0\0\0\0", 3200, MSG_DONTWAIT, NULL, NULL) = 32
13834 1784057831.796360 recvfrom(43, 0x7fc50e81b0, 3200, MSG_DONTWAIT, NULL, NULL) = -1 EAGAIN (Try again)
13834 1784057831.796821 recvfrom(43, 0x7fc50e8110, 3200, MSG_DONTWAIT, NULL, NULL) = -1 EAGAIN (Try again)
13855 1784057831.804304 recvfrom(40, 0x745ededeb0, 3200, MSG_DONTWAIT, NULL, NULL) = -1 EAGAIN (Try again)
13855 1784057831.805612 recvfrom(40,  <unfinished ...>
13834 1784057831.805627 recvfrom(43,  <unfinished ...>
13855 1784057831.805721 <... recvfrom resumed> "nysv\0\0\0\0\0\0\0\0\0\0\0\0\375K4i\322\0\0\0X\321\0\0\0\0\0\0", 3200, MSG_DONTWAIT, NULL, NULL) = 32
13855 1784057831.805856 recvfrom(40, 0x745ededc80, 3200, MSG_DONTWAIT, NULL, NULL) = -1 EAGAIN (Try again)
13834 1784057831.806029 <... recvfrom resumed> "nysv\0\0\0\0\0\0\0\0\0\0\0\0\375K4i\322\0\0\0X\321\0\0\0\0\0\0", 3200, MSG_DONTWAIT, NULL, NULL) = 32
13834 1784057831.806154 recvfrom(43, 0x7fc50e81b0, 3200, MSG_DONTWAIT, NULL, NULL) = -1 EAGAIN (Try again)
13834 1784057831.806777 recvfrom(43, 0x7fc50e8110, 3200, MSG_DONTWAIT, NULL, NULL) = -1 EAGAIN (Try again)
13855 1784057831.818243 recvfrom(40, 0x745ededeb0, 3200, MSG_DONTWAIT, NULL, NULL) = -1 EAGAIN (Try again)
13855 1784057831.822627 recvfrom(40, "nysv\0\0\0\0\0\0\0\0\0\0\0\0\327\3012j\322\0\0\0Y\321\0\0\0\0\0\0", 3200, MSG_DONTWAIT, NULL, NULL) = 32
13834 1784057831.822921 recvfrom(43,  <unfinished ...>
13855 1784057831.822959 recvfrom(40, 0x745ededc80, 3200, MSG_DONTWAIT, NULL, NULL) = -1 EAGAIN (Try again)
13834 1784057831.823257 <... recvfrom resumed> "nysv\0\0\0\0\0\0\0\0\0\0\0\0\327\3012j\322\0\0\0Y\321\0\0\0\0\0\0", 3200, MSG_DONTWAIT, NULL, NULL) = 32
13834 1784057831.823384 recvfrom(43, 0x7fc50e81b0, 3200, MSG_DONTWAIT, NULL, NULL) = -1 EAGAIN (Try again)
13834 1784057831.826925 recvfrom(43, 0x7fc50e8110, 3200, MSG_DONTWAIT, NULL, NULL) = -1 EAGAIN (Try again)
13855 1784057831.835969 recvfrom(40, 0x745ededeb0, 3200, MSG_DONTWAIT, NULL, NULL) = -1 EAGAIN (Try again)
13855 1784057831.839872 recvfrom(40,  <unfinished ...>
13834 1784057831.839887 recvfrom(43,  <unfinished ...>
13855 1784057831.840016 <... recvfrom resumed> "nysv\0\0\0\0\0\0\0\0\0\0\0\0u\0361k\322\0\0\0Z\321\0\0\0\0\0\0", 3200, MSG_DONTWAIT, NULL, NULL) = 32
13855 1784057831.840170 recvfrom(40,  <unfinished ...>
13834 1784057831.840182 <... recvfrom resumed> "nysv\0\0\0\0\0\0\0\0\0\0\0\0u\0361k\322\0\0\0Z\321\0\0\0\0\0\0", 3200, MSG_DONTWAIT, NULL, NULL) = 32
13855 1784057831.840280 <... recvfrom resumed> 0x745ededc80, 3200, MSG_DONTWAIT, NULL, NULL) = -1 EAGAIN (Try again)
13834 1784057831.840350 recvfrom(43, 0x7fc50e81b0, 3200, MSG_DONTWAIT, NULL, NULL) = -1 EAGAIN (Try again)
13834 1784057831.843622 recvfrom(43, 0x7fc50e8110, 3200, MSG_DONTWAIT, NULL, NULL) = -1 EAGAIN (Try again)
13855 1784057831.852115 recvfrom(40, 0x745ededeb0, 3200, MSG_DONTWAIT, NULL, NULL) = -1 EAGAIN (Try again)
13855 1784057831.857005 recvfrom(40, "nysv\0\0\0\0\0\0\0\0\0\0\0\0\250a/l\322\0\0\0[\321\0\0\0\0\0\0", 3200, MSG_DONTWAIT, NULL, NULL) = 32
13855 1784057831.857254 recvfrom(40,  <unfinished ...>
13834 1784057831.857272 recvfrom(43,  <unfinished ...>
13855 1784057831.857375 <... recvfrom resumed> 0x745ededc80, 3200, MSG_DONTWAIT, NULL, NULL) = -1 EAGAIN (Try again)
13834 1784057831.857470 <... recvfrom resumed> "nysv\0\0\0\0\0\0\0\0\0\0\0\0\250a/l\322\0\0\0[\321\0\0\0\0\0\0", 3200, MSG_DONTWAIT, NULL, NULL) = 32
13834 1784057831.857588 recvfrom(43, 0x7fc50e81b0, 3200, MSG_DONTWAIT, NULL, NULL) = -1 EAGAIN (Try again)
13834 1784057831.861040 recvfrom(43, 0x7fc50e8110, 3200, MSG_DONTWAIT, NULL, NULL) = -1 EAGAIN (Try again)
13855 1784057831.868971 recvfrom(40, 0x745ededeb0, 3200, MSG_DONTWAIT, NULL, NULL) = -1 EAGAIN (Try again)
13855 1784057831.873576 recvfrom(40,  <unfinished ...>
13834 1784057831.873589 recvfrom(43,  <unfinished ...>
13855 1784057831.873698 <... recvfrom resumed> "nysv\0\0\0\0\0\0\0\0\0\0\0\0\334\262-m\322\0\0\0\\\321\0\0\0\0\0\0", 3200, MSG_DONTWAIT, NULL, NULL) = 32
13834 1784057831.873718 <... recvfrom resumed> "nysv\0\0\0\0\0\0\0\0\0\0\0\0\334\262-m\322\0\0\0\\\321\0\0\0\0\0\0", 3200, MSG_DONTWAIT, NULL, NULL) = 32
13855 1784057831.873810 recvfrom(40,  <unfinished ...>
13834 1784057831.873820 recvfrom(43,  <unfinished ...>
13855 1784057831.873957 <... recvfrom resumed> 0x745ededc80, 3200, MSG_DONTWAIT, NULL, NULL) = -1 EAGAIN (Try again)
13834 1784057831.873990 <... recvfrom resumed> 0x7fc50e81b0, 3200, MSG_DONTWAIT, NULL, NULL) = -1 EAGAIN (Try again)
13834 1784057831.874571 recvfrom(43, 0x7fc50e8110, 3200, MSG_DONTWAIT, NULL, NULL) = -1 EAGAIN (Try again)
13855 1784057831.884883 recvfrom(40, 0x745ededeb0, 3200, MSG_DONTWAIT, NULL, NULL) = -1 EAGAIN (Try again)
13855 1784057831.890250 recvfrom(40,  <unfinished ...>
13834 1784057831.890263 recvfrom(43, "nysv\0\0\0\0\0\0\0\0\0\0\0\0g\356+n\322\0\0\0]\321\0\0\0\0\0\0", 3200, MSG_DONTWAIT, NULL, NULL) = 32
13855 1784057831.890576 <... recvfrom resumed> "nysv\0\0\0\0\0\0\0\0\0\0\0\0g\356+n\322\0\0\0]\321\0\0\0\0\0\0", 3200, MSG_DONTWAIT, NULL, NULL) = 32
13834 1784057831.890593 recvfrom(43,  <unfinished ...>
13855 1784057831.890781 recvfrom(40,  <unfinished ...>
13834 1784057831.890784 <... recvfrom resumed> 0x7fc50e81b0, 3200, MSG_DONTWAIT, NULL, NULL) = -1 EAGAIN (Try again)
13855 1784057831.890876 <... recvfrom resumed> 0x745ededc80, 3200, MSG_DONTWAIT, NULL, NULL) = -1 EAGAIN (Try again)
13834 1784057831.891088 recvfrom(43, 0x7fc50e8110, 3200, MSG_DONTWAIT, NULL, NULL) = -1 EAGAIN (Try again)
13855 1784057831.902733 recvfrom(40, 0x745ededeb0, 3200, MSG_DONTWAIT, NULL, NULL) = -1 EAGAIN (Try again)
13855 1784057831.906257 recvfrom(40,  <unfinished ...>
13834 1784057831.906260 recvfrom(43,  <unfinished ...>
13855 1784057831.906304 <... recvfrom resumed> "nysv\0\0\0\0\0\0\0\0\0\0\0\0\235U*o\322\0\0\0^\321\0\0\0\0\0\0", 3200, MSG_DONTWAIT, NULL, NULL) = 32
13855 1784057831.906444 recvfrom(40, 0x745ededc80, 3200, MSG_DONTWAIT, NULL, NULL) = -1 EAGAIN (Try again)
13834 1784057831.906621 <... recvfrom resumed> "nysv\0\0\0\0\0\0\0\0\0\0\0\0\235U*o\322\0\0\0^\321\0\0\0\0\0\0", 3200, MSG_DONTWAIT, NULL, NULL) = 32
13834 1784057831.906777 recvfrom(43, 0x7fc50e81b0, 3200, MSG_DONTWAIT, NULL, NULL) = -1 EAGAIN (Try again)
13834 1784057831.908772 recvfrom(43, 0x7fc50e8110, 3200, MSG_DONTWAIT, NULL, NULL) = -1 EAGAIN (Try again)
13855 1784057831.918813 recvfrom(40, 0x745ededeb0, 3200, MSG_DONTWAIT, NULL, NULL) = -1 EAGAIN (Try again)
13855 1784057831.922906 recvfrom(40,  <unfinished ...>
13834 1784057831.922932 recvfrom(43, "nysv\0\0\0\0\0\0\0\0\0\0\0\0N\303(p\322\0\0\0_\321\0\0\0\0\0\0", 3200, MSG_DONTWAIT, NULL, NULL) = 32
13834 1784057831.923213 recvfrom(43,  <unfinished ...>
13855 1784057831.923367 <... recvfrom resumed> "nysv\0\0\0\0\0\0\0\0\0\0\0\0N\303(p\322\0\0\0_\321\0\0\0\0\0\0", 3200, MSG_DONTWAIT, NULL, NULL) = 32
13834 1784057831.923385 <... recvfrom resumed> 0x7fc50e81b0, 3200, MSG_DONTWAIT, NULL, NULL) = -1 EAGAIN (Try again)
13855 1784057831.923482 recvfrom(40, 0x745ededc80, 3200, MSG_DONTWAIT, NULL, NULL) = -1 EAGAIN (Try again)
13834 1784057831.923701 recvfrom(43, 0x7fc50e8110, 3200, MSG_DONTWAIT, NULL, NULL) = -1 EAGAIN (Try again)
13855 1784057831.935444 recvfrom(40, 0x745ededeb0, 3200, MSG_DONTWAIT, NULL, NULL) = -1 EAGAIN (Try again)
13855 1784057831.939228 recvfrom(40,  <unfinished ...>
13834 1784057831.939241 recvfrom(43,  <unfinished ...>
13855 1784057831.939353 <... recvfrom resumed> "nysv\0\0\0\0\0\0\0\0\0\0\0\0\354;'q\322\0\0\0`\321\0\0\0\0\0\0", 3200, MSG_DONTWAIT, NULL, NULL) = 32
13834 1784057831.939400 <... recvfrom resumed> "nysv\0\0\0\0\0\0\0\0\0\0\0\0\354;'q\322\0\0\0`\321\0\0\0\0\0\0", 3200, MSG_DONTWAIT, NULL, NULL) = 32
13855 1784057831.939508 recvfrom(40,  <unfinished ...>
13834 1784057831.939572 recvfrom(43, 0x7fc50e81b0, 3200, MSG_DONTWAIT, NULL, NULL) = -1 EAGAIN (Try again)
13855 1784057831.939883 <... recvfrom resumed> 0x745ededc80, 3200, MSG_DONTWAIT, NULL, NULL) = -1 EAGAIN (Try again)
13855 1784057831.955708 recvfrom(40, "nysv\0\0\0\0\0\0\0\0\0\0\0\0q\302%r\322\0\0\0a\321\0\0\0\0\0\0", 3200, MSG_DONTWAIT, NULL, NULL) = 32
13855 1784057831.955954 recvfrom(40, 0x745ededc80, 3200, MSG_DONTWAIT, NULL, NULL) = -1 EAGAIN (Try again)
13834 1784057832.092087 recvfrom(43, 0x7fc50e8200, 3200, MSG_DONTWAIT, NULL, NULL) = -1 EAGAIN (Try again)
13834 1784057832.106911 recvfrom(43, "nysv\0\0\0\0\0\0\0\0\0\0\0\0%T\25{\322\0\0\0j\321\0\0\0\0\0\0", 3200, MSG_DONTWAIT, NULL, NULL) = 32
13834 1784057832.107794 recvfrom(43, 0x7fc50e81b0, 3200, MSG_DONTWAIT, NULL, NULL) = -1 EAGAIN (Try again)
13834 1784057832.108382 recvfrom(45, 0x74ef3b7c20, 2272, MSG_DONTWAIT, NULL, NULL) = -1 EAGAIN (Try again)
13834 1784057832.120513 recvfrom(43, 0x7fc50e7f30, 3200, MSG_DONTWAIT, NULL, NULL) = -1 EAGAIN (Try again)
13834 1784057832.123215 clone(child_stack=0x745b5b5d40, flags=CLONE_VM|CLONE_FS|CLONE_FILES|CLONE_SIGHAND|CLONE_THREAD|CLONE_SYSVSEM|CLONE_SETTLS|CLONE_PARENT_SETTID|CLONE_CHILD_CLEARTID, parent_tidptr=0x745b5b5d60, tls=0x745b5b6020, child_tidptr=0x745b5b5d60) = 13932
13834 1784057832.128396 recvfrom(43, "nysv\0\0\0\0\0\0\0\0\0\0\0\0\215\350\23|\322\0\0\0k\321\0\0\0\0\0\0", 3200, MSG_DONTWAIT, NULL, NULL) = 32
13834 1784057832.128640 recvfrom(43, 0x7fc50e81b0, 3200, MSG_DONTWAIT, NULL, NULL) = -1 EAGAIN (Try again)
13834 1784057832.129416 recvfrom(45, 0x74ef3b7c20, 2272, MSG_DONTWAIT, NULL, NULL) = -1 EAGAIN (Try again)
13871 1784057832.134692 sendmsg(65, {msg_name=NULL, msg_namelen=0, msg_iov=[{iov_base="l\1\1\1\374\0\0\0V\0\0\0\235\0\0\0\1\1o\0;\0\0\0/re/frid"..., iov_len=428}], msg_iovlen=1, msg_controllen=0, msg_flags=0}, MSG_NOSIGNAL) = 428
13834 1784057833.462919 recvfrom(43, 0x7fc50e6bd0, 3200, MSG_DONTWAIT, NULL, NULL) = -1 EAGAIN (Try again)
13834 1784057833.472845 recvfrom(43, "nysv\0\0\0\0\0\0\0\0\0\0\0\0\325\317\207\314\322\0\0\0\273\321\0\0\0\0\0\0", 3200, MSG_DONTWAIT, NULL, NULL) = 32
13834 1784057833.473049 recvfrom(43, 0x7fc50e81b0, 3200, MSG_DONTWAIT, NULL, NULL) = -1 EAGAIN (Try again)
13834 1784057833.473382 recvfrom(45, 0x74ef3b7c20, 2272, MSG_DONTWAIT, NULL, NULL) = -1 EAGAIN (Try again)
13870 1784057834.532566 exit(0)         = ?
13870 1784057834.532939 +++ exited with 0 +++
13868 1784057834.584261 faccessat(AT_FDCWD, "/proc/self/task/13870", F_OK) = -1 ENOENT (No such file or directory)
