21917 1784098804.217200 exit(0)         = ?
21917 1784098804.217573 +++ exited with 0 +++
21893 1784098804.264030 recvfrom(44, 0x7feb340300, 3200, MSG_DONTWAIT, NULL, NULL) = -1 EAGAIN (Try again)
21893 1784098804.273515 recvfrom(44, "nysv\0\0\0\0\0\0\0\0\0\0\0\0\344\336\223\333\321\3\0\0\250A\0\0\0\0\0\0", 3200, MSG_DONTWAIT, NULL, NULL) = 32
21893 1784098804.273811 recvfrom(44, 0x7feb340460, 3200, MSG_DONTWAIT, NULL, NULL) = -1 EAGAIN (Try again)
21893 1784098804.274316 recvfrom(46, 0x761f7cc820, 2272, MSG_DONTWAIT, NULL, NULL) = -1 EAGAIN (Try again)
21893 1784098804.770397 recvfrom(44, 0x7feb340300, 3200, MSG_DONTWAIT, NULL, NULL) = -1 EAGAIN (Try again)
21893 1784098804.795382 recvfrom(44, "nysv\0\0\0\0\0\0\0\0\0\0\0\0S4^\372\321\3\0\0\251A\0\0\0\0\0\0", 3200, MSG_DONTWAIT, NULL, NULL) = 32
21893 1784098804.796073 recvfrom(44, 0x7feb340460, 3200, MSG_DONTWAIT, NULL, NULL) = -1 EAGAIN (Try again)
21893 1784098804.797299 recvfrom(46, 0x761f7cc820, 2272, MSG_DONTWAIT, NULL, NULL) = -1 EAGAIN (Try again)
21893 1784098805.282819 recvfrom(44, 0x7feb340300, 3200, MSG_DONTWAIT, NULL, NULL) = -1 EAGAIN (Try again)
21893 1784098805.288549 recvfrom(44, "nysv\0\0\0\0\0\0\0\0\0\0\0\0\5J,\30\322\3\0\0\252A\0\0\0\0\0\0", 3200, MSG_DONTWAIT, NULL, NULL) = 32
21893 1784098805.289231 recvfrom(44, 0x7feb340460, 3200, MSG_DONTWAIT, NULL, NULL) = -1 EAGAIN (Try again)
21893 1784098805.290133 recvfrom(46, 0x761f7cc820, 2272, MSG_DONTWAIT, NULL, NULL) = -1 EAGAIN (Try again)
21893 1784098805.787587 recvfrom(44, 0x7feb340300, 3200, MSG_DONTWAIT, NULL, NULL) = -1 EAGAIN (Try again)
21893 1784098805.807227 recvfrom(44, "nysv\0\0\0\0\0\0\0\0\0\0\0\0^\312\3676\322\3\0\0\253A\0\0\0\0\0\0", 3200, MSG_DONTWAIT, NULL, NULL) = 32
21893 1784098805.807874 recvfrom(44, 0x7feb340460, 3200, MSG_DONTWAIT, NULL, NULL) = -1 EAGAIN (Try again)
21893 1784098805.809134 recvfrom(46, 0x761f7cc820, 2272, MSG_DONTWAIT, NULL, NULL) = -1 EAGAIN (Try again)
21901 1784098806.183090 exit(0)         = ?
21901 1784098806.183215 +++ exited with 0 +++
21898 1784098806.185725 exit(0)         = ?
21898 1784098806.186145 +++ exited with 0 +++
21903 1784098806.186771 exit(0 <unfinished ...>
21902 1784098806.186776 exit(0 <unfinished ...>
21903 1784098806.186898 <... exit resumed>) = ?
21902 1784098806.186900 <... exit resumed>) = ?
21903 1784098806.187034 +++ exited with 0 +++
21902 1784098806.187048 +++ exited with 0 +++
21913 1784098806.188961 newfstatat(AT_FDCWD, "/data", {st_mode=S_IFDIR|0771, st_size=4096, ...}, AT_SYMLINK_NOFOLLOW) = 0
21913 1784098806.189371 newfstatat(AT_FDCWD, "/data/app", {st_mode=S_IFDIR|0771, st_size=4096, ...}, AT_SYMLINK_NOFOLLOW) = 0
21913 1784098806.189772 newfstatat(AT_FDCWD, "/data/app/buet.rafi.dictionary-Zul7-UNGB9aBg7dVNTCRjA==", {st_mode=S_IFDIR|0775, st_size=4096, ...}, AT_SYMLINK_NOFOLLOW) = 0
21913 1784098806.190143 newfstatat(AT_FDCWD, "/data/app/buet.rafi.dictionary-Zul7-UNGB9aBg7dVNTCRjA==/base.apk", {st_mode=S_IFREG|0644, st_size=477072, ...}, AT_SYMLINK_NOFOLLOW) = 0
21913 1784098806.190536 getcwd("/", 4096) = 2
21913 1784098806.190904 newfstatat(AT_FDCWD, "/base.apk", 0x758f28a690, AT_SYMLINK_NOFOLLOW) = -1 ENOENT (No such file or directory)
21893 1784098806.291389 recvfrom(44, 0x7feb340300, 3200, MSG_DONTWAIT, NULL, NULL) = -1 EAGAIN (Try again)
21893 1784098806.307052 recvfrom(44, "nysv\0\0\0\0\0\0\0\0\0\0\0\0\1\316\304T\322\3\0\0\254A\0\0\0\0\0\0", 3200, MSG_DONTWAIT, NULL, NULL) = 32
21893 1784098806.307700 recvfrom(44, 0x7feb340460, 3200, MSG_DONTWAIT, NULL, NULL) = -1 EAGAIN (Try again)
21893 1784098806.308650 recvfrom(46, 0x761f7cc820, 2272, MSG_DONTWAIT, NULL, NULL) = -1 EAGAIN (Try again)
21893 1784098806.794536 recvfrom(44, 0x7feb340300, 3200, MSG_DONTWAIT, NULL, NULL) = -1 EAGAIN (Try again)
21893 1784098806.807519 recvfrom(44, "nysv\0\0\0\0\0\0\0\0\0\0\0\0\354\336\221r\322\3\0\0\255A\0\0\0\0\0\0", 3200, MSG_DONTWAIT, NULL, NULL) = 32
21893 1784098806.807802 recvfrom(44, 0x7feb340460, 3200, MSG_DONTWAIT, NULL, NULL) = -1 EAGAIN (Try again)
21893 1784098806.808343 recvfrom(46, 0x761f7cc820, 2272, MSG_DONTWAIT, NULL, NULL) = -1 EAGAIN (Try again)
21893 1784098807.307043 recvfrom(44, 0x7feb340300, 3200, MSG_DONTWAIT, NULL, NULL) = -1 EAGAIN (Try again)
21893 1784098807.323376 recvfrom(44, "nysv\0\0\0\0\0\0\0\0\0\0\0\0VN]\221\322\3\0\0\256A\0\0\0\0\0\0", 3200, MSG_DONTWAIT, NULL, NULL) = 32
21893 1784098807.324077 recvfrom(44, 0x7feb340460, 3200, MSG_DONTWAIT, NULL, NULL) = -1 EAGAIN (Try again)
21893 1784098807.325170 recvfrom(46, 0x761f7cc820, 2272, MSG_DONTWAIT, NULL, NULL) = -1 EAGAIN (Try again)
21893 1784098807.815913 recvfrom(44, 0x7feb340300, 3200, MSG_DONTWAIT, NULL, NULL) = -1 EAGAIN (Try again)
21893 1784098807.822204 recvfrom(44, "nysv\0\0\0\0\0\0\0\0\0\0\0\0Hd*\257\322\3\0\0\257A\0\0\0\0\0\0", 3200, MSG_DONTWAIT, NULL, NULL) = 32
21893 1784098807.822626 recvfrom(44, 0x7feb340460, 3200, MSG_DONTWAIT, NULL, NULL) = -1 EAGAIN (Try again)
21893 1784098807.823338 recvfrom(46, 0x761f7cc820, 2272, MSG_DONTWAIT, NULL, NULL) = -1 EAGAIN (Try again)
21893 1784098808.319093 recvfrom(44, 0x7feb340300, 3200, MSG_DONTWAIT, NULL, NULL) = -1 EAGAIN (Try again)
21893 1784098808.321116 recvfrom(44, "nysv\0\0\0\0\0\0\0\0\0\0\0\0\270\373\367\314\322\3\0\0\262A\0\0\0\0\0\0", 3200, MSG_DONTWAIT, NULL, NULL) = 32
21893 1784098808.321529 recvfrom(44, 0x7feb340460, 3200, MSG_DONTWAIT, NULL, NULL) = -1 EAGAIN (Try again)
21893 1784098808.321844 recvfrom(46, 0x761f7cc820, 2272, MSG_DONTWAIT, NULL, NULL) = -1 EAGAIN (Try again)
21893 1784098808.824471 recvfrom(44, 0x7feb340300, 3200, MSG_DONTWAIT, NULL, NULL) = -1 EAGAIN (Try again)
21893 1784098808.841241 recvfrom(44, "nysv\0\0\0\0\0\0\0\0\0\0\0\0sv\303\353\322\3\0\0\263A\0\0\0\0\0\0", 3200, MSG_DONTWAIT, NULL, NULL) = 32
21893 1784098808.841914 recvfrom(44, 0x7feb340460, 3200, MSG_DONTWAIT, NULL, NULL) = -1 EAGAIN (Try again)
21893 1784098808.842990 recvfrom(46, 0x761f7cc820, 2272, MSG_DONTWAIT, NULL, NULL) = -1 EAGAIN (Try again)
21893 1784098809.329818 recvfrom(44, 0x7feb340300, 3200, MSG_DONTWAIT, NULL, NULL) = -1 EAGAIN (Try again)
21893 1784098809.337674 recvfrom(44, "nysv\0\0\0\0\0\0\0\0\0\0\0\0\342O\221\t\323\3\0\0\264A\0\0\0\0\0\0", 3200, MSG_DONTWAIT, NULL, NULL) = 32
21893 1784098809.338129 recvfrom(44, 0x7feb340460, 3200, MSG_DONTWAIT, NULL, NULL) = -1 EAGAIN (Try again)
21893 1784098809.339032 recvfrom(46, 0x761f7cc820, 2272, MSG_DONTWAIT, NULL, NULL) = -1 EAGAIN (Try again)
21893 1784098809.839976 recvfrom(44, 0x7feb340300, 3200, MSG_DONTWAIT, NULL, NULL) = -1 EAGAIN (Try again)
21893 1784098809.858785 recvfrom(44, "nysv\0\0\0\0\0\0\0\0\0\0\0\0G9\\(\323\3\0\0\265A\0\0\0\0\0\0", 3200, MSG_DONTWAIT, NULL, NULL) = 32
21893 1784098809.859481 recvfrom(44, 0x7feb340460, 3200, MSG_DONTWAIT, NULL, NULL) = -1 EAGAIN (Try again)
21893 1784098809.860674 recvfrom(46, 0x761f7cc820, 2272, MSG_DONTWAIT, NULL, NULL) = -1 EAGAIN (Try again)
21893 1784098810.343178 recvfrom(44, 0x7feb340300, 3200, MSG_DONTWAIT, NULL, NULL) = -1 EAGAIN (Try again)
21893 1784098810.354422 recvfrom(44, "nysv\0\0\0\0\0\0\0\0\0\0\0\0\204\314)F\323\3\0\0\266A\0\0\0\0\0\0", 3200, MSG_DONTWAIT, NULL, NULL) = 32
21893 1784098810.354793 recvfrom(44, 0x7feb340460, 3200, MSG_DONTWAIT, NULL, NULL) = -1 EAGAIN (Try again)
21893 1784098810.355608 recvfrom(46, 0x761f7cc820, 2272, MSG_DONTWAIT, NULL, NULL) = -1 EAGAIN (Try again)
21893 1784098810.851809 recvfrom(44, 0x7feb340300, 3200, MSG_DONTWAIT, NULL, NULL) = -1 EAGAIN (Try again)
21893 1784098810.854521 recvfrom(44, "nysv\0\0\0\0\0\0\0\0\0\0\0\0\373Q\367c\323\3\0\0\267A\0\0\0\0\0\0", 3200, MSG_DONTWAIT, NULL, NULL) = 32
21893 1784098810.854805 recvfrom(44, 0x7feb340460, 3200, MSG_DONTWAIT, NULL, NULL) = -1 EAGAIN (Try again)
21893 1784098810.855298 recvfrom(46, 0x761f7cc820, 2272, MSG_DONTWAIT, NULL, NULL) = -1 EAGAIN (Try again)
21893 1784098811.361784 recvfrom(44, 0x7feb340300, 3200, MSG_DONTWAIT, NULL, NULL) = -1 EAGAIN (Try again)
21893 1784098811.374173 recvfrom(44, "nysv\0\0\0\0\0\0\0\0\0\0\0\0\335n\301\202\323\3\0\0\270A\0\0\0\0\0\0", 3200, MSG_DONTWAIT, NULL, NULL) = 32
21893 1784098811.374680 recvfrom(44, 0x7feb340460, 3200, MSG_DONTWAIT, NULL, NULL) = -1 EAGAIN (Try again)
21893 1784098811.375699 recvfrom(46, 0x761f7cc820, 2272, MSG_DONTWAIT, NULL, NULL) = -1 EAGAIN (Try again)
21893 1784098811.871188 recvfrom(44, 0x7feb340300, 3200, MSG_DONTWAIT, NULL, NULL) = -1 EAGAIN (Try again)
21893 1784098811.889600 recvfrom(44, "nysv\0\0\0\0\0\0\0\0\0\0\0\0G\364\214\241\323\3\0\0\271A\0\0\0\0\0\0", 3200, MSG_DONTWAIT, NULL, NULL) = 32
21893 1784098811.890243 recvfrom(44, 0x7feb340460, 3200, MSG_DONTWAIT, NULL, NULL) = -1 EAGAIN (Try again)
21893 1784098811.891224 recvfrom(46, 0x761f7cc820, 2272, MSG_DONTWAIT, NULL, NULL) = -1 EAGAIN (Try again)
21893 1784098812.375488 recvfrom(44, 0x7feb340300, 3200, MSG_DONTWAIT, NULL, NULL) = -1 EAGAIN (Try again)
21893 1784098812.388384 recvfrom(44, "nysv\0\0\0\0\0\0\0\0\0\0\0\0+\20Z\277\323\3\0\0\272A\0\0\0\0\0\0", 3200, MSG_DONTWAIT, NULL, NULL) = 32
21893 1784098812.389101 recvfrom(44, 0x7feb340460, 3200, MSG_DONTWAIT, NULL, NULL) = -1 EAGAIN (Try again)
21893 1784098812.390391 recvfrom(46, 0x761f7cc820, 2272, MSG_DONTWAIT, NULL, NULL) = -1 EAGAIN (Try again)
21893 1784098812.886684 recvfrom(44, 0x7feb340300, 3200, MSG_DONTWAIT, NULL, NULL) = -1 EAGAIN (Try again)
21893 1784098812.889663 recvfrom(44, "nysv\0\0\0\0\0\0\0\0\0\0\0\0\207y'\335\323\3\0\0\273A\0\0\0\0\0\0", 3200, MSG_DONTWAIT, NULL, NULL) = 32
21893 1784098812.890325 recvfrom(44, 0x7feb340460, 3200, MSG_DONTWAIT, NULL, NULL) = -1 EAGAIN (Try again)
21893 1784098812.890863 recvfrom(46, 0x761f7cc820, 2272, MSG_DONTWAIT, NULL, NULL) = -1 EAGAIN (Try again)
21893 1784098813.391630 recvfrom(44, 0x7feb340300, 3200, MSG_DONTWAIT, NULL, NULL) = -1 EAGAIN (Try again)
21893 1784098813.404468 recvfrom(44, "nysv\0\0\0\0\0\0\0\0\0\0\0\0\5\242\362\373\323\3\0\0\274A\0\0\0\0\0\0", 3200, MSG_DONTWAIT, NULL, NULL) = 32
21893 1784098813.404643 recvfrom(44, 0x7feb340460, 3200, MSG_DONTWAIT, NULL, NULL) = -1 EAGAIN (Try again)
21893 1784098813.405178 recvfrom(46, 0x761f7cc820, 2272, MSG_DONTWAIT, NULL, NULL) = -1 EAGAIN (Try again)
21893 1784098813.894706 recvfrom(44, 0x7feb340300, 3200, MSG_DONTWAIT, NULL, NULL) = -1 EAGAIN (Try again)
21893 1784098813.905724 recvfrom(44, "nysv\0\0\0\0\0\0\0\0\0\0\0\0\216\360\277\31\324\3\0\0\275A\0\0\0\0\0\0", 3200, MSG_DONTWAIT, NULL, NULL) = 32
21893 1784098813.906226 recvfrom(44, 0x7feb340460, 3200, MSG_DONTWAIT, NULL, NULL) = -1 EAGAIN (Try again)
21893 1784098813.907156 recvfrom(46, 0x761f7cc820, 2272, MSG_DONTWAIT, NULL, NULL) = -1 EAGAIN (Try again)
21893 1784098814.401671 recvfrom(44, 0x7feb340300, 3200, MSG_DONTWAIT, NULL, NULL) = -1 EAGAIN (Try again)
21893 1784098814.404011 recvfrom(44, "nysv\0\0\0\0\0\0\0\0\0\0\0\0\306\300\2147\324\3\0\0\276A\0\0\0\0\0\0", 3200, MSG_DONTWAIT, NULL, NULL) = 32
21893 1784098814.404342 recvfrom(44, 0x7feb340460, 3200, MSG_DONTWAIT, NULL, NULL) = -1 EAGAIN (Try again)
21893 1784098814.404659 recvfrom(46, 0x761f7cc820, 2272, MSG_DONTWAIT, NULL, NULL) = -1 EAGAIN (Try again)
21893 1784098814.912774 recvfrom(44, 0x7feb340300, 3200, MSG_DONTWAIT, NULL, NULL) = -1 EAGAIN (Try again)
21893 1784098814.921480 recvfrom(44, "nysv\0\0\0\0\0\0\0\0\0\0\0\0\304\357XV\324\3\0\0\277A\0\0\0\0\0\0", 3200, MSG_DONTWAIT, NULL, NULL) = 32
21893 1784098814.922138 recvfrom(44, 0x7feb340460, 3200, MSG_DONTWAIT, NULL, NULL) = -1 EAGAIN (Try again)
21893 1784098814.922920 recvfrom(46, 0x761f7cc820, 2272, MSG_DONTWAIT, NULL, NULL) = -1 EAGAIN (Try again)
21893 1784098815.417254 recvfrom(44, 0x7feb340300, 3200, MSG_DONTWAIT, NULL, NULL) = -1 EAGAIN (Try again)
21893 1784098815.421824 recvfrom(44, "nysv\0\0\0\0\0\0\0\0\0\0\0\0\376\251%t\324\3\0\0\300A\0\0\0\0\0\0", 3200, MSG_DONTWAIT, NULL, NULL) = 32
21893 1784098815.422695 recvfrom(44, 0x7feb340460, 3200, MSG_DONTWAIT, NULL, NULL) = -1 EAGAIN (Try again)
21893 1784098815.423618 recvfrom(46, 0x761f7cc820, 2272, MSG_DONTWAIT, NULL, NULL) = -1 EAGAIN (Try again)
21893 1784098815.922046 recvfrom(44, 0x7feb340300, 3200, MSG_DONTWAIT, NULL, NULL) = -1 EAGAIN (Try again)
21893 1784098815.937555 recvfrom(44, "nysv\0\0\0\0\0\0\0\0\0\0\0\0e\307\361\222\324\3\0\0\301A\0\0\0\0\0\0", 3200, MSG_DONTWAIT, NULL, NULL) = 32
21893 1784098815.937719 recvfrom(44, 0x7feb340460, 3200, MSG_DONTWAIT, NULL, NULL) = -1 EAGAIN (Try again)
21893 1784098815.938205 recvfrom(46, 0x761f7cc820, 2272, MSG_DONTWAIT, NULL, NULL) = -1 EAGAIN (Try again)
21893 1784098816.429715 recvfrom(44, 0x7feb340300, 3200, MSG_DONTWAIT, NULL, NULL) = -1 EAGAIN (Try again)
21893 1784098816.437635 recvfrom(44, "nysv\0\0\0\0\0\0\0\0\0\0\0\0\261\301\276\260\324\3\0\0\302A\0\0\0\0\0\0", 3200, MSG_DONTWAIT, NULL, NULL) = 32
21893 1784098816.438094 recvfrom(44, 0x7feb340460, 3200, MSG_DONTWAIT, NULL, NULL) = -1 EAGAIN (Try again)
21893 1784098816.438883 recvfrom(46, 0x761f7cc820, 2272, MSG_DONTWAIT, NULL, NULL) = -1 EAGAIN (Try again)
21893 1784098816.939642 recvfrom(44, 0x7feb340300, 3200, MSG_DONTWAIT, NULL, NULL) = -1 EAGAIN (Try again)
21893 1784098816.959410 recvfrom(44, "nysv\0\0\0\0\0\0\0\0\0\0\0\0k:\212\317\324\3\0\0\303A\0\0\0\0\0\0", 3200, MSG_DONTWAIT, NULL, NULL) = 32
21893 1784098816.960084 recvfrom(44, 0x7feb340460, 3200, MSG_DONTWAIT, NULL, NULL) = -1 EAGAIN (Try again)
21893 1784098816.961304 recvfrom(46, 0x761f7cc820, 2272, MSG_DONTWAIT, NULL, NULL) = -1 EAGAIN (Try again)
21893 1784098817.446733 recvfrom(44, 0x7feb340300, 3200, MSG_DONTWAIT, NULL, NULL) = -1 EAGAIN (Try again)
21893 1784098817.454864 recvfrom(44, "nysv\0\0\0\0\0\0\0\0\0\0\0\0\266\1X\355\324\3\0\0\304A\0\0\0\0\0\0", 3200, MSG_DONTWAIT, NULL, NULL) = 32
21893 1784098817.455324 recvfrom(44, 0x7feb340460, 3200, MSG_DONTWAIT, NULL, NULL) = -1 EAGAIN (Try again)
21893 1784098817.456093 recvfrom(46, 0x761f7cc820, 2272, MSG_DONTWAIT, NULL, NULL) = -1 EAGAIN (Try again)
21893 1784098817.956254 recvfrom(44, 0x7feb340300, 3200, MSG_DONTWAIT, NULL, NULL) = -1 EAGAIN (Try again)
21893 1784098817.977287 recvfrom(44, "nysv\0\0\0\0\0\0\0\0\0\0\0\0mT#\f\325\3\0\0\305A\0\0\0\0\0\0", 3200, MSG_DONTWAIT, NULL, NULL) = 32
21893 1784098817.977979 recvfrom(44, 0x7feb340460, 3200, MSG_DONTWAIT, NULL, NULL) = -1 EAGAIN (Try again)
21893 1784098817.979247 recvfrom(46, 0x761f7cc820, 2272, MSG_DONTWAIT, NULL, NULL) = -1 EAGAIN (Try again)
21893 1784098818.468930 recvfrom(44, 0x7feb340300, 3200, MSG_DONTWAIT, NULL, NULL) = -1 EAGAIN (Try again)
21893 1784098818.470800 recvfrom(44, "nysv\0\0\0\0\0\0\0\0\0\0\0\0\310 \361)\325\3\0\0\306A\0\0\0\0\0\0", 3200, MSG_DONTWAIT, NULL, NULL) = 32
21893 1784098818.471109 recvfrom(44, 0x7feb340460, 3200, MSG_DONTWAIT, NULL, NULL) = -1 EAGAIN (Try again)
21893 1784098818.471658 recvfrom(46, 0x761f7cc820, 2272, MSG_DONTWAIT, NULL, NULL) = -1 EAGAIN (Try again)
21893 1784098818.977376 recvfrom(44, 0x7feb340300, 3200, MSG_DONTWAIT, NULL, NULL) = -1 EAGAIN (Try again)
21893 1784098818.990134 recvfrom(44, "nysv\0\0\0\0\0\0\0\0\0\0\0\0\f\205\274H\325\3\0\0\307A\0\0\0\0\0\0", 3200, MSG_DONTWAIT, NULL, NULL) = 32
21893 1784098818.990957 recvfrom(44, 0x7feb340460, 3200, MSG_DONTWAIT, NULL, NULL) = -1 EAGAIN (Try again)
21893 1784098818.991909 recvfrom(46, 0x761f7cc820, 2272, MSG_DONTWAIT, NULL, NULL) = -1 EAGAIN (Try again)
21927 1784098818.997546 exit(0)         = ?
21927 1784098818.998049 +++ exited with 0 +++
21925 1784098819.048267 faccessat(AT_FDCWD, "/proc/self/task/21927", F_OK) = -1 ENOENT (No such file or directory)
21893 1784098819.484910 recvfrom(44, 0x7feb340300, 3200, MSG_DONTWAIT, NULL, NULL) = -1 EAGAIN (Try again)
21893 1784098819.506147 recvfrom(44, "nysv\0\0\0\0\0\0\0\0\0\0\0\0\205#\210g\325\3\0\0\310A\0\0\0\0\0\0", 3200, MSG_DONTWAIT, NULL, NULL) = 32
21893 1784098819.506931 recvfrom(44, 0x7feb340460, 3200, MSG_DONTWAIT, NULL, NULL) = -1 EAGAIN (Try again)
21893 1784098819.507986 recvfrom(46, 0x761f7cc820, 2272, MSG_DONTWAIT, NULL, NULL) = -1 EAGAIN (Try again)
21893 1784098820.001389 recvfrom(44, 0x7feb340300, 3200, MSG_DONTWAIT, NULL, NULL) = -1 EAGAIN (Try again)
21893 1784098820.004030 recvfrom(44, "nysv\0\0\0\0\0\0\0\0\0\0\0\0\322\312U\205\325\3\0\0\311A\0\0\0\0\0\0", 3200, MSG_DONTWAIT, NULL, NULL) = 32
21893 1784098820.004368 recvfrom(44, 0x7feb340460, 3200, MSG_DONTWAIT, NULL, NULL) = -1 EAGAIN (Try again)
21893 1784098820.004966 recvfrom(46, 0x761f7cc820, 2272, MSG_DONTWAIT, NULL, NULL) = -1 EAGAIN (Try again)
21893 1784098820.510470 recvfrom(44, 0x7feb340300, 3200, MSG_DONTWAIT, NULL, NULL) = -1 EAGAIN (Try again)
21893 1784098820.521713 recvfrom(44, "nysv\0\0\0\0\0\0\0\0\0\0\0\0\1\247!\244\325\3\0\0\312A\0\0\0\0\0\0", 3200, MSG_DONTWAIT, NULL, NULL) = 32
21893 1784098820.522217 recvfrom(44, 0x7feb340460, 3200, MSG_DONTWAIT, NULL, NULL) = -1 EAGAIN (Try again)
21893 1784098820.523059 recvfrom(46, 0x761f7cc820, 2272, MSG_DONTWAIT, NULL, NULL) = -1 EAGAIN (Try again)
21893 1784098821.013737 recvfrom(44, 0x7feb340300, 3200, MSG_DONTWAIT, NULL, NULL) = -1 EAGAIN (Try again)
21893 1784098821.023378 recvfrom(44, "nysv\0\0\0\0\0\0\0\0\0\0\0\0\323\300\356\301\325\3\0\0\313A\0\0\0\0\0\0", 3200, MSG_DONTWAIT, NULL, NULL) = 32
21893 1784098821.023876 recvfrom(44, 0x7feb340460, 3200, MSG_DONTWAIT, NULL, NULL) = -1 EAGAIN (Try again)
21893 1784098821.024782 recvfrom(46, 0x761f7cc820, 2272, MSG_DONTWAIT, NULL, NULL) = -1 EAGAIN (Try again)
21893 1784098821.518678 recvfrom(44, 0x7feb340300, 3200, MSG_DONTWAIT, NULL, NULL) = -1 EAGAIN (Try again)
21893 1784098821.521959 recvfrom(44, "nysv\0\0\0\0\0\0\0\0\0\0\0\0\22Q\274\337\325\3\0\0\314A\0\0\0\0\0\0", 3200, MSG_DONTWAIT, NULL, NULL) = 32
21893 1784098821.522607 recvfrom(44, 0x7feb340460, 3200, MSG_DONTWAIT, NULL, NULL) = -1 EAGAIN (Try again)
21893 1784098821.523268 recvfrom(46, 0x761f7cc820, 2272, MSG_DONTWAIT, NULL, NULL) = -1 EAGAIN (Try again)
21893 1784098822.029810 recvfrom(44, 0x7feb340300, 3200, MSG_DONTWAIT, NULL, NULL) = -1 EAGAIN (Try again)
21893 1784098822.038381 recvfrom(44, "nysv\0\0\0\0\0\0\0\0\0\0\0\0\320,\210\376\325\3\0\0\315A\0\0\0\0\0\0", 3200, MSG_DONTWAIT, NULL, NULL) = 32
21893 1784098822.038766 recvfrom(44, 0x7feb340460, 3200, MSG_DONTWAIT, NULL, NULL) = -1 EAGAIN (Try again)
21893 1784098822.039419 recvfrom(46, 0x761f7cc820, 2272, MSG_DONTWAIT, NULL, NULL) = -1 EAGAIN (Try again)
