3167  1784158554.726163 exit(0)         = ?
3167  1784158554.726288 +++ exited with 0 +++
3163  1784158554.726348 exit(0)         = ?
3163  1784158554.726381 +++ exited with 0 +++
3165  1784158554.728647 exit(0 <unfinished ...>
3166  1784158554.728841 exit(0 <unfinished ...>
3165  1784158554.728866 <... exit resumed>) = ?
3166  1784158554.729060 <... exit resumed>) = ?
3165  1784158554.729181 +++ exited with 0 +++
3166  1784158554.729337 +++ exited with 0 +++
3178  1784158554.730809 newfstatat(AT_FDCWD, "/data", {st_mode=S_IFDIR|0771, st_size=4096, ...}, AT_SYMLINK_NOFOLLOW) = 0
3178  1784158554.731094 newfstatat(AT_FDCWD, "/data/app", {st_mode=S_IFDIR|0771, st_size=4096, ...}, AT_SYMLINK_NOFOLLOW) = 0
3178  1784158554.731364 newfstatat(AT_FDCWD, "/data/app/ca.rmen.android.frenchcalendar-9mSEXjCgx3KgqhH7OghIeA==", {st_mode=S_IFDIR|0775, st_size=4096, ...}, AT_SYMLINK_NOFOLLOW) = 0
3178  1784158554.731609 newfstatat(AT_FDCWD, "/data/app/ca.rmen.android.frenchcalendar-9mSEXjCgx3KgqhH7OghIeA==/base.apk", {st_mode=S_IFREG|0644, st_size=1168009, ...}, AT_SYMLINK_NOFOLLOW) = 0
3178  1784158554.732005 getcwd("/", 4096) = 2
3178  1784158554.732362 newfstatat(AT_FDCWD, "/base.apk", 0x7b50187690, AT_SYMLINK_NOFOLLOW) = -1 ENOENT (No such file or directory)
3154  1784158566.250170 recvfrom(46, "\2\0\0\0\0\0\0\0\247\10\0\0\0\0\0\0\300\v\365\253\201\2\0\0\1\0\0\0\2\20\0\0"..., 2272, MSG_DONTWAIT, NULL, NULL) = 232
3154  1784158566.250621 sendto(46, "\3\0\0\0\0\0\0\0\247\10\0\0\1\0\0\0", 16, MSG_DONTWAIT|MSG_NOSIGNAL, NULL, 0) = 16
3154  1784158566.250831 recvfrom(46, 0x7be076ac20, 2272, MSG_DONTWAIT, NULL, NULL) = -1 EAGAIN (Try again)
3154  1784158566.251543 recvfrom(46, "\2\0\0\0\0\0\0\0\251\10\0\0\0\0\0\0\300\v\365\253\201\2\0\0\1\0\0\0\2\20\0\0"..., 2272, MSG_DONTWAIT, NULL, NULL) = 232
3154  1784158566.251890 sendto(46, "\3\0\0\0\0\0\0\0\251\10\0\0\1\0\0\0", 16, MSG_DONTWAIT|MSG_NOSIGNAL, NULL, 0) = 16
3154  1784158566.252426 recvfrom(46, 0x7be076ac20, 2272, MSG_DONTWAIT, NULL, NULL) = -1 EAGAIN (Try again)
3154  1784158566.253187 socket(AF_UNIX, SOCK_DGRAM|SOCK_CLOEXEC|SOCK_NONBLOCK, 0) = 67
3154  1784158566.253418 setsockopt(67, SOL_SOCKET, SO_SNDBUF, [1048576], 4) = 0
3154  1784158566.253575 connect(67, {sa_family=AF_UNIX, sun_path="/dev/socket/statsdw"}, 110) = 0
3154  1784158566.270218 recvfrom(44, 0x7ffcf06300, 3200, MSG_DONTWAIT, NULL, NULL) = -1 EAGAIN (Try again)
3154  1784158566.287187 recvfrom(44, "nysv\0\0\0\0\0\0\0\0\0\0\0\0^\263#\256\201\2\0\0\346\177\2\0\0\0\0\0", 3200, MSG_DONTWAIT, NULL, NULL) = 32
3154  1784158566.287677 recvfrom(44, 0x7ffcf06d30, 3200, MSG_DONTWAIT, NULL, NULL) = -1 EAGAIN (Try again)
3154  1784158566.287991 recvfrom(71, 0x7be076b820, 2272, MSG_DONTWAIT, NULL, NULL) = -1 EAGAIN (Try again)
3154  1784158566.290104 recvfrom(44, 0x7ffcf06790, 3200, MSG_DONTWAIT, NULL, NULL) = -1 EAGAIN (Try again)
3154  1784158566.309621 recvfrom(44, "nysv\0\0\0\0\0\0\0\0\0\0\0\0\235*\"\257\201\2\0\0\347\177\2\0\0\0\0\0", 3200, MSG_DONTWAIT, NULL, NULL) = 32
3154  1784158566.309779 recvfrom(44, 0x7ffcf06d30, 3200, MSG_DONTWAIT, NULL, NULL) = -1 EAGAIN (Try again)
3154  1784158566.311289 recvfrom(71, 0x7be076b820, 2272, MSG_DONTWAIT, NULL, NULL) = -1 EAGAIN (Try again)
3154  1784158566.316313 recvfrom(44, 0x7ffcf06d80, 3200, MSG_DONTWAIT, NULL, NULL) = -1 EAGAIN (Try again)
3154  1784158566.319635 recvfrom(44, "nysv\0\0\0\0\0\0\0\0\0\0\0\0\264\303 \260\201\2\0\0\350\177\2\0\0\0\0\0", 3200, MSG_DONTWAIT, NULL, NULL) = 32
3154  1784158566.320095 recvfrom(44, 0x7ffcf06d30, 3200, MSG_DONTWAIT, NULL, NULL) = -1 EAGAIN (Try again)
3154  1784158566.320465 recvfrom(71, 0x7be076b820, 2272, MSG_DONTWAIT, NULL, NULL) = -1 EAGAIN (Try again)
3154  1784158566.320844 recvfrom(46, 0x7be076ac20, 2272, MSG_DONTWAIT, NULL, NULL) = -1 EAGAIN (Try again)
3193  1784158567.509170 exit(0)         = ?
3193  1784158567.509612 +++ exited with 0 +++
3191  1784158567.557781 faccessat(AT_FDCWD, "/proc/self/task/3193", F_OK) = -1 ENOENT (No such file or directory)
3154  1784158567.889125 recvfrom(44, 0x7ffcf06b40, 3200, MSG_DONTWAIT, NULL, NULL) = -1 EAGAIN (Try again)
3154  1784158567.904870 recvfrom(44, "nysv\0\0\0\0\0\0\0\0\0\0\0\0QZ\177\16\202\2\0\0F\200\2\0\0\0\0\0", 3200, MSG_DONTWAIT, NULL, NULL) = 32
3154  1784158567.905892 recvfrom(44, 0x7ffcf06d30, 3200, MSG_DONTWAIT, NULL, NULL) = -1 EAGAIN (Try again)
3154  1784158567.906881 recvfrom(71, 0x7be076b820, 2272, MSG_DONTWAIT, NULL, NULL) = -1 EAGAIN (Try again)
3154  1784158567.907597 recvfrom(44, 0x7ffcf05e70, 3200, MSG_DONTWAIT, NULL, NULL) = -1 EAGAIN (Try again)
3154  1784158567.921504 recvfrom(44, "nysv\0\0\0\0\0\0\0\0\0\0\0\0{\252}\17\202\2\0\0G\200\2\0\0\0\0\0", 3200, MSG_DONTWAIT, NULL, NULL) = 32
3154  1784158567.922232 recvfrom(44, 0x7ffcf06d30, 3200, MSG_DONTWAIT, NULL, NULL) = -1 EAGAIN (Try again)
3154  1784158567.925348 recvfrom(71, 0x7be076b820, 2272, MSG_DONTWAIT, NULL, NULL) = -1 EAGAIN (Try again)
3154  1784158567.928559 recvfrom(44, 0x7ffcf05e70, 3200, MSG_DONTWAIT, NULL, NULL) = -1 EAGAIN (Try again)
3154  1784158567.938930 recvfrom(44, "nysv\0\0\0\0\0\0\0\0\0\0\0\0cQ|\20\202\2\0\0H\200\2\0\0\0\0\0", 3200, MSG_DONTWAIT, NULL, NULL) = 32
3154  1784158567.939182 recvfrom(44, 0x7ffcf06d30, 3200, MSG_DONTWAIT, NULL, NULL) = -1 EAGAIN (Try again)
3154  1784158567.939431 recvfrom(71, 0x7be076b820, 2272, MSG_DONTWAIT, NULL, NULL) = -1 EAGAIN (Try again)
3154  1784158567.939944 recvfrom(44, 0x7ffcf05e70, 3200, MSG_DONTWAIT, NULL, NULL) = -1 EAGAIN (Try again)
3154  1784158567.956097 recvfrom(44, "nysv\0\0\0\0\0\0\0\0\0\0\0\0\317Jz\21\202\2\0\0I\200\2\0\0\0\0\0", 3200, MSG_DONTWAIT, NULL, NULL) = 32
3154  1784158567.956443 recvfrom(44, 0x7ffcf06d30, 3200, MSG_DONTWAIT, NULL, NULL) = -1 EAGAIN (Try again)
3154  1784158567.957362 recvfrom(71, 0x7be076b820, 2272, MSG_DONTWAIT, NULL, NULL) = -1 EAGAIN (Try again)
3154  1784158567.958132 recvfrom(44, 0x7ffcf05e70, 3200, MSG_DONTWAIT, NULL, NULL) = -1 EAGAIN (Try again)
3154  1784158567.972797 recvfrom(44, "nysv\0\0\0\0\0\0\0\0\0\0\0\0\255\361x\22\202\2\0\0J\200\2\0\0\0\0\0", 3200, MSG_DONTWAIT, NULL, NULL) = 32
3154  1784158567.972972 recvfrom(44, 0x7ffcf06d30, 3200, MSG_DONTWAIT, NULL, NULL) = -1 EAGAIN (Try again)
3154  1784158567.973137 recvfrom(71, 0x7be076b820, 2272, MSG_DONTWAIT, NULL, NULL) = -1 EAGAIN (Try again)
3154  1784158567.973487 recvfrom(44, 0x7ffcf05e70, 3200, MSG_DONTWAIT, NULL, NULL) = -1 EAGAIN (Try again)
3154  1784158567.987232 recvfrom(44, "nysv\0\0\0\0\0\0\0\0\0\0\0\0\16Ow\23\202\2\0\0K\200\2\0\0\0\0\0", 3200, MSG_DONTWAIT, NULL, NULL) = 32
3154  1784158567.987573 recvfrom(44, 0x7ffcf06d30, 3200, MSG_DONTWAIT, NULL, NULL) = -1 EAGAIN (Try again)
3154  1784158567.988150 recvfrom(71, 0x7be076b820, 2272, MSG_DONTWAIT, NULL, NULL) = -1 EAGAIN (Try again)
3154  1784158567.990276 recvfrom(44, 0x7ffcf05e70, 3200, MSG_DONTWAIT, NULL, NULL) = -1 EAGAIN (Try again)
3154  1784158568.003658 recvfrom(44, "nysv\0\0\0\0\0\0\0\0\0\0\0\08\237u\24\202\2\0\0L\200\2\0\0\0\0\0", 3200, MSG_DONTWAIT, NULL, NULL) = 32
3154  1784158568.004069 recvfrom(44, 0x7ffcf06d30, 3200, MSG_DONTWAIT, NULL, NULL) = -1 EAGAIN (Try again)
3154  1784158568.004369 recvfrom(71, 0x7be076b820, 2272, MSG_DONTWAIT, NULL, NULL) = -1 EAGAIN (Try again)
3154  1784158568.007128 recvfrom(44, 0x7ffcf05e70, 3200, MSG_DONTWAIT, NULL, NULL) = -1 EAGAIN (Try again)
3154  1784158568.019479 recvfrom(44, "nysv\0\0\0\0\0\0\0\0\0\0\0\0\2315t\25\202\2\0\0M\200\2\0\0\0\0\0", 3200, MSG_DONTWAIT, NULL, NULL) = 32
3154  1784158568.019899 recvfrom(44, 0x7ffcf06d30, 3200, MSG_DONTWAIT, NULL, NULL) = -1 EAGAIN (Try again)
3154  1784158568.020360 recvfrom(71, 0x7be076b820, 2272, MSG_DONTWAIT, NULL, NULL) = -1 EAGAIN (Try again)
3154  1784158568.020966 recvfrom(44, 0x7ffcf05e70, 3200, MSG_DONTWAIT, NULL, NULL) = -1 EAGAIN (Try again)
3154  1784158568.037020 recvfrom(44, "nysv\0\0\0\0\0\0\0\0\0\0\0\0\325gr\26\202\2\0\0N\200\2\0\0\0\0\0", 3200, MSG_DONTWAIT, NULL, NULL) = 32
3154  1784158568.037415 recvfrom(44, 0x7ffcf06d30, 3200, MSG_DONTWAIT, NULL, NULL) = -1 EAGAIN (Try again)
3154  1784158568.037809 recvfrom(71, 0x7be076b820, 2272, MSG_DONTWAIT, NULL, NULL) = -1 EAGAIN (Try again)
3154  1784158568.038520 recvfrom(44, 0x7ffcf05e70, 3200, MSG_DONTWAIT, NULL, NULL) = -1 EAGAIN (Try again)
3154  1784158568.054560 recvfrom(44, "nysv\0\0\0\0\0\0\0\0\0\0\0\0\365\227p\27\202\2\0\0O\200\2\0\0\0\0\0", 3200, MSG_DONTWAIT, NULL, NULL) = 32
3154  1784158568.054906 recvfrom(44, 0x7ffcf06d30, 3200, MSG_DONTWAIT, NULL, NULL) = -1 EAGAIN (Try again)
3154  1784158568.055718 recvfrom(71, 0x7be076b820, 2272, MSG_DONTWAIT, NULL, NULL) = -1 EAGAIN (Try again)
3154  1784158568.056296 recvfrom(44, 0x7ffcf05e70, 3200, MSG_DONTWAIT, NULL, NULL) = -1 EAGAIN (Try again)
3154  1784158568.070862 recvfrom(44, "nysv\0\0\0\0\0\0\0\0\0\0\0\0a\345n\30\202\2\0\0P\200\2\0\0\0\0\0", 3200, MSG_DONTWAIT, NULL, NULL) = 32
3154  1784158568.071161 recvfrom(44, 0x7ffcf06d30, 3200, MSG_DONTWAIT, NULL, NULL) = -1 EAGAIN (Try again)
3154  1784158568.071615 recvfrom(71, 0x7be076b820, 2272, MSG_DONTWAIT, NULL, NULL) = -1 EAGAIN (Try again)
3154  1784158568.071995 recvfrom(44, 0x7ffcf05e70, 3200, MSG_DONTWAIT, NULL, NULL) = -1 EAGAIN (Try again)
3154  1784158568.087966 recvfrom(44, "nysv\0\0\0\0\0\0\0\0\0\0\0\0\320\21m\31\202\2\0\0Q\200\2\0\0\0\0\0", 3200, MSG_DONTWAIT, NULL, NULL) = 32
3154  1784158568.088323 recvfrom(44, 0x7ffcf06d30, 3200, MSG_DONTWAIT, NULL, NULL) = -1 EAGAIN (Try again)
3154  1784158568.088676 recvfrom(71, 0x7be076b820, 2272, MSG_DONTWAIT, NULL, NULL) = -1 EAGAIN (Try again)
3154  1784158568.089138 recvfrom(44, 0x7ffcf05e70, 3200, MSG_DONTWAIT, NULL, NULL) = -1 EAGAIN (Try again)
3154  1784158568.104059 recvfrom(44, "nysv\0\0\0\0\0\0\0\0\0\0\0\0\261ek\32\202\2\0\0R\200\2\0\0\0\0\0", 3200, MSG_DONTWAIT, NULL, NULL) = 32
3154  1784158568.104349 recvfrom(44, 0x7ffcf06d30, 3200, MSG_DONTWAIT, NULL, NULL) = -1 EAGAIN (Try again)
3154  1784158568.104777 recvfrom(71, 0x7be076b820, 2272, MSG_DONTWAIT, NULL, NULL) = -1 EAGAIN (Try again)
3154  1784158568.105495 recvfrom(44, 0x7ffcf05e70, 3200, MSG_DONTWAIT, NULL, NULL) = -1 EAGAIN (Try again)
3154  1784158568.121060 recvfrom(44, "nysv\0\0\0\0\0\0\0\0\0\0\0\0k\227i\33\202\2\0\0S\200\2\0\0\0\0\0", 3200, MSG_DONTWAIT, NULL, NULL) = 32
3154  1784158568.121347 recvfrom(44, 0x7ffcf06d30, 3200, MSG_DONTWAIT, NULL, NULL) = -1 EAGAIN (Try again)
3154  1784158568.122031 recvfrom(71, 0x7be076b820, 2272, MSG_DONTWAIT, NULL, NULL) = -1 EAGAIN (Try again)
3154  1784158568.124904 recvfrom(44, 0x7ffcf05e70, 3200, MSG_DONTWAIT, NULL, NULL) = -1 EAGAIN (Try again)
3154  1784158568.136661 recvfrom(44, "nysv\0\0\0\0\0\0\0\0\0\0\0\0\323\26h\34\202\2\0\0T\200\2\0\0\0\0\0", 3200, MSG_DONTWAIT, NULL, NULL) = 32
3154  1784158568.137454 recvfrom(44, 0x7ffcf06d30, 3200, MSG_DONTWAIT, NULL, NULL) = -1 EAGAIN (Try again)
3154  1784158568.139234 recvfrom(71, 0x7be076b820, 2272, MSG_DONTWAIT, NULL, NULL) = -1 EAGAIN (Try again)
3154  1784158568.139569 recvfrom(44, 0x7ffcf05e70, 3200, MSG_DONTWAIT, NULL, NULL) = -1 EAGAIN (Try again)
3154  1784158568.152983 recvfrom(44, "nysv\0\0\0\0\0\0\0\0\0\0\0\0Eqf\35\202\2\0\0U\200\2\0\0\0\0\0", 3200, MSG_DONTWAIT, NULL, NULL) = 32
3154  1784158568.153221 recvfrom(44, 0x7ffcf06d30, 3200, MSG_DONTWAIT, NULL, NULL) = -1 EAGAIN (Try again)
3154  1784158568.153784 recvfrom(71, 0x7be076b820, 2272, MSG_DONTWAIT, NULL, NULL) = -1 EAGAIN (Try again)
3154  1784158568.155632 recvfrom(44, 0x7ffcf05e70, 3200, MSG_DONTWAIT, NULL, NULL) = -1 EAGAIN (Try again)
3154  1784158568.171214 recvfrom(44, "nysv\0\0\0\0\0\0\0\0\0\0\0\0\335\244d\36\202\2\0\0V\200\2\0\0\0\0\0", 3200, MSG_DONTWAIT, NULL, NULL) = 32
3154  1784158568.171610 recvfrom(44, 0x7ffcf06d30, 3200, MSG_DONTWAIT, NULL, NULL) = -1 EAGAIN (Try again)
3154  1784158568.172298 recvfrom(71, 0x7be076b820, 2272, MSG_DONTWAIT, NULL, NULL) = -1 EAGAIN (Try again)
3154  1784158580.950345 recvfrom(71, "\2\0\0\0\0\0\0\0\255\10\0\0\0\0\0\0\200\374\25\30\205\2\0\0\1\0\0\0\2\20\0\0"..., 2272, MSG_DONTWAIT, NULL, NULL) = 232
3154  1784158580.950875 sendto(71, "\3\0\0\0\0\0\0\0\255\10\0\0\1\0\0\0", 16, MSG_DONTWAIT|MSG_NOSIGNAL, NULL, 0) = 16
3154  1784158580.951161 recvfrom(71, 0x7be076b820, 2272, MSG_DONTWAIT, NULL, NULL) = -1 EAGAIN (Try again)
3154  1784158580.952111 recvfrom(71, "\2\0\0\0\0\0\0\0\257\10\0\0\0\0\0\0\200\374\25\30\205\2\0\0\1\0\0\0\2\20\0\0"..., 2272, MSG_DONTWAIT, NULL, NULL) = 232
3154  1784158580.952681 recvfrom(44, 0x7ffcf05010, 3200, MSG_DONTWAIT, NULL, NULL) = -1 EAGAIN (Try again)
3154  1784158580.953522 sendto(71, "\3\0\0\0\0\0\0\0\257\10\0\0\1\0\0\0", 16, MSG_DONTWAIT|MSG_NOSIGNAL, NULL, 0) = 16
3154  1784158580.954179 recvfrom(71, 0x7be076b820, 2272, MSG_DONTWAIT, NULL, NULL) = -1 EAGAIN (Try again)
3154  1784158580.969591 recvfrom(44, "nysv\0\0\0\0\0\0\0\0\0\0\0\0\352\346U\31\205\2\0\0Q\203\2\0\0\0\0\0", 3200, MSG_DONTWAIT, NULL, NULL) = 32
3154  1784158580.970000 recvfrom(44, 0x7ffcf06d30, 3200, MSG_DONTWAIT, NULL, NULL) = -1 EAGAIN (Try again)
3154  1784158580.970515 recvfrom(71, 0x7be076b820, 2272, MSG_DONTWAIT, NULL, NULL) = -1 EAGAIN (Try again)
3154  1784158580.970735 recvfrom(44, 0x7ffcf06c90, 3200, MSG_DONTWAIT, NULL, NULL) = -1 EAGAIN (Try again)
3179  1784158580.998837 recvfrom(41, 0x7b5008ceb0, 3200, MSG_DONTWAIT, NULL, NULL) = -1 EAGAIN (Try again)
3179  1784158581.012846 recvfrom(41, "nysv\0\0\0\0\0\0\0\0\0\0\0\0\200\"S\33\205\2\0\0S\203\2\0\0\0\0\0", 3200, MSG_DONTWAIT, NULL, NULL) = 32
3179  1784158581.013227 recvfrom(41, 0x7b5008cc80, 3200, MSG_DONTWAIT, NULL, NULL) = -1 EAGAIN (Try again)
3154  1784158581.016073 recvfrom(44, "nysv\0\0\0\0\0\0\0\0\0\0\0\0\4\204T\32\205\2\0\0R\203\2\0\0\0\0\0", 3200, MSG_DONTWAIT, NULL, NULL) = 32
3154  1784158581.016276 recvfrom(44, 0x7ffcf06d30, 3200, MSG_DONTWAIT, NULL, NULL) = -1 EAGAIN (Try again)
3154  1784158581.018753 recvfrom(44, 0x7ffcf066a0, 3200, MSG_DONTWAIT, NULL, NULL) = -1 EAGAIN (Try again)
3154  1784158581.021934 recvfrom(44, "nysv\0\0\0\0\0\0\0\0\0\0\0\0\307\247Q\34\205\2\0\0T\203\2\0\0\0\0\0", 3200, MSG_DONTWAIT, NULL, NULL) = 32
3154  1784158581.024278 recvfrom(44, 0x7ffcf06d30, 3200, MSG_DONTWAIT, NULL, NULL) = -1 EAGAIN (Try again)
3154  1784158581.026078 recvfrom(46, 0x7be076ac20, 2272, MSG_DONTWAIT, NULL, NULL) = -1 EAGAIN (Try again)
3154  1784158595.189705 recvfrom(46, "\2\0\0\0\0\0\0\0\263\10\0\0\0\0\0\0\200$\333h\210\2\0\0\1\0\0\0\2\20\0\0"..., 2272, MSG_DONTWAIT, NULL, NULL) = 232
3154  1784158595.190390 sendto(46, "\3\0\0\0\0\0\0\0\263\10\0\0\1\0\0\0", 16, MSG_DONTWAIT|MSG_NOSIGNAL, NULL, 0) = 16
3154  1784158595.190649 recvfrom(46, "\2\0\0\0\0\0\0\0\265\10\0\0\0\0\0\0\200$\333h\210\2\0\0\1\0\0\0\2\20\0\0"..., 2272, MSG_DONTWAIT, NULL, NULL) = 232
3154  1784158595.190856 recvfrom(44, 0x7ffcf04be0, 3200, MSG_DONTWAIT, NULL, NULL) = -1 EAGAIN (Try again)
3154  1784158595.191431 sendto(46, "\3\0\0\0\0\0\0\0\265\10\0\0\1\0\0\0", 16, MSG_DONTWAIT|MSG_NOSIGNAL, NULL, 0) = 16
3154  1784158595.191721 recvfrom(46, 0x7be076ac20, 2272, MSG_DONTWAIT, NULL, NULL) = -1 EAGAIN (Try again)
3154  1784158595.204010 recvfrom(44, "nysv\0\0\0\0\0\0\0\0\0\0\0\0\31p\265i\210\2\0\0\243\206\2\0\0\0\0\0", 3200, MSG_DONTWAIT, NULL, NULL) = 32
3154  1784158595.204176 recvfrom(44, 0x7ffcf06d30, 3200, MSG_DONTWAIT, NULL, NULL) = -1 EAGAIN (Try again)
3154  1784158595.204463 recvfrom(46, 0x7be076ac20, 2272, MSG_DONTWAIT, NULL, NULL) = -1 EAGAIN (Try again)
3154  1784158595.204624 recvfrom(44, 0x7ffcf06c90, 3200, MSG_DONTWAIT, NULL, NULL) = -1 EAGAIN (Try again)
3179  1784158595.219238 recvfrom(41, 0x7b5008ceb0, 3200, MSG_DONTWAIT, NULL, NULL) = -1 EAGAIN (Try again)
3154  1784158595.220094 recvfrom(44, "nysv\0\0\0\0\0\0\0\0\0\0\0\0=\r\264j\210\2\0\0\244\206\2\0\0\0\0\0", 3200, MSG_DONTWAIT, NULL, NULL) = 32
3154  1784158595.220418 recvfrom(44, 0x7ffcf06d30, 3200, MSG_DONTWAIT, NULL, NULL) = -1 EAGAIN (Try again)
3154  1784158595.224896 recvfrom(44, 0x7ffcf06c90, 3200, MSG_DONTWAIT, NULL, NULL) = -1 EAGAIN (Try again)
3179  1784158595.226859 recvfrom(41, 0x7b5008ceb0, 3200, MSG_DONTWAIT, NULL, NULL) = -1 EAGAIN (Try again)
3154  1784158595.227408 newfstatat(AT_FDCWD, "/system/framework/framework-res.apk", {st_mode=S_IFREG|0644, st_size=45992421, ...}, 0) = 0
3154  1784158595.227580 newfstatat(AT_FDCWD, "/product/overlay/GoogleConfigOverlay.apk", {st_mode=S_IFREG|0644, st_size=25070, ...}, 0) = 0
3154  1784158595.227735 newfstatat(AT_FDCWD, "/product/overlay/GoogleWebViewOverlay.apk", {st_mode=S_IFREG|0644, st_size=16815, ...}, 0) = 0
3154  1784158595.227884 newfstatat(AT_FDCWD, "/product/overlay/PixelConfigOverlayCommon.apk", {st_mode=S_IFREG|0644, st_size=52833, ...}, 0) = 0
3154  1784158595.228023 newfstatat(AT_FDCWD, "/product/overlay/EmulatorConfigOverlay.apk", {st_mode=S_IFREG|0644, st_size=16734, ...}, 0) = 0
3154  1784158595.228160 newfstatat(AT_FDCWD, "/data/app/ca.rmen.android.frenchcalendar-9mSEXjCgx3KgqhH7OghIeA==/base.apk", {st_mode=S_IFREG|0644, st_size=1168009, ...}, 0) = 0
3154  1784158595.229426 clone(child_stack=0x7b4c3cbd40, flags=CLONE_VM|CLONE_FS|CLONE_FILES|CLONE_SIGHAND|CLONE_THREAD|CLONE_SYSVSEM|CLONE_SETTLS|CLONE_PARENT_SETTID|CLONE_CHILD_CLEARTID, parent_tidptr=0x7b4c3cbd60, tls=0x7b4c3cc020, child_tidptr=0x7b4c3cbd60) = 3369
3179  1784158595.229836 clone(child_stack=0x7b4c2ced40, flags=CLONE_VM|CLONE_FS|CLONE_FILES|CLONE_SIGHAND|CLONE_THREAD|CLONE_SYSVSEM|CLONE_SETTLS|CLONE_PARENT_SETTID|CLONE_CHILD_CLEARTID, parent_tidptr=0x7b4c2ced60, tls=0x7b4c2cf020, child_tidptr=0x7b4c2ced60) = 3370
3370  1784158595.230651 exit(0)         = ?
3370  1784158595.230672 +++ exited with 0 +++
3154  1784158595.231036 newfstatat(AT_FDCWD, "/system/framework/framework-res.apk", {st_mode=S_IFREG|0644, st_size=45992421, ...}, 0) = 0
3154  1784158595.231356 newfstatat(AT_FDCWD, "/product/overlay/GoogleConfigOverlay.apk", {st_mode=S_IFREG|0644, st_size=25070, ...}, 0) = 0
3154  1784158595.231584 newfstatat(AT_FDCWD, "/product/overlay/GoogleWebViewOverlay.apk", {st_mode=S_IFREG|0644, st_size=16815, ...}, 0) = 0
3154  1784158595.231811 newfstatat(AT_FDCWD, "/product/overlay/PixelConfigOverlayCommon.apk", {st_mode=S_IFREG|0644, st_size=52833, ...}, 0) = 0
3154  1784158595.232024 newfstatat(AT_FDCWD, "/product/overlay/EmulatorConfigOverlay.apk", {st_mode=S_IFREG|0644, st_size=16734, ...}, 0) = 0
3154  1784158595.232247 newfstatat(AT_FDCWD, "/data/app/ca.rmen.android.frenchcalendar-9mSEXjCgx3KgqhH7OghIeA==/base.apk", {st_mode=S_IFREG|0644, st_size=1168009, ...}, 0) = 0
3369  1784158595.233307 exit(0)         = ?
3369  1784158595.233541 +++ exited with 0 +++
3154  1784158595.234916 newfstatat(AT_FDCWD, "/system/framework/framework-res.apk", {st_mode=S_IFREG|0644, st_size=45992421, ...}, 0) = 0
3154  1784158595.235084 newfstatat(AT_FDCWD, "/product/overlay/GoogleConfigOverlay.apk", {st_mode=S_IFREG|0644, st_size=25070, ...}, 0) = 0
3154  1784158595.235224 newfstatat(AT_FDCWD, "/product/overlay/GoogleWebViewOverlay.apk", {st_mode=S_IFREG|0644, st_size=16815, ...}, 0) = 0
3154  1784158595.235363 newfstatat(AT_FDCWD, "/product/overlay/PixelConfigOverlayCommon.apk", {st_mode=S_IFREG|0644, st_size=52833, ...}, 0) = 0
3154  1784158595.235508 newfstatat(AT_FDCWD, "/product/overlay/EmulatorConfigOverlay.apk", {st_mode=S_IFREG|0644, st_size=16734, ...}, 0) = 0
3154  1784158595.235649 newfstatat(AT_FDCWD, "/data/app/ca.rmen.android.frenchcalendar-9mSEXjCgx3KgqhH7OghIeA==/base.apk", {st_mode=S_IFREG|0644, st_size=1168009, ...}, 0) = 0
3179  1784158595.236678 recvfrom(41, "nysv\0\0\0\0\0\0\0\0\0\0\0\0\5\222\262k\210\2\0\0\245\206\2\0\0\0\0\0", 3200, MSG_DONTWAIT, NULL, NULL) = 32
3179  1784158595.237197 recvfrom(41, 0x7b5008cc80, 3200, MSG_DONTWAIT, NULL, NULL) = -1 EAGAIN (Try again)
3179  1784158595.264478 recvfrom(41, "nysv\0\0\0\0\0\0\0\0\0\0\0\0\3761\261l\210\2\0\0\246\206\2\0\0\0\0\0", 3200, MSG_DONTWAIT, NULL, NULL) = 32
3179  1784158595.264858 recvfrom(41, 0x7b5008ceb0, 3200, MSG_DONTWAIT, NULL, NULL) = -1 EAGAIN (Try again)
3154  1784158595.267750 faccessat(AT_FDCWD, "/data/user/0/ca.rmen.android.frenchcalendar", F_OK) = 0
3154  1784158595.267999 faccessat(AT_FDCWD, "/data/user/0/ca.rmen.android.frenchcalendar/shared_prefs", F_OK) = 0
3194  1784158595.274032 sendmsg(68, {msg_name=NULL, msg_namelen=0, msg_iov=[{iov_base="l\1\1\1\350\0\0\0L\0\0\0\235\0\0\0\1\1o\0;\0\0\0/re/frid"..., iov_len=408}], msg_iovlen=1, msg_controllen=0, msg_flags=0}, MSG_NOSIGNAL) = 408
3194  1784158595.279878 sendmsg(68, {msg_name=NULL, msg_namelen=0, msg_iov=[{iov_base="l\1\1\1\350\0\0\0M\0\0\0\235\0\0\0\1\1o\0;\0\0\0/re/frid"..., iov_len=408}], msg_iovlen=1, msg_controllen=0, msg_flags=0}, MSG_NOSIGNAL) = 408
3179  1784158595.282074 recvfrom(41, "nysv\0\0\0\0\0\0\0\0\0\0\0\0u\314\257m\210\2\0\0\247\206\2\0\0\0\0\0", 3200, MSG_DONTWAIT, NULL, NULL) = 32
3179  1784158595.282297 recvfrom(41, 0x7b5008ceb0, 3200, MSG_DONTWAIT, NULL, NULL) = -1 EAGAIN (Try again)
3194  1784158595.283805 sendmsg(68, {msg_name=NULL, msg_namelen=0, msg_iov=[{iov_base="l\1\1\1\350\0\0\0N\0\0\0\235\0\0\0\1\1o\0;\0\0\0/re/frid"..., iov_len=408}], msg_iovlen=1, msg_controllen=0, msg_flags=0}, MSG_NOSIGNAL) = 408
3194  1784158595.288582 sendmsg(68, {msg_name=NULL, msg_namelen=0, msg_iov=[{iov_base="l\1\1\1\350\0\0\0O\0\0\0\235\0\0\0\1\1o\0;\0\0\0/re/frid"..., iov_len=408}], msg_iovlen=1, msg_controllen=0, msg_flags=0}, MSG_NOSIGNAL) = 408
3194  1784158595.294092 sendmsg(68, {msg_name=NULL, msg_namelen=0, msg_iov=[{iov_base="l\1\1\1\354\0\0\0P\0\0\0\235\0\0\0\1\1o\0;\0\0\0/re/frid"..., iov_len=412}], msg_iovlen=1, msg_controllen=0, msg_flags=0}, MSG_NOSIGNAL) = 412
3194  1784158595.297480 sendmsg(68, {msg_name=NULL, msg_namelen=0, msg_iov=[{iov_base="l\1\1\1\354\0\0\0Q\0\0\0\235\0\0\0\1\1o\0;\0\0\0/re/frid"..., iov_len=412}], msg_iovlen=1, msg_controllen=0, msg_flags=0}, MSG_NOSIGNAL) = 412
3179  1784158595.298791 recvfrom(41, "nysv\0\0\0\0\0\0\0\0\0\0\0\0Kh\256n\210\2\0\0\250\206\2\0\0\0\0\0", 3200, MSG_DONTWAIT, NULL, NULL) = 32
3179  1784158595.299034 recvfrom(41, 0x7b5008ceb0, 3200, MSG_DONTWAIT, NULL, NULL) = -1 EAGAIN (Try again)
3194  1784158595.305992 sendmsg(68, {msg_name=NULL, msg_namelen=0, msg_iov=[{iov_base="l\1\1\1\374\0\0\0R\0\0\0\235\0\0\0\1\1o\0;\0\0\0/re/frid"..., iov_len=428}], msg_iovlen=1, msg_controllen=0, msg_flags=0}, MSG_NOSIGNAL) = 428
3194  1784158595.310888 sendmsg(68, {msg_name=NULL, msg_namelen=0, msg_iov=[{iov_base="l\1\1\1\374\0\0\0S\0\0\0\235\0\0\0\1\1o\0;\0\0\0/re/frid"..., iov_len=428}], msg_iovlen=1, msg_controllen=0, msg_flags=0}, MSG_NOSIGNAL) = 428
3179  1784158595.315155 recvfrom(41, "nysv\0\0\0\0\0\0\0\0\0\0\0\0\244\4\255o\210\2\0\0\251\206\2\0\0\0\0\0", 3200, MSG_DONTWAIT, NULL, NULL) = 32
3179  1784158595.315386 recvfrom(41, 0x7b5008ceb0, 3200, MSG_DONTWAIT, NULL, NULL) = -1 EAGAIN (Try again)
3178  1784158595.319224 openat(AT_FDCWD, "/data/misc/profiles/cur/0/ca.rmen.android.frenchcalendar/primary.prof", O_RDWR|O_NOFOLLOW|O_CLOEXEC) = 70
3178  1784158595.320223 newfstatat(AT_FDCWD, "/data/misc/profiles/cur/0/ca.rmen.android.frenchcalendar/primary.prof", {st_mode=S_IFREG|0600, st_size=333, ...}, 0) = 0
3179  1784158595.331022 recvfrom(41, "nysv\0\0\0\0\0\0\0\0\0\0\0\0\365\237\253p\210\2\0\0\252\206\2\0\0\0\0\0", 3200, MSG_DONTWAIT, NULL, NULL) = 32
3179  1784158595.331191 recvfrom(41, 0x7b5008ceb0, 3200, MSG_DONTWAIT, NULL, NULL) = -1 EAGAIN (Try again)
3179  1784158595.343921 recvfrom(41, "nysv\0\0\0\0\0\0\0\0\0\0\0\0\372\202\252q\210\2\0\0\253\206\2\0\0\0\0\0", 3200, MSG_DONTWAIT, NULL, NULL) = 32
3179  1784158595.344074 recvfrom(41, 0x7b5008ceb0, 3200, MSG_DONTWAIT, NULL, NULL) = -1 EAGAIN (Try again)
3154  1784158595.347901 recvfrom(44, "nysv\0\0\0\0\0\0\0\0\0\0\0\0\5\222\262k\210\2\0\0\245\206\2\0\0\0\0\0", 3200, MSG_DONTWAIT, NULL, NULL) = 32
3154  1784158595.348119 recvfrom(44, 0x7ffcf06d30, 3200, MSG_DONTWAIT, NULL, NULL) = -1 EAGAIN (Try again)
3154  1784158595.349361 recvfrom(46, 0x7be076ac20, 2272, MSG_DONTWAIT, NULL, NULL) = -1 EAGAIN (Try again)
3154  1784158595.349578 recvfrom(71, 0x7be076c420, 2272, MSG_DONTWAIT, NULL, NULL) = -1 EAGAIN (Try again)
3154  1784158595.349820 recvfrom(44, 0x7ffcf06c90, 3200, MSG_DONTWAIT, NULL, NULL) = -1 EAGAIN (Try again)
3179  1784158595.355832 recvfrom(41, "nysv\0\0\0\0\0\0\0\0\0\0\0\0\224\33\251r\210\2\0\0\254\206\2\0\0\0\0\0", 3200, MSG_DONTWAIT, NULL, NULL) = 32
3179  1784158595.355973 recvfrom(41, 0x7b5008ceb0, 3200, MSG_DONTWAIT, NULL, NULL) = -1 EAGAIN (Try again)
3179  1784158595.373744 recvfrom(41, "nysv\0\0\0\0\0\0\0\0\0\0\0\0\323\251\247s\210\2\0\0\255\206\2\0\0\0\0\0", 3200, MSG_DONTWAIT, NULL, NULL) = 32
3179  1784158595.378375 recvfrom(41, 0x7b5008ceb0, 3200, MSG_DONTWAIT, NULL, NULL) = -1 EAGAIN (Try again)
3194  1784158595.390698 sendmsg(68, {msg_name=NULL, msg_namelen=0, msg_iov=[{iov_base="l\1\1\1\374\0\0\0T\0\0\0\235\0\0\0\1\1o\0;\0\0\0/re/frid"..., iov_len=428}], msg_iovlen=1, msg_controllen=0, msg_flags=0}, MSG_NOSIGNAL) = 428
3179  1784158595.394033 recvfrom(41, "nysv\0\0\0\0\0\0\0\0\0\0\0\0\324<\246t\210\2\0\0\256\206\2\0\0\0\0\0", 3200, MSG_DONTWAIT, NULL, NULL) = 32
3179  1784158595.394307 recvfrom(41, 0x7b5008ceb0, 3200, MSG_DONTWAIT, NULL, NULL) = -1 EAGAIN (Try again)
3194  1784158595.399968 sendmsg(68, {msg_name=NULL, msg_namelen=0, msg_iov=[{iov_base="l\1\1\1\0\1\0\0U\0\0\0\235\0\0\0\1\1o\0;\0\0\0/re/frid"..., iov_len=432}], msg_iovlen=1, msg_controllen=0, msg_flags=0}, MSG_NOSIGNAL) = 432
3179  1784158595.409135 recvfrom(41, "nysv\0\0\0\0\0\0\0\0\0\0\0\0\330\317\244u\210\2\0\0\257\206\2\0\0\0\0\0", 3200, MSG_DONTWAIT, NULL, NULL) = 32
3179  1784158595.409282 recvfrom(41, 0x7b5008ceb0, 3200, MSG_DONTWAIT, NULL, NULL) = -1 EAGAIN (Try again)
3194  1784158595.413904 sendmsg(68, {msg_name=NULL, msg_namelen=0, msg_iov=[{iov_base="l\1\1\1\374\0\0\0V\0\0\0\235\0\0\0\1\1o\0;\0\0\0/re/frid"..., iov_len=428}], msg_iovlen=1, msg_controllen=0, msg_flags=0}, MSG_NOSIGNAL) = 428
3179  1784158595.424549 recvfrom(41, "nysv\0\0\0\0\0\0\0\0\0\0\0\0x\\\243v\210\2\0\0\260\206\2\0\0\0\0\0", 3200, MSG_DONTWAIT, NULL, NULL) = 32
3179  1784158595.424700 recvfrom(41, 0x7b5008ceb0, 3200, MSG_DONTWAIT, NULL, NULL) = -1 EAGAIN (Try again)
3194  1784158595.428397 sendmsg(68, {msg_name=NULL, msg_namelen=0, msg_iov=[{iov_base="l\1\1\1\0\1\0\0W\0\0\0\235\0\0\0\1\1o\0;\0\0\0/re/frid"..., iov_len=432}], msg_iovlen=1, msg_controllen=0, msg_flags=0}, MSG_NOSIGNAL) = 432
3179  1784158595.440963 recvfrom(41, "nysv\0\0\0\0\0\0\0\0\0\0\0\0\317\354\241w\210\2\0\0\261\206\2\0\0\0\0\0", 3200, MSG_DONTWAIT, NULL, NULL) = 32
3179  1784158595.441149 recvfrom(41, 0x7b5008ceb0, 3200, MSG_DONTWAIT, NULL, NULL) = -1 EAGAIN (Try again)
3194  1784158595.442549 sendmsg(68, {msg_name=NULL, msg_namelen=0, msg_iov=[{iov_base="l\1\1\1\374\0\0\0X\0\0\0\235\0\0\0\1\1o\0;\0\0\0/re/frid"..., iov_len=428}], msg_iovlen=1, msg_controllen=0, msg_flags=0}, MSG_NOSIGNAL) = 428
3194  1784158595.456334 sendmsg(68, {msg_name=NULL, msg_namelen=0, msg_iov=[{iov_base="l\1\1\1\0\1\0\0Y\0\0\0\235\0\0\0\1\1o\0;\0\0\0/re/frid"..., iov_len=432}], msg_iovlen=1, msg_controllen=0, msg_flags=0}, MSG_NOSIGNAL) = 432
3179  1784158595.457969 recvfrom(41, "nysv\0\0\0\0\0\0\0\0\0\0\0\0~\273\240x\210\2\0\0\262\206\2\0\0\0\0\0", 3200, MSG_DONTWAIT, NULL, NULL) = 32
3179  1784158595.458130 recvfrom(41, 0x7b5008ceb0, 3200, MSG_DONTWAIT, NULL, NULL) = -1 EAGAIN (Try again)
3179  1784158595.476253 recvfrom(41, "nysv\0\0\0\0\0\0\0\0\0\0\0\0\2550\237y\210\2\0\0\263\206\2\0\0\0\0\0", 3200, MSG_DONTWAIT, NULL, NULL) = 32
3179  1784158595.476407 recvfrom(41, 0x7b5008ceb0, 3200, MSG_DONTWAIT, NULL, NULL) = -1 EAGAIN (Try again)
3179  1784158595.493542 recvfrom(41, "nysv\0\0\0\0\0\0\0\0\0\0\0\0\206\275\235z\210\2\0\0\264\206\2\0\0\0\0\0", 3200, MSG_DONTWAIT, NULL, NULL) = 32
3179  1784158595.493788 recvfrom(41, 0x7b5008ceb0, 3200, MSG_DONTWAIT, NULL, NULL) = -1 EAGAIN (Try again)
3179  1784158595.541350 recvfrom(41, "nysv\0\0\0\0\0\0\0\0\0\0\0\0fJ\234{\210\2\0\0\265\206\2\0\0\0\0\0", 3200, MSG_DONTWAIT, NULL, NULL) = 32
3179  1784158595.541516 recvfrom(41, 0x7b5008ceb0, 3200, MSG_DONTWAIT, NULL, NULL) = -1 EAGAIN (Try again)
3154  1784158595.542817 recvfrom(44, "nysv\0\0\0\0\0\0\0\0\0\0\0\0\224\33\251r\210\2\0\0\254\206\2\0\0\0\0\0", 3200, MSG_DONTWAIT, NULL, NULL) = 32
3154  1784158595.542962 recvfrom(44, 0x7ffcf06d30, 3200, MSG_DONTWAIT, NULL, NULL) = -1 EAGAIN (Try again)
3154  1784158595.549726 recvfrom(71, 0x7be076c420, 2272, MSG_DONTWAIT, NULL, NULL) = -1 EAGAIN (Try again)
3154  1784158595.549917 recvfrom(44, 0x7ffcf06c90, 3200, MSG_DONTWAIT, NULL, NULL) = -1 EAGAIN (Try again)
3179  1784158595.553605 recvfrom(41, "nysv\0\0\0\0\0\0\0\0\0\0\0\0\355\236\227~\210\2\0\0\270\206\2\0\0\0\0\0", 3200, MSG_DONTWAIT, NULL, NULL) = 32
3179  1784158595.554195 recvfrom(41, 0x7b5008cc80, 3200, MSG_DONTWAIT, NULL, NULL) = -1 EAGAIN (Try again)
3179  1784158595.570903 recvfrom(41, "nysv\0\0\0\0\0\0\0\0\0\0\0\0\267(\226\177\210\2\0\0\271\206\2\0\0\0\0\0", 3200, MSG_DONTWAIT, NULL, NULL) = 32
3179  1784158595.571277 recvfrom(41, 0x7b5008ceb0, 3200, MSG_DONTWAIT, NULL, NULL) = -1 EAGAIN (Try again)
3179  1784158595.586485 recvfrom(41, "nysv\0\0\0\0\0\0\0\0\0\0\0\0\306\255\224\200\210\2\0\0\272\206\2\0\0\0\0\0", 3200, MSG_DONTWAIT, NULL, NULL) = 32
3179  1784158595.586842 recvfrom(41, 0x7b5008ceb0, 3200, MSG_DONTWAIT, NULL, NULL) = -1 EAGAIN (Try again)
3154  1784158595.604079 recvfrom(44, "nysv\0\0\0\0\0\0\0\0\0\0\0\0\355\236\227~\210\2\0\0\270\206\2\0\0\0\0\0", 3200, MSG_DONTWAIT, NULL, NULL) = 32
3154  1784158595.604389 recvfrom(44, 0x7ffcf06d30, 3200, MSG_DONTWAIT, NULL, NULL) = -1 EAGAIN (Try again)
3154  1784158595.611460 recvfrom(71, 0x7be076c420, 2272, MSG_DONTWAIT, NULL, NULL) = -1 EAGAIN (Try again)
3154  1784158595.611706 recvfrom(44, 0x7ffcf06c90, 3200, MSG_DONTWAIT, NULL, NULL) = -1 EAGAIN (Try again)
3179  1784158595.634907 recvfrom(41, "nysv\0\0\0\0\0\0\0\0\0\0\0\0\273\27\223\201\210\2\0\0\273\206\2\0\0\0\0\0", 3200, MSG_DONTWAIT, NULL, NULL) = 32
3179  1784158595.635077 recvfrom(41, 0x7b5008cc80, 3200, MSG_DONTWAIT, NULL, NULL) = -1 EAGAIN (Try again)
3154  1784158595.637697 recvfrom(44, "nysv\0\0\0\0\0\0\0\0\0\0\0\0\21\241\221\202\210\2\0\0\274\206\2\0\0\0\0\0", 3200, MSG_DONTWAIT, NULL, NULL) = 32
3154  1784158595.637959 recvfrom(44, 0x7ffcf06d30, 3200, MSG_DONTWAIT, NULL, NULL) = -1 EAGAIN (Try again)
3154  1784158595.640160 recvfrom(44, 0x7ffcf06c90, 3200, MSG_DONTWAIT, NULL, NULL) = -1 EAGAIN (Try again)
3154  1784158595.653080 recvfrom(44, "nysv\0\0\0\0\0\0\0\0\0\0\0\09\257\216\204\210\2\0\0\276\206\2\0\0\0\0\0", 3200, MSG_DONTWAIT, NULL, NULL) = 32
3154  1784158595.653539 recvfrom(44, 0x7ffcf06d30, 3200, MSG_DONTWAIT, NULL, NULL) = -1 EAGAIN (Try again)
3154  1784158595.654373 recvfrom(44, 0x7ffcf06c90, 3200, MSG_DONTWAIT, NULL, NULL) = -1 EAGAIN (Try again)
3179  1784158595.668680 recvfrom(41, "nysv\0\0\0\0\0\0\0\0\0\0\0\09\257\216\204\210\2\0\0\276\206\2\0\0\0\0\0", 3200, MSG_DONTWAIT, NULL, NULL) = 32
3179  1784158595.668852 recvfrom(41, 0x7b5008ceb0, 3200, MSG_DONTWAIT, NULL, NULL) = -1 EAGAIN (Try again)
3154  1784158595.670300 recvfrom(44,  <unfinished ...>
3179  1784158595.670437 recvfrom(41,  <unfinished ...>
3154  1784158595.670475 <... recvfrom resumed> "nysv\0\0\0\0\0\0\0\0\0\0\0\0\372h\215\205\210\2\0\0\277\206\2\0\0\0\0\0", 3200, MSG_DONTWAIT, NULL, NULL) = 32
3179  1784158595.670527 <... recvfrom resumed> "nysv\0\0\0\0\0\0\0\0\0\0\0\0\372h\215\205\210\2\0\0\277\206\2\0\0\0\0\0", 3200, MSG_DONTWAIT, NULL, NULL) = 32
3179  1784158595.670691 recvfrom(41,  <unfinished ...>
3154  1784158595.670720 recvfrom(44,  <unfinished ...>
3179  1784158595.670935 <... recvfrom resumed> 0x7b5008cc80, 3200, MSG_DONTWAIT, NULL, NULL) = -1 EAGAIN (Try again)
3154  1784158595.670969 <... recvfrom resumed> 0x7ffcf06d30, 3200, MSG_DONTWAIT, NULL, NULL) = -1 EAGAIN (Try again)
3154  1784158595.671436 recvfrom(44, 0x7ffcf06c90, 3200, MSG_DONTWAIT, NULL, NULL) = -1 EAGAIN (Try again)
3179  1784158595.686161 recvfrom(41, "nysv\0\0\0\0\0\0\0\0\0\0\0\0\244\354\213\206\210\2\0\0\300\206\2\0\0\0\0\0", 3200, MSG_DONTWAIT, NULL, NULL) = 32
3179  1784158595.686786 recvfrom(41,  <unfinished ...>
3154  1784158595.686809 recvfrom(44,  <unfinished ...>
3179  1784158595.686995 <... recvfrom resumed> 0x7b5008ceb0, 3200, MSG_DONTWAIT, NULL, NULL) = -1 EAGAIN (Try again)
3154  1784158595.687011 <... recvfrom resumed> "nysv\0\0\0\0\0\0\0\0\0\0\0\0\244\354\213\206\210\2\0\0\300\206\2\0\0\0\0\0", 3200, MSG_DONTWAIT, NULL, NULL) = 32
3154  1784158595.687248 recvfrom(44, 0x7ffcf06d30, 3200, MSG_DONTWAIT, NULL, NULL) = -1 EAGAIN (Try again)
3179  1784158595.703508 recvfrom(41, "nysv\0\0\0\0\0\0\0\0\0\0\0\0\16p\212\207\210\2\0\0\301\206\2\0\0\0\0\0", 3200, MSG_DONTWAIT, NULL, NULL) = 32
3179  1784158595.703954 recvfrom(41, 0x7b5008ceb0, 3200, MSG_DONTWAIT, NULL, NULL) = -1 EAGAIN (Try again)
3179  1784158595.721160 recvfrom(41, "nysv\0\0\0\0\0\0\0\0\0\0\0\0\374\361\210\210\210\2\0\0\302\206\2\0\0\0\0\0", 3200, MSG_DONTWAIT, NULL, NULL) = 32
3179  1784158595.722080 recvfrom(41, 0x7b5008cc80, 3200, MSG_DONTWAIT, NULL, NULL) = -1 EAGAIN (Try again)
3154  1784158595.958877 recvfrom(44, 0x7ffcf06d80, 3200, MSG_DONTWAIT, NULL, NULL) = -1 EAGAIN (Try again)
3154  1784158595.972350 recvfrom(44, "nysv\0\0\0\0\0\0\0\0\0\0\0\0\377\325k\227\210\2\0\0\321\206\2\0\0\0\0\0", 3200, MSG_DONTWAIT, NULL, NULL) = 32
3154  1784158595.972849 recvfrom(44, 0x7ffcf06d30, 3200, MSG_DONTWAIT, NULL, NULL) = -1 EAGAIN (Try again)
3154  1784158595.973214 recvfrom(46, 0x7be076ac20, 2272, MSG_DONTWAIT, NULL, NULL) = -1 EAGAIN (Try again)
3154  1784158595.991719 recvfrom(44, 0x7ffcf06ab0, 3200, MSG_DONTWAIT, NULL, NULL) = -1 EAGAIN (Try again)
3154  1784158595.993734 clone(child_stack=0x7b4bad5d40, flags=CLONE_VM|CLONE_FS|CLONE_FILES|CLONE_SIGHAND|CLONE_THREAD|CLONE_SYSVSEM|CLONE_SETTLS|CLONE_PARENT_SETTID|CLONE_CHILD_CLEARTID, parent_tidptr=0x7b4bad5d60, tls=0x7b4bad6020, child_tidptr=0x7b4bad5d60) = 3371
3154  1784158596.003938 recvfrom(44, "nysv\0\0\0\0\0\0\0\0\0\0\0\0Svh\231\210\2\0\0\323\206\2\0\0\0\0\0", 3200, MSG_DONTWAIT, NULL, NULL) = 32
3154  1784158596.004413 recvfrom(44, 0x7ffcf06d30, 3200, MSG_DONTWAIT, NULL, NULL) = -1 EAGAIN (Try again)
3154  1784158596.004760 recvfrom(46, 0x7be076ac20, 2272, MSG_DONTWAIT, NULL, NULL) = -1 EAGAIN (Try again)
3154  1784158596.942715 recvfrom(44, 0x7ffcf06b00, 3200, MSG_DONTWAIT, NULL, NULL) = -1 EAGAIN (Try again)
3154  1784158596.954726 recvfrom(44, "nysv\0\0\0\0\0\0\0\0\0\0\0\0\374W\3\322\210\2\0\0\f\207\2\0\0\0\0\0", 3200, MSG_DONTWAIT, NULL, NULL) = 32
3154  1784158596.955317 recvfrom(44, 0x7ffcf06d30, 3200, MSG_DONTWAIT, NULL, NULL) = -1 EAGAIN (Try again)
3154  1784158596.956109 recvfrom(71, 0x7be076c420, 2272, MSG_DONTWAIT, NULL, NULL) = -1 EAGAIN (Try again)
3154  1784158596.957868 recvfrom(44, 0x7ffcf05d20, 3200, MSG_DONTWAIT, NULL, NULL) = -1 EAGAIN (Try again)
3154  1784158596.970411 recvfrom(44, "nysv\0\0\0\0\0\0\0\0\0\0\0\0a\365\1\323\210\2\0\0\r\207\2\0\0\0\0\0", 3200, MSG_DONTWAIT, NULL, NULL) = 32
3154  1784158596.970898 recvfrom(44, 0x7ffcf06d30, 3200, MSG_DONTWAIT, NULL, NULL) = -1 EAGAIN (Try again)
3154  1784158596.971473 recvfrom(71, 0x7be076c420, 2272, MSG_DONTWAIT, NULL, NULL) = -1 EAGAIN (Try again)
3154  1784158596.972617 recvfrom(44, 0x7ffcf05d20, 3200, MSG_DONTWAIT, NULL, NULL) = -1 EAGAIN (Try again)
3154  1784158596.986349 recvfrom(44, "nysv\0\0\0\0\0\0\0\0\0\0\0\09\232\0\324\210\2\0\0\16\207\2\0\0\0\0\0", 3200, MSG_DONTWAIT, NULL, NULL) = 32
3154  1784158596.986816 recvfrom(44, 0x7ffcf06d30, 3200, MSG_DONTWAIT, NULL, NULL) = -1 EAGAIN (Try again)
3154  1784158596.987709 recvfrom(71, 0x7be076c420, 2272, MSG_DONTWAIT, NULL, NULL) = -1 EAGAIN (Try again)
3154  1784158596.988719 recvfrom(44, 0x7ffcf05d20, 3200, MSG_DONTWAIT, NULL, NULL) = -1 EAGAIN (Try again)
3154  1784158597.002666 recvfrom(44, "nysv\0\0\0\0\0\0\0\0\0\0\0\0\337:\377\324\210\2\0\0\17\207\2\0\0\0\0\0", 3200, MSG_DONTWAIT, NULL, NULL) = 32
3154  1784158597.003180 recvfrom(44, 0x7ffcf06d30, 3200, MSG_DONTWAIT, NULL, NULL) = -1 EAGAIN (Try again)
3154  1784158597.003942 recvfrom(71, 0x7be076c420, 2272, MSG_DONTWAIT, NULL, NULL) = -1 EAGAIN (Try again)
3154  1784158597.005989 recvfrom(44, 0x7ffcf05d20, 3200, MSG_DONTWAIT, NULL, NULL) = -1 EAGAIN (Try again)
3154  1784158597.020511 recvfrom(44, "nysv\0\0\0\0\0\0\0\0\0\0\0\0\264\320\375\325\210\2\0\0\20\207\2\0\0\0\0\0", 3200, MSG_DONTWAIT, NULL, NULL) = 32
3154  1784158597.020956 recvfrom(44, 0x7ffcf06d30, 3200, MSG_DONTWAIT, NULL, NULL) = -1 EAGAIN (Try again)
3154  1784158597.021649 recvfrom(71, 0x7be076c420, 2272, MSG_DONTWAIT, NULL, NULL) = -1 EAGAIN (Try again)
3154  1784158597.024176 recvfrom(44, 0x7ffcf05d20, 3200, MSG_DONTWAIT, NULL, NULL) = -1 EAGAIN (Try again)
3154  1784158597.036983 recvfrom(44, "nysv\0\0\0\0\0\0\0\0\0\0\0\0\333F\374\326\210\2\0\0\21\207\2\0\0\0\0\0", 3200, MSG_DONTWAIT, NULL, NULL) = 32
3154  1784158597.037300 recvfrom(44, 0x7ffcf06d30, 3200, MSG_DONTWAIT, NULL, NULL) = -1 EAGAIN (Try again)
3154  1784158597.037992 recvfrom(71, 0x7be076c420, 2272, MSG_DONTWAIT, NULL, NULL) = -1 EAGAIN (Try again)
3154  1784158597.038980 recvfrom(44, 0x7ffcf05d20, 3200, MSG_DONTWAIT, NULL, NULL) = -1 EAGAIN (Try again)
3154  1784158597.054380 recvfrom(44, "nysv\0\0\0\0\0\0\0\0\0\0\0\0\360\212\372\327\210\2\0\0\22\207\2\0\0\0\0\0", 3200, MSG_DONTWAIT, NULL, NULL) = 32
3154  1784158597.054735 recvfrom(44, 0x7ffcf06d30, 3200, MSG_DONTWAIT, NULL, NULL) = -1 EAGAIN (Try again)
3154  1784158597.055520 recvfrom(71, 0x7be076c420, 2272, MSG_DONTWAIT, NULL, NULL) = -1 EAGAIN (Try again)
3154  1784158597.056616 recvfrom(44, 0x7ffcf05d20, 3200, MSG_DONTWAIT, NULL, NULL) = -1 EAGAIN (Try again)
3154  1784158597.070930 recvfrom(44, "nysv\0\0\0\0\0\0\0\0\0\0\0\0!\350\370\330\210\2\0\0\23\207\2\0\0\0\0\0", 3200, MSG_DONTWAIT, NULL, NULL) = 32
3154  1784158597.071341 recvfrom(44, 0x7ffcf06d30, 3200, MSG_DONTWAIT, NULL, NULL) = -1 EAGAIN (Try again)
3154  1784158597.074177 recvfrom(71, 0x7be076c420, 2272, MSG_DONTWAIT, NULL, NULL) = -1 EAGAIN (Try again)
3154  1784158597.075814 recvfrom(44, 0x7ffcf05d20, 3200, MSG_DONTWAIT, NULL, NULL) = -1 EAGAIN (Try again)
3154  1784158597.086615 recvfrom(44, "nysv\0\0\0\0\0\0\0\0\0\0\0\0003q\367\331\210\2\0\0\24\207\2\0\0\0\0\0", 3200, MSG_DONTWAIT, NULL, NULL) = 32
3154  1784158597.087154 recvfrom(44, 0x7ffcf06d30, 3200, MSG_DONTWAIT, NULL, NULL) = -1 EAGAIN (Try again)
3154  1784158597.087815 recvfrom(71, 0x7be076c420, 2272, MSG_DONTWAIT, NULL, NULL) = -1 EAGAIN (Try again)
3154  1784158597.088331 recvfrom(44, 0x7ffcf05d20, 3200, MSG_DONTWAIT, NULL, NULL) = -1 EAGAIN (Try again)
3154  1784158597.104173 recvfrom(44, "nysv\0\0\0\0\0\0\0\0\0\0\0\0_\303\365\332\210\2\0\0\25\207\2\0\0\0\0\0", 3200, MSG_DONTWAIT, NULL, NULL) = 32
3154  1784158597.104542 recvfrom(44, 0x7ffcf06d30, 3200, MSG_DONTWAIT, NULL, NULL) = -1 EAGAIN (Try again)
3154  1784158597.105430 recvfrom(71, 0x7be076c420, 2272, MSG_DONTWAIT, NULL, NULL) = -1 EAGAIN (Try again)
3154  1784158597.107149 recvfrom(44, 0x7ffcf05d20, 3200, MSG_DONTWAIT, NULL, NULL) = -1 EAGAIN (Try again)
3154  1784158597.120315 recvfrom(44, "nysv\0\0\0\0\0\0\0\0\0\0\0\0V<\364\333\210\2\0\0\26\207\2\0\0\0\0\0", 3200, MSG_DONTWAIT, NULL, NULL) = 32
3154  1784158597.120921 recvfrom(44, 0x7ffcf06d30, 3200, MSG_DONTWAIT, NULL, NULL) = -1 EAGAIN (Try again)
3154  1784158597.121665 recvfrom(71, 0x7be076c420, 2272, MSG_DONTWAIT, NULL, NULL) = -1 EAGAIN (Try again)
3154  1784158597.122881 recvfrom(44, 0x7ffcf05d20, 3200, MSG_DONTWAIT, NULL, NULL) = -1 EAGAIN (Try again)
3154  1784158597.137004 recvfrom(44, "nysv\0\0\0\0\0\0\0\0\0\0\0\0`\266\362\334\210\2\0\0\27\207\2\0\0\0\0\0", 3200, MSG_DONTWAIT, NULL, NULL) = 32
3154  1784158597.137371 recvfrom(44, 0x7ffcf06d30, 3200, MSG_DONTWAIT, NULL, NULL) = -1 EAGAIN (Try again)
3154  1784158597.140415 recvfrom(71, 0x7be076c420, 2272, MSG_DONTWAIT, NULL, NULL) = -1 EAGAIN (Try again)
3154  1784158597.142254 recvfrom(44, 0x7ffcf05d20, 3200, MSG_DONTWAIT, NULL, NULL) = -1 EAGAIN (Try again)
3154  1784158597.153493 recvfrom(44, "nysv\0\0\0\0\0\0\0\0\0\0\0\0\340B\361\335\210\2\0\0\30\207\2\0\0\0\0\0", 3200, MSG_DONTWAIT, NULL, NULL) = 32
3154  1784158597.154065 recvfrom(44, 0x7ffcf06d30, 3200, MSG_DONTWAIT, NULL, NULL) = -1 EAGAIN (Try again)
3154  1784158597.154786 recvfrom(71, 0x7be076c420, 2272, MSG_DONTWAIT, NULL, NULL) = -1 EAGAIN (Try again)
3154  1784158597.155634 recvfrom(44, 0x7ffcf05d20, 3200, MSG_DONTWAIT, NULL, NULL) = -1 EAGAIN (Try again)
3154  1784158597.169752 recvfrom(44, "nysv\0\0\0\0\0\0\0\0\0\0\0\0p\337\357\336\210\2\0\0\31\207\2\0\0\0\0\0", 3200, MSG_DONTWAIT, NULL, NULL) = 32
3154  1784158597.170297 recvfrom(44, 0x7ffcf06d30, 3200, MSG_DONTWAIT, NULL, NULL) = -1 EAGAIN (Try again)
3154  1784158597.174085 recvfrom(71, 0x7be076c420, 2272, MSG_DONTWAIT, NULL, NULL) = -1 EAGAIN (Try again)
3154  1784158597.175189 recvfrom(44, 0x7ffcf05d20, 3200, MSG_DONTWAIT, NULL, NULL) = -1 EAGAIN (Try again)
3154  1784158597.186807 recvfrom(44, "nysv\0\0\0\0\0\0\0\0\0\0\0\0\275q\356\337\210\2\0\0\32\207\2\0\0\0\0\0", 3200, MSG_DONTWAIT, NULL, NULL) = 32
3154  1784158597.187676 recvfrom(44, 0x7ffcf06d30, 3200, MSG_DONTWAIT, NULL, NULL) = -1 EAGAIN (Try again)
3154  1784158597.190484 recvfrom(71, 0x7be076c420, 2272, MSG_DONTWAIT, NULL, NULL) = -1 EAGAIN (Try again)
3154  1784158597.191932 recvfrom(44, 0x7ffcf05d20, 3200, MSG_DONTWAIT, NULL, NULL) = -1 EAGAIN (Try again)
3154  1784158597.203617 recvfrom(44, "nysv\0\0\0\0\0\0\0\0\0\0\0\0\16\r\355\340\210\2\0\0\33\207\2\0\0\0\0\0", 3200, MSG_DONTWAIT, NULL, NULL) = 32
3154  1784158597.204139 recvfrom(44, 0x7ffcf06d30, 3200, MSG_DONTWAIT, NULL, NULL) = -1 EAGAIN (Try again)
3154  1784158597.206170 recvfrom(71, 0x7be076c420, 2272, MSG_DONTWAIT, NULL, NULL) = -1 EAGAIN (Try again)
3154  1784158597.207591 recvfrom(44, 0x7ffcf05d20, 3200, MSG_DONTWAIT, NULL, NULL) = -1 EAGAIN (Try again)
3154  1784158597.220435 recvfrom(44, "nysv\0\0\0\0\0\0\0\0\0\0\0\0,\245\353\341\210\2\0\0\34\207\2\0\0\0\0\0", 3200, MSG_DONTWAIT, NULL, NULL) = 32
3154  1784158597.221122 recvfrom(44, 0x7ffcf06d30, 3200, MSG_DONTWAIT, NULL, NULL) = -1 EAGAIN (Try again)
3154  1784158597.222699 recvfrom(71, 0x7be076c420, 2272, MSG_DONTWAIT, NULL, NULL) = -1 EAGAIN (Try again)
