32276 1784059197.062506 exit(0)         = ?
32276 1784059197.062813 +++ exited with 0 +++
32277 1784059197.065952 exit(0 <unfinished ...>
32275 1784059197.065994 exit(0 <unfinished ...>
32277 1784059197.066068 <... exit resumed>) = ?
32275 1784059197.066277 <... exit resumed>) = ?
32277 1784059197.066377 +++ exited with 0 +++
32275 1784059197.066571 +++ exited with 0 +++
32274 1784059197.066714 exit(0)         = ?
32274 1784059197.066976 +++ exited with 0 +++
32289 1784059197.069763 newfstatat(AT_FDCWD, "/data", {st_mode=S_IFDIR|0771, st_size=4096, ...}, AT_SYMLINK_NOFOLLOW) = 0
32289 1784059197.070165 newfstatat(AT_FDCWD, "/data/app", {st_mode=S_IFDIR|0771, st_size=4096, ...}, AT_SYMLINK_NOFOLLOW) = 0
32289 1784059197.070533 newfstatat(AT_FDCWD, "/data/app/at.mikenet.serbianlatintocyrillic-PVBwgUud8j3jWwUXP_1ebQ==", {st_mode=S_IFDIR|0775, st_size=4096, ...}, AT_SYMLINK_NOFOLLOW) = 0
32289 1784059197.070907 newfstatat(AT_FDCWD, "/data/app/at.mikenet.serbianlatintocyrillic-PVBwgUud8j3jWwUXP_1ebQ==/base.apk", {st_mode=S_IFREG|0644, st_size=1104916, ...}, AT_SYMLINK_NOFOLLOW) = 0
32289 1784059197.071304 getcwd("/", 4096) = 2
32289 1784059197.071670 newfstatat(AT_FDCWD, "/base.apk", 0x745edbb690, AT_SYMLINK_NOFOLLOW) = -1 ENOENT (No such file or directory)
32269 1784059197.427230 clone(child_stack=0x745bffbd40, flags=CLONE_VM|CLONE_FS|CLONE_FILES|CLONE_SIGHAND|CLONE_THREAD|CLONE_SYSVSEM|CLONE_SETTLS|CLONE_PARENT_SETTID|CLONE_CHILD_CLEARTID, parent_tidptr=0x745bffbd60, tls=0x745bffc020, child_tidptr=0x745bffbd60) = 32348
32348 1784059197.433365 faccessat(AT_FDCWD, "/data/user/0/at.mikenet.serbianlatintocyrillic", F_OK) = 0
32348 1784059197.433652 faccessat(AT_FDCWD, "/data/user/0/at.mikenet.serbianlatintocyrillic/files", F_OK) = 0
32348 1784059197.433861 faccessat(AT_FDCWD, "/data/user/0/at.mikenet.serbianlatintocyrillic/files/profileinstaller_profileWrittenFor_lastUpdateTime.dat", F_OK) = 0
32348 1784059197.434041 openat(AT_FDCWD, "/data/user/0/at.mikenet.serbianlatintocyrillic/files/profileinstaller_profileWrittenFor_lastUpdateTime.dat", O_RDONLY) = 69
32348 1784059197.434968 getsockopt(69, SOL_SOCKET, SO_ERROR, 0x745bffad24, [4]) = -1 ENOTSOCK (Socket operation on non-socket)
32348 1784059197.436335 newfstatat(AT_FDCWD, "/data/misc/profiles/ref/at.mikenet.serbianlatintocyrillic/primary.prof", 0x745bffa558, 0) = -1 ENOENT (No such file or directory)
32348 1784059197.436642 faccessat(AT_FDCWD, "/data/misc/profiles/ref/at.mikenet.serbianlatintocyrillic/primary.prof", F_OK) = -1 ENOENT (No such file or directory)
32348 1784059197.437057 newfstatat(AT_FDCWD, "/data/misc/profiles/cur/0/at.mikenet.serbianlatintocyrillic/primary.prof", {st_mode=S_IFREG|0600, st_size=4831, ...}, 0) = 0
32348 1784059197.437441 faccessat(AT_FDCWD, "/data/misc/profiles/cur/0/at.mikenet.serbianlatintocyrillic/primary.prof", F_OK) = 0
32348 1784059197.439382 faccessat(AT_FDCWD, "/data/user/0/at.mikenet.serbianlatintocyrillic/files", F_OK) = 0
32348 1784059197.439924 faccessat(AT_FDCWD, "/data/user/0/at.mikenet.serbianlatintocyrillic/files/profileInstalled", F_OK) = 0
32348 1784059197.440308 openat(AT_FDCWD, "/data/user/0/at.mikenet.serbianlatintocyrillic/files/profileInstalled", O_RDONLY) = 69
32348 1784059197.442624 getsockopt(69, SOL_SOCKET, SO_ERROR, 0x745bff9ed4, [4]) = -1 ENOTSOCK (Socket operation on non-socket)
32348 1784059197.447247 exit(0)         = ?
32348 1784059197.447881 +++ exited with 0 +++
32307 1784059197.496431 faccessat(AT_FDCWD, "/proc/self/task/32348", F_OK) = -1 ENOENT (No such file or directory)
32309 1784059209.868370 exit(0)         = ?
32309 1784059209.868712 +++ exited with 0 +++
32307 1784059209.918376 faccessat(AT_FDCWD, "/proc/self/task/32309", F_OK) = -1 ENOENT (No such file or directory)
