7415  1784063130.849078 recvfrom(43, 0x7fc64febb0, 3200, MSG_DONTWAIT, NULL, NULL) = -1 EAGAIN (Try again)
7415  1784063130.864559 recvfrom(43, "nysv\0\0\0\0\0\0\0\0\0\0\0\0E\344\353\352\236\2\0\0\227\235\2\0\0\0\0\0", 3200, MSG_DONTWAIT, NULL, NULL) = 32
7415  1784063130.864871 recvfrom(43, 0x7fc64ff090, 3200, MSG_DONTWAIT, NULL, NULL) = -1 EAGAIN (Try again)
7425  1784063132.291340 exit(0)         = ?
7425  1784063132.291483 +++ exited with 0 +++
7423  1784063132.291508 exit(0)         = ?
7423  1784063132.291543 +++ exited with 0 +++
7424  1784063132.292889 exit(0 <unfinished ...>
7421  1784063132.292909 exit(0 <unfinished ...>
7424  1784063132.293015 <... exit resumed>) = ?
7421  1784063132.293033 <... exit resumed>) = ?
7424  1784063132.293172 +++ exited with 0 +++
7421  1784063132.293187 +++ exited with 0 +++
7435  1784063132.295511 newfstatat(AT_FDCWD, "/data", {st_mode=S_IFDIR|0771, st_size=4096, ...}, AT_SYMLINK_NOFOLLOW) = 0
7435  1784063132.295918 newfstatat(AT_FDCWD, "/data/app", {st_mode=S_IFDIR|0771, st_size=4096, ...}, AT_SYMLINK_NOFOLLOW) = 0
7435  1784063132.296357 newfstatat(AT_FDCWD, "/data/app/au.com.wallaceit.reddinator-GTkuqKw0PRd67YZSqlXDrQ==", {st_mode=S_IFDIR|0775, st_size=4096, ...}, AT_SYMLINK_NOFOLLOW) = 0
7435  1784063132.296732 newfstatat(AT_FDCWD, "/data/app/au.com.wallaceit.reddinator-GTkuqKw0PRd67YZSqlXDrQ==/base.apk", {st_mode=S_IFREG|0644, st_size=3367335, ...}, AT_SYMLINK_NOFOLLOW) = 0
7435  1784063132.297111 getcwd("/", 4096) = 2
7435  1784063132.297485 newfstatat(AT_FDCWD, "/base.apk", 0x7997a84690, AT_SYMLINK_NOFOLLOW) = -1 ENOENT (No such file or directory)
7450  1784063144.624897 exit(0)         = ?
7450  1784063144.625194 +++ exited with 0 +++
7448  1784063144.672903 faccessat(AT_FDCWD, "/proc/self/task/7450", F_OK) = -1 ENOENT (No such file or directory)
7415  1784063145.983435 recvfrom(45, "\2\0\0\0\0\0\0\0\314\6\0\0\0\0\0\0\0G\306p\242\2\0\0\1\0\0\0\2\20\0\0"..., 2272, MSG_DONTWAIT, NULL, NULL) = 232
7415  1784063145.984512 sendto(45, "\3\0\0\0\0\0\0\0\314\6\0\0\1\0\0\0", 16, MSG_DONTWAIT|MSG_NOSIGNAL, NULL, 0) = 16
7415  1784063145.984706 recvfrom(45, 0x799266d820, 2272, MSG_DONTWAIT, NULL, NULL) = -1 EAGAIN (Try again)
7415  1784063145.985388 recvfrom(45, "\2\0\0\0\0\0\0\0\316\6\0\0\0\0\0\0\0G\306p\242\2\0\0\1\0\0\0\2\20\0\0"..., 2272, MSG_DONTWAIT, NULL, NULL) = 232
7415  1784063145.985561 recvfrom(43, 0x7fc64fd980, 3200, MSG_DONTWAIT, NULL, NULL) = -1 EAGAIN (Try again)
7415  1784063145.986189 sendto(45, "\3\0\0\0\0\0\0\0\316\6\0\0\1\0\0\0", 16, MSG_DONTWAIT|MSG_NOSIGNAL, NULL, 0) = 16
7415  1784063145.986426 recvfrom(45, 0x799266d820, 2272, MSG_DONTWAIT, NULL, NULL) = -1 EAGAIN (Try again)
7415  1784063146.002583 recvfrom(43, "nysv\0\0\0\0\0\0\0\0\0\0\0\0\313\277\356q\242\2\0\0\32\241\2\0\0\0\0\0", 3200, MSG_DONTWAIT, NULL, NULL) = 32
7415  1784063146.002733 recvfrom(43, 0x7fc64ff090, 3200, MSG_DONTWAIT, NULL, NULL) = -1 EAGAIN (Try again)
7415  1784063146.003057 recvfrom(45, 0x799266d820, 2272, MSG_DONTWAIT, NULL, NULL) = -1 EAGAIN (Try again)
7415  1784063163.978876 recvfrom(45, "\2\0\0\0\0\0\0\0\322\6\0\0\0\0\0\0\300/\\\241\246\2\0\0\1\0\0\0\2\20\0\0"..., 2272, MSG_DONTWAIT, NULL, NULL) = 232
7415  1784063163.979183 sendto(45, "\3\0\0\0\0\0\0\0\322\6\0\0\1\0\0\0", 16, MSG_DONTWAIT|MSG_NOSIGNAL, NULL, 0) = 16
7415  1784063163.979446 recvfrom(45, 0x799266d820, 2272, MSG_DONTWAIT, NULL, NULL) = -1 EAGAIN (Try again)
7415  1784063163.979932 recvfrom(45, "\2\0\0\0\0\0\0\0\324\6\0\0\0\0\0\0\300/\\\241\246\2\0\0\1\0\0\0\2\20\0\0"..., 2272, MSG_DONTWAIT, NULL, NULL) = 232
7415  1784063163.980252 sendto(45, "\3\0\0\0\0\0\0\0\324\6\0\0\1\0\0\0", 16, MSG_DONTWAIT|MSG_NOSIGNAL, NULL, 0) = 16
7415  1784063163.980453 recvfrom(45, 0x799266d820, 2272, MSG_DONTWAIT, NULL, NULL) = -1 EAGAIN (Try again)
7415  1784063163.981059 socket(AF_UNIX, SOCK_DGRAM|SOCK_CLOEXEC|SOCK_NONBLOCK, 0) = 50
7415  1784063163.981353 setsockopt(50, SOL_SOCKET, SO_SNDBUF, [1048576], 4) = 0
7415  1784063163.981489 connect(50, {sa_family=AF_UNIX, sun_path="/dev/socket/statsdw"}, 110) = 0
7415  1784063163.992641 newfstatat(AT_FDCWD, "/system/framework/framework-res.apk", {st_mode=S_IFREG|0644, st_size=45992421, ...}, 0) = 0
7415  1784063163.992809 newfstatat(AT_FDCWD, "/product/overlay/GoogleConfigOverlay.apk", {st_mode=S_IFREG|0644, st_size=25070, ...}, 0) = 0
7415  1784063163.992966 newfstatat(AT_FDCWD, "/product/overlay/GoogleWebViewOverlay.apk", {st_mode=S_IFREG|0644, st_size=16815, ...}, 0) = 0
7415  1784063163.993114 newfstatat(AT_FDCWD, "/product/overlay/PixelConfigOverlayCommon.apk", {st_mode=S_IFREG|0644, st_size=52833, ...}, 0) = 0
7415  1784063163.993259 newfstatat(AT_FDCWD, "/product/overlay/EmulatorConfigOverlay.apk", {st_mode=S_IFREG|0644, st_size=16734, ...}, 0) = 0
7415  1784063163.993406 newfstatat(AT_FDCWD, "/data/app/au.com.wallaceit.reddinator-GTkuqKw0PRd67YZSqlXDrQ==/base.apk", {st_mode=S_IFREG|0644, st_size=3367335, ...}, 0) = 0
7437  1784063163.993685 clone(child_stack=0x799369bd40, flags=CLONE_VM|CLONE_FS|CLONE_FILES|CLONE_SIGHAND|CLONE_THREAD|CLONE_SYSVSEM|CLONE_SETTLS|CLONE_PARENT_SETTID|CLONE_CHILD_CLEARTID, parent_tidptr=0x799369bd60, tls=0x799369c020, child_tidptr=0x799369bd60) = 7546
7415  1784063163.994988 clone(child_stack=0x799359ed40, flags=CLONE_VM|CLONE_FS|CLONE_FILES|CLONE_SIGHAND|CLONE_THREAD|CLONE_SYSVSEM|CLONE_SETTLS|CLONE_PARENT_SETTID|CLONE_CHILD_CLEARTID, parent_tidptr=0x799359ed60, tls=0x799359f020, child_tidptr=0x799359ed60) = 7547
7415  1784063163.996641 newfstatat(AT_FDCWD, "/system/framework/framework-res.apk", {st_mode=S_IFREG|0644, st_size=45992421, ...}, 0) = 0
7415  1784063163.996970 newfstatat(AT_FDCWD, "/product/overlay/GoogleConfigOverlay.apk", {st_mode=S_IFREG|0644, st_size=25070, ...}, 0) = 0
7415  1784063163.997268 newfstatat(AT_FDCWD, "/product/overlay/GoogleWebViewOverlay.apk", {st_mode=S_IFREG|0644, st_size=16815, ...}, 0) = 0
7546  1784063163.997487 exit(0 <unfinished ...>
7415  1784063163.997562 newfstatat(AT_FDCWD, "/product/overlay/PixelConfigOverlayCommon.apk",  <unfinished ...>
7546  1784063163.997693 <... exit resumed>) = ?
7415  1784063163.997705 <... newfstatat resumed> {st_mode=S_IFREG|0644, st_size=52833, ...}, 0) = 0
7415  1784063163.997852 newfstatat(AT_FDCWD, "/product/overlay/EmulatorConfigOverlay.apk",  <unfinished ...>
7546  1784063163.998018 +++ exited with 0 +++
7415  1784063163.998114 <... newfstatat resumed> {st_mode=S_IFREG|0644, st_size=16734, ...}, 0) = 0
7415  1784063163.998221 newfstatat(AT_FDCWD, "/data/app/au.com.wallaceit.reddinator-GTkuqKw0PRd67YZSqlXDrQ==/base.apk", {st_mode=S_IFREG|0644, st_size=3367335, ...}, 0) = 0
7547  1784063163.999135 exit(0)         = ?
7547  1784063163.999372 +++ exited with 0 +++
7415  1784063164.000718 newfstatat(AT_FDCWD, "/system/framework/framework-res.apk", {st_mode=S_IFREG|0644, st_size=45992421, ...}, 0) = 0
7415  1784063164.000866 newfstatat(AT_FDCWD, "/product/overlay/GoogleConfigOverlay.apk", {st_mode=S_IFREG|0644, st_size=25070, ...}, 0) = 0
7415  1784063164.001009 newfstatat(AT_FDCWD, "/product/overlay/GoogleWebViewOverlay.apk", {st_mode=S_IFREG|0644, st_size=16815, ...}, 0) = 0
7415  1784063164.001159 newfstatat(AT_FDCWD, "/product/overlay/PixelConfigOverlayCommon.apk", {st_mode=S_IFREG|0644, st_size=52833, ...}, 0) = 0
7415  1784063164.001305 newfstatat(AT_FDCWD, "/product/overlay/EmulatorConfigOverlay.apk", {st_mode=S_IFREG|0644, st_size=16734, ...}, 0) = 0
7415  1784063164.001445 newfstatat(AT_FDCWD, "/data/app/au.com.wallaceit.reddinator-GTkuqKw0PRd67YZSqlXDrQ==/base.apk", {st_mode=S_IFREG|0644, st_size=3367335, ...}, 0) = 0
7415  1784063164.038464 faccessat(AT_FDCWD, "/data/user/0/au.com.wallaceit.reddinator", F_OK) = 0
7415  1784063164.038634 faccessat(AT_FDCWD, "/data/user/0/au.com.wallaceit.reddinator/shared_prefs", F_OK) = 0
7451  1784063164.042572 sendmsg(72, {msg_name=NULL, msg_namelen=0, msg_iov=[{iov_base="l\1\1\1\340\0\0\0L\0\0\0\235\0\0\0\1\1o\0;\0\0\0/re/frid"..., iov_len=400}], msg_iovlen=1, msg_controllen=0, msg_flags=0}, MSG_NOSIGNAL) = 400
7451  1784063164.046692 sendmsg(72, {msg_name=NULL, msg_namelen=0, msg_iov=[{iov_base="l\1\1\1\344\0\0\0M\0\0\0\235\0\0\0\1\1o\0;\0\0\0/re/frid"..., iov_len=404}], msg_iovlen=1, msg_controllen=0, msg_flags=0}, MSG_NOSIGNAL) = 404
7451  1784063164.050076 sendmsg(72, {msg_name=NULL, msg_namelen=0, msg_iov=[{iov_base="l\1\1\1\344\0\0\0N\0\0\0\235\0\0\0\1\1o\0;\0\0\0/re/frid"..., iov_len=404}], msg_iovlen=1, msg_controllen=0, msg_flags=0}, MSG_NOSIGNAL) = 404
7451  1784063164.053616 sendmsg(72, {msg_name=NULL, msg_namelen=0, msg_iov=[{iov_base="l\1\1\1\354\0\0\0O\0\0\0\235\0\0\0\1\1o\0;\0\0\0/re/frid"..., iov_len=412}], msg_iovlen=1, msg_controllen=0, msg_flags=0}, MSG_NOSIGNAL) = 412
7415  1784063164.058656 recvfrom(43, 0x7fc64fed60, 3200, MSG_DONTWAIT, NULL, NULL) = -1 EAGAIN (Try again)
7415  1784063164.070954 recvfrom(43, "nysv\0\0\0\0\0\0\0\0\0\0\0\0gh\313\246\246\2\0\0Q\245\2\0\0\0\0\0", 3200, MSG_DONTWAIT, NULL, NULL) = 32
7415  1784063164.071107 recvfrom(43, 0x7fc64ff090, 3200, MSG_DONTWAIT, NULL, NULL) = -1 EAGAIN (Try again)
7415  1784063164.071483 recvfrom(63, 0x7a27ec7420, 2272, MSG_DONTWAIT, NULL, NULL) = -1 EAGAIN (Try again)
7415  1784063164.072361 recvfrom(43, 0x7fc64feaf0, 3200, MSG_DONTWAIT, NULL, NULL) = -1 EAGAIN (Try again)
7415  1784063164.098906 recvfrom(43, "nysv\0\0\0\0\0\0\0\0\0\0\0\0\221\270\311\247\246\2\0\0R\245\2\0\0\0\0\0", 3200, MSG_DONTWAIT, NULL, NULL) = 32
7415  1784063164.099068 recvfrom(43, 0x7fc64ff090, 3200, MSG_DONTWAIT, NULL, NULL) = -1 EAGAIN (Try again)
7415  1784063164.111320 recvfrom(63, 0x7a27ec7420, 2272, MSG_DONTWAIT, NULL, NULL) = -1 EAGAIN (Try again)
7415  1784063164.120773 recvfrom(43, 0x7fc64fe740, 3200, MSG_DONTWAIT, NULL, NULL) = -1 EAGAIN (Try again)
7415  1784063164.142789 recvfrom(43, "nysv\0\0\0\0\0\0\0\0\0\0\0\0\376\215\303\252\246\2\0\0U\245\2\0\0\0\0\0", 3200, MSG_DONTWAIT, NULL, NULL) = 32
7415  1784063164.142959 recvfrom(43, 0x7fc64ff090, 3200, MSG_DONTWAIT, NULL, NULL) = -1 EAGAIN (Try again)
7415  1784063164.143222 recvfrom(63, 0x7a27ec7420, 2272, MSG_DONTWAIT, NULL, NULL) = -1 EAGAIN (Try again)
7415  1784063164.143927 recvfrom(43, 0x7fc64fd9f0, 3200, MSG_DONTWAIT, NULL, NULL) = -1 EAGAIN (Try again)
7415  1784063164.154281 recvfrom(43, "nysv\0\0\0\0\0\0\0\0\0\0\0\0(\336\301\253\246\2\0\0V\245\2\0\0\0\0\0", 3200, MSG_DONTWAIT, NULL, NULL) = 32
7415  1784063164.154426 recvfrom(43, 0x7fc64ff090, 3200, MSG_DONTWAIT, NULL, NULL) = -1 EAGAIN (Try again)
7415  1784063164.157118 recvfrom(63, 0x7a27ec7420, 2272, MSG_DONTWAIT, NULL, NULL) = -1 EAGAIN (Try again)
7415  1784063164.523690 recvfrom(43, 0x7fc64ff0e0, 3200, MSG_DONTWAIT, NULL, NULL) = -1 EAGAIN (Try again)
7415  1784063164.527412 clone(child_stack=0x7992e81d40, flags=CLONE_VM|CLONE_FS|CLONE_FILES|CLONE_SIGHAND|CLONE_THREAD|CLONE_SYSVSEM|CLONE_SETTLS|CLONE_PARENT_SETTID|CLONE_CHILD_CLEARTID, parent_tidptr=0x7992e81d60, tls=0x7992e82020, child_tidptr=0x7992e81d60) = 7548
7415  1784063164.536120 recvfrom(43, "nysv\0\0\0\0\0\0\0\0\0\0\0\0\275\26\232\302\246\2\0\0m\245\2\0\0\0\0\0", 3200, MSG_DONTWAIT, NULL, NULL) = 32
7415  1784063164.536727 recvfrom(43, 0x7fc64ff090, 3200, MSG_DONTWAIT, NULL, NULL) = -1 EAGAIN (Try again)
7415  1784063164.537383 recvfrom(45, 0x799266d820, 2272, MSG_DONTWAIT, NULL, NULL) = -1 EAGAIN (Try again)
7415  1784063165.273067 recvfrom(43, 0x7fc64feea0, 3200, MSG_DONTWAIT, NULL, NULL) = -1 EAGAIN (Try again)
7415  1784063165.287265 recvfrom(43, "nysv\0\0\0\0\0\0\0\0\0\0\0\0\247\25N\357\246\2\0\0\231\245\2\0\0\0\0\0", 3200, MSG_DONTWAIT, NULL, NULL) = 32
7415  1784063165.287736 recvfrom(43, 0x7fc64ff090, 3200, MSG_DONTWAIT, NULL, NULL) = -1 EAGAIN (Try again)
7415  1784063165.288604 recvfrom(63, 0x7a27ec7420, 2272, MSG_DONTWAIT, NULL, NULL) = -1 EAGAIN (Try again)
7415  1784063165.289402 recvfrom(43, 0x7fc64fe1c0, 3200, MSG_DONTWAIT, NULL, NULL) = -1 EAGAIN (Try again)
7415  1784063165.306346 recvfrom(43, "nysv\0\0\0\0\0\0\0\0\0\0\0\0\321eL\360\246\2\0\0\232\245\2\0\0\0\0\0", 3200, MSG_DONTWAIT, NULL, NULL) = 32
7415  1784063165.306657 recvfrom(43, 0x7fc64ff090, 3200, MSG_DONTWAIT, NULL, NULL) = -1 EAGAIN (Try again)
7415  1784063165.306971 recvfrom(63, 0x7a27ec7420, 2272, MSG_DONTWAIT, NULL, NULL) = -1 EAGAIN (Try again)
7415  1784063165.307644 recvfrom(43, 0x7fc64fe1c0, 3200, MSG_DONTWAIT, NULL, NULL) = -1 EAGAIN (Try again)
7415  1784063165.318940 recvfrom(43, "nysv\0\0\0\0\0\0\0\0\0\0\0\0H\fK\361\246\2\0\0\233\245\2\0\0\0\0\0", 3200, MSG_DONTWAIT, NULL, NULL) = 32
7415  1784063165.319648 recvfrom(43, 0x7fc64ff090, 3200, MSG_DONTWAIT, NULL, NULL) = -1 EAGAIN (Try again)
7415  1784063165.320093 recvfrom(63, 0x7a27ec7420, 2272, MSG_DONTWAIT, NULL, NULL) = -1 EAGAIN (Try again)
7415  1784063165.320790 recvfrom(43, 0x7fc64fe1c0, 3200, MSG_DONTWAIT, NULL, NULL) = -1 EAGAIN (Try again)
7415  1784063165.335942 recvfrom(43, "nysv\0\0\0\0\0\0\0\0\0\0\0\0s\220I\362\246\2\0\0\234\245\2\0\0\0\0\0", 3200, MSG_DONTWAIT, NULL, NULL) = 32
7415  1784063165.336468 recvfrom(43, 0x7fc64ff090, 3200, MSG_DONTWAIT, NULL, NULL) = -1 EAGAIN (Try again)
7415  1784063165.336862 recvfrom(63, 0x7a27ec7420, 2272, MSG_DONTWAIT, NULL, NULL) = -1 EAGAIN (Try again)
7415  1784063165.337609 recvfrom(43, 0x7fc64fe1c0, 3200, MSG_DONTWAIT, NULL, NULL) = -1 EAGAIN (Try again)
7415  1784063165.352909 recvfrom(43, "nysv\0\0\0\0\0\0\0\0\0\0\0\0\372\371G\363\246\2\0\0\235\245\2\0\0\0\0\0", 3200, MSG_DONTWAIT, NULL, NULL) = 32
7415  1784063165.353333 recvfrom(43, 0x7fc64ff090, 3200, MSG_DONTWAIT, NULL, NULL) = -1 EAGAIN (Try again)
7415  1784063165.353665 recvfrom(63, 0x7a27ec7420, 2272, MSG_DONTWAIT, NULL, NULL) = -1 EAGAIN (Try again)
7415  1784063165.354221 recvfrom(43, 0x7fc64fe1c0, 3200, MSG_DONTWAIT, NULL, NULL) = -1 EAGAIN (Try again)
7415  1784063165.369440 recvfrom(43, "nysv\0\0\0\0\0\0\0\0\0\0\0\0\241eF\364\246\2\0\0\236\245\2\0\0\0\0\0", 3200, MSG_DONTWAIT, NULL, NULL) = 32
7415  1784063165.369842 recvfrom(43, 0x7fc64ff090, 3200, MSG_DONTWAIT, NULL, NULL) = -1 EAGAIN (Try again)
7415  1784063165.370235 recvfrom(63, 0x7a27ec7420, 2272, MSG_DONTWAIT, NULL, NULL) = -1 EAGAIN (Try again)
7415  1784063165.370614 recvfrom(43, 0x7fc64fe1c0, 3200, MSG_DONTWAIT, NULL, NULL) = -1 EAGAIN (Try again)
7415  1784063165.386484 recvfrom(43, "nysv\0\0\0\0\0\0\0\0\0\0\0\0\317\270D\365\246\2\0\0\237\245\2\0\0\0\0\0", 3200, MSG_DONTWAIT, NULL, NULL) = 32
7415  1784063165.386878 recvfrom(43, 0x7fc64ff090, 3200, MSG_DONTWAIT, NULL, NULL) = -1 EAGAIN (Try again)
7415  1784063165.387181 recvfrom(63, 0x7a27ec7420, 2272, MSG_DONTWAIT, NULL, NULL) = -1 EAGAIN (Try again)
7415  1784063165.387778 recvfrom(43, 0x7fc64fe1c0, 3200, MSG_DONTWAIT, NULL, NULL) = -1 EAGAIN (Try again)
7415  1784063165.403183 recvfrom(43, "nysv\0\0\0\0\0\0\0\0\0\0\0\0\311\fC\366\246\2\0\0\240\245\2\0\0\0\0\0", 3200, MSG_DONTWAIT, NULL, NULL) = 32
7415  1784063165.403606 recvfrom(43, 0x7fc64ff090, 3200, MSG_DONTWAIT, NULL, NULL) = -1 EAGAIN (Try again)
7415  1784063165.403963 recvfrom(63, 0x7a27ec7420, 2272, MSG_DONTWAIT, NULL, NULL) = -1 EAGAIN (Try again)
7415  1784063165.405975 recvfrom(43, 0x7fc64fe1c0, 3200, MSG_DONTWAIT, NULL, NULL) = -1 EAGAIN (Try again)
7415  1784063165.419123 recvfrom(43, "nysv\0\0\0\0\0\0\0\0\0\0\0\0\242\204A\367\246\2\0\0\241\245\2\0\0\0\0\0", 3200, MSG_DONTWAIT, NULL, NULL) = 32
7415  1784063165.419529 recvfrom(43, 0x7fc64ff090, 3200, MSG_DONTWAIT, NULL, NULL) = -1 EAGAIN (Try again)
7415  1784063165.419851 recvfrom(63, 0x7a27ec7420, 2272, MSG_DONTWAIT, NULL, NULL) = -1 EAGAIN (Try again)
7415  1784063165.420367 recvfrom(43, 0x7fc64fe1c0, 3200, MSG_DONTWAIT, NULL, NULL) = -1 EAGAIN (Try again)
7415  1784063165.435574 recvfrom(43, "nysv\0\0\0\0\0\0\0\0\0\0\0\0\306\\@\370\246\2\0\0\242\245\2\0\0\0\0\0", 3200, MSG_DONTWAIT, NULL, NULL) = 32
7415  1784063165.436005 recvfrom(43, 0x7fc64ff090, 3200, MSG_DONTWAIT, NULL, NULL) = -1 EAGAIN (Try again)
7415  1784063165.436300 recvfrom(63, 0x7a27ec7420, 2272, MSG_DONTWAIT, NULL, NULL) = -1 EAGAIN (Try again)
7415  1784063165.438126 recvfrom(43, 0x7fc64fe1c0, 3200, MSG_DONTWAIT, NULL, NULL) = -1 EAGAIN (Try again)
7415  1784063165.452401 recvfrom(43, "nysv\0\0\0\0\0\0\0\0\0\0\0\0\f\333>\371\246\2\0\0\243\245\2\0\0\0\0\0", 3200, MSG_DONTWAIT, NULL, NULL) = 32
7415  1784063165.452751 recvfrom(43, 0x7fc64ff090, 3200, MSG_DONTWAIT, NULL, NULL) = -1 EAGAIN (Try again)
7415  1784063165.453274 recvfrom(63, 0x7a27ec7420, 2272, MSG_DONTWAIT, NULL, NULL) = -1 EAGAIN (Try again)
7415  1784063165.455738 recvfrom(43, 0x7fc64fe1c0, 3200, MSG_DONTWAIT, NULL, NULL) = -1 EAGAIN (Try again)
7415  1784063165.469639 recvfrom(43, "nysv\0\0\0\0\0\0\0\0\0\0\0\0006+=\372\246\2\0\0\244\245\2\0\0\0\0\0", 3200, MSG_DONTWAIT, NULL, NULL) = 32
7415  1784063165.469986 recvfrom(43, 0x7fc64ff090, 3200, MSG_DONTWAIT, NULL, NULL) = -1 EAGAIN (Try again)
7415  1784063165.470428 recvfrom(63, 0x7a27ec7420, 2272, MSG_DONTWAIT, NULL, NULL) = -1 EAGAIN (Try again)
7415  1784063165.470852 recvfrom(43, 0x7fc64fe1c0, 3200, MSG_DONTWAIT, NULL, NULL) = -1 EAGAIN (Try again)
7415  1784063165.486810 recvfrom(43, "nysv\0\0\0\0\0\0\0\0\0\0\0\0\"e;\373\246\2\0\0\245\245\2\0\0\0\0\0", 3200, MSG_DONTWAIT, NULL, NULL) = 32
7415  1784063165.487069 recvfrom(43, 0x7fc64ff090, 3200, MSG_DONTWAIT, NULL, NULL) = -1 EAGAIN (Try again)
7415  1784063165.487552 recvfrom(63, 0x7a27ec7420, 2272, MSG_DONTWAIT, NULL, NULL) = -1 EAGAIN (Try again)
7415  1784063165.488270 recvfrom(43, 0x7fc64fe1c0, 3200, MSG_DONTWAIT, NULL, NULL) = -1 EAGAIN (Try again)
7415  1784063165.503678 recvfrom(43, "nysv\0\0\0\0\0\0\0\0\0\0\0\0o\2319\374\246\2\0\0\246\245\2\0\0\0\0\0", 3200, MSG_DONTWAIT, NULL, NULL) = 32
7415  1784063165.504106 recvfrom(43, 0x7fc64ff090, 3200, MSG_DONTWAIT, NULL, NULL) = -1 EAGAIN (Try again)
7415  1784063165.504402 recvfrom(63, 0x7a27ec7420, 2272, MSG_DONTWAIT, NULL, NULL) = -1 EAGAIN (Try again)
7415  1784063165.506478 recvfrom(43, 0x7fc64fe1c0, 3200, MSG_DONTWAIT, NULL, NULL) = -1 EAGAIN (Try again)
7415  1784063165.520160 recvfrom(43, "nysv\0\0\0\0\0\0\0\0\0\0\0\0\231\3517\375\246\2\0\0\247\245\2\0\0\0\0\0", 3200, MSG_DONTWAIT, NULL, NULL) = 32
7415  1784063165.520552 recvfrom(43, 0x7fc64ff090, 3200, MSG_DONTWAIT, NULL, NULL) = -1 EAGAIN (Try again)
7415  1784063165.520999 recvfrom(63, 0x7a27ec7420, 2272, MSG_DONTWAIT, NULL, NULL) = -1 EAGAIN (Try again)
7415  1784063165.521690 recvfrom(43, 0x7fc64fe1c0, 3200, MSG_DONTWAIT, NULL, NULL) = -1 EAGAIN (Try again)
7415  1784063165.535742 recvfrom(43, "nysv\0\0\0\0\0\0\0\0\0\0\0\0\30396\376\246\2\0\0\250\245\2\0\0\0\0\0", 3200, MSG_DONTWAIT, NULL, NULL) = 32
7415  1784063165.536137 recvfrom(43, 0x7fc64ff090, 3200, MSG_DONTWAIT, NULL, NULL) = -1 EAGAIN (Try again)
7415  1784063165.536505 recvfrom(63, 0x7a27ec7420, 2272, MSG_DONTWAIT, NULL, NULL) = -1 EAGAIN (Try again)
7415  1784063165.537189 recvfrom(43, 0x7fc64fe1c0, 3200, MSG_DONTWAIT, NULL, NULL) = -1 EAGAIN (Try again)
7415  1784063165.551777 recvfrom(43, "nysv\0\0\0\0\0\0\0\0\0\0\0\0n\3274\377\246\2\0\0\251\245\2\0\0\0\0\0", 3200, MSG_DONTWAIT, NULL, NULL) = 32
7415  1784063165.552041 recvfrom(43, 0x7fc64ff090, 3200, MSG_DONTWAIT, NULL, NULL) = -1 EAGAIN (Try again)
7415  1784063165.552717 recvfrom(63, 0x7a27ec7420, 2272, MSG_DONTWAIT, NULL, NULL) = -1 EAGAIN (Try again)
7415  1784063165.554271 recvfrom(43, 0x7fc64fe1c0, 3200, MSG_DONTWAIT, NULL, NULL) = -1 EAGAIN (Try again)
7415  1784063165.571351 recvfrom(43, "nysv\0\0\0\0\0\0\0\0\0\0\0\0d\3112\0\247\2\0\0\252\245\2\0\0\0\0\0", 3200, MSG_DONTWAIT, NULL, NULL) = 32
7415  1784063165.571722 recvfrom(43, 0x7fc64ff090, 3200, MSG_DONTWAIT, NULL, NULL) = -1 EAGAIN (Try again)
7415  1784063165.572027 recvfrom(63, 0x7a27ec7420, 2272, MSG_DONTWAIT, NULL, NULL) = -1 EAGAIN (Try again)
7415  1784063165.572444 recvfrom(43, 0x7fc64fe1c0, 3200, MSG_DONTWAIT, NULL, NULL) = -1 EAGAIN (Try again)
7415  1784063165.586508 recvfrom(43, "nysv\0\0\0\0\0\0\0\0\0\0\0\0\271\0221\1\247\2\0\0\253\245\2\0\0\0\0\0", 3200, MSG_DONTWAIT, NULL, NULL) = 32
7415  1784063165.586915 recvfrom(43, 0x7fc64ff090, 3200, MSG_DONTWAIT, NULL, NULL) = -1 EAGAIN (Try again)
7415  1784063165.587260 recvfrom(63, 0x7a27ec7420, 2272, MSG_DONTWAIT, NULL, NULL) = -1 EAGAIN (Try again)
7415  1784063165.589065 recvfrom(43, 0x7fc64fe1c0, 3200, MSG_DONTWAIT, NULL, NULL) = -1 EAGAIN (Try again)
7415  1784063165.603934 recvfrom(43, "nysv\0\0\0\0\0\0\0\0\0\0\0\0\343b/\2\247\2\0\0\254\245\2\0\0\0\0\0", 3200, MSG_DONTWAIT, NULL, NULL) = 32
7415  1784063165.604266 recvfrom(43, 0x7fc64ff090, 3200, MSG_DONTWAIT, NULL, NULL) = -1 EAGAIN (Try again)
7415  1784063165.604816 recvfrom(63, 0x7a27ec7420, 2272, MSG_DONTWAIT, NULL, NULL) = -1 EAGAIN (Try again)
7415  1784063165.605337 recvfrom(43, 0x7fc64fe1c0, 3200, MSG_DONTWAIT, NULL, NULL) = -1 EAGAIN (Try again)
7415  1784063165.619834 recvfrom(43, "nysv\0\0\0\0\0\0\0\0\0\0\0\0\360\270-\3\247\2\0\0\255\245\2\0\0\0\0\0", 3200, MSG_DONTWAIT, NULL, NULL) = 32
7415  1784063165.620255 recvfrom(43, 0x7fc64ff090, 3200, MSG_DONTWAIT, NULL, NULL) = -1 EAGAIN (Try again)
7415  1784063165.620554 recvfrom(63, 0x7a27ec7420, 2272, MSG_DONTWAIT, NULL, NULL) = -1 EAGAIN (Try again)
7415  1784063181.454323 recvfrom(63, "\2\0\0\0\0\0\0\0\330\6\0\0\0\0\0\0\300\310\2\263\252\2\0\0\1\0\0\0\2\20\0\0"..., 2272, MSG_DONTWAIT, NULL, NULL) = 232
7415  1784063181.455335 recvfrom(43, 0x7fc64fcf60, 3200, MSG_DONTWAIT, NULL, NULL) = -1 EAGAIN (Try again)
7415  1784063181.455888 sendto(63, "\3\0\0\0\0\0\0\0\330\6\0\0\1\0\0\0", 16, MSG_DONTWAIT|MSG_NOSIGNAL, NULL, 0) = 16
7415  1784063181.456099 recvfrom(63, 0x7a27ec7420, 2272, MSG_DONTWAIT, NULL, NULL) = -1 EAGAIN (Try again)
7415  1784063181.456566 recvfrom(63, "\2\0\0\0\0\0\0\0\332\6\0\0\0\0\0\0\300\310\2\263\252\2\0\0\1\0\0\0\2\20\0\0"..., 2272, MSG_DONTWAIT, NULL, NULL) = 232
7415  1784063181.456736 sendto(63, "\3\0\0\0\0\0\0\0\332\6\0\0\1\0\0\0", 16, MSG_DONTWAIT|MSG_NOSIGNAL, NULL, 0) = 16
7415  1784063181.456971 recvfrom(63, 0x7a27ec7420, 2272, MSG_DONTWAIT, NULL, NULL) = -1 EAGAIN (Try again)
7415  1784063181.468098 recvfrom(43, "nysv\0\0\0\0\0\0\0\0\0\0\0\0\f\267\350\263\252\2\0\0Z\251\2\0\0\0\0\0", 3200, MSG_DONTWAIT, NULL, NULL) = 32
7415  1784063181.468256 recvfrom(43, 0x7fc64ff090, 3200, MSG_DONTWAIT, NULL, NULL) = -1 EAGAIN (Try again)
7415  1784063181.468565 recvfrom(63, 0x7a27ec7420, 2272, MSG_DONTWAIT, NULL, NULL) = -1 EAGAIN (Try again)
7415  1784063181.480497 recvfrom(43, 0x7fc64feb80, 3200, MSG_DONTWAIT, NULL, NULL) = -1 EAGAIN (Try again)
7415  1784063181.485191 recvfrom(43, "nysv\0\0\0\0\0\0\0\0\0\0\0\0$\\\347\264\252\2\0\0[\251\2\0\0\0\0\0", 3200, MSG_DONTWAIT, NULL, NULL) = 32
7415  1784063181.485681 recvfrom(43, 0x7fc64ff090, 3200, MSG_DONTWAIT, NULL, NULL) = -1 EAGAIN (Try again)
7415  1784063181.486157 recvfrom(63, 0x7a27ec7420, 2272, MSG_DONTWAIT, NULL, NULL) = -1 EAGAIN (Try again)
7415  1784063181.496843 newfstatat(AT_FDCWD, "/system/framework/framework-res.apk", {st_mode=S_IFREG|0644, st_size=45992421, ...}, 0) = 0
7415  1784063181.497011 newfstatat(AT_FDCWD, "/product/overlay/GoogleConfigOverlay.apk", {st_mode=S_IFREG|0644, st_size=25070, ...}, 0) = 0
7415  1784063181.497169 newfstatat(AT_FDCWD, "/product/overlay/GoogleWebViewOverlay.apk", {st_mode=S_IFREG|0644, st_size=16815, ...}, 0) = 0
7415  1784063181.497315 newfstatat(AT_FDCWD, "/product/overlay/PixelConfigOverlayCommon.apk", {st_mode=S_IFREG|0644, st_size=52833, ...}, 0) = 0
7415  1784063181.497463 newfstatat(AT_FDCWD, "/product/overlay/EmulatorConfigOverlay.apk", {st_mode=S_IFREG|0644, st_size=16734, ...}, 0) = 0
7415  1784063181.497609 newfstatat(AT_FDCWD, "/data/app/au.com.wallaceit.reddinator-GTkuqKw0PRd67YZSqlXDrQ==/base.apk", {st_mode=S_IFREG|0644, st_size=3367335, ...}, 0) = 0
7437  1784063181.497904 clone(child_stack=0x7992d48d40, flags=CLONE_VM|CLONE_FS|CLONE_FILES|CLONE_SIGHAND|CLONE_THREAD|CLONE_SYSVSEM|CLONE_SETTLS|CLONE_PARENT_SETTID|CLONE_CHILD_CLEARTID, parent_tidptr=0x7992d48d60, tls=0x7992d49020, child_tidptr=0x7992d48d60) = 7592
7415  1784063181.499240 clone(child_stack=0x7948842d40, flags=CLONE_VM|CLONE_FS|CLONE_FILES|CLONE_SIGHAND|CLONE_THREAD|CLONE_SYSVSEM|CLONE_SETTLS|CLONE_PARENT_SETTID|CLONE_CHILD_CLEARTID, parent_tidptr=0x7948842d60, tls=0x7948843020, child_tidptr=0x7948842d60) = 7593
7415  1784063181.500640 newfstatat(AT_FDCWD, "/system/framework/framework-res.apk", {st_mode=S_IFREG|0644, st_size=45992421, ...}, 0) = 0
7415  1784063181.500941 newfstatat(AT_FDCWD, "/product/overlay/GoogleConfigOverlay.apk", {st_mode=S_IFREG|0644, st_size=25070, ...}, 0) = 0
7415  1784063181.501338 newfstatat(AT_FDCWD, "/product/overlay/GoogleWebViewOverlay.apk", {st_mode=S_IFREG|0644, st_size=16815, ...}, 0) = 0
7415  1784063181.501596 newfstatat(AT_FDCWD, "/product/overlay/PixelConfigOverlayCommon.apk", {st_mode=S_IFREG|0644, st_size=52833, ...}, 0) = 0
7592  1784063181.502144 exit(0)         = ?
7415  1784063181.502385 newfstatat(AT_FDCWD, "/product/overlay/EmulatorConfigOverlay.apk",  <unfinished ...>
7592  1784063181.502529 +++ exited with 0 +++
7415  1784063181.502532 <... newfstatat resumed> {st_mode=S_IFREG|0644, st_size=16734, ...}, 0) = 0
7415  1784063181.502629 newfstatat(AT_FDCWD, "/data/app/au.com.wallaceit.reddinator-GTkuqKw0PRd67YZSqlXDrQ==/base.apk", {st_mode=S_IFREG|0644, st_size=3367335, ...}, 0) = 0
7593  1784063181.504653 exit(0)         = ?
7593  1784063181.504994 +++ exited with 0 +++
7415  1784063181.505259 newfstatat(AT_FDCWD, "/system/framework/framework-res.apk", {st_mode=S_IFREG|0644, st_size=45992421, ...}, 0) = 0
7415  1784063181.505566 newfstatat(AT_FDCWD, "/product/overlay/GoogleConfigOverlay.apk", {st_mode=S_IFREG|0644, st_size=25070, ...}, 0) = 0
7415  1784063181.505788 newfstatat(AT_FDCWD, "/product/overlay/GoogleWebViewOverlay.apk", {st_mode=S_IFREG|0644, st_size=16815, ...}, 0) = 0
7415  1784063181.505965 newfstatat(AT_FDCWD, "/product/overlay/PixelConfigOverlayCommon.apk", {st_mode=S_IFREG|0644, st_size=52833, ...}, 0) = 0
7415  1784063181.506100 newfstatat(AT_FDCWD, "/product/overlay/EmulatorConfigOverlay.apk", {st_mode=S_IFREG|0644, st_size=16734, ...}, 0) = 0
7415  1784063181.506256 newfstatat(AT_FDCWD, "/data/app/au.com.wallaceit.reddinator-GTkuqKw0PRd67YZSqlXDrQ==/base.apk", {st_mode=S_IFREG|0644, st_size=3367335, ...}, 0) = 0
7415  1784063181.507721 newfstatat(AT_FDCWD, "/system/framework/framework-res.apk", {st_mode=S_IFREG|0644, st_size=45992421, ...}, 0) = 0
7415  1784063181.507869 newfstatat(AT_FDCWD, "/product/overlay/GoogleConfigOverlay.apk", {st_mode=S_IFREG|0644, st_size=25070, ...}, 0) = 0
7415  1784063181.508012 newfstatat(AT_FDCWD, "/product/overlay/GoogleWebViewOverlay.apk", {st_mode=S_IFREG|0644, st_size=16815, ...}, 0) = 0
7415  1784063181.508151 newfstatat(AT_FDCWD, "/product/overlay/PixelConfigOverlayCommon.apk", {st_mode=S_IFREG|0644, st_size=52833, ...}, 0) = 0
7415  1784063181.508295 newfstatat(AT_FDCWD, "/product/overlay/EmulatorConfigOverlay.apk", {st_mode=S_IFREG|0644, st_size=16734, ...}, 0) = 0
7415  1784063181.508437 newfstatat(AT_FDCWD, "/data/app/au.com.wallaceit.reddinator-GTkuqKw0PRd67YZSqlXDrQ==/base.apk", {st_mode=S_IFREG|0644, st_size=3367335, ...}, 0) = 0
7415  1784063181.529411 clone(child_stack=0x7992d48d40, flags=CLONE_VM|CLONE_FS|CLONE_FILES|CLONE_SIGHAND|CLONE_THREAD|CLONE_SYSVSEM|CLONE_SETTLS|CLONE_PARENT_SETTID|CLONE_CHILD_CLEARTID, parent_tidptr=0x7992d48d60, tls=0x7992d49020, child_tidptr=0x7992d48d60) = 7594
7451  1784063181.543521 sendmsg(72, {msg_name=NULL, msg_namelen=0, msg_iov=[{iov_base="l\1\1\1\344\0\0\0P\0\0\0\235\0\0\0\1\1o\0;\0\0\0/re/frid"..., iov_len=404}], msg_iovlen=1, msg_controllen=0, msg_flags=0}, MSG_NOSIGNAL) = 404
7451  1784063181.546956 sendmsg(72, {msg_name=NULL, msg_namelen=0, msg_iov=[{iov_base="l\1\1\1\344\0\0\0Q\0\0\0\235\0\0\0\1\1o\0;\0\0\0/re/frid"..., iov_len=404}], msg_iovlen=1, msg_controllen=0, msg_flags=0}, MSG_NOSIGNAL) = 404
7415  1784063181.552211 recvfrom(43, 0x7fc64fed60, 3200, MSG_DONTWAIT, NULL, NULL) = -1 EAGAIN (Try again)
7415  1784063181.569027 recvfrom(43, "nysv\0\0\0\0\0\0\0\0\0\0\0\0\360Y\340\271\252\2\0\0`\251\2\0\0\0\0\0", 3200, MSG_DONTWAIT, NULL, NULL) = 32
7415  1784063181.569569 recvfrom(43, 0x7fc64ff090, 3200, MSG_DONTWAIT, NULL, NULL) = -1 EAGAIN (Try again)
7415  1784063181.569837 recvfrom(65, 0x793af51420, 2272, MSG_DONTWAIT, NULL, NULL) = -1 EAGAIN (Try again)
7415  1784063181.570087 recvfrom(63, 0x7a27ec7420, 2272, MSG_DONTWAIT, NULL, NULL) = -1 EAGAIN (Try again)
7415  1784063181.573059 recvfrom(43, 0x7fc64feaf0, 3200, MSG_DONTWAIT, NULL, NULL) = -1 EAGAIN (Try again)
7440  1784063181.574981 clone(child_stack=0x79399d5d40, flags=CLONE_VM|CLONE_FS|CLONE_FILES|CLONE_SIGHAND|CLONE_THREAD|CLONE_SYSVSEM|CLONE_SETTLS|CLONE_PARENT_SETTID|CLONE_CHILD_CLEARTID, parent_tidptr=0x79399d5d60, tls=0x79399d6020, child_tidptr=0x79399d5d60) = 7595
7595  1784063181.577427 openat(AT_FDCWD, "/proc/7595/timerslack_ns", O_WRONLY|O_CREAT|O_TRUNC|O_NOFOLLOW|O_CLOEXEC, 0666) = 58
7435  1784063181.603569 openat(AT_FDCWD, "/data/misc/profiles/cur/0/au.com.wallaceit.reddinator/primary.prof", O_RDWR|O_NOFOLLOW|O_CLOEXEC) = 58
7415  1784063181.606057 recvfrom(43,  <unfinished ...>
7435  1784063181.606160 newfstatat(AT_FDCWD, "/data/misc/profiles/cur/0/au.com.wallaceit.reddinator/primary.prof",  <unfinished ...>
7415  1784063181.606190 <... recvfrom resumed> "nysv\0\0\0\0\0\0\0\0\0\0\0\0\256\367\336\272\252\2\0\0a\251\2\0\0\0\0\0", 3200, MSG_DONTWAIT, NULL, NULL) = 32
7435  1784063181.606315 <... newfstatat resumed> {st_mode=S_IFREG|0600, st_size=1639, ...}, 0) = 0
7415  1784063181.606342 recvfrom(43, 0x7fc64ff090, 3200, MSG_DONTWAIT, NULL, NULL) = -1 EAGAIN (Try again)
7415  1784063181.613122 recvfrom(65, 0x793af51420, 2272, MSG_DONTWAIT, NULL, NULL) = -1 EAGAIN (Try again)
7415  1784063181.623502 recvfrom(43, 0x7fc64ff0e0, 3200, MSG_DONTWAIT, NULL, NULL) = -1 EAGAIN (Try again)
7415  1784063181.635897 recvfrom(43, "nysv\0\0\0\0\0\0\0\0\0\0\0\0\233\272\332\275\252\2\0\0d\251\2\0\0\0\0\0", 3200, MSG_DONTWAIT, NULL, NULL) = 32
7415  1784063181.636180 recvfrom(43, 0x7fc64ff090, 3200, MSG_DONTWAIT, NULL, NULL) = -1 EAGAIN (Try again)
7415  1784063181.636537 recvfrom(65, 0x793af51420, 2272, MSG_DONTWAIT, NULL, NULL) = -1 EAGAIN (Try again)
7415  1784063182.020896 recvfrom(43, 0x7fc64ff0e0, 3200, MSG_DONTWAIT, NULL, NULL) = -1 EAGAIN (Try again)
7415  1784063182.035719 recvfrom(43, "nysv\0\0\0\0\0\0\0\0\0\0\0\0\221N\260\325\252\2\0\0|\251\2\0\0\0\0\0", 3200, MSG_DONTWAIT, NULL, NULL) = 32
7415  1784063182.036359 recvfrom(43, 0x7fc64ff090, 3200, MSG_DONTWAIT, NULL, NULL) = -1 EAGAIN (Try again)
7415  1784063182.036825 recvfrom(63, 0x7a27ec7420, 2272, MSG_DONTWAIT, NULL, NULL) = -1 EAGAIN (Try again)
7415  1784063182.042169 recvfrom(43, 0x7fc64fee10, 3200, MSG_DONTWAIT, NULL, NULL) = -1 EAGAIN (Try again)
7415  1784063182.052311 recvfrom(43, "nysv\0\0\0\0\0\0\0\0\0\0\0\0I\355\256\326\252\2\0\0}\251\2\0\0\0\0\0", 3200, MSG_DONTWAIT, NULL, NULL) = 32
7415  1784063182.052483 recvfrom(43, 0x7fc64ff090, 3200, MSG_DONTWAIT, NULL, NULL) = -1 EAGAIN (Try again)
7415  1784063182.052882 recvfrom(63, 0x7a27ec7420, 2272, MSG_DONTWAIT, NULL, NULL) = -1 EAGAIN (Try again)
7415  1784063182.774911 recvfrom(43, 0x7fc64feea0, 3200, MSG_DONTWAIT, NULL, NULL) = -1 EAGAIN (Try again)
7415  1784063182.787667 recvfrom(43, "nysv\0\0\0\0\0\0\0\0\0\0\0\0\353\341b\2\253\2\0\0\251\251\2\0\0\0\0\0", 3200, MSG_DONTWAIT, NULL, NULL) = 32
7415  1784063182.788194 recvfrom(43, 0x7fc64ff090, 3200, MSG_DONTWAIT, NULL, NULL) = -1 EAGAIN (Try again)
7415  1784063182.788992 recvfrom(65, 0x793af51420, 2272, MSG_DONTWAIT, NULL, NULL) = -1 EAGAIN (Try again)
7415  1784063182.789922 recvfrom(43, 0x7fc64fe1d0, 3200, MSG_DONTWAIT, NULL, NULL) = -1 EAGAIN (Try again)
7415  1784063182.806149 recvfrom(43, "nysv\0\0\0\0\0\0\0\0\0\0\0\0\275Na\3\253\2\0\0\252\251\2\0\0\0\0\0", 3200, MSG_DONTWAIT, NULL, NULL) = 32
7415  1784063182.806413 recvfrom(43, 0x7fc64ff090, 3200, MSG_DONTWAIT, NULL, NULL) = -1 EAGAIN (Try again)
7415  1784063182.810391 recvfrom(65, 0x793af51420, 2272, MSG_DONTWAIT, NULL, NULL) = -1 EAGAIN (Try again)
7415  1784063182.811157 recvfrom(43, 0x7fc64fe1d0, 3200, MSG_DONTWAIT, NULL, NULL) = -1 EAGAIN (Try again)
7415  1784063182.824883 recvfrom(43, "nysv\0\0\0\0\0\0\0\0\0\0\0\0J\365_\4\253\2\0\0\253\251\2\0\0\0\0\0", 3200, MSG_DONTWAIT, NULL, NULL) = 32
7415  1784063182.825095 recvfrom(43, 0x7fc64ff090, 3200, MSG_DONTWAIT, NULL, NULL) = -1 EAGAIN (Try again)
7415  1784063182.827160 recvfrom(65, 0x793af51420, 2272, MSG_DONTWAIT, NULL, NULL) = -1 EAGAIN (Try again)
7415  1784063182.827614 recvfrom(43, 0x7fc64fe1d0, 3200, MSG_DONTWAIT, NULL, NULL) = -1 EAGAIN (Try again)
7415  1784063182.836076 recvfrom(43, "nysv\0\0\0\0\0\0\0\0\0\0\0\0\253\232^\5\253\2\0\0\254\251\2\0\0\0\0\0", 3200, MSG_DONTWAIT, NULL, NULL) = 32
7415  1784063182.836335 recvfrom(43, 0x7fc64ff090, 3200, MSG_DONTWAIT, NULL, NULL) = -1 EAGAIN (Try again)
7415  1784063182.838360 recvfrom(65, 0x793af51420, 2272, MSG_DONTWAIT, NULL, NULL) = -1 EAGAIN (Try again)
7415  1784063182.838713 recvfrom(43, 0x7fc64fe1d0, 3200, MSG_DONTWAIT, NULL, NULL) = -1 EAGAIN (Try again)
7415  1784063182.852412 recvfrom(43, "nysv\0\0\0\0\0\0\0\0\0\0\0\0\325\352\\\6\253\2\0\0\255\251\2\0\0\0\0\0", 3200, MSG_DONTWAIT, NULL, NULL) = 32
7415  1784063182.852901 recvfrom(43, 0x7fc64ff090, 3200, MSG_DONTWAIT, NULL, NULL) = -1 EAGAIN (Try again)
7415  1784063182.853303 recvfrom(65, 0x793af51420, 2272, MSG_DONTWAIT, NULL, NULL) = -1 EAGAIN (Try again)
7415  1784063182.853832 recvfrom(43, 0x7fc64fe1d0, 3200, MSG_DONTWAIT, NULL, NULL) = -1 EAGAIN (Try again)
7415  1784063182.870337 recvfrom(43, "nysv\0\0\0\0\0\0\0\0\0\0\0\0,+[\7\253\2\0\0\256\251\2\0\0\0\0\0", 3200, MSG_DONTWAIT, NULL, NULL) = 32
7415  1784063182.870692 recvfrom(43, 0x7fc64ff090, 3200, MSG_DONTWAIT, NULL, NULL) = -1 EAGAIN (Try again)
7415  1784063182.871016 recvfrom(65, 0x793af51420, 2272, MSG_DONTWAIT, NULL, NULL) = -1 EAGAIN (Try again)
7415  1784063182.873129 recvfrom(43, 0x7fc64fe1d0, 3200, MSG_DONTWAIT, NULL, NULL) = -1 EAGAIN (Try again)
7415  1784063182.886378 recvfrom(43, "nysv\0\0\0\0\0\0\0\0\0\0\0\0r\202Y\10\253\2\0\0\257\251\2\0\0\0\0\0", 3200, MSG_DONTWAIT, NULL, NULL) = 32
7415  1784063182.886859 recvfrom(43, 0x7fc64ff090, 3200, MSG_DONTWAIT, NULL, NULL) = -1 EAGAIN (Try again)
7415  1784063182.887162 recvfrom(65, 0x793af51420, 2272, MSG_DONTWAIT, NULL, NULL) = -1 EAGAIN (Try again)
7415  1784063182.889505 recvfrom(43, 0x7fc64fe1d0, 3200, MSG_DONTWAIT, NULL, NULL) = -1 EAGAIN (Try again)
7415  1784063182.903746 recvfrom(43, "nysv\0\0\0\0\0\0\0\0\0\0\0\0\234\322W\t\253\2\0\0\260\251\2\0\0\0\0\0", 3200, MSG_DONTWAIT, NULL, NULL) = 32
7415  1784063182.904166 recvfrom(43, 0x7fc64ff090, 3200, MSG_DONTWAIT, NULL, NULL) = -1 EAGAIN (Try again)
7415  1784063182.904507 recvfrom(65, 0x793af51420, 2272, MSG_DONTWAIT, NULL, NULL) = -1 EAGAIN (Try again)
7415  1784063182.905164 recvfrom(43, 0x7fc64fe1d0, 3200, MSG_DONTWAIT, NULL, NULL) = -1 EAGAIN (Try again)
7415  1784063182.918461 recvfrom(43, "nysv\0\0\0\0\0\0\0\0\0\0\0\0|pV\n\253\2\0\0\261\251\2\0\0\0\0\0", 3200, MSG_DONTWAIT, NULL, NULL) = 32
7415  1784063182.918707 recvfrom(43, 0x7fc64ff090, 3200, MSG_DONTWAIT, NULL, NULL) = -1 EAGAIN (Try again)
7415  1784063182.919335 recvfrom(65, 0x793af51420, 2272, MSG_DONTWAIT, NULL, NULL) = -1 EAGAIN (Try again)
7415  1784063182.921150 recvfrom(43, 0x7fc64fe1d0, 3200, MSG_DONTWAIT, NULL, NULL) = -1 EAGAIN (Try again)
7415  1784063182.936053 recvfrom(43, "nysv\0\0\0\0\0\0\0\0\0\0\0\0n\235T\v\253\2\0\0\262\251\2\0\0\0\0\0", 3200, MSG_DONTWAIT, NULL, NULL) = 32
7415  1784063182.936287 recvfrom(43, 0x7fc64ff090, 3200, MSG_DONTWAIT, NULL, NULL) = -1 EAGAIN (Try again)
7415  1784063182.936796 recvfrom(65, 0x793af51420, 2272, MSG_DONTWAIT, NULL, NULL) = -1 EAGAIN (Try again)
7415  1784063182.937168 recvfrom(43, 0x7fc64fe1d0, 3200, MSG_DONTWAIT, NULL, NULL) = -1 EAGAIN (Try again)
7415  1784063182.957358 recvfrom(43, "nysv\0\0\0\0\0\0\0\0\0\0\0\0\360\310R\f\253\2\0\0\263\251\2\0\0\0\0\0", 3200, MSG_DONTWAIT, NULL, NULL) = 32
7415  1784063182.957573 recvfrom(43, 0x7fc64ff090, 3200, MSG_DONTWAIT, NULL, NULL) = -1 EAGAIN (Try again)
7415  1784063182.957876 recvfrom(65, 0x793af51420, 2272, MSG_DONTWAIT, NULL, NULL) = -1 EAGAIN (Try again)
7415  1784063182.958252 recvfrom(43, 0x7fc64fe1d0, 3200, MSG_DONTWAIT, NULL, NULL) = -1 EAGAIN (Try again)
7415  1784063182.969467 recvfrom(43, "nysv\0\0\0\0\0\0\0\0\0\0\0\0\254/Q\r\253\2\0\0\264\251\2\0\0\0\0\0", 3200, MSG_DONTWAIT, NULL, NULL) = 32
7415  1784063182.969728 recvfrom(43, 0x7fc64ff090, 3200, MSG_DONTWAIT, NULL, NULL) = -1 EAGAIN (Try again)
7415  1784063182.970265 recvfrom(65, 0x793af51420, 2272, MSG_DONTWAIT, NULL, NULL) = -1 EAGAIN (Try again)
7415  1784063182.970569 recvfrom(43, 0x7fc64fe1d0, 3200, MSG_DONTWAIT, NULL, NULL) = -1 EAGAIN (Try again)
7415  1784063182.986559 recvfrom(43, "nysv\0\0\0\0\0\0\0\0\0\0\0\0\200xO\16\253\2\0\0\265\251\2\0\0\0\0\0", 3200, MSG_DONTWAIT, NULL, NULL) = 32
7415  1784063182.986879 recvfrom(43, 0x7fc64ff090, 3200, MSG_DONTWAIT, NULL, NULL) = -1 EAGAIN (Try again)
7415  1784063182.987255 recvfrom(65, 0x793af51420, 2272, MSG_DONTWAIT, NULL, NULL) = -1 EAGAIN (Try again)
7415  1784063182.987813 recvfrom(43, 0x7fc64fe1d0, 3200, MSG_DONTWAIT, NULL, NULL) = -1 EAGAIN (Try again)
7415  1784063183.002962 recvfrom(43, "nysv\0\0\0\0\0\0\0\0\0\0\0\0\343\316M\17\253\2\0\0\266\251\2\0\0\0\0\0", 3200, MSG_DONTWAIT, NULL, NULL) = 32
7415  1784063183.003372 recvfrom(43, 0x7fc64ff090, 3200, MSG_DONTWAIT, NULL, NULL) = -1 EAGAIN (Try again)
7415  1784063183.003691 recvfrom(65, 0x793af51420, 2272, MSG_DONTWAIT, NULL, NULL) = -1 EAGAIN (Try again)
7415  1784063183.004250 recvfrom(43, 0x7fc64fe1d0, 3200, MSG_DONTWAIT, NULL, NULL) = -1 EAGAIN (Try again)
7415  1784063183.019719 recvfrom(43, "nysv\0\0\0\0\0\0\0\0\0\0\0\0\r\37L\20\253\2\0\0\267\251\2\0\0\0\0\0", 3200, MSG_DONTWAIT, NULL, NULL) = 32
7415  1784063183.020072 recvfrom(43, 0x7fc64ff090, 3200, MSG_DONTWAIT, NULL, NULL) = -1 EAGAIN (Try again)
7415  1784063183.020381 recvfrom(65, 0x793af51420, 2272, MSG_DONTWAIT, NULL, NULL) = -1 EAGAIN (Try again)
7415  1784063183.020982 recvfrom(43, 0x7fc64fe1d0, 3200, MSG_DONTWAIT, NULL, NULL) = -1 EAGAIN (Try again)
7415  1784063183.036023 recvfrom(43, "nysv\0\0\0\0\0\0\0\0\0\0\0\0007oJ\21\253\2\0\0\270\251\2\0\0\0\0\0", 3200, MSG_DONTWAIT, NULL, NULL) = 32
7415  1784063183.036357 recvfrom(43, 0x7fc64ff090, 3200, MSG_DONTWAIT, NULL, NULL) = -1 EAGAIN (Try again)
7415  1784063183.036619 recvfrom(65, 0x793af51420, 2272, MSG_DONTWAIT, NULL, NULL) = -1 EAGAIN (Try again)
7415  1784063183.037051 recvfrom(43, 0x7fc64fe1d0, 3200, MSG_DONTWAIT, NULL, NULL) = -1 EAGAIN (Try again)
7415  1784063183.052210 recvfrom(43, "nysv\0\0\0\0\0\0\0\0\0\0\0\0e\312H\22\253\2\0\0\271\251\2\0\0\0\0\0", 3200, MSG_DONTWAIT, NULL, NULL) = 32
7415  1784063183.052423 recvfrom(43, 0x7fc64ff090, 3200, MSG_DONTWAIT, NULL, NULL) = -1 EAGAIN (Try again)
7415  1784063183.054137 recvfrom(65, 0x793af51420, 2272, MSG_DONTWAIT, NULL, NULL) = -1 EAGAIN (Try again)
7595  1784063184.594139 exit(0)         = ?
7595  1784063184.594430 +++ exited with 0 +++
7448  1784063184.643122 faccessat(AT_FDCWD, "/proc/self/task/7595", F_OK) = -1 ENOENT (No such file or directory)
