16781 1784176151.898450 exit(0)         = ?
16781 1784176151.898560 +++ exited with 0 +++
16783 1784176151.902414 exit(0)         = ?
16782 1784176151.902982 exit(0 <unfinished ...>
16780 1784176151.903006 exit(0 <unfinished ...>
16783 1784176151.903238 +++ exited with 0 +++
16782 1784176151.903242 <... exit resumed>) = ?
16780 1784176151.903245 <... exit resumed>) = ?
16782 1784176151.903434 +++ exited with 0 +++
16780 1784176151.903443 +++ exited with 0 +++
16793 1784176151.906324 newfstatat(AT_FDCWD, "/data", {st_mode=S_IFDIR|0771, st_size=4096, ...}, AT_SYMLINK_NOFOLLOW) = 0
16793 1784176151.906722 newfstatat(AT_FDCWD, "/data/app", {st_mode=S_IFDIR|0771, st_size=4096, ...}, AT_SYMLINK_NOFOLLOW) = 0
16793 1784176151.907109 newfstatat(AT_FDCWD, "/data/app/cc.kafuu.bilidownload-200UDW6NIi9JX5ETm4ISTw==", {st_mode=S_IFDIR|0775, st_size=4096, ...}, AT_SYMLINK_NOFOLLOW) = 0
16793 1784176151.907467 newfstatat(AT_FDCWD, "/data/app/cc.kafuu.bilidownload-200UDW6NIi9JX5ETm4ISTw==/base.apk", {st_mode=S_IFREG|0644, st_size=105522441, ...}, AT_SYMLINK_NOFOLLOW) = 0
16793 1784176151.907835 getcwd("/", 4096) = 2
16793 1784176151.908186 newfstatat(AT_FDCWD, "/base.apk", 0x76a833f690, AT_SYMLINK_NOFOLLOW) = -1 ENOENT (No such file or directory)
16773 1784176152.590872 clone(child_stack=0x76a539bd40, flags=CLONE_VM|CLONE_FS|CLONE_FILES|CLONE_SIGHAND|CLONE_THREAD|CLONE_SYSVSEM|CLONE_SETTLS|CLONE_PARENT_SETTID|CLONE_CHILD_CLEARTID, parent_tidptr=0x76a539bd60, tls=0x76a539c020, child_tidptr=0x76a539bd60) = 16858
16858 1784176152.597597 faccessat(AT_FDCWD, "/data/user/0/cc.kafuu.bilidownload/files", F_OK) = 0
16858 1784176152.597932 faccessat(AT_FDCWD, "/data/user/0/cc.kafuu.bilidownload/files/profileinstaller_profileWrittenFor_lastUpdateTime.dat", F_OK) = 0
16858 1784176152.598323 openat(AT_FDCWD, "/data/user/0/cc.kafuu.bilidownload/files/profileinstaller_profileWrittenFor_lastUpdateTime.dat", O_RDONLY) = 81
16858 1784176152.599439 getsockopt(81, SOL_SOCKET, SO_ERROR, 0x76a539a254, [4]) = -1 ENOTSOCK (Socket operation on non-socket)
16858 1784176152.601832 newfstatat(AT_FDCWD, "/data/misc/profiles/ref/cc.kafuu.bilidownload/primary.prof", 0x76a5399c28, 0) = -1 ENOENT (No such file or directory)
16858 1784176152.602349 faccessat(AT_FDCWD, "/data/misc/profiles/ref/cc.kafuu.bilidownload/primary.prof", F_OK) = -1 ENOENT (No such file or directory)
16858 1784176152.602914 newfstatat(AT_FDCWD, "/data/misc/profiles/cur/0/cc.kafuu.bilidownload/primary.prof", {st_mode=S_IFREG|0600, st_size=24507, ...}, 0) = 0
16858 1784176152.603514 faccessat(AT_FDCWD, "/data/misc/profiles/cur/0/cc.kafuu.bilidownload/primary.prof", F_OK) = 0
16858 1784176152.604233 faccessat(AT_FDCWD, "/data/user/0/cc.kafuu.bilidownload/files", F_OK) = 0
16858 1784176152.604554 faccessat(AT_FDCWD, "/data/user/0/cc.kafuu.bilidownload/files/profileInstalled", F_OK) = 0
16858 1784176152.605053 openat(AT_FDCWD, "/data/user/0/cc.kafuu.bilidownload/files/profileInstalled", O_RDONLY) = 81
16858 1784176152.606799 getsockopt(81, SOL_SOCKET, SO_ERROR, 0x76a53995a4, [4]) = -1 ENOTSOCK (Socket operation on non-socket)
16858 1784176152.616947 exit(0)         = ?
16858 1784176152.617250 +++ exited with 0 +++
16817 1784176152.660287 faccessat(AT_FDCWD, "/proc/self/task/16858", F_OK) = -1 ENOENT (No such file or directory)
