21055 1783939547.054370 recvfrom(41, 0x7fc3ae5860, 3200, MSG_DONTWAIT, NULL, NULL) = -1 EAGAIN (Try again)
21055 1783939547.058199 recvfrom(41, "nysv\0\0\0\0\0\0\0\0\0\0\0\0\233\326\205IH\1\0\0(I\1\0\0\0\0\0", 3200, MSG_DONTWAIT, NULL, NULL) = 32
21055 1783939547.058333 recvfrom(41, 0x7fc3ae5be0, 3200, MSG_DONTWAIT, NULL, NULL) = -1 EAGAIN (Try again)
21055 1783939547.058368 recvfrom(55, 0x75eb986820, 2272, MSG_DONTWAIT, NULL, NULL) = -1 EAGAIN (Try again)
21055 1783939547.555721 recvfrom(41, 0x7fc3ae5860, 3200, MSG_DONTWAIT, NULL, NULL) = -1 EAGAIN (Try again)
21055 1783939547.556972 recvfrom(41, "nysv\0\0\0\0\0\0\0\0\0\0\0\0\251\331OgH\1\0\0EI\1\0\0\0\0\0", 3200, MSG_DONTWAIT, NULL, NULL) = 32
21055 1783939547.557033 recvfrom(41, 0x7fc3ae5be0, 3200, MSG_DONTWAIT, NULL, NULL) = -1 EAGAIN (Try again)
21055 1783939547.557119 recvfrom(55, 0x75eb986820, 2272, MSG_DONTWAIT, NULL, NULL) = -1 EAGAIN (Try again)
21074 1783939547.576638 clone(child_stack=0x75d5962d40, flags=CLONE_VM|CLONE_FS|CLONE_FILES|CLONE_SIGHAND|CLONE_THREAD|CLONE_SYSVSEM|CLONE_SETTLS|CLONE_PARENT_SETTID|CLONE_CHILD_CLEARTID, parent_tidptr=0x75d5962d60, tls=0x75d5963020, child_tidptr=0x75d5962d60) = 21140
21140 1783939547.582795 openat(AT_FDCWD, "/proc/21140/timerslack_ns", O_WRONLY|O_CREAT|O_TRUNC|O_NOFOLLOW|O_CLOEXEC, 0666) = 77
21055 1783939548.056080 recvfrom(41, 0x7fc3ae5860, 3200, MSG_DONTWAIT, NULL, NULL) = -1 EAGAIN (Try again)
21055 1783939548.057094 recvfrom(41, "nysv\0\0\0\0\0\0\0\0\0\0\0\0-j\36\205H\1\0\0bI\1\0\0\0\0\0", 3200, MSG_DONTWAIT, NULL, NULL) = 32
21055 1783939548.057116 recvfrom(41, 0x7fc3ae5be0, 3200, MSG_DONTWAIT, NULL, NULL) = -1 EAGAIN (Try again)
21055 1783939548.057136 recvfrom(55, 0x75eb986820, 2272, MSG_DONTWAIT, NULL, NULL) = -1 EAGAIN (Try again)
21055 1783939548.557707 recvfrom(41, 0x7fc3ae5860, 3200, MSG_DONTWAIT, NULL, NULL) = -1 EAGAIN (Try again)
21055 1783939548.579381 recvfrom(41, "nysv\0\0\0\0\0\0\0\0\0\0\0\0VK\350\243H\1\0\0\201I\1\0\0\0\0\0", 3200, MSG_DONTWAIT, NULL, NULL) = 32
21055 1783939548.579457 recvfrom(41, 0x7fc3ae5be0, 3200, MSG_DONTWAIT, NULL, NULL) = -1 EAGAIN (Try again)
21055 1783939548.579515 recvfrom(55, 0x75eb986820, 2272, MSG_DONTWAIT, NULL, NULL) = -1 EAGAIN (Try again)
21055 1783939549.064082 recvfrom(41, 0x7fc3ae5860, 3200, MSG_DONTWAIT, NULL, NULL) = -1 EAGAIN (Try again)
21055 1783939549.093462 recvfrom(41, "nysv\0\0\0\0\0\0\0\0\0\0\0\0l\0\264\302H\1\0\0\237I\1\0\0\0\0\0", 3200, MSG_DONTWAIT, NULL, NULL) = 32
21055 1783939549.093516 recvfrom(41, 0x7fc3ae5be0, 3200, MSG_DONTWAIT, NULL, NULL) = -1 EAGAIN (Try again)
21055 1783939549.093576 recvfrom(55, 0x75eb986820, 2272, MSG_DONTWAIT, NULL, NULL) = -1 EAGAIN (Try again)
21065 1783939549.237716 exit(0)         = ?
21065 1783939549.237795 +++ exited with 0 +++
21064 1783939549.237885 exit(0)         = ?
21064 1783939549.237908 +++ exited with 0 +++
21063 1783939549.238004 exit(0)         = ?
21063 1783939549.238030 +++ exited with 0 +++
21062 1783939549.238080 exit(0)         = ?
21062 1783939549.238288 +++ exited with 0 +++
21075 1783939549.241181 newfstatat(AT_FDCWD, "/data", {st_mode=S_IFDIR|0771, st_size=4096, ...}, AT_SYMLINK_NOFOLLOW) = 0
21075 1783939549.241606 newfstatat(AT_FDCWD, "/data/app", {st_mode=S_IFDIR|0771, st_size=4096, ...}, AT_SYMLINK_NOFOLLOW) = 0
21075 1783939549.241988 newfstatat(AT_FDCWD, "/data/app/app.prav.client-EUvidxKaeuBqY3Iz7zdFog==", {st_mode=S_IFDIR|0775, st_size=4096, ...}, AT_SYMLINK_NOFOLLOW) = 0
21075 1783939549.242392 newfstatat(AT_FDCWD, "/data/app/app.prav.client-EUvidxKaeuBqY3Iz7zdFog==/base.apk", {st_mode=S_IFREG|0644, st_size=32692263, ...}, AT_SYMLINK_NOFOLLOW) = 0
21075 1783939549.242757 getcwd("/", 4096) = 2
21075 1783939549.243113 newfstatat(AT_FDCWD, "/base.apk", 0x764c304690, AT_SYMLINK_NOFOLLOW) = -1 ENOENT (No such file or directory)
21055 1783939549.566080 recvfrom(41, 0x7fc3ae5860, 3200, MSG_DONTWAIT, NULL, NULL) = -1 EAGAIN (Try again)
21055 1783939549.577107 recvfrom(41, "nysv\0\0\0\0\0\0\0\0\0\0\0\0.\25\203\337H\1\0\0\274I\1\0\0\0\0\0", 3200, MSG_DONTWAIT, NULL, NULL) = 32
21055 1783939549.577175 recvfrom(41, 0x7fc3ae5be0, 3200, MSG_DONTWAIT, NULL, NULL) = -1 EAGAIN (Try again)
21055 1783939549.577241 recvfrom(55, 0x75eb986820, 2272, MSG_DONTWAIT, NULL, NULL) = -1 EAGAIN (Try again)
21055 1783939550.068875 recvfrom(41, 0x7fc3ae5860, 3200, MSG_DONTWAIT, NULL, NULL) = -1 EAGAIN (Try again)
21055 1783939550.075109 recvfrom(41, "nysv\0\0\0\0\0\0\0\0\0\0\0\0\32zP\375H\1\0\0\331I\1\0\0\0\0\0", 3200, MSG_DONTWAIT, NULL, NULL) = 32
21055 1783939550.075174 recvfrom(41, 0x7fc3ae5be0, 3200, MSG_DONTWAIT, NULL, NULL) = -1 EAGAIN (Try again)
21055 1783939550.075234 recvfrom(55, 0x75eb986820, 2272, MSG_DONTWAIT, NULL, NULL) = -1 EAGAIN (Try again)
21055 1783939550.290340 clone(child_stack=0x764939bd40, flags=CLONE_VM|CLONE_FS|CLONE_FILES|CLONE_SIGHAND|CLONE_THREAD|CLONE_SYSVSEM|CLONE_SETTLS|CLONE_PARENT_SETTID|CLONE_CHILD_CLEARTID, parent_tidptr=0x764939bd60, tls=0x764939c020, child_tidptr=0x764939bd60) = 21146
21146 1783939550.296339 faccessat(AT_FDCWD, "/data/user/0/app.prav.client", F_OK) = 0
21146 1783939550.296760 faccessat(AT_FDCWD, "/data/user/0/app.prav.client/files", F_OK) = 0
21146 1783939550.297106 faccessat(AT_FDCWD, "/data/user/0/app.prav.client/files/profileinstaller_profileWrittenFor_lastUpdateTime.dat", F_OK) = 0
21146 1783939550.297402 openat(AT_FDCWD, "/data/user/0/app.prav.client/files/profileinstaller_profileWrittenFor_lastUpdateTime.dat", O_RDONLY) = 77
21146 1783939550.298589 getsockopt(77, SOL_SOCKET, SO_ERROR, 0x764939a254, [4]) = -1 ENOTSOCK (Socket operation on non-socket)
21146 1783939550.300675 newfstatat(AT_FDCWD, "/data/misc/profiles/ref/app.prav.client/primary.prof", 0x7649399c28, 0) = -1 ENOENT (No such file or directory)
21146 1783939550.301167 faccessat(AT_FDCWD, "/data/misc/profiles/ref/app.prav.client/primary.prof", F_OK) = -1 ENOENT (No such file or directory)
21146 1783939550.301605 newfstatat(AT_FDCWD, "/data/misc/profiles/cur/0/app.prav.client/primary.prof", {st_mode=S_IFREG|0600, st_size=13487, ...}, 0) = 0
21146 1783939550.301994 faccessat(AT_FDCWD, "/data/misc/profiles/cur/0/app.prav.client/primary.prof", F_OK) = 0
21146 1783939550.303059 faccessat(AT_FDCWD, "/data/user/0/app.prav.client/files", F_OK) = 0
21146 1783939550.303379 faccessat(AT_FDCWD, "/data/user/0/app.prav.client/files/profileInstalled", F_OK) = 0
21146 1783939550.303744 openat(AT_FDCWD, "/data/user/0/app.prav.client/files/profileInstalled", O_RDONLY) = 77
21146 1783939550.305478 getsockopt(77, SOL_SOCKET, SO_ERROR, 0x76493995a4, [4]) = -1 ENOTSOCK (Socket operation on non-socket)
21146 1783939550.309477 exit(0)         = ?
21146 1783939550.309651 +++ exited with 0 +++
21102 1783939550.364399 faccessat(AT_FDCWD, "/proc/self/task/21146", F_OK) = -1 ENOENT (No such file or directory)
21055 1783939550.574713 recvfrom(41, 0x7fc3ae5860, 3200, MSG_DONTWAIT, NULL, NULL) = -1 EAGAIN (Try again)
21055 1783939550.597655 recvfrom(41, "nysv\0\0\0\0\0\0\0\0\0\0\0\0000/\34\34I\1\0\0\370I\1\0\0\0\0\0", 3200, MSG_DONTWAIT, NULL, NULL) = 32
21055 1783939550.597814 recvfrom(41, 0x7fc3ae5be0, 3200, MSG_DONTWAIT, NULL, NULL) = -1 EAGAIN (Try again)
21055 1783939550.597893 recvfrom(55, 0x75eb986820, 2272, MSG_DONTWAIT, NULL, NULL) = -1 EAGAIN (Try again)
21055 1783939551.081549 recvfrom(41, 0x7fc3ae5860, 3200, MSG_DONTWAIT, NULL, NULL) = -1 EAGAIN (Try again)
21055 1783939551.092450 recvfrom(41, "nysv\0\0\0\0\0\0\0\0\0\0\0\0\34\224\3519I\1\0\0\25J\1\0\0\0\0\0", 3200, MSG_DONTWAIT, NULL, NULL) = 32
21055 1783939551.092526 recvfrom(41, 0x7fc3ae5be0, 3200, MSG_DONTWAIT, NULL, NULL) = -1 EAGAIN (Try again)
21055 1783939551.092605 recvfrom(55, 0x75eb986820, 2272, MSG_DONTWAIT, NULL, NULL) = -1 EAGAIN (Try again)
21055 1783939551.583577 recvfrom(41, 0x7fc3ae5860, 3200, MSG_DONTWAIT, NULL, NULL) = -1 EAGAIN (Try again)
21055 1783939551.590720 recvfrom(41, "nysv\0\0\0\0\0\0\0\0\0\0\0\0s7\267WI\1\0\0003J\1\0\0\0\0\0", 3200, MSG_DONTWAIT, NULL, NULL) = 32
21055 1783939551.590857 recvfrom(41, 0x7fc3ae5be0, 3200, MSG_DONTWAIT, NULL, NULL) = -1 EAGAIN (Try again)
21055 1783939551.590903 recvfrom(55, 0x75eb986820, 2272, MSG_DONTWAIT, NULL, NULL) = -1 EAGAIN (Try again)
21055 1783939552.087650 recvfrom(41, 0x7fc3ae5860, 3200, MSG_DONTWAIT, NULL, NULL) = -1 EAGAIN (Try again)
21055 1783939552.091203 recvfrom(41, "nysv\0\0\0\0\0\0\0\0\0\0\0\0W\274\204uI\1\0\0OJ\1\0\0\0\0\0", 3200, MSG_DONTWAIT, NULL, NULL) = 32
21055 1783939552.091275 recvfrom(41, 0x7fc3ae5be0, 3200, MSG_DONTWAIT, NULL, NULL) = -1 EAGAIN (Try again)
21055 1783939552.091348 recvfrom(55, 0x75eb986820, 2272, MSG_DONTWAIT, NULL, NULL) = -1 EAGAIN (Try again)
21055 1783939552.591808 recvfrom(41, 0x7fc3ae5860, 3200, MSG_DONTWAIT, NULL, NULL) = -1 EAGAIN (Try again)
21055 1783939552.613559 recvfrom(41, "nysv\0\0\0\0\0\0\0\0\0\0\0\0\n\23P\224I\1\0\0nJ\1\0\0\0\0\0", 3200, MSG_DONTWAIT, NULL, NULL) = 32
21055 1783939552.613704 recvfrom(41, 0x7fc3ae5be0, 3200, MSG_DONTWAIT, NULL, NULL) = -1 EAGAIN (Try again)
21055 1783939552.613786 recvfrom(55, 0x75eb986820, 2272, MSG_DONTWAIT, NULL, NULL) = -1 EAGAIN (Try again)
21055 1783939553.096599 recvfrom(41, 0x7fc3ae5860, 3200, MSG_DONTWAIT, NULL, NULL) = -1 EAGAIN (Try again)
21055 1783939553.111813 recvfrom(41, "nysv\0\0\0\0\0\0\0\0\0\0\0\0\366w\35\262I\1\0\0\214J\1\0\0\0\0\0", 3200, MSG_DONTWAIT, NULL, NULL) = 32
21055 1783939553.111892 recvfrom(41, 0x7fc3ae5be0, 3200, MSG_DONTWAIT, NULL, NULL) = -1 EAGAIN (Try again)
21055 1783939553.111967 recvfrom(55, 0x75eb986820, 2272, MSG_DONTWAIT, NULL, NULL) = -1 EAGAIN (Try again)
21055 1783939553.597724 recvfrom(41, 0x7fc3ae5860, 3200, MSG_DONTWAIT, NULL, NULL) = -1 EAGAIN (Try again)
21055 1783939553.608885 recvfrom(41, "nysv\0\0\0\0\0\0\0\0\0\0\0\0d\341\352\317I\1\0\0\251J\1\0\0\0\0\0", 3200, MSG_DONTWAIT, NULL, NULL) = 32
21055 1783939553.609035 recvfrom(41, 0x7fc3ae5be0, 3200, MSG_DONTWAIT, NULL, NULL) = -1 EAGAIN (Try again)
21055 1783939553.609121 recvfrom(55, 0x75eb986820, 2272, MSG_DONTWAIT, NULL, NULL) = -1 EAGAIN (Try again)
21055 1783939554.100539 recvfrom(41, 0x7fc3ae5860, 3200, MSG_DONTWAIT, NULL, NULL) = -1 EAGAIN (Try again)
21055 1783939554.107805 recvfrom(41, "nysv\0\0\0\0\0\0\0\0\0\0\0\0#f\270\355I\1\0\0\307J\1\0\0\0\0\0", 3200, MSG_DONTWAIT, NULL, NULL) = 32
21055 1783939554.107880 recvfrom(41, 0x7fc3ae5be0, 3200, MSG_DONTWAIT, NULL, NULL) = -1 EAGAIN (Try again)
21055 1783939554.107951 recvfrom(55, 0x75eb986820, 2272, MSG_DONTWAIT, NULL, NULL) = -1 EAGAIN (Try again)
21055 1783939554.602293 recvfrom(41, 0x7fc3ae5860, 3200, MSG_DONTWAIT, NULL, NULL) = -1 EAGAIN (Try again)
21055 1783939554.607851 recvfrom(41, "nysv\0\0\0\0\0\0\0\0\0\0\0\0\352\307\205\vJ\1\0\0\345J\1\0\0\0\0\0", 3200, MSG_DONTWAIT, NULL, NULL) = 32
21055 1783939554.608008 recvfrom(41, 0x7fc3ae5be0, 3200, MSG_DONTWAIT, NULL, NULL) = -1 EAGAIN (Try again)
21055 1783939554.608095 recvfrom(55, 0x75eb986820, 2272, MSG_DONTWAIT, NULL, NULL) = -1 EAGAIN (Try again)
21055 1783939555.105089 recvfrom(41, 0x7fc3ae5860, 3200, MSG_DONTWAIT, NULL, NULL) = -1 EAGAIN (Try again)
21055 1783939555.107448 recvfrom(41, "nysv\0\0\0\0\0\0\0\0\0\0\0\0\306DS)J\1\0\0\2K\1\0\0\0\0\0", 3200, MSG_DONTWAIT, NULL, NULL) = 32
21055 1783939555.107582 recvfrom(41, 0x7fc3ae5be0, 3200, MSG_DONTWAIT, NULL, NULL) = -1 EAGAIN (Try again)
21055 1783939555.107664 recvfrom(55, 0x75eb986820, 2272, MSG_DONTWAIT, NULL, NULL) = -1 EAGAIN (Try again)
21055 1783939555.610575 recvfrom(41, 0x7fc3ae5860, 3200, MSG_DONTWAIT, NULL, NULL) = -1 EAGAIN (Try again)
21055 1783939555.625436 recvfrom(41, "nysv\0\0\0\0\0\0\0\0\0\0\0\0u\341\36HJ\1\0\0!K\1\0\0\0\0\0", 3200, MSG_DONTWAIT, NULL, NULL) = 32
21055 1783939555.625604 recvfrom(41, 0x7fc3ae5be0, 3200, MSG_DONTWAIT, NULL, NULL) = -1 EAGAIN (Try again)
21055 1783939555.625679 recvfrom(55, 0x75eb986820, 2272, MSG_DONTWAIT, NULL, NULL) = -1 EAGAIN (Try again)
21055 1783939556.111008 recvfrom(41, 0x7fc3ae5860, 3200, MSG_DONTWAIT, NULL, NULL) = -1 EAGAIN (Try again)
21055 1783939556.126703 recvfrom(41, "nysv\0\0\0\0\0\0\0\0\0\0\0\0\250%\354eJ\1\0\0?K\1\0\0\0\0\0", 3200, MSG_DONTWAIT, NULL, NULL) = 32
21055 1783939556.126825 recvfrom(41, 0x7fc3ae5be0, 3200, MSG_DONTWAIT, NULL, NULL) = -1 EAGAIN (Try again)
21055 1783939556.126973 recvfrom(55, 0x75eb986820, 2272, MSG_DONTWAIT, NULL, NULL) = -1 EAGAIN (Try again)
21055 1783939556.613084 recvfrom(41, 0x7fc3ae5860, 3200, MSG_DONTWAIT, NULL, NULL) = -1 EAGAIN (Try again)
21055 1783939556.624465 recvfrom(41, "nysv\0\0\0\0\0\0\0\0\0\0\0\0\224\212\271\203J\1\0\0]K\1\0\0\0\0\0", 3200, MSG_DONTWAIT, NULL, NULL) = 32
21055 1783939556.624515 recvfrom(41, 0x7fc3ae5be0, 3200, MSG_DONTWAIT, NULL, NULL) = -1 EAGAIN (Try again)
21055 1783939556.624567 recvfrom(55, 0x75eb986820, 2272, MSG_DONTWAIT, NULL, NULL) = -1 EAGAIN (Try again)
21055 1783939557.116775 recvfrom(41, 0x7fc3ae5860, 3200, MSG_DONTWAIT, NULL, NULL) = -1 EAGAIN (Try again)
21055 1783939557.125333 recvfrom(41, "nysv\0\0\0\0\0\0\0\0\0\0\0\0003\10\207\241J\1\0\0{K\1\0\0\0\0\0", 3200, MSG_DONTWAIT, NULL, NULL) = 32
21055 1783939557.125412 recvfrom(41, 0x7fc3ae5be0, 3200, MSG_DONTWAIT, NULL, NULL) = -1 EAGAIN (Try again)
21055 1783939557.125501 recvfrom(55, 0x75eb986820, 2272, MSG_DONTWAIT, NULL, NULL) = -1 EAGAIN (Try again)
21055 1783939557.619664 recvfrom(41, 0x7fc3ae5860, 3200, MSG_DONTWAIT, NULL, NULL) = -1 EAGAIN (Try again)
21055 1783939557.624737 recvfrom(41, "nysv\0\0\0\0\0\0\0\0\0\0\0\0^mT\277J\1\0\0\231K\1\0\0\0\0\0", 3200, MSG_DONTWAIT, NULL, NULL) = 32
21055 1783939557.624973 recvfrom(41, 0x7fc3ae5be0, 3200, MSG_DONTWAIT, NULL, NULL) = -1 EAGAIN (Try again)
21055 1783939557.625120 recvfrom(55, 0x75eb986820, 2272, MSG_DONTWAIT, NULL, NULL) = -1 EAGAIN (Try again)
21055 1783939558.121820 recvfrom(41, 0x7fc3ae5860, 3200, MSG_DONTWAIT, NULL, NULL) = -1 EAGAIN (Try again)
21055 1783939558.143596 recvfrom(41, "nysv\0\0\0\0\0\0\0\0\0\0\0\0\202\t \336J\1\0\0\267K\1\0\0\0\0\0", 3200, MSG_DONTWAIT, NULL, NULL) = 32
21055 1783939558.143648 recvfrom(41, 0x7fc3ae5be0, 3200, MSG_DONTWAIT, NULL, NULL) = -1 EAGAIN (Try again)
21055 1783939558.143695 recvfrom(55, 0x75eb986820, 2272, MSG_DONTWAIT, NULL, NULL) = -1 EAGAIN (Try again)
21055 1783939558.624876 recvfrom(41, 0x7fc3ae5860, 3200, MSG_DONTWAIT, NULL, NULL) = -1 EAGAIN (Try again)
21055 1783939558.640854 recvfrom(41, "nysv\0\0\0\0\0\0\0\0\0\0\0\0\354\312\355\373J\1\0\0\324K\1\0\0\0\0\0", 3200, MSG_DONTWAIT, NULL, NULL) = 32
21055 1783939558.641012 recvfrom(41, 0x7fc3ae5be0, 3200, MSG_DONTWAIT, NULL, NULL) = -1 EAGAIN (Try again)
21055 1783939558.641126 recvfrom(55, 0x75eb986820, 2272, MSG_DONTWAIT, NULL, NULL) = -1 EAGAIN (Try again)
21055 1783939559.129356 recvfrom(41, 0x7fc3ae5860, 3200, MSG_DONTWAIT, NULL, NULL) = -1 EAGAIN (Try again)
21055 1783939559.143554 recvfrom(41, "nysv\0\0\0\0\0\0\0\0\0\0\0\0Z\323\272\31K\1\0\0\362K\1\0\0\0\0\0", 3200, MSG_DONTWAIT, NULL, NULL) = 32
21055 1783939559.143689 recvfrom(41, 0x7fc3ae5be0, 3200, MSG_DONTWAIT, NULL, NULL) = -1 EAGAIN (Try again)
21055 1783939559.143850 recvfrom(55, 0x75eb986820, 2272, MSG_DONTWAIT, NULL, NULL) = -1 EAGAIN (Try again)
21055 1783939559.632160 recvfrom(41, 0x7fc3ae5860, 3200, MSG_DONTWAIT, NULL, NULL) = -1 EAGAIN (Try again)
21055 1783939559.641249 recvfrom(41, "nysv\0\0\0\0\0\0\0\0\0\0\0\0F8\2107K\1\0\0\20L\1\0\0\0\0\0", 3200, MSG_DONTWAIT, NULL, NULL) = 32
21055 1783939559.641391 recvfrom(41, 0x7fc3ae5be0, 3200, MSG_DONTWAIT, NULL, NULL) = -1 EAGAIN (Try again)
21055 1783939559.641527 recvfrom(55, 0x75eb986820, 2272, MSG_DONTWAIT, NULL, NULL) = -1 EAGAIN (Try again)
21055 1783939560.134401 recvfrom(41, 0x7fc3ae5860, 3200, MSG_DONTWAIT, NULL, NULL) = -1 EAGAIN (Try again)
21055 1783939560.142900 recvfrom(41, "nysv\0\0\0\0\0\0\0\0\0\0\0\0=\246UUK\1\0\0-L\1\0\0\0\0\0", 3200, MSG_DONTWAIT, NULL, NULL) = 32
21055 1783939560.143047 recvfrom(41, 0x7fc3ae5be0, 3200, MSG_DONTWAIT, NULL, NULL) = -1 EAGAIN (Try again)
21055 1783939560.143090 recvfrom(55, 0x75eb986820, 2272, MSG_DONTWAIT, NULL, NULL) = -1 EAGAIN (Try again)
21055 1783939560.636371 recvfrom(41, 0x7fc3ae5860, 3200, MSG_DONTWAIT, NULL, NULL) = -1 EAGAIN (Try again)
21055 1783939560.665029 recvfrom(41, "nysv\0\0\0\0\0\0\0\0\0\0\0\0HR!tK\1\0\0KL\1\0\0\0\0\0", 3200, MSG_DONTWAIT, NULL, NULL) = 32
21055 1783939560.665077 recvfrom(41, 0x7fc3ae5be0, 3200, MSG_DONTWAIT, NULL, NULL) = -1 EAGAIN (Try again)
21055 1783939560.665130 recvfrom(55, 0x75eb986820, 2272, MSG_DONTWAIT, NULL, NULL) = -1 EAGAIN (Try again)
21055 1783939561.137671 recvfrom(41, 0x7fc3ae5860, 3200, MSG_DONTWAIT, NULL, NULL) = -1 EAGAIN (Try again)
21055 1783939561.141442 recvfrom(41, "nysv\0\0\0\0\0\0\0\0\0\0\0\0W|\360\220K\1\0\0gL\1\0\0\0\0\0", 3200, MSG_DONTWAIT, NULL, NULL) = 32
21055 1783939561.141606 recvfrom(41, 0x7fc3ae5be0, 3200, MSG_DONTWAIT, NULL, NULL) = -1 EAGAIN (Try again)
21055 1783939561.141726 recvfrom(55, 0x75eb986820, 2272, MSG_DONTWAIT, NULL, NULL) = -1 EAGAIN (Try again)
21055 1783939561.641755 recvfrom(41, 0x7fc3ae5860, 3200, MSG_DONTWAIT, NULL, NULL) = -1 EAGAIN (Try again)
21055 1783939561.658762 recvfrom(41, "nysv\0\0\0\0\0\0\0\0\0\0\0\0 \34\274\257K\1\0\0\206L\1\0\0\0\0\0", 3200, MSG_DONTWAIT, NULL, NULL) = 32
21055 1783939561.658853 recvfrom(41, 0x7fc3ae5be0, 3200, MSG_DONTWAIT, NULL, NULL) = -1 EAGAIN (Try again)
21055 1783939561.658943 recvfrom(55, 0x75eb986820, 2272, MSG_DONTWAIT, NULL, NULL) = -1 EAGAIN (Try again)
21104 1783939562.074694 exit(0)         = ?
21104 1783939562.075154 +++ exited with 0 +++
21102 1783939562.123309 faccessat(AT_FDCWD, "/proc/self/task/21104", F_OK) = -1 ENOENT (No such file or directory)
21055 1783939562.143490 recvfrom(41, 0x7fc3ae5860, 3200, MSG_DONTWAIT, NULL, NULL) = -1 EAGAIN (Try again)
21055 1783939562.161491 recvfrom(41, "nysv\0\0\0\0\0\0\0\0\0\0\0\0\f\201\211\315K\1\0\0\244L\1\0\0\0\0\0", 3200, MSG_DONTWAIT, NULL, NULL) = 32
21055 1783939562.161625 recvfrom(41, 0x7fc3ae5be0, 3200, MSG_DONTWAIT, NULL, NULL) = -1 EAGAIN (Try again)
21055 1783939562.161705 recvfrom(55, 0x75eb986820, 2272, MSG_DONTWAIT, NULL, NULL) = -1 EAGAIN (Try again)
21055 1783939562.645053 recvfrom(41, 0x7fc3ae5860, 3200, MSG_DONTWAIT, NULL, NULL) = -1 EAGAIN (Try again)
21055 1783939562.658931 recvfrom(41, "nysv\0\0\0\0\0\0\0\0\0\0\0\0\370\345V\353K\1\0\0\302L\1\0\0\0\0\0", 3200, MSG_DONTWAIT, NULL, NULL) = 32
21055 1783939562.659010 recvfrom(41, 0x7fc3ae5be0, 3200, MSG_DONTWAIT, NULL, NULL) = -1 EAGAIN (Try again)
21055 1783939562.659086 recvfrom(55, 0x75eb986820, 2272, MSG_DONTWAIT, NULL, NULL) = -1 EAGAIN (Try again)
21055 1783939563.147456 recvfrom(41, 0x7fc3ae5860, 3200, MSG_DONTWAIT, NULL, NULL) = -1 EAGAIN (Try again)
21055 1783939563.157782 recvfrom(41, "nysv\0\0\0\0\0\0\0\0\0\0\0\0\10O$\tL\1\0\0\340L\1\0\0\0\0\0", 3200, MSG_DONTWAIT, NULL, NULL) = 32
21055 1783939563.157826 recvfrom(41, 0x7fc3ae5be0, 3200, MSG_DONTWAIT, NULL, NULL) = -1 EAGAIN (Try again)
21055 1783939563.157872 recvfrom(55, 0x75eb986820, 2272, MSG_DONTWAIT, NULL, NULL) = -1 EAGAIN (Try again)
21055 1783939563.648556 recvfrom(41, 0x7fc3ae5860, 3200, MSG_DONTWAIT, NULL, NULL) = -1 EAGAIN (Try again)
21055 1783939563.659901 recvfrom(41, "nysv\0\0\0\0\0\0\0\0\0\0\0\0\320\257\361&L\1\0\0\375L\1\0\0\0\0\0", 3200, MSG_DONTWAIT, NULL, NULL) = 32
21055 1783939563.660039 recvfrom(41, 0x7fc3ae5be0, 3200, MSG_DONTWAIT, NULL, NULL) = -1 EAGAIN (Try again)
21055 1783939563.660187 recvfrom(55, 0x75eb986820, 2272, MSG_DONTWAIT, NULL, NULL) = -1 EAGAIN (Try again)
21055 1783939564.152623 recvfrom(41, 0x7fc3ae5860, 3200, MSG_DONTWAIT, NULL, NULL) = -1 EAGAIN (Try again)
21055 1783939564.159438 recvfrom(41, "nysv\0\0\0\0\0\0\0\0\0\0\0\0\211e\277DL\1\0\0\33M\1\0\0\0\0\0", 3200, MSG_DONTWAIT, NULL, NULL) = 32
21055 1783939564.159580 recvfrom(41, 0x7fc3ae5be0, 3200, MSG_DONTWAIT, NULL, NULL) = -1 EAGAIN (Try again)
21055 1783939564.159730 recvfrom(55, 0x75eb986820, 2272, MSG_DONTWAIT, NULL, NULL) = -1 EAGAIN (Try again)
21093 1783939564.529807 exit(0)         = ?
21093 1783939564.530306 +++ exited with 0 +++
21094 1783939564.533722 exit(0)         = ?
21094 1783939564.534116 +++ exited with 0 +++
21055 1783939564.654489 recvfrom(41, 0x7fc3ae5860, 3200, MSG_DONTWAIT, NULL, NULL) = -1 EAGAIN (Try again)
21055 1783939564.657813 recvfrom(41, "nysv\0\0\0\0\0\0\0\0\0\0\0\0\303\355\214bL\1\0\09M\1\0\0\0\0\0", 3200, MSG_DONTWAIT, NULL, NULL) = 32
21055 1783939564.657908 recvfrom(41, 0x7fc3ae5be0, 3200, MSG_DONTWAIT, NULL, NULL) = -1 EAGAIN (Try again)
21055 1783939564.657985 recvfrom(55, 0x75eb986820, 2272, MSG_DONTWAIT, NULL, NULL) = -1 EAGAIN (Try again)
21055 1783939565.157555 recvfrom(41, 0x7fc3ae5860, 3200, MSG_DONTWAIT, NULL, NULL) = -1 EAGAIN (Try again)
21055 1783939565.158742 recvfrom(41, "nysv\0\0\0\0\0\0\0\0\0\0\0\0\224\336Y\200L\1\0\0WM\1\0\0\0\0\0", 3200, MSG_DONTWAIT, NULL, NULL) = 32
21055 1783939565.158871 recvfrom(41, 0x7fc3ae5be0, 3200, MSG_DONTWAIT, NULL, NULL) = -1 EAGAIN (Try again)
21055 1783939565.159026 recvfrom(55, 0x75eb986820, 2272, MSG_DONTWAIT, NULL, NULL) = -1 EAGAIN (Try again)
