26983 1784116393.657637 newfstatat(AT_FDCWD, "/system/framework/framework-res.apk", {st_mode=S_IFREG|0644, st_size=45992421, ...}, 0) = 0
26983 1784116393.658003 newfstatat(AT_FDCWD, "/product/overlay/GoogleConfigOverlay.apk", {st_mode=S_IFREG|0644, st_size=25070, ...}, 0) = 0
26983 1784116393.658327 newfstatat(AT_FDCWD, "/product/overlay/GoogleWebViewOverlay.apk", {st_mode=S_IFREG|0644, st_size=16815, ...}, 0) = 0
26983 1784116393.659010 newfstatat(AT_FDCWD, "/product/overlay/PixelConfigOverlayCommon.apk", {st_mode=S_IFREG|0644, st_size=52833, ...}, 0) = 0
26983 1784116393.659665 newfstatat(AT_FDCWD, "/product/overlay/EmulatorConfigOverlay.apk", {st_mode=S_IFREG|0644, st_size=16734, ...}, 0) = 0
26983 1784116393.660083 newfstatat(AT_FDCWD, "/data/app/ca.farrelltonsolar.classic-5ntK-ZVUwI--yvUufrwoaA==/base.apk", {st_mode=S_IFREG|0644, st_size=2354811, ...}, 0) = 0
26983 1784116393.666115 clone(child_stack=0x77b8ebcd40, flags=CLONE_VM|CLONE_FS|CLONE_FILES|CLONE_SIGHAND|CLONE_THREAD|CLONE_SYSVSEM|CLONE_SETTLS|CLONE_PARENT_SETTID|CLONE_CHILD_CLEARTID, parent_tidptr=0x77b8ebcd60, tls=0x77b8ebd020, child_tidptr=0x77b8ebcd60) = 27055
27006 1784116393.666819 clone( <unfinished ...>
27055 1784116393.667262 exit(0)         = ?
27006 1784116393.667403 <... clone resumed> child_stack=0x77b8dbfd40, flags=CLONE_VM|CLONE_FS|CLONE_FILES|CLONE_SIGHAND|CLONE_THREAD|CLONE_SYSVSEM|CLONE_SETTLS|CLONE_PARENT_SETTID|CLONE_CHILD_CLEARTID, parent_tidptr=0x77b8dbfd60, tls=0x77b8dc0020, child_tidptr=0x77b8dbfd60) = 27056
27055 1784116393.667430 +++ exited with 0 +++
26983 1784116393.669471 newfstatat(AT_FDCWD, "/system/framework/framework-res.apk", {st_mode=S_IFREG|0644, st_size=45992421, ...}, 0) = 0
26983 1784116393.669808 newfstatat(AT_FDCWD, "/product/overlay/GoogleConfigOverlay.apk", {st_mode=S_IFREG|0644, st_size=25070, ...}, 0) = 0
26983 1784116393.670140 newfstatat(AT_FDCWD, "/product/overlay/GoogleWebViewOverlay.apk", {st_mode=S_IFREG|0644, st_size=16815, ...}, 0) = 0
26983 1784116393.670494 newfstatat(AT_FDCWD, "/product/overlay/PixelConfigOverlayCommon.apk", {st_mode=S_IFREG|0644, st_size=52833, ...}, 0) = 0
26983 1784116393.670814 newfstatat(AT_FDCWD, "/product/overlay/EmulatorConfigOverlay.apk", {st_mode=S_IFREG|0644, st_size=16734, ...}, 0) = 0
26983 1784116393.671209 newfstatat(AT_FDCWD, "/data/app/ca.farrelltonsolar.classic-5ntK-ZVUwI--yvUufrwoaA==/base.apk", {st_mode=S_IFREG|0644, st_size=2354811, ...}, 0) = 0
27056 1784116393.672245 exit(0)         = ?
27056 1784116393.672463 +++ exited with 0 +++
26983 1784116393.682023 newfstatat(AT_FDCWD, "/system/framework/framework-res.apk", {st_mode=S_IFREG|0644, st_size=45992421, ...}, 0) = 0
26983 1784116393.682306 newfstatat(AT_FDCWD, "/product/overlay/GoogleConfigOverlay.apk", {st_mode=S_IFREG|0644, st_size=25070, ...}, 0) = 0
26983 1784116393.682510 newfstatat(AT_FDCWD, "/product/overlay/GoogleWebViewOverlay.apk", {st_mode=S_IFREG|0644, st_size=16815, ...}, 0) = 0
26983 1784116393.682722 newfstatat(AT_FDCWD, "/product/overlay/PixelConfigOverlayCommon.apk", {st_mode=S_IFREG|0644, st_size=52833, ...}, 0) = 0
26983 1784116393.682939 newfstatat(AT_FDCWD, "/product/overlay/EmulatorConfigOverlay.apk", {st_mode=S_IFREG|0644, st_size=16734, ...}, 0) = 0
26983 1784116393.683138 newfstatat(AT_FDCWD, "/data/app/ca.farrelltonsolar.classic-5ntK-ZVUwI--yvUufrwoaA==/base.apk", {st_mode=S_IFREG|0644, st_size=2354811, ...}, 0) = 0
27021 1784116393.711503 sendmsg(68, {msg_name=NULL, msg_namelen=0, msg_iov=[{iov_base="l\1\1\1\24\1\0\0L\0\0\0\235\0\0\0\1\1o\0;\0\0\0/re/frid"..., iov_len=452}], msg_iovlen=1, msg_controllen=0, msg_flags=0}, MSG_NOSIGNAL) = 452
26983 1784116393.736363 recvfrom(44, 0x7fdfb6c1d0, 3200, MSG_DONTWAIT, NULL, NULL) = -1 EAGAIN (Try again)
26983 1784116393.743119 recvfrom(44, "nysv\0\0\0\0\0\0\0\0\0\0\0\0\301\210\32\th\1\0\0\207i\1\0\0\0\0\0", 3200, MSG_DONTWAIT, NULL, NULL) = 32
26983 1784116393.743636 recvfrom(44, 0x7fdfb6c500, 3200, MSG_DONTWAIT, NULL, NULL) = -1 EAGAIN (Try again)
26983 1784116393.743916 recvfrom(69, 0x78b1ab9820, 2272, MSG_DONTWAIT, NULL, NULL) = -1 EAGAIN (Try again)
26983 1784116393.744860 recvfrom(44, 0x7fdfb6be80, 3200, MSG_DONTWAIT, NULL, NULL) = -1 EAGAIN (Try again)
26983 1784116393.852330 clone(child_stack=0x77b6b11d40, flags=CLONE_VM|CLONE_FS|CLONE_FILES|CLONE_SIGHAND|CLONE_THREAD|CLONE_SYSVSEM|CLONE_SETTLS|CLONE_PARENT_SETTID|CLONE_CHILD_CLEARTID, parent_tidptr=0x77b6b11d60, tls=0x77b6b12020, child_tidptr=0x77b6b11d60) = 27057
26983 1784116393.854363 clone(child_stack=0x77b6a08d40, flags=CLONE_VM|CLONE_FS|CLONE_FILES|CLONE_SIGHAND|CLONE_THREAD|CLONE_SYSVSEM|CLONE_SETTLS|CLONE_PARENT_SETTID|CLONE_CHILD_CLEARTID, parent_tidptr=0x77b6a08d60, tls=0x77b6a09020, child_tidptr=0x77b6a08d60) = 27058
26983 1784116393.857673 clone(child_stack=0x77b58ffd40, flags=CLONE_VM|CLONE_FS|CLONE_FILES|CLONE_SIGHAND|CLONE_THREAD|CLONE_SYSVSEM|CLONE_SETTLS|CLONE_PARENT_SETTID|CLONE_CHILD_CLEARTID, parent_tidptr=0x77b58ffd60, tls=0x77b5900020, child_tidptr=0x77b58ffd60) = 27059
27059 1784116393.858958 exit(0)         = ?
27059 1784116393.858981 +++ exited with 0 +++
27057 1784116393.859494 exit(0)         = ?
27057 1784116393.859822 +++ exited with 0 +++
26983 1784116393.861093 clone(child_stack=0x77b6b11d40, flags=CLONE_VM|CLONE_FS|CLONE_FILES|CLONE_SIGHAND|CLONE_THREAD|CLONE_SYSVSEM|CLONE_SETTLS|CLONE_PARENT_SETTID|CLONE_CHILD_CLEARTID, parent_tidptr=0x77b6b11d60, tls=0x77b6b12020, child_tidptr=0x77b6b11d60) = 27060
27058 1784116393.862158 exit(0)         = ?
27060 1784116393.862272 exit(0)         = ?
27060 1784116393.862286 +++ exited with 0 +++
27058 1784116393.862366 +++ exited with 0 +++
26983 1784116393.863386 clone(child_stack=0x77b6b11d40, flags=CLONE_VM|CLONE_FS|CLONE_FILES|CLONE_SIGHAND|CLONE_THREAD|CLONE_SYSVSEM|CLONE_SETTLS|CLONE_PARENT_SETTID|CLONE_CHILD_CLEARTID, parent_tidptr=0x77b6b11d60, tls=0x77b6b12020, child_tidptr=0x77b6b11d60) = 27061
26983 1784116393.865668 clone(child_stack=0x77b689fd40, flags=CLONE_VM|CLONE_FS|CLONE_FILES|CLONE_SIGHAND|CLONE_THREAD|CLONE_SYSVSEM|CLONE_SETTLS|CLONE_PARENT_SETTID|CLONE_CHILD_CLEARTID, parent_tidptr=0x77b689fd60, tls=0x77b68a0020, child_tidptr=0x77b689fd60) = 27062
27061 1784116393.869853 exit(0)         = ?
27061 1784116393.870180 +++ exited with 0 +++
27062 1784116393.871257 exit(0)         = ?
27062 1784116393.871517 +++ exited with 0 +++
27018 1784116393.907378 faccessat(AT_FDCWD, "/proc/self/task/27057", F_OK) = -1 ENOENT (No such file or directory)
27018 1784116393.907427 faccessat(AT_FDCWD, "/proc/self/task/27059", F_OK) = -1 ENOENT (No such file or directory)
27018 1784116393.907439 faccessat(AT_FDCWD, "/proc/self/task/27058", F_OK) = -1 ENOENT (No such file or directory)
27018 1784116393.907452 faccessat(AT_FDCWD, "/proc/self/task/27060", F_OK) = -1 ENOENT (No such file or directory)
27018 1784116393.907462 faccessat(AT_FDCWD, "/proc/self/task/27061", F_OK) = -1 ENOENT (No such file or directory)
27018 1784116393.907470 faccessat(AT_FDCWD, "/proc/self/task/27062", F_OK) = -1 ENOENT (No such file or directory)
26983 1784116394.041483 recvfrom(44, "nysv\0\0\0\0\0\0\0\0\0\0\0\0\304#\31\nh\1\0\0\210i\1\0\0\0\0\0", 3200, MSG_DONTWAIT, NULL, NULL) = 32
26983 1784116394.041836 recvfrom(44, 0x7fdfb6c500, 3200, MSG_DONTWAIT, NULL, NULL) = -1 EAGAIN (Try again)
26983 1784116394.065488 recvfrom(69, 0x78b1ab9820, 2272, MSG_DONTWAIT, NULL, NULL) = -1 EAGAIN (Try again)
26983 1784116394.066079 recvfrom(44, 0x7fdfb6a770, 3200, MSG_DONTWAIT, NULL, NULL) = -1 EAGAIN (Try again)
27006 1784116394.068662 clone(child_stack=0x77b6b11d40, flags=CLONE_VM|CLONE_FS|CLONE_FILES|CLONE_SIGHAND|CLONE_THREAD|CLONE_SYSVSEM|CLONE_SETTLS|CLONE_PARENT_SETTID|CLONE_CHILD_CLEARTID, parent_tidptr=0x77b6b11d60, tls=0x77b6b12020, child_tidptr=0x77b6b11d60) = 27063
27006 1784116394.071025 clone(child_stack=0x77b59b5d40, flags=CLONE_VM|CLONE_FS|CLONE_FILES|CLONE_SIGHAND|CLONE_THREAD|CLONE_SYSVSEM|CLONE_SETTLS|CLONE_PARENT_SETTID|CLONE_CHILD_CLEARTID, parent_tidptr=0x77b59b5d60, tls=0x77b59b6020, child_tidptr=0x77b59b5d60) = 27064
26983 1784116394.080374 recvfrom(44, "nysv\0\0\0\0\0\0\0\0\0\0\0\0\231v\372\34h\1\0\0\233i\1\0\0\0\0\0", 3200, MSG_DONTWAIT, NULL, NULL) = 32
26983 1784116394.080787 recvfrom(44, 0x7fdfb6c500, 3200, MSG_DONTWAIT, NULL, NULL) = -1 EAGAIN (Try again)
26983 1784116394.084626 recvfrom(69, 0x78b1ab9820, 2272, MSG_DONTWAIT, NULL, NULL) = -1 EAGAIN (Try again)
26983 1784116394.209483 recvfrom(44, 0x7fdfb6c660, 3200, MSG_DONTWAIT, NULL, NULL) = -1 EAGAIN (Try again)
26983 1784116394.227238 recvfrom(44, "nysv\0\0\0\0\0\0\0\0\0\0\0\0Ka\354%h\1\0\0\244i\1\0\0\0\0\0", 3200, MSG_DONTWAIT, NULL, NULL) = 32
26983 1784116394.227431 recvfrom(44, 0x7fdfb6c500, 3200, MSG_DONTWAIT, NULL, NULL) = -1 EAGAIN (Try again)
26983 1784116394.227863 recvfrom(44, 0x7fdfb6ba50, 3200, MSG_DONTWAIT, NULL, NULL) = -1 EAGAIN (Try again)
26983 1784116394.243481 recvfrom(44, "nysv\0\0\0\0\0\0\0\0\0\0\0\0B\250\352&h\1\0\0\245i\1\0\0\0\0\0", 3200, MSG_DONTWAIT, NULL, NULL) = 32
26983 1784116394.244230 recvfrom(44, 0x7fdfb6c500, 3200, MSG_DONTWAIT, NULL, NULL) = -1 EAGAIN (Try again)
26983 1784116394.248131 recvfrom(69, 0x78b1ab9820, 2272, MSG_DONTWAIT, NULL, NULL) = -1 EAGAIN (Try again)
26983 1784116394.370712 recvfrom(44, 0x7fdfb6c660, 3200, MSG_DONTWAIT, NULL, NULL) = -1 EAGAIN (Try again)
26983 1784116394.376563 recvfrom(44, "nysv\0\0\0\0\0\0\0\0\0\0\0\0\377d\335.h\1\0\0\255i\1\0\0\0\0\0", 3200, MSG_DONTWAIT, NULL, NULL) = 32
26983 1784116394.377031 recvfrom(44, 0x7fdfb6c500, 3200, MSG_DONTWAIT, NULL, NULL) = -1 EAGAIN (Try again)
26983 1784116394.377333 recvfrom(44, 0x7fdfb6ba50, 3200, MSG_DONTWAIT, NULL, NULL) = -1 EAGAIN (Try again)
26983 1784116394.393163 recvfrom(44, "nysv\0\0\0\0\0\0\0\0\0\0\0\0{\313\333/h\1\0\0\256i\1\0\0\0\0\0", 3200, MSG_DONTWAIT, NULL, NULL) = 32
26983 1784116394.393691 recvfrom(44, 0x7fdfb6c500, 3200, MSG_DONTWAIT, NULL, NULL) = -1 EAGAIN (Try again)
26983 1784116394.394317 recvfrom(69, 0x78b1ab9820, 2272, MSG_DONTWAIT, NULL, NULL) = -1 EAGAIN (Try again)
26983 1784116394.447635 recvfrom(44, 0x7fdfb6c550, 3200, MSG_DONTWAIT, NULL, NULL) = -1 EAGAIN (Try again)
27001 1784116394.449496 clone(child_stack=0x77b30ced40, flags=CLONE_VM|CLONE_FS|CLONE_FILES|CLONE_SIGHAND|CLONE_THREAD|CLONE_SYSVSEM|CLONE_SETTLS|CLONE_PARENT_SETTID|CLONE_CHILD_CLEARTID, parent_tidptr=0x77b30ced60, tls=0x77b30cf020, child_tidptr=0x77b30ced60) = 27065
27065 1784116394.450165 openat(AT_FDCWD, "/proc/27065/timerslack_ns", O_WRONLY|O_CREAT|O_TRUNC|O_NOFOLLOW|O_CLOEXEC, 0666) = 53
26983 1784116394.459372 recvfrom(44, "nysv\0\0\0\0\0\0\0\0\0\0\0\0\227L\3253h\1\0\0\262i\1\0\0\0\0\0", 3200, MSG_DONTWAIT, NULL, NULL) = 32
26983 1784116394.459745 recvfrom(44, 0x7fdfb6c500, 3200, MSG_DONTWAIT, NULL, NULL) = -1 EAGAIN (Try again)
26983 1784116394.460204 recvfrom(46, 0x78b1ab8c20, 2272, MSG_DONTWAIT, NULL, NULL) = -1 EAGAIN (Try again)
26983 1784116394.469277 recvfrom(44, 0x7fdfb6c250, 3200, MSG_DONTWAIT, NULL, NULL) = -1 EAGAIN (Try again)
26983 1784116394.470771 clone(child_stack=0x77c3812d40, flags=CLONE_VM|CLONE_FS|CLONE_FILES|CLONE_SIGHAND|CLONE_THREAD|CLONE_SYSVSEM|CLONE_SETTLS|CLONE_PARENT_SETTID|CLONE_CHILD_CLEARTID, parent_tidptr=0x77c3812d60, tls=0x77c3813020, child_tidptr=0x77c3812d60) = 27066
26983 1784116394.483286 recvfrom(44, "nysv\0\0\0\0\0\0\0\0\0\0\0\0t\7\3244h\1\0\0\263i\1\0\0\0\0\0", 3200, MSG_DONTWAIT, NULL, NULL) = 32
26983 1784116394.483436 recvfrom(44, 0x7fdfb6c500, 3200, MSG_DONTWAIT, NULL, NULL) = -1 EAGAIN (Try again)
26983 1784116394.518172 recvfrom(44, 0x7fdfb6c660, 3200, MSG_DONTWAIT, NULL, NULL) = -1 EAGAIN (Try again)
26983 1784116394.526298 recvfrom(44, "nysv\0\0\0\0\0\0\0\0\0\0\0\0\206#\3177h\1\0\0\266i\1\0\0\0\0\0", 3200, MSG_DONTWAIT, NULL, NULL) = 32
26983 1784116394.526464 recvfrom(44, 0x7fdfb6c500, 3200, MSG_DONTWAIT, NULL, NULL) = -1 EAGAIN (Try again)
26983 1784116394.526787 recvfrom(44, 0x7fdfb6ba50, 3200, MSG_DONTWAIT, NULL, NULL) = -1 EAGAIN (Try again)
26983 1784116394.542737 recvfrom(44, "nysv\0\0\0\0\0\0\0\0\0\0\0\0\346\241\3158h\1\0\0\267i\1\0\0\0\0\0", 3200, MSG_DONTWAIT, NULL, NULL) = 32
26983 1784116394.542976 recvfrom(44, 0x7fdfb6c500, 3200, MSG_DONTWAIT, NULL, NULL) = -1 EAGAIN (Try again)
26983 1784116394.543336 recvfrom(69, 0x78b1ab9820, 2272, MSG_DONTWAIT, NULL, NULL) = -1 EAGAIN (Try again)
26983 1784116394.668817 recvfrom(44, 0x7fdfb6c660, 3200, MSG_DONTWAIT, NULL, NULL) = -1 EAGAIN (Try again)
26983 1784116394.676862 recvfrom(44, "nysv\0\0\0\0\0\0\0\0\0\0\0\0\200\261\276@h\1\0\0\277i\1\0\0\0\0\0", 3200, MSG_DONTWAIT, NULL, NULL) = 32
26983 1784116394.677159 recvfrom(44, 0x7fdfb6c500, 3200, MSG_DONTWAIT, NULL, NULL) = -1 EAGAIN (Try again)
26983 1784116394.677760 recvfrom(44, 0x7fdfb6ba50, 3200, MSG_DONTWAIT, NULL, NULL) = -1 EAGAIN (Try again)
26983 1784116394.694054 recvfrom(44, "nysv\0\0\0\0\0\0\0\0\0\0\0\0\252\1\275Ah\1\0\0\300i\1\0\0\0\0\0", 3200, MSG_DONTWAIT, NULL, NULL) = 32
26983 1784116394.694378 recvfrom(44, 0x7fdfb6c500, 3200, MSG_DONTWAIT, NULL, NULL) = -1 EAGAIN (Try again)
26983 1784116394.695052 recvfrom(69, 0x78b1ab9820, 2272, MSG_DONTWAIT, NULL, NULL) = -1 EAGAIN (Try again)
26983 1784116394.822371 recvfrom(44, 0x7fdfb6c660, 3200, MSG_DONTWAIT, NULL, NULL) = -1 EAGAIN (Try again)
26983 1784116394.826105 recvfrom(44, "nysv\0\0\0\0\0\0\0\0\0\0\0\0xy\256Ih\1\0\0\310i\1\0\0\0\0\0", 3200, MSG_DONTWAIT, NULL, NULL) = 32
26983 1784116394.826374 recvfrom(44, 0x7fdfb6c500, 3200, MSG_DONTWAIT, NULL, NULL) = -1 EAGAIN (Try again)
26983 1784116394.827079 recvfrom(44, 0x7fdfb6ba50, 3200, MSG_DONTWAIT, NULL, NULL) = -1 EAGAIN (Try again)
26983 1784116394.843283 recvfrom(44, "nysv\0\0\0\0\0\0\0\0\0\0\0\0004\306\254Jh\1\0\0\311i\1\0\0\0\0\0", 3200, MSG_DONTWAIT, NULL, NULL) = 32
26983 1784116394.843598 recvfrom(44, 0x7fdfb6c500, 3200, MSG_DONTWAIT, NULL, NULL) = -1 EAGAIN (Try again)
26983 1784116394.844216 recvfrom(69, 0x78b1ab9820, 2272, MSG_DONTWAIT, NULL, NULL) = -1 EAGAIN (Try again)
26983 1784116394.970807 recvfrom(44, 0x7fdfb6c660, 3200, MSG_DONTWAIT, NULL, NULL) = -1 EAGAIN (Try again)
26983 1784116394.975820 recvfrom(44, "nysv\0\0\0\0\0\0\0\0\0\0\0\0\351s\236Rh\1\0\0\321i\1\0\0\0\0\0", 3200, MSG_DONTWAIT, NULL, NULL) = 32
26983 1784116394.976096 recvfrom(44, 0x7fdfb6c500, 3200, MSG_DONTWAIT, NULL, NULL) = -1 EAGAIN (Try again)
26983 1784116394.976622 recvfrom(44, 0x7fdfb6ba50, 3200, MSG_DONTWAIT, NULL, NULL) = -1 EAGAIN (Try again)
26983 1784116394.992838 recvfrom(44, "nysv\0\0\0\0\0\0\0\0\0\0\0\0\23\304\234Sh\1\0\0\322i\1\0\0\0\0\0", 3200, MSG_DONTWAIT, NULL, NULL) = 32
26983 1784116394.993359 recvfrom(44, 0x7fdfb6c500, 3200, MSG_DONTWAIT, NULL, NULL) = -1 EAGAIN (Try again)
26983 1784116394.993916 recvfrom(69, 0x78b1ab9820, 2272, MSG_DONTWAIT, NULL, NULL) = -1 EAGAIN (Try again)
26983 1784116395.117364 recvfrom(44, 0x7fdfb6c660, 3200, MSG_DONTWAIT, NULL, NULL) = -1 EAGAIN (Try again)
26983 1784116395.125925 recvfrom(44, "nysv\0\0\0\0\0\0\0\0\0\0\0\0jl\217[h\1\0\0\332i\1\0\0\0\0\0", 3200, MSG_DONTWAIT, NULL, NULL) = 32
26983 1784116395.126422 recvfrom(44, 0x7fdfb6c500, 3200, MSG_DONTWAIT, NULL, NULL) = -1 EAGAIN (Try again)
26983 1784116395.126769 recvfrom(44, 0x7fdfb6ba50, 3200, MSG_DONTWAIT, NULL, NULL) = -1 EAGAIN (Try again)
26983 1784116395.142011 recvfrom(44, "nysv\0\0\0\0\0\0\0\0\0\0\0\0\224\274\215\\h\1\0\0\333i\1\0\0\0\0\0", 3200, MSG_DONTWAIT, NULL, NULL) = 32
26983 1784116395.142611 recvfrom(44, 0x7fdfb6c500, 3200, MSG_DONTWAIT, NULL, NULL) = -1 EAGAIN (Try again)
26983 1784116395.145581 recvfrom(69, 0x78b1ab9820, 2272, MSG_DONTWAIT, NULL, NULL) = -1 EAGAIN (Try again)
26983 1784116395.272856 recvfrom(44, 0x7fdfb6c660, 3200, MSG_DONTWAIT, NULL, NULL) = -1 EAGAIN (Try again)
26983 1784116395.275507 recvfrom(44, "nysv\0\0\0\0\0\0\0\0\0\0\0\0v\262\200dh\1\0\0\343i\1\0\0\0\0\0", 3200, MSG_DONTWAIT, NULL, NULL) = 32
26983 1784116395.275780 recvfrom(44, 0x7fdfb6c500, 3200, MSG_DONTWAIT, NULL, NULL) = -1 EAGAIN (Try again)
26983 1784116395.276123 recvfrom(44, 0x7fdfb6ba50, 3200, MSG_DONTWAIT, NULL, NULL) = -1 EAGAIN (Try again)
26983 1784116395.292397 recvfrom(44, "nysv\0\0\0\0\0\0\0\0\0\0\0\0P2\177eh\1\0\0\344i\1\0\0\0\0\0", 3200, MSG_DONTWAIT, NULL, NULL) = 32
26983 1784116395.292954 recvfrom(44, 0x7fdfb6c500, 3200, MSG_DONTWAIT, NULL, NULL) = -1 EAGAIN (Try again)
26983 1784116395.293308 recvfrom(69, 0x78b1ab9820, 2272, MSG_DONTWAIT, NULL, NULL) = -1 EAGAIN (Try again)
26983 1784116395.341307 recvfrom(44, 0x7fdfb6c290, 3200, MSG_DONTWAIT, NULL, NULL) = -1 EAGAIN (Try again)
26983 1784116395.342704 recvfrom(44, "nysv\0\0\0\0\0\0\0\0\0\0\0\0\310\241zhh\1\0\0\347i\1\0\0\0\0\0", 3200, MSG_DONTWAIT, NULL, NULL) = 32
26983 1784116395.342888 recvfrom(44, 0x7fdfb6c500, 3200, MSG_DONTWAIT, NULL, NULL) = -1 EAGAIN (Try again)
26983 1784116395.343074 recvfrom(69, 0x78b1ab9820, 2272, MSG_DONTWAIT, NULL, NULL) = -1 EAGAIN (Try again)
26983 1784116395.343494 recvfrom(44, 0x7fdfb6b3b0, 3200, MSG_DONTWAIT, NULL, NULL) = -1 EAGAIN (Try again)
26983 1784116395.358918 recvfrom(44, "nysv\0\0\0\0\0\0\0\0\0\0\0\0\37-yih\1\0\0\350i\1\0\0\0\0\0", 3200, MSG_DONTWAIT, NULL, NULL) = 32
26983 1784116395.359423 recvfrom(44, 0x7fdfb6c500, 3200, MSG_DONTWAIT, NULL, NULL) = -1 EAGAIN (Try again)
26983 1784116395.359767 recvfrom(69, 0x78b1ab9820, 2272, MSG_DONTWAIT, NULL, NULL) = -1 EAGAIN (Try again)
26983 1784116395.362282 recvfrom(44, 0x7fdfb6b3b0, 3200, MSG_DONTWAIT, NULL, NULL) = -1 EAGAIN (Try again)
26983 1784116395.375931 recvfrom(44, "nysv\0\0\0\0\0\0\0\0\0\0\0\0t\270wjh\1\0\0\351i\1\0\0\0\0\0", 3200, MSG_DONTWAIT, NULL, NULL) = 32
26983 1784116395.376215 recvfrom(44, 0x7fdfb6c500, 3200, MSG_DONTWAIT, NULL, NULL) = -1 EAGAIN (Try again)
26983 1784116395.377134 recvfrom(69, 0x78b1ab9820, 2272, MSG_DONTWAIT, NULL, NULL) = -1 EAGAIN (Try again)
26983 1784116395.377739 recvfrom(44, 0x7fdfb6b3b0, 3200, MSG_DONTWAIT, NULL, NULL) = -1 EAGAIN (Try again)
26983 1784116395.392831 recvfrom(44, "nysv\0\0\0\0\0\0\0\0\0\0\0\0\320,vkh\1\0\0\352i\1\0\0\0\0\0", 3200, MSG_DONTWAIT, NULL, NULL) = 32
26983 1784116395.392998 recvfrom(44, 0x7fdfb6c500, 3200, MSG_DONTWAIT, NULL, NULL) = -1 EAGAIN (Try again)
26983 1784116395.393272 recvfrom(69, 0x78b1ab9820, 2272, MSG_DONTWAIT, NULL, NULL) = -1 EAGAIN (Try again)
26983 1784116395.393979 recvfrom(44, 0x7fdfb6b3b0, 3200, MSG_DONTWAIT, NULL, NULL) = -1 EAGAIN (Try again)
26983 1784116395.409706 recvfrom(44, "nysv\0\0\0\0\0\0\0\0\0\0\0\0j\203tlh\1\0\0\353i\1\0\0\0\0\0", 3200, MSG_DONTWAIT, NULL, NULL) = 32
26983 1784116395.410132 recvfrom(44, 0x7fdfb6c500, 3200, MSG_DONTWAIT, NULL, NULL) = -1 EAGAIN (Try again)
26983 1784116395.410402 recvfrom(69, 0x78b1ab9820, 2272, MSG_DONTWAIT, NULL, NULL) = -1 EAGAIN (Try again)
26983 1784116395.410966 recvfrom(44, 0x7fdfb6b3b0, 3200, MSG_DONTWAIT, NULL, NULL) = -1 EAGAIN (Try again)
26983 1784116395.426142 recvfrom(44, "nysv\0\0\0\0\0\0\0\0\0\0\0\0\261\346rmh\1\0\0\354i\1\0\0\0\0\0", 3200, MSG_DONTWAIT, NULL, NULL) = 32
26983 1784116395.426594 recvfrom(44, 0x7fdfb6c500, 3200, MSG_DONTWAIT, NULL, NULL) = -1 EAGAIN (Try again)
26983 1784116395.426854 recvfrom(69, 0x78b1ab9820, 2272, MSG_DONTWAIT, NULL, NULL) = -1 EAGAIN (Try again)
26983 1784116395.428039 recvfrom(44, 0x7fdfb6b3b0, 3200, MSG_DONTWAIT, NULL, NULL) = -1 EAGAIN (Try again)
26983 1784116395.442229 recvfrom(44, "nysv\0\0\0\0\0\0\0\0\0\0\0\0\365lqnh\1\0\0\355i\1\0\0\0\0\0", 3200, MSG_DONTWAIT, NULL, NULL) = 32
26983 1784116395.442741 recvfrom(44, 0x7fdfb6c500, 3200, MSG_DONTWAIT, NULL, NULL) = -1 EAGAIN (Try again)
26983 1784116395.443060 recvfrom(69, 0x78b1ab9820, 2272, MSG_DONTWAIT, NULL, NULL) = -1 EAGAIN (Try again)
26983 1784116395.445042 recvfrom(44, 0x7fdfb6b3b0, 3200, MSG_DONTWAIT, NULL, NULL) = -1 EAGAIN (Try again)
26983 1784116395.459142 recvfrom(44, "nysv\0\0\0\0\0\0\0\0\0\0\0\0L$poh\1\0\0\356i\1\0\0\0\0\0", 3200, MSG_DONTWAIT, NULL, NULL) = 32
26983 1784116395.459631 recvfrom(44, 0x7fdfb6c500, 3200, MSG_DONTWAIT, NULL, NULL) = -1 EAGAIN (Try again)
26983 1784116395.459927 recvfrom(69, 0x78b1ab9820, 2272, MSG_DONTWAIT, NULL, NULL) = -1 EAGAIN (Try again)
26983 1784116395.460296 recvfrom(44, 0x7fdfb6b3b0, 3200, MSG_DONTWAIT, NULL, NULL) = -1 EAGAIN (Try again)
26983 1784116395.476111 recvfrom(44, "nysv\0\0\0\0\0\0\0\0\0\0\0\0\260\216nph\1\0\0\357i\1\0\0\0\0\0", 3200, MSG_DONTWAIT, NULL, NULL) = 32
26983 1784116395.476596 recvfrom(44, 0x7fdfb6c500, 3200, MSG_DONTWAIT, NULL, NULL) = -1 EAGAIN (Try again)
26983 1784116395.476922 recvfrom(69, 0x78b1ab9820, 2272, MSG_DONTWAIT, NULL, NULL) = -1 EAGAIN (Try again)
26983 1784116395.477315 recvfrom(44, 0x7fdfb6b3b0, 3200, MSG_DONTWAIT, NULL, NULL) = -1 EAGAIN (Try again)
26983 1784116395.493233 recvfrom(44, "nysv\0\0\0\0\0\0\0\0\0\0\0\0\301\353lqh\1\0\0\360i\1\0\0\0\0\0", 3200, MSG_DONTWAIT, NULL, NULL) = 32
26983 1784116395.493422 recvfrom(44, 0x7fdfb6c500, 3200, MSG_DONTWAIT, NULL, NULL) = -1 EAGAIN (Try again)
26983 1784116395.493707 recvfrom(69, 0x78b1ab9820, 2272, MSG_DONTWAIT, NULL, NULL) = -1 EAGAIN (Try again)
26983 1784116395.496948 recvfrom(44, 0x7fdfb6b3b0, 3200, MSG_DONTWAIT, NULL, NULL) = -1 EAGAIN (Try again)
26983 1784116395.509405 recvfrom(44, "nysv\0\0\0\0\0\0\0\0\0\0\0\0TXkrh\1\0\0\361i\1\0\0\0\0\0", 3200, MSG_DONTWAIT, NULL, NULL) = 32
26983 1784116395.509787 recvfrom(44, 0x7fdfb6c500, 3200, MSG_DONTWAIT, NULL, NULL) = -1 EAGAIN (Try again)
26983 1784116395.510081 recvfrom(69, 0x78b1ab9820, 2272, MSG_DONTWAIT, NULL, NULL) = -1 EAGAIN (Try again)
26983 1784116395.512865 recvfrom(44, 0x7fdfb6b3b0, 3200, MSG_DONTWAIT, NULL, NULL) = -1 EAGAIN (Try again)
26983 1784116395.525537 recvfrom(44, "nysv\0\0\0\0\0\0\0\0\0\0\0\0006\343ish\1\0\0\362i\1\0\0\0\0\0", 3200, MSG_DONTWAIT, NULL, NULL) = 32
26983 1784116395.525951 recvfrom(44, 0x7fdfb6c500, 3200, MSG_DONTWAIT, NULL, NULL) = -1 EAGAIN (Try again)
26983 1784116395.526209 recvfrom(69, 0x78b1ab9820, 2272, MSG_DONTWAIT, NULL, NULL) = -1 EAGAIN (Try again)
26983 1784116395.527969 recvfrom(44, 0x7fdfb6b3b0, 3200, MSG_DONTWAIT, NULL, NULL) = -1 EAGAIN (Try again)
26983 1784116395.543333 recvfrom(44, "nysv\0\0\0\0\0\0\0\0\0\0\0\0D;hth\1\0\0\363i\1\0\0\0\0\0", 3200, MSG_DONTWAIT, NULL, NULL) = 32
26983 1784116395.543521 recvfrom(44, 0x7fdfb6c500, 3200, MSG_DONTWAIT, NULL, NULL) = -1 EAGAIN (Try again)
26983 1784116395.543810 recvfrom(69, 0x78b1ab9820, 2272, MSG_DONTWAIT, NULL, NULL) = -1 EAGAIN (Try again)
26983 1784116395.547947 recvfrom(44, 0x7fdfb6b3b0, 3200, MSG_DONTWAIT, NULL, NULL) = -1 EAGAIN (Try again)
26983 1784116395.559550 recvfrom(44, "nysv\0\0\0\0\0\0\0\0\0\0\0\0\375\241fuh\1\0\0\364i\1\0\0\0\0\0", 3200, MSG_DONTWAIT, NULL, NULL) = 32
26983 1784116395.559878 recvfrom(44, 0x7fdfb6c500, 3200, MSG_DONTWAIT, NULL, NULL) = -1 EAGAIN (Try again)
26983 1784116395.560308 recvfrom(69, 0x78b1ab9820, 2272, MSG_DONTWAIT, NULL, NULL) = -1 EAGAIN (Try again)
26983 1784116395.560874 recvfrom(44, 0x7fdfb6b3b0, 3200, MSG_DONTWAIT, NULL, NULL) = -1 EAGAIN (Try again)
26983 1784116395.575738 recvfrom(44, "nysv\0\0\0\0\0\0\0\0\0\0\0\0001Kevh\1\0\0\365i\1\0\0\0\0\0", 3200, MSG_DONTWAIT, NULL, NULL) = 32
26983 1784116395.576200 recvfrom(44, 0x7fdfb6c500, 3200, MSG_DONTWAIT, NULL, NULL) = -1 EAGAIN (Try again)
26983 1784116395.577311 recvfrom(69, 0x78b1ab9820, 2272, MSG_DONTWAIT, NULL, NULL) = -1 EAGAIN (Try again)
26983 1784116395.578635 recvfrom(44, 0x7fdfb6b3b0, 3200, MSG_DONTWAIT, NULL, NULL) = -1 EAGAIN (Try again)
26983 1784116395.592608 recvfrom(44, "nysv\0\0\0\0\0\0\0\0\0\0\0\0\356\304cwh\1\0\0\366i\1\0\0\0\0\0", 3200, MSG_DONTWAIT, NULL, NULL) = 32
26983 1784116395.592873 recvfrom(44, 0x7fdfb6c500, 3200, MSG_DONTWAIT, NULL, NULL) = -1 EAGAIN (Try again)
26983 1784116395.593485 recvfrom(69, 0x78b1ab9820, 2272, MSG_DONTWAIT, NULL, NULL) = -1 EAGAIN (Try again)
26983 1784116395.595052 recvfrom(44, 0x7fdfb6b3b0, 3200, MSG_DONTWAIT, NULL, NULL) = -1 EAGAIN (Try again)
26993 1784116395.608717 exit(0)         = ?
26993 1784116395.608757 +++ exited with 0 +++
26991 1784116395.608789 exit(0)         = ?
26991 1784116395.608806 +++ exited with 0 +++
26990 1784116395.608848 exit(0)         = ?
26990 1784116395.608870 +++ exited with 0 +++
26983 1784116395.609841 recvfrom(44, "nysv\0\0\0\0\0\0\0\0\0\0\0\0~:bxh\1\0\0\367i\1\0\0\0\0\0", 3200, MSG_DONTWAIT, NULL, NULL) = 32
26983 1784116395.610119 recvfrom(44, 0x7fdfb6c500, 3200, MSG_DONTWAIT, NULL, NULL) = -1 EAGAIN (Try again)
26983 1784116395.613378 recvfrom(69, 0x78b1ab9820, 2272, MSG_DONTWAIT, NULL, NULL) = -1 EAGAIN (Try again)
26992 1784116395.613641 exit(0)         = ?
26992 1784116395.613987 +++ exited with 0 +++
27003 1784116395.615068 newfstatat(AT_FDCWD, "/data", {st_mode=S_IFDIR|0771, st_size=4096, ...}, AT_SYMLINK_NOFOLLOW) = 0
27003 1784116395.615277 newfstatat(AT_FDCWD, "/data/app", {st_mode=S_IFDIR|0771, st_size=4096, ...}, AT_SYMLINK_NOFOLLOW) = 0
27003 1784116395.615490 newfstatat(AT_FDCWD, "/data/app/ca.farrelltonsolar.classic-5ntK-ZVUwI--yvUufrwoaA==", {st_mode=S_IFDIR|0775, st_size=4096, ...}, AT_SYMLINK_NOFOLLOW) = 0
27003 1784116395.615728 newfstatat(AT_FDCWD, "/data/app/ca.farrelltonsolar.classic-5ntK-ZVUwI--yvUufrwoaA==/base.apk", {st_mode=S_IFREG|0644, st_size=2354811, ...}, AT_SYMLINK_NOFOLLOW) = 0
27003 1784116395.616062 getcwd("/", 4096) = 2
27003 1784116395.616430 newfstatat(AT_FDCWD, "/base.apk", 0x782150f690, AT_SYMLINK_NOFOLLOW) = -1 ENOENT (No such file or directory)
26983 1784116395.720340 recvfrom(44, 0x7fdfb6c660, 3200, MSG_DONTWAIT, NULL, NULL) = -1 EAGAIN (Try again)
26983 1784116395.726796 recvfrom(44, "nysv\0\0\0\0\0\0\0\0\0\0\0\0\f\233W\177h\1\0\0\376i\1\0\0\0\0\0", 3200, MSG_DONTWAIT, NULL, NULL) = 32
26983 1784116395.727090 recvfrom(44, 0x7fdfb6c500, 3200, MSG_DONTWAIT, NULL, NULL) = -1 EAGAIN (Try again)
26983 1784116395.727444 recvfrom(44, 0x7fdfb6ba50, 3200, MSG_DONTWAIT, NULL, NULL) = -1 EAGAIN (Try again)
26983 1784116395.742882 recvfrom(44, "nysv\0\0\0\0\0\0\0\0\0\0\0\08\374U\200h\1\0\0\377i\1\0\0\0\0\0", 3200, MSG_DONTWAIT, NULL, NULL) = 32
26983 1784116395.743501 recvfrom(44, 0x7fdfb6c500, 3200, MSG_DONTWAIT, NULL, NULL) = -1 EAGAIN (Try again)
26983 1784116395.743818 recvfrom(69, 0x78b1ab9820, 2272, MSG_DONTWAIT, NULL, NULL) = -1 EAGAIN (Try again)
26983 1784116395.869731 recvfrom(44, 0x7fdfb6c660, 3200, MSG_DONTWAIT, NULL, NULL) = -1 EAGAIN (Try again)
26983 1784116395.876741 recvfrom(44, "nysv\0\0\0\0\0\0\0\0\0\0\0\0\250\252F\210h\1\0\0\7j\1\0\0\0\0\0", 3200, MSG_DONTWAIT, NULL, NULL) = 32
26983 1784116395.877039 recvfrom(44, 0x7fdfb6c500, 3200, MSG_DONTWAIT, NULL, NULL) = -1 EAGAIN (Try again)
26983 1784116395.877615 recvfrom(44, 0x7fdfb6ba50, 3200, MSG_DONTWAIT, NULL, NULL) = -1 EAGAIN (Try again)
26983 1784116395.896758 recvfrom(44, "nysv\0\0\0\0\0\0\0\0\0\0\0\0\322\372D\211h\1\0\0\10j\1\0\0\0\0\0", 3200, MSG_DONTWAIT, NULL, NULL) = 32
26983 1784116395.897048 recvfrom(44, 0x7fdfb6c500, 3200, MSG_DONTWAIT, NULL, NULL) = -1 EAGAIN (Try again)
26983 1784116395.897450 recvfrom(69, 0x78b1ab9820, 2272, MSG_DONTWAIT, NULL, NULL) = -1 EAGAIN (Try again)
26983 1784116396.019784 recvfrom(44, 0x7fdfb6c660, 3200, MSG_DONTWAIT, NULL, NULL) = -1 EAGAIN (Try again)
26983 1784116396.026246 recvfrom(44, "nysv\0\0\0\0\0\0\0\0\0\0\0\0\2@8\221h\1\0\0\20j\1\0\0\0\0\0", 3200, MSG_DONTWAIT, NULL, NULL) = 32
26983 1784116396.026441 recvfrom(44, 0x7fdfb6c500, 3200, MSG_DONTWAIT, NULL, NULL) = -1 EAGAIN (Try again)
26983 1784116396.027001 recvfrom(44, 0x7fdfb6ba50, 3200, MSG_DONTWAIT, NULL, NULL) = -1 EAGAIN (Try again)
26983 1784116396.042882 recvfrom(44, "nysv\0\0\0\0\0\0\0\0\0\0\0\0\203\2376\222h\1\0\0\21j\1\0\0\0\0\0", 3200, MSG_DONTWAIT, NULL, NULL) = 32
26983 1784116396.043435 recvfrom(44, 0x7fdfb6c500, 3200, MSG_DONTWAIT, NULL, NULL) = -1 EAGAIN (Try again)
26983 1784116396.043743 recvfrom(69, 0x78b1ab9820, 2272, MSG_DONTWAIT, NULL, NULL) = -1 EAGAIN (Try again)
26983 1784116396.170274 recvfrom(44, 0x7fdfb6c660, 3200, MSG_DONTWAIT, NULL, NULL) = -1 EAGAIN (Try again)
26983 1784116396.176496 recvfrom(44, "nysv\0\0\0\0\0\0\0\0\0\0\0\0+7(\232h\1\0\0\31j\1\0\0\0\0\0", 3200, MSG_DONTWAIT, NULL, NULL) = 32
26983 1784116396.176788 recvfrom(44, 0x7fdfb6c500, 3200, MSG_DONTWAIT, NULL, NULL) = -1 EAGAIN (Try again)
26983 1784116396.177282 recvfrom(44, 0x7fdfb6ba50, 3200, MSG_DONTWAIT, NULL, NULL) = -1 EAGAIN (Try again)
26983 1784116396.192717 recvfrom(44, "nysv\0\0\0\0\0\0\0\0\0\0\0\0\210\263&\233h\1\0\0\32j\1\0\0\0\0\0", 3200, MSG_DONTWAIT, NULL, NULL) = 32
26983 1784116396.193504 recvfrom(44, 0x7fdfb6c500, 3200, MSG_DONTWAIT, NULL, NULL) = -1 EAGAIN (Try again)
26983 1784116396.193896 recvfrom(69, 0x78b1ab9820, 2272, MSG_DONTWAIT, NULL, NULL) = -1 EAGAIN (Try again)
26983 1784116396.320949 recvfrom(44, 0x7fdfb6c660, 3200, MSG_DONTWAIT, NULL, NULL) = -1 EAGAIN (Try again)
26983 1784116396.326424 recvfrom(44, "nysv\0\0\0\0\0\0\0\0\0\0\0\0\7\350\30\243h\1\0\0\"j\1\0\0\0\0\0", 3200, MSG_DONTWAIT, NULL, NULL) = 32
26983 1784116396.326825 recvfrom(44, 0x7fdfb6c500, 3200, MSG_DONTWAIT, NULL, NULL) = -1 EAGAIN (Try again)
26983 1784116396.327604 recvfrom(44, 0x7fdfb6ba50, 3200, MSG_DONTWAIT, NULL, NULL) = -1 EAGAIN (Try again)
26983 1784116396.344964 recvfrom(44, "nysv\0\0\0\0\0\0\0\0\0\0\0\0\375\377\26\244h\1\0\0#j\1\0\0\0\0\0", 3200, MSG_DONTWAIT, NULL, NULL) = 32
26983 1784116396.345459 recvfrom(44, 0x7fdfb6c500, 3200, MSG_DONTWAIT, NULL, NULL) = -1 EAGAIN (Try again)
26983 1784116396.346190 recvfrom(69, 0x78b1ab9820, 2272, MSG_DONTWAIT, NULL, NULL) = -1 EAGAIN (Try again)
26983 1784116396.468255 recvfrom(44, 0x7fdfb6c660, 3200, MSG_DONTWAIT, NULL, NULL) = -1 EAGAIN (Try again)
26983 1784116396.476914 recvfrom(44, "nysv\0\0\0\0\0\0\0\0\0\0\0\0005U\10\254h\1\0\0+j\1\0\0\0\0\0", 3200, MSG_DONTWAIT, NULL, NULL) = 32
26983 1784116396.477287 recvfrom(44, 0x7fdfb6c500, 3200, MSG_DONTWAIT, NULL, NULL) = -1 EAGAIN (Try again)
26983 1784116396.477867 recvfrom(44, 0x7fdfb6ba50, 3200, MSG_DONTWAIT, NULL, NULL) = -1 EAGAIN (Try again)
26983 1784116396.492842 recvfrom(44, "nysv\0\0\0\0\0\0\0\0\0\0\0\0\255\310\6\255h\1\0\0,j\1\0\0\0\0\0", 3200, MSG_DONTWAIT, NULL, NULL) = 32
26983 1784116396.493318 recvfrom(44, 0x7fdfb6c500, 3200, MSG_DONTWAIT, NULL, NULL) = -1 EAGAIN (Try again)
26983 1784116396.493914 recvfrom(69, 0x78b1ab9820, 2272, MSG_DONTWAIT, NULL, NULL) = -1 EAGAIN (Try again)
26983 1784116396.622021 recvfrom(44, 0x7fdfb6c660, 3200, MSG_DONTWAIT, NULL, NULL) = -1 EAGAIN (Try again)
26983 1784116396.625869 recvfrom(44, "nysv\0\0\0\0\0\0\0\0\0\0\0\0\233S\371\264h\1\0\0004j\1\0\0\0\0\0", 3200, MSG_DONTWAIT, NULL, NULL) = 32
26983 1784116396.626085 recvfrom(44, 0x7fdfb6c500, 3200, MSG_DONTWAIT, NULL, NULL) = -1 EAGAIN (Try again)
26983 1784116396.626400 recvfrom(44, 0x7fdfb6ba50, 3200, MSG_DONTWAIT, NULL, NULL) = -1 EAGAIN (Try again)
26983 1784116396.642749 recvfrom(44, "nysv\0\0\0\0\0\0\0\0\0\0\0\0S\271\367\265h\1\0\0005j\1\0\0\0\0\0", 3200, MSG_DONTWAIT, NULL, NULL) = 32
26983 1784116396.643409 recvfrom(44, 0x7fdfb6c500, 3200, MSG_DONTWAIT, NULL, NULL) = -1 EAGAIN (Try again)
26983 1784116396.646316 recvfrom(69, 0x78b1ab9820, 2272, MSG_DONTWAIT, NULL, NULL) = -1 EAGAIN (Try again)
26983 1784116396.768149 recvfrom(44, 0x7fdfb6c660, 3200, MSG_DONTWAIT, NULL, NULL) = -1 EAGAIN (Try again)
26983 1784116396.776762 recvfrom(44, "nysv\0\0\0\0\0\0\0\0\0\0\0\0\236\340\350\275h\1\0\0=j\1\0\0\0\0\0", 3200, MSG_DONTWAIT, NULL, NULL) = 32
26983 1784116396.776933 recvfrom(44, 0x7fdfb6c500, 3200, MSG_DONTWAIT, NULL, NULL) = -1 EAGAIN (Try again)
26983 1784116396.777281 recvfrom(44, 0x7fdfb6ba50, 3200, MSG_DONTWAIT, NULL, NULL) = -1 EAGAIN (Try again)
26983 1784116396.792324 recvfrom(44, "nysv\0\0\0\0\0\0\0\0\0\0\0\0\244e\347\276h\1\0\0>j\1\0\0\0\0\0", 3200, MSG_DONTWAIT, NULL, NULL) = 32
26983 1784116396.792918 recvfrom(44, 0x7fdfb6c500, 3200, MSG_DONTWAIT, NULL, NULL) = -1 EAGAIN (Try again)
26983 1784116396.793207 recvfrom(69, 0x78b1ab9820, 2272, MSG_DONTWAIT, NULL, NULL) = -1 EAGAIN (Try again)
26983 1784116396.919512 recvfrom(44, 0x7fdfb6c660, 3200, MSG_DONTWAIT, NULL, NULL) = -1 EAGAIN (Try again)
26983 1784116396.926326 recvfrom(44, "nysv\0\0\0\0\0\0\0\0\0\0\0\0\366\301\330\306h\1\0\0Fj\1\0\0\0\0\0", 3200, MSG_DONTWAIT, NULL, NULL) = 32
26983 1784116396.926495 recvfrom(44, 0x7fdfb6c500, 3200, MSG_DONTWAIT, NULL, NULL) = -1 EAGAIN (Try again)
26983 1784116396.926827 recvfrom(44, 0x7fdfb6ba50, 3200, MSG_DONTWAIT, NULL, NULL) = -1 EAGAIN (Try again)
26983 1784116396.941894 recvfrom(44, "nysv\0\0\0\0\0\0\0\0\0\0\0\0K[\327\307h\1\0\0Gj\1\0\0\0\0\0", 3200, MSG_DONTWAIT, NULL, NULL) = 32
26983 1784116396.942531 recvfrom(44, 0x7fdfb6c500, 3200, MSG_DONTWAIT, NULL, NULL) = -1 EAGAIN (Try again)
26983 1784116396.945247 recvfrom(69, 0x78b1ab9820, 2272, MSG_DONTWAIT, NULL, NULL) = -1 EAGAIN (Try again)
26983 1784116397.068423 recvfrom(44, 0x7fdfb6c660, 3200, MSG_DONTWAIT, NULL, NULL) = -1 EAGAIN (Try again)
26983 1784116397.076257 recvfrom(44, "nysv\0\0\0\0\0\0\0\0\0\0\0\0\372h\310\317h\1\0\0Oj\1\0\0\0\0\0", 3200, MSG_DONTWAIT, NULL, NULL) = 32
26983 1784116397.077107 recvfrom(44, 0x7fdfb6c500, 3200, MSG_DONTWAIT, NULL, NULL) = -1 EAGAIN (Try again)
26983 1784116397.078054 recvfrom(44, 0x7fdfb6ba50, 3200, MSG_DONTWAIT, NULL, NULL) = -1 EAGAIN (Try again)
26983 1784116397.094460 recvfrom(44, "nysv\0\0\0\0\0\0\0\0\0\0\0\0\340\237\306\320h\1\0\0Pj\1\0\0\0\0\0", 3200, MSG_DONTWAIT, NULL, NULL) = 32
26983 1784116397.094972 recvfrom(44, 0x7fdfb6c500, 3200, MSG_DONTWAIT, NULL, NULL) = -1 EAGAIN (Try again)
26983 1784116397.095826 recvfrom(69, 0x78b1ab9820, 2272, MSG_DONTWAIT, NULL, NULL) = -1 EAGAIN (Try again)
26983 1784116397.220643 recvfrom(44, 0x7fdfb6c660, 3200, MSG_DONTWAIT, NULL, NULL) = -1 EAGAIN (Try again)
26983 1784116397.225589 recvfrom(44, "nysv\0\0\0\0\0\0\0\0\0\0\0\0<=\270\330h\1\0\0Xj\1\0\0\0\0\0", 3200, MSG_DONTWAIT, NULL, NULL) = 32
26983 1784116397.225886 recvfrom(44, 0x7fdfb6c500, 3200, MSG_DONTWAIT, NULL, NULL) = -1 EAGAIN (Try again)
26983 1784116397.226326 recvfrom(44, 0x7fdfb6ba50, 3200, MSG_DONTWAIT, NULL, NULL) = -1 EAGAIN (Try again)
26983 1784116397.242725 recvfrom(44, "nysv\0\0\0\0\0\0\0\0\0\0\0\0\24\307\266\331h\1\0\0Yj\1\0\0\0\0\0", 3200, MSG_DONTWAIT, NULL, NULL) = 32
26983 1784116397.242983 recvfrom(44, 0x7fdfb6c500, 3200, MSG_DONTWAIT, NULL, NULL) = -1 EAGAIN (Try again)
26983 1784116397.243386 recvfrom(69, 0x78b1ab9820, 2272, MSG_DONTWAIT, NULL, NULL) = -1 EAGAIN (Try again)
26983 1784116397.368849 recvfrom(44, 0x7fdfb6c660, 3200, MSG_DONTWAIT, NULL, NULL) = -1 EAGAIN (Try again)
26983 1784116397.376547 recvfrom(44, "nysv\0\0\0\0\0\0\0\0\0\0\0\0\255\2\250\341h\1\0\0aj\1\0\0\0\0\0", 3200, MSG_DONTWAIT, NULL, NULL) = 32
26983 1784116397.376981 recvfrom(44, 0x7fdfb6c500, 3200, MSG_DONTWAIT, NULL, NULL) = -1 EAGAIN (Try again)
26983 1784116397.377662 recvfrom(44, 0x7fdfb6ba50, 3200, MSG_DONTWAIT, NULL, NULL) = -1 EAGAIN (Try again)
26983 1784116397.393854 recvfrom(44, "nysv\0\0\0\0\0\0\0\0\0\0\0\0000I\246\342h\1\0\0bj\1\0\0\0\0\0", 3200, MSG_DONTWAIT, NULL, NULL) = 32
26983 1784116397.394160 recvfrom(44, 0x7fdfb6c500, 3200, MSG_DONTWAIT, NULL, NULL) = -1 EAGAIN (Try again)
26983 1784116397.394887 recvfrom(69, 0x78b1ab9820, 2272, MSG_DONTWAIT, NULL, NULL) = -1 EAGAIN (Try again)
26983 1784116397.520672 recvfrom(44, 0x7fdfb6c660, 3200, MSG_DONTWAIT, NULL, NULL) = -1 EAGAIN (Try again)
26983 1784116397.525097 recvfrom(44, "nysv\0\0\0\0\0\0\0\0\0\0\0\0o\37\231\352h\1\0\0jj\1\0\0\0\0\0", 3200, MSG_DONTWAIT, NULL, NULL) = 32
26983 1784116397.526411 recvfrom(44, 0x7fdfb6c500, 3200, MSG_DONTWAIT, NULL, NULL) = -1 EAGAIN (Try again)
26983 1784116397.527585 recvfrom(44, 0x7fdfb6ba50, 3200, MSG_DONTWAIT, NULL, NULL) = -1 EAGAIN (Try again)
26983 1784116397.543304 recvfrom(44, "nysv\0\0\0\0\0\0\0\0\0\0\0\0\7v\227\353h\1\0\0kj\1\0\0\0\0\0", 3200, MSG_DONTWAIT, NULL, NULL) = 32
26983 1784116397.543749 recvfrom(44, 0x7fdfb6c500, 3200, MSG_DONTWAIT, NULL, NULL) = -1 EAGAIN (Try again)
26983 1784116397.544736 recvfrom(69, 0x78b1ab9820, 2272, MSG_DONTWAIT, NULL, NULL) = -1 EAGAIN (Try again)
26983 1784116397.669511 recvfrom(44, 0x7fdfb6c660, 3200, MSG_DONTWAIT, NULL, NULL) = -1 EAGAIN (Try again)
26983 1784116397.676015 recvfrom(44, "nysv\0\0\0\0\0\0\0\0\0\0\0\0\342\3\212\363h\1\0\0sj\1\0\0\0\0\0", 3200, MSG_DONTWAIT, NULL, NULL) = 32
26983 1784116397.676248 recvfrom(44, 0x7fdfb6c500, 3200, MSG_DONTWAIT, NULL, NULL) = -1 EAGAIN (Try again)
26983 1784116397.676599 recvfrom(44, 0x7fdfb6ba50, 3200, MSG_DONTWAIT, NULL, NULL) = -1 EAGAIN (Try again)
26983 1784116397.692962 recvfrom(44, "nysv\0\0\0\0\0\0\0\0\0\0\0\0\252i\210\364h\1\0\0tj\1\0\0\0\0\0", 3200, MSG_DONTWAIT, NULL, NULL) = 32
26983 1784116397.693601 recvfrom(44, 0x7fdfb6c500, 3200, MSG_DONTWAIT, NULL, NULL) = -1 EAGAIN (Try again)
26983 1784116397.694222 recvfrom(69, 0x78b1ab9820, 2272, MSG_DONTWAIT, NULL, NULL) = -1 EAGAIN (Try again)
26983 1784116397.818846 recvfrom(44, 0x7fdfb6c660, 3200, MSG_DONTWAIT, NULL, NULL) = -1 EAGAIN (Try again)
26983 1784116397.825701 recvfrom(44, "nysv\0\0\0\0\0\0\0\0\0\0\0\0 \241z\374h\1\0\0|j\1\0\0\0\0\0", 3200, MSG_DONTWAIT, NULL, NULL) = 32
26983 1784116397.826089 recvfrom(44, 0x7fdfb6c500, 3200, MSG_DONTWAIT, NULL, NULL) = -1 EAGAIN (Try again)
26983 1784116397.826673 recvfrom(44, 0x7fdfb6ba50, 3200, MSG_DONTWAIT, NULL, NULL) = -1 EAGAIN (Try again)
26983 1784116397.841970 recvfrom(44, "nysv\0\0\0\0\0\0\0\0\0\0\0\0?8y\375h\1\0\0}j\1\0\0\0\0\0", 3200, MSG_DONTWAIT, NULL, NULL) = 32
26983 1784116397.842206 recvfrom(44, 0x7fdfb6c500, 3200, MSG_DONTWAIT, NULL, NULL) = -1 EAGAIN (Try again)
26983 1784116397.842607 recvfrom(69, 0x78b1ab9820, 2272, MSG_DONTWAIT, NULL, NULL) = -1 EAGAIN (Try again)
26983 1784116397.970209 recvfrom(44, 0x7fdfb6c660, 3200, MSG_DONTWAIT, NULL, NULL) = -1 EAGAIN (Try again)
26983 1784116397.976050 recvfrom(44, "nysv\0\0\0\0\0\0\0\0\0\0\0\0\243\246k\5i\1\0\0\205j\1\0\0\0\0\0", 3200, MSG_DONTWAIT, NULL, NULL) = 32
26983 1784116397.976404 recvfrom(44, 0x7fdfb6c500, 3200, MSG_DONTWAIT, NULL, NULL) = -1 EAGAIN (Try again)
26983 1784116397.976970 recvfrom(44, 0x7fdfb6ba50, 3200, MSG_DONTWAIT, NULL, NULL) = -1 EAGAIN (Try again)
26983 1784116397.993600 recvfrom(44, "nysv\0\0\0\0\0\0\0\0\0\0\0\0p\362i\6i\1\0\0\206j\1\0\0\0\0\0", 3200, MSG_DONTWAIT, NULL, NULL) = 32
26983 1784116397.994036 recvfrom(44, 0x7fdfb6c500, 3200, MSG_DONTWAIT, NULL, NULL) = -1 EAGAIN (Try again)
26983 1784116397.994732 recvfrom(69, 0x78b1ab9820, 2272, MSG_DONTWAIT, NULL, NULL) = -1 EAGAIN (Try again)
26983 1784116398.120100 recvfrom(44, 0x7fdfb6c660, 3200, MSG_DONTWAIT, NULL, NULL) = -1 EAGAIN (Try again)
26983 1784116398.126063 recvfrom(44, "nysv\0\0\0\0\0\0\0\0\0\0\0\0\337+\\\16i\1\0\0\216j\1\0\0\0\0\0", 3200, MSG_DONTWAIT, NULL, NULL) = 32
26983 1784116398.126438 recvfrom(44, 0x7fdfb6c500, 3200, MSG_DONTWAIT, NULL, NULL) = -1 EAGAIN (Try again)
26983 1784116398.126769 recvfrom(44, 0x7fdfb6ba50, 3200, MSG_DONTWAIT, NULL, NULL) = -1 EAGAIN (Try again)
26983 1784116398.144378 recvfrom(44, "nysv\0\0\0\0\0\0\0\0\0\0\0\0\222`Z\17i\1\0\0\217j\1\0\0\0\0\0", 3200, MSG_DONTWAIT, NULL, NULL) = 32
26983 1784116398.144634 recvfrom(44, 0x7fdfb6c500, 3200, MSG_DONTWAIT, NULL, NULL) = -1 EAGAIN (Try again)
26983 1784116398.145228 recvfrom(69, 0x78b1ab9820, 2272, MSG_DONTWAIT, NULL, NULL) = -1 EAGAIN (Try again)
26983 1784116398.268532 recvfrom(44, 0x7fdfb6c660, 3200, MSG_DONTWAIT, NULL, NULL) = -1 EAGAIN (Try again)
26983 1784116398.276134 recvfrom(44, "nysv\0\0\0\0\0\0\0\0\0\0\0\0\373\361L\27i\1\0\0\227j\1\0\0\0\0\0", 3200, MSG_DONTWAIT, NULL, NULL) = 32
26983 1784116398.276368 recvfrom(44, 0x7fdfb6c500, 3200, MSG_DONTWAIT, NULL, NULL) = -1 EAGAIN (Try again)
26983 1784116398.276760 recvfrom(44, 0x7fdfb6ba50, 3200, MSG_DONTWAIT, NULL, NULL) = -1 EAGAIN (Try again)
26983 1784116398.293210 recvfrom(44, "nysv\0\0\0\0\0\0\0\0\0\0\0\0%BK\30i\1\0\0\230j\1\0\0\0\0\0", 3200, MSG_DONTWAIT, NULL, NULL) = 32
26983 1784116398.294189 recvfrom(44, 0x7fdfb6c500, 3200, MSG_DONTWAIT, NULL, NULL) = -1 EAGAIN (Try again)
26983 1784116398.298815 recvfrom(69, 0x78b1ab9820, 2272, MSG_DONTWAIT, NULL, NULL) = -1 EAGAIN (Try again)
26983 1784116398.418770 recvfrom(44, 0x7fdfb6c660, 3200, MSG_DONTWAIT, NULL, NULL) = -1 EAGAIN (Try again)
26983 1784116398.426339 recvfrom(44, "nysv\0\0\0\0\0\0\0\0\0\0\0\0\344\355= i\1\0\0\240j\1\0\0\0\0\0", 3200, MSG_DONTWAIT, NULL, NULL) = 32
26983 1784116398.426612 recvfrom(44, 0x7fdfb6c500, 3200, MSG_DONTWAIT, NULL, NULL) = -1 EAGAIN (Try again)
26983 1784116398.427199 recvfrom(44, 0x7fdfb6ba50, 3200, MSG_DONTWAIT, NULL, NULL) = -1 EAGAIN (Try again)
26983 1784116398.442838 recvfrom(44, "nysv\0\0\0\0\0\0\0\0\0\0\0\0\301Z<!i\1\0\0\241j\1\0\0\0\0\0", 3200, MSG_DONTWAIT, NULL, NULL) = 32
26983 1784116398.444369 recvfrom(44, 0x7fdfb6c500, 3200, MSG_DONTWAIT, NULL, NULL) = -1 EAGAIN (Try again)
26983 1784116398.445771 recvfrom(69, 0x78b1ab9820, 2272, MSG_DONTWAIT, NULL, NULL) = -1 EAGAIN (Try again)
26983 1784116398.569775 recvfrom(44, 0x7fdfb6c660, 3200, MSG_DONTWAIT, NULL, NULL) = -1 EAGAIN (Try again)
26983 1784116398.575521 recvfrom(44, "nysv\0\0\0\0\0\0\0\0\0\0\0\0\253\300.)i\1\0\0\251j\1\0\0\0\0\0", 3200, MSG_DONTWAIT, NULL, NULL) = 32
26983 1784116398.575862 recvfrom(44, 0x7fdfb6c500, 3200, MSG_DONTWAIT, NULL, NULL) = -1 EAGAIN (Try again)
26983 1784116398.576389 recvfrom(44, 0x7fdfb6ba50, 3200, MSG_DONTWAIT, NULL, NULL) = -1 EAGAIN (Try again)
26983 1784116398.594187 recvfrom(44, "nysv\0\0\0\0\0\0\0\0\0\0\0\0\364'-*i\1\0\0\252j\1\0\0\0\0\0", 3200, MSG_DONTWAIT, NULL, NULL) = 32
26983 1784116398.594750 recvfrom(44, 0x7fdfb6c500, 3200, MSG_DONTWAIT, NULL, NULL) = -1 EAGAIN (Try again)
26983 1784116398.595752 recvfrom(69, 0x78b1ab9820, 2272, MSG_DONTWAIT, NULL, NULL) = -1 EAGAIN (Try again)
26983 1784116398.722108 recvfrom(44, 0x7fdfb6c660, 3200, MSG_DONTWAIT, NULL, NULL) = -1 EAGAIN (Try again)
26983 1784116398.744953 recvfrom(44, "nysv\0\0\0\0\0\0\0\0\0\0\0\0z\246\0353i\1\0\0\263j\1\0\0\0\0\0", 3200, MSG_DONTWAIT, NULL, NULL) = 32
26983 1784116398.756079 recvfrom(44, 0x7fdfb6c500, 3200, MSG_DONTWAIT, NULL, NULL) = -1 EAGAIN (Try again)
26983 1784116398.756842 recvfrom(44, 0x7fdfb6ba50, 3200, MSG_DONTWAIT, NULL, NULL) = -1 EAGAIN (Try again)
26983 1784116398.771557 recvfrom(44, "nysv\0\0\0\0\0\0\0\0\0\0\0\0A'\0344i\1\0\0\264j\1\0\0\0\0\0", 3200, MSG_DONTWAIT, NULL, NULL) = 32
26983 1784116398.772466 recvfrom(44, 0x7fdfb6c500, 3200, MSG_DONTWAIT, NULL, NULL) = -1 EAGAIN (Try again)
26983 1784116398.773353 recvfrom(69, 0x78b1ab9820, 2272, MSG_DONTWAIT, NULL, NULL) = -1 EAGAIN (Try again)
26983 1784116398.899892 recvfrom(44, 0x7fdfb6c660, 3200, MSG_DONTWAIT, NULL, NULL) = -1 EAGAIN (Try again)
26983 1784116398.908925 recvfrom(44, "nysv\0\0\0\0\0\0\0\0\0\0\0\0\217\377\f=i\1\0\0\275j\1\0\0\0\0\0", 3200, MSG_DONTWAIT, NULL, NULL) = 32
26983 1784116398.909148 recvfrom(44, 0x7fdfb6c500, 3200, MSG_DONTWAIT, NULL, NULL) = -1 EAGAIN (Try again)
26983 1784116398.909770 recvfrom(44, 0x7fdfb6ba50, 3200, MSG_DONTWAIT, NULL, NULL) = -1 EAGAIN (Try again)
26983 1784116398.926097 recvfrom(44, "nysv\0\0\0\0\0\0\0\0\0\0\0\0S\216\v>i\1\0\0\276j\1\0\0\0\0\0", 3200, MSG_DONTWAIT, NULL, NULL) = 32
26983 1784116398.926493 recvfrom(44, 0x7fdfb6c500, 3200, MSG_DONTWAIT, NULL, NULL) = -1 EAGAIN (Try again)
26983 1784116398.929303 recvfrom(69, 0x78b1ab9820, 2272, MSG_DONTWAIT, NULL, NULL) = -1 EAGAIN (Try again)
26983 1784116399.053542 recvfrom(44, 0x7fdfb6c660, 3200, MSG_DONTWAIT, NULL, NULL) = -1 EAGAIN (Try again)
26983 1784116399.059352 recvfrom(44, "nysv\0\0\0\0\0\0\0\0\0\0\0\0\256\270\375Ei\1\0\0\306j\1\0\0\0\0\0", 3200, MSG_DONTWAIT, NULL, NULL) = 32
26983 1784116399.059827 recvfrom(44, 0x7fdfb6c500, 3200, MSG_DONTWAIT, NULL, NULL) = -1 EAGAIN (Try again)
26983 1784116399.060503 recvfrom(44, 0x7fdfb6ba50, 3200, MSG_DONTWAIT, NULL, NULL) = -1 EAGAIN (Try again)
26983 1784116399.077385 recvfrom(44, "nysv\0\0\0\0\0\0\0\0\0\0\0\0\330\10\374Fi\1\0\0\307j\1\0\0\0\0\0", 3200, MSG_DONTWAIT, NULL, NULL) = 32
26983 1784116399.077840 recvfrom(44, 0x7fdfb6c500, 3200, MSG_DONTWAIT, NULL, NULL) = -1 EAGAIN (Try again)
26983 1784116399.078549 recvfrom(69, 0x78b1ab9820, 2272, MSG_DONTWAIT, NULL, NULL) = -1 EAGAIN (Try again)
26983 1784116399.202893 recvfrom(44, 0x7fdfb6c660, 3200, MSG_DONTWAIT, NULL, NULL) = -1 EAGAIN (Try again)
26983 1784116399.209770 recvfrom(44, "nysv\0\0\0\0\0\0\0\0\0\0\0\0\202\226\356Ni\1\0\0\317j\1\0\0\0\0\0", 3200, MSG_DONTWAIT, NULL, NULL) = 32
26983 1784116399.210111 recvfrom(44, 0x7fdfb6c500, 3200, MSG_DONTWAIT, NULL, NULL) = -1 EAGAIN (Try again)
26983 1784116399.210734 recvfrom(44, 0x7fdfb6ba50, 3200, MSG_DONTWAIT, NULL, NULL) = -1 EAGAIN (Try again)
26983 1784116399.227697 recvfrom(44, "nysv\0\0\0\0\0\0\0\0\0\0\0\0\330\313\354Oi\1\0\0\320j\1\0\0\0\0\0", 3200, MSG_DONTWAIT, NULL, NULL) = 32
26983 1784116399.228374 recvfrom(44, 0x7fdfb6c500, 3200, MSG_DONTWAIT, NULL, NULL) = -1 EAGAIN (Try again)
26983 1784116399.229381 recvfrom(69, 0x78b1ab9820, 2272, MSG_DONTWAIT, NULL, NULL) = -1 EAGAIN (Try again)
26983 1784116399.352993 recvfrom(44, 0x7fdfb6c660, 3200, MSG_DONTWAIT, NULL, NULL) = -1 EAGAIN (Try again)
26983 1784116399.359456 recvfrom(44, "nysv\0\0\0\0\0\0\0\0\0\0\0\0\26U\337Wi\1\0\0\330j\1\0\0\0\0\0", 3200, MSG_DONTWAIT, NULL, NULL) = 32
26983 1784116399.359815 recvfrom(44, 0x7fdfb6c500, 3200, MSG_DONTWAIT, NULL, NULL) = -1 EAGAIN (Try again)
26983 1784116399.360404 recvfrom(44, 0x7fdfb6ba50, 3200, MSG_DONTWAIT, NULL, NULL) = -1 EAGAIN (Try again)
26983 1784116399.375429 recvfrom(44, "nysv\0\0\0\0\0\0\0\0\0\0\0\0\"\364\335Xi\1\0\0\331j\1\0\0\0\0\0", 3200, MSG_DONTWAIT, NULL, NULL) = 32
26983 1784116399.375928 recvfrom(44, 0x7fdfb6c500, 3200, MSG_DONTWAIT, NULL, NULL) = -1 EAGAIN (Try again)
26983 1784116399.376423 recvfrom(69, 0x78b1ab9820, 2272, MSG_DONTWAIT, NULL, NULL) = -1 EAGAIN (Try again)
26983 1784116399.503322 recvfrom(44, 0x7fdfb6c660, 3200, MSG_DONTWAIT, NULL, NULL) = -1 EAGAIN (Try again)
26983 1784116399.508519 recvfrom(44, "nysv\0\0\0\0\0\0\0\0\0\0\0\0\244\247\320`i\1\0\0\341j\1\0\0\0\0\0", 3200, MSG_DONTWAIT, NULL, NULL) = 32
26983 1784116399.508807 recvfrom(44, 0x7fdfb6c500, 3200, MSG_DONTWAIT, NULL, NULL) = -1 EAGAIN (Try again)
26983 1784116399.509139 recvfrom(44, 0x7fdfb6ba50, 3200, MSG_DONTWAIT, NULL, NULL) = -1 EAGAIN (Try again)
26983 1784116399.525766 recvfrom(44, "nysv\0\0\0\0\0\0\0\0\0\0\0\0\24&\317ai\1\0\0\342j\1\0\0\0\0\0", 3200, MSG_DONTWAIT, NULL, NULL) = 32
26983 1784116399.526524 recvfrom(44, 0x7fdfb6c500, 3200, MSG_DONTWAIT, NULL, NULL) = -1 EAGAIN (Try again)
26983 1784116399.526818 recvfrom(69, 0x78b1ab9820, 2272, MSG_DONTWAIT, NULL, NULL) = -1 EAGAIN (Try again)
26983 1784116399.652378 recvfrom(44, 0x7fdfb6c660, 3200, MSG_DONTWAIT, NULL, NULL) = -1 EAGAIN (Try again)
26983 1784116399.659548 recvfrom(44, "nysv\0\0\0\0\0\0\0\0\0\0\0\0qL\301ii\1\0\0\352j\1\0\0\0\0\0", 3200, MSG_DONTWAIT, NULL, NULL) = 32
26983 1784116399.659774 recvfrom(44, 0x7fdfb6c500, 3200, MSG_DONTWAIT, NULL, NULL) = -1 EAGAIN (Try again)
26983 1784116399.660163 recvfrom(44, 0x7fdfb6ba50, 3200, MSG_DONTWAIT, NULL, NULL) = -1 EAGAIN (Try again)
26983 1784116399.675752 recvfrom(44, "nysv\0\0\0\0\0\0\0\0\0\0\0\0\233\234\277ji\1\0\0\353j\1\0\0\0\0\0", 3200, MSG_DONTWAIT, NULL, NULL) = 32
26983 1784116399.676235 recvfrom(44, 0x7fdfb6c500, 3200, MSG_DONTWAIT, NULL, NULL) = -1 EAGAIN (Try again)
26983 1784116399.679877 recvfrom(69, 0x78b1ab9820, 2272, MSG_DONTWAIT, NULL, NULL) = -1 EAGAIN (Try again)
26983 1784116399.802817 recvfrom(44, 0x7fdfb6c660, 3200, MSG_DONTWAIT, NULL, NULL) = -1 EAGAIN (Try again)
26983 1784116399.808904 recvfrom(44, "nysv\0\0\0\0\0\0\0\0\0\0\0\0\36\372\261ri\1\0\0\363j\1\0\0\0\0\0", 3200, MSG_DONTWAIT, NULL, NULL) = 32
26983 1784116399.809252 recvfrom(44, 0x7fdfb6c500, 3200, MSG_DONTWAIT, NULL, NULL) = -1 EAGAIN (Try again)
26983 1784116399.809933 recvfrom(44, 0x7fdfb6ba50, 3200, MSG_DONTWAIT, NULL, NULL) = -1 EAGAIN (Try again)
26983 1784116399.828827 recvfrom(44, "nysv\0\0\0\0\0\0\0\0\0\0\0\0_J\260si\1\0\0\364j\1\0\0\0\0\0", 3200, MSG_DONTWAIT, NULL, NULL) = 32
26983 1784116399.830320 recvfrom(44, 0x7fdfb6c500, 3200, MSG_DONTWAIT, NULL, NULL) = -1 EAGAIN (Try again)
26983 1784116399.831241 recvfrom(69, 0x78b1ab9820, 2272, MSG_DONTWAIT, NULL, NULL) = -1 EAGAIN (Try again)
26983 1784116399.953733 recvfrom(44, 0x7fdfb6c660, 3200, MSG_DONTWAIT, NULL, NULL) = -1 EAGAIN (Try again)
26983 1784116399.959385 recvfrom(44, "nysv\0\0\0\0\0\0\0\0\0\0\0\0\314\252\242{i\1\0\0\374j\1\0\0\0\0\0", 3200, MSG_DONTWAIT, NULL, NULL) = 32
26983 1784116399.959739 recvfrom(44, 0x7fdfb6c500, 3200, MSG_DONTWAIT, NULL, NULL) = -1 EAGAIN (Try again)
26983 1784116399.960413 recvfrom(44, 0x7fdfb6ba50, 3200, MSG_DONTWAIT, NULL, NULL) = -1 EAGAIN (Try again)
26983 1784116399.977968 recvfrom(44, "nysv\0\0\0\0\0\0\0\0\0\0\0\0v\325\240|i\1\0\0\375j\1\0\0\0\0\0", 3200, MSG_DONTWAIT, NULL, NULL) = 32
26983 1784116399.978389 recvfrom(44, 0x7fdfb6c500, 3200, MSG_DONTWAIT, NULL, NULL) = -1 EAGAIN (Try again)
26983 1784116399.979178 recvfrom(69, 0x78b1ab9820, 2272, MSG_DONTWAIT, NULL, NULL) = -1 EAGAIN (Try again)
26983 1784116400.102720 recvfrom(44, 0x7fdfb6c660, 3200, MSG_DONTWAIT, NULL, NULL) = -1 EAGAIN (Try again)
26983 1784116400.108985 recvfrom(44, "nysv\0\0\0\0\0\0\0\0\0\0\0\0\312\226\223\204i\1\0\0\5k\1\0\0\0\0\0", 3200, MSG_DONTWAIT, NULL, NULL) = 32
26983 1784116400.109457 recvfrom(44, 0x7fdfb6c500, 3200, MSG_DONTWAIT, NULL, NULL) = -1 EAGAIN (Try again)
26983 1784116400.110124 recvfrom(44, 0x7fdfb6ba50, 3200, MSG_DONTWAIT, NULL, NULL) = -1 EAGAIN (Try again)
26983 1784116400.127844 recvfrom(44, "nysv\0\0\0\0\0\0\0\0\0\0\0\0\305\357\221\205i\1\0\0\6k\1\0\0\0\0\0", 3200, MSG_DONTWAIT, NULL, NULL) = 32
26983 1784116400.128446 recvfrom(44, 0x7fdfb6c500, 3200, MSG_DONTWAIT, NULL, NULL) = -1 EAGAIN (Try again)
26983 1784116400.129247 recvfrom(69, 0x78b1ab9820, 2272, MSG_DONTWAIT, NULL, NULL) = -1 EAGAIN (Try again)
26983 1784116400.253744 recvfrom(44, 0x7fdfb6c660, 3200, MSG_DONTWAIT, NULL, NULL) = -1 EAGAIN (Try again)
26983 1784116400.259841 recvfrom(44, "nysv\0\0\0\0\0\0\0\0\0\0\0\0\276Q\204\215i\1\0\0\16k\1\0\0\0\0\0", 3200, MSG_DONTWAIT, NULL, NULL) = 32
26983 1784116400.260477 recvfrom(44, 0x7fdfb6c500, 3200, MSG_DONTWAIT, NULL, NULL) = -1 EAGAIN (Try again)
26983 1784116400.261221 recvfrom(44, 0x7fdfb6ba50, 3200, MSG_DONTWAIT, NULL, NULL) = -1 EAGAIN (Try again)
26983 1784116400.277158 recvfrom(44, "nysv\0\0\0\0\0\0\0\0\0\0\0\0\261\241\202\216i\1\0\0\17k\1\0\0\0\0\0", 3200, MSG_DONTWAIT, NULL, NULL) = 32
26983 1784116400.277526 recvfrom(44, 0x7fdfb6c500, 3200, MSG_DONTWAIT, NULL, NULL) = -1 EAGAIN (Try again)
26983 1784116400.280076 recvfrom(69, 0x78b1ab9820, 2272, MSG_DONTWAIT, NULL, NULL) = -1 EAGAIN (Try again)
26983 1784116400.403767 recvfrom(44, 0x7fdfb6c660, 3200, MSG_DONTWAIT, NULL, NULL) = -1 EAGAIN (Try again)
26983 1784116400.409297 recvfrom(44, "nysv\0\0\0\0\0\0\0\0\0\0\0\0\317\31u\226i\1\0\0\27k\1\0\0\0\0\0", 3200, MSG_DONTWAIT, NULL, NULL) = 32
26983 1784116400.409665 recvfrom(44, 0x7fdfb6c500, 3200, MSG_DONTWAIT, NULL, NULL) = -1 EAGAIN (Try again)
26983 1784116400.410210 recvfrom(44, 0x7fdfb6ba50, 3200, MSG_DONTWAIT, NULL, NULL) = -1 EAGAIN (Try again)
26983 1784116400.428767 recvfrom(44, "nysv\0\0\0\0\0\0\0\0\0\0\0\0\fGs\227i\1\0\0\30k\1\0\0\0\0\0", 3200, MSG_DONTWAIT, NULL, NULL) = 32
26983 1784116400.429424 recvfrom(44, 0x7fdfb6c500, 3200, MSG_DONTWAIT, NULL, NULL) = -1 EAGAIN (Try again)
26983 1784116400.432710 recvfrom(69, 0x78b1ab9820, 2272, MSG_DONTWAIT, NULL, NULL) = -1 EAGAIN (Try again)
26983 1784116400.553826 recvfrom(44, 0x7fdfb6c660, 3200, MSG_DONTWAIT, NULL, NULL) = -1 EAGAIN (Try again)
26983 1784116400.558364 recvfrom(44, "nysv\0\0\0\0\0\0\0\0\0\0\0\0\261\327f\237i\1\0\0 k\1\0\0\0\0\0", 3200, MSG_DONTWAIT, NULL, NULL) = 32
26983 1784116400.558708 recvfrom(44, 0x7fdfb6c500, 3200, MSG_DONTWAIT, NULL, NULL) = -1 EAGAIN (Try again)
26983 1784116400.559047 recvfrom(44, 0x7fdfb6ba50, 3200, MSG_DONTWAIT, NULL, NULL) = -1 EAGAIN (Try again)
26983 1784116400.575932 recvfrom(44, "nysv\0\0\0\0\0\0\0\0\0\0\0\0\16le\240i\1\0\0!k\1\0\0\0\0\0", 3200, MSG_DONTWAIT, NULL, NULL) = 32
26983 1784116400.576399 recvfrom(44, 0x7fdfb6c500, 3200, MSG_DONTWAIT, NULL, NULL) = -1 EAGAIN (Try again)
26983 1784116400.579394 recvfrom(69, 0x78b1ab9820, 2272, MSG_DONTWAIT, NULL, NULL) = -1 EAGAIN (Try again)
26983 1784116400.701703 recvfrom(44, 0x7fdfb6c660, 3200, MSG_DONTWAIT, NULL, NULL) = -1 EAGAIN (Try again)
26983 1784116400.708849 recvfrom(44, "nysv\0\0\0\0\0\0\0\0\0\0\0\0\365\337V\250i\1\0\0)k\1\0\0\0\0\0", 3200, MSG_DONTWAIT, NULL, NULL) = 32
26983 1784116400.709082 recvfrom(44, 0x7fdfb6c500, 3200, MSG_DONTWAIT, NULL, NULL) = -1 EAGAIN (Try again)
26983 1784116400.709545 recvfrom(44, 0x7fdfb6ba50, 3200, MSG_DONTWAIT, NULL, NULL) = -1 EAGAIN (Try again)
26983 1784116400.726019 recvfrom(44, "nysv\0\0\0\0\0\0\0\0\0\0\0\0\25XU\251i\1\0\0*k\1\0\0\0\0\0", 3200, MSG_DONTWAIT, NULL, NULL) = 32
26983 1784116400.726445 recvfrom(44, 0x7fdfb6c500, 3200, MSG_DONTWAIT, NULL, NULL) = -1 EAGAIN (Try again)
26983 1784116400.727552 recvfrom(69, 0x78b1ab9820, 2272, MSG_DONTWAIT, NULL, NULL) = -1 EAGAIN (Try again)
26983 1784116400.852758 recvfrom(44, 0x7fdfb6c660, 3200, MSG_DONTWAIT, NULL, NULL) = -1 EAGAIN (Try again)
26983 1784116400.859093 recvfrom(44, "nysv\0\0\0\0\0\0\0\0\0\0\0\0\276\10H\261i\1\0\0002k\1\0\0\0\0\0", 3200, MSG_DONTWAIT, NULL, NULL) = 32
26983 1784116400.859691 recvfrom(44, 0x7fdfb6c500, 3200, MSG_DONTWAIT, NULL, NULL) = -1 EAGAIN (Try again)
26983 1784116400.860258 recvfrom(44, 0x7fdfb6ba50, 3200, MSG_DONTWAIT, NULL, NULL) = -1 EAGAIN (Try again)
26983 1784116400.877081 recvfrom(44, "nysv\0\0\0\0\0\0\0\0\0\0\0\0:8F\262i\1\0\0003k\1\0\0\0\0\0", 3200, MSG_DONTWAIT, NULL, NULL) = 32
26983 1784116400.877522 recvfrom(44, 0x7fdfb6c500, 3200, MSG_DONTWAIT, NULL, NULL) = -1 EAGAIN (Try again)
26983 1784116400.878296 recvfrom(69, 0x78b1ab9820, 2272, MSG_DONTWAIT, NULL, NULL) = -1 EAGAIN (Try again)
26983 1784116401.002336 recvfrom(44, 0x7fdfb6c660, 3200, MSG_DONTWAIT, NULL, NULL) = -1 EAGAIN (Try again)
26983 1784116401.008784 recvfrom(44, "nysv\0\0\0\0\0\0\0\0\0\0\0\0\214\339\272i\1\0\0;k\1\0\0\0\0\0", 3200, MSG_DONTWAIT, NULL, NULL) = 32
26983 1784116401.010145 recvfrom(44, 0x7fdfb6c500, 3200, MSG_DONTWAIT, NULL, NULL) = -1 EAGAIN (Try again)
26983 1784116401.010835 recvfrom(44, 0x7fdfb6ba50, 3200, MSG_DONTWAIT, NULL, NULL) = -1 EAGAIN (Try again)
26983 1784116401.025809 recvfrom(44, "nysv\0\0\0\0\0\0\0\0\0\0\0\0?\2607\273i\1\0\0<k\1\0\0\0\0\0", 3200, MSG_DONTWAIT, NULL, NULL) = 32
26983 1784116401.026114 recvfrom(44, 0x7fdfb6c500, 3200, MSG_DONTWAIT, NULL, NULL) = -1 EAGAIN (Try again)
26983 1784116401.026774 recvfrom(69, 0x78b1ab9820, 2272, MSG_DONTWAIT, NULL, NULL) = -1 EAGAIN (Try again)
26983 1784116401.154085 recvfrom(44, 0x7fdfb6c660, 3200, MSG_DONTWAIT, NULL, NULL) = -1 EAGAIN (Try again)
26983 1784116401.159264 recvfrom(44, "nysv\0\0\0\0\0\0\0\0\0\0\0\0Q\t*\303i\1\0\0Dk\1\0\0\0\0\0", 3200, MSG_DONTWAIT, NULL, NULL) = 32
26983 1784116401.159755 recvfrom(44, 0x7fdfb6c500, 3200, MSG_DONTWAIT, NULL, NULL) = -1 EAGAIN (Try again)
26983 1784116401.160716 recvfrom(44, 0x7fdfb6ba50, 3200, MSG_DONTWAIT, NULL, NULL) = -1 EAGAIN (Try again)
26983 1784116401.178247 recvfrom(44, "nysv\0\0\0\0\0\0\0\0\0\0\0\0\335\366'\304i\1\0\0Ek\1\0\0\0\0\0", 3200, MSG_DONTWAIT, NULL, NULL) = 32
26983 1784116401.178799 recvfrom(44, 0x7fdfb6c500, 3200, MSG_DONTWAIT, NULL, NULL) = -1 EAGAIN (Try again)
26983 1784116401.179757 recvfrom(69, 0x78b1ab9820, 2272, MSG_DONTWAIT, NULL, NULL) = -1 EAGAIN (Try again)
26983 1784116401.304187 recvfrom(44, 0x7fdfb6c660, 3200, MSG_DONTWAIT, NULL, NULL) = -1 EAGAIN (Try again)
26983 1784116401.309311 recvfrom(44, "nysv\0\0\0\0\0\0\0\0\0\0\0\0\224\324\32\314i\1\0\0Mk\1\0\0\0\0\0", 3200, MSG_DONTWAIT, NULL, NULL) = 32
26983 1784116401.309498 recvfrom(44, 0x7fdfb6c500, 3200, MSG_DONTWAIT, NULL, NULL) = -1 EAGAIN (Try again)
26983 1784116401.309883 recvfrom(44, 0x7fdfb6ba50, 3200, MSG_DONTWAIT, NULL, NULL) = -1 EAGAIN (Try again)
26983 1784116401.325745 recvfrom(44, "nysv\0\0\0\0\0\0\0\0\0\0\0\0\344Q\31\315i\1\0\0Nk\1\0\0\0\0\0", 3200, MSG_DONTWAIT, NULL, NULL) = 32
26983 1784116401.326421 recvfrom(44, 0x7fdfb6c500, 3200, MSG_DONTWAIT, NULL, NULL) = -1 EAGAIN (Try again)
26983 1784116401.329696 recvfrom(69, 0x78b1ab9820, 2272, MSG_DONTWAIT, NULL, NULL) = -1 EAGAIN (Try again)
26983 1784116401.452772 recvfrom(44, 0x7fdfb6c660, 3200, MSG_DONTWAIT, NULL, NULL) = -1 EAGAIN (Try again)
26983 1784116401.459448 recvfrom(44, "nysv\0\0\0\0\0\0\0\0\0\0\0\08\310\n\325i\1\0\0Vk\1\0\0\0\0\0", 3200, MSG_DONTWAIT, NULL, NULL) = 32
26983 1784116401.459679 recvfrom(44, 0x7fdfb6c500, 3200, MSG_DONTWAIT, NULL, NULL) = -1 EAGAIN (Try again)
26983 1784116401.460002 recvfrom(44, 0x7fdfb6ba50, 3200, MSG_DONTWAIT, NULL, NULL) = -1 EAGAIN (Try again)
26983 1784116401.475954 recvfrom(44, "nysv\0\0\0\0\0\0\0\0\0\0\0\0Ch\t\326i\1\0\0Wk\1\0\0\0\0\0", 3200, MSG_DONTWAIT, NULL, NULL) = 32
26983 1784116401.476335 recvfrom(44, 0x7fdfb6c500, 3200, MSG_DONTWAIT, NULL, NULL) = -1 EAGAIN (Try again)
26983 1784116401.479145 recvfrom(69, 0x78b1ab9820, 2272, MSG_DONTWAIT, NULL, NULL) = -1 EAGAIN (Try again)
26983 1784116401.601758 recvfrom(44, 0x7fdfb6c660, 3200, MSG_DONTWAIT, NULL, NULL) = -1 EAGAIN (Try again)
26983 1784116401.610034 recvfrom(44, "nysv\0\0\0\0\0\0\0\0\0\0\0\0\23\345\373\335i\1\0\0_k\1\0\0\0\0\0", 3200, MSG_DONTWAIT, NULL, NULL) = 32
26983 1784116401.610379 recvfrom(44, 0x7fdfb6c500, 3200, MSG_DONTWAIT, NULL, NULL) = -1 EAGAIN (Try again)
26983 1784116401.611161 recvfrom(44, 0x7fdfb6ba50, 3200, MSG_DONTWAIT, NULL, NULL) = -1 EAGAIN (Try again)
26983 1784116401.627292 recvfrom(44, "nysv\0\0\0\0\0\0\0\0\0\0\0\0\3\23\372\336i\1\0\0`k\1\0\0\0\0\0", 3200, MSG_DONTWAIT, NULL, NULL) = 32
26983 1784116401.627992 recvfrom(44, 0x7fdfb6c500, 3200, MSG_DONTWAIT, NULL, NULL) = -1 EAGAIN (Try again)
26983 1784116401.628517 recvfrom(69, 0x78b1ab9820, 2272, MSG_DONTWAIT, NULL, NULL) = -1 EAGAIN (Try again)
26983 1784116401.753401 recvfrom(44, 0x7fdfb6c660, 3200, MSG_DONTWAIT, NULL, NULL) = -1 EAGAIN (Try again)
26983 1784116401.759379 recvfrom(44, "nysv\0\0\0\0\0\0\0\0\0\0\0\0X\201\354\346i\1\0\0hk\1\0\0\0\0\0", 3200, MSG_DONTWAIT, NULL, NULL) = 32
26983 1784116401.759806 recvfrom(44, 0x7fdfb6c500, 3200, MSG_DONTWAIT, NULL, NULL) = -1 EAGAIN (Try again)
26983 1784116401.760547 recvfrom(44, 0x7fdfb6ba50, 3200, MSG_DONTWAIT, NULL, NULL) = -1 EAGAIN (Try again)
26983 1784116401.777764 recvfrom(44, "nysv\0\0\0\0\0\0\0\0\0\0\0\0V\244\352\347i\1\0\0ik\1\0\0\0\0\0", 3200, MSG_DONTWAIT, NULL, NULL) = 32
26983 1784116401.778212 recvfrom(44, 0x7fdfb6c500, 3200, MSG_DONTWAIT, NULL, NULL) = -1 EAGAIN (Try again)
26983 1784116401.779005 recvfrom(69, 0x78b1ab9820, 2272, MSG_DONTWAIT, NULL, NULL) = -1 EAGAIN (Try again)
26983 1784116401.904275 recvfrom(44, 0x7fdfb6c660, 3200, MSG_DONTWAIT, NULL, NULL) = -1 EAGAIN (Try again)
26983 1784116401.909069 recvfrom(44, "nysv\0\0\0\0\0\0\0\0\0\0\0\0\215b\335\357i\1\0\0qk\1\0\0\0\0\0", 3200, MSG_DONTWAIT, NULL, NULL) = 32
26983 1784116401.909527 recvfrom(44, 0x7fdfb6c500, 3200, MSG_DONTWAIT, NULL, NULL) = -1 EAGAIN (Try again)
26983 1784116401.910129 recvfrom(44, 0x7fdfb6ba50, 3200, MSG_DONTWAIT, NULL, NULL) = -1 EAGAIN (Try again)
26983 1784116401.927389 recvfrom(44, "nysv\0\0\0\0\0\0\0\0\0\0\0\0\335\217\333\360i\1\0\0rk\1\0\0\0\0\0", 3200, MSG_DONTWAIT, NULL, NULL) = 32
26983 1784116401.928124 recvfrom(44, 0x7fdfb6c500, 3200, MSG_DONTWAIT, NULL, NULL) = -1 EAGAIN (Try again)
26983 1784116401.929458 recvfrom(69, 0x78b1ab9820, 2272, MSG_DONTWAIT, NULL, NULL) = -1 EAGAIN (Try again)
26983 1784116402.053412 recvfrom(44, 0x7fdfb6c660, 3200, MSG_DONTWAIT, NULL, NULL) = -1 EAGAIN (Try again)
26983 1784116402.059164 recvfrom(44, "nysv\0\0\0\0\0\0\0\0\0\0\0\0\320)\316\370i\1\0\0zk\1\0\0\0\0\0", 3200, MSG_DONTWAIT, NULL, NULL) = 32
26983 1784116402.059661 recvfrom(44, 0x7fdfb6c500, 3200, MSG_DONTWAIT, NULL, NULL) = -1 EAGAIN (Try again)
26983 1784116402.060290 recvfrom(44, 0x7fdfb6ba50, 3200, MSG_DONTWAIT, NULL, NULL) = -1 EAGAIN (Try again)
26983 1784116402.077932 recvfrom(44, "nysv\0\0\0\0\0\0\0\0\0\0\0\0JG\314\371i\1\0\0{k\1\0\0\0\0\0", 3200, MSG_DONTWAIT, NULL, NULL) = 32
26983 1784116402.078272 recvfrom(44, 0x7fdfb6c500, 3200, MSG_DONTWAIT, NULL, NULL) = -1 EAGAIN (Try again)
26983 1784116402.078868 recvfrom(69, 0x78b1ab9820, 2272, MSG_DONTWAIT, NULL, NULL) = -1 EAGAIN (Try again)
26983 1784116402.201827 recvfrom(44, 0x7fdfb6c660, 3200, MSG_DONTWAIT, NULL, NULL) = -1 EAGAIN (Try again)
26983 1784116402.209872 recvfrom(44, "nysv\0\0\0\0\0\0\0\0\0\0\0\0\210\314\276\1j\1\0\0\203k\1\0\0\0\0\0", 3200, MSG_DONTWAIT, NULL, NULL) = 32
26983 1784116402.210140 recvfrom(44, 0x7fdfb6c500, 3200, MSG_DONTWAIT, NULL, NULL) = -1 EAGAIN (Try again)
26983 1784116402.210663 recvfrom(44, 0x7fdfb6ba50, 3200, MSG_DONTWAIT, NULL, NULL) = -1 EAGAIN (Try again)
26983 1784116402.225277 recvfrom(44, "nysv\0\0\0\0\0\0\0\0\0\0\0\0\33p\275\2j\1\0\0\204k\1\0\0\0\0\0", 3200, MSG_DONTWAIT, NULL, NULL) = 32
26983 1784116402.225686 recvfrom(44, 0x7fdfb6c500, 3200, MSG_DONTWAIT, NULL, NULL) = -1 EAGAIN (Try again)
26983 1784116402.226523 recvfrom(69, 0x78b1ab9820, 2272, MSG_DONTWAIT, NULL, NULL) = -1 EAGAIN (Try again)
26983 1784116402.353331 recvfrom(44, 0x7fdfb6c660, 3200, MSG_DONTWAIT, NULL, NULL) = -1 EAGAIN (Try again)
26983 1784116402.359515 recvfrom(44, "nysv\0\0\0\0\0\0\0\0\0\0\0\0lt\260\nj\1\0\0\214k\1\0\0\0\0\0", 3200, MSG_DONTWAIT, NULL, NULL) = 32
26983 1784116402.359992 recvfrom(44, 0x7fdfb6c500, 3200, MSG_DONTWAIT, NULL, NULL) = -1 EAGAIN (Try again)
26983 1784116402.360828 recvfrom(44, 0x7fdfb6ba50, 3200, MSG_DONTWAIT, NULL, NULL) = -1 EAGAIN (Try again)
26983 1784116402.375799 recvfrom(44, "nysv\0\0\0\0\0\0\0\0\0\0\0\0\375\355\256\vj\1\0\0\215k\1\0\0\0\0\0", 3200, MSG_DONTWAIT, NULL, NULL) = 32
26983 1784116402.376254 recvfrom(44, 0x7fdfb6c500, 3200, MSG_DONTWAIT, NULL, NULL) = -1 EAGAIN (Try again)
26983 1784116402.377149 recvfrom(69, 0x78b1ab9820, 2272, MSG_DONTWAIT, NULL, NULL) = -1 EAGAIN (Try again)
26983 1784116402.503100 recvfrom(44, 0x7fdfb6c660, 3200, MSG_DONTWAIT, NULL, NULL) = -1 EAGAIN (Try again)
26983 1784116402.509335 recvfrom(44, "nysv\0\0\0\0\0\0\0\0\0\0\0\0\t\214\240\23j\1\0\0\225k\1\0\0\0\0\0", 3200, MSG_DONTWAIT, NULL, NULL) = 32
26983 1784116402.509853 recvfrom(44, 0x7fdfb6c500, 3200, MSG_DONTWAIT, NULL, NULL) = -1 EAGAIN (Try again)
26983 1784116402.510512 recvfrom(44, 0x7fdfb6ba50, 3200, MSG_DONTWAIT, NULL, NULL) = -1 EAGAIN (Try again)
26983 1784116402.527402 recvfrom(44, "nysv\0\0\0\0\0\0\0\0\0\0\0\0.\310\236\24j\1\0\0\226k\1\0\0\0\0\0", 3200, MSG_DONTWAIT, NULL, NULL) = 32
26983 1784116402.528082 recvfrom(44, 0x7fdfb6c500, 3200, MSG_DONTWAIT, NULL, NULL) = -1 EAGAIN (Try again)
26983 1784116402.528981 recvfrom(69, 0x78b1ab9820, 2272, MSG_DONTWAIT, NULL, NULL) = -1 EAGAIN (Try again)
26983 1784116402.653501 recvfrom(44, 0x7fdfb6c660, 3200, MSG_DONTWAIT, NULL, NULL) = -1 EAGAIN (Try again)
26983 1784116402.659243 recvfrom(44, "nysv\0\0\0\0\0\0\0\0\0\0\0\0Kf\221\34j\1\0\0\236k\1\0\0\0\0\0", 3200, MSG_DONTWAIT, NULL, NULL) = 32
26983 1784116402.659791 recvfrom(44, 0x7fdfb6c500, 3200, MSG_DONTWAIT, NULL, NULL) = -1 EAGAIN (Try again)
26983 1784116402.660587 recvfrom(44, 0x7fdfb6ba50, 3200, MSG_DONTWAIT, NULL, NULL) = -1 EAGAIN (Try again)
26983 1784116402.677232 recvfrom(44, "nysv\0\0\0\0\0\0\0\0\0\0\0\0\313\243\217\35j\1\0\0\237k\1\0\0\0\0\0", 3200, MSG_DONTWAIT, NULL, NULL) = 32
26983 1784116402.677823 recvfrom(44, 0x7fdfb6c500, 3200, MSG_DONTWAIT, NULL, NULL) = -1 EAGAIN (Try again)
26983 1784116402.678369 recvfrom(69, 0x78b1ab9820, 2272, MSG_DONTWAIT, NULL, NULL) = -1 EAGAIN (Try again)
26983 1784116402.803447 recvfrom(44, 0x7fdfb6c660, 3200, MSG_DONTWAIT, NULL, NULL) = -1 EAGAIN (Try again)
26983 1784116402.809669 recvfrom(44, "nysv\0\0\0\0\0\0\0\0\0\0\0\0\342H\202%j\1\0\0\247k\1\0\0\0\0\0", 3200, MSG_DONTWAIT, NULL, NULL) = 32
26983 1784116402.810461 recvfrom(44, 0x7fdfb6c500, 3200, MSG_DONTWAIT, NULL, NULL) = -1 EAGAIN (Try again)
26983 1784116402.811228 recvfrom(44, 0x7fdfb6ba50, 3200, MSG_DONTWAIT, NULL, NULL) = -1 EAGAIN (Try again)
26983 1784116402.827670 recvfrom(44, "nysv\0\0\0\0\0\0\0\0\0\0\0\0wo\200&j\1\0\0\250k\1\0\0\0\0\0", 3200, MSG_DONTWAIT, NULL, NULL) = 32
26983 1784116402.828148 recvfrom(44, 0x7fdfb6c500, 3200, MSG_DONTWAIT, NULL, NULL) = -1 EAGAIN (Try again)
26983 1784116402.829171 recvfrom(69, 0x78b1ab9820, 2272, MSG_DONTWAIT, NULL, NULL) = -1 EAGAIN (Try again)
26983 1784116402.956243 recvfrom(44, 0x7fdfb6c660, 3200, MSG_DONTWAIT, NULL, NULL) = -1 EAGAIN (Try again)
26983 1784116402.958519 recvfrom(44, "nysv\0\0\0\0\0\0\0\0\0\0\0\0\233ps.j\1\0\0\260k\1\0\0\0\0\0", 3200, MSG_DONTWAIT, NULL, NULL) = 32
26983 1784116402.958826 recvfrom(44, 0x7fdfb6c500, 3200, MSG_DONTWAIT, NULL, NULL) = -1 EAGAIN (Try again)
26983 1784116402.959772 recvfrom(44, 0x7fdfb6ba50, 3200, MSG_DONTWAIT, NULL, NULL) = -1 EAGAIN (Try again)
26983 1784116402.977770 recvfrom(44, "nysv\0\0\0\0\0\0\0\0\0\0\0\0\336~q/j\1\0\0\261k\1\0\0\0\0\0", 3200, MSG_DONTWAIT, NULL, NULL) = 32
26983 1784116402.978122 recvfrom(44, 0x7fdfb6c500, 3200, MSG_DONTWAIT, NULL, NULL) = -1 EAGAIN (Try again)
26983 1784116402.978785 recvfrom(69, 0x78b1ab9820, 2272, MSG_DONTWAIT, NULL, NULL) = -1 EAGAIN (Try again)
26983 1784116403.102183 recvfrom(44, 0x7fdfb6c660, 3200, MSG_DONTWAIT, NULL, NULL) = -1 EAGAIN (Try again)
26983 1784116403.109187 recvfrom(44, "nysv\0\0\0\0\0\0\0\0\0\0\0\0\256\327c7j\1\0\0\271k\1\0\0\0\0\0", 3200, MSG_DONTWAIT, NULL, NULL) = 32
26983 1784116403.109509 recvfrom(44, 0x7fdfb6c500, 3200, MSG_DONTWAIT, NULL, NULL) = -1 EAGAIN (Try again)
26983 1784116403.109878 recvfrom(44, 0x7fdfb6ba50, 3200, MSG_DONTWAIT, NULL, NULL) = -1 EAGAIN (Try again)
26983 1784116403.125696 recvfrom(44, "nysv\0\0\0\0\0\0\0\0\0\0\0\0\35ab8j\1\0\0\272k\1\0\0\0\0\0", 3200, MSG_DONTWAIT, NULL, NULL) = 32
26983 1784116403.126309 recvfrom(44, 0x7fdfb6c500, 3200, MSG_DONTWAIT, NULL, NULL) = -1 EAGAIN (Try again)
26983 1784116403.126662 recvfrom(69, 0x78b1ab9820, 2272, MSG_DONTWAIT, NULL, NULL) = -1 EAGAIN (Try again)
26983 1784116403.251968 recvfrom(44, 0x7fdfb6c660, 3200, MSG_DONTWAIT, NULL, NULL) = -1 EAGAIN (Try again)
26983 1784116403.258705 recvfrom(44, "nysv\0\0\0\0\0\0\0\0\0\0\0\0\33\300T@j\1\0\0\302k\1\0\0\0\0\0", 3200, MSG_DONTWAIT, NULL, NULL) = 32
26983 1784116403.258927 recvfrom(44, 0x7fdfb6c500, 3200, MSG_DONTWAIT, NULL, NULL) = -1 EAGAIN (Try again)
26983 1784116403.259258 recvfrom(44, 0x7fdfb6ba50, 3200, MSG_DONTWAIT, NULL, NULL) = -1 EAGAIN (Try again)
26983 1784116403.275354 recvfrom(44, "nysv\0\0\0\0\0\0\0\0\0\0\0\0\301USAj\1\0\0\303k\1\0\0\0\0\0", 3200, MSG_DONTWAIT, NULL, NULL) = 32
26983 1784116403.276004 recvfrom(44, 0x7fdfb6c500, 3200, MSG_DONTWAIT, NULL, NULL) = -1 EAGAIN (Try again)
26983 1784116403.276715 recvfrom(69, 0x78b1ab9820, 2272, MSG_DONTWAIT, NULL, NULL) = -1 EAGAIN (Try again)
26983 1784116403.401321 recvfrom(44, 0x7fdfb6c660, 3200, MSG_DONTWAIT, NULL, NULL) = -1 EAGAIN (Try again)
26983 1784116403.409881 recvfrom(44, "nysv\0\0\0\0\0\0\0\0\0\0\0\0\301WEIj\1\0\0\313k\1\0\0\0\0\0", 3200, MSG_DONTWAIT, NULL, NULL) = 32
26983 1784116403.410306 recvfrom(44, 0x7fdfb6c500, 3200, MSG_DONTWAIT, NULL, NULL) = -1 EAGAIN (Try again)
26983 1784116403.410898 recvfrom(44, 0x7fdfb6ba50, 3200, MSG_DONTWAIT, NULL, NULL) = -1 EAGAIN (Try again)
26983 1784116403.427752 recvfrom(44, "nysv\0\0\0\0\0\0\0\0\0\0\0\0)\260CJj\1\0\0\314k\1\0\0\0\0\0", 3200, MSG_DONTWAIT, NULL, NULL) = 32
26983 1784116403.428274 recvfrom(44, 0x7fdfb6c500, 3200, MSG_DONTWAIT, NULL, NULL) = -1 EAGAIN (Try again)
26983 1784116403.429386 recvfrom(69, 0x78b1ab9820, 2272, MSG_DONTWAIT, NULL, NULL) = -1 EAGAIN (Try again)
26983 1784116403.554073 recvfrom(44, 0x7fdfb6c660, 3200, MSG_DONTWAIT, NULL, NULL) = -1 EAGAIN (Try again)
26983 1784116403.559160 recvfrom(44, "nysv\0\0\0\0\0\0\0\0\0\0\0\0\27\2126Rj\1\0\0\324k\1\0\0\0\0\0", 3200, MSG_DONTWAIT, NULL, NULL) = 32
26983 1784116403.559538 recvfrom(44, 0x7fdfb6c500, 3200, MSG_DONTWAIT, NULL, NULL) = -1 EAGAIN (Try again)
26983 1784116403.560457 recvfrom(44, 0x7fdfb6ba50, 3200, MSG_DONTWAIT, NULL, NULL) = -1 EAGAIN (Try again)
26983 1784116403.576852 recvfrom(44, "nysv\0\0\0\0\0\0\0\0\0\0\0\0@\3554Sj\1\0\0\325k\1\0\0\0\0\0", 3200, MSG_DONTWAIT, NULL, NULL) = 32
26983 1784116403.577460 recvfrom(44, 0x7fdfb6c500, 3200, MSG_DONTWAIT, NULL, NULL) = -1 EAGAIN (Try again)
26983 1784116403.578516 recvfrom(69, 0x78b1ab9820, 2272, MSG_DONTWAIT, NULL, NULL) = -1 EAGAIN (Try again)
26983 1784116403.704188 recvfrom(44, 0x7fdfb6c660, 3200, MSG_DONTWAIT, NULL, NULL) = -1 EAGAIN (Try again)
26983 1784116403.709163 recvfrom(44, "nysv\0\0\0\0\0\0\0\0\0\0\0\0\246\207'[j\1\0\0\335k\1\0\0\0\0\0", 3200, MSG_DONTWAIT, NULL, NULL) = 32
26983 1784116403.709594 recvfrom(44, 0x7fdfb6c500, 3200, MSG_DONTWAIT, NULL, NULL) = -1 EAGAIN (Try again)
26983 1784116403.710305 recvfrom(44, 0x7fdfb6ba50, 3200, MSG_DONTWAIT, NULL, NULL) = -1 EAGAIN (Try again)
26983 1784116403.727012 recvfrom(44, "nysv\0\0\0\0\0\0\0\0\0\0\0\0\214\264%\\j\1\0\0\336k\1\0\0\0\0\0", 3200, MSG_DONTWAIT, NULL, NULL) = 32
26983 1784116403.727693 recvfrom(44, 0x7fdfb6c500, 3200, MSG_DONTWAIT, NULL, NULL) = -1 EAGAIN (Try again)
26983 1784116403.728620 recvfrom(69, 0x78b1ab9820, 2272, MSG_DONTWAIT, NULL, NULL) = -1 EAGAIN (Try again)
26983 1784116403.852547 recvfrom(44, 0x7fdfb6c660, 3200, MSG_DONTWAIT, NULL, NULL) = -1 EAGAIN (Try again)
26983 1784116403.859709 recvfrom(44, "nysv\0\0\0\0\0\0\0\0\0\0\0\0[\331\27dj\1\0\0\346k\1\0\0\0\0\0", 3200, MSG_DONTWAIT, NULL, NULL) = 32
26983 1784116403.859974 recvfrom(44, 0x7fdfb6c500, 3200, MSG_DONTWAIT, NULL, NULL) = -1 EAGAIN (Try again)
26983 1784116403.860495 recvfrom(44, 0x7fdfb6ba50, 3200, MSG_DONTWAIT, NULL, NULL) = -1 EAGAIN (Try again)
26983 1784116403.875691 recvfrom(44, "nysv\0\0\0\0\0\0\0\0\0\0\0\0\255j\26ej\1\0\0\347k\1\0\0\0\0\0", 3200, MSG_DONTWAIT, NULL, NULL) = 32
26983 1784116403.876421 recvfrom(44, 0x7fdfb6c500, 3200, MSG_DONTWAIT, NULL, NULL) = -1 EAGAIN (Try again)
26983 1784116403.877161 recvfrom(69, 0x78b1ab9820, 2272, MSG_DONTWAIT, NULL, NULL) = -1 EAGAIN (Try again)
26983 1784116404.003373 recvfrom(44, 0x7fdfb6c660, 3200, MSG_DONTWAIT, NULL, NULL) = -1 EAGAIN (Try again)
26983 1784116404.009497 recvfrom(44, "nysv\0\0\0\0\0\0\0\0\0\0\0\0\355\300\10mj\1\0\0\357k\1\0\0\0\0\0", 3200, MSG_DONTWAIT, NULL, NULL) = 32
26983 1784116404.009916 recvfrom(44, 0x7fdfb6c500, 3200, MSG_DONTWAIT, NULL, NULL) = -1 EAGAIN (Try again)
26983 1784116404.010619 recvfrom(44, 0x7fdfb6ba50, 3200, MSG_DONTWAIT, NULL, NULL) = -1 EAGAIN (Try again)
26983 1784116404.025779 recvfrom(44, "nysv\0\0\0\0\0\0\0\0\0\0\0\0\3259\7nj\1\0\0\360k\1\0\0\0\0\0", 3200, MSG_DONTWAIT, NULL, NULL) = 32
26983 1784116404.026417 recvfrom(44, 0x7fdfb6c500, 3200, MSG_DONTWAIT, NULL, NULL) = -1 EAGAIN (Try again)
26983 1784116404.027164 recvfrom(69, 0x78b1ab9820, 2272, MSG_DONTWAIT, NULL, NULL) = -1 EAGAIN (Try again)
26983 1784116404.153788 recvfrom(44, 0x7fdfb6c660, 3200, MSG_DONTWAIT, NULL, NULL) = -1 EAGAIN (Try again)
26983 1784116404.159072 recvfrom(44, "nysv\0\0\0\0\0\0\0\0\0\0\0\0L\243\371uj\1\0\0\370k\1\0\0\0\0\0", 3200, MSG_DONTWAIT, NULL, NULL) = 32
26983 1784116404.159676 recvfrom(44, 0x7fdfb6c500, 3200, MSG_DONTWAIT, NULL, NULL) = -1 EAGAIN (Try again)
26983 1784116404.160453 recvfrom(44, 0x7fdfb6ba50, 3200, MSG_DONTWAIT, NULL, NULL) = -1 EAGAIN (Try again)
26983 1784116404.177673 recvfrom(44, "nysv\0\0\0\0\0\0\0\0\0\0\0\0\332\302\367vj\1\0\0\371k\1\0\0\0\0\0", 3200, MSG_DONTWAIT, NULL, NULL) = 32
26983 1784116404.178333 recvfrom(44, 0x7fdfb6c500, 3200, MSG_DONTWAIT, NULL, NULL) = -1 EAGAIN (Try again)
26983 1784116404.179248 recvfrom(69, 0x78b1ab9820, 2272, MSG_DONTWAIT, NULL, NULL) = -1 EAGAIN (Try again)
26983 1784116404.304077 recvfrom(44, 0x7fdfb6c660, 3200, MSG_DONTWAIT, NULL, NULL) = -1 EAGAIN (Try again)
26983 1784116404.309220 recvfrom(44, "nysv\0\0\0\0\0\0\0\0\0\0\0\0\216\22\353~j\1\0\0\1l\1\0\0\0\0\0", 3200, MSG_DONTWAIT, NULL, NULL) = 32
26983 1784116404.310055 recvfrom(44, 0x7fdfb6c500, 3200, MSG_DONTWAIT, NULL, NULL) = -1 EAGAIN (Try again)
26983 1784116404.310977 recvfrom(44, 0x7fdfb6ba50, 3200, MSG_DONTWAIT, NULL, NULL) = -1 EAGAIN (Try again)
26983 1784116404.327954 recvfrom(44, "nysv\0\0\0\0\0\0\0\0\0\0\0\00031\351\177j\1\0\0\2l\1\0\0\0\0\0", 3200, MSG_DONTWAIT, NULL, NULL) = 32
26983 1784116404.328796 recvfrom(44, 0x7fdfb6c500, 3200, MSG_DONTWAIT, NULL, NULL) = -1 EAGAIN (Try again)
26983 1784116404.329572 recvfrom(69, 0x78b1ab9820, 2272, MSG_DONTWAIT, NULL, NULL) = -1 EAGAIN (Try again)
26983 1784116404.454172 recvfrom(44, 0x7fdfb6c660, 3200, MSG_DONTWAIT, NULL, NULL) = -1 EAGAIN (Try again)
26983 1784116404.459053 recvfrom(44, "nysv\0\0\0\0\0\0\0\0\0\0\0\0oA\333\207j\1\0\0\nl\1\0\0\0\0\0", 3200, MSG_DONTWAIT, NULL, NULL) = 32
26983 1784116404.459388 recvfrom(44, 0x7fdfb6c500, 3200, MSG_DONTWAIT, NULL, NULL) = -1 EAGAIN (Try again)
26983 1784116404.460376 recvfrom(44, 0x7fdfb6ba50, 3200, MSG_DONTWAIT, NULL, NULL) = -1 EAGAIN (Try again)
26983 1784116404.477435 recvfrom(44, "nysv\0\0\0\0\0\0\0\0\0\0\0\0\206p\331\210j\1\0\0\vl\1\0\0\0\0\0", 3200, MSG_DONTWAIT, NULL, NULL) = 32
26983 1784116404.478135 recvfrom(44, 0x7fdfb6c500, 3200, MSG_DONTWAIT, NULL, NULL) = -1 EAGAIN (Try again)
26983 1784116404.479296 recvfrom(69, 0x78b1ab9820, 2272, MSG_DONTWAIT, NULL, NULL) = -1 EAGAIN (Try again)
26983 1784116404.603759 recvfrom(44, 0x7fdfb6c660, 3200, MSG_DONTWAIT, NULL, NULL) = -1 EAGAIN (Try again)
26983 1784116404.608888 recvfrom(44, "nysv\0\0\0\0\0\0\0\0\0\0\0\0hi\314\220j\1\0\0\23l\1\0\0\0\0\0", 3200, MSG_DONTWAIT, NULL, NULL) = 32
26983 1784116404.609185 recvfrom(44, 0x7fdfb6c500, 3200, MSG_DONTWAIT, NULL, NULL) = -1 EAGAIN (Try again)
26983 1784116404.609530 recvfrom(44, 0x7fdfb6ba50, 3200, MSG_DONTWAIT, NULL, NULL) = -1 EAGAIN (Try again)
26983 1784116404.628029 recvfrom(44, "nysv\0\0\0\0\0\0\0\0\0\0\0\0\222\271\312\221j\1\0\0\24l\1\0\0\0\0\0", 3200, MSG_DONTWAIT, NULL, NULL) = 32
26983 1784116404.628495 recvfrom(44, 0x7fdfb6c500, 3200, MSG_DONTWAIT, NULL, NULL) = -1 EAGAIN (Try again)
26983 1784116404.629284 recvfrom(69, 0x78b1ab9820, 2272, MSG_DONTWAIT, NULL, NULL) = -1 EAGAIN (Try again)
26983 1784116404.750467 recvfrom(44, 0x7fdfb6c660, 3200, MSG_DONTWAIT, NULL, NULL) = -1 EAGAIN (Try again)
26983 1784116404.758775 recvfrom(44, "nysv\0\0\0\0\0\0\0\0\0\0\0\0\350L\275\231j\1\0\0\34l\1\0\0\0\0\0", 3200, MSG_DONTWAIT, NULL, NULL) = 32
26983 1784116404.759105 recvfrom(44, 0x7fdfb6c500, 3200, MSG_DONTWAIT, NULL, NULL) = -1 EAGAIN (Try again)
26983 1784116404.759771 recvfrom(44, 0x7fdfb6ba50, 3200, MSG_DONTWAIT, NULL, NULL) = -1 EAGAIN (Try again)
26983 1784116404.777002 recvfrom(44, "nysv\0\0\0\0\0\0\0\0\0\0\0\0\233\211\273\232j\1\0\0\35l\1\0\0\0\0\0", 3200, MSG_DONTWAIT, NULL, NULL) = 32
26983 1784116404.777499 recvfrom(44, 0x7fdfb6c500, 3200, MSG_DONTWAIT, NULL, NULL) = -1 EAGAIN (Try again)
26983 1784116404.778188 recvfrom(69, 0x78b1ab9820, 2272, MSG_DONTWAIT, NULL, NULL) = -1 EAGAIN (Try again)
26983 1784116404.902290 recvfrom(44, 0x7fdfb6c660, 3200, MSG_DONTWAIT, NULL, NULL) = -1 EAGAIN (Try again)
26983 1784116404.909773 recvfrom(44, "nysv\0\0\0\0\0\0\0\0\0\0\0\0(\243\255\242j\1\0\0%l\1\0\0\0\0\0", 3200, MSG_DONTWAIT, NULL, NULL) = 32
26983 1784116404.910164 recvfrom(44, 0x7fdfb6c500, 3200, MSG_DONTWAIT, NULL, NULL) = -1 EAGAIN (Try again)
26983 1784116404.910867 recvfrom(44, 0x7fdfb6ba50, 3200, MSG_DONTWAIT, NULL, NULL) = -1 EAGAIN (Try again)
26983 1784116404.928244 recvfrom(44, "nysv\0\0\0\0\0\0\0\0\0\0\0\0X\323\253\243j\1\0\0&l\1\0\0\0\0\0", 3200, MSG_DONTWAIT, NULL, NULL) = 32
26983 1784116404.928937 recvfrom(44, 0x7fdfb6c500, 3200, MSG_DONTWAIT, NULL, NULL) = -1 EAGAIN (Try again)
26983 1784116404.929713 recvfrom(69, 0x78b1ab9820, 2272, MSG_DONTWAIT, NULL, NULL) = -1 EAGAIN (Try again)
26983 1784116405.054416 recvfrom(44, 0x7fdfb6c660, 3200, MSG_DONTWAIT, NULL, NULL) = -1 EAGAIN (Try again)
26983 1784116405.059048 recvfrom(44, "nysv\0\0\0\0\0\0\0\0\0\0\0\0002\333\236\253j\1\0\0.l\1\0\0\0\0\0", 3200, MSG_DONTWAIT, NULL, NULL) = 32
26983 1784116405.059569 recvfrom(44, 0x7fdfb6c500, 3200, MSG_DONTWAIT, NULL, NULL) = -1 EAGAIN (Try again)
26983 1784116405.060343 recvfrom(44, 0x7fdfb6ba50, 3200, MSG_DONTWAIT, NULL, NULL) = -1 EAGAIN (Try again)
26983 1784116405.077786 recvfrom(44, "nysv\0\0\0\0\0\0\0\0\0\0\0\0h\362\234\254j\1\0\0/l\1\0\0\0\0\0", 3200, MSG_DONTWAIT, NULL, NULL) = 32
26983 1784116405.078106 recvfrom(44, 0x7fdfb6c500, 3200, MSG_DONTWAIT, NULL, NULL) = -1 EAGAIN (Try again)
26983 1784116405.079477 recvfrom(69, 0x78b1ab9820, 2272, MSG_DONTWAIT, NULL, NULL) = -1 EAGAIN (Try again)
26983 1784116405.204109 recvfrom(44, 0x7fdfb6c660, 3200, MSG_DONTWAIT, NULL, NULL) = -1 EAGAIN (Try again)
26983 1784116405.209138 recvfrom(44, "nysv\0\0\0\0\0\0\0\0\0\0\0\0\262V\217\264j\1\0\0007l\1\0\0\0\0\0", 3200, MSG_DONTWAIT, NULL, NULL) = 32
26983 1784116405.209676 recvfrom(44, 0x7fdfb6c500, 3200, MSG_DONTWAIT, NULL, NULL) = -1 EAGAIN (Try again)
26983 1784116405.210392 recvfrom(44, 0x7fdfb6ba50, 3200, MSG_DONTWAIT, NULL, NULL) = -1 EAGAIN (Try again)
26983 1784116405.227268 recvfrom(44, "nysv\0\0\0\0\0\0\0\0\0\0\0\0h\220\215\265j\1\0\08l\1\0\0\0\0\0", 3200, MSG_DONTWAIT, NULL, NULL) = 32
26983 1784116405.227610 recvfrom(44, 0x7fdfb6c500, 3200, MSG_DONTWAIT, NULL, NULL) = -1 EAGAIN (Try again)
26983 1784116405.228456 recvfrom(69, 0x78b1ab9820, 2272, MSG_DONTWAIT, NULL, NULL) = -1 EAGAIN (Try again)
26983 1784116405.355042 recvfrom(44, 0x7fdfb6c660, 3200, MSG_DONTWAIT, NULL, NULL) = -1 EAGAIN (Try again)
26983 1784116405.358817 recvfrom(44, "nysv\0\0\0\0\0\0\0\0\0\0\0\0\304A\200\275j\1\0\0@l\1\0\0\0\0\0", 3200, MSG_DONTWAIT, NULL, NULL) = 32
26983 1784116405.359204 recvfrom(44, 0x7fdfb6c500, 3200, MSG_DONTWAIT, NULL, NULL) = -1 EAGAIN (Try again)
26983 1784116405.360410 recvfrom(44, 0x7fdfb6ba50, 3200, MSG_DONTWAIT, NULL, NULL) = -1 EAGAIN (Try again)
26983 1784116405.376144 recvfrom(44, "nysv\0\0\0\0\0\0\0\0\0\0\0\0S\320~\276j\1\0\0Al\1\0\0\0\0\0", 3200, MSG_DONTWAIT, NULL, NULL) = 32
26983 1784116405.376714 recvfrom(44, 0x7fdfb6c500, 3200, MSG_DONTWAIT, NULL, NULL) = -1 EAGAIN (Try again)
26983 1784116405.380450 recvfrom(69, 0x78b1ab9820, 2272, MSG_DONTWAIT, NULL, NULL) = -1 EAGAIN (Try again)
26983 1784116405.504985 recvfrom(44, 0x7fdfb6c660, 3200, MSG_DONTWAIT, NULL, NULL) = -1 EAGAIN (Try again)
26983 1784116405.508972 recvfrom(44, "nysv\0\0\0\0\0\0\0\0\0\0\0\0\354\375p\306j\1\0\0Il\1\0\0\0\0\0", 3200, MSG_DONTWAIT, NULL, NULL) = 32
26983 1784116405.509348 recvfrom(44, 0x7fdfb6c500, 3200, MSG_DONTWAIT, NULL, NULL) = -1 EAGAIN (Try again)
26983 1784116405.509839 recvfrom(44, 0x7fdfb6ba50, 3200, MSG_DONTWAIT, NULL, NULL) = -1 EAGAIN (Try again)
26983 1784116405.525812 recvfrom(44, "nysv\0\0\0\0\0\0\0\0\0\0\0\0\33\225o\307j\1\0\0Jl\1\0\0\0\0\0", 3200, MSG_DONTWAIT, NULL, NULL) = 32
26983 1784116405.526096 recvfrom(44, 0x7fdfb6c500, 3200, MSG_DONTWAIT, NULL, NULL) = -1 EAGAIN (Try again)
26983 1784116405.526505 recvfrom(69, 0x78b1ab9820, 2272, MSG_DONTWAIT, NULL, NULL) = -1 EAGAIN (Try again)
26983 1784116405.653692 recvfrom(44, 0x7fdfb6c660, 3200, MSG_DONTWAIT, NULL, NULL) = -1 EAGAIN (Try again)
26983 1784116405.659517 recvfrom(44, "nysv\0\0\0\0\0\0\0\0\0\0\0\0\223\277a\317j\1\0\0Rl\1\0\0\0\0\0", 3200, MSG_DONTWAIT, NULL, NULL) = 32
26983 1784116405.659769 recvfrom(44, 0x7fdfb6c500, 3200, MSG_DONTWAIT, NULL, NULL) = -1 EAGAIN (Try again)
26983 1784116405.660147 recvfrom(44, 0x7fdfb6ba50, 3200, MSG_DONTWAIT, NULL, NULL) = -1 EAGAIN (Try again)
26983 1784116405.677566 recvfrom(44, "nysv\0\0\0\0\0\0\0\0\0\0\0\0\272\352_\320j\1\0\0Sl\1\0\0\0\0\0", 3200, MSG_DONTWAIT, NULL, NULL) = 32
26983 1784116405.678027 recvfrom(44, 0x7fdfb6c500, 3200, MSG_DONTWAIT, NULL, NULL) = -1 EAGAIN (Try again)
26983 1784116405.678898 recvfrom(69, 0x78b1ab9820, 2272, MSG_DONTWAIT, NULL, NULL) = -1 EAGAIN (Try again)
26983 1784116405.804237 recvfrom(44, 0x7fdfb6c660, 3200, MSG_DONTWAIT, NULL, NULL) = -1 EAGAIN (Try again)
26983 1784116405.809201 recvfrom(44, "nysv\0\0\0\0\0\0\0\0\0\0\0\0\304\326R\330j\1\0\0[l\1\0\0\0\0\0", 3200, MSG_DONTWAIT, NULL, NULL) = 32
26983 1784116405.809593 recvfrom(44, 0x7fdfb6c500, 3200, MSG_DONTWAIT, NULL, NULL) = -1 EAGAIN (Try again)
26983 1784116405.810300 recvfrom(44, 0x7fdfb6ba50, 3200, MSG_DONTWAIT, NULL, NULL) = -1 EAGAIN (Try again)
26983 1784116405.827527 recvfrom(44, "nysv\0\0\0\0\0\0\0\0\0\0\0\0\356&Q\331j\1\0\0\\l\1\0\0\0\0\0", 3200, MSG_DONTWAIT, NULL, NULL) = 32
26983 1784116405.828138 recvfrom(44, 0x7fdfb6c500, 3200, MSG_DONTWAIT, NULL, NULL) = -1 EAGAIN (Try again)
26983 1784116405.828898 recvfrom(69, 0x78b1ab9820, 2272, MSG_DONTWAIT, NULL, NULL) = -1 EAGAIN (Try again)
26983 1784116405.953486 recvfrom(44, 0x7fdfb6c660, 3200, MSG_DONTWAIT, NULL, NULL) = -1 EAGAIN (Try again)
26983 1784116405.959602 recvfrom(44, "nysv\0\0\0\0\0\0\0\0\0\0\0\0-]C\341j\1\0\0dl\1\0\0\0\0\0", 3200, MSG_DONTWAIT, NULL, NULL) = 32
26983 1784116405.960371 recvfrom(44, 0x7fdfb6c500, 3200, MSG_DONTWAIT, NULL, NULL) = -1 EAGAIN (Try again)
26983 1784116405.961315 recvfrom(44, 0x7fdfb6ba50, 3200, MSG_DONTWAIT, NULL, NULL) = -1 EAGAIN (Try again)
26983 1784116405.978124 recvfrom(44, "nysv\0\0\0\0\0\0\0\0\0\0\0\0\256\215A\342j\1\0\0el\1\0\0\0\0\0", 3200, MSG_DONTWAIT, NULL, NULL) = 32
26983 1784116405.978786 recvfrom(44, 0x7fdfb6c500, 3200, MSG_DONTWAIT, NULL, NULL) = -1 EAGAIN (Try again)
26983 1784116405.980795 recvfrom(69, 0x78b1ab9820, 2272, MSG_DONTWAIT, NULL, NULL) = -1 EAGAIN (Try again)
26983 1784116406.105384 recvfrom(44, 0x7fdfb6c660, 3200, MSG_DONTWAIT, NULL, NULL) = -1 EAGAIN (Try again)
26983 1784116406.109084 recvfrom(44, "nysv\0\0\0\0\0\0\0\0\0\0\0\0003]4\352j\1\0\0ml\1\0\0\0\0\0", 3200, MSG_DONTWAIT, NULL, NULL) = 32
26983 1784116406.109566 recvfrom(44, 0x7fdfb6c500, 3200, MSG_DONTWAIT, NULL, NULL) = -1 EAGAIN (Try again)
26983 1784116406.110152 recvfrom(44, 0x7fdfb6ba50, 3200, MSG_DONTWAIT, NULL, NULL) = -1 EAGAIN (Try again)
26983 1784116406.125524 recvfrom(44, "nysv\0\0\0\0\0\0\0\0\0\0\0\0\346\3732\353j\1\0\0nl\1\0\0\0\0\0", 3200, MSG_DONTWAIT, NULL, NULL) = 32
26983 1784116406.126638 recvfrom(44, 0x7fdfb6c500, 3200, MSG_DONTWAIT, NULL, NULL) = -1 EAGAIN (Try again)
26983 1784116406.127617 recvfrom(69, 0x78b1ab9820, 2272, MSG_DONTWAIT, NULL, NULL) = -1 EAGAIN (Try again)
26983 1784116406.253938 recvfrom(44, 0x7fdfb6c660, 3200, MSG_DONTWAIT, NULL, NULL) = -1 EAGAIN (Try again)
26983 1784116406.258586 recvfrom(44, "nysv\0\0\0\0\0\0\0\0\0\0\0\0\207/%\363j\1\0\0vl\1\0\0\0\0\0", 3200, MSG_DONTWAIT, NULL, NULL) = 32
26983 1784116406.259462 recvfrom(44, 0x7fdfb6c500, 3200, MSG_DONTWAIT, NULL, NULL) = -1 EAGAIN (Try again)
26983 1784116406.260249 recvfrom(44, 0x7fdfb6ba50, 3200, MSG_DONTWAIT, NULL, NULL) = -1 EAGAIN (Try again)
26983 1784116406.277684 recvfrom(44, "nysv\0\0\0\0\0\0\0\0\0\0\0\0\350]#\364j\1\0\0wl\1\0\0\0\0\0", 3200, MSG_DONTWAIT, NULL, NULL) = 32
26983 1784116406.278205 recvfrom(44, 0x7fdfb6c500, 3200, MSG_DONTWAIT, NULL, NULL) = -1 EAGAIN (Try again)
26983 1784116406.280203 recvfrom(69, 0x78b1ab9820, 2272, MSG_DONTWAIT, NULL, NULL) = -1 EAGAIN (Try again)
26983 1784116406.403601 recvfrom(44, 0x7fdfb6c660, 3200, MSG_DONTWAIT, NULL, NULL) = -1 EAGAIN (Try again)
26983 1784116406.409279 recvfrom(44, "nysv\0\0\0\0\0\0\0\0\0\0\0\0\355\341\25\374j\1\0\0\177l\1\0\0\0\0\0", 3200, MSG_DONTWAIT, NULL, NULL) = 32
26983 1784116406.409439 recvfrom(44, 0x7fdfb6c500, 3200, MSG_DONTWAIT, NULL, NULL) = -1 EAGAIN (Try again)
26983 1784116406.409738 recvfrom(44, 0x7fdfb6ba50, 3200, MSG_DONTWAIT, NULL, NULL) = -1 EAGAIN (Try again)
