27738 1784062233.892008 recvfrom(43, 0x7fc64febb0, 3200, MSG_DONTWAIT, NULL, NULL) = -1 EAGAIN (Try again)
27738 1784062233.902783 recvfrom(43, "nysv\0\0\0\0\0\0\0\0\0\0\0\0w&\211\24\316\1\0\0!\315\1\0\0\0\0\0", 3200, MSG_DONTWAIT, NULL, NULL) = 32
27738 1784062233.903676 recvfrom(43, 0x7fc64ff090, 3200, MSG_DONTWAIT, NULL, NULL) = -1 EAGAIN (Try again)
27747 1784062235.362260 exit(0)         = ?
27747 1784062235.362357 +++ exited with 0 +++
27748 1784062235.365242 exit(0 <unfinished ...>
27746 1784062235.365277 exit(0 <unfinished ...>
27748 1784062235.365489 <... exit resumed>) = ?
27746 1784062235.365507 <... exit resumed>) = ?
27745 1784062235.365535 exit(0 <unfinished ...>
27748 1784062235.365712 +++ exited with 0 +++
27746 1784062235.365720 +++ exited with 0 +++
27745 1784062235.365721 <... exit resumed>) = ?
27745 1784062235.365942 +++ exited with 0 +++
27758 1784062235.368506 newfstatat(AT_FDCWD, "/data", {st_mode=S_IFDIR|0771, st_size=4096, ...}, AT_SYMLINK_NOFOLLOW) = 0
27758 1784062235.368800 newfstatat(AT_FDCWD, "/data/app", {st_mode=S_IFDIR|0771, st_size=4096, ...}, AT_SYMLINK_NOFOLLOW) = 0
27758 1784062235.369067 newfstatat(AT_FDCWD, "/data/app/au.com.wallaceit.reddinator-A2K7NeD7YMYpav05sSSDyw==", {st_mode=S_IFDIR|0775, st_size=4096, ...}, AT_SYMLINK_NOFOLLOW) = 0
27758 1784062235.369324 newfstatat(AT_FDCWD, "/data/app/au.com.wallaceit.reddinator-A2K7NeD7YMYpav05sSSDyw==/base.apk", {st_mode=S_IFREG|0644, st_size=3367335, ...}, AT_SYMLINK_NOFOLLOW) = 0
27758 1784062235.369588 getcwd("/", 4096) = 2
27758 1784062235.369891 newfstatat(AT_FDCWD, "/base.apk", 0x7997a84690, AT_SYMLINK_NOFOLLOW) = -1 ENOENT (No such file or directory)
27773 1784062247.678849 exit(0)         = ?
27773 1784062247.679106 +++ exited with 0 +++
27771 1784062247.729149 faccessat(AT_FDCWD, "/proc/self/task/27773", F_OK) = -1 ENOENT (No such file or directory)
27738 1784062250.361462 recvfrom(45, "\2\0\0\0\0\0\0\0\346\4\0\0\0\0\0\0\200\31\213\351\321\1\0\0\1\0\0\0\2\20\0\0"..., 2272, MSG_DONTWAIT, NULL, NULL) = 232
27738 1784062250.362485 sendto(45, "\3\0\0\0\0\0\0\0\346\4\0\0\1\0\0\0", 16, MSG_DONTWAIT|MSG_NOSIGNAL, NULL, 0) = 16
27738 1784062250.362757 recvfrom(45, 0x799266d820, 2272, MSG_DONTWAIT, NULL, NULL) = -1 EAGAIN (Try again)
27738 1784062250.363374 recvfrom(45, "\2\0\0\0\0\0\0\0\350\4\0\0\0\0\0\0\200\31\213\351\321\1\0\0\1\0\0\0\2\20\0\0"..., 2272, MSG_DONTWAIT, NULL, NULL) = 232
27738 1784062250.363548 recvfrom(43, 0x7fc64fd980, 3200, MSG_DONTWAIT, NULL, NULL) = -1 EAGAIN (Try again)
27738 1784062250.364026 sendto(45, "\3\0\0\0\0\0\0\0\350\4\0\0\1\0\0\0", 16, MSG_DONTWAIT|MSG_NOSIGNAL, NULL, 0) = 16
27738 1784062250.364232 recvfrom(45, 0x799266d820, 2272, MSG_DONTWAIT, NULL, NULL) = -1 EAGAIN (Try again)
27738 1784062250.368892 recvfrom(43, "nysv\0\0\0\0\0\0\0\0\0\0\0\0\245e\6\352\321\1\0\0\365\320\1\0\0\0\0\0", 3200, MSG_DONTWAIT, NULL, NULL) = 32
27738 1784062250.369063 recvfrom(43, 0x7fc64ff090, 3200, MSG_DONTWAIT, NULL, NULL) = -1 EAGAIN (Try again)
27738 1784062250.369625 recvfrom(45, 0x799266d820, 2272, MSG_DONTWAIT, NULL, NULL) = -1 EAGAIN (Try again)
27738 1784062268.512260 recvfrom(45, "\2\0\0\0\0\0\0\0\354\4\0\0\0\0\0\0\0\37^#\326\1\0\0\1\0\0\0\2\20\0\0"..., 2272, MSG_DONTWAIT, NULL, NULL) = 232
27738 1784062268.512520 sendto(45, "\3\0\0\0\0\0\0\0\354\4\0\0\1\0\0\0", 16, MSG_DONTWAIT|MSG_NOSIGNAL, NULL, 0) = 16
27738 1784062268.512790 recvfrom(45, "\2\0\0\0\0\0\0\0\356\4\0\0\0\0\0\0\0\37^#\326\1\0\0\1\0\0\0\2\20\0\0"..., 2272, MSG_DONTWAIT, NULL, NULL) = 232
27738 1784062268.513219 sendto(45, "\3\0\0\0\0\0\0\0\356\4\0\0\1\0\0\0", 16, MSG_DONTWAIT|MSG_NOSIGNAL, NULL, 0) = 16
27738 1784062268.513869 recvfrom(45, 0x799266d820, 2272, MSG_DONTWAIT, NULL, NULL) = -1 EAGAIN (Try again)
27738 1784062268.514264 socket(AF_UNIX, SOCK_DGRAM|SOCK_CLOEXEC|SOCK_NONBLOCK, 0) = 50
27738 1784062268.514595 setsockopt(50, SOL_SOCKET, SO_SNDBUF, [1048576], 4) = 0
27738 1784062268.514809 connect(50, {sa_family=AF_UNIX, sun_path="/dev/socket/statsdw"}, 110) = 0
27738 1784062268.529087 newfstatat(AT_FDCWD, "/system/framework/framework-res.apk", {st_mode=S_IFREG|0644, st_size=45992421, ...}, 0) = 0
27738 1784062268.529343 newfstatat(AT_FDCWD, "/product/overlay/GoogleConfigOverlay.apk", {st_mode=S_IFREG|0644, st_size=25070, ...}, 0) = 0
27738 1784062268.529583 newfstatat(AT_FDCWD, "/product/overlay/GoogleWebViewOverlay.apk", {st_mode=S_IFREG|0644, st_size=16815, ...}, 0) = 0
27756 1784062268.530001 clone( <unfinished ...>
27738 1784062268.530012 newfstatat(AT_FDCWD, "/product/overlay/PixelConfigOverlayCommon.apk", {st_mode=S_IFREG|0644, st_size=52833, ...}, 0) = 0
27756 1784062268.530247 <... clone resumed> child_stack=0x79936cbd40, flags=CLONE_VM|CLONE_FS|CLONE_FILES|CLONE_SIGHAND|CLONE_THREAD|CLONE_SYSVSEM|CLONE_SETTLS|CLONE_PARENT_SETTID|CLONE_CHILD_CLEARTID, parent_tidptr=0x79936cbd60, tls=0x79936cc020, child_tidptr=0x79936cbd60) = 27897
27738 1784062268.530253 newfstatat(AT_FDCWD, "/product/overlay/EmulatorConfigOverlay.apk", {st_mode=S_IFREG|0644, st_size=16734, ...}, 0) = 0
27738 1784062268.530648 newfstatat(AT_FDCWD, "/data/app/au.com.wallaceit.reddinator-A2K7NeD7YMYpav05sSSDyw==/base.apk",  <unfinished ...>
27897 1784062268.530760 openat(AT_FDCWD, "/proc/27897/timerslack_ns", O_WRONLY|O_CREAT|O_TRUNC|O_NOFOLLOW|O_CLOEXEC, 0666 <unfinished ...>
27738 1784062268.530777 <... newfstatat resumed> {st_mode=S_IFREG|0644, st_size=3367335, ...}, 0) = 0
27897 1784062268.530902 <... openat resumed> ) = 62
27738 1784062268.532034 clone( <unfinished ...>
27760 1784062268.532284 clone( <unfinished ...>
27738 1784062268.532286 <... clone resumed> child_stack=0x79935ced40, flags=CLONE_VM|CLONE_FS|CLONE_FILES|CLONE_SIGHAND|CLONE_THREAD|CLONE_SYSVSEM|CLONE_SETTLS|CLONE_PARENT_SETTID|CLONE_CHILD_CLEARTID, parent_tidptr=0x79935ced60, tls=0x79935cf020, child_tidptr=0x79935ced60) = 27898
27760 1784062268.532707 <... clone resumed> child_stack=0x79934d1d40, flags=CLONE_VM|CLONE_FS|CLONE_FILES|CLONE_SIGHAND|CLONE_THREAD|CLONE_SYSVSEM|CLONE_SETTLS|CLONE_PARENT_SETTID|CLONE_CHILD_CLEARTID, parent_tidptr=0x79934d1d60, tls=0x79934d2020, child_tidptr=0x79934d1d60) = 27899
27738 1784062268.533415 newfstatat(AT_FDCWD, "/system/framework/framework-res.apk", {st_mode=S_IFREG|0644, st_size=45992421, ...}, 0) = 0
27738 1784062268.533999 newfstatat(AT_FDCWD, "/product/overlay/GoogleConfigOverlay.apk", {st_mode=S_IFREG|0644, st_size=25070, ...}, 0) = 0
27738 1784062268.534296 newfstatat(AT_FDCWD, "/product/overlay/GoogleWebViewOverlay.apk", {st_mode=S_IFREG|0644, st_size=16815, ...}, 0) = 0
27738 1784062268.534633 newfstatat(AT_FDCWD, "/product/overlay/PixelConfigOverlayCommon.apk", {st_mode=S_IFREG|0644, st_size=52833, ...}, 0) = 0
27738 1784062268.535213 newfstatat(AT_FDCWD, "/product/overlay/EmulatorConfigOverlay.apk", {st_mode=S_IFREG|0644, st_size=16734, ...}, 0) = 0
27738 1784062268.535913 newfstatat(AT_FDCWD, "/data/app/au.com.wallaceit.reddinator-A2K7NeD7YMYpav05sSSDyw==/base.apk", {st_mode=S_IFREG|0644, st_size=3367335, ...}, 0) = 0
27898 1784062268.538791 exit(0)         = ?
27899 1784062268.539129 exit(0 <unfinished ...>
27898 1784062268.539186 +++ exited with 0 +++
27899 1784062268.539314 <... exit resumed>) = ?
27899 1784062268.539481 +++ exited with 0 +++
27738 1784062268.541033 newfstatat(AT_FDCWD, "/system/framework/framework-res.apk", {st_mode=S_IFREG|0644, st_size=45992421, ...}, 0) = 0
27738 1784062268.541206 newfstatat(AT_FDCWD, "/product/overlay/GoogleConfigOverlay.apk", {st_mode=S_IFREG|0644, st_size=25070, ...}, 0) = 0
27738 1784062268.541356 newfstatat(AT_FDCWD, "/product/overlay/GoogleWebViewOverlay.apk", {st_mode=S_IFREG|0644, st_size=16815, ...}, 0) = 0
27738 1784062268.541503 newfstatat(AT_FDCWD, "/product/overlay/PixelConfigOverlayCommon.apk", {st_mode=S_IFREG|0644, st_size=52833, ...}, 0) = 0
27738 1784062268.541655 newfstatat(AT_FDCWD, "/product/overlay/EmulatorConfigOverlay.apk", {st_mode=S_IFREG|0644, st_size=16734, ...}, 0) = 0
27738 1784062268.542022 newfstatat(AT_FDCWD, "/data/app/au.com.wallaceit.reddinator-A2K7NeD7YMYpav05sSSDyw==/base.apk", {st_mode=S_IFREG|0644, st_size=3367335, ...}, 0) = 0
27738 1784062268.576901 faccessat(AT_FDCWD, "/data/user/0/au.com.wallaceit.reddinator", F_OK) = 0
27738 1784062268.577082 faccessat(AT_FDCWD, "/data/user/0/au.com.wallaceit.reddinator/shared_prefs", F_OK) = 0
27774 1784062268.580473 sendmsg(72, {msg_name=NULL, msg_namelen=0, msg_iov=[{iov_base="l\1\1\1\340\0\0\0L\0\0\0\235\0\0\0\1\1o\0;\0\0\0/re/frid"..., iov_len=400}], msg_iovlen=1, msg_controllen=0, msg_flags=0}, MSG_NOSIGNAL) = 400
27774 1784062268.584435 sendmsg(72, {msg_name=NULL, msg_namelen=0, msg_iov=[{iov_base="l\1\1\1\344\0\0\0M\0\0\0\235\0\0\0\1\1o\0;\0\0\0/re/frid"..., iov_len=404}], msg_iovlen=1, msg_controllen=0, msg_flags=0}, MSG_NOSIGNAL) = 404
27774 1784062268.588092 sendmsg(72, {msg_name=NULL, msg_namelen=0, msg_iov=[{iov_base="l\1\1\1\344\0\0\0N\0\0\0\235\0\0\0\1\1o\0;\0\0\0/re/frid"..., iov_len=404}], msg_iovlen=1, msg_controllen=0, msg_flags=0}, MSG_NOSIGNAL) = 404
27774 1784062268.591320 sendmsg(72, {msg_name=NULL, msg_namelen=0, msg_iov=[{iov_base="l\1\1\1\354\0\0\0O\0\0\0\235\0\0\0\1\1o\0;\0\0\0/re/frid"..., iov_len=412}], msg_iovlen=1, msg_controllen=0, msg_flags=0}, MSG_NOSIGNAL) = 412
27738 1784062268.597947 recvfrom(43, 0x7fc64fed60, 3200, MSG_DONTWAIT, NULL, NULL) = -1 EAGAIN (Try again)
27738 1784062268.603138 recvfrom(43, "nysv\0\0\0\0\0\0\0\0\0\0\0\0\265z\323(\326\1\0\0-\325\1\0\0\0\0\0", 3200, MSG_DONTWAIT, NULL, NULL) = 32
27738 1784062268.604685 recvfrom(43, 0x7fc64ff090, 3200, MSG_DONTWAIT, NULL, NULL) = -1 EAGAIN (Try again)
27738 1784062268.604837 recvfrom(63, 0x7a27ec7420, 2272, MSG_DONTWAIT, NULL, NULL) = -1 EAGAIN (Try again)
27738 1784062268.605516 recvfrom(43, 0x7fc64feaf0, 3200, MSG_DONTWAIT, NULL, NULL) = -1 EAGAIN (Try again)
27738 1784062268.682738 recvfrom(43, "nysv\0\0\0\0\0\0\0\0\0\0\0\0\350\25\322)\326\1\0\0.\325\1\0\0\0\0\0", 3200, MSG_DONTWAIT, NULL, NULL) = 32
27738 1784062268.682903 recvfrom(43, 0x7fc64ff090, 3200, MSG_DONTWAIT, NULL, NULL) = -1 EAGAIN (Try again)
27738 1784062268.694365 recvfrom(63, 0x7a27ec7420, 2272, MSG_DONTWAIT, NULL, NULL) = -1 EAGAIN (Try again)
27738 1784062268.696718 recvfrom(43, 0x7fc64fe740, 3200, MSG_DONTWAIT, NULL, NULL) = -1 EAGAIN (Try again)
27738 1784062268.702222 recvfrom(43, "nysv\0\0\0\0\0\0\0\0\0\0\0\0d\216\313.\326\1\0\0003\325\1\0\0\0\0\0", 3200, MSG_DONTWAIT, NULL, NULL) = 32
27738 1784062268.702886 recvfrom(43, 0x7fc64ff090, 3200, MSG_DONTWAIT, NULL, NULL) = -1 EAGAIN (Try again)
27738 1784062268.704720 recvfrom(63, 0x7a27ec7420, 2272, MSG_DONTWAIT, NULL, NULL) = -1 EAGAIN (Try again)
27738 1784062268.705664 recvfrom(43, 0x7fc64fd9f0, 3200, MSG_DONTWAIT, NULL, NULL) = -1 EAGAIN (Try again)
27738 1784062268.732388 recvfrom(43, "nysv\0\0\0\0\0\0\0\0\0\0\0\0\224\37\312/\326\1\0\0004\325\1\0\0\0\0\0", 3200, MSG_DONTWAIT, NULL, NULL) = 32
27738 1784062268.732594 recvfrom(43, 0x7fc64ff090, 3200, MSG_DONTWAIT, NULL, NULL) = -1 EAGAIN (Try again)
27738 1784062268.732809 recvfrom(43, 0x7fc64fed20, 3200, MSG_DONTWAIT, NULL, NULL) = -1 EAGAIN (Try again)
27738 1784062268.766523 recvfrom(43, "nysv\0\0\0\0\0\0\0\0\0\0\0\0K\262\3100\326\1\0\0005\325\1\0\0\0\0\0", 3200, MSG_DONTWAIT, NULL, NULL) = 32
27738 1784062268.766780 recvfrom(43, 0x7fc64ff090, 3200, MSG_DONTWAIT, NULL, NULL) = -1 EAGAIN (Try again)
27738 1784062268.766990 recvfrom(63, 0x7a27ec7420, 2272, MSG_DONTWAIT, NULL, NULL) = -1 EAGAIN (Try again)
27738 1784062269.091168 recvfrom(43, 0x7fc64ff0e0, 3200, MSG_DONTWAIT, NULL, NULL) = -1 EAGAIN (Try again)
27738 1784062269.096194 clone(child_stack=0x7992d84d40, flags=CLONE_VM|CLONE_FS|CLONE_FILES|CLONE_SIGHAND|CLONE_THREAD|CLONE_SYSVSEM|CLONE_SETTLS|CLONE_PARENT_SETTID|CLONE_CHILD_CLEARTID, parent_tidptr=0x7992d84d60, tls=0x7992d85020, child_tidptr=0x7992d84d60) = 27900
27738 1784062269.104034 recvfrom(43, "nysv\0\0\0\0\0\0\0\0\0\0\0\0\177`\242F\326\1\0\0K\325\1\0\0\0\0\0", 3200, MSG_DONTWAIT, NULL, NULL) = 32
27738 1784062269.104717 recvfrom(43, 0x7fc64ff090, 3200, MSG_DONTWAIT, NULL, NULL) = -1 EAGAIN (Try again)
27738 1784062269.106155 recvfrom(45, 0x799266d820, 2272, MSG_DONTWAIT, NULL, NULL) = -1 EAGAIN (Try again)
27738 1784062269.805691 recvfrom(43, 0x7fc64feea0, 3200, MSG_DONTWAIT, NULL, NULL) = -1 EAGAIN (Try again)
27738 1784062269.823540 recvfrom(43, "nysv\0\0\0\0\0\0\0\0\0\0\0\0\347\246Uq\326\1\0\0v\325\1\0\0\0\0\0", 3200, MSG_DONTWAIT, NULL, NULL) = 32
27738 1784062269.824518 recvfrom(43, 0x7fc64ff090, 3200, MSG_DONTWAIT, NULL, NULL) = -1 EAGAIN (Try again)
27738 1784062269.826460 recvfrom(63, 0x7a27ec7420, 2272, MSG_DONTWAIT, NULL, NULL) = -1 EAGAIN (Try again)
27738 1784062269.827385 recvfrom(43, 0x7fc64fe1c0, 3200, MSG_DONTWAIT, NULL, NULL) = -1 EAGAIN (Try again)
27738 1784062269.835375 recvfrom(43, "nysv\0\0\0\0\0\0\0\0\0\0\0\0\260ITr\326\1\0\0w\325\1\0\0\0\0\0", 3200, MSG_DONTWAIT, NULL, NULL) = 32
27738 1784062269.835951 recvfrom(43, 0x7fc64ff090, 3200, MSG_DONTWAIT, NULL, NULL) = -1 EAGAIN (Try again)
27738 1784062269.838936 recvfrom(63, 0x7a27ec7420, 2272, MSG_DONTWAIT, NULL, NULL) = -1 EAGAIN (Try again)
27738 1784062269.840964 recvfrom(43, 0x7fc64fe1c0, 3200, MSG_DONTWAIT, NULL, NULL) = -1 EAGAIN (Try again)
27738 1784062269.852971 recvfrom(43, "nysv\0\0\0\0\0\0\0\0\0\0\0\0n\356Rs\326\1\0\0x\325\1\0\0\0\0\0", 3200, MSG_DONTWAIT, NULL, NULL) = 32
27738 1784062269.853576 recvfrom(43, 0x7fc64ff090, 3200, MSG_DONTWAIT, NULL, NULL) = -1 EAGAIN (Try again)
27738 1784062269.854970 recvfrom(63, 0x7a27ec7420, 2272, MSG_DONTWAIT, NULL, NULL) = -1 EAGAIN (Try again)
27738 1784062269.855811 recvfrom(43, 0x7fc64fe1c0, 3200, MSG_DONTWAIT, NULL, NULL) = -1 EAGAIN (Try again)
27738 1784062269.871627 recvfrom(43, "nysv\0\0\0\0\0\0\0\0\0\0\0\0\341\220Qt\326\1\0\0y\325\1\0\0\0\0\0", 3200, MSG_DONTWAIT, NULL, NULL) = 32
27738 1784062269.872111 recvfrom(43, 0x7fc64ff090, 3200, MSG_DONTWAIT, NULL, NULL) = -1 EAGAIN (Try again)
27738 1784062269.872789 recvfrom(63, 0x7a27ec7420, 2272, MSG_DONTWAIT, NULL, NULL) = -1 EAGAIN (Try again)
27738 1784062269.873423 recvfrom(43, 0x7fc64fe1c0, 3200, MSG_DONTWAIT, NULL, NULL) = -1 EAGAIN (Try again)
27738 1784062269.884949 recvfrom(43, "nysv\0\0\0\0\0\0\0\0\0\0\0\0\2471Pu\326\1\0\0z\325\1\0\0\0\0\0", 3200, MSG_DONTWAIT, NULL, NULL) = 32
27738 1784062269.885451 recvfrom(43, 0x7fc64ff090, 3200, MSG_DONTWAIT, NULL, NULL) = -1 EAGAIN (Try again)
27738 1784062269.886535 recvfrom(63, 0x7a27ec7420, 2272, MSG_DONTWAIT, NULL, NULL) = -1 EAGAIN (Try again)
27738 1784062269.887374 recvfrom(43, 0x7fc64fe1c0, 3200, MSG_DONTWAIT, NULL, NULL) = -1 EAGAIN (Try again)
27738 1784062269.902579 recvfrom(43, "nysv\0\0\0\0\0\0\0\0\0\0\0\0\320\261Nv\326\1\0\0{\325\1\0\0\0\0\0", 3200, MSG_DONTWAIT, NULL, NULL) = 32
27738 1784062269.910814 recvfrom(43, 0x7fc64ff090, 3200, MSG_DONTWAIT, NULL, NULL) = -1 EAGAIN (Try again)
27738 1784062269.911394 recvfrom(63, 0x7a27ec7420, 2272, MSG_DONTWAIT, NULL, NULL) = -1 EAGAIN (Try again)
27738 1784062269.911942 recvfrom(43, 0x7fc64fe1c0, 3200, MSG_DONTWAIT, NULL, NULL) = -1 EAGAIN (Try again)
27738 1784062269.918430 recvfrom(43, "nysv\0\0\0\0\0\0\0\0\0\0\0\0007SMw\326\1\0\0|\325\1\0\0\0\0\0", 3200, MSG_DONTWAIT, NULL, NULL) = 32
27738 1784062269.918844 recvfrom(43, 0x7fc64ff090, 3200, MSG_DONTWAIT, NULL, NULL) = -1 EAGAIN (Try again)
27738 1784062269.921611 recvfrom(63, 0x7a27ec7420, 2272, MSG_DONTWAIT, NULL, NULL) = -1 EAGAIN (Try again)
27738 1784062269.923756 recvfrom(43, 0x7fc64fe1c0, 3200, MSG_DONTWAIT, NULL, NULL) = -1 EAGAIN (Try again)
27738 1784062269.935735 recvfrom(43, "nysv\0\0\0\0\0\0\0\0\0\0\0\0\315\304Kx\326\1\0\0}\325\1\0\0\0\0\0", 3200, MSG_DONTWAIT, NULL, NULL) = 32
27738 1784062269.936047 recvfrom(43, 0x7fc64ff090, 3200, MSG_DONTWAIT, NULL, NULL) = -1 EAGAIN (Try again)
27738 1784062269.936651 recvfrom(63, 0x7a27ec7420, 2272, MSG_DONTWAIT, NULL, NULL) = -1 EAGAIN (Try again)
27738 1784062269.938793 recvfrom(43, 0x7fc64fe1c0, 3200, MSG_DONTWAIT, NULL, NULL) = -1 EAGAIN (Try again)
27738 1784062269.952946 recvfrom(43, "nysv\0\0\0\0\0\0\0\0\0\0\0\0\367\24Jy\326\1\0\0~\325\1\0\0\0\0\0", 3200, MSG_DONTWAIT, NULL, NULL) = 32
27738 1784062269.953338 recvfrom(43, 0x7fc64ff090, 3200, MSG_DONTWAIT, NULL, NULL) = -1 EAGAIN (Try again)
27738 1784062269.955229 recvfrom(63, 0x7a27ec7420, 2272, MSG_DONTWAIT, NULL, NULL) = -1 EAGAIN (Try again)
27738 1784062269.956829 recvfrom(43, 0x7fc64fe1c0, 3200, MSG_DONTWAIT, NULL, NULL) = -1 EAGAIN (Try again)
27738 1784062269.969805 recvfrom(43, "nysv\0\0\0\0\0\0\0\0\0\0\0\0ImHz\326\1\0\0\177\325\1\0\0\0\0\0", 3200, MSG_DONTWAIT, NULL, NULL) = 32
27738 1784062269.970225 recvfrom(43, 0x7fc64ff090, 3200, MSG_DONTWAIT, NULL, NULL) = -1 EAGAIN (Try again)
27738 1784062269.970612 recvfrom(63, 0x7a27ec7420, 2272, MSG_DONTWAIT, NULL, NULL) = -1 EAGAIN (Try again)
27738 1784062269.973700 recvfrom(43, 0x7fc64fe1c0, 3200, MSG_DONTWAIT, NULL, NULL) = -1 EAGAIN (Try again)
27738 1784062269.986183 recvfrom(43, "nysv\0\0\0\0\0\0\0\0\0\0\0\0\303\312F{\326\1\0\0\200\325\1\0\0\0\0\0", 3200, MSG_DONTWAIT, NULL, NULL) = 32
27738 1784062269.986586 recvfrom(43, 0x7fc64ff090, 3200, MSG_DONTWAIT, NULL, NULL) = -1 EAGAIN (Try again)
27738 1784062269.986983 recvfrom(63, 0x7a27ec7420, 2272, MSG_DONTWAIT, NULL, NULL) = -1 EAGAIN (Try again)
27738 1784062269.988902 recvfrom(43, 0x7fc64fe1c0, 3200, MSG_DONTWAIT, NULL, NULL) = -1 EAGAIN (Try again)
27738 1784062270.003166 recvfrom(43, "nysv\0\0\0\0\0\0\0\0\0\0\0\0\305\32E|\326\1\0\0\201\325\1\0\0\0\0\0", 3200, MSG_DONTWAIT, NULL, NULL) = 32
27738 1784062270.003581 recvfrom(43, 0x7fc64ff090, 3200, MSG_DONTWAIT, NULL, NULL) = -1 EAGAIN (Try again)
27738 1784062270.003979 recvfrom(63, 0x7a27ec7420, 2272, MSG_DONTWAIT, NULL, NULL) = -1 EAGAIN (Try again)
27738 1784062270.007041 recvfrom(43, 0x7fc64fe1c0, 3200, MSG_DONTWAIT, NULL, NULL) = -1 EAGAIN (Try again)
27738 1784062270.019351 recvfrom(43, "nysv\0\0\0\0\0\0\0\0\0\0\0\0\357jC}\326\1\0\0\202\325\1\0\0\0\0\0", 3200, MSG_DONTWAIT, NULL, NULL) = 32
27738 1784062270.019654 recvfrom(43, 0x7fc64ff090, 3200, MSG_DONTWAIT, NULL, NULL) = -1 EAGAIN (Try again)
27738 1784062270.020196 recvfrom(63, 0x7a27ec7420, 2272, MSG_DONTWAIT, NULL, NULL) = -1 EAGAIN (Try again)
27738 1784062270.023030 recvfrom(43, 0x7fc64fe1c0, 3200, MSG_DONTWAIT, NULL, NULL) = -1 EAGAIN (Try again)
27738 1784062270.035818 recvfrom(43, "nysv\0\0\0\0\0\0\0\0\0\0\0\0\31\273A~\326\1\0\0\203\325\1\0\0\0\0\0", 3200, MSG_DONTWAIT, NULL, NULL) = 32
27738 1784062270.036096 recvfrom(43, 0x7fc64ff090, 3200, MSG_DONTWAIT, NULL, NULL) = -1 EAGAIN (Try again)
27738 1784062270.036834 recvfrom(63, 0x7a27ec7420, 2272, MSG_DONTWAIT, NULL, NULL) = -1 EAGAIN (Try again)
27738 1784062270.038900 recvfrom(43, 0x7fc64fe1c0, 3200, MSG_DONTWAIT, NULL, NULL) = -1 EAGAIN (Try again)
27738 1784062270.053058 recvfrom(43, "nysv\0\0\0\0\0\0\0\0\0\0\0\0C\v@\177\326\1\0\0\204\325\1\0\0\0\0\0", 3200, MSG_DONTWAIT, NULL, NULL) = 32
27738 1784062270.053573 recvfrom(43, 0x7fc64ff090, 3200, MSG_DONTWAIT, NULL, NULL) = -1 EAGAIN (Try again)
27738 1784062270.055468 recvfrom(63, 0x7a27ec7420, 2272, MSG_DONTWAIT, NULL, NULL) = -1 EAGAIN (Try again)
27738 1784062270.056810 recvfrom(43, 0x7fc64fe1c0, 3200, MSG_DONTWAIT, NULL, NULL) = -1 EAGAIN (Try again)
27738 1784062270.069607 recvfrom(43, "nysv\0\0\0\0\0\0\0\0\0\0\0\0\337b>\200\326\1\0\0\205\325\1\0\0\0\0\0", 3200, MSG_DONTWAIT, NULL, NULL) = 32
27738 1784062270.070039 recvfrom(43, 0x7fc64ff090, 3200, MSG_DONTWAIT, NULL, NULL) = -1 EAGAIN (Try again)
27738 1784062270.070595 recvfrom(63, 0x7a27ec7420, 2272, MSG_DONTWAIT, NULL, NULL) = -1 EAGAIN (Try again)
27738 1784062270.071442 recvfrom(43, 0x7fc64fe1c0, 3200, MSG_DONTWAIT, NULL, NULL) = -1 EAGAIN (Try again)
27738 1784062270.087007 recvfrom(43, "nysv\0\0\0\0\0\0\0\0\0\0\0\0\217\215<\201\326\1\0\0\206\325\1\0\0\0\0\0", 3200, MSG_DONTWAIT, NULL, NULL) = 32
27738 1784062270.087520 recvfrom(43, 0x7fc64ff090, 3200, MSG_DONTWAIT, NULL, NULL) = -1 EAGAIN (Try again)
27738 1784062270.087923 recvfrom(63, 0x7a27ec7420, 2272, MSG_DONTWAIT, NULL, NULL) = -1 EAGAIN (Try again)
27738 1784062270.089789 recvfrom(43, 0x7fc64fe1c0, 3200, MSG_DONTWAIT, NULL, NULL) = -1 EAGAIN (Try again)
27738 1784062270.102505 recvfrom(43, "nysv\0\0\0\0\0\0\0\0\0\0\0\0\310\366:\202\326\1\0\0\207\325\1\0\0\0\0\0", 3200, MSG_DONTWAIT, NULL, NULL) = 32
27738 1784062270.102781 recvfrom(43, 0x7fc64ff090, 3200, MSG_DONTWAIT, NULL, NULL) = -1 EAGAIN (Try again)
27738 1784062270.103361 recvfrom(63, 0x7a27ec7420, 2272, MSG_DONTWAIT, NULL, NULL) = -1 EAGAIN (Try again)
27738 1784062270.104194 recvfrom(43, 0x7fc64fe1c0, 3200, MSG_DONTWAIT, NULL, NULL) = -1 EAGAIN (Try again)
27738 1784062270.120187 recvfrom(43, "nysv\0\0\0\0\0\0\0\0\0\0\0\0\362F9\203\326\1\0\0\210\325\1\0\0\0\0\0", 3200, MSG_DONTWAIT, NULL, NULL) = 32
27738 1784062270.120588 recvfrom(43, 0x7fc64ff090, 3200, MSG_DONTWAIT, NULL, NULL) = -1 EAGAIN (Try again)
27738 1784062270.120985 recvfrom(63, 0x7a27ec7420, 2272, MSG_DONTWAIT, NULL, NULL) = -1 EAGAIN (Try again)
27738 1784062270.121976 recvfrom(43, 0x7fc64fe1c0, 3200, MSG_DONTWAIT, NULL, NULL) = -1 EAGAIN (Try again)
27738 1784062270.135412 recvfrom(43, "nysv\0\0\0\0\0\0\0\0\0\0\0\0\360\3307\204\326\1\0\0\211\325\1\0\0\0\0\0", 3200, MSG_DONTWAIT, NULL, NULL) = 32
27738 1784062270.135800 recvfrom(43, 0x7fc64ff090, 3200, MSG_DONTWAIT, NULL, NULL) = -1 EAGAIN (Try again)
27738 1784062270.136360 recvfrom(63, 0x7a27ec7420, 2272, MSG_DONTWAIT, NULL, NULL) = -1 EAGAIN (Try again)
27738 1784062270.139841 recvfrom(43, 0x7fc64fe1c0, 3200, MSG_DONTWAIT, NULL, NULL) = -1 EAGAIN (Try again)
27738 1784062270.152506 recvfrom(43, "nysv\0\0\0\0\0\0\0\0\0\0\0\0 L6\205\326\1\0\0\212\325\1\0\0\0\0\0", 3200, MSG_DONTWAIT, NULL, NULL) = 32
27738 1784062270.152846 recvfrom(43, 0x7fc64ff090, 3200, MSG_DONTWAIT, NULL, NULL) = -1 EAGAIN (Try again)
27738 1784062270.153363 recvfrom(63, 0x7a27ec7420, 2272, MSG_DONTWAIT, NULL, NULL) = -1 EAGAIN (Try again)
27738 1784062270.154275 recvfrom(43, 0x7fc64fe1c0, 3200, MSG_DONTWAIT, NULL, NULL) = -1 EAGAIN (Try again)
27738 1784062270.168605 recvfrom(43, "nysv\0\0\0\0\0\0\0\0\0\0\0\0d\2374\206\326\1\0\0\213\325\1\0\0\0\0\0", 3200, MSG_DONTWAIT, NULL, NULL) = 32
27738 1784062270.168941 recvfrom(43, 0x7fc64ff090, 3200, MSG_DONTWAIT, NULL, NULL) = -1 EAGAIN (Try again)
27738 1784062270.169501 recvfrom(63, 0x7a27ec7420, 2272, MSG_DONTWAIT, NULL, NULL) = -1 EAGAIN (Try again)
27738 1784062270.170481 recvfrom(43, 0x7fc64fe1c0, 3200, MSG_DONTWAIT, NULL, NULL) = -1 EAGAIN (Try again)
27738 1784062270.186411 recvfrom(43, "nysv\0\0\0\0\0\0\0\0\0\0\0\0\216\3572\207\326\1\0\0\214\325\1\0\0\0\0\0", 3200, MSG_DONTWAIT, NULL, NULL) = 32
27738 1784062270.186718 recvfrom(43, 0x7fc64ff090, 3200, MSG_DONTWAIT, NULL, NULL) = -1 EAGAIN (Try again)
27738 1784062270.187598 recvfrom(63, 0x7a27ec7420, 2272, MSG_DONTWAIT, NULL, NULL) = -1 EAGAIN (Try again)
27758 1784062275.375600 openat(AT_FDCWD, "/data/misc/profiles/cur/0/au.com.wallaceit.reddinator/primary.prof", O_RDWR|O_NOFOLLOW|O_CLOEXEC) = 53
27758 1784062275.375734 newfstatat(AT_FDCWD, "/data/misc/profiles/cur/0/au.com.wallaceit.reddinator/primary.prof", {st_mode=S_IFREG|0600, st_size=1650, ...}, 0) = 0
