29620 1784444740.040140 sendmsg(150, {msg_name=NULL, msg_namelen=0, msg_iov=[{iov_base="l\1\1\1\374\0\0\0L\0\0\0\235\0\0\0\1\1o\0;\0\0\0/re/frid"..., iov_len=428}], msg_iovlen=1, msg_controllen=0, msg_flags=0}, MSG_NOSIGNAL) = 428
29517 1784444741.044835 sendto(109, "h\0\0\0\0\0\0\0\5\0\0\0\0\0\0\0\0\0\0\0\0\0\0\0\21\362\271\10>xts"..., 104, MSG_NOSIGNAL, NULL, 0) = 104
29576 1784444741.045669 recvmsg(109, {msg_name=NULL, msg_namelen=0, msg_iov=[{iov_base="P\2\0\0\0\0\0\0\5\0\0\0\0\0\0\0\0\0\0\0\0\0\0\0\201\221BX\24\272\240N"..., iov_len=4096}], msg_iovlen=1, msg_controllen=0, msg_flags=0}, MSG_DONTWAIT) = 592
29576 1784444741.052896 sendto(109, "\310\0\0\0\0\0\0\0\5\0\0\0\0\0\0\0\0\0\0\0\0\0\0\0~Bo\22i\214\v|"..., 200, MSG_NOSIGNAL, NULL, 0) = 200
29576 1784444741.053300 sendto(109, "h\0\0\0\0\0\0\0\5\0\0\0\0\0\0\0\0\0\0\0\0\0\0\0~Bo\22i\214\v|"..., 104, MSG_NOSIGNAL, NULL, 0) = 104
29576 1784444741.056863 recvmsg(109, {msg_name=NULL, msg_namelen=0, msg_iov=[{iov_base="8\1\0\0\0\0\0\0\5\0\0\0\0\0\0\0\0\0\0\0\0\0\0\0\r\232\223\366\375s\303\332"..., iov_len=4096}], msg_iovlen=1, msg_controllen=0, msg_flags=0}, MSG_DONTWAIT) = 624
29576 1784444741.057452 sendto(109, "(\0\0\0\0\0\0\0\5\0\0\0\0\0\0\0\1\0\0\0\0\0\0\0!\355\20\217\251\273h\32"..., 40, MSG_NOSIGNAL, NULL, 0) = 40
29576 1784444741.058206 sendto(109, "(\0\0\0\0\0\0\0\5\0\0\0\0\0\0\0\1\0\0\0\0\0\0\0\320\32\363Sm\216o\205"..., 40, MSG_NOSIGNAL, NULL, 0) = 40
29576 1784444741.059310 recvmsg(109, {msg_name=NULL, msg_namelen=0, msg_iov=[{iov_base="h\0\0\0\0\0\0\0\5\0\0\0\0\0\0\0\2\0\0\0\0\0\0\0oz*\f4\213\363\335"..., iov_len=4096}], msg_iovlen=1, msg_controllen=0, msg_flags=0}, MSG_DONTWAIT) = 504
29576 1784444741.059714 sendto(109, "h\0\0\0\0\0\0\0\5\0\0\0\0\0\0\0\2\0\0\0\0\0\0\0\2147m\324-\210`\34"..., 104, MSG_NOSIGNAL, NULL, 0) = 104
29576 1784444741.060224 sendto(109, "(\0\0\0\0\0\0\0\5\0\0\0\0\0\0\0\1\0\0\0\0\0\0\0i\3651\302\344\322Tp"..., 40, MSG_NOSIGNAL, NULL, 0) = 40
29576 1784444741.060799 sendto(109, "h\0\0\0\0\0\0\0\5\0\0\0\0\0\0\0\2\0\0\0\0\0\0\0p\23\352B\335\204\344\313"..., 104, MSG_NOSIGNAL, NULL, 0) = 104
29517 1784444741.061805 sendto(109, "h\0\0\0\0\0\0\0\5\0\0\0\0\0\0\0\0\0\0\0\0\0\0\0\4Q\337\212px\273\245"..., 104, MSG_NOSIGNAL, NULL, 0) = 104
29576 1784444741.062506 recvmsg(109, {msg_name=NULL, msg_namelen=0, msg_iov=[{iov_base="h\0\0\0\0\0\0\0\5\0\0\0\0\0\0\0\2\0\0\0\0\0\0\0002\16mce\200\253\336"..., iov_len=4096}], msg_iovlen=1, msg_controllen=0, msg_flags=0}, MSG_DONTWAIT) = 104
29576 1784444741.063140 sendto(109, "h\0\0\0\0\0\0\0\5\0\0\0\0\0\0\0\2\0\0\0\0\0\0\0\4Q\337\212px\273\245"..., 104, MSG_NOSIGNAL, NULL, 0) = 104
29620 1784444741.075460 sendmsg(150, {msg_name=NULL, msg_namelen=0, msg_iov=[{iov_base="l\1\1\1\374\0\0\0M\0\0\0\235\0\0\0\1\1o\0;\0\0\0/re/frid"..., iov_len=428}], msg_iovlen=1, msg_controllen=0, msg_flags=0}, MSG_NOSIGNAL) = 428
29620 1784444741.094437 sendmsg(150, {msg_name=NULL, msg_namelen=0, msg_iov=[{iov_base="l\1\1\1\374\0\0\0N\0\0\0\235\0\0\0\1\1o\0;\0\0\0/re/frid"..., iov_len=428}], msg_iovlen=1, msg_controllen=0, msg_flags=0}, MSG_NOSIGNAL) = 428
29620 1784444741.107453 sendmsg(150, {msg_name=NULL, msg_namelen=0, msg_iov=[{iov_base="l\1\1\1\374\0\0\0O\0\0\0\235\0\0\0\1\1o\0;\0\0\0/re/frid"..., iov_len=428}], msg_iovlen=1, msg_controllen=0, msg_flags=0}, MSG_NOSIGNAL) = 428
29576 1784444741.210396 recvmsg(109, {msg_name=NULL, msg_namelen=0, msg_iov=[{iov_base="\310\0\0\0\0\0\0\0\5\0\0\0\0\0\0\0\0\0\0\0\0\0\0\0\370\336l\300\351\237U\""..., iov_len=4096}], msg_iovlen=1, msg_controllen=0, msg_flags=0}, MSG_DONTWAIT) = 4096
29576 1784444741.210897 recvmsg(109, {msg_name=NULL, msg_namelen=0, msg_iov=[{iov_base="\16\0\0\0\6\0\0\0Roboto\0\0'\0\0\0\37\0\0\0Search a"..., iov_len=35264}], msg_iovlen=1, msg_controllen=0, msg_flags=0}, MSG_DONTWAIT) = 35264
29576 1784444741.215098 sendto(109, "h\0\0\0\0\0\0\0\5\0\0\0\0\0\0\0\0\0\0\0\0\0\0\0~Bo\22i\214\v|"..., 104, MSG_NOSIGNAL, NULL, 0) = 104
29576 1784444741.369858 recvmsg(109, {msg_name=NULL, msg_namelen=0, msg_iov=[{iov_base="\360\35\0\0\0\0\0\0\5\0\0\0\0\0\0\0\0\0\0\0\0\0\0\0\370\336l\300\351\237U\""..., iov_len=4096}], msg_iovlen=1, msg_controllen=0, msg_flags=0}, MSG_DONTWAIT) = 4096
29576 1784444741.370617 recvmsg(109, {msg_name=NULL, msg_namelen=0, msg_iov=[{iov_base="\10\0\0\0\0\0\0\0h\0\0\0\0\0\0\0-\0\0\0p\0\0\0@\10\0\0\0\0\0\0"..., iov_len=3568}], msg_iovlen=1, msg_controllen=0, msg_flags=0}, MSG_DONTWAIT) = 3568
29576 1784444741.375611 sendto(109, "h\0\0\0\0\0\0\0\5\0\0\0\0\0\0\0\0\0\0\0\0\0\0\0~Bo\22i\214\v|"..., 104, MSG_NOSIGNAL, NULL, 0) = 104
29524 1784444742.335427 exit(0)         = ?
29524 1784444742.336119 +++ exited with 0 +++
29522 1784444742.336527 exit(0 <unfinished ...>
29525 1784444742.336725 exit(0 <unfinished ...>
29522 1784444742.336763 <... exit resumed>) = ?
29525 1784444742.336973 <... exit resumed>) = ?
29525 1784444742.338077 +++ exited with 0 +++
29523 1784444742.338087 exit(0 <unfinished ...>
29522 1784444742.338135 +++ exited with 0 +++
29523 1784444742.338589 <... exit resumed>) = ?
29523 1784444742.338864 +++ exited with 0 +++
29538 1784444742.339030 newfstatat(AT_FDCWD, "/data", {st_mode=S_IFDIR|0771, st_size=4096, ...}, AT_SYMLINK_NOFOLLOW) = 0
29538 1784444742.339105 newfstatat(AT_FDCWD, "/data/app", {st_mode=S_IFDIR|0771, st_size=4096, ...}, AT_SYMLINK_NOFOLLOW) = 0
29538 1784444742.339156 newfstatat(AT_FDCWD, "/data/app/cl.coders.faketraveler-Wh8W2P_44dRDXjRWF5fzLw==", {st_mode=S_IFDIR|0775, st_size=4096, ...}, AT_SYMLINK_NOFOLLOW) = 0
29538 1784444742.339197 newfstatat(AT_FDCWD, "/data/app/cl.coders.faketraveler-Wh8W2P_44dRDXjRWF5fzLw==/base.apk", {st_mode=S_IFREG|0644, st_size=5539288, ...}, AT_SYMLINK_NOFOLLOW) = 0
29538 1784444742.339228 getcwd("/", 4096) = 2
29538 1784444742.339249 newfstatat(AT_FDCWD, "/base.apk", 0x700c735690, AT_SYMLINK_NOFOLLOW) = -1 ENOENT (No such file or directory)
29517 1784444743.467985 clone(child_stack=0x70089dbd40, flags=CLONE_VM|CLONE_FS|CLONE_FILES|CLONE_SIGHAND|CLONE_THREAD|CLONE_SYSVSEM|CLONE_SETTLS|CLONE_PARENT_SETTID|CLONE_CHILD_CLEARTID, parent_tidptr=0x70089dbd60, tls=0x70089dc020, child_tidptr=0x70089dbd60) = 29658
29658 1784444743.481180 faccessat(AT_FDCWD, "/data/user/0/cl.coders.faketraveler", F_OK) = 0
29658 1784444743.481661 faccessat(AT_FDCWD, "/data/user/0/cl.coders.faketraveler/files", F_OK) = 0
29658 1784444743.482093 faccessat(AT_FDCWD, "/data/user/0/cl.coders.faketraveler/files/profileinstaller_profileWrittenFor_lastUpdateTime.dat", F_OK) = 0
29658 1784444743.482512 openat(AT_FDCWD, "/data/user/0/cl.coders.faketraveler/files/profileinstaller_profileWrittenFor_lastUpdateTime.dat", O_RDONLY) = 149
29658 1784444743.484063 getsockopt(149, SOL_SOCKET, SO_ERROR, 0x70089da254, [4]) = -1 ENOTSOCK (Socket operation on non-socket)
29658 1784444743.487765 openat(AT_FDCWD, "/data/app/cl.coders.faketraveler-Wh8W2P_44dRDXjRWF5fzLw==/base.apk", O_RDONLY) = 149
29658 1784444743.489108 getsockopt(149, SOL_SOCKET, SO_ERROR, 0x70089d9c74, [4]) = -1 ENOTSOCK (Socket operation on non-socket)
29658 1784444743.490705 newfstatat(AT_FDCWD, "/data/misc/profiles/ref/cl.coders.faketraveler/primary.prof", 0x70089d9c18, 0) = -1 ENOENT (No such file or directory)
29658 1784444743.491314 faccessat(AT_FDCWD, "/data/misc/profiles/ref/cl.coders.faketraveler/primary.prof", F_OK) = -1 ENOENT (No such file or directory)
29658 1784444743.491977 newfstatat(AT_FDCWD, "/data/misc/profiles/cur/0/cl.coders.faketraveler/primary.prof", {st_mode=S_IFREG|0600, st_size=6799, ...}, 0) = 0
29620 1784444743.492309 sendmsg(150, {msg_name=NULL, msg_namelen=0, msg_iov=[{iov_base="l\1\1\1\374\0\0\0P\0\0\0\235\0\0\0\1\1o\0;\0\0\0/re/frid"..., iov_len=428}], msg_iovlen=1, msg_controllen=0, msg_flags=0}, MSG_NOSIGNAL <unfinished ...>
29658 1784444743.492545 faccessat(AT_FDCWD, "/data/misc/profiles/cur/0/cl.coders.faketraveler/primary.prof", F_OK) = 0
29620 1784444743.493392 <... sendmsg resumed> ) = 428
29658 1784444743.494485 faccessat(AT_FDCWD, "/data/user/0/cl.coders.faketraveler/files", F_OK) = 0
29658 1784444743.494878 faccessat(AT_FDCWD, "/data/user/0/cl.coders.faketraveler/files/profileInstalled", F_OK) = 0
29658 1784444743.495438 openat(AT_FDCWD, "/data/user/0/cl.coders.faketraveler/files/profileInstalled", O_RDONLY) = 149
29658 1784444743.498118 getsockopt(149, SOL_SOCKET, SO_ERROR, 0x70089d9594, [4]) = -1 ENOTSOCK (Socket operation on non-socket)
29658 1784444743.502621 exit(0)         = ?
29658 1784444743.502930 +++ exited with 0 +++
29617 1784444743.552190 faccessat(AT_FDCWD, "/proc/self/task/29658", F_OK) = -1 ENOENT (No such file or directory)
29575 1784444747.431433 openat(AT_FDCWD, "/data/user/0/cl.coders.faketraveler/app_webview/BrowserMetrics-spare.pma.tmp", O_RDWR|O_CREAT|O_TRUNC, 0600) = 149
29575 1784444747.754746 renameat(AT_FDCWD, "/data/user/0/cl.coders.faketraveler/app_webview/BrowserMetrics-spare.pma.tmp", AT_FDCWD, "/data/user/0/cl.coders.faketraveler/app_webview/BrowserMetrics-spare.pma") = 0
29620 1784444752.716808 sendmsg(150, {msg_name=NULL, msg_namelen=0, msg_iov=[{iov_base="l\1\1\1\374\0\0\0Q\0\0\0\235\0\0\0\1\1o\0;\0\0\0/re/frid"..., iov_len=428}], msg_iovlen=1, msg_controllen=0, msg_flags=0}, MSG_NOSIGNAL) = 428
29619 1784444755.152313 exit(0)         = ?
29619 1784444755.152717 +++ exited with 0 +++
29617 1784444755.201834 faccessat(AT_FDCWD, "/proc/self/task/29619", F_OK) = -1 ENOENT (No such file or directory)
29517 1784444757.445951 recvfrom(120, "\2\0\0\0\0\0\0\0\243\24\0\0\0\0\0\0\300\3448\5A\4\0\0\1\0\0\0\2\20\0\0"..., 2272, MSG_DONTWAIT, NULL, NULL) = 232
29517 1784444757.446419 sendto(120, "\3\0\0\0\0\0\0\0\243\24\0\0\1\0\0\0", 16, MSG_DONTWAIT|MSG_NOSIGNAL, NULL, 0) = 16
29517 1784444757.446622 recvfrom(120, "\2\0\0\0\0\0\0\0\245\24\0\0\0\0\0\0\300\3448\5A\4\0\0\1\0\0\0\2\20\0\0"..., 2272, MSG_DONTWAIT, NULL, NULL) = 232
29517 1784444757.447128 recvfrom(39, 0x7fed454890, 3200, MSG_DONTWAIT, NULL, NULL) = -1 EAGAIN (Try again)
29517 1784444757.448733 sendto(120, "\3\0\0\0\0\0\0\0\245\24\0\0\1\0\0\0", 16, MSG_DONTWAIT|MSG_NOSIGNAL, NULL, 0) = 16
29517 1784444757.449036 recvfrom(120, 0x6fac7da020, 2272, MSG_DONTWAIT, NULL, NULL) = -1 EAGAIN (Try again)
29517 1784444757.464286 recvfrom(39, "nysv\0\0\0\0\0\0\0\0\0\0\0\0\3\34Z\6A\4\0\0\20A\4\0\0\0\0\0", 3200, MSG_DONTWAIT, NULL, NULL) = 32
29517 1784444757.464437 recvfrom(39, 0x7fed458190, 3200, MSG_DONTWAIT, NULL, NULL) = -1 EAGAIN (Try again)
29517 1784444757.464728 recvfrom(120, 0x6fac7da020, 2272, MSG_DONTWAIT, NULL, NULL) = -1 EAGAIN (Try again)
29517 1784444757.465208 recvfrom(39, 0x7fed4580f0, 3200, MSG_DONTWAIT, NULL, NULL) = -1 EAGAIN (Try again)
29517 1784444757.468436 socket(AF_UNIX, SOCK_DGRAM|SOCK_CLOEXEC|SOCK_NONBLOCK, 0) = 149
29517 1784444757.468655 setsockopt(149, SOL_SOCKET, SO_SNDBUF, [1048576], 4) = 0
29517 1784444757.468876 connect(149, {sa_family=AF_UNIX, sun_path="/dev/socket/statsdw"}, 110) = 0
29620 1784444757.502167 sendmsg(150, {msg_name=NULL, msg_namelen=0, msg_iov=[{iov_base="l\1\1\18\1\0\0R\0\0\0\235\0\0\0\1\1o\0;\0\0\0/re/frid"..., iov_len=488}], msg_iovlen=1, msg_controllen=0, msg_flags=0}, MSG_NOSIGNAL) = 488
29517 1784444757.505470 recvfrom(39, "nysv\0\0\0\0\0\0\0\0\0\0\0\0N\276X\7A\4\0\0\21A\4\0\0\0\0\0", 3200, MSG_DONTWAIT, NULL, NULL) = 32
29517 1784444757.505797 recvfrom(39, 0x7fed458190, 3200, MSG_DONTWAIT, NULL, NULL) = -1 EAGAIN (Try again)
29517 1784444757.506994 recvfrom(39, 0x7fed4580f0, 3200, MSG_DONTWAIT, NULL, NULL) = -1 EAGAIN (Try again)
29517 1784444757.508173 newfstatat(AT_FDCWD, "/system/framework/framework-res.apk", {st_mode=S_IFREG|0644, st_size=45992421, ...}, 0) = 0
29517 1784444757.508413 newfstatat(AT_FDCWD, "/product/overlay/GoogleConfigOverlay.apk", {st_mode=S_IFREG|0644, st_size=25070, ...}, 0) = 0
29517 1784444757.508642 newfstatat(AT_FDCWD, "/product/overlay/GoogleWebViewOverlay.apk", {st_mode=S_IFREG|0644, st_size=16815, ...}, 0) = 0
29517 1784444757.508887 newfstatat(AT_FDCWD, "/product/overlay/PixelConfigOverlayCommon.apk", {st_mode=S_IFREG|0644, st_size=52833, ...}, 0) = 0
29517 1784444757.509123 newfstatat(AT_FDCWD, "/product/overlay/EmulatorConfigOverlay.apk", {st_mode=S_IFREG|0644, st_size=16734, ...}, 0) = 0
29517 1784444757.509368 newfstatat(AT_FDCWD, "/data/app/cl.coders.faketraveler-Wh8W2P_44dRDXjRWF5fzLw==/base.apk", {st_mode=S_IFREG|0644, st_size=5539288, ...}, 0) = 0
29517 1784444757.509587 newfstatat(AT_FDCWD, "/system/product/app/WebViewGoogle64/WebViewGoogle64.apk", {st_mode=S_IFREG|0644, st_size=63049250, ...}, 0) = 0
29517 1784444757.509834 newfstatat(AT_FDCWD, "/system/product/app/TrichromeLibrary64/TrichromeLibrary64.apk", {st_mode=S_IFREG|0644, st_size=94562500, ...}, 0) = 0
29517 1784444757.511637 clone(child_stack=0x70089dbd40, flags=CLONE_VM|CLONE_FS|CLONE_FILES|CLONE_SIGHAND|CLONE_THREAD|CLONE_SYSVSEM|CLONE_SETTLS|CLONE_PARENT_SETTID|CLONE_CHILD_CLEARTID, parent_tidptr=0x70089dbd60, tls=0x70089dc020, child_tidptr=0x70089dbd60) = 29679
29517 1784444757.515324 recvfrom(39, "nysv\0\0\0\0\0\0\0\0\0\0\0\0\17\376U\tA\4\0\0\23A\4\0\0\0\0\0", 3200, MSG_DONTWAIT, NULL, NULL) = 32
29517 1784444757.515659 recvfrom(39, 0x7fed458190, 3200, MSG_DONTWAIT, NULL, NULL) = -1 EAGAIN (Try again)
29517 1784444757.517801 recvfrom(120, 0x6fac7da020, 2272, MSG_DONTWAIT, NULL, NULL) = -1 EAGAIN (Try again)
29517 1784444757.518027 recvfrom(39, 0x7fed4580f0, 3200, MSG_DONTWAIT, NULL, NULL) = -1 EAGAIN (Try again)
29539 1784444757.528413 recvfrom(43, 0x700c51aeb0, 3200, MSG_DONTWAIT, NULL, NULL) = -1 EAGAIN (Try again)
29620 1784444757.543493 sendmsg(150, {msg_name=NULL, msg_namelen=0, msg_iov=[{iov_base="l\1\1\1\344\0\0\0S\0\0\0\235\0\0\0\1\1o\0;\0\0\0/re/frid"..., iov_len=404}], msg_iovlen=1, msg_controllen=0, msg_flags=0}, MSG_NOSIGNAL) = 404
29620 1784444757.552298 sendmsg(150, {msg_name=NULL, msg_namelen=0, msg_iov=[{iov_base="l\1\1\1\310\0\0\0T\0\0\0\235\0\0\0\1\1o\0;\0\0\0/re/frid"..., iov_len=376}], msg_iovlen=1, msg_controllen=0, msg_flags=0}, MSG_NOSIGNAL) = 376
29517 1784444757.554827 recvfrom(39, "nysv\0\0\0\0\0\0\0\0\0\0\0\0\276\234T\nA\4\0\0\24A\4\0\0\0\0\0", 3200, MSG_DONTWAIT, NULL, NULL) = 32
29517 1784444757.555082 recvfrom(39, 0x7fed458190, 3200, MSG_DONTWAIT, NULL, NULL) = -1 EAGAIN (Try again)
29517 1784444757.556206 recvfrom(39, 0x7fed4580f0, 3200, MSG_DONTWAIT, NULL, NULL) = -1 EAGAIN (Try again)
29517 1784444757.564901 recvfrom(39, "nysv\0\0\0\0\0\0\0\0\0\0\0\0E\321Q\fA\4\0\0\26A\4\0\0\0\0\0", 3200, MSG_DONTWAIT, NULL, NULL) = 32
29517 1784444757.565124 recvfrom(39, 0x7fed458190, 3200, MSG_DONTWAIT, NULL, NULL) = -1 EAGAIN (Try again)
29539 1784444757.578039 recvfrom(43, "nysv\0\0\0\0\0\0\0\0\0\0\0\0\276\234T\nA\4\0\0\24A\4\0\0\0\0\0", 3200, MSG_DONTWAIT, NULL, NULL) = 32
29539 1784444757.578220 recvfrom(43, 0x700c51aeb0, 3200, MSG_DONTWAIT, NULL, NULL) = -1 EAGAIN (Try again)
29539 1784444757.612596 recvfrom(43, "nysv\0\0\0\0\0\0\0\0\0\0\0\0\275UP\rA\4\0\0\27A\4\0\0\0\0\0", 3200, MSG_DONTWAIT, NULL, NULL) = 32
29539 1784444757.612761 recvfrom(43, 0x700c51aeb0, 3200, MSG_DONTWAIT, NULL, NULL) = -1 EAGAIN (Try again)
29517 1784444757.619374 recvfrom(152, 0x6f91b83c20, 2272, MSG_DONTWAIT, NULL, NULL) = -1 EAGAIN (Try again)
29517 1784444757.619589 recvfrom(39, 0x7fed4580f0, 3200, MSG_DONTWAIT, NULL, NULL) = -1 EAGAIN (Try again)
29539 1784444757.652998 recvfrom(43, "nysv\0\0\0\0\0\0\0\0\0\0\0\0\215mM\17A\4\0\0\31A\4\0\0\0\0\0", 3200, MSG_DONTWAIT, NULL, NULL) = 32
29539 1784444757.653169 recvfrom(43, 0x700c51aeb0, 3200, MSG_DONTWAIT, NULL, NULL) = -1 EAGAIN (Try again)
29593 1784444757.655150 faccessat(AT_FDCWD, "/data/user/0/cl.coders.faketraveler/shared_prefs/cl.coders.faketraveler.sharedprefs.xml", F_OK) = 0
29593 1784444757.655492 faccessat(AT_FDCWD, "/data/user/0/cl.coders.faketraveler/shared_prefs/cl.coders.faketraveler.sharedprefs.xml.bak", F_OK) = -1 ENOENT (No such file or directory)
29593 1784444757.656083 renameat(AT_FDCWD, "/data/user/0/cl.coders.faketraveler/shared_prefs/cl.coders.faketraveler.sharedprefs.xml", AT_FDCWD, "/data/user/0/cl.coders.faketraveler/shared_prefs/cl.coders.faketraveler.sharedprefs.xml.bak") = 0
29593 1784444757.656300 openat(AT_FDCWD, "/data/user/0/cl.coders.faketraveler/shared_prefs/cl.coders.faketraveler.sharedprefs.xml", O_WRONLY|O_CREAT|O_TRUNC, 0600) = 151
29593 1784444757.659684 getsockopt(151, SOL_SOCKET, SO_ERROR, 0x6f9531e454, [4]) = -1 ENOTSOCK (Socket operation on non-socket)
29593 1784444757.660149 fchmodat(AT_FDCWD, "/data/user/0/cl.coders.faketraveler/shared_prefs/cl.coders.faketraveler.sharedprefs.xml", 0660) = 0
29593 1784444757.660386 newfstatat(AT_FDCWD, "/data/user/0/cl.coders.faketraveler/shared_prefs/cl.coders.faketraveler.sharedprefs.xml", {st_mode=S_IFREG|0660, st_size=567, ...}, 0) = 0
29620 1784444757.671003 sendmsg(150, {msg_name=NULL, msg_namelen=0, msg_iov=[{iov_base="l\1\1\1$\1\0\0U\0\0\0\235\0\0\0\1\1o\0;\0\0\0/re/frid"..., iov_len=468}], msg_iovlen=1, msg_controllen=0, msg_flags=0}, MSG_NOSIGNAL) = 468
29593 1784444757.671222 unlinkat(AT_FDCWD, "/data/user/0/cl.coders.faketraveler/shared_prefs/cl.coders.faketraveler.sharedprefs.xml.bak", 0) = 0
29575 1784444757.685728 newfstatat(AT_FDCWD, "/data/user/0/cl.coders.faketraveler/cache/WebView/Default/HTTP Cache/index-dir", {st_mode=S_IFDIR|S_ISGID|0700, st_size=4096, ...}, 0) = 0
29575 1784444757.685996 newfstatat(AT_FDCWD, "/data/user/0/cl.coders.faketraveler/cache/WebView/Default/HTTP Cache", {st_mode=S_IFDIR|S_ISGID|0700, st_size=4096, ...}, 0) = 0
29575 1784444757.686155 openat(AT_FDCWD, "/data/user/0/cl.coders.faketraveler/cache/WebView/Default/HTTP Cache/index-dir/temp-index", O_WRONLY|O_CREAT|O_TRUNC, 0600) = 151
29575 1784444757.687080 renameat(AT_FDCWD, "/data/user/0/cl.coders.faketraveler/cache/WebView/Default/HTTP Cache/index-dir/temp-index", AT_FDCWD, "/data/user/0/cl.coders.faketraveler/cache/WebView/Default/HTTP Cache/index-dir/the-real-index") = 0
29539 1784444757.699586 recvfrom(43, "nysv\0\0\0\0\0\0\0\0\0\0\0\0\v^H\22A\4\0\0\34A\4\0\0\0\0\0", 3200, MSG_DONTWAIT, NULL, NULL) = 32
29539 1784444757.699739 recvfrom(43, 0x700c51aeb0, 3200, MSG_DONTWAIT, NULL, NULL) = -1 EAGAIN (Try again)
29539 1784444757.738166 recvfrom(43, "nysv\0\0\0\0\0\0\0\0\0\0\0\0\316\205C\25A\4\0\0\37A\4\0\0\0\0\0", 3200, MSG_DONTWAIT, NULL, NULL) = 32
29539 1784444757.738342 recvfrom(43, 0x700c51aeb0, 3200, MSG_DONTWAIT, NULL, NULL) = -1 EAGAIN (Try again)
29539 1784444757.805595 recvfrom(43, "nysv\0\0\0\0\0\0\0\0\0\0\0\0\233\326@\27A\4\0\0!A\4\0\0\0\0\0", 3200, MSG_DONTWAIT, NULL, NULL) = 32
29539 1784444757.805768 recvfrom(43, 0x700c51aeb0, 3200, MSG_DONTWAIT, NULL, NULL) = -1 EAGAIN (Try again)
29517 1784444757.807940 recvfrom(39, "nysv\0\0\0\0\0\0\0\0\0\0\0\0\267\275K\20A\4\0\0\32A\4\0\0\0\0\0", 3200, MSG_DONTWAIT, NULL, NULL) = 32
29517 1784444757.808095 recvfrom(39, 0x7fed458190, 3200, MSG_DONTWAIT, NULL, NULL) = -1 EAGAIN (Try again)
29517 1784444757.811079 recvfrom(39, 0x7fed4580f0, 3200, MSG_DONTWAIT, NULL, NULL) = -1 EAGAIN (Try again)
29539 1784444757.814193 recvfrom(43, "nysv\0\0\0\0\0\0\0\0\0\0\0\0\237\244:\33A\4\0\0%A\4\0\0\0\0\0", 3200, MSG_DONTWAIT, NULL, NULL) = 32
29517 1784444757.814562 recvfrom(39,  <unfinished ...>
29539 1784444757.814774 recvfrom(43,  <unfinished ...>
29517 1784444757.814777 <... recvfrom resumed> "nysv\0\0\0\0\0\0\0\0\0\0\0\0\237\244:\33A\4\0\0%A\4\0\0\0\0\0", 3200, MSG_DONTWAIT, NULL, NULL) = 32
29539 1784444757.814920 <... recvfrom resumed> 0x700c51ac80, 3200, MSG_DONTWAIT, NULL, NULL) = -1 EAGAIN (Try again)
29517 1784444757.814924 recvfrom(39, 0x7fed458190, 3200, MSG_DONTWAIT, NULL, NULL) = -1 EAGAIN (Try again)
29517 1784444757.816657 recvfrom(152, 0x6f91b83c20, 2272, MSG_DONTWAIT, NULL, NULL) = -1 EAGAIN (Try again)
29517 1784444757.816825 recvfrom(39, 0x7fed4580f0, 3200, MSG_DONTWAIT, NULL, NULL) = -1 EAGAIN (Try again)
29620 1784444757.827658 sendmsg(150, {msg_name=NULL, msg_namelen=0, msg_iov=[{iov_base="l\1\1\1\374\0\0\0V\0\0\0\235\0\0\0\1\1o\0;\0\0\0/re/frid"..., iov_len=428}], msg_iovlen=1, msg_controllen=0, msg_flags=0}, MSG_NOSIGNAL) = 428
29517 1784444757.831270 recvfrom(39, "nysv\0\0\0\0\0\0\0\0\0\0\0\0\256\339\34A\4\0\0&A\4\0\0\0\0\0", 3200, MSG_DONTWAIT, NULL, NULL) = 32
29517 1784444757.831923 recvfrom(39, 0x7fed458190, 3200, MSG_DONTWAIT, NULL, NULL) = -1 EAGAIN (Try again)
29517 1784444757.833812 recvfrom(39, 0x7fed4580f0, 3200, MSG_DONTWAIT, NULL, NULL) = -1 EAGAIN (Try again)
29620 1784444757.842948 sendmsg(150, {msg_name=NULL, msg_namelen=0, msg_iov=[{iov_base="l\1\1\1\374\0\0\0W\0\0\0\235\0\0\0\1\1o\0;\0\0\0/re/frid"..., iov_len=428}], msg_iovlen=1, msg_controllen=0, msg_flags=0}, MSG_NOSIGNAL) = 428
29517 1784444757.849295 recvfrom(39, "nysv\0\0\0\0\0\0\0\0\0\0\0\0\323D7\35A\4\0\0'A\4\0\0\0\0\0", 3200, MSG_DONTWAIT, NULL, NULL) = 32
29517 1784444757.849663 recvfrom(39, 0x7fed458190, 3200, MSG_DONTWAIT, NULL, NULL) = -1 EAGAIN (Try again)
29620 1784444757.860563 sendmsg(150, {msg_name=NULL, msg_namelen=0, msg_iov=[{iov_base="l\1\1\1\374\0\0\0X\0\0\0\235\0\0\0\1\1o\0;\0\0\0/re/frid"..., iov_len=428}], msg_iovlen=1, msg_controllen=0, msg_flags=0}, MSG_NOSIGNAL) = 428
29517 1784444757.861588 recvfrom(39, 0x7fed456ea0, 3200, MSG_DONTWAIT, NULL, NULL) = -1 EAGAIN (Try again)
29517 1784444757.873135 recvfrom(39, "nysv\0\0\0\0\0\0\0\0\0\0\0\0\1\3065\36A\4\0\0(A\4\0\0\0\0\0", 3200, MSG_DONTWAIT, NULL, NULL) = 32
29517 1784444757.873375 recvfrom(39, 0x7fed458190, 3200, MSG_DONTWAIT, NULL, NULL) = -1 EAGAIN (Try again)
29517 1784444757.874673 recvfrom(39, 0x7fed457a00, 3200, MSG_DONTWAIT, NULL, NULL) = -1 EAGAIN (Try again)
29539 1784444757.875119 recvfrom(43, "nysv\0\0\0\0\0\0\0\0\0\0\0\0\256\339\34A\4\0\0&A\4\0\0\0\0\0", 3200, MSG_DONTWAIT, NULL, NULL) = 32
29539 1784444757.875336 recvfrom(43, 0x700c51aeb0, 3200, MSG_DONTWAIT, NULL, NULL) = -1 EAGAIN (Try again)
29620 1784444757.886940 sendmsg(150, {msg_name=NULL, msg_namelen=0, msg_iov=[{iov_base="l\1\1\1\374\0\0\0Y\0\0\0\235\0\0\0\1\1o\0;\0\0\0/re/frid"..., iov_len=428}], msg_iovlen=1, msg_controllen=0, msg_flags=0}, MSG_NOSIGNAL) = 428
29517 1784444757.889983 recvfrom(39, "nysv\0\0\0\0\0\0\0\0\0\0\0\0\35X4\37A\4\0\0)A\4\0\0\0\0\0", 3200, MSG_DONTWAIT, NULL, NULL) = 32
29517 1784444757.890344 recvfrom(39, 0x7fed458190, 3200, MSG_DONTWAIT, NULL, NULL) = -1 EAGAIN (Try again)
29620 1784444757.903798 sendmsg(150, {msg_name=NULL, msg_namelen=0, msg_iov=[{iov_base="l\1\1\1\374\0\0\0Z\0\0\0\235\0\0\0\1\1o\0;\0\0\0/re/frid"..., iov_len=428}], msg_iovlen=1, msg_controllen=0, msg_flags=0}, MSG_NOSIGNAL) = 428
29517 1784444757.920570 recvfrom(39, 0x7fed456ea0, 3200, MSG_DONTWAIT, NULL, NULL) = -1 EAGAIN (Try again)
29539 1784444757.929003 recvfrom(43, "nysv\0\0\0\0\0\0\0\0\0\0\0\0\35X4\37A\4\0\0)A\4\0\0\0\0\0", 3200, MSG_DONTWAIT, NULL, NULL) = 32
29539 1784444757.929170 recvfrom(43, 0x700c51ac80, 3200, MSG_DONTWAIT, NULL, NULL) = -1 EAGAIN (Try again)
29517 1784444757.932373 recvfrom(39, "nysv\0\0\0\0\0\0\0\0\0\0\0\0\362\252/\"A\4\0\0,A\4\0\0\0\0\0", 3200, MSG_DONTWAIT, NULL, NULL) = 32
29517 1784444757.932806 recvfrom(39, 0x7fed458190, 3200, MSG_DONTWAIT, NULL, NULL) = -1 EAGAIN (Try again)
29517 1784444757.934163 recvfrom(39, 0x7fed457a00, 3200, MSG_DONTWAIT, NULL, NULL) = -1 EAGAIN (Try again)
29620 1784444757.940465 sendmsg(150, {msg_name=NULL, msg_namelen=0, msg_iov=[{iov_base="l\1\1\1\374\0\0\0[\0\0\0\235\0\0\0\1\1o\0;\0\0\0/re/frid"..., iov_len=428}], msg_iovlen=1, msg_controllen=0, msg_flags=0}, MSG_NOSIGNAL) = 428
29517 1784444757.947783 recvfrom(39, "nysv\0\0\0\0\0\0\0\0\0\0\0\0\2657.#A\4\0\0-A\4\0\0\0\0\0", 3200, MSG_DONTWAIT, NULL, NULL) = 32
29517 1784444757.948265 recvfrom(39, 0x7fed458190, 3200, MSG_DONTWAIT, NULL, NULL) = -1 EAGAIN (Try again)
29620 1784444757.954815 sendmsg(150, {msg_name=NULL, msg_namelen=0, msg_iov=[{iov_base="l\1\1\1\374\0\0\0\\\0\0\0\235\0\0\0\1\1o\0;\0\0\0/re/frid"..., iov_len=428}], msg_iovlen=1, msg_controllen=0, msg_flags=0}, MSG_NOSIGNAL) = 428
29620 1784444758.324971 sendmsg(150, {msg_name=NULL, msg_namelen=0, msg_iov=[{iov_base="l\1\1\1\374\0\0\0]\0\0\0\235\0\0\0\1\1o\0;\0\0\0/re/frid"..., iov_len=428}], msg_iovlen=1, msg_controllen=0, msg_flags=0}, MSG_NOSIGNAL) = 428
29535 1784444758.339979 clone(child_stack=0x70087b6d40, flags=CLONE_VM|CLONE_FS|CLONE_FILES|CLONE_SIGHAND|CLONE_THREAD|CLONE_SYSVSEM|CLONE_SETTLS|CLONE_PARENT_SETTID|CLONE_CHILD_CLEARTID, parent_tidptr=0x70087b6d60, tls=0x70087b7020, child_tidptr=0x70087b6d60) = 29688
29688 1784444758.341760 openat(AT_FDCWD, "/proc/29688/timerslack_ns", O_WRONLY|O_CREAT|O_TRUNC|O_NOFOLLOW|O_CLOEXEC, 0666) = 151
29620 1784444758.407720 sendmsg(150, {msg_name=NULL, msg_namelen=0, msg_iov=[{iov_base="l\1\1\1\374\0\0\0^\0\0\0\235\0\0\0\1\1o\0;\0\0\0/re/frid"..., iov_len=428}], msg_iovlen=1, msg_controllen=0, msg_flags=0}, MSG_NOSIGNAL) = 428
29620 1784444759.456646 sendmsg(150, {msg_name=NULL, msg_namelen=0, msg_iov=[{iov_base="l\1\1\1\374\0\0\0_\0\0\0\235\0\0\0\1\1o\0;\0\0\0/re/frid"..., iov_len=428}], msg_iovlen=1, msg_controllen=0, msg_flags=0}, MSG_NOSIGNAL) = 428
29620 1784444759.474008 sendmsg(150, {msg_name=NULL, msg_namelen=0, msg_iov=[{iov_base="l\1\1\1\374\0\0\0`\0\0\0\235\0\0\0\1\1o\0;\0\0\0/re/frid"..., iov_len=428}], msg_iovlen=1, msg_controllen=0, msg_flags=0}, MSG_NOSIGNAL) = 428
29517 1784444759.570051 recvfrom(39, 0x7fed457cb0, 3200, MSG_DONTWAIT, NULL, NULL) = -1 EAGAIN (Try again)
29620 1784444759.585958 sendmsg(150, {msg_name=NULL, msg_namelen=0, msg_iov=[{iov_base="l\1\1\1\374\0\0\0a\0\0\0\235\0\0\0\1\1o\0;\0\0\0/re/frid"..., iov_len=428}], msg_iovlen=1, msg_controllen=0, msg_flags=0}, MSG_NOSIGNAL) = 428
29517 1784444759.588700 recvfrom(39, "nysv\0\0\0\0\0\0\0\0\0\0\0\0p\350\203\204A\4\0\0\217A\4\0\0\0\0\0", 3200, MSG_DONTWAIT, NULL, NULL) = 32
29517 1784444759.588938 recvfrom(39, 0x7fed458190, 3200, MSG_DONTWAIT, NULL, NULL) = -1 EAGAIN (Try again)
29620 1784444759.593595 sendmsg(150, {msg_name=NULL, msg_namelen=0, msg_iov=[{iov_base="l\1\1\1\374\0\0\0b\0\0\0\235\0\0\0\1\1o\0;\0\0\0/re/frid"..., iov_len=428}], msg_iovlen=1, msg_controllen=0, msg_flags=0}, MSG_NOSIGNAL) = 428
29549 1784444767.409202 exit(0)         = ?
29549 1784444767.409694 +++ exited with 0 +++
29545 1784444767.438749 exit(0)         = ?
29545 1784444767.439388 +++ exited with 0 +++
29617 1784444767.455590 faccessat(AT_FDCWD, "/proc/self/task/29549", F_OK) = -1 ENOENT (No such file or directory)
29617 1784444767.456329 faccessat(AT_FDCWD, "/proc/self/task/29545", F_OK) = -1 ENOENT (No such file or directory)
29517 1784444768.656490 recvfrom(120, "\2\0\0\0\0\0\0\0\251\24\0\0\0\0\0\0@\353c\241C\4\0\0\1\0\0\0\2\20\0\0"..., 2272, MSG_DONTWAIT, NULL, NULL) = 232
29517 1784444768.656968 sendto(120, "\3\0\0\0\0\0\0\0\251\24\0\0\1\0\0\0", 16, MSG_DONTWAIT|MSG_NOSIGNAL, NULL, 0) = 16
29517 1784444768.657206 recvfrom(120, "\2\0\0\0\0\0\0\0\253\24\0\0\0\0\0\0@\353c\241C\4\0\0\1\0\0\0\2\20\0\0"..., 2272, MSG_DONTWAIT, NULL, NULL) = 232
29517 1784444768.657656 recvfrom(39, 0x7fed454890, 3200, MSG_DONTWAIT, NULL, NULL) = -1 EAGAIN (Try again)
29517 1784444768.659172 sendto(120, "\3\0\0\0\0\0\0\0\253\24\0\0\1\0\0\0", 16, MSG_DONTWAIT|MSG_NOSIGNAL, NULL, 0) = 16
29517 1784444768.659587 recvfrom(120, 0x6fac7da020, 2272, MSG_DONTWAIT, NULL, NULL) = -1 EAGAIN (Try again)
29517 1784444768.663882 recvfrom(39, "nysv\0\0\0\0\0\0\0\0\0\0\0\0\252p\355\241C\4\0\0\256C\4\0\0\0\0\0", 3200, MSG_DONTWAIT, NULL, NULL) = 32
29517 1784444768.664011 recvfrom(39, 0x7fed458190, 3200, MSG_DONTWAIT, NULL, NULL) = -1 EAGAIN (Try again)
29517 1784444768.664384 recvfrom(120, 0x6fac7da020, 2272, MSG_DONTWAIT, NULL, NULL) = -1 EAGAIN (Try again)
29517 1784444768.664568 recvfrom(39, 0x7fed4580f0, 3200, MSG_DONTWAIT, NULL, NULL) = -1 EAGAIN (Try again)
29517 1784444768.679492 newfstatat(AT_FDCWD, "/system/framework/framework-res.apk", {st_mode=S_IFREG|0644, st_size=45992421, ...}, 0) = 0
29517 1784444768.679733 newfstatat(AT_FDCWD, "/product/overlay/GoogleConfigOverlay.apk", {st_mode=S_IFREG|0644, st_size=25070, ...}, 0) = 0
29517 1784444768.679954 newfstatat(AT_FDCWD, "/product/overlay/GoogleWebViewOverlay.apk", {st_mode=S_IFREG|0644, st_size=16815, ...}, 0) = 0
29517 1784444768.680180 newfstatat(AT_FDCWD, "/product/overlay/PixelConfigOverlayCommon.apk", {st_mode=S_IFREG|0644, st_size=52833, ...}, 0) = 0
29517 1784444768.680463 newfstatat(AT_FDCWD, "/product/overlay/EmulatorConfigOverlay.apk", {st_mode=S_IFREG|0644, st_size=16734, ...}, 0) = 0
29517 1784444768.680744 newfstatat(AT_FDCWD, "/data/app/cl.coders.faketraveler-Wh8W2P_44dRDXjRWF5fzLw==/base.apk", {st_mode=S_IFREG|0644, st_size=5539288, ...}, 0) = 0
29517 1784444768.681204 newfstatat(AT_FDCWD, "/system/product/app/WebViewGoogle64/WebViewGoogle64.apk", {st_mode=S_IFREG|0644, st_size=63049250, ...}, 0) = 0
29517 1784444768.681598 newfstatat(AT_FDCWD, "/system/product/app/TrichromeLibrary64/TrichromeLibrary64.apk", {st_mode=S_IFREG|0644, st_size=94562500, ...}, 0) = 0
29517 1784444768.684198 clone(child_stack=0x70088d2d40, flags=CLONE_VM|CLONE_FS|CLONE_FILES|CLONE_SIGHAND|CLONE_THREAD|CLONE_SYSVSEM|CLONE_SETTLS|CLONE_PARENT_SETTID|CLONE_CHILD_CLEARTID, parent_tidptr=0x70088d2d60, tls=0x70088d3020, child_tidptr=0x70088d2d60) = 29721
29721 1784444768.685417 exit(0)         = ?
29721 1784444768.685437 +++ exited with 0 +++
29517 1784444768.686219 newfstatat(AT_FDCWD, "/system/framework/framework-res.apk", {st_mode=S_IFREG|0644, st_size=45992421, ...}, 0) = 0
29517 1784444768.686469 newfstatat(AT_FDCWD, "/product/overlay/GoogleConfigOverlay.apk", {st_mode=S_IFREG|0644, st_size=25070, ...}, 0) = 0
29517 1784444768.686706 newfstatat(AT_FDCWD, "/product/overlay/GoogleWebViewOverlay.apk", {st_mode=S_IFREG|0644, st_size=16815, ...}, 0) = 0
29517 1784444768.686937 newfstatat(AT_FDCWD, "/product/overlay/PixelConfigOverlayCommon.apk", {st_mode=S_IFREG|0644, st_size=52833, ...}, 0) = 0
29517 1784444768.687164 newfstatat(AT_FDCWD, "/product/overlay/EmulatorConfigOverlay.apk", {st_mode=S_IFREG|0644, st_size=16734, ...}, 0) = 0
29517 1784444768.687379 newfstatat(AT_FDCWD, "/data/app/cl.coders.faketraveler-Wh8W2P_44dRDXjRWF5fzLw==/base.apk", {st_mode=S_IFREG|0644, st_size=5539288, ...}, 0) = 0
29517 1784444768.687628 newfstatat(AT_FDCWD, "/system/product/app/WebViewGoogle64/WebViewGoogle64.apk", {st_mode=S_IFREG|0644, st_size=63049250, ...}, 0) = 0
29517 1784444768.687916 newfstatat(AT_FDCWD, "/system/product/app/TrichromeLibrary64/TrichromeLibrary64.apk", {st_mode=S_IFREG|0644, st_size=94562500, ...}, 0) = 0
29517 1784444768.689945 --- SIGSEGV {si_signo=SIGSEGV, si_code=SEGV_MAPERR, si_addr=NULL} ---
29517 1784444768.695435 newfstatat(AT_FDCWD, "/system/framework/framework-res.apk", {st_mode=S_IFREG|0644, st_size=45992421, ...}, 0) = 0
29517 1784444768.695663 newfstatat(AT_FDCWD, "/product/overlay/GoogleConfigOverlay.apk", {st_mode=S_IFREG|0644, st_size=25070, ...}, 0) = 0
29517 1784444768.695869 newfstatat(AT_FDCWD, "/product/overlay/GoogleWebViewOverlay.apk", {st_mode=S_IFREG|0644, st_size=16815, ...}, 0) = 0
29517 1784444768.696108 newfstatat(AT_FDCWD, "/product/overlay/PixelConfigOverlayCommon.apk", {st_mode=S_IFREG|0644, st_size=52833, ...}, 0) = 0
29517 1784444768.696463 newfstatat(AT_FDCWD, "/product/overlay/EmulatorConfigOverlay.apk", {st_mode=S_IFREG|0644, st_size=16734, ...}, 0) = 0
29517 1784444768.696684 newfstatat(AT_FDCWD, "/data/app/cl.coders.faketraveler-Wh8W2P_44dRDXjRWF5fzLw==/base.apk", {st_mode=S_IFREG|0644, st_size=5539288, ...}, 0) = 0
29517 1784444768.696910 newfstatat(AT_FDCWD, "/system/product/app/WebViewGoogle64/WebViewGoogle64.apk", {st_mode=S_IFREG|0644, st_size=63049250, ...}, 0) = 0
29517 1784444768.697305 newfstatat(AT_FDCWD, "/system/product/app/TrichromeLibrary64/TrichromeLibrary64.apk", {st_mode=S_IFREG|0644, st_size=94562500, ...}, 0) = 0
29620 1784444768.722353 sendmsg(150, {msg_name=NULL, msg_namelen=0, msg_iov=[{iov_base="l\1\1\1\24\1\0\0c\0\0\0\235\0\0\0\1\1o\0;\0\0\0/re/frid"..., iov_len=452}], msg_iovlen=1, msg_controllen=0, msg_flags=0}, MSG_NOSIGNAL <unfinished ...>
29539 1784444768.722383 recvfrom(43, 0x700c51aeb0, 3200, MSG_DONTWAIT, NULL, NULL) = -1 EAGAIN (Try again)
29620 1784444768.722494 <... sendmsg resumed> ) = 452
29539 1784444768.724397 clone(child_stack=0x70088d2d40, flags=CLONE_VM|CLONE_FS|CLONE_FILES|CLONE_SIGHAND|CLONE_THREAD|CLONE_SYSVSEM|CLONE_SETTLS|CLONE_PARENT_SETTID|CLONE_CHILD_CLEARTID, parent_tidptr=0x70088d2d60, tls=0x70088d3020, child_tidptr=0x70088d2d60) = 29722
29722 1784444768.725191 exit(0)         = ?
29722 1784444768.725209 +++ exited with 0 +++
29539 1784444768.730666 recvfrom(43, "nysv\0\0\0\0\0\0\0\0\0\0\0\0\260\335\347\245C\4\0\0\262C\4\0\0\0\0\0", 3200, MSG_DONTWAIT, NULL, NULL) = 32
29539 1784444768.731286 recvfrom(43, 0x700c51ac80, 3200, MSG_DONTWAIT, NULL, NULL) = -1 EAGAIN (Try again)
29539 1784444768.775988 recvfrom(43, "nysv\0\0\0\0\0\0\0\0\0\0\0\0\211p\346\246C\4\0\0\263C\4\0\0\0\0\0", 3200, MSG_DONTWAIT, NULL, NULL) = 32
29620 1784444768.776253 sendmsg(150, {msg_name=NULL, msg_namelen=0, msg_iov=[{iov_base="l\1\1\1\340\0\0\0d\0\0\0\235\0\0\0\1\1o\0;\0\0\0/re/frid"..., iov_len=400}], msg_iovlen=1, msg_controllen=0, msg_flags=0}, MSG_NOSIGNAL <unfinished ...>
29539 1784444768.776271 recvfrom(43,  <unfinished ...>
29620 1784444768.776384 <... sendmsg resumed> ) = 400
29539 1784444768.776396 <... recvfrom resumed> 0x700c51aeb0, 3200, MSG_DONTWAIT, NULL, NULL) = -1 EAGAIN (Try again)
29620 1784444768.779920 sendmsg(150, {msg_name=NULL, msg_namelen=0, msg_iov=[{iov_base="l\1\1\1\344\0\0\0e\0\0\0\235\0\0\0\1\1o\0;\0\0\0/re/frid"..., iov_len=404}], msg_iovlen=1, msg_controllen=0, msg_flags=0}, MSG_NOSIGNAL) = 404
29620 1784444768.787523 sendmsg(150, {msg_name=NULL, msg_namelen=0, msg_iov=[{iov_base="l\1\1\1\344\0\0\0f\0\0\0\235\0\0\0\1\1o\0;\0\0\0/re/frid"..., iov_len=404}], msg_iovlen=1, msg_controllen=0, msg_flags=0}, MSG_NOSIGNAL) = 404
29539 1784444768.821813 recvfrom(43, "nysv\0\0\0\0\0\0\0\0\0\0\0\0\30\237\343\250C\4\0\0\265C\4\0\0\0\0\0", 3200, MSG_DONTWAIT, NULL, NULL) = 32
29539 1784444768.821988 recvfrom(43, 0x700c51aeb0, 3200, MSG_DONTWAIT, NULL, NULL) = -1 EAGAIN (Try again)
29539 1784444768.857363 recvfrom(43, "nysv\0\0\0\0\0\0\0\0\0\0\0\0S6\337\253C\4\0\0\270C\4\0\0\0\0\0", 3200, MSG_DONTWAIT, NULL, NULL) = 32
29539 1784444768.857545 recvfrom(43, 0x700c51aeb0, 3200, MSG_DONTWAIT, NULL, NULL) = -1 EAGAIN (Try again)
29517 1784444768.861355 recvfrom(39, "nysv\0\0\0\0\0\0\0\0\0\0\0\0X\20\354\242C\4\0\0\257C\4\0\0\0\0\0", 3200, MSG_DONTWAIT, NULL, NULL) = 32
29517 1784444768.861592 recvfrom(39, 0x7fed458190, 3200, MSG_DONTWAIT, NULL, NULL) = -1 EAGAIN (Try again)
29517 1784444768.868711 recvfrom(152, 0x6fae95ac20, 2272, MSG_DONTWAIT, NULL, NULL) = -1 EAGAIN (Try again)
29517 1784444768.869023 recvfrom(120, 0x6fac7da020, 2272, MSG_DONTWAIT, NULL, NULL) = -1 EAGAIN (Try again)
29517 1784444768.869265 recvfrom(39, 0x7fed4580f0, 3200, MSG_DONTWAIT, NULL, NULL) = -1 EAGAIN (Try again)
29517 1784444768.872488 clone(child_stack=0x70088d2d40, flags=CLONE_VM|CLONE_FS|CLONE_FILES|CLONE_SIGHAND|CLONE_THREAD|CLONE_SYSVSEM|CLONE_SETTLS|CLONE_PARENT_SETTID|CLONE_CHILD_CLEARTID, parent_tidptr=0x70088d2d60, tls=0x70088d3020, child_tidptr=0x70088d2d60) = 29723
29723 1784444768.875533 clone(child_stack=0x70086b9d40, flags=CLONE_VM|CLONE_FS|CLONE_FILES|CLONE_SIGHAND|CLONE_THREAD|CLONE_SYSVSEM|CLONE_SETTLS|CLONE_PARENT_SETTID|CLONE_CHILD_CLEARTID, parent_tidptr=0x70086b9d60, tls=0x70086ba020, child_tidptr=0x70086b9d60) = 29724
29620 1784444768.886736 sendmsg(150, {msg_name=NULL, msg_namelen=0, msg_iov=[{iov_base="l\1\1\1\0\1\0\0g\0\0\0\235\0\0\0\1\1o\0;\0\0\0/re/frid"..., iov_len=432}], msg_iovlen=1, msg_controllen=0, msg_flags=0}, MSG_NOSIGNAL) = 432
29620 1784444768.895967 sendmsg(150, {msg_name=NULL, msg_namelen=0, msg_iov=[{iov_base="l\1\1\1\0\1\0\0h\0\0\0\235\0\0\0\1\1o\0;\0\0\0/re/frid"..., iov_len=432}], msg_iovlen=1, msg_controllen=0, msg_flags=0}, MSG_NOSIGNAL) = 432
29539 1784444768.910098 recvfrom(43, "nysv\0\0\0\0\0\0\0\0\0\0\0\0V\31\334\255C\4\0\0\272C\4\0\0\0\0\0", 3200, MSG_DONTWAIT, NULL, NULL) = 32
29539 1784444768.910269 recvfrom(43, 0x700c51aeb0, 3200, MSG_DONTWAIT, NULL, NULL) = -1 EAGAIN (Try again)
29539 1784444768.911128 recvfrom(43, 0x700c51aeb0, 3200, MSG_DONTWAIT, NULL, NULL) = -1 EAGAIN (Try again)
29620 1784444768.924407 sendmsg(150, {msg_name=NULL, msg_namelen=0, msg_iov=[{iov_base="l\1\1\1\0\1\0\0i\0\0\0\235\0\0\0\1\1o\0;\0\0\0/re/frid"..., iov_len=432}], msg_iovlen=1, msg_controllen=0, msg_flags=0}, MSG_NOSIGNAL) = 432
29539 1784444768.926220 recvfrom(43, "nysv\0\0\0\0\0\0\0\0\0\0\0\0\234C\330\260C\4\0\0\275C\4\0\0\0\0\0", 3200, MSG_DONTWAIT, NULL, NULL) = 32
29539 1784444768.926394 recvfrom(43, 0x700c51ac80, 3200, MSG_DONTWAIT, NULL, NULL) = -1 EAGAIN (Try again)
29620 1784444768.937622 sendmsg(150, {msg_name=NULL, msg_namelen=0, msg_iov=[{iov_base="l\1\1\1\0\1\0\0j\0\0\0\235\0\0\0\1\1o\0;\0\0\0/re/frid"..., iov_len=432}], msg_iovlen=1, msg_controllen=0, msg_flags=0}, MSG_NOSIGNAL) = 432
29539 1784444768.967693 recvfrom(43, "nysv\0\0\0\0\0\0\0\0\0\0\0\0\2\312\326\261C\4\0\0\276C\4\0\0\0\0\0", 3200, MSG_DONTWAIT, NULL, NULL) = 32
29539 1784444768.967864 recvfrom(43, 0x700c51aeb0, 3200, MSG_DONTWAIT, NULL, NULL) = -1 EAGAIN (Try again)
29539 1784444769.002071 recvfrom(43, "nysv\0\0\0\0\0\0\0\0\0\0\0\0\201\23\321\264C\4\0\0\301C\4\0\0\0\0\0", 3200, MSG_DONTWAIT, NULL, NULL) = 32
29539 1784444769.002240 recvfrom(43, 0x700c51aeb0, 3200, MSG_DONTWAIT, NULL, NULL) = -1 EAGAIN (Try again)
29539 1784444769.093192 recvfrom(43, "nysv\0\0\0\0\0\0\0\0\0\0\0\0+\375\315\266C\4\0\0\303C\4\0\0\0\0\0", 3200, MSG_DONTWAIT, NULL, NULL) = 32
29539 1784444769.093367 recvfrom(43, 0x700c51ac80, 3200, MSG_DONTWAIT, NULL, NULL) = -1 EAGAIN (Try again)
29539 1784444769.096219 recvfrom(43, 0x700c51aeb0, 3200, MSG_DONTWAIT, NULL, NULL) = -1 EAGAIN (Try again)
29539 1784444769.097829 recvfrom(43, "nysv\0\0\0\0\0\0\0\0\0\0\0\0\332f\305\273C\4\0\0\310C\4\0\0\0\0\0", 3200, MSG_DONTWAIT, NULL, NULL) = 32
29539 1784444769.098156 recvfrom(43, 0x700c51ac80, 3200, MSG_DONTWAIT, NULL, NULL) = -1 EAGAIN (Try again)
29517 1784444769.100007 recvfrom(39, "nysv\0\0\0\0\0\0\0\0\0\0\0\0\333\247\332\256C\4\0\0\273C\4\0\0\0\0\0", 3200, MSG_DONTWAIT, NULL, NULL) = 32
29517 1784444769.100224 recvfrom(39, 0x7fed458190, 3200, MSG_DONTWAIT, NULL, NULL) = -1 EAGAIN (Try again)
29539 1784444769.145758 recvfrom(43, "nysv\0\0\0\0\0\0\0\0\0\0\0\0 \362\303\274C\4\0\0\311C\4\0\0\0\0\0", 3200, MSG_DONTWAIT, NULL, NULL) = 32
29539 1784444769.145937 recvfrom(43, 0x700c51aeb0, 3200, MSG_DONTWAIT, NULL, NULL) = -1 EAGAIN (Try again)
29517 1784444769.150393 recvfrom(152, 0x6fae95ac20, 2272, MSG_DONTWAIT, NULL, NULL) = -1 EAGAIN (Try again)
29517 1784444769.151943 recvfrom(39, 0x7fed457a00, 3200, MSG_DONTWAIT, NULL, NULL) = -1 EAGAIN (Try again)
29620 1784444769.159426 sendmsg(150, {msg_name=NULL, msg_namelen=0, msg_iov=[{iov_base="l\1\1\1\0\1\0\0k\0\0\0\235\0\0\0\1\1o\0;\0\0\0/re/frid"..., iov_len=432}], msg_iovlen=1, msg_controllen=0, msg_flags=0}, MSG_NOSIGNAL) = 432
29620 1784444769.170521 sendmsg(150, {msg_name=NULL, msg_namelen=0, msg_iov=[{iov_base="l\1\1\1\0\1\0\0l\0\0\0\235\0\0\0\1\1o\0;\0\0\0/re/frid"..., iov_len=432}], msg_iovlen=1, msg_controllen=0, msg_flags=0}, MSG_NOSIGNAL) = 432
29539 1784444769.195793 recvfrom(43, "nysv\0\0\0\0\0\0\0\0\0\0\0\0\271\321\300\276C\4\0\0\313C\4\0\0\0\0\0", 3200, MSG_DONTWAIT, NULL, NULL) = 32
29539 1784444769.195975 recvfrom(43, 0x700c51aeb0, 3200, MSG_DONTWAIT, NULL, NULL) = -1 EAGAIN (Try again)
29517 1784444769.204329 recvfrom(39, "nysv\0\0\0\0\0\0\0\0\0\0\0\0\\`\277\277C\4\0\0\314C\4\0\0\0\0\0", 3200, MSG_DONTWAIT, NULL, NULL) = 32
29517 1784444769.204526 recvfrom(39, 0x7fed458190, 3200, MSG_DONTWAIT, NULL, NULL) = -1 EAGAIN (Try again)
29517 1784444769.221077 recvfrom(152, 0x6fae95ac20, 2272, MSG_DONTWAIT, NULL, NULL) = -1 EAGAIN (Try again)
29517 1784444769.222491 recvfrom(39, 0x7fed457a00, 3200, MSG_DONTWAIT, NULL, NULL) = -1 EAGAIN (Try again)
29539 1784444769.271635 recvfrom(43, "nysv\0\0\0\0\0\0\0\0\0\0\0\0\225K\274\301C\4\0\0\316C\4\0\0\0\0\0", 3200, MSG_DONTWAIT, NULL, NULL) = 32
29539 1784444769.271793 recvfrom(43, 0x700c51aeb0, 3200, MSG_DONTWAIT, NULL, NULL) = -1 EAGAIN (Try again)
29517 1784444769.279834 recvfrom(39, "nysv\0\0\0\0\0\0\0\0\0\0\0\0-D\271\303C\4\0\0\320C\4\0\0\0\0\0", 3200, MSG_DONTWAIT, NULL, NULL) = 32
29517 1784444769.280121 recvfrom(39, 0x7fed458190, 3200, MSG_DONTWAIT, NULL, NULL) = -1 EAGAIN (Try again)
29517 1784444769.288724 recvfrom(39, 0x7fed457a00, 3200, MSG_DONTWAIT, NULL, NULL) = -1 EAGAIN (Try again)
29539 1784444769.295763 recvfrom(43, "nysv\0\0\0\0\0\0\0\0\0\0\0\0\207~\264\306C\4\0\0\323C\4\0\0\0\0\0", 3200, MSG_DONTWAIT, NULL, NULL) = 32
29539 1784444769.300547 recvfrom(43, 0x700c51ac80, 3200, MSG_DONTWAIT, NULL, NULL) = -1 EAGAIN (Try again)
29620 1784444769.307084 sendmsg(150, {msg_name=NULL, msg_namelen=0, msg_iov=[{iov_base="l\1\1\1\374\0\0\0m\0\0\0\235\0\0\0\1\1o\0;\0\0\0/re/frid"..., iov_len=428}], msg_iovlen=1, msg_controllen=0, msg_flags=0}, MSG_NOSIGNAL) = 428
29517 1784444769.309169 recvfrom(39, "nysv\0\0\0\0\0\0\0\0\0\0\0\0-\335\262\307C\4\0\0\324C\4\0\0\0\0\0", 3200, MSG_DONTWAIT, NULL, NULL) = 32
29517 1784444769.309472 recvfrom(39, 0x7fed458190, 3200, MSG_DONTWAIT, NULL, NULL) = -1 EAGAIN (Try again)
29620 1784444769.320710 sendmsg(150, {msg_name=NULL, msg_namelen=0, msg_iov=[{iov_base="l\1\1\1\374\0\0\0n\0\0\0\235\0\0\0\1\1o\0;\0\0\0/re/frid"..., iov_len=428}], msg_iovlen=1, msg_controllen=0, msg_flags=0}, MSG_NOSIGNAL) = 428
29517 1784444769.348562 recvfrom(39, 0x7fed456ea0, 3200, MSG_DONTWAIT, NULL, NULL) = -1 EAGAIN (Try again)
29539 1784444769.362792 recvfrom(43, "nysv\0\0\0\0\0\0\0\0\0\0\0\0\244`\261\310C\4\0\0\325C\4\0\0\0\0\0", 3200, MSG_DONTWAIT, NULL, NULL) = 32
29539 1784444769.362965 recvfrom(43, 0x700c51ac80, 3200, MSG_DONTWAIT, NULL, NULL) = -1 EAGAIN (Try again)
29517 1784444769.365620 recvfrom(39, "nysv\0\0\0\0\0\0\0\0\0\0\0\0\10\354\253\313C\4\0\0\330C\4\0\0\0\0\0", 3200, MSG_DONTWAIT, NULL, NULL) = 32
29517 1784444769.366215 recvfrom(39, 0x7fed458190, 3200, MSG_DONTWAIT, NULL, NULL) = -1 EAGAIN (Try again)
29517 1784444769.369985 recvfrom(39, 0x7fed457a00, 3200, MSG_DONTWAIT, NULL, NULL) = -1 EAGAIN (Try again)
29620 1784444769.377082 sendmsg(150, {msg_name=NULL, msg_namelen=0, msg_iov=[{iov_base="l\1\1\1\374\0\0\0o\0\0\0\235\0\0\0\1\1o\0;\0\0\0/re/frid"..., iov_len=428}], msg_iovlen=1, msg_controllen=0, msg_flags=0}, MSG_NOSIGNAL) = 428
29517 1784444769.382168 recvfrom(39, "nysv\0\0\0\0\0\0\0\0\0\0\0\0\2660\252\314C\4\0\0\331C\4\0\0\0\0\0", 3200, MSG_DONTWAIT, NULL, NULL) = 32
29517 1784444769.382604 recvfrom(39, 0x7fed458190, 3200, MSG_DONTWAIT, NULL, NULL) = -1 EAGAIN (Try again)
29620 1784444769.392365 sendmsg(150, {msg_name=NULL, msg_namelen=0, msg_iov=[{iov_base="l\1\1\1\374\0\0\0p\0\0\0\235\0\0\0\1\1o\0;\0\0\0/re/frid"..., iov_len=428}], msg_iovlen=1, msg_controllen=0, msg_flags=0}, MSG_NOSIGNAL) = 428
29517 1784444769.518536 recvfrom(39, 0x7fed4581e0, 3200, MSG_DONTWAIT, NULL, NULL) = -1 EAGAIN (Try again)
29517 1784444769.531714 recvfrom(39, "nysv\0\0\0\0\0\0\0\0\0\0\0\0\242I\233\325C\4\0\0\342C\4\0\0\0\0\0", 3200, MSG_DONTWAIT, NULL, NULL) = 32
29517 1784444769.532320 recvfrom(39, 0x7fed458190, 3200, MSG_DONTWAIT, NULL, NULL) = -1 EAGAIN (Try again)
29517 1784444769.534156 recvfrom(120, 0x6fac7da020, 2272, MSG_DONTWAIT, NULL, NULL) = -1 EAGAIN (Try again)
29580 1784444769.535953 openat(AT_FDCWD, "/proc/29517/stat", O_RDONLY|O_CLOEXEC) = 141
29580 1784444769.537949 openat(AT_FDCWD, "/proc/29517/task", O_RDONLY|O_DIRECTORY) = 141
29580 1784444769.538239 openat(AT_FDCWD, "/proc/29517/task/29517/stat", O_RDONLY|O_CLOEXEC) = 151
29580 1784444769.539651 openat(AT_FDCWD, "/proc/29517/task/29521/stat", O_RDONLY|O_CLOEXEC) = 151
29580 1784444769.540652 openat(AT_FDCWD, "/proc/29517/task/29528/stat", O_RDONLY|O_CLOEXEC) = 134
29580 1784444769.541721 openat(AT_FDCWD, "/proc/29517/task/29529/stat", O_RDONLY|O_CLOEXEC) = 134
29580 1784444769.543003 openat(AT_FDCWD, "/proc/29517/task/29530/stat", O_RDONLY|O_CLOEXEC) = 134
29580 1784444769.544422 openat(AT_FDCWD, "/proc/29517/task/29531/stat", O_RDONLY|O_CLOEXEC) = 134
29580 1784444769.545657 openat(AT_FDCWD, "/proc/29517/task/29532/stat", O_RDONLY|O_CLOEXEC) = 134
29576 1784444769.546196 sendto(109, "`\0\0\0\0\0\0\0\5\0\0\0\0\0\0\0\0\0\0\0\0\0\0\0~Bo\22i\214\v|"..., 96, MSG_NOSIGNAL, NULL, 0) = 96
29576 1784444769.546543 sendto(109, "h\0\0\0\0\0\0\0\5\0\0\0\0\0\0\0\0\0\0\0\0\0\0\0~Bo\22i\214\v|"..., 104, MSG_NOSIGNAL, NULL, 0) = 104
29576 1784444769.547787 recvmsg(109, {msg_name=NULL, msg_namelen=0, msg_iov=[{iov_base="h\0\0\0\0\0\0\0\5\0\0\0\0\0\0\0\0\0\0\0\0\0\0\0P\314%\253\277\37\259"..., iov_len=4096}], msg_iovlen=1, msg_controllen=0, msg_flags=0}, MSG_DONTWAIT) = 208
29580 1784444769.548699 openat(AT_FDCWD, "/proc/29517/task/29533/stat", O_RDONLY|O_CLOEXEC <unfinished ...>
29517 1784444769.548721 sendto(109, "h\0\0\0\0\0\0\0\5\0\0\0\0\0\0\0\0\0\0\0\0\0\0\0\10x\266\203\277\6\27T"..., 104, MSG_NOSIGNAL, NULL, 0 <unfinished ...>
29580 1784444769.550236 <... openat resumed> ) = 134
29517 1784444769.550253 <... sendto resumed> ) = 104
29576 1784444769.550328 recvmsg(108, {msg_name=NULL, msg_namelen=0, msg_iov=[{iov_base="\24\0\0\0\0\0\0\0\1\0\0\0\0\0\0\0\0\0\1\0", iov_len=4096}], msg_iovlen=1, msg_controllen=0, msg_flags=0}, MSG_DONTWAIT) = 20
29580 1784444769.552653 openat(AT_FDCWD, "/proc/29517/task/29534/stat", O_RDONLY|O_CLOEXEC) = 135
29576 1784444769.553911 sendmsg(108, {msg_name=NULL, msg_namelen=0, msg_iov=[{iov_base=" \0\0\0\1\0\0\0\2\0\0\0\0\0\0\0\301\251\3\316>\254y[$!wv\274z\342\271", iov_len=32}], msg_iovlen=1, msg_control=[{cmsg_len=20, cmsg_level=SOL_SOCKET, cmsg_type=SCM_RIGHTS, cmsg_data=[134]}], msg_controllen=20, msg_flags=0}, MSG_NOSIGNAL <unfinished ...>
29580 1784444769.554054 openat(AT_FDCWD, "/proc/29517/task/29535/stat", O_RDONLY|O_CLOEXEC <unfinished ...>
29576 1784444769.554066 <... sendmsg resumed> ) = 32
29580 1784444769.554296 <... openat resumed> ) = 135
29576 1784444769.554625 recvmsg(109, {msg_name=NULL, msg_namelen=0, msg_iov=[{iov_base="\370\0\0\0\1\0\0\0\5\0\0\0\0\0\0\0\0\0\0\0\0\0\0\0004z\352\332^=<\r"..., iov_len=4096}], msg_iovlen=1, msg_control=[{cmsg_len=20, cmsg_level=SOL_SOCKET, cmsg_type=SCM_RIGHTS, cmsg_data=[134]}], msg_controllen=24, msg_flags=0}, MSG_DONTWAIT) = 248
29517 1784444769.554839 recvfrom(39, 0x7fed457f10, 3200, MSG_DONTWAIT, NULL, NULL) = -1 EAGAIN (Try again)
29576 1784444769.555207 recvmsg(109, {msg_name=NULL, msg_namelen=0, msg_iov=[{iov_base="\240\0\0\0\0\0\0\0\5\0\0\0\0\0\0\0\0\0\0\0\0\0\0\0004z\352\332^=<\r"..., iov_len=4096}], msg_iovlen=1, msg_controllen=0, msg_flags=0}, MSG_DONTWAIT) = 1256
29580 1784444769.555485 openat(AT_FDCWD, "/proc/29517/task/29536/stat", O_RDONLY|O_CLOEXEC) = 135
29580 1784444769.557178 openat(AT_FDCWD, "/proc/29517/task/29537/stat", O_RDONLY|O_CLOEXEC <unfinished ...>
29576 1784444769.557238 sendto(109, "\220\0\0\0\0\0\0\0\5\0\0\0\0\0\0\0\0\0\0\0\0\0\0\0~Bo\22i\214\v|"..., 144, MSG_NOSIGNAL, NULL, 0 <unfinished ...>
29580 1784444769.557388 <... openat resumed> ) = 135
29576 1784444769.557393 <... sendto resumed> ) = 144
29576 1784444769.558082 recvmsg(109, {msg_name=NULL, msg_namelen=0, msg_iov=[{iov_base="h\0\0\0\0\0\0\0\5\0\0\0\0\0\0\0\0\0\0\0\0\0\0\0\370\336l\300\351\237U\""..., iov_len=4096}], msg_iovlen=1, msg_controllen=0, msg_flags=0}, MSG_DONTWAIT) = 104
29580 1784444769.558791 openat(AT_FDCWD, "/proc/29517/task/29538/stat", O_RDONLY|O_CLOEXEC) = 135
29580 1784444769.560108 openat(AT_FDCWD, "/proc/29517/task/29539/stat", O_RDONLY|O_CLOEXEC) = 135
29580 1784444769.561354 openat(AT_FDCWD, "/proc/29517/task/29542/stat", O_RDONLY|O_CLOEXEC) = 135
29580 1784444769.562411 openat(AT_FDCWD, "/proc/29517/task/29548/stat", O_RDONLY|O_CLOEXEC) = 134
29580 1784444769.563311 openat(AT_FDCWD, "/proc/29517/task/29550/stat", O_RDONLY|O_CLOEXEC) = 134
29580 1784444769.564615 openat(AT_FDCWD, "/proc/29517/task/29572/stat", O_RDONLY|O_CLOEXEC) = 134
29517 1784444769.565109 recvfrom(39, "nysv\0\0\0\0\0\0\0\0\0\0\0\0~B\230\327C\4\0\0\344C\4\0\0\0\0\0", 3200, MSG_DONTWAIT, NULL, NULL) = 32
29517 1784444769.565410 recvfrom(39, 0x7fed458190, 3200, MSG_DONTWAIT, NULL, NULL) = -1 EAGAIN (Try again)
29580 1784444769.568657 openat(AT_FDCWD, "/proc/29517/task/29573/stat", O_RDONLY|O_CLOEXEC <unfinished ...>
29517 1784444769.568673 recvfrom(120,  <unfinished ...>
29580 1784444769.568771 <... openat resumed> ) = 134
29517 1784444769.568935 <... recvfrom resumed> 0x6fac7da020, 2272, MSG_DONTWAIT, NULL, NULL) = -1 EAGAIN (Try again)
29580 1784444769.570147 openat(AT_FDCWD, "/proc/29517/task/29574/stat", O_RDONLY|O_CLOEXEC) = 134
29580 1784444769.571554 openat(AT_FDCWD, "/proc/29517/task/29575/stat", O_RDONLY|O_CLOEXEC) = 134
29580 1784444769.572959 openat(AT_FDCWD, "/proc/29517/task/29576/stat", O_RDONLY|O_CLOEXEC) = 134
29580 1784444769.574649 openat(AT_FDCWD, "/proc/29517/task/29577/stat", O_RDONLY|O_CLOEXEC) = 134
29580 1784444769.576055 openat(AT_FDCWD, "/proc/29517/task/29578/stat", O_RDONLY|O_CLOEXEC) = 134
29580 1784444769.577422 openat(AT_FDCWD, "/proc/29517/task/29579/stat", O_RDONLY|O_CLOEXEC) = 134
29580 1784444769.579402 openat(AT_FDCWD, "/proc/29517/task/29580/stat", O_RDONLY|O_CLOEXEC) = 134
29620 1784444769.580887 sendmsg(150, {msg_name=NULL, msg_namelen=0, msg_iov=[{iov_base="l\1\1\1\374\0\0\0q\0\0\0\235\0\0\0\1\1o\0;\0\0\0/re/frid"..., iov_len=428}], msg_iovlen=1, msg_controllen=0, msg_flags=0}, MSG_NOSIGNAL) = 428
29580 1784444769.583780 openat(AT_FDCWD, "/proc/29517/task/29581/stat", O_RDONLY|O_CLOEXEC) = 134
29580 1784444769.585243 openat(AT_FDCWD, "/proc/29517/task/29582/stat", O_RDONLY|O_CLOEXEC) = 134
29580 1784444769.586363 openat(AT_FDCWD, "/proc/29517/task/29583/stat", O_RDONLY|O_CLOEXEC) = 134
29580 1784444769.587284 openat(AT_FDCWD, "/proc/29517/task/29584/stat", O_RDONLY|O_CLOEXEC) = 134
29580 1784444769.588457 openat(AT_FDCWD, "/proc/29517/task/29585/stat", O_RDONLY|O_CLOEXEC) = 134
29580 1784444769.589390 openat(AT_FDCWD, "/proc/29517/task/29586/stat", O_RDONLY|O_CLOEXEC) = 134
29580 1784444769.590364 openat(AT_FDCWD, "/proc/29517/task/29587/stat", O_RDONLY|O_CLOEXEC) = 134
29580 1784444769.591257 openat(AT_FDCWD, "/proc/29517/task/29589/stat", O_RDONLY|O_CLOEXEC) = 134
29580 1784444769.592167 openat(AT_FDCWD, "/proc/29517/task/29590/stat", O_RDONLY|O_CLOEXEC) = 134
29580 1784444769.593069 openat(AT_FDCWD, "/proc/29517/task/29593/stat", O_RDONLY|O_CLOEXEC) = 134
29580 1784444769.594058 openat(AT_FDCWD, "/proc/29517/task/29594/stat", O_RDONLY|O_CLOEXEC) = 134
29580 1784444769.594961 openat(AT_FDCWD, "/proc/29517/task/29595/stat", O_RDONLY|O_CLOEXEC) = 134
29580 1784444769.595877 openat(AT_FDCWD, "/proc/29517/task/29596/stat", O_RDONLY|O_CLOEXEC) = 134
29580 1784444769.596789 openat(AT_FDCWD, "/proc/29517/task/29607/stat", O_RDONLY|O_CLOEXEC) = 134
29580 1784444769.598463 openat(AT_FDCWD, "/proc/29517/task/29617/stat", O_RDONLY|O_CLOEXEC) = 134
29580 1784444769.602024 openat(AT_FDCWD, "/proc/29517/task/29618/stat", O_RDONLY|O_CLOEXEC) = 134
29580 1784444769.603480 openat(AT_FDCWD, "/proc/29517/task/29620/stat", O_RDONLY|O_CLOEXEC) = 134
29580 1784444769.604390 openat(AT_FDCWD, "/proc/29517/task/29621/stat", O_RDONLY|O_CLOEXEC) = 134
29580 1784444769.605292 openat(AT_FDCWD, "/proc/29517/task/29679/stat", O_RDONLY|O_CLOEXEC) = 134
29580 1784444769.606284 openat(AT_FDCWD, "/proc/29517/task/29688/stat", O_RDONLY|O_CLOEXEC) = 134
29580 1784444769.607321 openat(AT_FDCWD, "/proc/29517/task/29723/stat", O_RDONLY|O_CLOEXEC) = 134
29580 1784444769.608208 openat(AT_FDCWD, "/proc/29517/task/29724/stat", O_RDONLY|O_CLOEXEC) = 134
29620 1784444769.654422 sendmsg(150, {msg_name=NULL, msg_namelen=0, msg_iov=[{iov_base="l\1\1\1\374\0\0\0r\0\0\0\235\0\0\0\1\1o\0;\0\0\0/re/frid"..., iov_len=428}], msg_iovlen=1, msg_controllen=0, msg_flags=0}, MSG_NOSIGNAL) = 428
29517 1784444770.467540 recvfrom(39, 0x7fed457f20, 3200, MSG_DONTWAIT, NULL, NULL) = -1 EAGAIN (Try again)
29517 1784444770.485382 recvfrom(39, "nysv\0\0\0\0\0\0\0\0\0\0\0\0\234\3263\16D\4\0\0\33D\4\0\0\0\0\0", 3200, MSG_DONTWAIT, NULL, NULL) = 32
29517 1784444770.486076 recvfrom(39, 0x7fed458190, 3200, MSG_DONTWAIT, NULL, NULL) = -1 EAGAIN (Try again)
29517 1784444770.487329 recvfrom(152, 0x6fae95ac20, 2272, MSG_DONTWAIT, NULL, NULL) = -1 EAGAIN (Try again)
29517 1784444770.488858 recvfrom(39, 0x7fed457050, 3200, MSG_DONTWAIT, NULL, NULL) = -1 EAGAIN (Try again)
29517 1784444770.502323 recvfrom(39, "nysv\0\0\0\0\0\0\0\0\0\0\0\0\177V2\17D\4\0\0\34D\4\0\0\0\0\0", 3200, MSG_DONTWAIT, NULL, NULL) = 32
29517 1784444770.503080 recvfrom(39, 0x7fed458190, 3200, MSG_DONTWAIT, NULL, NULL) = -1 EAGAIN (Try again)
29517 1784444770.508202 recvfrom(152, 0x6fae95ac20, 2272, MSG_DONTWAIT, NULL, NULL) = -1 EAGAIN (Try again)
29517 1784444770.509067 recvfrom(39, 0x7fed457050, 3200, MSG_DONTWAIT, NULL, NULL) = -1 EAGAIN (Try again)
29517 1784444770.525696 recvfrom(39, "nysv\0\0\0\0\0\0\0\0\0\0\0\0\324\2340\20D\4\0\0\35D\4\0\0\0\0\0", 3200, MSG_DONTWAIT, NULL, NULL) = 32
29517 1784444770.526238 recvfrom(39, 0x7fed458190, 3200, MSG_DONTWAIT, NULL, NULL) = -1 EAGAIN (Try again)
29517 1784444770.531294 recvfrom(152, 0x6fae95ac20, 2272, MSG_DONTWAIT, NULL, NULL) = -1 EAGAIN (Try again)
29517 1784444770.535024 recvfrom(39, 0x7fed457050, 3200, MSG_DONTWAIT, NULL, NULL) = -1 EAGAIN (Try again)
29517 1784444770.547510 recvfrom(39, "nysv\0\0\0\0\0\0\0\0\0\0\0\0\242\340-\22D\4\0\0\37D\4\0\0\0\0\0", 3200, MSG_DONTWAIT, NULL, NULL) = 32
29517 1784444770.548170 recvfrom(39, 0x7fed458190, 3200, MSG_DONTWAIT, NULL, NULL) = -1 EAGAIN (Try again)
29517 1784444770.551888 recvfrom(152, 0x6fae95ac20, 2272, MSG_DONTWAIT, NULL, NULL) = -1 EAGAIN (Try again)
29517 1784444770.552779 recvfrom(39, 0x7fed457050, 3200, MSG_DONTWAIT, NULL, NULL) = -1 EAGAIN (Try again)
29517 1784444770.564172 recvfrom(39, "nysv\0\0\0\0\0\0\0\0\0\0\0\0(\200,\23D\4\0\0 D\4\0\0\0\0\0", 3200, MSG_DONTWAIT, NULL, NULL) = 32
29517 1784444770.564598 recvfrom(39, 0x7fed458190, 3200, MSG_DONTWAIT, NULL, NULL) = -1 EAGAIN (Try again)
29517 1784444770.565017 recvfrom(152, 0x6fae95ac20, 2272, MSG_DONTWAIT, NULL, NULL) = -1 EAGAIN (Try again)
29517 1784444770.566016 recvfrom(39, 0x7fed457050, 3200, MSG_DONTWAIT, NULL, NULL) = -1 EAGAIN (Try again)
29517 1784444770.582106 recvfrom(39, "nysv\0\0\0\0\0\0\0\0\0\0\0\0L\315*\24D\4\0\0!D\4\0\0\0\0\0", 3200, MSG_DONTWAIT, NULL, NULL) = 32
29517 1784444770.582574 recvfrom(39, 0x7fed458190, 3200, MSG_DONTWAIT, NULL, NULL) = -1 EAGAIN (Try again)
29517 1784444770.582999 recvfrom(152, 0x6fae95ac20, 2272, MSG_DONTWAIT, NULL, NULL) = -1 EAGAIN (Try again)
29517 1784444770.583904 recvfrom(39, 0x7fed457050, 3200, MSG_DONTWAIT, NULL, NULL) = -1 EAGAIN (Try again)
29517 1784444770.599062 recvfrom(39, "nysv\0\0\0\0\0\0\0\0\0\0\0\0v\35)\25D\4\0\0\"D\4\0\0\0\0\0", 3200, MSG_DONTWAIT, NULL, NULL) = 32
29517 1784444770.599439 recvfrom(39, 0x7fed458190, 3200, MSG_DONTWAIT, NULL, NULL) = -1 EAGAIN (Try again)
29517 1784444770.599910 recvfrom(152, 0x6fae95ac20, 2272, MSG_DONTWAIT, NULL, NULL) = -1 EAGAIN (Try again)
29517 1784444770.600845 recvfrom(39, 0x7fed457050, 3200, MSG_DONTWAIT, NULL, NULL) = -1 EAGAIN (Try again)
29517 1784444770.615358 recvfrom(39, "nysv\0\0\0\0\0\0\0\0\0\0\0\0\240r'\26D\4\0\0#D\4\0\0\0\0\0", 3200, MSG_DONTWAIT, NULL, NULL) = 32
29517 1784444770.615631 recvfrom(39, 0x7fed458190, 3200, MSG_DONTWAIT, NULL, NULL) = -1 EAGAIN (Try again)
29517 1784444770.616039 recvfrom(152, 0x6fae95ac20, 2272, MSG_DONTWAIT, NULL, NULL) = -1 EAGAIN (Try again)
29517 1784444770.616953 recvfrom(39, 0x7fed457050, 3200, MSG_DONTWAIT, NULL, NULL) = -1 EAGAIN (Try again)
29517 1784444770.631747 recvfrom(39, "nysv\0\0\0\0\0\0\0\0\0\0\0\0\320\363%\27D\4\0\0$D\4\0\0\0\0\0", 3200, MSG_DONTWAIT, NULL, NULL) = 32
29517 1784444770.632047 recvfrom(39, 0x7fed458190, 3200, MSG_DONTWAIT, NULL, NULL) = -1 EAGAIN (Try again)
29517 1784444770.632470 recvfrom(152, 0x6fae95ac20, 2272, MSG_DONTWAIT, NULL, NULL) = -1 EAGAIN (Try again)
29517 1784444770.635969 recvfrom(39, 0x7fed457050, 3200, MSG_DONTWAIT, NULL, NULL) = -1 EAGAIN (Try again)
29517 1784444770.649131 recvfrom(39, "nysv\0\0\0\0\0\0\0\0\0\0\0\0Y\366#\30D\4\0\0%D\4\0\0\0\0\0", 3200, MSG_DONTWAIT, NULL, NULL) = 32
29517 1784444770.649412 recvfrom(39, 0x7fed458190, 3200, MSG_DONTWAIT, NULL, NULL) = -1 EAGAIN (Try again)
29517 1784444770.650314 recvfrom(152, 0x6fae95ac20, 2272, MSG_DONTWAIT, NULL, NULL) = -1 EAGAIN (Try again)
29517 1784444770.651298 recvfrom(39, 0x7fed457050, 3200, MSG_DONTWAIT, NULL, NULL) = -1 EAGAIN (Try again)
29517 1784444770.664994 recvfrom(39, "nysv\0\0\0\0\0\0\0\0\0\0\0\0\r\231\"\31D\4\0\0&D\4\0\0\0\0\0", 3200, MSG_DONTWAIT, NULL, NULL) = 32
29517 1784444770.668537 recvfrom(39, 0x7fed458190, 3200, MSG_DONTWAIT, NULL, NULL) = -1 EAGAIN (Try again)
29517 1784444770.674925 recvfrom(152, 0x6fae95ac20, 2272, MSG_DONTWAIT, NULL, NULL) = -1 EAGAIN (Try again)
29517 1784444770.675374 recvfrom(39, 0x7fed457050, 3200, MSG_DONTWAIT, NULL, NULL) = -1 EAGAIN (Try again)
29517 1784444770.681670 recvfrom(39, "nysv\0\0\0\0\0\0\0\0\0\0\0\0\3456!\32D\4\0\0'D\4\0\0\0\0\0", 3200, MSG_DONTWAIT, NULL, NULL) = 32
29517 1784444770.682110 recvfrom(39, 0x7fed458190, 3200, MSG_DONTWAIT, NULL, NULL) = -1 EAGAIN (Try again)
29517 1784444770.683029 recvfrom(152, 0x6fae95ac20, 2272, MSG_DONTWAIT, NULL, NULL) = -1 EAGAIN (Try again)
29517 1784444770.683922 recvfrom(39, 0x7fed457050, 3200, MSG_DONTWAIT, NULL, NULL) = -1 EAGAIN (Try again)
29517 1784444770.700425 recvfrom(39, "nysv\0\0\0\0\0\0\0\0\0\0\0\0\310\326\37\33D\4\0\0(D\4\0\0\0\0\0", 3200, MSG_DONTWAIT, NULL, NULL) = 32
29517 1784444770.700705 recvfrom(39, 0x7fed458190, 3200, MSG_DONTWAIT, NULL, NULL) = -1 EAGAIN (Try again)
29517 1784444770.704012 recvfrom(152, 0x6fae95ac20, 2272, MSG_DONTWAIT, NULL, NULL) = -1 EAGAIN (Try again)
29517 1784444770.704805 recvfrom(39, 0x7fed457050, 3200, MSG_DONTWAIT, NULL, NULL) = -1 EAGAIN (Try again)
29517 1784444770.714154 recvfrom(39, "nysv\0\0\0\0\0\0\0\0\0\0\0\0)s\36\34D\4\0\0)D\4\0\0\0\0\0", 3200, MSG_DONTWAIT, NULL, NULL) = 32
29517 1784444770.716209 recvfrom(39, 0x7fed458190, 3200, MSG_DONTWAIT, NULL, NULL) = -1 EAGAIN (Try again)
29517 1784444770.718016 recvfrom(152, 0x6fae95ac20, 2272, MSG_DONTWAIT, NULL, NULL) = -1 EAGAIN (Try again)
29517 1784444770.719377 recvfrom(39, 0x7fed457050, 3200, MSG_DONTWAIT, NULL, NULL) = -1 EAGAIN (Try again)
29517 1784444770.731590 recvfrom(39, "nysv\0\0\0\0\0\0\0\0\0\0\0\0@\350\34\35D\4\0\0*D\4\0\0\0\0\0", 3200, MSG_DONTWAIT, NULL, NULL) = 32
29517 1784444770.732046 recvfrom(39, 0x7fed458190, 3200, MSG_DONTWAIT, NULL, NULL) = -1 EAGAIN (Try again)
29517 1784444770.734031 recvfrom(152, 0x6fae95ac20, 2272, MSG_DONTWAIT, NULL, NULL) = -1 EAGAIN (Try again)
29620 1784444770.752856 sendmsg(150, {msg_name=NULL, msg_namelen=0, msg_iov=[{iov_base="l\1\1\1\374\0\0\0s\0\0\0\235\0\0\0\1\1o\0;\0\0\0/re/frid"..., iov_len=428}], msg_iovlen=1, msg_controllen=0, msg_flags=0}, MSG_NOSIGNAL) = 428
29723 1784444771.876244 exit(0)         = ?
29723 1784444771.876355 +++ exited with 0 +++
29617 1784444771.931682 faccessat(AT_FDCWD, "/proc/self/task/29723", F_OK) = -1 ENOENT (No such file or directory)
29576 1784444777.660215 recvmsg(109, {msg_name=NULL, msg_namelen=0, msg_iov=[{iov_base="0\0\0\0\0\0\0\0\5\0\0\0\0\0\0\0\4\0\0\0\0\0\0\0\337IR\225\261\224\326\31"..., iov_len=4096}], msg_iovlen=1, msg_controllen=0, msg_flags=0}, MSG_DONTWAIT) = 184
29576 1784444777.662735 sendto(109, "0\0\0\0\0\0\0\0\5\0\0\0\0\0\0\0\4\0\0\0\0\0\0\0N\267\350\227\245\367\37\213"..., 48, MSG_NOSIGNAL, NULL, 0) = 48
29576 1784444777.664025 sendto(109, "0\0\0\0\0\0\0\0\5\0\0\0\0\0\0\0\4\0\0\0\0\0\0\0N\267\350\227\245\367\37\213"..., 48, MSG_NOSIGNAL, NULL, 0) = 48
29576 1784444777.667927 sendto(109, "\210\0\0\0\0\0\0\0\5\0\0\0\0\0\0\0\0\0\0\0\0\0\0\0~Bo\22i\214\v|"..., 136, MSG_NOSIGNAL, NULL, 0) = 136
29538 1784444782.346847 openat(AT_FDCWD, "/data/misc/profiles/cur/0/cl.coders.faketraveler/primary.prof", O_RDWR|O_NOFOLLOW|O_CLOEXEC) = 134
29538 1784444782.347047 newfstatat(AT_FDCWD, "/data/misc/profiles/cur/0/cl.coders.faketraveler/primary.prof", {st_mode=S_IFREG|0600, st_size=6799, ...}, 0) = 0
29517 1784444787.309962 recvfrom(152, "\2\0\0\0\0\0\0\0\257\24\0\0\0\0\0\0\300^A\371G\4\0\0\1\0\0\0\2\20\0\0"..., 2272, MSG_DONTWAIT, NULL, NULL) = 232
29517 1784444787.310608 sendto(152, "\3\0\0\0\0\0\0\0\257\24\0\0\1\0\0\0", 16, MSG_DONTWAIT|MSG_NOSIGNAL, NULL, 0) = 16
29517 1784444787.310807 recvfrom(152, "\2\0\0\0\0\0\0\0\261\24\0\0\0\0\0\0\300^A\371G\4\0\0\1\0\0\0\2\20\0\0"..., 2272, MSG_DONTWAIT, NULL, NULL) = 232
29517 1784444787.311258 sendto(152, "\3\0\0\0\0\0\0\0\261\24\0\0\1\0\0\0", 16, MSG_DONTWAIT|MSG_NOSIGNAL, NULL, 0) = 16
29517 1784444787.312029 recvfrom(152, 0x6fae95ac20, 2272, MSG_DONTWAIT, NULL, NULL) = -1 EAGAIN (Try again)
29620 1784444787.319279 sendmsg(150, {msg_name=NULL, msg_namelen=0, msg_iov=[{iov_base="l\1\1\1\374\0\0\0t\0\0\0\235\0\0\0\1\1o\0;\0\0\0/re/frid"..., iov_len=428}], msg_iovlen=1, msg_controllen=0, msg_flags=0}, MSG_NOSIGNAL) = 428
29620 1784444787.385110 sendmsg(150, {msg_name=NULL, msg_namelen=0, msg_iov=[{iov_base="l\1\1\1\374\0\0\0u\0\0\0\235\0\0\0\1\1o\0;\0\0\0/re/frid"..., iov_len=428}], msg_iovlen=1, msg_controllen=0, msg_flags=0}, MSG_NOSIGNAL) = 428
29620 1784444788.307490 sendmsg(150, {msg_name=NULL, msg_namelen=0, msg_iov=[{iov_base="l\1\1\1\374\0\0\0v\0\0\0\235\0\0\0\1\1o\0;\0\0\0/re/frid"..., iov_len=428}], msg_iovlen=1, msg_controllen=0, msg_flags=0}, MSG_NOSIGNAL) = 428
29620 1784444789.328288 sendmsg(150, {msg_name=NULL, msg_namelen=0, msg_iov=[{iov_base="l\1\1\1\374\0\0\0w\0\0\0\235\0\0\0\1\1o\0;\0\0\0/re/frid"..., iov_len=428}], msg_iovlen=1, msg_controllen=0, msg_flags=0}, MSG_NOSIGNAL) = 428
29620 1784444789.360444 sendmsg(150, {msg_name=NULL, msg_namelen=0, msg_iov=[{iov_base="l\1\1\1\374\0\0\0x\0\0\0\235\0\0\0\1\1o\0;\0\0\0/re/frid"..., iov_len=428}], msg_iovlen=1, msg_controllen=0, msg_flags=0}, MSG_NOSIGNAL) = 428
