8821  1784186854.155926 exit(0)         = ?
8821  1784186854.156629 +++ exited with 0 +++
8820  1784186854.156894 exit(0 <unfinished ...>
8819  1784186854.156917 exit(0 <unfinished ...>
8820  1784186854.156988 <... exit resumed>) = ?
8820  1784186854.157389 +++ exited with 0 +++
8819  1784186854.157395 <... exit resumed>) = ?
8819  1784186854.157693 +++ exited with 0 +++
8818  1784186854.157843 exit(0)         = ?
8818  1784186854.158240 +++ exited with 0 +++
8831  1784186854.161995 newfstatat(AT_FDCWD, "/data", {st_mode=S_IFDIR|0771, st_size=4096, ...}, AT_SYMLINK_NOFOLLOW) = 0
8831  1784186854.162335 newfstatat(AT_FDCWD, "/data/app", {st_mode=S_IFDIR|0771, st_size=4096, ...}, AT_SYMLINK_NOFOLLOW) = 0
8831  1784186854.162645 newfstatat(AT_FDCWD, "/data/app/ch.bubendorf.locusaddon.gsakdatabase-CyRTwKbdDFr4w3DJor0xaw==", {st_mode=S_IFDIR|0775, st_size=4096, ...}, AT_SYMLINK_NOFOLLOW) = 0
8831  1784186854.163235 newfstatat(AT_FDCWD, "/data/app/ch.bubendorf.locusaddon.gsakdatabase-CyRTwKbdDFr4w3DJor0xaw==/base.apk", {st_mode=S_IFREG|0644, st_size=1491175, ...}, AT_SYMLINK_NOFOLLOW) = 0
8831  1784186854.163904 getcwd("/", 4096) = 2
8831  1784186854.164198 newfstatat(AT_FDCWD, "/base.apk", 0x7c69206690, AT_SYMLINK_NOFOLLOW) = -1 ENOENT (No such file or directory)
8844  1784186866.961266 exit(0)         = ?
8844  1784186866.961545 +++ exited with 0 +++
8842  1784186867.009852 faccessat(AT_FDCWD, "/proc/self/task/8844", F_OK) = -1 ENOENT (No such file or directory)
8811  1784186867.727860 recvfrom(47, "\2\0\0\0\0\0\0\0c\2\0\0\0\0\0\0\300\323>\36i\0\0\0\1\0\0\0\2\20\0\0"..., 2272, MSG_DONTWAIT, NULL, NULL) = 232
8811  1784186867.728088 sendto(47, "\3\0\0\0\0\0\0\0c\2\0\0\1\0\0\0", 16, MSG_DONTWAIT|MSG_NOSIGNAL, NULL, 0) = 16
8811  1784186867.728118 recvfrom(47, 0x7cf97e3420, 2272, MSG_DONTWAIT, NULL, NULL) = -1 EAGAIN (Try again)
8811  1784186867.728448 recvfrom(47, "\2\0\0\0\0\0\0\0e\2\0\0\0\0\0\0\300\323>\36i\0\0\0\1\0\0\0\2\20\0\0"..., 2272, MSG_DONTWAIT, NULL, NULL) = 232
8811  1784186867.728493 recvfrom(45, 0x7fecb1bd20, 3200, MSG_DONTWAIT, NULL, NULL) = -1 EAGAIN (Try again)
8811  1784186867.728661 sendto(47, "\3\0\0\0\0\0\0\0e\2\0\0\1\0\0\0", 16, MSG_DONTWAIT|MSG_NOSIGNAL, NULL, 0) = 16
8811  1784186867.728695 recvfrom(47, 0x7cf97e3420, 2272, MSG_DONTWAIT, NULL, NULL) = -1 EAGAIN (Try again)
8811  1784186867.729695 recvfrom(45, "nysv\0\0\0\0\0\0\0\0\0\0\0\0v*k\36i\0\0\0\266h\0\0\0\0\0\0", 3200, MSG_DONTWAIT, NULL, NULL) = 32
8811  1784186867.729810 recvfrom(45, 0x7fecb1d940, 3200, MSG_DONTWAIT, NULL, NULL) = -1 EAGAIN (Try again)
8811  1784186867.729828 recvfrom(47, 0x7cf97e3420, 2272, MSG_DONTWAIT, NULL, NULL) = -1 EAGAIN (Try again)
8811  1784186867.729841 recvfrom(45, 0x7fecb1d8a0, 3200, MSG_DONTWAIT, NULL, NULL) = -1 EAGAIN (Try again)
8811  1784186867.731557 socket(AF_UNIX, SOCK_DGRAM|SOCK_CLOEXEC|SOCK_NONBLOCK, 0) = 67
8811  1784186867.731574 setsockopt(67, SOL_SOCKET, SO_SNDBUF, [1048576], 4) = 0
8811  1784186867.731583 connect(67, {sa_family=AF_UNIX, sun_path="/dev/socket/statsdw"}, 110) = 0
8845  1784186867.737009 sendmsg(68, {msg_name=NULL, msg_namelen=0, msg_iov=[{iov_base="l\1\1\1\340\0\0\0L\0\0\0\235\0\0\0\1\1o\0;\0\0\0/re/frid"..., iov_len=400}], msg_iovlen=1, msg_controllen=0, msg_flags=0}, MSG_NOSIGNAL) = 400
8845  1784186867.739640 sendmsg(68, {msg_name=NULL, msg_namelen=0, msg_iov=[{iov_base="l\1\1\1\340\0\0\0M\0\0\0\235\0\0\0\1\1o\0;\0\0\0/re/frid"..., iov_len=400}], msg_iovlen=1, msg_controllen=0, msg_flags=0}, MSG_NOSIGNAL) = 400
8811  1784186867.740859 faccessat(AT_FDCWD, "", F_OK) = -1 ENOENT (No such file or directory)
8811  1784186867.741011 faccessat(AT_FDCWD, "", F_OK) = -1 ENOENT (No such file or directory)
8811  1784186867.741103 faccessat(AT_FDCWD, "", F_OK) = -1 ENOENT (No such file or directory)
8845  1784186867.741568 sendmsg(68, {msg_name=NULL, msg_namelen=0, msg_iov=[{iov_base="l\1\1\1\340\0\0\0N\0\0\0\235\0\0\0\1\1o\0;\0\0\0/re/frid"..., iov_len=400}], msg_iovlen=1, msg_controllen=0, msg_flags=0}, MSG_NOSIGNAL) = 400
8833  1784186867.742122 recvfrom(42, 0x7c6455aeb0, 3200, MSG_DONTWAIT, NULL, NULL) = -1 EAGAIN (Try again)
8845  1784186867.742981 sendmsg(68, {msg_name=NULL, msg_namelen=0, msg_iov=[{iov_base="l\1\1\1\340\0\0\0O\0\0\0\235\0\0\0\1\1o\0;\0\0\0/re/frid"..., iov_len=400}], msg_iovlen=1, msg_controllen=0, msg_flags=0}, MSG_NOSIGNAL) = 400
8833  1784186867.743691 recvfrom(42, 0x7c6455aeb0, 3200, MSG_DONTWAIT, NULL, NULL) = -1 EAGAIN (Try again)
8845  1784186867.744424 sendmsg(68, {msg_name=NULL, msg_namelen=0, msg_iov=[{iov_base="l\1\1\1\334\0\0\0P\0\0\0\235\0\0\0\1\1o\0;\0\0\0/re/frid"..., iov_len=396}], msg_iovlen=1, msg_controllen=0, msg_flags=0}, MSG_NOSIGNAL) = 396
8845  1784186867.745501 sendmsg(68, {msg_name=NULL, msg_namelen=0, msg_iov=[{iov_base="l\1\1\1\334\0\0\0Q\0\0\0\235\0\0\0\1\1o\0;\0\0\0/re/frid"..., iov_len=396}], msg_iovlen=1, msg_controllen=0, msg_flags=0}, MSG_NOSIGNAL) = 396
8811  1784186867.746338 recvfrom(45, "nysv\0\0\0\0\0\0\0\0\0\0\0\0\217\320i\37i\0\0\0\267h\0\0\0\0\0\0", 3200, MSG_DONTWAIT, NULL, NULL) = 32
8811  1784186867.746375 recvfrom(45, 0x7fecb1d940, 3200, MSG_DONTWAIT, NULL, NULL) = -1 EAGAIN (Try again)
8811  1784186867.746398 recvfrom(47, 0x7cf97e3420, 2272, MSG_DONTWAIT, NULL, NULL) = -1 EAGAIN (Try again)
8811  1784186867.746412 recvfrom(45, 0x7fecb1d8a0, 3200, MSG_DONTWAIT, NULL, NULL) = -1 EAGAIN (Try again)
8845  1784186867.746526 sendmsg(68, {msg_name=NULL, msg_namelen=0, msg_iov=[{iov_base="l\1\1\1\344\0\0\0R\0\0\0\235\0\0\0\1\1o\0;\0\0\0/re/frid"..., iov_len=404}], msg_iovlen=1, msg_controllen=0, msg_flags=0}, MSG_NOSIGNAL) = 404
8833  1784186867.747895 recvfrom(42, "nysv\0\0\0\0\0\0\0\0\0\0\0\0\217\320i\37i\0\0\0\267h\0\0\0\0\0\0", 3200, MSG_DONTWAIT, NULL, NULL) = 32
8833  1784186867.749428 recvfrom(42, 0x7c6455ac80, 3200, MSG_DONTWAIT, NULL, NULL) = -1 EAGAIN (Try again)
8845  1784186867.750658 sendmsg(68, {msg_name=NULL, msg_namelen=0, msg_iov=[{iov_base="l\1\1\1\344\0\0\0S\0\0\0\235\0\0\0\1\1o\0;\0\0\0/re/frid"..., iov_len=404}], msg_iovlen=1, msg_controllen=0, msg_flags=0}, MSG_NOSIGNAL) = 404
8845  1784186867.752263 sendmsg(68, {msg_name=NULL, msg_namelen=0, msg_iov=[{iov_base="l\1\1\1\334\0\0\0T\0\0\0\235\0\0\0\1\1o\0;\0\0\0/re/frid"..., iov_len=396}], msg_iovlen=1, msg_controllen=0, msg_flags=0}, MSG_NOSIGNAL) = 396
8845  1784186867.753785 sendmsg(68, {msg_name=NULL, msg_namelen=0, msg_iov=[{iov_base="l\1\1\1\334\0\0\0U\0\0\0\235\0\0\0\1\1o\0;\0\0\0/re/frid"..., iov_len=396}], msg_iovlen=1, msg_controllen=0, msg_flags=0}, MSG_NOSIGNAL) = 396
8845  1784186867.755801 sendmsg(68, {msg_name=NULL, msg_namelen=0, msg_iov=[{iov_base="l\1\1\1\334\0\0\0V\0\0\0\235\0\0\0\1\1o\0;\0\0\0/re/frid"..., iov_len=396}], msg_iovlen=1, msg_controllen=0, msg_flags=0}, MSG_NOSIGNAL) = 396
8811  1784186867.762981 recvfrom(45, "nysv\0\0\0\0\0\0\0\0\0\0\0\0\246sh i\0\0\0\270h\0\0\0\0\0\0", 3200, MSG_DONTWAIT, NULL, NULL) = 32
8811  1784186867.762997 recvfrom(45, 0x7fecb1d940, 3200, MSG_DONTWAIT, NULL, NULL) = -1 EAGAIN (Try again)
8811  1784186867.763083 recvfrom(47, 0x7cf97e3420, 2272, MSG_DONTWAIT, NULL, NULL) = -1 EAGAIN (Try again)
8811  1784186867.763105 recvfrom(45, 0x7fecb1d8a0, 3200, MSG_DONTWAIT, NULL, NULL) = -1 EAGAIN (Try again)
8833  1784186867.779045 recvfrom(42, 0x7c6455aeb0, 3200, MSG_DONTWAIT, NULL, NULL) = -1 EAGAIN (Try again)
8811  1784186867.781604 recvfrom(45, "nysv\0\0\0\0\0\0\0\0\0\0\0\0F\25g!i\0\0\0\271h\0\0\0\0\0\0", 3200, MSG_DONTWAIT, NULL, NULL) = 32
8811  1784186867.781689 recvfrom(45, 0x7fecb1d940, 3200, MSG_DONTWAIT, NULL, NULL) = -1 EAGAIN (Try again)
8811  1784186867.781739 recvfrom(45, 0x7fecb1d8a0, 3200, MSG_DONTWAIT, NULL, NULL) = -1 EAGAIN (Try again)
8833  1784186867.789552 recvfrom(42, "nysv\0\0\0\0\0\0\0\0\0\0\0\0F\25g!i\0\0\0\271h\0\0\0\0\0\0", 3200, MSG_DONTWAIT, NULL, NULL) = 32
8833  1784186867.789722 recvfrom(42, 0x7c6455aeb0, 3200, MSG_DONTWAIT, NULL, NULL) = -1 EAGAIN (Try again)
8811  1784186867.796531 recvfrom(45, "nysv\0\0\0\0\0\0\0\0\0\0\0\0\244\264e\"i\0\0\0\272h\0\0\0\0\0\0", 3200, MSG_DONTWAIT, NULL, NULL) = 32
8811  1784186867.796551 recvfrom(45, 0x7fecb1d940, 3200, MSG_DONTWAIT, NULL, NULL) = -1 EAGAIN (Try again)
8811  1784186867.796658 recvfrom(47, 0x7cf97e3420, 2272, MSG_DONTWAIT, NULL, NULL) = -1 EAGAIN (Try again)
8811  1784186867.796675 recvfrom(45, 0x7fecb1d8a0, 3200, MSG_DONTWAIT, NULL, NULL) = -1 EAGAIN (Try again)
8833  1784186867.800683 recvfrom(42, "nysv\0\0\0\0\0\0\0\0\0\0\0\0\244\264e\"i\0\0\0\272h\0\0\0\0\0\0", 3200, MSG_DONTWAIT, NULL, NULL) = 32
8833  1784186867.800831 recvfrom(42, 0x7c6455aeb0, 3200, MSG_DONTWAIT, NULL, NULL) = -1 EAGAIN (Try again)
8811  1784186867.814419 recvfrom(45, "nysv\0\0\0\0\0\0\0\0\0\0\0\0e\4d#i\0\0\0\273h\0\0\0\0\0\0", 3200, MSG_DONTWAIT, NULL, NULL) = 32
8811  1784186867.814511 recvfrom(45, 0x7fecb1d940, 3200, MSG_DONTWAIT, NULL, NULL) = -1 EAGAIN (Try again)
8811  1784186867.814630 recvfrom(45, 0x7fecb1d8a0, 3200, MSG_DONTWAIT, NULL, NULL) = -1 EAGAIN (Try again)
8833  1784186867.816127 recvfrom(42, "nysv\0\0\0\0\0\0\0\0\0\0\0\0e\4d#i\0\0\0\273h\0\0\0\0\0\0", 3200, MSG_DONTWAIT, NULL, NULL) = 32
8833  1784186867.816290 recvfrom(42, 0x7c6455aeb0, 3200, MSG_DONTWAIT, NULL, NULL) = -1 EAGAIN (Try again)
8811  1784186867.831304 recvfrom(45, "nysv\0\0\0\0\0\0\0\0\0\0\0\0\324Lb$i\0\0\0\274h\0\0\0\0\0\0", 3200, MSG_DONTWAIT, NULL, NULL) = 32
8811  1784186867.831325 recvfrom(45, 0x7fecb1d940, 3200, MSG_DONTWAIT, NULL, NULL) = -1 EAGAIN (Try again)
8811  1784186867.831351 recvfrom(45, 0x7fecb1d8a0, 3200, MSG_DONTWAIT, NULL, NULL) = -1 EAGAIN (Try again)
8833  1784186867.833224 recvfrom(42, "nysv\0\0\0\0\0\0\0\0\0\0\0\0\324Lb$i\0\0\0\274h\0\0\0\0\0\0", 3200, MSG_DONTWAIT, NULL, NULL) = 32
8833  1784186867.833494 recvfrom(42, 0x7c6455aeb0, 3200, MSG_DONTWAIT, NULL, NULL) = -1 EAGAIN (Try again)
8811  1784186867.847683 recvfrom(45, "nysv\0\0\0\0\0\0\0\0\0\0\0\0G\244`%i\0\0\0\275h\0\0\0\0\0\0", 3200, MSG_DONTWAIT, NULL, NULL) = 32
8811  1784186867.847707 recvfrom(45, 0x7fecb1d940, 3200, MSG_DONTWAIT, NULL, NULL) = -1 EAGAIN (Try again)
8811  1784186867.847765 recvfrom(45, 0x7fecb1d8a0, 3200, MSG_DONTWAIT, NULL, NULL) = -1 EAGAIN (Try again)
8833  1784186867.850783 recvfrom(42, "nysv\0\0\0\0\0\0\0\0\0\0\0\0G\244`%i\0\0\0\275h\0\0\0\0\0\0", 3200, MSG_DONTWAIT, NULL, NULL) = 32
8833  1784186867.851081 recvfrom(42, 0x7c6455aeb0, 3200, MSG_DONTWAIT, NULL, NULL) = -1 EAGAIN (Try again)
8811  1784186867.863972 recvfrom(45, "nysv\0\0\0\0\0\0\0\0\0\0\0\0\234\16_&i\0\0\0\276h\0\0\0\0\0\0", 3200, MSG_DONTWAIT, NULL, NULL) = 32
8811  1784186867.863991 recvfrom(45, 0x7fecb1d940, 3200, MSG_DONTWAIT, NULL, NULL) = -1 EAGAIN (Try again)
8811  1784186867.864020 recvfrom(45, 0x7fecb1d8a0, 3200, MSG_DONTWAIT, NULL, NULL) = -1 EAGAIN (Try again)
8833  1784186867.866047 recvfrom(42, "nysv\0\0\0\0\0\0\0\0\0\0\0\0\234\16_&i\0\0\0\276h\0\0\0\0\0\0", 3200, MSG_DONTWAIT, NULL, NULL) = 32
8833  1784186867.866317 recvfrom(42, 0x7c6455aeb0, 3200, MSG_DONTWAIT, NULL, NULL) = -1 EAGAIN (Try again)
8811  1784186867.880744 recvfrom(45, "nysv\0\0\0\0\0\0\0\0\0\0\0\0vs]'i\0\0\0\277h\0\0\0\0\0\0", 3200, MSG_DONTWAIT, NULL, NULL) = 32
8811  1784186867.880771 recvfrom(45, 0x7fecb1d940, 3200, MSG_DONTWAIT, NULL, NULL) = -1 EAGAIN (Try again)
8811  1784186867.880839 recvfrom(45, 0x7fecb1d8a0, 3200, MSG_DONTWAIT, NULL, NULL) = -1 EAGAIN (Try again)
8833  1784186867.884326 recvfrom(42, "nysv\0\0\0\0\0\0\0\0\0\0\0\0vs]'i\0\0\0\277h\0\0\0\0\0\0", 3200, MSG_DONTWAIT, NULL, NULL) = 32
8833  1784186867.884573 recvfrom(42, 0x7c6455aeb0, 3200, MSG_DONTWAIT, NULL, NULL) = -1 EAGAIN (Try again)
8811  1784186867.897640 recvfrom(45, "nysv\0\0\0\0\0\0\0\0\0\0\0\0\375\311[(i\0\0\0\300h\0\0\0\0\0\0", 3200, MSG_DONTWAIT, NULL, NULL) = 32
8811  1784186867.897656 recvfrom(45, 0x7fecb1d940, 3200, MSG_DONTWAIT, NULL, NULL) = -1 EAGAIN (Try again)
8811  1784186867.897728 recvfrom(45, 0x7fecb1d8a0, 3200, MSG_DONTWAIT, NULL, NULL) = -1 EAGAIN (Try again)
8833  1784186867.899586 recvfrom(42, "nysv\0\0\0\0\0\0\0\0\0\0\0\0\375\311[(i\0\0\0\300h\0\0\0\0\0\0", 3200, MSG_DONTWAIT, NULL, NULL) = 32
8833  1784186867.899861 recvfrom(42, 0x7c6455aeb0, 3200, MSG_DONTWAIT, NULL, NULL) = -1 EAGAIN (Try again)
8811  1784186867.914557 recvfrom(45, "nysv\0\0\0\0\0\0\0\0\0\0\0\0\362\21Z)i\0\0\0\301h\0\0\0\0\0\0", 3200, MSG_DONTWAIT, NULL, NULL) = 32
8811  1784186867.914588 recvfrom(45, 0x7fecb1d940, 3200, MSG_DONTWAIT, NULL, NULL) = -1 EAGAIN (Try again)
8811  1784186867.914607 recvfrom(45, 0x7fecb1d8a0, 3200, MSG_DONTWAIT, NULL, NULL) = -1 EAGAIN (Try again)
8833  1784186867.917761 recvfrom(42, "nysv\0\0\0\0\0\0\0\0\0\0\0\0\362\21Z)i\0\0\0\301h\0\0\0\0\0\0", 3200, MSG_DONTWAIT, NULL, NULL) = 32
8833  1784186867.918029 recvfrom(42, 0x7c6455aeb0, 3200, MSG_DONTWAIT, NULL, NULL) = -1 EAGAIN (Try again)
8811  1784186867.930927 recvfrom(45, "nysv\0\0\0\0\0\0\0\0\0\0\0\0BjX*i\0\0\0\302h\0\0\0\0\0\0", 3200, MSG_DONTWAIT, NULL, NULL) = 32
8811  1784186867.930950 recvfrom(45, 0x7fecb1d940, 3200, MSG_DONTWAIT, NULL, NULL) = -1 EAGAIN (Try again)
8811  1784186867.931024 recvfrom(45, 0x7fecb1d8a0, 3200, MSG_DONTWAIT, NULL, NULL) = -1 EAGAIN (Try again)
8833  1784186867.932950 recvfrom(42, "nysv\0\0\0\0\0\0\0\0\0\0\0\0BjX*i\0\0\0\302h\0\0\0\0\0\0", 3200, MSG_DONTWAIT, NULL, NULL) = 32
8833  1784186867.933225 recvfrom(42, 0x7c6455aeb0, 3200, MSG_DONTWAIT, NULL, NULL) = -1 EAGAIN (Try again)
8811  1784186867.947807 recvfrom(45, "nysv\0\0\0\0\0\0\0\0\0\0\0\0o\266V+i\0\0\0\303h\0\0\0\0\0\0", 3200, MSG_DONTWAIT, NULL, NULL) = 32
8811  1784186867.947931 recvfrom(45, 0x7fecb1d940, 3200, MSG_DONTWAIT, NULL, NULL) = -1 EAGAIN (Try again)
8811  1784186867.947956 recvfrom(45, 0x7fecb1d8a0, 3200, MSG_DONTWAIT, NULL, NULL) = -1 EAGAIN (Try again)
8833  1784186867.950839 recvfrom(42, "nysv\0\0\0\0\0\0\0\0\0\0\0\0o\266V+i\0\0\0\303h\0\0\0\0\0\0", 3200, MSG_DONTWAIT, NULL, NULL) = 32
8833  1784186867.951120 recvfrom(42, 0x7c6455aeb0, 3200, MSG_DONTWAIT, NULL, NULL) = -1 EAGAIN (Try again)
8811  1784186867.964278 recvfrom(45, "nysv\0\0\0\0\0\0\0\0\0\0\0\0X\22U,i\0\0\0\304h\0\0\0\0\0\0", 3200, MSG_DONTWAIT, NULL, NULL) = 32
8811  1784186867.964304 recvfrom(45, 0x7fecb1d940, 3200, MSG_DONTWAIT, NULL, NULL) = -1 EAGAIN (Try again)
8811  1784186867.964341 recvfrom(45, 0x7fecb1d8a0, 3200, MSG_DONTWAIT, NULL, NULL) = -1 EAGAIN (Try again)
8833  1784186867.967030 recvfrom(42, "nysv\0\0\0\0\0\0\0\0\0\0\0\0X\22U,i\0\0\0\304h\0\0\0\0\0\0", 3200, MSG_DONTWAIT, NULL, NULL) = 32
8833  1784186867.967218 recvfrom(42, 0x7c6455aeb0, 3200, MSG_DONTWAIT, NULL, NULL) = -1 EAGAIN (Try again)
8811  1784186867.981181 recvfrom(45, "nysv\0\0\0\0\0\0\0\0\0\0\0\0\316kS-i\0\0\0\305h\0\0\0\0\0\0", 3200, MSG_DONTWAIT, NULL, NULL) = 32
8811  1784186867.981202 recvfrom(45, 0x7fecb1d940, 3200, MSG_DONTWAIT, NULL, NULL) = -1 EAGAIN (Try again)
8811  1784186867.981220 recvfrom(45, 0x7fecb1d8a0, 3200, MSG_DONTWAIT, NULL, NULL) = -1 EAGAIN (Try again)
8833  1784186867.982894 recvfrom(42, "nysv\0\0\0\0\0\0\0\0\0\0\0\0\316kS-i\0\0\0\305h\0\0\0\0\0\0", 3200, MSG_DONTWAIT, NULL, NULL) = 32
8833  1784186867.983169 recvfrom(42, 0x7c6455aeb0, 3200, MSG_DONTWAIT, NULL, NULL) = -1 EAGAIN (Try again)
8811  1784186867.997842 recvfrom(45, "nysv\0\0\0\0\0\0\0\0\0\0\0\0\325\263Q.i\0\0\0\306h\0\0\0\0\0\0", 3200, MSG_DONTWAIT, NULL, NULL) = 32
8811  1784186867.997862 recvfrom(45, 0x7fecb1d940, 3200, MSG_DONTWAIT, NULL, NULL) = -1 EAGAIN (Try again)
8811  1784186867.997917 recvfrom(45, 0x7fecb1d8a0, 3200, MSG_DONTWAIT, NULL, NULL) = -1 EAGAIN (Try again)
8833  1784186868.001133 recvfrom(42, "nysv\0\0\0\0\0\0\0\0\0\0\0\0\325\263Q.i\0\0\0\306h\0\0\0\0\0\0", 3200, MSG_DONTWAIT, NULL, NULL) = 32
8833  1784186868.001411 recvfrom(42, 0x7c6455aeb0, 3200, MSG_DONTWAIT, NULL, NULL) = -1 EAGAIN (Try again)
8811  1784186868.014219 recvfrom(45, "nysv\0\0\0\0\0\0\0\0\0\0\0\0&\16P/i\0\0\0\307h\0\0\0\0\0\0", 3200, MSG_DONTWAIT, NULL, NULL) = 32
8811  1784186868.014302 recvfrom(45, 0x7fecb1d940, 3200, MSG_DONTWAIT, NULL, NULL) = -1 EAGAIN (Try again)
8811  1784186868.014426 recvfrom(45, 0x7fecb1d8a0, 3200, MSG_DONTWAIT, NULL, NULL) = -1 EAGAIN (Try again)
8833  1784186868.016287 recvfrom(42, "nysv\0\0\0\0\0\0\0\0\0\0\0\0&\16P/i\0\0\0\307h\0\0\0\0\0\0", 3200, MSG_DONTWAIT, NULL, NULL) = 32
8833  1784186868.016620 recvfrom(42, 0x7c6455aeb0, 3200, MSG_DONTWAIT, NULL, NULL) = -1 EAGAIN (Try again)
8811  1784186868.031168 recvfrom(45, "nysv\0\0\0\0\0\0\0\0\0\0\0\0QbN0i\0\0\0\310h\0\0\0\0\0\0", 3200, MSG_DONTWAIT, NULL, NULL) = 32
8811  1784186868.031190 recvfrom(45, 0x7fecb1d940, 3200, MSG_DONTWAIT, NULL, NULL) = -1 EAGAIN (Try again)
8811  1784186868.031215 recvfrom(45, 0x7fecb1d8a0, 3200, MSG_DONTWAIT, NULL, NULL) = -1 EAGAIN (Try again)
8833  1784186868.033012 recvfrom(42, "nysv\0\0\0\0\0\0\0\0\0\0\0\0QbN0i\0\0\0\310h\0\0\0\0\0\0", 3200, MSG_DONTWAIT, NULL, NULL) = 32
8833  1784186868.033157 recvfrom(42, 0x7c6455aeb0, 3200, MSG_DONTWAIT, NULL, NULL) = -1 EAGAIN (Try again)
8811  1784186868.047794 recvfrom(45, "nysv\0\0\0\0\0\0\0\0\0\0\0\0-\255L1i\0\0\0\311h\0\0\0\0\0\0", 3200, MSG_DONTWAIT, NULL, NULL) = 32
8811  1784186868.047816 recvfrom(45, 0x7fecb1d940, 3200, MSG_DONTWAIT, NULL, NULL) = -1 EAGAIN (Try again)
8811  1784186868.047837 recvfrom(45, 0x7fecb1d8a0, 3200, MSG_DONTWAIT, NULL, NULL) = -1 EAGAIN (Try again)
8833  1784186868.052007 recvfrom(42, "nysv\0\0\0\0\0\0\0\0\0\0\0\0-\255L1i\0\0\0\311h\0\0\0\0\0\0", 3200, MSG_DONTWAIT, NULL, NULL) = 32
8833  1784186868.052200 recvfrom(42, 0x7c6455aeb0, 3200, MSG_DONTWAIT, NULL, NULL) = -1 EAGAIN (Try again)
8811  1784186868.063213 recvfrom(45, "nysv\0\0\0\0\0\0\0\0\0\0\0\0\377hK2i\0\0\0\312h\0\0\0\0\0\0", 3200, MSG_DONTWAIT, NULL, NULL) = 32
8811  1784186868.063231 recvfrom(45, 0x7fecb1d940, 3200, MSG_DONTWAIT, NULL, NULL) = -1 EAGAIN (Try again)
8811  1784186868.063628 recvfrom(45, 0x7fecb1d8a0, 3200, MSG_DONTWAIT, NULL, NULL) = -1 EAGAIN (Try again)
8833  1784186868.064908 recvfrom(42, "nysv\0\0\0\0\0\0\0\0\0\0\0\0\377hK2i\0\0\0\312h\0\0\0\0\0\0", 3200, MSG_DONTWAIT, NULL, NULL) = 32
8833  1784186868.065041 recvfrom(42, 0x7c6455aeb0, 3200, MSG_DONTWAIT, NULL, NULL) = -1 EAGAIN (Try again)
8811  1784186868.081346 recvfrom(45, "nysv\0\0\0\0\0\0\0\0\0\0\0\0\24\254I3i\0\0\0\313h\0\0\0\0\0\0", 3200, MSG_DONTWAIT, NULL, NULL) = 32
8811  1784186868.081443 recvfrom(45, 0x7fecb1d940, 3200, MSG_DONTWAIT, NULL, NULL) = -1 EAGAIN (Try again)
8811  1784186868.081463 recvfrom(45, 0x7fecb1d8a0, 3200, MSG_DONTWAIT, NULL, NULL) = -1 EAGAIN (Try again)
8833  1784186868.084419 recvfrom(42, "nysv\0\0\0\0\0\0\0\0\0\0\0\0\24\254I3i\0\0\0\313h\0\0\0\0\0\0", 3200, MSG_DONTWAIT, NULL, NULL) = 32
8833  1784186868.084780 recvfrom(42, 0x7c6455aeb0, 3200, MSG_DONTWAIT, NULL, NULL) = -1 EAGAIN (Try again)
8811  1784186868.096548 recvfrom(45, "nysv\0\0\0\0\0\0\0\0\0\0\0\0\224CH4i\0\0\0\314h\0\0\0\0\0\0", 3200, MSG_DONTWAIT, NULL, NULL) = 32
8811  1784186868.096570 recvfrom(45, 0x7fecb1d940, 3200, MSG_DONTWAIT, NULL, NULL) = -1 EAGAIN (Try again)
8811  1784186868.096885 recvfrom(45, 0x7fecb1d8a0, 3200, MSG_DONTWAIT, NULL, NULL) = -1 EAGAIN (Try again)
8833  1784186868.098715 recvfrom(42, "nysv\0\0\0\0\0\0\0\0\0\0\0\0\224CH4i\0\0\0\314h\0\0\0\0\0\0", 3200, MSG_DONTWAIT, NULL, NULL) = 32
8833  1784186868.098980 recvfrom(42, 0x7c6455aeb0, 3200, MSG_DONTWAIT, NULL, NULL) = -1 EAGAIN (Try again)
8811  1784186868.114704 recvfrom(45, "nysv\0\0\0\0\0\0\0\0\0\0\0\0L\203F5i\0\0\0\315h\0\0\0\0\0\0", 3200, MSG_DONTWAIT, NULL, NULL) = 32
8811  1784186868.114728 recvfrom(45, 0x7fecb1d940, 3200, MSG_DONTWAIT, NULL, NULL) = -1 EAGAIN (Try again)
8833  1784186868.116743 recvfrom(42, "nysv\0\0\0\0\0\0\0\0\0\0\0\0L\203F5i\0\0\0\315h\0\0\0\0\0\0", 3200, MSG_DONTWAIT, NULL, NULL) = 32
8833  1784186868.117984 recvfrom(42, 0x7c6455aeb0, 3200, MSG_DONTWAIT, NULL, NULL) = -1 EAGAIN (Try again)
8833  1784186868.134473 recvfrom(42, "nysv\0\0\0\0\0\0\0\0\0\0\0\0\25\321D6i\0\0\0\316h\0\0\0\0\0\0", 3200, MSG_DONTWAIT, NULL, NULL) = 32
8833  1784186868.134773 recvfrom(42, 0x7c6455ac80, 3200, MSG_DONTWAIT, NULL, NULL) = -1 EAGAIN (Try again)
8811  1784186869.341694 recvfrom(45, 0x7fecb1d7d0, 3200, MSG_DONTWAIT, NULL, NULL) = -1 EAGAIN (Try again)
8811  1784186869.347902 recvfrom(45, "nysv\0\0\0\0\0\0\0\0\0\0\0\0\6\233\307~i\0\0\0\27i\0\0\0\0\0\0", 3200, MSG_DONTWAIT, NULL, NULL) = 32
8811  1784186869.348028 recvfrom(45, 0x7fecb1d940, 3200, MSG_DONTWAIT, NULL, NULL) = -1 EAGAIN (Try again)
8811  1784186869.348193 recvfrom(47, 0x7cf97e3420, 2272, MSG_DONTWAIT, NULL, NULL) = -1 EAGAIN (Try again)
8811  1784186869.348858 recvfrom(45, 0x7fecb1c040, 3200, MSG_DONTWAIT, NULL, NULL) = -1 EAGAIN (Try again)
8811  1784186869.363212 recvfrom(45, "nysv\0\0\0\0\0\0\0\0\0\0\0\0e=\306\177i\0\0\0\30i\0\0\0\0\0\0", 3200, MSG_DONTWAIT, NULL, NULL) = 32
8811  1784186869.363690 recvfrom(45, 0x7fecb1d940, 3200, MSG_DONTWAIT, NULL, NULL) = -1 EAGAIN (Try again)
8811  1784186869.363728 recvfrom(47, 0x7cf97e3420, 2272, MSG_DONTWAIT, NULL, NULL) = -1 EAGAIN (Try again)
8811  1784186869.363895 recvfrom(45, 0x7fecb1b820, 3200, MSG_DONTWAIT, NULL, NULL) = -1 EAGAIN (Try again)
8811  1784186869.379746 recvfrom(45, "nysv\0\0\0\0\0\0\0\0\0\0\0\0{\337\304\200i\0\0\0\31i\0\0\0\0\0\0", 3200, MSG_DONTWAIT, NULL, NULL) = 32
8811  1784186869.379999 recvfrom(45, 0x7fecb1d940, 3200, MSG_DONTWAIT, NULL, NULL) = -1 EAGAIN (Try again)
8811  1784186869.380040 recvfrom(47, 0x7cf97e3420, 2272, MSG_DONTWAIT, NULL, NULL) = -1 EAGAIN (Try again)
8811  1784186869.380306 recvfrom(45, 0x7fecb1b980, 3200, MSG_DONTWAIT, NULL, NULL) = -1 EAGAIN (Try again)
8811  1784186869.396872 recvfrom(45, "nysv\0\0\0\0\0\0\0\0\0\0\0\0rm\303\201i\0\0\0\32i\0\0\0\0\0\0", 3200, MSG_DONTWAIT, NULL, NULL) = 32
8811  1784186869.396907 recvfrom(45, 0x7fecb1d940, 3200, MSG_DONTWAIT, NULL, NULL) = -1 EAGAIN (Try again)
8811  1784186869.397013 recvfrom(47, 0x7cf97e3420, 2272, MSG_DONTWAIT, NULL, NULL) = -1 EAGAIN (Try again)
8811  1784186869.397122 recvfrom(45, 0x7fecb1b980, 3200, MSG_DONTWAIT, NULL, NULL) = -1 EAGAIN (Try again)
8811  1784186869.414486 recvfrom(45, "nysv\0\0\0\0\0\0\0\0\0\0\0\0\344\270\301\202i\0\0\0\33i\0\0\0\0\0\0", 3200, MSG_DONTWAIT, NULL, NULL) = 32
8811  1784186869.414509 recvfrom(45, 0x7fecb1d940, 3200, MSG_DONTWAIT, NULL, NULL) = -1 EAGAIN (Try again)
8811  1784186869.414528 recvfrom(47, 0x7cf97e3420, 2272, MSG_DONTWAIT, NULL, NULL) = -1 EAGAIN (Try again)
8811  1784186869.414595 recvfrom(45, 0x7fecb1b980, 3200, MSG_DONTWAIT, NULL, NULL) = -1 EAGAIN (Try again)
8811  1784186869.430587 recvfrom(45, "nysv\0\0\0\0\0\0\0\0\0\0\0\0!+\300\203i\0\0\0\34i\0\0\0\0\0\0", 3200, MSG_DONTWAIT, NULL, NULL) = 32
8811  1784186869.430695 recvfrom(45, 0x7fecb1d940, 3200, MSG_DONTWAIT, NULL, NULL) = -1 EAGAIN (Try again)
8811  1784186869.430723 recvfrom(47, 0x7cf97e3420, 2272, MSG_DONTWAIT, NULL, NULL) = -1 EAGAIN (Try again)
8811  1784186869.430878 recvfrom(45, 0x7fecb1b980, 3200, MSG_DONTWAIT, NULL, NULL) = -1 EAGAIN (Try again)
8811  1784186869.447857 recvfrom(45, "nysv\0\0\0\0\0\0\0\0\0\0\0\0\244q\276\204i\0\0\0\35i\0\0\0\0\0\0", 3200, MSG_DONTWAIT, NULL, NULL) = 32
8811  1784186869.447884 recvfrom(45, 0x7fecb1d940, 3200, MSG_DONTWAIT, NULL, NULL) = -1 EAGAIN (Try again)
8811  1784186869.447905 recvfrom(47, 0x7cf97e3420, 2272, MSG_DONTWAIT, NULL, NULL) = -1 EAGAIN (Try again)
8811  1784186869.448078 recvfrom(45, 0x7fecb1b980, 3200, MSG_DONTWAIT, NULL, NULL) = -1 EAGAIN (Try again)
8811  1784186869.464009 recvfrom(45, "nysv\0\0\0\0\0\0\0\0\0\0\0\0\205\330\274\205i\0\0\0\36i\0\0\0\0\0\0", 3200, MSG_DONTWAIT, NULL, NULL) = 32
8811  1784186869.464137 recvfrom(45, 0x7fecb1d940, 3200, MSG_DONTWAIT, NULL, NULL) = -1 EAGAIN (Try again)
8811  1784186869.464219 recvfrom(47, 0x7cf97e3420, 2272, MSG_DONTWAIT, NULL, NULL) = -1 EAGAIN (Try again)
8811  1784186869.464304 recvfrom(45, 0x7fecb1b980, 3200, MSG_DONTWAIT, NULL, NULL) = -1 EAGAIN (Try again)
8811  1784186869.479737 recvfrom(45, "nysv\0\0\0\0\0\0\0\0\0\0\0\0\2359\273\206i\0\0\0\37i\0\0\0\0\0\0", 3200, MSG_DONTWAIT, NULL, NULL) = 32
8811  1784186869.479848 recvfrom(45, 0x7fecb1d940, 3200, MSG_DONTWAIT, NULL, NULL) = -1 EAGAIN (Try again)
8811  1784186869.479866 recvfrom(47, 0x7cf97e3420, 2272, MSG_DONTWAIT, NULL, NULL) = -1 EAGAIN (Try again)
8811  1784186869.480008 recvfrom(45, 0x7fecb1b980, 3200, MSG_DONTWAIT, NULL, NULL) = -1 EAGAIN (Try again)
8811  1784186869.498108 recvfrom(45, "nysv\0\0\0\0\0\0\0\0\0\0\0\0Yr\271\207i\0\0\0 i\0\0\0\0\0\0", 3200, MSG_DONTWAIT, NULL, NULL) = 32
8811  1784186869.498203 recvfrom(45, 0x7fecb1d940, 3200, MSG_DONTWAIT, NULL, NULL) = -1 EAGAIN (Try again)
8811  1784186869.498235 recvfrom(47, 0x7cf97e3420, 2272, MSG_DONTWAIT, NULL, NULL) = -1 EAGAIN (Try again)
8811  1784186869.498313 recvfrom(45, 0x7fecb1b980, 3200, MSG_DONTWAIT, NULL, NULL) = -1 EAGAIN (Try again)
8811  1784186869.514102 recvfrom(45, "nysv\0\0\0\0\0\0\0\0\0\0\0\0\30\330\267\210i\0\0\0!i\0\0\0\0\0\0", 3200, MSG_DONTWAIT, NULL, NULL) = 32
8811  1784186869.514127 recvfrom(45, 0x7fecb1d940, 3200, MSG_DONTWAIT, NULL, NULL) = -1 EAGAIN (Try again)
8811  1784186869.514197 recvfrom(47, 0x7cf97e3420, 2272, MSG_DONTWAIT, NULL, NULL) = -1 EAGAIN (Try again)
8811  1784186869.514265 recvfrom(45, 0x7fecb1b980, 3200, MSG_DONTWAIT, NULL, NULL) = -1 EAGAIN (Try again)
8811  1784186869.531380 recvfrom(45, "nysv\0\0\0\0\0\0\0\0\0\0\0\0M\27\266\211i\0\0\0\"i\0\0\0\0\0\0", 3200, MSG_DONTWAIT, NULL, NULL) = 32
8811  1784186869.531666 recvfrom(45, 0x7fecb1d940, 3200, MSG_DONTWAIT, NULL, NULL) = -1 EAGAIN (Try again)
8811  1784186869.531689 recvfrom(47, 0x7cf97e3420, 2272, MSG_DONTWAIT, NULL, NULL) = -1 EAGAIN (Try again)
8811  1784186869.531763 recvfrom(45, 0x7fecb1b980, 3200, MSG_DONTWAIT, NULL, NULL) = -1 EAGAIN (Try again)
8811  1784186869.547788 recvfrom(45, "nysv\0\0\0\0\0\0\0\0\0\0\0\0\30g\264\212i\0\0\0#i\0\0\0\0\0\0", 3200, MSG_DONTWAIT, NULL, NULL) = 32
8811  1784186869.547813 recvfrom(45, 0x7fecb1d940, 3200, MSG_DONTWAIT, NULL, NULL) = -1 EAGAIN (Try again)
8811  1784186869.547832 recvfrom(47, 0x7cf97e3420, 2272, MSG_DONTWAIT, NULL, NULL) = -1 EAGAIN (Try again)
8811  1784186869.547953 recvfrom(45, 0x7fecb1b980, 3200, MSG_DONTWAIT, NULL, NULL) = -1 EAGAIN (Try again)
8811  1784186869.563154 recvfrom(45, "nysv\0\0\0\0\0\0\0\0\0\0\0\0a\0\263\213i\0\0\0$i\0\0\0\0\0\0", 3200, MSG_DONTWAIT, NULL, NULL) = 32
8811  1784186869.563174 recvfrom(45, 0x7fecb1d940, 3200, MSG_DONTWAIT, NULL, NULL) = -1 EAGAIN (Try again)
8811  1784186869.563192 recvfrom(47, 0x7cf97e3420, 2272, MSG_DONTWAIT, NULL, NULL) = -1 EAGAIN (Try again)
8811  1784186869.563338 recvfrom(45, 0x7fecb1b980, 3200, MSG_DONTWAIT, NULL, NULL) = -1 EAGAIN (Try again)
8811  1784186869.580517 recvfrom(45, "nysv\0\0\0\0\0\0\0\0\0\0\0\0\\n\261\214i\0\0\0%i\0\0\0\0\0\0", 3200, MSG_DONTWAIT, NULL, NULL) = 32
8811  1784186869.580542 recvfrom(45, 0x7fecb1d940, 3200, MSG_DONTWAIT, NULL, NULL) = -1 EAGAIN (Try again)
8811  1784186869.580560 recvfrom(47, 0x7cf97e3420, 2272, MSG_DONTWAIT, NULL, NULL) = -1 EAGAIN (Try again)
8811  1784186869.580613 recvfrom(45, 0x7fecb1c030, 3200, MSG_DONTWAIT, NULL, NULL) = -1 EAGAIN (Try again)
8811  1784186869.598001 recvfrom(45, "nysv\0\0\0\0\0\0\0\0\0\0\0\0\262\255\257\215i\0\0\0&i\0\0\0\0\0\0", 3200, MSG_DONTWAIT, NULL, NULL) = 32
8811  1784186869.598025 recvfrom(45, 0x7fecb1d940, 3200, MSG_DONTWAIT, NULL, NULL) = -1 EAGAIN (Try again)
8811  1784186869.598105 recvfrom(47, 0x7cf97e3420, 2272, MSG_DONTWAIT, NULL, NULL) = -1 EAGAIN (Try again)
8811  1784186869.598254 recvfrom(45, 0x7fecb1c030, 3200, MSG_DONTWAIT, NULL, NULL) = -1 EAGAIN (Try again)
8811  1784186869.614600 recvfrom(45, "nysv\0\0\0\0\0\0\0\0\0\0\0\0\352\363\255\216i\0\0\0'i\0\0\0\0\0\0", 3200, MSG_DONTWAIT, NULL, NULL) = 32
8811  1784186869.614620 recvfrom(45, 0x7fecb1d940, 3200, MSG_DONTWAIT, NULL, NULL) = -1 EAGAIN (Try again)
8811  1784186869.614644 recvfrom(47, 0x7cf97e3420, 2272, MSG_DONTWAIT, NULL, NULL) = -1 EAGAIN (Try again)
8811  1784186869.614707 recvfrom(45, 0x7fecb1c030, 3200, MSG_DONTWAIT, NULL, NULL) = -1 EAGAIN (Try again)
8811  1784186869.631121 recvfrom(45, "nysv\0\0\0\0\0\0\0\0\0\0\0\0\331@\254\217i\0\0\0(i\0\0\0\0\0\0", 3200, MSG_DONTWAIT, NULL, NULL) = 32
8811  1784186869.631147 recvfrom(45, 0x7fecb1d940, 3200, MSG_DONTWAIT, NULL, NULL) = -1 EAGAIN (Try again)
8811  1784186869.631167 recvfrom(47, 0x7cf97e3420, 2272, MSG_DONTWAIT, NULL, NULL) = -1 EAGAIN (Try again)
