5054  1784161658.020080 recvfrom(48, "h\0\0\0\2\0\0\0\2\0\0\0\0\0\0\0\302^\323\207Q\5\0\0\0\0\0\0\3333\36A"..., 26624, MSG_DONTWAIT, NULL, NULL) = 208
5054  1784161658.023578 recvfrom(48, 0x7b4b2a5fc0, 26624, MSG_DONTWAIT, NULL, NULL) = -1 EAGAIN (Try again)
5054  1784161658.223757 recvfrom(48, "h\0\0\0\2\0\0\0\2\0\0\0\0\0\0\0\311O\362\223Q\5\0\0\0\0\0\0\3333\36A"..., 26624, MSG_DONTWAIT, NULL, NULL) = 208
5054  1784161658.224268 recvfrom(48, 0x7b4b2a5fc0, 26624, MSG_DONTWAIT, NULL, NULL) = -1 EAGAIN (Try again)
5054  1784161658.433076 recvfrom(48, "h\0\0\0\2\0\0\0\2\0\0\0\0\0\0\0\311Xd\240Q\5\0\0\0\0\0\0\3333\36A"..., 26624, MSG_DONTWAIT, NULL, NULL) = 208
5054  1784161658.433696 recvfrom(48, 0x7b4b2a5fc0, 26624, MSG_DONTWAIT, NULL, NULL) = -1 EAGAIN (Try again)
5054  1784161658.636485 recvfrom(48, "h\0\0\0\2\0\0\0\2\0\0\0\0\0\0\0\227\302|\254Q\5\0\0\0\0\0\0\3333\36A"..., 26624, MSG_DONTWAIT, NULL, NULL) = 208
5054  1784161658.638497 recvfrom(48, 0x7b4b2a5fc0, 26624, MSG_DONTWAIT, NULL, NULL) = -1 EAGAIN (Try again)
5054  1784161658.837928 recvfrom(48, "h\0\0\0\2\0\0\0\2\0\0\0\0\0\0\0\371\331\221\270Q\5\0\0\0\0\0\0\3333\36A"..., 26624, MSG_DONTWAIT, NULL, NULL) = 208
5054  1784161658.838273 recvfrom(48, 0x7b4b2a5fc0, 26624, MSG_DONTWAIT, NULL, NULL) = -1 EAGAIN (Try again)
5054  1784161659.039316 recvfrom(48, "h\0\0\0\2\0\0\0\2\0\0\0\0\0\0\0p\306\213\304Q\5\0\0\0\0\0\0\3333\36A"..., 26624, MSG_DONTWAIT, NULL, NULL) = 208
5054  1784161659.040836 recvfrom(48, 0x7b4b2a5fc0, 26624, MSG_DONTWAIT, NULL, NULL) = -1 EAGAIN (Try again)
5054  1784161659.241145 recvfrom(48, "h\0\0\0\2\0\0\0\2\0\0\0\0\0\0\0\3119\232\320Q\5\0\0\0\0\0\0\3333\36A"..., 26624, MSG_DONTWAIT, NULL, NULL) = 208
5054  1784161659.242410 recvfrom(48, 0x7b4b2a5fc0, 26624, MSG_DONTWAIT, NULL, NULL) = -1 EAGAIN (Try again)
5054  1784161659.448413 recvfrom(48, "h\0\0\0\2\0\0\0\2\0\0\0\0\0\0\0\324\32\353\334Q\5\0\0\0\0\0\0\3333\36A"..., 26624, MSG_DONTWAIT, NULL, NULL) = 208
5054  1784161659.448923 recvfrom(48, 0x7b4b2a5fc0, 26624, MSG_DONTWAIT, NULL, NULL) = -1 EAGAIN (Try again)
5054  1784161659.651307 recvfrom(48, "h\0\0\0\2\0\0\0\2\0\0\0\0\0\0\0\320L\22\351Q\5\0\0\0\0\0\0\3333\36A"..., 26624, MSG_DONTWAIT, NULL, NULL) = 208
5054  1784161659.651586 recvfrom(48, 0x7b4b2a5fc0, 26624, MSG_DONTWAIT, NULL, NULL) = -1 EAGAIN (Try again)
5054  1784161659.854334 recvfrom(48, "h\0\0\0\2\0\0\0\2\0\0\0\0\0\0\0\343\f$\365Q\5\0\0\0\0\0\0\3333\36A"..., 26624, MSG_DONTWAIT, NULL, NULL) = 208
5054  1784161659.855673 recvfrom(48, 0x7b4b2a5fc0, 26624, MSG_DONTWAIT, NULL, NULL) = -1 EAGAIN (Try again)
5054  1784161660.058743 recvfrom(48, "h\0\0\0\2\0\0\0\2\0\0\0\0\0\0\0^-G\1R\5\0\0\0\0\0\0\3333\36A"..., 26624, MSG_DONTWAIT, NULL, NULL) = 208
5054  1784161660.059490 recvfrom(48, 0x7b4b2a5fc0, 26624, MSG_DONTWAIT, NULL, NULL) = -1 EAGAIN (Try again)
5054  1784161660.263066 recvfrom(48, "h\0\0\0\2\0\0\0\2\0\0\0\0\0\0\0\221\201w\rR\5\0\0\0\0\0\0\3333\36A"..., 26624, MSG_DONTWAIT, NULL, NULL) = 208
5054  1784161660.263757 recvfrom(48, 0x7b4b2a5fc0, 26624, MSG_DONTWAIT, NULL, NULL) = -1 EAGAIN (Try again)
5065  1784161660.331475 exit(0)         = ?
5065  1784161660.331538 +++ exited with 0 +++
5062  1784161660.331640 exit(0)         = ?
5062  1784161660.331684 +++ exited with 0 +++
5064  1784161660.335030 exit(0)         = ?
5063  1784161660.335259 exit(0)         = ?
5064  1784161660.335767 +++ exited with 0 +++
5063  1784161660.335777 +++ exited with 0 +++
5075  1784161660.338565 newfstatat(AT_FDCWD, "/data", {st_mode=S_IFDIR|0771, st_size=4096, ...}, AT_SYMLINK_NOFOLLOW) = 0
5075  1784161660.338968 newfstatat(AT_FDCWD, "/data/app", {st_mode=S_IFDIR|0771, st_size=4096, ...}, AT_SYMLINK_NOFOLLOW) = 0
5075  1784161660.339320 newfstatat(AT_FDCWD, "/data/app/ca.rmen.nounours-nFH6BAdbv34e16-c7JiKZQ==", {st_mode=S_IFDIR|0775, st_size=4096, ...}, AT_SYMLINK_NOFOLLOW) = 0
5075  1784161660.339668 newfstatat(AT_FDCWD, "/data/app/ca.rmen.nounours-nFH6BAdbv34e16-c7JiKZQ==/base.apk", {st_mode=S_IFREG|0644, st_size=4092366, ...}, AT_SYMLINK_NOFOLLOW) = 0
5075  1784161660.340041 getcwd("/", 4096) = 2
5075  1784161660.340402 newfstatat(AT_FDCWD, "/base.apk", 0x7b502c3690, AT_SYMLINK_NOFOLLOW) = -1 ENOENT (No such file or directory)
5054  1784161660.471061 recvfrom(48, "h\0\0\0\2\0\0\0\2\0\0\0\0\0\0\0|+\357\31R\5\0\0\0\0\0\0\3333\36A"..., 26624, MSG_DONTWAIT, NULL, NULL) = 208
5054  1784161660.472846 recvfrom(48, 0x7b4b2a5fc0, 26624, MSG_DONTWAIT, NULL, NULL) = -1 EAGAIN (Try again)
5054  1784161660.677639 recvfrom(48, "h\0\0\0\2\0\0\0\2\0\0\0\0\0\0\0O\254/&R\5\0\0\0\0\0\0\3333\36A"..., 26624, MSG_DONTWAIT, NULL, NULL) = 208
5054  1784161660.678110 recvfrom(48, 0x7b4b2a5fc0, 26624, MSG_DONTWAIT, NULL, NULL) = -1 EAGAIN (Try again)
5054  1784161660.880244 recvfrom(48, "h\0\0\0\2\0\0\0\2\0\0\0\0\0\0\0\371K@2R\5\0\0\0\0\0\0\3333\36A"..., 26624, MSG_DONTWAIT, NULL, NULL) = 208
5054  1784161660.880972 recvfrom(48, 0x7b4b2a5fc0, 26624, MSG_DONTWAIT, NULL, NULL) = -1 EAGAIN (Try again)
5054  1784161661.084420 recvfrom(48, "h\0\0\0\2\0\0\0\2\0\0\0\0\0\0\0\5\367m>R\5\0\0\0\0\0\0\3333\36A"..., 26624, MSG_DONTWAIT, NULL, NULL) = 208
5054  1784161661.086648 recvfrom(48, 0x7b4b2a5fc0, 26624, MSG_DONTWAIT, NULL, NULL) = -1 EAGAIN (Try again)
5054  1784161661.259388 recvfrom(48, "h\0\0\0\2\0\0\0\2\0\0\0\0\0\0\0\355\243\345HR\5\0\0\0\0\0\0\3333\36A"..., 26624, MSG_DONTWAIT, NULL, NULL) = 104
5054  1784161661.259859 recvfrom(48, 0x7b4b2a5fc0, 26624, MSG_DONTWAIT, NULL, NULL) = -1 EAGAIN (Try again)
5054  1784161661.283051 recvfrom(48, "h\0\0\0\2\0\0\0\2\0\0\0\0\0\0\0vQWJR\5\0\0\0\0\0\0\3333\36A"..., 26624, MSG_DONTWAIT, NULL, NULL) = 208
5054  1784161661.283346 recvfrom(48, 0x7b4b2a5fc0, 26624, MSG_DONTWAIT, NULL, NULL) = -1 EAGAIN (Try again)
5054  1784161661.302930 recvfrom(48, "h\0\0\0\2\0\0\0\2\0\0\0\0\0\0\0qu\205KR\5\0\0\0\0\0\0\3333\36A"..., 26624, MSG_DONTWAIT, NULL, NULL) = 208
5054  1784161661.303139 recvfrom(48, 0x7b4b2a5fc0, 26624, MSG_DONTWAIT, NULL, NULL) = -1 EAGAIN (Try again)
5054  1784161661.322895 recvfrom(48, "h\0\0\0\2\0\0\0\2\0\0\0\0\0\0\0Y\36\271LR\5\0\0\0\0\0\0\3333\36A"..., 26624, MSG_DONTWAIT, NULL, NULL) = 208
5054  1784161661.323069 recvfrom(48, 0x7b4b2a5fc0, 26624, MSG_DONTWAIT, NULL, NULL) = -1 EAGAIN (Try again)
5054  1784161661.343225 recvfrom(48, "h\0\0\0\2\0\0\0\2\0\0\0\0\0\0\0\232\300\355MR\5\0\0\0\0\0\0\3333\36A"..., 26624, MSG_DONTWAIT, NULL, NULL) = 208
5054  1784161661.343415 recvfrom(48, 0x7b4b2a5fc0, 26624, MSG_DONTWAIT, NULL, NULL) = -1 EAGAIN (Try again)
5054  1784161661.368881 recvfrom(48, "h\0\0\0\2\0\0\0\2\0\0\0\0\0\0\0\337\214tOR\5\0\0\0\0\0\0\3333\36A"..., 26624, MSG_DONTWAIT, NULL, NULL) = 208
5054  1784161661.369147 recvfrom(48, 0x7b4b2a5fc0, 26624, MSG_DONTWAIT, NULL, NULL) = -1 EAGAIN (Try again)
5054  1784161661.394396 recvfrom(48, "h\0\0\0\2\0\0\0\2\0\0\0\0\0\0\0\202\222\367PR\5\0\0\0\0\0\0\3333\36A"..., 26624, MSG_DONTWAIT, NULL, NULL) = 208
5054  1784161661.394628 recvfrom(48, 0x7b4b2a5fc0, 26624, MSG_DONTWAIT, NULL, NULL) = -1 EAGAIN (Try again)
5054  1784161661.418954 recvfrom(48, "h\0\0\0\2\0\0\0\2\0\0\0\0\0\0\0zElRR\5\0\0\0\0\0\0\3333\36A"..., 26624, MSG_DONTWAIT, NULL, NULL) = 208
5054  1784161661.419418 recvfrom(48, 0x7b4b2a5fc0, 26624, MSG_DONTWAIT, NULL, NULL) = -1 EAGAIN (Try again)
5054  1784161661.439975 recvfrom(48, "h\0\0\0\2\0\0\0\2\0\0\0\0\0\0\0\303v\256SR\5\0\0\0\0\0\0\3333\36A"..., 26624, MSG_DONTWAIT, NULL, NULL) = 208
5054  1784161661.440256 recvfrom(48, 0x7b4b2a5fc0, 26624, MSG_DONTWAIT, NULL, NULL) = -1 EAGAIN (Try again)
5054  1784161661.467316 recvfrom(48, "h\0\0\0\2\0\0\0\2\0\0\0\0\0\0\0\240}KUR\5\0\0\0\0\0\0\3333\36A"..., 26624, MSG_DONTWAIT, NULL, NULL) = 208
5054  1784161661.467675 recvfrom(48, 0x7b4b2a5fc0, 26624, MSG_DONTWAIT, NULL, NULL) = -1 EAGAIN (Try again)
5054  1784161661.492043 recvfrom(48, "h\0\0\0\2\0\0\0\2\0\0\0\0\0\0\0\345\273\277VR\5\0\0\0\0\0\0\3333\36A"..., 26624, MSG_DONTWAIT, NULL, NULL) = 208
5054  1784161661.492558 recvfrom(48, 0x7b4b2a5fc0, 26624, MSG_DONTWAIT, NULL, NULL) = -1 EAGAIN (Try again)
5054  1784161661.517382 recvfrom(48, "h\0\0\0\2\0\0\0\2\0\0\0\0\0\0\0\275\303FXR\5\0\0\0\0\0\0\3333\36A"..., 26624, MSG_DONTWAIT, NULL, NULL) = 208
5054  1784161661.517935 recvfrom(48, 0x7b4b2a5fc0, 26624, MSG_DONTWAIT, NULL, NULL) = -1 EAGAIN (Try again)
5054  1784161661.542524 recvfrom(48, "h\0\0\0\2\0\0\0\2\0\0\0\0\0\0\0Sh\261YR\5\0\0\0\0\0\0\3333\36A"..., 26624, MSG_DONTWAIT, NULL, NULL) = 208
5054  1784161661.542927 recvfrom(48, 0x7b4b2a5fc0, 26624, MSG_DONTWAIT, NULL, NULL) = -1 EAGAIN (Try again)
5054  1784161661.570375 recvfrom(48, "h\0\0\0\2\0\0\0\2\0\0\0\0\0\0\0~\t^[R\5\0\0\0\0\0\0\3333\36A"..., 26624, MSG_DONTWAIT, NULL, NULL) = 208
5054  1784161661.570817 recvfrom(48, 0x7b4b2a5fc0, 26624, MSG_DONTWAIT, NULL, NULL) = -1 EAGAIN (Try again)
5054  1784161661.596559 recvfrom(48, "h\0\0\0\2\0\0\0\2\0\0\0\0\0\0\0\334\345\362\\R\5\0\0\0\0\0\0\3333\36A"..., 26624, MSG_DONTWAIT, NULL, NULL) = 208
5054  1784161661.598080 recvfrom(48, 0x7b4b2a5fc0, 26624, MSG_DONTWAIT, NULL, NULL) = -1 EAGAIN (Try again)
5054  1784161661.622301 recvfrom(48, "h\0\0\0\2\0\0\0\2\0\0\0\0\0\0\0uFu^R\5\0\0\0\0\0\0\3333\36A"..., 26624, MSG_DONTWAIT, NULL, NULL) = 208
5054  1784161661.622963 recvfrom(48, 0x7b4b2a5fc0, 26624, MSG_DONTWAIT, NULL, NULL) = -1 EAGAIN (Try again)
5054  1784161661.642534 recvfrom(48, "h\0\0\0\2\0\0\0\2\0\0\0\0\0\0\0F0\257_R\5\0\0\0\0\0\0\3333\36A"..., 26624, MSG_DONTWAIT, NULL, NULL) = 208
5054  1784161661.642951 recvfrom(48, 0x7b4b2a5fc0, 26624, MSG_DONTWAIT, NULL, NULL) = -1 EAGAIN (Try again)
5054  1784161661.663690 recvfrom(48, "h\0\0\0\2\0\0\0\2\0\0\0\0\0\0\0\21Q\366`R\5\0\0\0\0\0\0\3333\36A"..., 26624, MSG_DONTWAIT, NULL, NULL) = 208
5054  1784161661.664072 recvfrom(48, 0x7b4b2a5fc0, 26624, MSG_DONTWAIT, NULL, NULL) = -1 EAGAIN (Try again)
5054  1784161661.686529 recvfrom(48, "h\0\0\0\2\0\0\0\2\0\0\0\0\0\0\0\337\322LbR\5\0\0\0\0\0\0\3333\36A"..., 26624, MSG_DONTWAIT, NULL, NULL) = 208
5054  1784161661.687486 recvfrom(48, 0x7b4b2a5fc0, 26624, MSG_DONTWAIT, NULL, NULL) = -1 EAGAIN (Try again)
5054  1784161661.707848 recvfrom(48, "h\0\0\0\2\0\0\0\2\0\0\0\0\0\0\0m|\226cR\5\0\0\0\0\0\0\3333\36A"..., 26624, MSG_DONTWAIT, NULL, NULL) = 208
5054  1784161661.708568 recvfrom(48, 0x7b4b2a5fc0, 26624, MSG_DONTWAIT, NULL, NULL) = -1 EAGAIN (Try again)
5054  1784161661.731946 recvfrom(48, "h\0\0\0\2\0\0\0\2\0\0\0\0\0\0\0P\233\4eR\5\0\0\0\0\0\0\3333\36A"..., 26624, MSG_DONTWAIT, NULL, NULL) = 208
5054  1784161661.732656 recvfrom(48, 0x7b4b2a5fc0, 26624, MSG_DONTWAIT, NULL, NULL) = -1 EAGAIN (Try again)
5054  1784161661.753469 recvfrom(48, "h\0\0\0\2\0\0\0\2\0\0\0\0\0\0\0t\345DfR\5\0\0\0\0\0\0\3333\36A"..., 26624, MSG_DONTWAIT, NULL, NULL) = 208
5054  1784161661.754278 recvfrom(48, 0x7b4b2a5fc0, 26624, MSG_DONTWAIT, NULL, NULL) = -1 EAGAIN (Try again)
5054  1784161661.776099 recvfrom(48, "h\0\0\0\2\0\0\0\2\0\0\0\0\0\0\0Y\253\245gR\5\0\0\0\0\0\0\3333\36A"..., 26624, MSG_DONTWAIT, NULL, NULL) = 208
5054  1784161661.776672 recvfrom(48, 0x7b4b2a5fc0, 26624, MSG_DONTWAIT, NULL, NULL) = -1 EAGAIN (Try again)
5054  1784161661.802217 recvfrom(48, "h\0\0\0\2\0\0\0\2\0\0\0\0\0\0\0E\206,iR\5\0\0\0\0\0\0\3333\36A"..., 26624, MSG_DONTWAIT, NULL, NULL) = 208
5054  1784161661.803303 recvfrom(48, "h\0\0\0\2\0\0\0\2\0\0\0\0\0\0\0\322\17ZiR\5\0\0\0\0\0\0\3333\36A"..., 26624, MSG_DONTWAIT, NULL, NULL) = 208
5054  1784161661.803777 recvfrom(48, 0x7b4b2a5fc0, 26624, MSG_DONTWAIT, NULL, NULL) = -1 EAGAIN (Try again)
5054  1784161661.874197 recvfrom(48, "h\0\0\0\2\0\0\0\2\0\0\0\0\0\0\0\361/xmR\5\0\0\0\0\0\0\3333\36A"..., 26624, MSG_DONTWAIT, NULL, NULL) = 208
5054  1784161661.874606 recvfrom(48, 0x7b4b2a5fc0, 26624, MSG_DONTWAIT, NULL, NULL) = -1 EAGAIN (Try again)
5054  1784161661.939785 recvfrom(48, "h\0\0\0\2\0\0\0\2\0\0\0\0\0\0\0\24\373hqR\5\0\0\0\0\0\0\3333\36A"..., 26624, MSG_DONTWAIT, NULL, NULL) = 208
5054  1784161661.940330 recvfrom(48, 0x7b4b2a5fc0, 26624, MSG_DONTWAIT, NULL, NULL) = -1 EAGAIN (Try again)
5054  1784161662.012684 recvfrom(48, "h\0\0\0\2\0\0\0\2\0\0\0\0\0\0\0\325\32\300uR\5\0\0\0\0\0\0\3333\36A"..., 26624, MSG_DONTWAIT, NULL, NULL) = 208
5054  1784161662.013273 recvfrom(48, 0x7b4b2a5fc0, 26624, MSG_DONTWAIT, NULL, NULL) = -1 EAGAIN (Try again)
5054  1784161662.083247 recvfrom(48, "h\0\0\0\2\0\0\0\2\0\0\0\0\0\0\0W\331\365yR\5\0\0\0\0\0\0\3333\36A"..., 26624, MSG_DONTWAIT, NULL, NULL) = 208
5054  1784161662.083978 recvfrom(48, 0x7b4b2a5fc0, 26624, MSG_DONTWAIT, NULL, NULL) = -1 EAGAIN (Try again)
5054  1784161662.149082 recvfrom(48, "h\0\0\0\2\0\0\0\2\0\0\0\0\0\0\0\202\274\362}R\5\0\0\0\0\0\0\3333\36A"..., 26624, MSG_DONTWAIT, NULL, NULL) = 208
5054  1784161662.150247 recvfrom(48, 0x7b4b2a5fc0, 26624, MSG_DONTWAIT, NULL, NULL) = -1 EAGAIN (Try again)
5054  1784161662.221260 recvfrom(48, "h\0\0\0\2\0\0\0\2\0\0\0\0\0\0\0\273\3215\202R\5\0\0\0\0\0\0\3333\36A"..., 26624, MSG_DONTWAIT, NULL, NULL) = 208
5054  1784161662.221709 recvfrom(48, 0x7b4b2a5fc0, 26624, MSG_DONTWAIT, NULL, NULL) = -1 EAGAIN (Try again)
5054  1784161662.292396 recvfrom(48, "h\0\0\0\2\0\0\0\2\0\0\0\0\0\0\0L\276k\206R\5\0\0\0\0\0\0\3333\36A"..., 26624, MSG_DONTWAIT, NULL, NULL) = 208
5054  1784161662.292827 recvfrom(48, 0x7b4b2a5fc0, 26624, MSG_DONTWAIT, NULL, NULL) = -1 EAGAIN (Try again)
5054  1784161662.360244 recvfrom(48, "h\0\0\0\2\0\0\0\2\0\0\0\0\0\0\0\207\177s\212R\5\0\0\0\0\0\0\3333\36A"..., 26624, MSG_DONTWAIT, NULL, NULL) = 208
5054  1784161662.360950 recvfrom(48, 0x7b4b2a5fc0, 26624, MSG_DONTWAIT, NULL, NULL) = -1 EAGAIN (Try again)
5054  1784161662.425463 recvfrom(48, "h\0\0\0\2\0\0\0\2\0\0\0\0\0\0\0\34\304e\216R\5\0\0\0\0\0\0\3333\36A"..., 26624, MSG_DONTWAIT, NULL, NULL) = 208
5054  1784161662.426884 recvfrom(48, 0x7b4b2a5fc0, 26624, MSG_DONTWAIT, NULL, NULL) = -1 EAGAIN (Try again)
5054  1784161662.495236 recvfrom(48, "h\0\0\0\2\0\0\0\2\0\0\0\0\0\0\0007\301\202\222R\5\0\0\0\0\0\0\3333\36A"..., 26624, MSG_DONTWAIT, NULL, NULL) = 208
5054  1784161662.496181 recvfrom(48, 0x7b4b2a5fc0, 26624, MSG_DONTWAIT, NULL, NULL) = -1 EAGAIN (Try again)
5054  1784161662.568220 recvfrom(48, "h\0\0\0\2\0\0\0\2\0\0\0\0\0\0\0F\324\331\226R\5\0\0\0\0\0\0\3333\36A"..., 26624, MSG_DONTWAIT, NULL, NULL) = 208
5054  1784161662.568604 recvfrom(48, 0x7b4b2a5fc0, 26624, MSG_DONTWAIT, NULL, NULL) = -1 EAGAIN (Try again)
5054  1784161662.637227 recvfrom(48, "h\0\0\0\2\0\0\0\2\0\0\0\0\0\0\0\202\7\364\232R\5\0\0\0\0\0\0\3333\36A"..., 26624, MSG_DONTWAIT, NULL, NULL) = 208
5054  1784161662.638432 recvfrom(48, 0x7b4b2a5fc0, 26624, MSG_DONTWAIT, NULL, NULL) = -1 EAGAIN (Try again)
5054  1784161662.707635 recvfrom(48, "h\0\0\0\2\0\0\0\2\0\0\0\0\0\0\0(V'\237R\5\0\0\0\0\0\0\3333\36A"..., 26624, MSG_DONTWAIT, NULL, NULL) = 208
5054  1784161662.709255 recvfrom(48, 0x7b4b2a5fc0, 26624, MSG_DONTWAIT, NULL, NULL) = -1 EAGAIN (Try again)
5054  1784161662.782623 recvfrom(48, "h\0\0\0\2\0\0\0\2\0\0\0\0\0\0\0\271\272\260\243R\5\0\0\0\0\0\0\3333\36A"..., 26624, MSG_DONTWAIT, NULL, NULL) = 208
5054  1784161662.783067 recvfrom(48, 0x7b4b2a5fc0, 26624, MSG_DONTWAIT, NULL, NULL) = -1 EAGAIN (Try again)
5054  1784161662.855364 recvfrom(48, "h\0\0\0\2\0\0\0\2\0\0\0\0\0\0\0\17\265\371\247R\5\0\0\0\0\0\0\3333\36A"..., 26624, MSG_DONTWAIT, NULL, NULL) = 208
5054  1784161662.856001 recvfrom(48, 0x7b4b2a5fc0, 26624, MSG_DONTWAIT, NULL, NULL) = -1 EAGAIN (Try again)
5054  1784161662.921835 recvfrom(48, "h\0\0\0\2\0\0\0\2\0\0\0\0\0\0\0`\346\367\253R\5\0\0\0\0\0\0\3333\36A"..., 26624, MSG_DONTWAIT, NULL, NULL) = 208
5054  1784161662.922221 recvfrom(48, 0x7b4b2a5fc0, 26624, MSG_DONTWAIT, NULL, NULL) = -1 EAGAIN (Try again)
5054  1784161662.987992 recvfrom(48, "h\0\0\0\2\0\0\0\2\0\0\0\0\0\0\0\35$\361\257R\5\0\0\0\0\0\0\3333\36A"..., 26624, MSG_DONTWAIT, NULL, NULL) = 208
5054  1784161662.988355 recvfrom(48, 0x7b4b2a5fc0, 26624, MSG_DONTWAIT, NULL, NULL) = -1 EAGAIN (Try again)
5054  1784161663.059204 recvfrom(48, "h\0\0\0\2\0\0\0\2\0\0\0\0\0\0\0\214\333*\264R\5\0\0\0\0\0\0\3333\36A"..., 26624, MSG_DONTWAIT, NULL, NULL) = 208
5054  1784161663.059597 recvfrom(48, 0x7b4b2a5fc0, 26624, MSG_DONTWAIT, NULL, NULL) = -1 EAGAIN (Try again)
5054  1784161663.136298 recvfrom(48, "h\0\0\0\2\0\0\0\2\0\0\0\0\0\0\0\227\10\263\270R\5\0\0\0\0\0\0\3333\36A"..., 26624, MSG_DONTWAIT, NULL, NULL) = 208
5054  1784161663.137296 recvfrom(48, 0x7b4b2a5fc0, 26624, MSG_DONTWAIT, NULL, NULL) = -1 EAGAIN (Try again)
5054  1784161663.210436 recvfrom(48, "h\0\0\0\2\0\0\0\2\0\0\0\0\0\0\0\3760!\275R\5\0\0\0\0\0\0\3333\36A"..., 26624, MSG_DONTWAIT, NULL, NULL) = 208
5054  1784161663.212368 recvfrom(48, 0x7b4b2a5fc0, 26624, MSG_DONTWAIT, NULL, NULL) = -1 EAGAIN (Try again)
5054  1784161663.285910 recvfrom(48, "h\0\0\0\2\0\0\0\2\0\0\0\0\0\0\0\363]\245\301R\5\0\0\0\0\0\0\3333\36A"..., 26624, MSG_DONTWAIT, NULL, NULL) = 208
5054  1784161663.286365 recvfrom(48, 0x7b4b2a5fc0, 26624, MSG_DONTWAIT, NULL, NULL) = -1 EAGAIN (Try again)
5054  1784161663.353284 recvfrom(48, "h\0\0\0\2\0\0\0\2\0\0\0\0\0\0\0\2215\261\305R\5\0\0\0\0\0\0\3333\36A"..., 26624, MSG_DONTWAIT, NULL, NULL) = 208
5054  1784161663.353825 recvfrom(48, 0x7b4b2a5fc0, 26624, MSG_DONTWAIT, NULL, NULL) = -1 EAGAIN (Try again)
5054  1784161663.421076 recvfrom(48, "h\0\0\0\2\0\0\0\2\0\0\0\0\0\0\0$c\257\311R\5\0\0\0\0\0\0\3333\36A"..., 26624, MSG_DONTWAIT, NULL, NULL) = 208
5054  1784161663.421466 recvfrom(48, 0x7b4b2a5fc0, 26624, MSG_DONTWAIT, NULL, NULL) = -1 EAGAIN (Try again)
5054  1784161663.489300 recvfrom(48, "h\0\0\0\2\0\0\0\2\0\0\0\0\0\0\0\0020\302\315R\5\0\0\0\0\0\0\3333\36A"..., 26624, MSG_DONTWAIT, NULL, NULL) = 208
5054  1784161663.489686 recvfrom(48, 0x7b4b2a5fc0, 26624, MSG_DONTWAIT, NULL, NULL) = -1 EAGAIN (Try again)
5054  1784161663.560211 recvfrom(48, "h\0\0\0\2\0\0\0\2\0\0\0\0\0\0\0\267\305\362\321R\5\0\0\0\0\0\0\3333\36A"..., 26624, MSG_DONTWAIT, NULL, NULL) = 208
5054  1784161663.560870 recvfrom(48, 0x7b4b2a5fc0, 26624, MSG_DONTWAIT, NULL, NULL) = -1 EAGAIN (Try again)
5054  1784161663.629500 recvfrom(48, "h\0\0\0\2\0\0\0\2\0\0\0\0\0\0\0q\353\"\326R\5\0\0\0\0\0\0\3333\36A"..., 26624, MSG_DONTWAIT, NULL, NULL) = 208
5054  1784161663.629957 recvfrom(48, 0x7b4b2a5fc0, 26624, MSG_DONTWAIT, NULL, NULL) = -1 EAGAIN (Try again)
5054  1784161663.700488 recvfrom(48, "h\0\0\0\2\0\0\0\2\0\0\0\0\0\0\0ra\\\332R\5\0\0\0\0\0\0\3333\36A"..., 26624, MSG_DONTWAIT, NULL, NULL) = 208
5054  1784161663.700889 recvfrom(48, 0x7b4b2a5fc0, 26624, MSG_DONTWAIT, NULL, NULL) = -1 EAGAIN (Try again)
5054  1784161663.766568 recvfrom(48, "h\0\0\0\2\0\0\0\2\0\0\0\0\0\0\0\220mV\336R\5\0\0\0\0\0\0\3333\36A"..., 26624, MSG_DONTWAIT, NULL, NULL) = 208
5054  1784161663.768084 recvfrom(48, 0x7b4b2a5fc0, 26624, MSG_DONTWAIT, NULL, NULL) = -1 EAGAIN (Try again)
5054  1784161663.832967 recvfrom(48, "h\0\0\0\2\0\0\0\2\0\0\0\0\0\0\0V\347N\342R\5\0\0\0\0\0\0\3333\36A"..., 26624, MSG_DONTWAIT, NULL, NULL) = 208
5054  1784161663.833286 recvfrom(48, 0x7b4b2a5fc0, 26624, MSG_DONTWAIT, NULL, NULL) = -1 EAGAIN (Try again)
5054  1784161663.910217 recvfrom(48, "h\0\0\0\2\0\0\0\2\0\0\0\0\0\0\0\270\17\341\346R\5\0\0\0\0\0\0\3333\36A"..., 26624, MSG_DONTWAIT, NULL, NULL) = 208
5054  1784161663.910644 recvfrom(48, 0x7b4b2a5fc0, 26624, MSG_DONTWAIT, NULL, NULL) = -1 EAGAIN (Try again)
5054  1784161663.979080 recvfrom(48, "h\0\0\0\2\0\0\0\2\0\0\0\0\0\0\0\262\366\366\352R\5\0\0\0\0\0\0\3333\36A"..., 26624, MSG_DONTWAIT, NULL, NULL) = 208
5054  1784161663.979463 recvfrom(48, 0x7b4b2a5fc0, 26624, MSG_DONTWAIT, NULL, NULL) = -1 EAGAIN (Try again)
5054  1784161664.055143 recvfrom(48, "h\0\0\0\2\0\0\0\2\0\0\0\0\0\0\0\26vw\357R\5\0\0\0\0\0\0\3333\36A"..., 26624, MSG_DONTWAIT, NULL, NULL) = 208
5054  1784161664.055587 recvfrom(48, 0x7b4b2a5fc0, 26624, MSG_DONTWAIT, NULL, NULL) = -1 EAGAIN (Try again)
5054  1784161664.122139 recvfrom(48, "h\0\0\0\2\0\0\0\2\0\0\0\0\0\0\0\357\363~\363R\5\0\0\0\0\0\0\3333\36A"..., 26624, MSG_DONTWAIT, NULL, NULL) = 208
5054  1784161664.122520 recvfrom(48, 0x7b4b2a5fc0, 26624, MSG_DONTWAIT, NULL, NULL) = -1 EAGAIN (Try again)
5054  1784161664.189527 recvfrom(48, "h\0\0\0\2\0\0\0\2\0\0\0\0\0\0\0BF\203\367R\5\0\0\0\0\0\0\3333\36A"..., 26624, MSG_DONTWAIT, NULL, NULL) = 208
5054  1784161664.189966 recvfrom(48, 0x7b4b2a5fc0, 26624, MSG_DONTWAIT, NULL, NULL) = -1 EAGAIN (Try again)
5054  1784161664.257139 recvfrom(48, "h\0\0\0\2\0\0\0\2\0\0\0\0\0\0\0,\345\213\373R\5\0\0\0\0\0\0\3333\36A"..., 26624, MSG_DONTWAIT, NULL, NULL) = 208
5054  1784161664.257666 recvfrom(48, 0x7b4b2a5fc0, 26624, MSG_DONTWAIT, NULL, NULL) = -1 EAGAIN (Try again)
5054  1784161664.329591 recvfrom(48, "h\0\0\0\2\0\0\0\2\0\0\0\0\0\0\0O\365\333\377R\5\0\0\0\0\0\0\3333\36A"..., 26624, MSG_DONTWAIT, NULL, NULL) = 208
5054  1784161664.331168 recvfrom(48, 0x7b4b2a5fc0, 26624, MSG_DONTWAIT, NULL, NULL) = -1 EAGAIN (Try again)
5054  1784161664.398798 recvfrom(48, "h\0\0\0\2\0\0\0\2\0\0\0\0\0\0\0\346\0\371\3S\5\0\0\0\0\0\0\3333\36A"..., 26624, MSG_DONTWAIT, NULL, NULL) = 208
5054  1784161664.399380 recvfrom(48, 0x7b4b2a5fc0, 26624, MSG_DONTWAIT, NULL, NULL) = -1 EAGAIN (Try again)
5054  1784161664.467554 recvfrom(48, "h\0\0\0\2\0\0\0\2\0\0\0\0\0\0\0\232\223\27\10S\5\0\0\0\0\0\0\3333\36A"..., 26624, MSG_DONTWAIT, NULL, NULL) = 208
5054  1784161664.468178 recvfrom(48, 0x7b4b2a5fc0, 26624, MSG_DONTWAIT, NULL, NULL) = -1 EAGAIN (Try again)
5054  1784161664.537004 recvfrom(48, "h\0\0\0\2\0\0\0\2\0\0\0\0\0\0\0\303\3552\fS\5\0\0\0\0\0\0\3333\36A"..., 26624, MSG_DONTWAIT, NULL, NULL) = 208
5054  1784161664.537780 recvfrom(48, 0x7b4b2a5fc0, 26624, MSG_DONTWAIT, NULL, NULL) = -1 EAGAIN (Try again)
5054  1784161664.604855 recvfrom(48, "h\0\0\0\2\0\0\0\2\0\0\0\0\0\0\0\245<L\20S\5\0\0\0\0\0\0\3333\36A"..., 26624, MSG_DONTWAIT, NULL, NULL) = 208
5054  1784161664.605311 recvfrom(48, 0x7b4b2a5fc0, 26624, MSG_DONTWAIT, NULL, NULL) = -1 EAGAIN (Try again)
5054  1784161664.672510 recvfrom(48, "h\0\0\0\2\0\0\0\2\0\0\0\0\0\0\0\257c_\24S\5\0\0\0\0\0\0\3333\36A"..., 26624, MSG_DONTWAIT, NULL, NULL) = 208
5054  1784161664.672664 recvfrom(48, 0x7b4b2a5fc0, 26624, MSG_DONTWAIT, NULL, NULL) = -1 EAGAIN (Try again)
5054  1784161664.747199 recvfrom(48, "h\0\0\0\2\0\0\0\2\0\0\0\0\0\0\0\232W\273\30S\5\0\0\0\0\0\0\3333\36A"..., 26624, MSG_DONTWAIT, NULL, NULL) = 208
5054  1784161664.747611 recvfrom(48, 0x7b4b2a5fc0, 26624, MSG_DONTWAIT, NULL, NULL) = -1 EAGAIN (Try again)
5054  1784161664.813858 recvfrom(48, "h\0\0\0\2\0\0\0\2\0\0\0\0\0\0\0f@\265\34S\5\0\0\0\0\0\0\3333\36A"..., 26624, MSG_DONTWAIT, NULL, NULL) = 208
5054  1784161664.814618 recvfrom(48, 0x7b4b2a5fc0, 26624, MSG_DONTWAIT, NULL, NULL) = -1 EAGAIN (Try again)
5054  1784161664.884229 recvfrom(48, "h\0\0\0\2\0\0\0\2\0\0\0\0\0\0\0F\234\352 S\5\0\0\0\0\0\0\3333\36A"..., 26624, MSG_DONTWAIT, NULL, NULL) = 208
5054  1784161664.886061 recvfrom(48, 0x7b4b2a5fc0, 26624, MSG_DONTWAIT, NULL, NULL) = -1 EAGAIN (Try again)
5054  1784161664.951852 recvfrom(48, "h\0\0\0\2\0\0\0\2\0\0\0\0\0\0\0\322\31\363$S\5\0\0\0\0\0\0\3333\36A"..., 26624, MSG_DONTWAIT, NULL, NULL) = 208
5054  1784161664.952513 recvfrom(48, 0x7b4b2a5fc0, 26624, MSG_DONTWAIT, NULL, NULL) = -1 EAGAIN (Try again)
5054  1784161665.019698 recvfrom(48, "h\0\0\0\2\0\0\0\2\0\0\0\0\0\0\0\242s\367(S\5\0\0\0\0\0\0\3333\36A"..., 26624, MSG_DONTWAIT, NULL, NULL) = 208
5054  1784161665.020282 recvfrom(48, 0x7b4b2a5fc0, 26624, MSG_DONTWAIT, NULL, NULL) = -1 EAGAIN (Try again)
5054  1784161665.085420 recvfrom(48, "h\0\0\0\2\0\0\0\2\0\0\0\0\0\0\0\34\7\350,S\5\0\0\0\0\0\0\3333\36A"..., 26624, MSG_DONTWAIT, NULL, NULL) = 208
5054  1784161665.086100 recvfrom(48, 0x7b4b2a5fc0, 26624, MSG_DONTWAIT, NULL, NULL) = -1 EAGAIN (Try again)
5054  1784161665.161539 recvfrom(48, "h\0\0\0\2\0\0\0\2\0\0\0\0\0\0\0\0351k1S\5\0\0\0\0\0\0\3333\36A"..., 26624, MSG_DONTWAIT, NULL, NULL) = 208
5054  1784161665.162007 recvfrom(48, 0x7b4b2a5fc0, 26624, MSG_DONTWAIT, NULL, NULL) = -1 EAGAIN (Try again)
5054  1784161665.228867 recvfrom(48, "h\0\0\0\2\0\0\0\2\0\0\0\0\0\0\0\217\334s5S\5\0\0\0\0\0\0\3333\36A"..., 26624, MSG_DONTWAIT, NULL, NULL) = 208
5054  1784161665.229260 recvfrom(48, 0x7b4b2a5fc0, 26624, MSG_DONTWAIT, NULL, NULL) = -1 EAGAIN (Try again)
5054  1784161665.305761 recvfrom(48, "h\0\0\0\2\0\0\0\2\0\0\0\0\0\0\0\366\234\6:S\5\0\0\0\0\0\0\3333\36A"..., 26624, MSG_DONTWAIT, NULL, NULL) = 208
5054  1784161665.306206 recvfrom(48, 0x7b4b2a5fc0, 26624, MSG_DONTWAIT, NULL, NULL) = -1 EAGAIN (Try again)
5054  1784161665.374910 recvfrom(48, "h\0\0\0\2\0\0\0\2\0\0\0\0\0\0\0xd7>S\5\0\0\0\0\0\0\3333\36A"..., 26624, MSG_DONTWAIT, NULL, NULL) = 208
5054  1784161665.375258 recvfrom(48, 0x7b4b2a5fc0, 26624, MSG_DONTWAIT, NULL, NULL) = -1 EAGAIN (Try again)
5054  1784161665.448928 recvfrom(48, "h\0\0\0\2\0\0\0\2\0\0\0\0\0\0\0\321\305\244BS\5\0\0\0\0\0\0\3333\36A"..., 26624, MSG_DONTWAIT, NULL, NULL) = 208
5054  1784161665.449904 recvfrom(48, 0x7b4b2a5fc0, 26624, MSG_DONTWAIT, NULL, NULL) = -1 EAGAIN (Try again)
5054  1784161665.520498 recvfrom(48, "h\0\0\0\2\0\0\0\2\0\0\0\0\0\0\0`\4\350FS\5\0\0\0\0\0\0\3333\36A"..., 26624, MSG_DONTWAIT, NULL, NULL) = 208
5054  1784161665.520693 recvfrom(48, 0x7b4b2a5fc0, 26624, MSG_DONTWAIT, NULL, NULL) = -1 EAGAIN (Try again)
5054  1784161665.593732 recvfrom(48, "h\0\0\0\2\0\0\0\2\0\0\0\0\0\0\0\317\10@KS\5\0\0\0\0\0\0\3333\36A"..., 26624, MSG_DONTWAIT, NULL, NULL) = 208
5054  1784161665.594192 recvfrom(48, 0x7b4b2a5fc0, 26624, MSG_DONTWAIT, NULL, NULL) = -1 EAGAIN (Try again)
5054  1784161665.665137 recvfrom(48, "h\0\0\0\2\0\0\0\2\0\0\0\0\0\0\0zRvOS\5\0\0\0\0\0\0\3333\36A"..., 26624, MSG_DONTWAIT, NULL, NULL) = 208
5054  1784161665.665617 recvfrom(48, 0x7b4b2a5fc0, 26624, MSG_DONTWAIT, NULL, NULL) = -1 EAGAIN (Try again)
5054  1784161665.733008 recvfrom(48, "h\0\0\0\2\0\0\0\2\0\0\0\0\0\0\0I\252\177SS\5\0\0\0\0\0\0\3333\36A"..., 26624, MSG_DONTWAIT, NULL, NULL) = 208
5054  1784161665.733459 recvfrom(48, 0x7b4b2a5fc0, 26624, MSG_DONTWAIT, NULL, NULL) = -1 EAGAIN (Try again)
5054  1784161665.805650 recvfrom(48, "h\0\0\0\2\0\0\0\2\0\0\0\0\0\0\0\366\23\321WS\5\0\0\0\0\0\0\3333\36A"..., 26624, MSG_DONTWAIT, NULL, NULL) = 208
5054  1784161665.806178 recvfrom(48, 0x7b4b2a5fc0, 26624, MSG_DONTWAIT, NULL, NULL) = -1 EAGAIN (Try again)
5054  1784161665.880014 recvfrom(48, "h\0\0\0\2\0\0\0\2\0\0\0\0\0\0\0{\242B\\S\5\0\0\0\0\0\0\3333\36A"..., 26624, MSG_DONTWAIT, NULL, NULL) = 208
5054  1784161665.880782 recvfrom(48, 0x7b4b2a5fc0, 26624, MSG_DONTWAIT, NULL, NULL) = -1 EAGAIN (Try again)
5054  1784161665.945633 recvfrom(48, "h\0\0\0\2\0\0\0\2\0\0\0\0\0\0\0\255\2524`S\5\0\0\0\0\0\0\3333\36A"..., 26624, MSG_DONTWAIT, NULL, NULL) = 208
5054  1784161665.946397 recvfrom(48, 0x7b4b2a5fc0, 26624, MSG_DONTWAIT, NULL, NULL) = -1 EAGAIN (Try again)
5096  1784161665.954067 sendmsg(74, {msg_name=NULL, msg_namelen=0, msg_iov=[{iov_base="l\1\1\1\350\0\0\0L\0\0\0\235\0\0\0\1\1o\0;\0\0\0/re/frid"..., iov_len=408}], msg_iovlen=1, msg_controllen=0, msg_flags=0}, MSG_NOSIGNAL) = 408
5054  1784161666.013074 recvfrom(48, "h\0\0\0\2\0\0\0\2\0\0\0\0\0\0\0\345{EdS\5\0\0\0\0\0\0\3333\36A"..., 26624, MSG_DONTWAIT, NULL, NULL) = 208
5054  1784161666.013973 recvfrom(48, 0x7b4b2a5fc0, 26624, MSG_DONTWAIT, NULL, NULL) = -1 EAGAIN (Try again)
5054  1784161666.084268 recvfrom(48, "h\0\0\0\2\0\0\0\2\0\0\0\0\0\0\0\201\313phS\5\0\0\0\0\0\0\3333\36A"..., 26624, MSG_DONTWAIT, NULL, NULL) = 208
5054  1784161666.084988 recvfrom(48, 0x7b4b2a5fc0, 26624, MSG_DONTWAIT, NULL, NULL) = -1 EAGAIN (Try again)
5054  1784161666.160356 recvfrom(48, "h\0\0\0\2\0\0\0\2\0\0\0\0\0\0\0\335\226\376lS\5\0\0\0\0\0\0\3333\36A"..., 26624, MSG_DONTWAIT, NULL, NULL) = 208
5054  1784161666.160775 recvfrom(48, 0x7b4b2a5fc0, 26624, MSG_DONTWAIT, NULL, NULL) = -1 EAGAIN (Try again)
5054  1784161666.230842 recvfrom(48, "h\0\0\0\2\0\0\0\2\0\0\0\0\0\0\0002#\6qS\5\0\0\0\0\0\0\3333\36A"..., 26624, MSG_DONTWAIT, NULL, NULL) = 208
5054  1784161666.232136 recvfrom(48, 0x7b4b2a5fc0, 26624, MSG_DONTWAIT, NULL, NULL) = -1 EAGAIN (Try again)
5054  1784161666.301287 recvfrom(48, "h\0\0\0\2\0\0\0\2\0\0\0\0\0\0\0\266\3ouS\5\0\0\0\0\0\0\3333\36A"..., 26624, MSG_DONTWAIT, NULL, NULL) = 208
5054  1784161666.301615 recvfrom(48, 0x7b4b2a5fc0, 26624, MSG_DONTWAIT, NULL, NULL) = -1 EAGAIN (Try again)
5054  1784161666.368254 recvfrom(48, "h\0\0\0\2\0\0\0\2\0\0\0\0\0\0\0\240SmyS\5\0\0\0\0\0\0\3333\36A"..., 26624, MSG_DONTWAIT, NULL, NULL) = 208
5054  1784161666.368571 recvfrom(48, 0x7b4b2a5fc0, 26624, MSG_DONTWAIT, NULL, NULL) = -1 EAGAIN (Try again)
5054  1784161666.435327 recvfrom(48, "h\0\0\0\2\0\0\0\2\0\0\0\0\0\0\0\203DV}S\5\0\0\0\0\0\0\3333\36A"..., 26624, MSG_DONTWAIT, NULL, NULL) = 208
5054  1784161666.436126 recvfrom(48, 0x7b4b2a5fc0, 26624, MSG_DONTWAIT, NULL, NULL) = -1 EAGAIN (Try again)
5054  1784161666.503014 recvfrom(48, "h\0\0\0\2\0\0\0\2\0\0\0\0\0\0\0]\5c\201S\5\0\0\0\0\0\0\3333\36A"..., 26624, MSG_DONTWAIT, NULL, NULL) = 208
5054  1784161666.503482 recvfrom(48, 0x7b4b2a5fc0, 26624, MSG_DONTWAIT, NULL, NULL) = -1 EAGAIN (Try again)
5096  1784161666.548738 sendmsg(74, {msg_name=NULL, msg_namelen=0, msg_iov=[{iov_base="l\1\1\1\350\0\0\0M\0\0\0\235\0\0\0\1\1o\0;\0\0\0/re/frid"..., iov_len=408}], msg_iovlen=1, msg_controllen=0, msg_flags=0}, MSG_NOSIGNAL) = 408
5054  1784161666.566945 recvfrom(48, "h\0\0\0\2\0\0\0\2\0\0\0\0\0\0\0\376\247E\205S\5\0\0\0\0\0\0\3333\36A"..., 26624, MSG_DONTWAIT, NULL, NULL) = 208
5054  1784161666.567825 recvfrom(48, 0x7b4b2a5fc0, 26624, MSG_DONTWAIT, NULL, NULL) = -1 EAGAIN (Try again)
5054  1784161666.633544 recvfrom(48, "h\0\0\0\2\0\0\0\2\0\0\0\0\0\0\0q\177B\211S\5\0\0\0\0\0\0\3333\36A"..., 26624, MSG_DONTWAIT, NULL, NULL) = 208
5054  1784161666.633716 recvfrom(48, 0x7b4b2a5fc0, 26624, MSG_DONTWAIT, NULL, NULL) = -1 EAGAIN (Try again)
5054  1784161666.709182 recvfrom(48, "h\0\0\0\2\0\0\0\2\0\0\0\0\0\0\0H|\272\215S\5\0\0\0\0\0\0\3333\36A"..., 26624, MSG_DONTWAIT, NULL, NULL) = 208
5054  1784161666.709598 recvfrom(48, 0x7b4b2a5fc0, 26624, MSG_DONTWAIT, NULL, NULL) = -1 EAGAIN (Try again)
5054  1784161666.783880 recvfrom(48, "h\0\0\0\2\0\0\0\2\0\0\0\0\0\0\0\255\310)\222S\5\0\0\0\0\0\0\3333\36A"..., 26624, MSG_DONTWAIT, NULL, NULL) = 208
5054  1784161666.784438 recvfrom(48, 0x7b4b2a5fc0, 26624, MSG_DONTWAIT, NULL, NULL) = -1 EAGAIN (Try again)
5054  1784161666.855263 recvfrom(48, "h\0\0\0\2\0\0\0\2\0\0\0\0\0\0\0\260rg\226S\5\0\0\0\0\0\0\3333\36A"..., 26624, MSG_DONTWAIT, NULL, NULL) = 208
5054  1784161666.855679 recvfrom(48, 0x7b4b2a5fc0, 26624, MSG_DONTWAIT, NULL, NULL) = -1 EAGAIN (Try again)
5054  1784161666.924356 recvfrom(48, "h\0\0\0\2\0\0\0\2\0\0\0\0\0\0\0O^\201\232S\5\0\0\0\0\0\0\3333\36A"..., 26624, MSG_DONTWAIT, NULL, NULL) = 208
5054  1784161666.924892 recvfrom(48, 0x7b4b2a5fc0, 26624, MSG_DONTWAIT, NULL, NULL) = -1 EAGAIN (Try again)
5054  1784161666.993516 recvfrom(48, "h\0\0\0\2\0\0\0\2\0\0\0\0\0\0\0\2416\236\236S\5\0\0\0\0\0\0\3333\36A"..., 26624, MSG_DONTWAIT, NULL, NULL) = 208
5054  1784161666.994900 recvfrom(48, 0x7b4b2a5fc0, 26624, MSG_DONTWAIT, NULL, NULL) = -1 EAGAIN (Try again)
5096  1784161667.008803 sendmsg(74, {msg_name=NULL, msg_namelen=0, msg_iov=[{iov_base="l\1\1\1\350\0\0\0N\0\0\0\235\0\0\0\1\1o\0;\0\0\0/re/frid"..., iov_len=408}], msg_iovlen=1, msg_controllen=0, msg_flags=0}, MSG_NOSIGNAL) = 408
5054  1784161667.066908 recvfrom(48, "h\0\0\0\2\0\0\0\2\0\0\0\0\0\0\0\22i\21\243S\5\0\0\0\0\0\0\3333\36A"..., 26624, MSG_DONTWAIT, NULL, NULL) = 208
5054  1784161667.068246 recvfrom(48, 0x7b4b2a5fc0, 26624, MSG_DONTWAIT, NULL, NULL) = -1 EAGAIN (Try again)
5054  1784161667.141332 recvfrom(48, "h\0\0\0\2\0\0\0\2\0\0\0\0\0\0\0\260\361\200\247S\5\0\0\0\0\0\0\3333\36A"..., 26624, MSG_DONTWAIT, NULL, NULL) = 208
5054  1784161667.141598 recvfrom(48, 0x7b4b2a5fc0, 26624, MSG_DONTWAIT, NULL, NULL) = -1 EAGAIN (Try again)
5054  1784161667.207512 recvfrom(48, "h\0\0\0\2\0\0\0\2\0\0\0\0\0\0\0\325\vu\253S\5\0\0\0\0\0\0\3333\36A"..., 26624, MSG_DONTWAIT, NULL, NULL) = 208
5054  1784161667.207714 recvfrom(48, 0x7b4b2a5fc0, 26624, MSG_DONTWAIT, NULL, NULL) = -1 EAGAIN (Try again)
5054  1784161667.276113 recvfrom(48, "h\0\0\0\2\0\0\0\2\0\0\0\0\0\0\0\v1\177\257S\5\0\0\0\0\0\0\3333\36A"..., 26624, MSG_DONTWAIT, NULL, NULL) = 208
5054  1784161667.276498 recvfrom(48, 0x7b4b2a5fc0, 26624, MSG_DONTWAIT, NULL, NULL) = -1 EAGAIN (Try again)
5096  1784161667.313357 sendmsg(74, {msg_name=NULL, msg_namelen=0, msg_iov=[{iov_base="l\1\1\1\350\0\0\0O\0\0\0\235\0\0\0\1\1o\0;\0\0\0/re/frid"..., iov_len=408}], msg_iovlen=1, msg_controllen=0, msg_flags=0}, MSG_NOSIGNAL) = 408
5054  1784161667.341966 recvfrom(48, "h\0\0\0\2\0\0\0\2\0\0\0\0\0\0\0\5=z\263S\5\0\0\0\0\0\0\3333\36A"..., 26624, MSG_DONTWAIT, NULL, NULL) = 208
5054  1784161667.342177 recvfrom(48, 0x7b4b2a5fc0, 26624, MSG_DONTWAIT, NULL, NULL) = -1 EAGAIN (Try again)
5054  1784161667.408021 recvfrom(48, "h\0\0\0\2\0\0\0\2\0\0\0\0\0\0\0\2242a\267S\5\0\0\0\0\0\0\3333\36A"..., 26624, MSG_DONTWAIT, NULL, NULL) = 208
5054  1784161667.408450 recvfrom(48, 0x7b4b2a5fc0, 26624, MSG_DONTWAIT, NULL, NULL) = -1 EAGAIN (Try again)
5054  1784161667.481400 recvfrom(48, "h\0\0\0\2\0\0\0\2\0\0\0\0\0\0\0003\277\267\273S\5\0\0\0\0\0\0\3333\36A"..., 26624, MSG_DONTWAIT, NULL, NULL) = 208
5054  1784161667.481781 recvfrom(48, 0x7b4b2a5fc0, 26624, MSG_DONTWAIT, NULL, NULL) = -1 EAGAIN (Try again)
5054  1784161667.548740 recvfrom(48, "h\0\0\0\2\0\0\0\2\0\0\0\0\0\0\0x\321\267\277S\5\0\0\0\0\0\0\3333\36A"..., 26624, MSG_DONTWAIT, NULL, NULL) = 208
5054  1784161667.549149 recvfrom(48, 0x7b4b2a5fc0, 26624, MSG_DONTWAIT, NULL, NULL) = -1 EAGAIN (Try again)
5054  1784161667.621904 recvfrom(48, "h\0\0\0\2\0\0\0\2\0\0\0\0\0\0\0\262L\17\304S\5\0\0\0\0\0\0\3333\36A"..., 26624, MSG_DONTWAIT, NULL, NULL) = 208
5054  1784161667.623689 recvfrom(48, 0x7b4b2a5fc0, 26624, MSG_DONTWAIT, NULL, NULL) = -1 EAGAIN (Try again)
5054  1784161667.692636 recvfrom(48, "h\0\0\0\2\0\0\0\2\0\0\0\0\0\0\0\275\272P\310S\5\0\0\0\0\0\0\3333\36A"..., 26624, MSG_DONTWAIT, NULL, NULL) = 208
5054  1784161667.693003 recvfrom(48, 0x7b4b2a5fc0, 26624, MSG_DONTWAIT, NULL, NULL) = -1 EAGAIN (Try again)
5054  1784161667.763519 recvfrom(48, "h\0\0\0\2\0\0\0\2\0\0\0\0\0\0\0\336\243\205\314S\5\0\0\0\0\0\0\3333\36A"..., 26624, MSG_DONTWAIT, NULL, NULL) = 208
5054  1784161667.764034 recvfrom(48, 0x7b4b2a5fc0, 26624, MSG_DONTWAIT, NULL, NULL) = -1 EAGAIN (Try again)
5054  1784161667.832783 recvfrom(48, "h\0\0\0\2\0\0\0\2\0\0\0\0\0\0\0\240z\245\320S\5\0\0\0\0\0\0\3333\36A"..., 26624, MSG_DONTWAIT, NULL, NULL) = 208
5054  1784161667.833483 recvfrom(48, 0x7b4b2a5fc0, 26624, MSG_DONTWAIT, NULL, NULL) = -1 EAGAIN (Try again)
5054  1784161667.906821 recvfrom(48, "h\0\0\0\2\0\0\0\2\0\0\0\0\0\0\0\376\220\r\325S\5\0\0\0\0\0\0\3333\36A"..., 26624, MSG_DONTWAIT, NULL, NULL) = 208
5054  1784161667.907281 recvfrom(48, 0x7b4b2a5fc0, 26624, MSG_DONTWAIT, NULL, NULL) = -1 EAGAIN (Try again)
5096  1784161667.938681 sendmsg(74, {msg_name=NULL, msg_namelen=0, msg_iov=[{iov_base="l\1\1\1\350\0\0\0P\0\0\0\235\0\0\0\1\1o\0;\0\0\0/re/frid"..., iov_len=408}], msg_iovlen=1, msg_controllen=0, msg_flags=0}, MSG_NOSIGNAL) = 408
5054  1784161667.972266 recvfrom(48, "h\0\0\0\2\0\0\0\2\0\0\0\0\0\0\0.\v\n\331S\5\0\0\0\0\0\0\3333\36A"..., 26624, MSG_DONTWAIT, NULL, NULL) = 208
5054  1784161667.972513 recvfrom(48, 0x7b4b2a5fc0, 26624, MSG_DONTWAIT, NULL, NULL) = -1 EAGAIN (Try again)
5054  1784161668.043361 recvfrom(48, "h\0\0\0\2\0\0\0\2\0\0\0\0\0\0\0\"~E\335S\5\0\0\0\0\0\0\3333\36A"..., 26624, MSG_DONTWAIT, NULL, NULL) = 208
5054  1784161668.043665 recvfrom(48, 0x7b4b2a5fc0, 26624, MSG_DONTWAIT, NULL, NULL) = -1 EAGAIN (Try again)
5054  1784161668.110704 recvfrom(48, "h\0\0\0\2\0\0\0\2\0\0\0\0\0\0\0e\0?\341S\5\0\0\0\0\0\0\3333\36A"..., 26624, MSG_DONTWAIT, NULL, NULL) = 208
5054  1784161668.111383 recvfrom(48, 0x7b4b2a5fc0, 26624, MSG_DONTWAIT, NULL, NULL) = -1 EAGAIN (Try again)
5054  1784161668.178927 recvfrom(48, "h\0\0\0\2\0\0\0\2\0\0\0\0\0\0\0\307\261R\345S\5\0\0\0\0\0\0\3333\36A"..., 26624, MSG_DONTWAIT, NULL, NULL) = 208
5054  1784161668.180446 recvfrom(48, 0x7b4b2a5fc0, 26624, MSG_DONTWAIT, NULL, NULL) = -1 EAGAIN (Try again)
5096  1784161668.222998 sendmsg(74, {msg_name=NULL, msg_namelen=0, msg_iov=[{iov_base="l\1\1\1\350\0\0\0Q\0\0\0\235\0\0\0\1\1o\0;\0\0\0/re/frid"..., iov_len=408}], msg_iovlen=1, msg_controllen=0, msg_flags=0}, MSG_NOSIGNAL) = 408
5054  1784161668.249351 recvfrom(48, "h\0\0\0\2\0\0\0\2\0\0\0\0\0\0\0000\317\220\351S\5\0\0\0\0\0\0\3333\36A"..., 26624, MSG_DONTWAIT, NULL, NULL) = 208
5054  1784161668.249536 recvfrom(48, 0x7b4b2a5fc0, 26624, MSG_DONTWAIT, NULL, NULL) = -1 EAGAIN (Try again)
5054  1784161668.323393 recvfrom(48, "h\0\0\0\2\0\0\0\2\0\0\0\0\0\0\0\315M\356\355S\5\0\0\0\0\0\0\3333\36A"..., 26624, MSG_DONTWAIT, NULL, NULL) = 208
5054  1784161668.323947 recvfrom(48, 0x7b4b2a5fc0, 26624, MSG_DONTWAIT, NULL, NULL) = -1 EAGAIN (Try again)
5054  1784161668.390743 recvfrom(48, "h\0\0\0\2\0\0\0\2\0\0\0\0\0\0\0\342G\342\361S\5\0\0\0\0\0\0\3333\36A"..., 26624, MSG_DONTWAIT, NULL, NULL) = 208
5054  1784161668.391429 recvfrom(48, 0x7b4b2a5fc0, 26624, MSG_DONTWAIT, NULL, NULL) = -1 EAGAIN (Try again)
5054  1784161668.463489 recvfrom(48, "h\0\0\0\2\0\0\0\2\0\0\0\0\0\0\0\211\341@\366S\5\0\0\0\0\0\0\3333\36A"..., 26624, MSG_DONTWAIT, NULL, NULL) = 208
5054  1784161668.463958 recvfrom(48, 0x7b4b2a5fc0, 26624, MSG_DONTWAIT, NULL, NULL) = -1 EAGAIN (Try again)
5054  1784161668.539830 recvfrom(48, "h\0\0\0\2\0\0\0\2\0\0\0\0\0\0\0/\331\300\372S\5\0\0\0\0\0\0\3333\36A"..., 26624, MSG_DONTWAIT, NULL, NULL) = 208
5054  1784161668.540197 recvfrom(48, 0x7b4b2a5fc0, 26624, MSG_DONTWAIT, NULL, NULL) = -1 EAGAIN (Try again)
5054  1784161668.606527 recvfrom(48, "h\0\0\0\2\0\0\0\2\0\0\0\0\0\0\0$4\276\376S\5\0\0\0\0\0\0\3333\36A"..., 26624, MSG_DONTWAIT, NULL, NULL) = 208
5054  1784161668.607028 recvfrom(48, 0x7b4b2a5fc0, 26624, MSG_DONTWAIT, NULL, NULL) = -1 EAGAIN (Try again)
5054  1784161668.680059 recvfrom(48, "h\0\0\0\2\0\0\0\2\0\0\0\0\0\0\0\270\246*\3T\5\0\0\0\0\0\0\3333\36A"..., 26624, MSG_DONTWAIT, NULL, NULL) = 208
5054  1784161668.682438 recvfrom(48, 0x7b4b2a5fc0, 26624, MSG_DONTWAIT, NULL, NULL) = -1 EAGAIN (Try again)
5054  1784161668.755276 recvfrom(48, "h\0\0\0\2\0\0\0\2\0\0\0\0\0\0\0\224\244\244\7T\5\0\0\0\0\0\0\3333\36A"..., 26624, MSG_DONTWAIT, NULL, NULL) = 208
5054  1784161668.755664 recvfrom(48, 0x7b4b2a5fc0, 26624, MSG_DONTWAIT, NULL, NULL) = -1 EAGAIN (Try again)
5054  1784161668.820684 recvfrom(48, "h\0\0\0\2\0\0\0\2\0\0\0\0\0\0\0XA\235\vT\5\0\0\0\0\0\0\3333\36A"..., 26624, MSG_DONTWAIT, NULL, NULL) = 208
5054  1784161668.820891 recvfrom(48, 0x7b4b2a5fc0, 26624, MSG_DONTWAIT, NULL, NULL) = -1 EAGAIN (Try again)
5054  1784161668.889363 recvfrom(48, "h\0\0\0\2\0\0\0\2\0\0\0\0\0\0\0&\6\254\17T\5\0\0\0\0\0\0\3333\36A"..., 26624, MSG_DONTWAIT, NULL, NULL) = 208
5054  1784161668.889809 recvfrom(48, 0x7b4b2a5fc0, 26624, MSG_DONTWAIT, NULL, NULL) = -1 EAGAIN (Try again)
5054  1784161668.960160 recvfrom(48, "h\0\0\0\2\0\0\0\2\0\0\0\0\0\0\0\323\361\326\23T\5\0\0\0\0\0\0\3333\36A"..., 26624, MSG_DONTWAIT, NULL, NULL) = 208
5054  1784161668.960860 recvfrom(48, 0x7b4b2a5fc0, 26624, MSG_DONTWAIT, NULL, NULL) = -1 EAGAIN (Try again)
5054  1784161669.031916 recvfrom(48, "h\0\0\0\2\0\0\0\2\0\0\0\0\0\0\0Et\"\30T\5\0\0\0\0\0\0\3333\36A"..., 26624, MSG_DONTWAIT, NULL, NULL) = 208
5054  1784161669.032297 recvfrom(48, 0x7b4b2a5fc0, 26624, MSG_DONTWAIT, NULL, NULL) = -1 EAGAIN (Try again)
5054  1784161669.102873 recvfrom(48, "h\0\0\0\2\0\0\0\2\0\0\0\0\0\0\0\224\213U\34T\5\0\0\0\0\0\0\3333\36A"..., 26624, MSG_DONTWAIT, NULL, NULL) = 208
5054  1784161669.103414 recvfrom(48, 0x7b4b2a5fc0, 26624, MSG_DONTWAIT, NULL, NULL) = -1 EAGAIN (Try again)
5054  1784161669.176885 recvfrom(48, "h\0\0\0\2\0\0\0\2\0\0\0\0\0\0\0\350:\304 T\5\0\0\0\0\0\0\3333\36A"..., 26624, MSG_DONTWAIT, NULL, NULL) = 208
5054  1784161669.177304 recvfrom(48, 0x7b4b2a5fc0, 26624, MSG_DONTWAIT, NULL, NULL) = -1 EAGAIN (Try again)
5054  1784161669.249675 recvfrom(48, "h\0\0\0\2\0\0\0\2\0\0\0\0\0\0\0o5\35%T\5\0\0\0\0\0\0\3333\36A"..., 26624, MSG_DONTWAIT, NULL, NULL) = 208
5054  1784161669.251347 recvfrom(48, 0x7b4b2a5fc0, 26624, MSG_DONTWAIT, NULL, NULL) = -1 EAGAIN (Try again)
5054  1784161669.319898 recvfrom(48, "h\0\0\0\2\0\0\0\2\0\0\0\0\0\0\0\321DK)T\5\0\0\0\0\0\0\3333\36A"..., 26624, MSG_DONTWAIT, NULL, NULL) = 208
5054  1784161669.320306 recvfrom(48, 0x7b4b2a5fc0, 26624, MSG_DONTWAIT, NULL, NULL) = -1 EAGAIN (Try again)
5054  1784161669.389047 recvfrom(48, "h\0\0\0\2\0\0\0\2\0\0\0\0\0\0\0\337\230q-T\5\0\0\0\0\0\0\3333\36A"..., 26624, MSG_DONTWAIT, NULL, NULL) = 208
5054  1784161669.389510 recvfrom(48, 0x7b4b2a5fc0, 26624, MSG_DONTWAIT, NULL, NULL) = -1 EAGAIN (Try again)
5054  1784161669.460185 recvfrom(48, "h\0\0\0\2\0\0\0\2\0\0\0\0\0\0\0\227Y\2441T\5\0\0\0\0\0\0\3333\36A"..., 26624, MSG_DONTWAIT, NULL, NULL) = 208
5054  1784161669.460898 recvfrom(48, 0x7b4b2a5fc0, 26624, MSG_DONTWAIT, NULL, NULL) = -1 EAGAIN (Try again)
5054  1784161669.526053 recvfrom(48, "h\0\0\0\2\0\0\0\2\0\0\0\0\0\0\0\354\31\2225T\5\0\0\0\0\0\0\3333\36A"..., 26624, MSG_DONTWAIT, NULL, NULL) = 208
5054  1784161669.526453 recvfrom(48, 0x7b4b2a5fc0, 26624, MSG_DONTWAIT, NULL, NULL) = -1 EAGAIN (Try again)
5054  1784161669.594325 recvfrom(48, "h\0\0\0\2\0\0\0\2\0\0\0\0\0\0\0\234\305\2739T\5\0\0\0\0\0\0\3333\36A"..., 26624, MSG_DONTWAIT, NULL, NULL) = 208
5054  1784161669.594586 recvfrom(48, 0x7b4b2a5fc0, 26624, MSG_DONTWAIT, NULL, NULL) = -1 EAGAIN (Try again)
5054  1784161669.661366 recvfrom(48, "h\0\0\0\2\0\0\0\2\0\0\0\0\0\0\0\356\352\264=T\5\0\0\0\0\0\0\3333\36A"..., 26624, MSG_DONTWAIT, NULL, NULL) = 208
5054  1784161669.661545 recvfrom(48, 0x7b4b2a5fc0, 26624, MSG_DONTWAIT, NULL, NULL) = -1 EAGAIN (Try again)
5054  1784161669.731886 recvfrom(48, "h\0\0\0\2\0\0\0\2\0\0\0\0\0\0\0\211\367\332AT\5\0\0\0\0\0\0\3333\36A"..., 26624, MSG_DONTWAIT, NULL, NULL) = 208
5054  1784161669.732288 recvfrom(48, 0x7b4b2a5fc0, 26624, MSG_DONTWAIT, NULL, NULL) = -1 EAGAIN (Try again)
5054  1784161669.803939 recvfrom(48, "h\0\0\0\2\0\0\0\2\0\0\0\0\0\0\0\335\257\37FT\5\0\0\0\0\0\0\3333\36A"..., 26624, MSG_DONTWAIT, NULL, NULL) = 208
5054  1784161669.805573 recvfrom(48, 0x7b4b2a5fc0, 26624, MSG_DONTWAIT, NULL, NULL) = -1 EAGAIN (Try again)
5054  1784161669.872112 recvfrom(48, "h\0\0\0\2\0\0\0\2\0\0\0\0\0\0\0v\3231JT\5\0\0\0\0\0\0\3333\36A"..., 26624, MSG_DONTWAIT, NULL, NULL) = 208
5054  1784161669.872507 recvfrom(48, 0x7b4b2a5fc0, 26624, MSG_DONTWAIT, NULL, NULL) = -1 EAGAIN (Try again)
5054  1784161669.942558 recvfrom(48, "h\0\0\0\2\0\0\0\2\0\0\0\0\0\0\0\6\320iNT\5\0\0\0\0\0\0\3333\36A"..., 26624, MSG_DONTWAIT, NULL, NULL) = 208
5054  1784161669.942961 recvfrom(48, 0x7b4b2a5fc0, 26624, MSG_DONTWAIT, NULL, NULL) = -1 EAGAIN (Try again)
5054  1784161670.010614 recvfrom(48, "h\0\0\0\2\0\0\0\2\0\0\0\0\0\0\0\265x\201RT\5\0\0\0\0\0\0\3333\36A"..., 26624, MSG_DONTWAIT, NULL, NULL) = 208
5054  1784161670.011021 recvfrom(48, 0x7b4b2a5fc0, 26624, MSG_DONTWAIT, NULL, NULL) = -1 EAGAIN (Try again)
5054  1784161670.078702 recvfrom(48, "h\0\0\0\2\0\0\0\2\0\0\0\0\0\0\0\231\253\204VT\5\0\0\0\0\0\0\3333\36A"..., 26624, MSG_DONTWAIT, NULL, NULL) = 208
5054  1784161670.079487 recvfrom(48, 0x7b4b2a5fc0, 26624, MSG_DONTWAIT, NULL, NULL) = -1 EAGAIN (Try again)
5054  1784161670.144434 recvfrom(48, "h\0\0\0\2\0\0\0\2\0\0\0\0\0\0\0\353\250pZT\5\0\0\0\0\0\0\3333\36A"..., 26624, MSG_DONTWAIT, NULL, NULL) = 208
5054  1784161670.144817 recvfrom(48, 0x7b4b2a5fc0, 26624, MSG_DONTWAIT, NULL, NULL) = -1 EAGAIN (Try again)
5054  1784161670.210471 recvfrom(48, "h\0\0\0\2\0\0\0\2\0\0\0\0\0\0\0\323\0a^T\5\0\0\0\0\0\0\3333\36A"..., 26624, MSG_DONTWAIT, NULL, NULL) = 208
5054  1784161670.210893 recvfrom(48, 0x7b4b2a5fc0, 26624, MSG_DONTWAIT, NULL, NULL) = -1 EAGAIN (Try again)
5054  1784161670.282730 recvfrom(48, "h\0\0\0\2\0\0\0\2\0\0\0\0\0\0\0005K\260bT\5\0\0\0\0\0\0\3333\36A"..., 26624, MSG_DONTWAIT, NULL, NULL) = 208
5054  1784161670.283123 recvfrom(48, 0x7b4b2a5fc0, 26624, MSG_DONTWAIT, NULL, NULL) = -1 EAGAIN (Try again)
5054  1784161670.359428 recvfrom(48, "h\0\0\0\2\0\0\0\2\0\0\0\0\0\0\0\2219MgT\5\0\0\0\0\0\0\3333\36A"..., 26624, MSG_DONTWAIT, NULL, NULL) = 208
5054  1784161670.360968 recvfrom(48, 0x7b4b2a5fc0, 26624, MSG_DONTWAIT, NULL, NULL) = -1 EAGAIN (Try again)
5054  1784161670.429724 recvfrom(48, "h\0\0\0\2\0\0\0\2\0\0\0\0\0\0\0\24@\206kT\5\0\0\0\0\0\0\3333\36A"..., 26624, MSG_DONTWAIT, NULL, NULL) = 208
5054  1784161670.429907 recvfrom(48, 0x7b4b2a5fc0, 26624, MSG_DONTWAIT, NULL, NULL) = -1 EAGAIN (Try again)
5054  1784161670.494970 recvfrom(48, "h\0\0\0\2\0\0\0\2\0\0\0\0\0\0\0(\266joT\5\0\0\0\0\0\0\3333\36A"..., 26624, MSG_DONTWAIT, NULL, NULL) = 208
5054  1784161670.495199 recvfrom(48, 0x7b4b2a5fc0, 26624, MSG_DONTWAIT, NULL, NULL) = -1 EAGAIN (Try again)
5054  1784161670.565052 recvfrom(48, "h\0\0\0\2\0\0\0\2\0\0\0\0\0\0\0\313`\202sT\5\0\0\0\0\0\0\3333\36A"..., 26624, MSG_DONTWAIT, NULL, NULL) = 208
5054  1784161670.565773 recvfrom(48, 0x7b4b2a5fc0, 26624, MSG_DONTWAIT, NULL, NULL) = -1 EAGAIN (Try again)
5054  1784161670.637679 recvfrom(48, "h\0\0\0\2\0\0\0\2\0\0\0\0\0\0\0%\341\316wT\5\0\0\0\0\0\0\3333\36A"..., 26624, MSG_DONTWAIT, NULL, NULL) = 208
5054  1784161670.638516 recvfrom(48, 0x7b4b2a5fc0, 26624, MSG_DONTWAIT, NULL, NULL) = -1 EAGAIN (Try again)
5054  1784161670.705691 recvfrom(48, "h\0\0\0\2\0\0\0\2\0\0\0\0\0\0\0\355\347\347{T\5\0\0\0\0\0\0\3333\36A"..., 26624, MSG_DONTWAIT, NULL, NULL) = 208
5054  1784161670.706119 recvfrom(48, 0x7b4b2a5fc0, 26624, MSG_DONTWAIT, NULL, NULL) = -1 EAGAIN (Try again)
5054  1784161670.776026 recvfrom(48, "h\0\0\0\2\0\0\0\2\0\0\0\0\0\0\0\263\202\31\200T\5\0\0\0\0\0\0\3333\36A"..., 26624, MSG_DONTWAIT, NULL, NULL) = 208
5054  1784161670.776431 recvfrom(48, 0x7b4b2a5fc0, 26624, MSG_DONTWAIT, NULL, NULL) = -1 EAGAIN (Try again)
5054  1784161670.842839 recvfrom(48, "h\0\0\0\2\0\0\0\2\0\0\0\0\0\0\0\273\376\20\204T\5\0\0\0\0\0\0\3333\36A"..., 26624, MSG_DONTWAIT, NULL, NULL) = 208
5054  1784161670.843268 recvfrom(48, 0x7b4b2a5fc0, 26624, MSG_DONTWAIT, NULL, NULL) = -1 EAGAIN (Try again)
5054  1784161670.914682 recvfrom(48, "h\0\0\0\2\0\0\0\2\0\0\0\0\0\0\0\350\177V\210T\5\0\0\0\0\0\0\3333\36A"..., 26624, MSG_DONTWAIT, NULL, NULL) = 208
5054  1784161670.916361 recvfrom(48, 0x7b4b2a5fc0, 26624, MSG_DONTWAIT, NULL, NULL) = -1 EAGAIN (Try again)
5054  1784161670.988701 recvfrom(48, "h\0\0\0\2\0\0\0\2\0\0\0\0\0\0\0\276M\327\214T\5\0\0\0\0\0\0\3333\36A"..., 26624, MSG_DONTWAIT, NULL, NULL) = 208
5054  1784161670.988935 recvfrom(48, 0x7b4b2a5fc0, 26624, MSG_DONTWAIT, NULL, NULL) = -1 EAGAIN (Try again)
5054  1784161671.056383 recvfrom(48, "h\0\0\0\2\0\0\0\2\0\0\0\0\0\0\08D\340\220T\5\0\0\0\0\0\0\3333\36A"..., 26624, MSG_DONTWAIT, NULL, NULL) = 208
5054  1784161671.056578 recvfrom(48, 0x7b4b2a5fc0, 26624, MSG_DONTWAIT, NULL, NULL) = -1 EAGAIN (Try again)
5096  1784161671.080730 sendmsg(74, {msg_name=NULL, msg_namelen=0, msg_iov=[{iov_base="l\1\1\1\350\0\0\0R\0\0\0\235\0\0\0\1\1o\0;\0\0\0/re/frid"..., iov_len=408}], msg_iovlen=1, msg_controllen=0, msg_flags=0}, MSG_NOSIGNAL) = 408
5054  1784161671.122057 recvfrom(48, "h\0\0\0\2\0\0\0\2\0\0\0\0\0\0\0\210\1\312\224T\5\0\0\0\0\0\0\3333\36A"..., 26624, MSG_DONTWAIT, NULL, NULL) = 208
5054  1784161671.122243 recvfrom(48, 0x7b4b2a5fc0, 26624, MSG_DONTWAIT, NULL, NULL) = -1 EAGAIN (Try again)
5054  1784161671.189583 recvfrom(48, "h\0\0\0\2\0\0\0\2\0\0\0\0\0\0\0\347S\320\230T\5\0\0\0\0\0\0\3333\36A"..., 26624, MSG_DONTWAIT, NULL, NULL) = 208
5054  1784161671.189767 recvfrom(48, 0x7b4b2a5fc0, 26624, MSG_DONTWAIT, NULL, NULL) = -1 EAGAIN (Try again)
5054  1784161671.259270 recvfrom(48, "h\0\0\0\2\0\0\0\2\0\0\0\0\0\0\0\223\234\357\234T\5\0\0\0\0\0\0\3333\36A"..., 26624, MSG_DONTWAIT, NULL, NULL) = 208
5054  1784161671.259658 recvfrom(48, 0x7b4b2a5fc0, 26624, MSG_DONTWAIT, NULL, NULL) = -1 EAGAIN (Try again)
5054  1784161671.324742 recvfrom(48, "h\0\0\0\2\0\0\0\2\0\0\0\0\0\0\0\305\243\340\240T\5\0\0\0\0\0\0\3333\36A"..., 26624, MSG_DONTWAIT, NULL, NULL) = 208
5054  1784161671.326126 recvfrom(48, 0x7b4b2a5fc0, 26624, MSG_DONTWAIT, NULL, NULL) = -1 EAGAIN (Try again)
5054  1784161671.391923 recvfrom(48, "h\0\0\0\2\0\0\0\2\0\0\0\0\0\0\0\260\17\330\244T\5\0\0\0\0\0\0\3333\36A"..., 26624, MSG_DONTWAIT, NULL, NULL) = 208
5054  1784161671.392355 recvfrom(48, 0x7b4b2a5fc0, 26624, MSG_DONTWAIT, NULL, NULL) = -1 EAGAIN (Try again)
5054  1784161671.461680 recvfrom(48, "h\0\0\0\2\0\0\0\2\0\0\0\0\0\0\0N;\354\250T\5\0\0\0\0\0\0\3333\36A"..., 26624, MSG_DONTWAIT, NULL, NULL) = 208
5054  1784161671.463207 recvfrom(48, 0x7b4b2a5fc0, 26624, MSG_DONTWAIT, NULL, NULL) = -1 EAGAIN (Try again)
5054  1784161671.528476 recvfrom(48, "h\0\0\0\2\0\0\0\2\0\0\0\0\0\0\0\207\315\355\254T\5\0\0\0\0\0\0\3333\36A"..., 26624, MSG_DONTWAIT, NULL, NULL) = 208
5054  1784161671.529179 recvfrom(48, 0x7b4b2a5fc0, 26624, MSG_DONTWAIT, NULL, NULL) = -1 EAGAIN (Try again)
5054  1784161671.595963 recvfrom(48, "h\0\0\0\2\0\0\0\2\0\0\0\0\0\0\0W\"\364\260T\5\0\0\0\0\0\0\3333\36A"..., 26624, MSG_DONTWAIT, NULL, NULL) = 208
5054  1784161671.596476 recvfrom(48, 0x7b4b2a5fc0, 26624, MSG_DONTWAIT, NULL, NULL) = -1 EAGAIN (Try again)
5054  1784161671.666437 recvfrom(48, "h\0\0\0\2\0\0\0\2\0\0\0\0\0\0\0N\231%\265T\5\0\0\0\0\0\0\3333\36A"..., 26624, MSG_DONTWAIT, NULL, NULL) = 208
5054  1784161671.667019 recvfrom(48, 0x7b4b2a5fc0, 26624, MSG_DONTWAIT, NULL, NULL) = -1 EAGAIN (Try again)
5096  1784161671.702645 sendmsg(74, {msg_name=NULL, msg_namelen=0, msg_iov=[{iov_base="l\1\1\1\350\0\0\0S\0\0\0\235\0\0\0\1\1o\0;\0\0\0/re/frid"..., iov_len=408}], msg_iovlen=1, msg_controllen=0, msg_flags=0}, MSG_NOSIGNAL) = 408
5054  1784161671.732019 recvfrom(48, "h\0\0\0\2\0\0\0\2\0\0\0\0\0\0\0\254\304\37\271T\5\0\0\0\0\0\0\3333\36A"..., 26624, MSG_DONTWAIT, NULL, NULL) = 208
5054  1784161671.732302 recvfrom(48, 0x7b4b2a5fc0, 26624, MSG_DONTWAIT, NULL, NULL) = -1 EAGAIN (Try again)
5054  1784161671.799776 recvfrom(48, "h\0\0\0\2\0\0\0\2\0\0\0\0\0\0\0]m0\275T\5\0\0\0\0\0\0\3333\36A"..., 26624, MSG_DONTWAIT, NULL, NULL) = 208
5054  1784161671.799961 recvfrom(48, 0x7b4b2a5fc0, 26624, MSG_DONTWAIT, NULL, NULL) = -1 EAGAIN (Try again)
5054  1784161671.867776 recvfrom(48, "h\0\0\0\2\0\0\0\2\0\0\0\0\0\0\0\245y*\301T\5\0\0\0\0\0\0\3333\36A"..., 26624, MSG_DONTWAIT, NULL, NULL) = 208
5054  1784161671.868196 recvfrom(48, 0x7b4b2a5fc0, 26624, MSG_DONTWAIT, NULL, NULL) = -1 EAGAIN (Try again)
5054  1784161671.939706 recvfrom(48, "h\0\0\0\2\0\0\0\2\0\0\0\0\0\0\0\322\212n\305T\5\0\0\0\0\0\0\3333\36A"..., 26624, MSG_DONTWAIT, NULL, NULL) = 208
5054  1784161671.940121 recvfrom(48, 0x7b4b2a5fc0, 26624, MSG_DONTWAIT, NULL, NULL) = -1 EAGAIN (Try again)
5054  1784161672.006349 recvfrom(48, "h\0\0\0\2\0\0\0\2\0\0\0\0\0\0\0\3777m\311T\5\0\0\0\0\0\0\3333\36A"..., 26624, MSG_DONTWAIT, NULL, NULL) = 208
5054  1784161672.007985 recvfrom(48, 0x7b4b2a5fc0, 26624, MSG_DONTWAIT, NULL, NULL) = -1 EAGAIN (Try again)
5096  1784161672.037281 sendmsg(74, {msg_name=NULL, msg_namelen=0, msg_iov=[{iov_base="l\1\1\1\350\0\0\0T\0\0\0\235\0\0\0\1\1o\0;\0\0\0/re/frid"..., iov_len=408}], msg_iovlen=1, msg_controllen=0, msg_flags=0}, MSG_NOSIGNAL) = 408
5054  1784161672.071077 recvfrom(48, "h\0\0\0\2\0\0\0\2\0\0\0\0\0\0\0\255\222V\315T\5\0\0\0\0\0\0\3333\36A"..., 26624, MSG_DONTWAIT, NULL, NULL) = 208
5054  1784161672.071390 recvfrom(48, 0x7b4b2a5fc0, 26624, MSG_DONTWAIT, NULL, NULL) = -1 EAGAIN (Try again)
5054  1784161672.137153 recvfrom(48, "h\0\0\0\2\0\0\0\2\0\0\0\0\0\0\0*\264K\321T\5\0\0\0\0\0\0\3333\36A"..., 26624, MSG_DONTWAIT, NULL, NULL) = 208
5054  1784161672.137424 recvfrom(48, 0x7b4b2a5fc0, 26624, MSG_DONTWAIT, NULL, NULL) = -1 EAGAIN (Try again)
5054  1784161672.203268 recvfrom(48, "h\0\0\0\2\0\0\0\2\0\0\0\0\0\0\0\225\207;\325T\5\0\0\0\0\0\0\3333\36A"..., 26624, MSG_DONTWAIT, NULL, NULL) = 208
5054  1784161672.203433 recvfrom(48, 0x7b4b2a5fc0, 26624, MSG_DONTWAIT, NULL, NULL) = -1 EAGAIN (Try again)
5054  1784161672.274573 recvfrom(48, "h\0\0\0\2\0\0\0\2\0\0\0\0\0\0\00056t\331T\5\0\0\0\0\0\0\3333\36A"..., 26624, MSG_DONTWAIT, NULL, NULL) = 208
5054  1784161672.274952 recvfrom(48, 0x7b4b2a5fc0, 26624, MSG_DONTWAIT, NULL, NULL) = -1 EAGAIN (Try again)
5096  1784161672.336866 sendmsg(74, {msg_name=NULL, msg_namelen=0, msg_iov=[{iov_base="l\1\1\1\350\0\0\0U\0\0\0\235\0\0\0\1\1o\0;\0\0\0/re/frid"..., iov_len=408}], msg_iovlen=1, msg_controllen=0, msg_flags=0}, MSG_NOSIGNAL) = 408
5054  1784161672.340803 recvfrom(48, "h\0\0\0\2\0\0\0\2\0\0\0\0\0\0\0N\273i\335T\5\0\0\0\0\0\0\3333\36A"..., 26624, MSG_DONTWAIT, NULL, NULL) = 208
5054  1784161672.341141 recvfrom(48, 0x7b4b2a5fc0, 26624, MSG_DONTWAIT, NULL, NULL) = -1 EAGAIN (Try again)
5054  1784161672.412243 recvfrom(48, "h\0\0\0\2\0\0\0\2\0\0\0\0\0\0\0\336\0\255\341T\5\0\0\0\0\0\0\3333\36A"..., 26624, MSG_DONTWAIT, NULL, NULL) = 208
5054  1784161672.412551 recvfrom(48, 0x7b4b2a5fc0, 26624, MSG_DONTWAIT, NULL, NULL) = -1 EAGAIN (Try again)
5054  1784161672.489897 recvfrom(48, "h\0\0\0\2\0\0\0\2\0\0\0\0\0\0\0\351cB\346T\5\0\0\0\0\0\0\3333\36A"..., 26624, MSG_DONTWAIT, NULL, NULL) = 208
5054  1784161672.490455 recvfrom(48, 0x7b4b2a5fc0, 26624, MSG_DONTWAIT, NULL, NULL) = -1 EAGAIN (Try again)
5054  1784161672.560213 recvfrom(48, "h\0\0\0\2\0\0\0\2\0\0\0\0\0\0\0\371^q\352T\5\0\0\0\0\0\0\3333\36A"..., 26624, MSG_DONTWAIT, NULL, NULL) = 208
5054  1784161672.562246 recvfrom(48, 0x7b4b2a5fc0, 26624, MSG_DONTWAIT, NULL, NULL) = -1 EAGAIN (Try again)
5054  1784161672.635134 recvfrom(48, "h\0\0\0\2\0\0\0\2\0\0\0\0\0\0\0\"\213\347\356T\5\0\0\0\0\0\0\3333\36A"..., 26624, MSG_DONTWAIT, NULL, NULL) = 208
5054  1784161672.635747 recvfrom(48, 0x7b4b2a5fc0, 26624, MSG_DONTWAIT, NULL, NULL) = -1 EAGAIN (Try again)
5054  1784161672.703697 recvfrom(48, "h\0\0\0\2\0\0\0\2\0\0\0\0\0\0\0\202\241\360\362T\5\0\0\0\0\0\0\3333\36A"..., 26624, MSG_DONTWAIT, NULL, NULL) = 208
5054  1784161672.704113 recvfrom(48, 0x7b4b2a5fc0, 26624, MSG_DONTWAIT, NULL, NULL) = -1 EAGAIN (Try again)
5096  1784161672.767386 sendmsg(74, {msg_name=NULL, msg_namelen=0, msg_iov=[{iov_base="l\1\1\1\350\0\0\0V\0\0\0\235\0\0\0\1\1o\0;\0\0\0/re/frid"..., iov_len=408}], msg_iovlen=1, msg_controllen=0, msg_flags=0}, MSG_NOSIGNAL) = 408
5054  1784161672.770219 recvfrom(48, "h\0\0\0\2\0\0\0\2\0\0\0\0\0\0\0\365,\374\366T\5\0\0\0\0\0\0\3333\36A"..., 26624, MSG_DONTWAIT, NULL, NULL) = 208
5054  1784161672.770597 recvfrom(48, 0x7b4b2a5fc0, 26624, MSG_DONTWAIT, NULL, NULL) = -1 EAGAIN (Try again)
5054  1784161672.839654 recvfrom(48, "h\0\0\0\2\0\0\0\2\0\0\0\0\0\0\0V\377#\373T\5\0\0\0\0\0\0\3333\36A"..., 26624, MSG_DONTWAIT, NULL, NULL) = 208
5054  1784161672.840048 recvfrom(48, 0x7b4b2a5fc0, 26624, MSG_DONTWAIT, NULL, NULL) = -1 EAGAIN (Try again)
5054  1784161672.912340 recvfrom(48, "h\0\0\0\2\0\0\0\2\0\0\0\0\0\0\0O\213s\377T\5\0\0\0\0\0\0\3333\36A"..., 26624, MSG_DONTWAIT, NULL, NULL) = 208
5054  1784161672.912908 recvfrom(48, 0x7b4b2a5fc0, 26624, MSG_DONTWAIT, NULL, NULL) = -1 EAGAIN (Try again)
5054  1784161672.986257 recvfrom(48, "h\0\0\0\2\0\0\0\2\0\0\0\0\0\0\0\353\36\347\3U\5\0\0\0\0\0\0\3333\36A"..., 26624, MSG_DONTWAIT, NULL, NULL) = 208
5054  1784161672.986565 recvfrom(48, 0x7b4b2a5fc0, 26624, MSG_DONTWAIT, NULL, NULL) = -1 EAGAIN (Try again)
5054  1784161673.055467 recvfrom(48, "h\0\0\0\2\0\0\0\2\0\0\0\0\0\0\0W\355\375\7U\5\0\0\0\0\0\0\3333\36A"..., 26624, MSG_DONTWAIT, NULL, NULL) = 208
5054  1784161673.055830 recvfrom(48, 0x7b4b2a5fc0, 26624, MSG_DONTWAIT, NULL, NULL) = -1 EAGAIN (Try again)
5095  1784161673.116711 exit(0)         = ?
5095  1784161673.117085 +++ exited with 0 +++
5054  1784161673.129686 recvfrom(48, "h\0\0\0\2\0\0\0\2\0\0\0\0\0\0\0\241\231g\fU\5\0\0\0\0\0\0\3333\36A"..., 26624, MSG_DONTWAIT, NULL, NULL) = 208
5054  1784161673.131873 recvfrom(48, 0x7b4b2a5fc0, 26624, MSG_DONTWAIT, NULL, NULL) = -1 EAGAIN (Try again)
5093  1784161673.168968 faccessat(AT_FDCWD, "/proc/self/task/5095", F_OK) = -1 ENOENT (No such file or directory)
5096  1784161673.197371 sendmsg(74, {msg_name=NULL, msg_namelen=0, msg_iov=[{iov_base="l\1\1\1\350\0\0\0W\0\0\0\235\0\0\0\1\1o\0;\0\0\0/re/frid"..., iov_len=408}], msg_iovlen=1, msg_controllen=0, msg_flags=0}, MSG_NOSIGNAL) = 408
5054  1784161673.198649 recvfrom(48, "h\0\0\0\2\0\0\0\2\0\0\0\0\0\0\0\33A\222\20U\5\0\0\0\0\0\0\3333\36A"..., 26624, MSG_DONTWAIT, NULL, NULL) = 208
5054  1784161673.198815 recvfrom(48, 0x7b4b2a5fc0, 26624, MSG_DONTWAIT, NULL, NULL) = -1 EAGAIN (Try again)
5054  1784161673.265044 recvfrom(48, "h\0\0\0\2\0\0\0\2\0\0\0\0\0\0\0\270\363}\24U\5\0\0\0\0\0\0\3333\36A"..., 26624, MSG_DONTWAIT, NULL, NULL) = 208
5054  1784161673.265394 recvfrom(48, 0x7b4b2a5fc0, 26624, MSG_DONTWAIT, NULL, NULL) = -1 EAGAIN (Try again)
5054  1784161673.332748 recvfrom(48, "h\0\0\0\2\0\0\0\2\0\0\0\0\0\0\0L\211|\30U\5\0\0\0\0\0\0\3333\36A"..., 26624, MSG_DONTWAIT, NULL, NULL) = 208
5054  1784161673.333177 recvfrom(48, 0x7b4b2a5fc0, 26624, MSG_DONTWAIT, NULL, NULL) = -1 EAGAIN (Try again)
5054  1784161673.400854 recvfrom(48, "h\0\0\0\2\0\0\0\2\0\0\0\0\0\0\0h6\216\34U\5\0\0\0\0\0\0\3333\36A"..., 26624, MSG_DONTWAIT, NULL, NULL) = 208
5054  1784161673.401484 recvfrom(48, 0x7b4b2a5fc0, 26624, MSG_DONTWAIT, NULL, NULL) = -1 EAGAIN (Try again)
5054  1784161673.476211 recvfrom(48, "h\0\0\0\2\0\0\0\2\0\0\0\0\0\0\0\324\210\f!U\5\0\0\0\0\0\0\3333\36A"..., 26624, MSG_DONTWAIT, NULL, NULL) = 208
5054  1784161673.476605 recvfrom(48, 0x7b4b2a5fc0, 26624, MSG_DONTWAIT, NULL, NULL) = -1 EAGAIN (Try again)
5054  1784161673.543906 recvfrom(48, "h\0\0\0\2\0\0\0\2\0\0\0\0\0\0\0\336\177\21%U\5\0\0\0\0\0\0\3333\36A"..., 26624, MSG_DONTWAIT, NULL, NULL) = 208
5054  1784161673.544332 recvfrom(48, 0x7b4b2a5fc0, 26624, MSG_DONTWAIT, NULL, NULL) = -1 EAGAIN (Try again)
5054  1784161673.611209 recvfrom(48, "h\0\0\0\2\0\0\0\2\0\0\0\0\0\0\0\333\253\21)U\5\0\0\0\0\0\0\3333\36A"..., 26624, MSG_DONTWAIT, NULL, NULL) = 208
5054  1784161673.611909 recvfrom(48, 0x7b4b2a5fc0, 26624, MSG_DONTWAIT, NULL, NULL) = -1 EAGAIN (Try again)
5054  1784161673.680474 recvfrom(48, "h\0\0\0\2\0\0\0\2\0\0\0\0\0\0\0[\n2-U\5\0\0\0\0\0\0\3333\36A"..., 26624, MSG_DONTWAIT, NULL, NULL) = 208
5054  1784161673.682794 recvfrom(48, 0x7b4b2a5fc0, 26624, MSG_DONTWAIT, NULL, NULL) = -1 EAGAIN (Try again)
5054  1784161673.745772 recvfrom(48, "h\0\0\0\2\0\0\0\2\0\0\0\0\0\0\0P\310\"1U\5\0\0\0\0\0\0\3333\36A"..., 26624, MSG_DONTWAIT, NULL, NULL) = 208
5054  1784161673.746269 recvfrom(48, 0x7b4b2a5fc0, 26624, MSG_DONTWAIT, NULL, NULL) = -1 EAGAIN (Try again)
5054  1784161673.813509 recvfrom(48, "h\0\0\0\2\0\0\0\2\0\0\0\0\0\0\0\257/85U\5\0\0\0\0\0\0\3333\36A"..., 26624, MSG_DONTWAIT, NULL, NULL) = 208
5054  1784161673.813681 recvfrom(48, 0x7b4b2a5fc0, 26624, MSG_DONTWAIT, NULL, NULL) = -1 EAGAIN (Try again)
5054  1784161673.887182 recvfrom(48, "h\0\0\0\2\0\0\0\2\0\0\0\0\0\0\0R\35\2279U\5\0\0\0\0\0\0\3333\36A"..., 26624, MSG_DONTWAIT, NULL, NULL) = 208
5054  1784161673.887453 recvfrom(48, 0x7b4b2a5fc0, 26624, MSG_DONTWAIT, NULL, NULL) = -1 EAGAIN (Try again)
5054  1784161673.958111 recvfrom(48, "h\0\0\0\2\0\0\0\2\0\0\0\0\0\0\0\2112\313=U\5\0\0\0\0\0\0\3333\36A"..., 26624, MSG_DONTWAIT, NULL, NULL) = 208
5054  1784161673.958526 recvfrom(48, 0x7b4b2a5fc0, 26624, MSG_DONTWAIT, NULL, NULL) = -1 EAGAIN (Try again)
5054  1784161674.030012 recvfrom(48, "h\0\0\0\2\0\0\0\2\0\0\0\0\0\0\0\307\f\4BU\5\0\0\0\0\0\0\3333\36A"..., 26624, MSG_DONTWAIT, NULL, NULL) = 208
5054  1784161674.030553 recvfrom(48, 0x7b4b2a5fc0, 26624, MSG_DONTWAIT, NULL, NULL) = -1 EAGAIN (Try again)
5054  1784161674.100723 recvfrom(48, "h\0\0\0\2\0\0\0\2\0\0\0\0\0\0\0\366\237?FU\5\0\0\0\0\0\0\3333\36A"..., 26624, MSG_DONTWAIT, NULL, NULL) = 208
5054  1784161674.101470 recvfrom(48, 0x7b4b2a5fc0, 26624, MSG_DONTWAIT, NULL, NULL) = -1 EAGAIN (Try again)
5054  1784161674.167370 recvfrom(48, "h\0\0\0\2\0\0\0\2\0\0\0\0\0\0\0`S9JU\5\0\0\0\0\0\0\3333\36A"..., 26624, MSG_DONTWAIT, NULL, NULL) = 208
5054  1784161674.167776 recvfrom(48, 0x7b4b2a5fc0, 26624, MSG_DONTWAIT, NULL, NULL) = -1 EAGAIN (Try again)
5054  1784161674.242156 recvfrom(48, "h\0\0\0\2\0\0\0\2\0\0\0\0\0\0\0Z(\271NU\5\0\0\0\0\0\0\3333\36A"..., 26624, MSG_DONTWAIT, NULL, NULL) = 208
5054  1784161674.243827 recvfrom(48, 0x7b4b2a5fc0, 26624, MSG_DONTWAIT, NULL, NULL) = -1 EAGAIN (Try again)
5054  1784161674.309936 recvfrom(48, "h\0\0\0\2\0\0\0\2\0\0\0\0\0\0\0Q \303RU\5\0\0\0\0\0\0\3333\36A"..., 26624, MSG_DONTWAIT, NULL, NULL) = 208
5054  1784161674.310321 recvfrom(48, 0x7b4b2a5fc0, 26624, MSG_DONTWAIT, NULL, NULL) = -1 EAGAIN (Try again)
5054  1784161674.380456 recvfrom(48, "h\0\0\0\2\0\0\0\2\0\0\0\0\0\0\0\256F\353VU\5\0\0\0\0\0\0\3333\36A"..., 26624, MSG_DONTWAIT, NULL, NULL) = 208
5054  1784161674.381127 recvfrom(48, 0x7b4b2a5fc0, 26624, MSG_DONTWAIT, NULL, NULL) = -1 EAGAIN (Try again)
5054  1784161674.452492 recvfrom(48, "h\0\0\0\2\0\0\0\2\0\0\0\0\0\0\0\354/4[U\5\0\0\0\0\0\0\3333\36A"..., 26624, MSG_DONTWAIT, NULL, NULL) = 208
5054  1784161674.453261 recvfrom(48, 0x7b4b2a5fc0, 26624, MSG_DONTWAIT, NULL, NULL) = -1 EAGAIN (Try again)
5054  1784161674.523586 recvfrom(48, "h\0\0\0\2\0\0\0\2\0\0\0\0\0\0\0R\27s_U\5\0\0\0\0\0\0\3333\36A"..., 26624, MSG_DONTWAIT, NULL, NULL) = 208
5054  1784161674.524021 recvfrom(48, 0x7b4b2a5fc0, 26624, MSG_DONTWAIT, NULL, NULL) = -1 EAGAIN (Try again)
5054  1784161674.596147 recvfrom(48, "h\0\0\0\2\0\0\0\2\0\0\0\0\0\0\0^\375\333cU\5\0\0\0\0\0\0\3333\36A"..., 26624, MSG_DONTWAIT, NULL, NULL) = 208
5054  1784161674.596470 recvfrom(48, 0x7b4b2a5fc0, 26624, MSG_DONTWAIT, NULL, NULL) = -1 EAGAIN (Try again)
5054  1784161674.668183 recvfrom(48, "h\0\0\0\2\0\0\0\2\0\0\0\0\0\0\0\371\304\37hU\5\0\0\0\0\0\0\3333\36A"..., 26624, MSG_DONTWAIT, NULL, NULL) = 208
5054  1784161674.668583 recvfrom(48, 0x7b4b2a5fc0, 26624, MSG_DONTWAIT, NULL, NULL) = -1 EAGAIN (Try again)
5054  1784161674.745798 recvfrom(48, "h\0\0\0\2\0\0\0\2\0\0\0\0\0\0\0\227\360\260lU\5\0\0\0\0\0\0\3333\36A"..., 26624, MSG_DONTWAIT, NULL, NULL) = 208
5054  1784161674.747490 recvfrom(48, 0x7b4b2a5fc0, 26624, MSG_DONTWAIT, NULL, NULL) = -1 EAGAIN (Try again)
5054  1784161674.810884 recvfrom(48, "h\0\0\0\2\0\0\0\2\0\0\0\0\0\0\0I\25\225pU\5\0\0\0\0\0\0\3333\36A"..., 26624, MSG_DONTWAIT, NULL, NULL) = 208
5054  1784161674.811265 recvfrom(48, 0x7b4b2a5fc0, 26624, MSG_DONTWAIT, NULL, NULL) = -1 EAGAIN (Try again)
5054  1784161674.888345 recvfrom(48, "h\0\0\0\2\0\0\0\2\0\0\0\0\0\0\0\342\23)uU\5\0\0\0\0\0\0\3333\36A"..., 26624, MSG_DONTWAIT, NULL, NULL) = 208
5054  1784161674.889152 recvfrom(48, 0x7b4b2a5fc0, 26624, MSG_DONTWAIT, NULL, NULL) = -1 EAGAIN (Try again)
5054  1784161674.956806 recvfrom(48, "h\0\0\0\2\0\0\0\2\0\0\0\0\0\0\0\346\202EyU\5\0\0\0\0\0\0\3333\36A"..., 26624, MSG_DONTWAIT, NULL, NULL) = 208
5054  1784161674.957231 recvfrom(48, 0x7b4b2a5fc0, 26624, MSG_DONTWAIT, NULL, NULL) = -1 EAGAIN (Try again)
5054  1784161675.024449 recvfrom(48, "h\0\0\0\2\0\0\0\2\0\0\0\0\0\0\0\37jP}U\5\0\0\0\0\0\0\3333\36A"..., 26624, MSG_DONTWAIT, NULL, NULL) = 208
5054  1784161675.024820 recvfrom(48, 0x7b4b2a5fc0, 26624, MSG_DONTWAIT, NULL, NULL) = -1 EAGAIN (Try again)
5054  1784161675.100885 recvfrom(48, "h\0\0\0\2\0\0\0\2\0\0\0\0\0\0\0\215\265\335\201U\5\0\0\0\0\0\0\3333\36A"..., 26624, MSG_DONTWAIT, NULL, NULL) = 208
5054  1784161675.101571 recvfrom(48, 0x7b4b2a5fc0, 26624, MSG_DONTWAIT, NULL, NULL) = -1 EAGAIN (Try again)
5054  1784161675.167239 recvfrom(48, "h\0\0\0\2\0\0\0\2\0\0\0\0\0\0\0\306\22\323\205U\5\0\0\0\0\0\0\3333\36A"..., 26624, MSG_DONTWAIT, NULL, NULL) = 208
5054  1784161675.167610 recvfrom(48, 0x7b4b2a5fc0, 26624, MSG_DONTWAIT, NULL, NULL) = -1 EAGAIN (Try again)
5054  1784161675.235175 recvfrom(48, "h\0\0\0\2\0\0\0\2\0\0\0\0\0\0\0000\354\355\211U\5\0\0\0\0\0\0\3333\36A"..., 26624, MSG_DONTWAIT, NULL, NULL) = 208
5054  1784161675.235600 recvfrom(48, 0x7b4b2a5fc0, 26624, MSG_DONTWAIT, NULL, NULL) = -1 EAGAIN (Try again)
5054  1784161675.306454 recvfrom(48, "h\0\0\0\2\0\0\0\2\0\0\0\0\0\0\0\365\313\27\216U\5\0\0\0\0\0\0\3333\36A"..., 26624, MSG_DONTWAIT, NULL, NULL) = 208
5054  1784161675.308510 recvfrom(48, 0x7b4b2a5fc0, 26624, MSG_DONTWAIT, NULL, NULL) = -1 EAGAIN (Try again)
5054  1784161675.379646 recvfrom(48, "h\0\0\0\2\0\0\0\2\0\0\0\0\0\0\0M\305\204\222U\5\0\0\0\0\0\0\3333\36A"..., 26624, MSG_DONTWAIT, NULL, NULL) = 208
5054  1784161675.380082 recvfrom(48, 0x7b4b2a5fc0, 26624, MSG_DONTWAIT, NULL, NULL) = -1 EAGAIN (Try again)
5054  1784161675.445089 recvfrom(48, "h\0\0\0\2\0\0\0\2\0\0\0\0\0\0\0\307Kv\226U\5\0\0\0\0\0\0\3333\36A"..., 26624, MSG_DONTWAIT, NULL, NULL) = 208
5054  1784161675.445376 recvfrom(48, 0x7b4b2a5fc0, 26624, MSG_DONTWAIT, NULL, NULL) = -1 EAGAIN (Try again)
5096  1784161675.462901 sendmsg(74, {msg_name=NULL, msg_namelen=0, msg_iov=[{iov_base="l\1\1\1\350\0\0\0X\0\0\0\235\0\0\0\1\1o\0;\0\0\0/re/frid"..., iov_len=408}], msg_iovlen=1, msg_controllen=0, msg_flags=0}, MSG_NOSIGNAL) = 408
5054  1784161675.514489 recvfrom(48, "h\0\0\0\2\0\0\0\2\0\0\0\0\0\0\0g\201\225\232U\5\0\0\0\0\0\0\3333\36A"..., 26624, MSG_DONTWAIT, NULL, NULL) = 208
5054  1784161675.514756 recvfrom(48, 0x7b4b2a5fc0, 26624, MSG_DONTWAIT, NULL, NULL) = -1 EAGAIN (Try again)
5054  1784161675.581228 recvfrom(48, "h\0\0\0\2\0\0\0\2\0\0\0\0\0\0\0Z\20\226\236U\5\0\0\0\0\0\0\3333\36A"..., 26624, MSG_DONTWAIT, NULL, NULL) = 208
5054  1784161675.581410 recvfrom(48, 0x7b4b2a5fc0, 26624, MSG_DONTWAIT, NULL, NULL) = -1 EAGAIN (Try again)
5054  1784161675.660692 recvfrom(48, "h\0\0\0\2\0\0\0\2\0\0\0\0\0\0\0\v\6,\243U\5\0\0\0\0\0\0\3333\36A"..., 26624, MSG_DONTWAIT, NULL, NULL) = 208
5054  1784161675.661164 recvfrom(48, 0x7b4b2a5fc0, 26624, MSG_DONTWAIT, NULL, NULL) = -1 EAGAIN (Try again)
5054  1784161675.730080 recvfrom(48, "h\0\0\0\2\0\0\0\2\0\0\0\0\0\0\0\327'[\247U\5\0\0\0\0\0\0\3333\36A"..., 26624, MSG_DONTWAIT, NULL, NULL) = 208
5054  1784161675.730790 recvfrom(48, 0x7b4b2a5fc0, 26624, MSG_DONTWAIT, NULL, NULL) = -1 EAGAIN (Try again)
5054  1784161675.807064 recvfrom(48, "h\0\0\0\2\0\0\0\2\0\0\0\0\0\0\0Z\r\356\253U\5\0\0\0\0\0\0\3333\36A"..., 26624, MSG_DONTWAIT, NULL, NULL) = 208
5054  1784161675.809221 recvfrom(48, 0x7b4b2a5fc0, 26624, MSG_DONTWAIT, NULL, NULL) = -1 EAGAIN (Try again)
5054  1784161675.872386 recvfrom(48, "h\0\0\0\2\0\0\0\2\0\0\0\0\0\0\0\251h\326\257U\5\0\0\0\0\0\0\3333\36A"..., 26624, MSG_DONTWAIT, NULL, NULL) = 208
5054  1784161675.872783 recvfrom(48, 0x7b4b2a5fc0, 26624, MSG_DONTWAIT, NULL, NULL) = -1 EAGAIN (Try again)
5054  1784161675.941025 recvfrom(48, "h\0\0\0\2\0\0\0\2\0\0\0\0\0\0\0X\346\363\263U\5\0\0\0\0\0\0\3333\36A"..., 26624, MSG_DONTWAIT, NULL, NULL) = 208
5054  1784161675.941398 recvfrom(48, 0x7b4b2a5fc0, 26624, MSG_DONTWAIT, NULL, NULL) = -1 EAGAIN (Try again)
5054  1784161676.010016 recvfrom(48, "h\0\0\0\2\0\0\0\2\0\0\0\0\0\0\0F\335\t\270U\5\0\0\0\0\0\0\3333\36A"..., 26624, MSG_DONTWAIT, NULL, NULL) = 208
5054  1784161676.010439 recvfrom(48, 0x7b4b2a5fc0, 26624, MSG_DONTWAIT, NULL, NULL) = -1 EAGAIN (Try again)
5054  1784161676.076341 recvfrom(48, "h\0\0\0\2\0\0\0\2\0\0\0\0\0\0\0\303\311\10\274U\5\0\0\0\0\0\0\3333\36A"..., 26624, MSG_DONTWAIT, NULL, NULL) = 208
5054  1784161676.076744 recvfrom(48, 0x7b4b2a5fc0, 26624, MSG_DONTWAIT, NULL, NULL) = -1 EAGAIN (Try again)
5054  1784161676.143787 recvfrom(48, "h\0\0\0\2\0\0\0\2\0\0\0\0\0\0\0bR\n\300U\5\0\0\0\0\0\0\3333\36A"..., 26624, MSG_DONTWAIT, NULL, NULL) = 208
5054  1784161676.144155 recvfrom(48, 0x7b4b2a5fc0, 26624, MSG_DONTWAIT, NULL, NULL) = -1 EAGAIN (Try again)
5054  1784161676.217585 recvfrom(48, "h\0\0\0\2\0\0\0\2\0\0\0\0\0\0\0H\262i\304U\5\0\0\0\0\0\0\3333\36A"..., 26624, MSG_DONTWAIT, NULL, NULL) = 208
5054  1784161676.218252 recvfrom(48, 0x7b4b2a5fc0, 26624, MSG_DONTWAIT, NULL, NULL) = -1 EAGAIN (Try again)
5054  1784161676.289537 recvfrom(48, "h\0\0\0\2\0\0\0\2\0\0\0\0\0\0\0Ig\253\310U\5\0\0\0\0\0\0\3333\36A"..., 26624, MSG_DONTWAIT, NULL, NULL) = 208
5054  1784161676.290162 recvfrom(48, 0x7b4b2a5fc0, 26624, MSG_DONTWAIT, NULL, NULL) = -1 EAGAIN (Try again)
5054  1784161676.355791 recvfrom(48, "h\0\0\0\2\0\0\0\2\0\0\0\0\0\0\0\300\31\265\314U\5\0\0\0\0\0\0\3333\36A"..., 26624, MSG_DONTWAIT, NULL, NULL) = 208
5054  1784161676.357304 recvfrom(48, 0x7b4b2a5fc0, 26624, MSG_DONTWAIT, NULL, NULL) = -1 EAGAIN (Try again)
5054  1784161676.423487 recvfrom(48, "h\0\0\0\2\0\0\0\2\0\0\0\0\0\0\0\20r\260\320U\5\0\0\0\0\0\0\3333\36A"..., 26624, MSG_DONTWAIT, NULL, NULL) = 208
5054  1784161676.424062 recvfrom(48, 0x7b4b2a5fc0, 26624, MSG_DONTWAIT, NULL, NULL) = -1 EAGAIN (Try again)
5054  1784161676.499527 recvfrom(48, "h\0\0\0\2\0\0\0\2\0\0\0\0\0\0\0\6M=\325U\5\0\0\0\0\0\0\3333\36A"..., 26624, MSG_DONTWAIT, NULL, NULL) = 208
5054  1784161676.500246 recvfrom(48, 0x7b4b2a5fc0, 26624, MSG_DONTWAIT, NULL, NULL) = -1 EAGAIN (Try again)
5054  1784161676.566754 recvfrom(48, "h\0\0\0\2\0\0\0\2\0\0\0\0\0\0\0\350\0032\331U\5\0\0\0\0\0\0\3333\36A"..., 26624, MSG_DONTWAIT, NULL, NULL) = 208
5054  1784161676.567176 recvfrom(48, 0x7b4b2a5fc0, 26624, MSG_DONTWAIT, NULL, NULL) = -1 EAGAIN (Try again)
5054  1784161676.638195 recvfrom(48, "h\0\0\0\2\0\0\0\2\0\0\0\0\0\0\0\246:|\335U\5\0\0\0\0\0\0\3333\36A"..., 26624, MSG_DONTWAIT, NULL, NULL) = 208
5054  1784161676.638603 recvfrom(48, 0x7b4b2a5fc0, 26624, MSG_DONTWAIT, NULL, NULL) = -1 EAGAIN (Try again)
5054  1784161676.703982 recvfrom(48, "h\0\0\0\2\0\0\0\2\0\0\0\0\0\0\0\345\206v\341U\5\0\0\0\0\0\0\3333\36A"..., 26624, MSG_DONTWAIT, NULL, NULL) = 208
5054  1784161676.704309 recvfrom(48, 0x7b4b2a5fc0, 26624, MSG_DONTWAIT, NULL, NULL) = -1 EAGAIN (Try again)
5054  1784161676.770883 recvfrom(48, "h\0\0\0\2\0\0\0\2\0\0\0\0\0\0\0^\20k\345U\5\0\0\0\0\0\0\3333\36A"..., 26624, MSG_DONTWAIT, NULL, NULL) = 208
5054  1784161676.771494 recvfrom(48, 0x7b4b2a5fc0, 26624, MSG_DONTWAIT, NULL, NULL) = -1 EAGAIN (Try again)
5054  1784161676.840760 recvfrom(48, "h\0\0\0\2\0\0\0\2\0\0\0\0\0\0\0\333\250w\351U\5\0\0\0\0\0\0\3333\36A"..., 26624, MSG_DONTWAIT, NULL, NULL) = 208
5054  1784161676.841172 recvfrom(48, 0x7b4b2a5fc0, 26624, MSG_DONTWAIT, NULL, NULL) = -1 EAGAIN (Try again)
5054  1784161676.910105 recvfrom(48, "h\0\0\0\2\0\0\0\2\0\0\0\0\0\0\0\265\317\265\355U\5\0\0\0\0\0\0\3333\36A"..., 26624, MSG_DONTWAIT, NULL, NULL) = 208
5054  1784161676.912163 recvfrom(48, 0x7b4b2a5fc0, 26624, MSG_DONTWAIT, NULL, NULL) = -1 EAGAIN (Try again)
5054  1784161676.976615 recvfrom(48, "h\0\0\0\2\0\0\0\2\0\0\0\0\0\0\0\203\232\255\361U\5\0\0\0\0\0\0\3333\36A"..., 26624, MSG_DONTWAIT, NULL, NULL) = 208
5054  1784161676.976980 recvfrom(48, 0x7b4b2a5fc0, 26624, MSG_DONTWAIT, NULL, NULL) = -1 EAGAIN (Try again)
5054  1784161677.053602 recvfrom(48, "h\0\0\0\2\0\0\0\2\0\0\0\0\0\0\0\230\3617\366U\5\0\0\0\0\0\0\3333\36A"..., 26624, MSG_DONTWAIT, NULL, NULL) = 208
5054  1784161677.054227 recvfrom(48, 0x7b4b2a5fc0, 26624, MSG_DONTWAIT, NULL, NULL) = -1 EAGAIN (Try again)
5054  1784161677.120923 recvfrom(48, "h\0\0\0\2\0\0\0\2\0\0\0\0\0\0\0\22\242N\372U\5\0\0\0\0\0\0\3333\36A"..., 26624, MSG_DONTWAIT, NULL, NULL) = 208
5054  1784161677.121253 recvfrom(48, 0x7b4b2a5fc0, 26624, MSG_DONTWAIT, NULL, NULL) = -1 EAGAIN (Try again)
5054  1784161677.194621 recvfrom(48, "h\0\0\0\2\0\0\0\2\0\0\0\0\0\0\0\10\t\261\376U\5\0\0\0\0\0\0\3333\36A"..., 26624, MSG_DONTWAIT, NULL, NULL) = 208
5054  1784161677.195154 recvfrom(48, 0x7b4b2a5fc0, 26624, MSG_DONTWAIT, NULL, NULL) = -1 EAGAIN (Try again)
5054  1784161677.271343 recvfrom(48, "h\0\0\0\2\0\0\0\2\0\0\0\0\0\0\0005\\;\3V\5\0\0\0\0\0\0\3333\36A"..., 26624, MSG_DONTWAIT, NULL, NULL) = 208
5054  1784161677.272018 recvfrom(48, 0x7b4b2a5fc0, 26624, MSG_DONTWAIT, NULL, NULL) = -1 EAGAIN (Try again)
5054  1784161677.343229 recvfrom(48, "h\0\0\0\2\0\0\0\2\0\0\0\0\0\0\0\300\16|\7V\5\0\0\0\0\0\0\3333\36A"..., 26624, MSG_DONTWAIT, NULL, NULL) = 208
5054  1784161677.343852 recvfrom(48, 0x7b4b2a5fc0, 26624, MSG_DONTWAIT, NULL, NULL) = -1 EAGAIN (Try again)
5054  1784161677.417549 recvfrom(48, "h\0\0\0\2\0\0\0\2\0\0\0\0\0\0\0\36\243\364\vV\5\0\0\0\0\0\0\3333\36A"..., 26624, MSG_DONTWAIT, NULL, NULL) = 208
5054  1784161677.419410 recvfrom(48, 0x7b4b2a5fc0, 26624, MSG_DONTWAIT, NULL, NULL) = -1 EAGAIN (Try again)
5054  1784161677.493552 recvfrom(48, "h\0\0\0\2\0\0\0\2\0\0\0\0\0\0\0\204K|\20V\5\0\0\0\0\0\0\3333\36A"..., 26624, MSG_DONTWAIT, NULL, NULL) = 208
5054  1784161677.494198 recvfrom(48, 0x7b4b2a5fc0, 26624, MSG_DONTWAIT, NULL, NULL) = -1 EAGAIN (Try again)
5054  1784161677.567422 recvfrom(48, "h\0\0\0\2\0\0\0\2\0\0\0\0\0\0\0\335\315\340\24V\5\0\0\0\0\0\0\3333\36A"..., 26624, MSG_DONTWAIT, NULL, NULL) = 208
5054  1784161677.568125 recvfrom(48, 0x7b4b2a5fc0, 26624, MSG_DONTWAIT, NULL, NULL) = -1 EAGAIN (Try again)
5054  1784161677.638734 recvfrom(48, "h\0\0\0\2\0\0\0\2\0\0\0\0\0\0\0\354\202\35\31V\5\0\0\0\0\0\0\3333\36A"..., 26624, MSG_DONTWAIT, NULL, NULL) = 208
5054  1784161677.639140 recvfrom(48, 0x7b4b2a5fc0, 26624, MSG_DONTWAIT, NULL, NULL) = -1 EAGAIN (Try again)
5054  1784161677.705963 recvfrom(48, "h\0\0\0\2\0\0\0\2\0\0\0\0\0\0\0%$ \35V\5\0\0\0\0\0\0\3333\36A"..., 26624, MSG_DONTWAIT, NULL, NULL) = 208
5054  1784161677.706339 recvfrom(48, 0x7b4b2a5fc0, 26624, MSG_DONTWAIT, NULL, NULL) = -1 EAGAIN (Try again)
5054  1784161677.773530 recvfrom(48, "h\0\0\0\2\0\0\0\2\0\0\0\0\0\0\0c\372/!V\5\0\0\0\0\0\0\3333\36A"..., 26624, MSG_DONTWAIT, NULL, NULL) = 208
5054  1784161677.773952 recvfrom(48, 0x7b4b2a5fc0, 26624, MSG_DONTWAIT, NULL, NULL) = -1 EAGAIN (Try again)
5054  1784161677.849242 recvfrom(48, "h\0\0\0\2\0\0\0\2\0\0\0\0\0\0\0yf\263%V\5\0\0\0\0\0\0\3333\36A"..., 26624, MSG_DONTWAIT, NULL, NULL) = 208
5054  1784161677.850027 recvfrom(48, 0x7b4b2a5fc0, 26624, MSG_DONTWAIT, NULL, NULL) = -1 EAGAIN (Try again)
5054  1784161677.916802 recvfrom(48, "h\0\0\0\2\0\0\0\2\0\0\0\0\0\0\0\0\367\307)V\5\0\0\0\0\0\0\3333\36A"..., 26624, MSG_DONTWAIT, NULL, NULL) = 208
5054  1784161677.917049 recvfrom(48, 0x7b4b2a5fc0, 26624, MSG_DONTWAIT, NULL, NULL) = -1 EAGAIN (Try again)
5054  1784161677.983411 recvfrom(48, "h\0\0\0\2\0\0\0\2\0\0\0\0\0\0\0\272\334\302-V\5\0\0\0\0\0\0\3333\36A"..., 26624, MSG_DONTWAIT, NULL, NULL) = 208
5054  1784161677.984197 recvfrom(48, 0x7b4b2a5fc0, 26624, MSG_DONTWAIT, NULL, NULL) = -1 EAGAIN (Try again)
