20951 1784180180.939659 exit(0)         = ?
20951 1784180180.939804 +++ exited with 0 +++
20928 1784180182.887678 exit(0)         = ?
20928 1784180182.887778 +++ exited with 0 +++
20930 1784180182.890810 exit(0 <unfinished ...>
20929 1784180182.890836 exit(0)         = ?
20930 1784180182.891157 <... exit resumed>) = ?
20929 1784180182.891188 +++ exited with 0 +++
20930 1784180182.891297 +++ exited with 0 +++
20927 1784180182.891557 exit(0)         = ?
20927 1784180182.891921 +++ exited with 0 +++
20940 1784180182.894955 newfstatat(AT_FDCWD, "/data", {st_mode=S_IFDIR|0771, st_size=4096, ...}, AT_SYMLINK_NOFOLLOW) = 0
20940 1784180182.895376 newfstatat(AT_FDCWD, "/data/app", {st_mode=S_IFDIR|0771, st_size=4096, ...}, AT_SYMLINK_NOFOLLOW) = 0
20940 1784180182.895741 newfstatat(AT_FDCWD, "/data/app/cf.playhi.freezeyou-XGHA4QAB8GczT-t4X1vYJA==", {st_mode=S_IFDIR|0775, st_size=4096, ...}, AT_SYMLINK_NOFOLLOW) = 0
20940 1784180182.896105 newfstatat(AT_FDCWD, "/data/app/cf.playhi.freezeyou-XGHA4QAB8GczT-t4X1vYJA==/base.apk", {st_mode=S_IFREG|0644, st_size=3796080, ...}, AT_SYMLINK_NOFOLLOW) = 0
20940 1784180182.896479 getcwd("/", 4096) = 2
20940 1784180182.896826 newfstatat(AT_FDCWD, "/base.apk", 0x753d11c690, AT_SYMLINK_NOFOLLOW) = -1 ENOENT (No such file or directory)
20961 1784180195.671104 exit(0)         = ?
20961 1784180195.671442 +++ exited with 0 +++
20959 1784180195.722116 faccessat(AT_FDCWD, "/proc/self/task/20961", F_OK) = -1 ENOENT (No such file or directory)
