9617  1784097832.733713 exit(0)         = ?
9617  1784097832.733835 +++ exited with 0 +++
9593  1784097832.769885 recvfrom(44, 0x7feb340300, 3200, MSG_DONTWAIT, NULL, NULL) = -1 EAGAIN (Try again)
9593  1784097832.788876 recvfrom(44, "nysv\0\0\0\0\0\0\0\0\0\0\0\0\20\327\244\252\357\2\0\0\208\0\0\0\0\0\0", 3200, MSG_DONTWAIT, NULL, NULL) = 32
9593  1784097832.790039 recvfrom(44, 0x7feb340460, 3200, MSG_DONTWAIT, NULL, NULL) = -1 EAGAIN (Try again)
9593  1784097832.791488 recvfrom(46, 0x761f7cc820, 2272, MSG_DONTWAIT, NULL, NULL) = -1 EAGAIN (Try again)
9593  1784097833.277623 recvfrom(44, 0x7feb340300, 3200, MSG_DONTWAIT, NULL, NULL) = -1 EAGAIN (Try again)
9593  1784097833.291117 recvfrom(44, "nysv\0\0\0\0\0\0\0\0\0\0\0\0\376\231q\310\357\2\0\0\218\0\0\0\0\0\0", 3200, MSG_DONTWAIT, NULL, NULL) = 32
9593  1784097833.291886 recvfrom(44, 0x7feb340460, 3200, MSG_DONTWAIT, NULL, NULL) = -1 EAGAIN (Try again)
9593  1784097833.293146 recvfrom(46, 0x761f7cc820, 2272, MSG_DONTWAIT, NULL, NULL) = -1 EAGAIN (Try again)
9593  1784097833.782514 recvfrom(44, 0x7feb340300, 3200, MSG_DONTWAIT, NULL, NULL) = -1 EAGAIN (Try again)
9593  1784097833.788387 recvfrom(44, "nysv\0\0\0\0\0\0\0\0\0\0\0\0t\336?\346\357\2\0\0\228\0\0\0\0\0\0", 3200, MSG_DONTWAIT, NULL, NULL) = 32
9593  1784097833.788914 recvfrom(44, 0x7feb340460, 3200, MSG_DONTWAIT, NULL, NULL) = -1 EAGAIN (Try again)
9593  1784097833.789775 recvfrom(46, 0x761f7cc820, 2272, MSG_DONTWAIT, NULL, NULL) = -1 EAGAIN (Try again)
9593  1784097834.290311 recvfrom(44, 0x7feb340300, 3200, MSG_DONTWAIT, NULL, NULL) = -1 EAGAIN (Try again)
9593  1784097834.308295 recvfrom(44, "nysv\0\0\0\0\0\0\0\0\0\0\0\0!\373\n\5\360\2\0\0\238\0\0\0\0\0\0", 3200, MSG_DONTWAIT, NULL, NULL) = 32
9593  1784097834.308959 recvfrom(44, 0x7feb340460, 3200, MSG_DONTWAIT, NULL, NULL) = -1 EAGAIN (Try again)
9593  1784097834.309821 recvfrom(46, 0x761f7cc820, 2272, MSG_DONTWAIT, NULL, NULL) = -1 EAGAIN (Try again)
9601  1784097834.696178 exit(0)         = ?
9601  1784097834.696231 +++ exited with 0 +++
9600  1784097834.696350 exit(0)         = ?
9600  1784097834.696380 +++ exited with 0 +++
9603  1784097834.698070 exit(0 <unfinished ...>
9599  1784097834.698091 exit(0 <unfinished ...>
9603  1784097834.698193 <... exit resumed>) = ?
9599  1784097834.698210 <... exit resumed>) = ?
9603  1784097834.698362 +++ exited with 0 +++
9599  1784097834.698372 +++ exited with 0 +++
9613  1784097834.700923 newfstatat(AT_FDCWD, "/data", {st_mode=S_IFDIR|0771, st_size=4096, ...}, AT_SYMLINK_NOFOLLOW) = 0
9613  1784097834.701351 newfstatat(AT_FDCWD, "/data/app", {st_mode=S_IFDIR|0771, st_size=4096, ...}, AT_SYMLINK_NOFOLLOW) = 0
9613  1784097834.701718 newfstatat(AT_FDCWD, "/data/app/buet.rafi.dictionary-1RxO8UO9_MIiWPE2tA3S3g==", {st_mode=S_IFDIR|0775, st_size=4096, ...}, AT_SYMLINK_NOFOLLOW) = 0
9613  1784097834.702099 newfstatat(AT_FDCWD, "/data/app/buet.rafi.dictionary-1RxO8UO9_MIiWPE2tA3S3g==/base.apk", {st_mode=S_IFREG|0644, st_size=477072, ...}, AT_SYMLINK_NOFOLLOW) = 0
9613  1784097834.702477 getcwd("/", 4096) = 2
9613  1784097834.702837 newfstatat(AT_FDCWD, "/base.apk", 0x758f2a4690, AT_SYMLINK_NOFOLLOW) = -1 ENOENT (No such file or directory)
9593  1784097834.794982 recvfrom(44, 0x7feb340300, 3200, MSG_DONTWAIT, NULL, NULL) = -1 EAGAIN (Try again)
9593  1784097834.804075 recvfrom(44, "nysv\0\0\0\0\0\0\0\0\0\0\0\0\307v\330\"\360\2\0\0\248\0\0\0\0\0\0", 3200, MSG_DONTWAIT, NULL, NULL) = 32
9593  1784097834.804406 recvfrom(44, 0x7feb340460, 3200, MSG_DONTWAIT, NULL, NULL) = -1 EAGAIN (Try again)
9593  1784097834.805131 recvfrom(46, 0x761f7cc820, 2272, MSG_DONTWAIT, NULL, NULL) = -1 EAGAIN (Try again)
9593  1784097835.301204 recvfrom(44, 0x7feb340300, 3200, MSG_DONTWAIT, NULL, NULL) = -1 EAGAIN (Try again)
9593  1784097835.305070 recvfrom(44, "nysv\0\0\0\0\0\0\0\0\0\0\0\0v\30\246@\360\2\0\0\258\0\0\0\0\0\0", 3200, MSG_DONTWAIT, NULL, NULL) = 32
9593  1784097835.305701 recvfrom(44, 0x7feb340460, 3200, MSG_DONTWAIT, NULL, NULL) = -1 EAGAIN (Try again)
9593  1784097835.306500 recvfrom(46, 0x761f7cc820, 2272, MSG_DONTWAIT, NULL, NULL) = -1 EAGAIN (Try again)
9593  1784097835.805894 recvfrom(44, 0x7feb340300, 3200, MSG_DONTWAIT, NULL, NULL) = -1 EAGAIN (Try again)
9593  1784097835.822035 recvfrom(44, "nysv\0\0\0\0\0\0\0\0\0\0\0\0O\364q_\360\2\0\0\268\0\0\0\0\0\0", 3200, MSG_DONTWAIT, NULL, NULL) = 32
9593  1784097835.822399 recvfrom(44, 0x7feb340460, 3200, MSG_DONTWAIT, NULL, NULL) = -1 EAGAIN (Try again)
9593  1784097835.822991 recvfrom(46, 0x761f7cc820, 2272, MSG_DONTWAIT, NULL, NULL) = -1 EAGAIN (Try again)
9593  1784097836.311869 recvfrom(44, 0x7feb340300, 3200, MSG_DONTWAIT, NULL, NULL) = -1 EAGAIN (Try again)
9593  1784097836.323426 recvfrom(44, "nysv\0\0\0\0\0\0\0\0\0\0\0\0\304\177>}\360\2\0\0\278\0\0\0\0\0\0", 3200, MSG_DONTWAIT, NULL, NULL) = 32
9593  1784097836.323912 recvfrom(44, 0x7feb340460, 3200, MSG_DONTWAIT, NULL, NULL) = -1 EAGAIN (Try again)
9593  1784097836.324596 recvfrom(46, 0x761f7cc820, 2272, MSG_DONTWAIT, NULL, NULL) = -1 EAGAIN (Try again)
9593  1784097836.819813 recvfrom(44, 0x7feb340300, 3200, MSG_DONTWAIT, NULL, NULL) = -1 EAGAIN (Try again)
9593  1784097836.837425 recvfrom(44, "nysv\0\0\0\0\0\0\0\0\0\0\0\0\212\225\n\234\360\2\0\0\308\0\0\0\0\0\0", 3200, MSG_DONTWAIT, NULL, NULL) = 32
9593  1784097836.837849 recvfrom(44, 0x7feb340460, 3200, MSG_DONTWAIT, NULL, NULL) = -1 EAGAIN (Try again)
9593  1784097836.838442 recvfrom(46, 0x761f7cc820, 2272, MSG_DONTWAIT, NULL, NULL) = -1 EAGAIN (Try again)
9593  1784097837.328553 recvfrom(44, 0x7feb340300, 3200, MSG_DONTWAIT, NULL, NULL) = -1 EAGAIN (Try again)
9593  1784097837.341292 recvfrom(44, "nysv\0\0\0\0\0\0\0\0\0\0\0\0B\375\326\271\360\2\0\0\318\0\0\0\0\0\0", 3200, MSG_DONTWAIT, NULL, NULL) = 32
9593  1784097837.341865 recvfrom(44, 0x7feb340460, 3200, MSG_DONTWAIT, NULL, NULL) = -1 EAGAIN (Try again)
9593  1784097837.342570 recvfrom(46, 0x761f7cc820, 2272, MSG_DONTWAIT, NULL, NULL) = -1 EAGAIN (Try again)
9593  1784097837.830268 recvfrom(44, 0x7feb340300, 3200, MSG_DONTWAIT, NULL, NULL) = -1 EAGAIN (Try again)
9593  1784097837.837353 recvfrom(44, "nysv\0\0\0\0\0\0\0\0\0\0\0\0Y\353\244\327\360\2\0\0\328\0\0\0\0\0\0", 3200, MSG_DONTWAIT, NULL, NULL) = 32
9593  1784097837.837683 recvfrom(44, 0x7feb340460, 3200, MSG_DONTWAIT, NULL, NULL) = -1 EAGAIN (Try again)
9593  1784097837.838171 recvfrom(46, 0x761f7cc820, 2272, MSG_DONTWAIT, NULL, NULL) = -1 EAGAIN (Try again)
9593  1784097838.334867 recvfrom(44, 0x7feb340300, 3200, MSG_DONTWAIT, NULL, NULL) = -1 EAGAIN (Try again)
9593  1784097838.337635 recvfrom(44, "nysv\0\0\0\0\0\0\0\0\0\0\0\0\276\225r\365\360\2\0\0\338\0\0\0\0\0\0", 3200, MSG_DONTWAIT, NULL, NULL) = 32
9593  1784097838.337974 recvfrom(44, 0x7feb340460, 3200, MSG_DONTWAIT, NULL, NULL) = -1 EAGAIN (Try again)
9593  1784097838.338287 recvfrom(46, 0x761f7cc820, 2272, MSG_DONTWAIT, NULL, NULL) = -1 EAGAIN (Try again)
9593  1784097838.837839 recvfrom(44, 0x7feb340300, 3200, MSG_DONTWAIT, NULL, NULL) = -1 EAGAIN (Try again)
9593  1784097838.854169 recvfrom(44, "nysv\0\0\0\0\0\0\0\0\0\0\0\0\235\340=\24\361\2\0\0\348\0\0\0\0\0\0", 3200, MSG_DONTWAIT, NULL, NULL) = 32
9593  1784097838.854481 recvfrom(44, 0x7feb340460, 3200, MSG_DONTWAIT, NULL, NULL) = -1 EAGAIN (Try again)
9593  1784097838.855083 recvfrom(46, 0x761f7cc820, 2272, MSG_DONTWAIT, NULL, NULL) = -1 EAGAIN (Try again)
9593  1784097839.341423 recvfrom(44, 0x7feb340300, 3200, MSG_DONTWAIT, NULL, NULL) = -1 EAGAIN (Try again)
9593  1784097839.355014 recvfrom(44, "nysv\0\0\0\0\0\0\0\0\0\0\0\0T\302\n2\361\2\0\0\358\0\0\0\0\0\0", 3200, MSG_DONTWAIT, NULL, NULL) = 32
9593  1784097839.355482 recvfrom(44, 0x7feb340460, 3200, MSG_DONTWAIT, NULL, NULL) = -1 EAGAIN (Try again)
9593  1784097839.356463 recvfrom(46, 0x761f7cc820, 2272, MSG_DONTWAIT, NULL, NULL) = -1 EAGAIN (Try again)
9593  1784097839.844425 recvfrom(44, 0x7feb340300, 3200, MSG_DONTWAIT, NULL, NULL) = -1 EAGAIN (Try again)
9593  1784097839.853779 recvfrom(44, "nysv\0\0\0\0\0\0\0\0\0\0\0\0TQ\330O\361\2\0\0\368\0\0\0\0\0\0", 3200, MSG_DONTWAIT, NULL, NULL) = 32
9593  1784097839.854024 recvfrom(44, 0x7feb340460, 3200, MSG_DONTWAIT, NULL, NULL) = -1 EAGAIN (Try again)
9593  1784097839.854325 recvfrom(46, 0x761f7cc820, 2272, MSG_DONTWAIT, NULL, NULL) = -1 EAGAIN (Try again)
9593  1784097840.347563 recvfrom(44, 0x7feb340300, 3200, MSG_DONTWAIT, NULL, NULL) = -1 EAGAIN (Try again)
9593  1784097840.355170 recvfrom(44, "nysv\0\0\0\0\0\0\0\0\0\0\0\0~\227\245m\361\2\0\0!8\0\0\0\0\0\0", 3200, MSG_DONTWAIT, NULL, NULL) = 32
9593  1784097840.355977 recvfrom(44, 0x7feb340460, 3200, MSG_DONTWAIT, NULL, NULL) = -1 EAGAIN (Try again)
9593  1784097840.356756 recvfrom(46, 0x761f7cc820, 2272, MSG_DONTWAIT, NULL, NULL) = -1 EAGAIN (Try again)
9593  1784097840.851580 recvfrom(44, 0x7feb340300, 3200, MSG_DONTWAIT, NULL, NULL) = -1 EAGAIN (Try again)
9593  1784097840.854054 recvfrom(44, "nysv\0\0\0\0\0\0\0\0\0\0\0\0\\Gs\213\361\2\0\0\"8\0\0\0\0\0\0", 3200, MSG_DONTWAIT, NULL, NULL) = 32
9593  1784097840.854417 recvfrom(44, 0x7feb340460, 3200, MSG_DONTWAIT, NULL, NULL) = -1 EAGAIN (Try again)
9593  1784097840.855094 recvfrom(46, 0x761f7cc820, 2272, MSG_DONTWAIT, NULL, NULL) = -1 EAGAIN (Try again)
9593  1784097841.354406 recvfrom(44, 0x7feb340300, 3200, MSG_DONTWAIT, NULL, NULL) = -1 EAGAIN (Try again)
9593  1784097841.372561 recvfrom(44, "nysv\0\0\0\0\0\0\0\0\0\0\0\0\320\265>\252\361\2\0\0#8\0\0\0\0\0\0", 3200, MSG_DONTWAIT, NULL, NULL) = 32
9593  1784097841.373215 recvfrom(44, 0x7feb340460, 3200, MSG_DONTWAIT, NULL, NULL) = -1 EAGAIN (Try again)
9593  1784097841.373816 recvfrom(46, 0x761f7cc820, 2272, MSG_DONTWAIT, NULL, NULL) = -1 EAGAIN (Try again)
9593  1784097841.858860 recvfrom(44, 0x7feb340300, 3200, MSG_DONTWAIT, NULL, NULL) = -1 EAGAIN (Try again)
9593  1784097841.871887 recvfrom(44, "nysv\0\0\0\0\0\0\0\0\0\0\0\0\207Y\f\310\361\2\0\0$8\0\0\0\0\0\0", 3200, MSG_DONTWAIT, NULL, NULL) = 32
9593  1784097841.872545 recvfrom(44, 0x7feb340460, 3200, MSG_DONTWAIT, NULL, NULL) = -1 EAGAIN (Try again)
9593  1784097841.873734 recvfrom(46, 0x761f7cc820, 2272, MSG_DONTWAIT, NULL, NULL) = -1 EAGAIN (Try again)
9593  1784097842.360643 recvfrom(44, 0x7feb340300, 3200, MSG_DONTWAIT, NULL, NULL) = -1 EAGAIN (Try again)
9593  1784097842.372105 recvfrom(44, "nysv\0\0\0\0\0\0\0\0\0\0\0\0\335P\331\345\361\2\0\0%8\0\0\0\0\0\0", 3200, MSG_DONTWAIT, NULL, NULL) = 32
9593  1784097842.372390 recvfrom(44, 0x7feb340460, 3200, MSG_DONTWAIT, NULL, NULL) = -1 EAGAIN (Try again)
9593  1784097842.372919 recvfrom(46, 0x761f7cc820, 2272, MSG_DONTWAIT, NULL, NULL) = -1 EAGAIN (Try again)
9593  1784097842.863048 recvfrom(44, 0x7feb340300, 3200, MSG_DONTWAIT, NULL, NULL) = -1 EAGAIN (Try again)
9593  1784097842.870240 recvfrom(44, "nysv\0\0\0\0\0\0\0\0\0\0\0\0\26\v\247\3\362\2\0\0&8\0\0\0\0\0\0", 3200, MSG_DONTWAIT, NULL, NULL) = 32
9593  1784097842.870405 recvfrom(44, 0x7feb340460, 3200, MSG_DONTWAIT, NULL, NULL) = -1 EAGAIN (Try again)
9593  1784097842.870744 recvfrom(46, 0x761f7cc820, 2272, MSG_DONTWAIT, NULL, NULL) = -1 EAGAIN (Try again)
9593  1784097843.365885 recvfrom(44, 0x7feb340300, 3200, MSG_DONTWAIT, NULL, NULL) = -1 EAGAIN (Try again)
9593  1784097843.372025 recvfrom(44, "nysv\0\0\0\0\0\0\0\0\0\0\0\0\366\233t!\362\2\0\0'8\0\0\0\0\0\0", 3200, MSG_DONTWAIT, NULL, NULL) = 32
9593  1784097843.372429 recvfrom(44, 0x7feb340460, 3200, MSG_DONTWAIT, NULL, NULL) = -1 EAGAIN (Try again)
9593  1784097843.373143 recvfrom(46, 0x761f7cc820, 2272, MSG_DONTWAIT, NULL, NULL) = -1 EAGAIN (Try again)
9593  1784097843.868174 recvfrom(44, 0x7feb340300, 3200, MSG_DONTWAIT, NULL, NULL) = -1 EAGAIN (Try again)
9593  1784097843.871001 recvfrom(44, "nysv\0\0\0\0\0\0\0\0\0\0\0\0\27\260A?\362\2\0\0(8\0\0\0\0\0\0", 3200, MSG_DONTWAIT, NULL, NULL) = 32
9593  1784097843.871278 recvfrom(44, 0x7feb340460, 3200, MSG_DONTWAIT, NULL, NULL) = -1 EAGAIN (Try again)
9593  1784097843.871914 recvfrom(46, 0x761f7cc820, 2272, MSG_DONTWAIT, NULL, NULL) = -1 EAGAIN (Try again)
9593  1784097844.370191 recvfrom(44, 0x7feb340300, 3200, MSG_DONTWAIT, NULL, NULL) = -1 EAGAIN (Try again)
9593  1784097844.371996 recvfrom(44, "nysv\0\0\0\0\0\0\0\0\0\0\0\0\215\344\16]\362\2\0\0)8\0\0\0\0\0\0", 3200, MSG_DONTWAIT, NULL, NULL) = 32
9593  1784097844.372337 recvfrom(44, 0x7feb340460, 3200, MSG_DONTWAIT, NULL, NULL) = -1 EAGAIN (Try again)
9593  1784097844.372681 recvfrom(46, 0x761f7cc820, 2272, MSG_DONTWAIT, NULL, NULL) = -1 EAGAIN (Try again)
9593  1784097844.872746 recvfrom(44, 0x7feb340300, 3200, MSG_DONTWAIT, NULL, NULL) = -1 EAGAIN (Try again)
9593  1784097844.887987 recvfrom(44, "nysv\0\0\0\0\0\0\0\0\0\0\0\0\306\7\333{\362\2\0\0*8\0\0\0\0\0\0", 3200, MSG_DONTWAIT, NULL, NULL) = 32
9593  1784097844.888214 recvfrom(44, 0x7feb340460, 3200, MSG_DONTWAIT, NULL, NULL) = -1 EAGAIN (Try again)
9593  1784097844.888634 recvfrom(46, 0x761f7cc820, 2272, MSG_DONTWAIT, NULL, NULL) = -1 EAGAIN (Try again)
9593  1784097845.375275 recvfrom(44, 0x7feb340300, 3200, MSG_DONTWAIT, NULL, NULL) = -1 EAGAIN (Try again)
9593  1784097845.392206 recvfrom(44, "nysv\0\0\0\0\0\0\0\0\0\0\0\0yu\250\231\362\2\0\0+8\0\0\0\0\0\0", 3200, MSG_DONTWAIT, NULL, NULL) = 32
9593  1784097845.392890 recvfrom(44, 0x7feb340460, 3200, MSG_DONTWAIT, NULL, NULL) = -1 EAGAIN (Try again)
9593  1784097845.393902 recvfrom(46, 0x761f7cc820, 2272, MSG_DONTWAIT, NULL, NULL) = -1 EAGAIN (Try again)
9593  1784097845.878204 recvfrom(44, 0x7feb340300, 3200, MSG_DONTWAIT, NULL, NULL) = -1 EAGAIN (Try again)
9593  1784097845.888195 recvfrom(44, "nysv\0\0\0\0\0\0\0\0\0\0\0\0\314\10v\267\362\2\0\0,8\0\0\0\0\0\0", 3200, MSG_DONTWAIT, NULL, NULL) = 32
9593  1784097845.888481 recvfrom(44, 0x7feb340460, 3200, MSG_DONTWAIT, NULL, NULL) = -1 EAGAIN (Try again)
9593  1784097845.889027 recvfrom(46, 0x761f7cc820, 2272, MSG_DONTWAIT, NULL, NULL) = -1 EAGAIN (Try again)
9593  1784097846.384573 recvfrom(44, 0x7feb340300, 3200, MSG_DONTWAIT, NULL, NULL) = -1 EAGAIN (Try again)
9593  1784097846.388866 recvfrom(44, "nysv\0\0\0\0\0\0\0\0\0\0\0\0\262\262C\325\362\2\0\0-8\0\0\0\0\0\0", 3200, MSG_DONTWAIT, NULL, NULL) = 32
9593  1784097846.389578 recvfrom(44, 0x7feb340460, 3200, MSG_DONTWAIT, NULL, NULL) = -1 EAGAIN (Try again)
9593  1784097846.389924 recvfrom(46, 0x761f7cc820, 2272, MSG_DONTWAIT, NULL, NULL) = -1 EAGAIN (Try again)
9593  1784097846.889541 recvfrom(44, 0x7feb340300, 3200, MSG_DONTWAIT, NULL, NULL) = -1 EAGAIN (Try again)
9593  1784097846.905009 recvfrom(44, "nysv\0\0\0\0\0\0\0\0\0\0\0\0\271u\17\364\362\2\0\0.8\0\0\0\0\0\0", 3200, MSG_DONTWAIT, NULL, NULL) = 32
9593  1784097846.905309 recvfrom(44, 0x7feb340460, 3200, MSG_DONTWAIT, NULL, NULL) = -1 EAGAIN (Try again)
9593  1784097846.905847 recvfrom(46, 0x761f7cc820, 2272, MSG_DONTWAIT, NULL, NULL) = -1 EAGAIN (Try again)
9593  1784097847.394233 recvfrom(44, 0x7feb340300, 3200, MSG_DONTWAIT, NULL, NULL) = -1 EAGAIN (Try again)
9593  1784097847.405384 recvfrom(44, "nysv\0\0\0\0\0\0\0\0\0\0\0\0\317\1\334\21\363\2\0\0/8\0\0\0\0\0\0", 3200, MSG_DONTWAIT, NULL, NULL) = 32
9593  1784097847.406030 recvfrom(44, 0x7feb340460, 3200, MSG_DONTWAIT, NULL, NULL) = -1 EAGAIN (Try again)
9593  1784097847.406787 recvfrom(46, 0x761f7cc820, 2272, MSG_DONTWAIT, NULL, NULL) = -1 EAGAIN (Try again)
9626  1784097847.507171 exit(0)         = ?
9626  1784097847.507430 +++ exited with 0 +++
9624  1784097847.560547 faccessat(AT_FDCWD, "/proc/self/task/9626", F_OK) = -1 ENOENT (No such file or directory)
9593  1784097847.901131 recvfrom(44, 0x7feb340300, 3200, MSG_DONTWAIT, NULL, NULL) = -1 EAGAIN (Try again)
9593  1784097847.903789 recvfrom(44, "nysv\0\0\0\0\0\0\0\0\0\0\0\0w\232\251/\363\2\0\00008\0\0\0\0\0\0", 3200, MSG_DONTWAIT, NULL, NULL) = 32
9593  1784097847.904247 recvfrom(44, 0x7feb340460, 3200, MSG_DONTWAIT, NULL, NULL) = -1 EAGAIN (Try again)
9593  1784097847.905409 recvfrom(46, 0x761f7cc820, 2272, MSG_DONTWAIT, NULL, NULL) = -1 EAGAIN (Try again)
9593  1784097848.408526 recvfrom(44, 0x7feb340300, 3200, MSG_DONTWAIT, NULL, NULL) = -1 EAGAIN (Try again)
9593  1784097848.425377 recvfrom(44, "nysv\0\0\0\0\0\0\0\0\0\0\0\0k\374tN\363\2\0\00018\0\0\0\0\0\0", 3200, MSG_DONTWAIT, NULL, NULL) = 32
9593  1784097848.426010 recvfrom(44, 0x7feb340460, 3200, MSG_DONTWAIT, NULL, NULL) = -1 EAGAIN (Try again)
9593  1784097848.427237 recvfrom(46, 0x761f7cc820, 2272, MSG_DONTWAIT, NULL, NULL) = -1 EAGAIN (Try again)
9593  1784097848.911094 recvfrom(44, 0x7feb340300, 3200, MSG_DONTWAIT, NULL, NULL) = -1 EAGAIN (Try again)
9593  1784097848.920971 recvfrom(44, "nysv\0\0\0\0\0\0\0\0\0\0\0\0\343\222Bl\363\2\0\00028\0\0\0\0\0\0", 3200, MSG_DONTWAIT, NULL, NULL) = 32
9593  1784097848.921147 recvfrom(44, 0x7feb340460, 3200, MSG_DONTWAIT, NULL, NULL) = -1 EAGAIN (Try again)
9593  1784097848.921534 recvfrom(46, 0x761f7cc820, 2272, MSG_DONTWAIT, NULL, NULL) = -1 EAGAIN (Try again)
9593  1784097849.414886 recvfrom(44, 0x7feb340300, 3200, MSG_DONTWAIT, NULL, NULL) = -1 EAGAIN (Try again)
9593  1784097849.422676 recvfrom(44, "nysv\0\0\0\0\0\0\0\0\0\0\0\0\251\374\17\212\363\2\0\00038\0\0\0\0\0\0", 3200, MSG_DONTWAIT, NULL, NULL) = 32
9593  1784097849.422836 recvfrom(44, 0x7feb340460, 3200, MSG_DONTWAIT, NULL, NULL) = -1 EAGAIN (Try again)
9593  1784097849.423151 recvfrom(46, 0x761f7cc820, 2272, MSG_DONTWAIT, NULL, NULL) = -1 EAGAIN (Try again)
9593  1784097849.916678 recvfrom(44, 0x7feb340300, 3200, MSG_DONTWAIT, NULL, NULL) = -1 EAGAIN (Try again)
9593  1784097849.920868 recvfrom(44, "nysv\0\0\0\0\0\0\0\0\0\0\0\0\317\232\335\247\363\2\0\00048\0\0\0\0\0\0", 3200, MSG_DONTWAIT, NULL, NULL) = 32
9593  1784097849.921012 recvfrom(44, 0x7feb340460, 3200, MSG_DONTWAIT, NULL, NULL) = -1 EAGAIN (Try again)
9593  1784097849.921298 recvfrom(46, 0x761f7cc820, 2272, MSG_DONTWAIT, NULL, NULL) = -1 EAGAIN (Try again)
9593  1784097850.420242 recvfrom(44, 0x7feb340300, 3200, MSG_DONTWAIT, NULL, NULL) = -1 EAGAIN (Try again)
9593  1784097850.441798 recvfrom(44, "nysv\0\0\0\0\0\0\0\0\0\0\0\0E\340\250\306\363\2\0\00058\0\0\0\0\0\0", 3200, MSG_DONTWAIT, NULL, NULL) = 32
9593  1784097850.442200 recvfrom(44, 0x7feb340460, 3200, MSG_DONTWAIT, NULL, NULL) = -1 EAGAIN (Try again)
9593  1784097850.442953 recvfrom(46, 0x761f7cc820, 2272, MSG_DONTWAIT, NULL, NULL) = -1 EAGAIN (Try again)
9593  1784097850.925127 recvfrom(44, 0x7feb340300, 3200, MSG_DONTWAIT, NULL, NULL) = -1 EAGAIN (Try again)
9593  1784097850.939725 recvfrom(44, "nysv\0\0\0\0\0\0\0\0\0\0\0\0001Ev\344\363\2\0\00068\0\0\0\0\0\0", 3200, MSG_DONTWAIT, NULL, NULL) = 32
9593  1784097850.940159 recvfrom(44, 0x7feb340460, 3200, MSG_DONTWAIT, NULL, NULL) = -1 EAGAIN (Try again)
9593  1784097850.940955 recvfrom(46, 0x761f7cc820, 2272, MSG_DONTWAIT, NULL, NULL) = -1 EAGAIN (Try again)
