17005 1784443821.488432 exit(0)         = ?
17007 1784443821.489362 exit(0 <unfinished ...>
17005 1784443821.489429 +++ exited with 0 +++
17008 1784443821.489849 exit(0 <unfinished ...>
17007 1784443821.489909 <... exit resumed>) = ?
17008 1784443821.490372 <... exit resumed>) = ?
17007 1784443821.490422 +++ exited with 0 +++
17006 1784443821.490429 exit(0 <unfinished ...>
17008 1784443821.490713 +++ exited with 0 +++
17006 1784443821.490719 <... exit resumed>) = ?
17006 1784443821.491035 +++ exited with 0 +++
17018 1784443821.493389 newfstatat(AT_FDCWD, "/data", {st_mode=S_IFDIR|0771, st_size=4096, ...}, AT_SYMLINK_NOFOLLOW) = 0
17018 1784443821.493869 newfstatat(AT_FDCWD, "/data/app", {st_mode=S_IFDIR|0771, st_size=4096, ...}, AT_SYMLINK_NOFOLLOW) = 0
17018 1784443821.494235 newfstatat(AT_FDCWD, "/data/app/cityfreqs.com.pilfershushjammer-C4vaGOTZmodSv7qPArzqww==", {st_mode=S_IFDIR|0775, st_size=4096, ...}, AT_SYMLINK_NOFOLLOW) = 0
17018 1784443821.494588 newfstatat(AT_FDCWD, "/data/app/cityfreqs.com.pilfershushjammer-C4vaGOTZmodSv7qPArzqww==/base.apk", {st_mode=S_IFREG|0644, st_size=3655765, ...}, AT_SYMLINK_NOFOLLOW) = 0
17018 1784443821.494946 getcwd("/", 4096) = 2
17018 1784443821.495292 newfstatat(AT_FDCWD, "/base.apk", 0x700c832690, AT_SYMLINK_NOFOLLOW) = -1 ENOENT (No such file or directory)
16998 1784443831.436574 recvfrom(44, "\2\0\0\0\0\0\0\0\253\21\0\0\0\0\0\0@\242\271ji\3\0\0\1\0\0\0\2\20\0\0"..., 2272, MSG_DONTWAIT, NULL, NULL) = 232
16998 1784443831.437066 sendto(44, "\3\0\0\0\0\0\0\0\253\21\0\0\1\0\0\0", 16, MSG_DONTWAIT|MSG_NOSIGNAL, NULL, 0) = 16
16998 1784443831.437311 recvfrom(44, "\2\0\0\0\0\0\0\0\255\21\0\0\0\0\0\0@\242\271ji\3\0\0\1\0\0\0\2\20\0\0"..., 2272, MSG_DONTWAIT, NULL, NULL) = 232
16998 1784443831.437811 recvfrom(42, 0x7fed454ec0, 3200, MSG_DONTWAIT, NULL, NULL) = -1 EAGAIN (Try again)
17053 1784443831.453829 sendmsg(70, {msg_name=NULL, msg_namelen=0, msg_iov=[{iov_base="l\1\1\1\374\0\0\0L\0\0\0\235\0\0\0\1\1o\0;\0\0\0/re/frid"..., iov_len=428}], msg_iovlen=1, msg_controllen=0, msg_flags=0}, MSG_NOSIGNAL) = 428
16998 1784443831.461638 sendto(44, "\3\0\0\0\0\0\0\0\255\21\0\0\1\0\0\0", 16, MSG_DONTWAIT|MSG_NOSIGNAL, NULL, 0 <unfinished ...>
17053 1784443831.461719 sendmsg(70, {msg_name=NULL, msg_namelen=0, msg_iov=[{iov_base="l\1\1\1\0\1\0\0M\0\0\0\235\0\0\0\1\1o\0;\0\0\0/re/frid"..., iov_len=432}], msg_iovlen=1, msg_controllen=0, msg_flags=0}, MSG_NOSIGNAL) = 432
16998 1784443831.461818 <... sendto resumed> ) = 16
16998 1784443831.462170 recvfrom(44, 0x709cbc6c20, 2272, MSG_DONTWAIT, NULL, NULL) = -1 EAGAIN (Try again)
16998 1784443831.463000 recvfrom(42, "nysv\0\0\0\0\0\0\0\0\0\0\0\0\244Kuki\3\0\0\366i\3\0\0\0\0\0", 3200, MSG_DONTWAIT, NULL, NULL) = 32
16998 1784443831.463333 recvfrom(42, 0x7fed458190, 3200, MSG_DONTWAIT, NULL, NULL) = -1 EAGAIN (Try again)
16998 1784443831.463886 recvfrom(44, 0x709cbc6c20, 2272, MSG_DONTWAIT, NULL, NULL) = -1 EAGAIN (Try again)
16998 1784443831.464058 recvfrom(42, 0x7fed4580f0, 3200, MSG_DONTWAIT, NULL, NULL) = -1 EAGAIN (Try again)
17019 1784443831.472928 recvfrom(40, 0x700c643eb0, 3200, MSG_DONTWAIT, NULL, NULL) = -1 EAGAIN (Try again)
16998 1784443831.473628 socket(AF_UNIX, SOCK_DGRAM|SOCK_CLOEXEC|SOCK_NONBLOCK, 0) = 69
16998 1784443831.473825 setsockopt(69, SOL_SOCKET, SO_SNDBUF, [1048576], 4) = 0
16998 1784443831.473982 connect(69, {sa_family=AF_UNIX, sun_path="/dev/socket/statsdw"}, 110) = 0
17019 1784443831.474475 recvfrom(40, 0x700c643eb0, 3200, MSG_DONTWAIT, NULL, NULL) = -1 EAGAIN (Try again)
16998 1784443831.476951 clone(child_stack=0x70089abd40, flags=CLONE_VM|CLONE_FS|CLONE_FILES|CLONE_SIGHAND|CLONE_THREAD|CLONE_SYSVSEM|CLONE_SETTLS|CLONE_PARENT_SETTID|CLONE_CHILD_CLEARTID, parent_tidptr=0x70089abd60, tls=0x70089ac020, child_tidptr=0x70089abd60) = 17108
17108 1784443831.479486 openat(AT_FDCWD, "/proc/17108/timerslack_ns", O_WRONLY|O_CREAT|O_TRUNC|O_NOFOLLOW|O_CLOEXEC, 0666) = 71
17019 1784443831.480495 recvfrom(40, "nysv\0\0\0\0\0\0\0\0\0\0\0\0\207\221rmi\3\0\0\370i\3\0\0\0\0\0", 3200, MSG_DONTWAIT, NULL, NULL) = 32
17019 1784443831.480519 recvfrom(40, 0x700c643c80, 3200, MSG_DONTWAIT, NULL, NULL) = -1 EAGAIN (Try again)
17019 1784443831.490131 recvfrom(40, 0x700c643eb0, 3200, MSG_DONTWAIT, NULL, NULL) = -1 EAGAIN (Try again)
17019 1784443831.497148 recvfrom(40, "nysv\0\0\0\0\0\0\0\0\0\0\0\0\3441qni\3\0\0\371i\3\0\0\0\0\0", 3200, MSG_DONTWAIT, NULL, NULL) = 32
17019 1784443831.497169 recvfrom(40, 0x700c643c80, 3200, MSG_DONTWAIT, NULL, NULL) = -1 EAGAIN (Try again)
17019 1784443831.506662 recvfrom(40, 0x700c643eb0, 3200, MSG_DONTWAIT, NULL, NULL) = -1 EAGAIN (Try again)
17108 1784443831.510962 exit(0)         = ?
17108 1784443831.511283 +++ exited with 0 +++
17019 1784443831.513821 recvfrom(40, "nysv\0\0\0\0\0\0\0\0\0\0\0\0\303\320ooi\3\0\0\372i\3\0\0\0\0\0", 3200, MSG_DONTWAIT, NULL, NULL) = 32
17019 1784443831.513844 recvfrom(40, 0x700c643c80, 3200, MSG_DONTWAIT, NULL, NULL) = -1 EAGAIN (Try again)
16998 1784443831.517737 recvfrom(42, "nysv\0\0\0\0\0\0\0\0\0\0\0\0\207\221rmi\3\0\0\370i\3\0\0\0\0\0", 3200, MSG_DONTWAIT, NULL, NULL) = 32
16998 1784443831.522787 recvfrom(42,  <unfinished ...>
17019 1784443831.523079 recvfrom(40, 0x700c643eb0, 3200, MSG_DONTWAIT, NULL, NULL) = -1 EAGAIN (Try again)
16998 1784443831.523089 <... recvfrom resumed> 0x7fed458190, 3200, MSG_DONTWAIT, NULL, NULL) = -1 EAGAIN (Try again)
16998 1784443831.523742 recvfrom(44, 0x709cbc6c20, 2272, MSG_DONTWAIT, NULL, NULL) = -1 EAGAIN (Try again)
16998 1784443831.523910 recvfrom(42, 0x7fed4580f0, 3200, MSG_DONTWAIT, NULL, NULL) = -1 EAGAIN (Try again)
17019 1784443831.525445 recvfrom(40, 0x700c643eb0, 3200, MSG_DONTWAIT, NULL, NULL) = -1 EAGAIN (Try again)
16998 1784443831.526192 newfstatat(AT_FDCWD, "/system/framework/framework-res.apk", {st_mode=S_IFREG|0644, st_size=45992421, ...}, 0) = 0
16998 1784443831.526365 newfstatat(AT_FDCWD, "/product/overlay/GoogleConfigOverlay.apk", {st_mode=S_IFREG|0644, st_size=25070, ...}, 0) = 0
16998 1784443831.526528 newfstatat(AT_FDCWD, "/product/overlay/GoogleWebViewOverlay.apk", {st_mode=S_IFREG|0644, st_size=16815, ...}, 0) = 0
16998 1784443831.526675 newfstatat(AT_FDCWD, "/product/overlay/PixelConfigOverlayCommon.apk", {st_mode=S_IFREG|0644, st_size=52833, ...}, 0) = 0
16998 1784443831.526821 newfstatat(AT_FDCWD, "/product/overlay/EmulatorConfigOverlay.apk", {st_mode=S_IFREG|0644, st_size=16734, ...}, 0) = 0
16998 1784443831.526967 newfstatat(AT_FDCWD, "/data/app/cityfreqs.com.pilfershushjammer-C4vaGOTZmodSv7qPArzqww==/base.apk", {st_mode=S_IFREG|0644, st_size=3655765, ...}, 0) = 0
16998 1784443831.530186 clone( <unfinished ...>
17019 1784443831.530582 recvfrom(40, "nysv\0\0\0\0\0\0\0\0\0\0\0\0\214mnpi\3\0\0\373i\3\0\0\0\0\0", 3200, MSG_DONTWAIT, NULL, NULL) = 32
17019 1784443831.530596 recvfrom(40, 0x700c643c80, 3200, MSG_DONTWAIT, NULL, NULL) = -1 EAGAIN (Try again)
16998 1784443831.530613 <... clone resumed> child_stack=0x70084aed40, flags=CLONE_VM|CLONE_FS|CLONE_FILES|CLONE_SIGHAND|CLONE_THREAD|CLONE_SYSVSEM|CLONE_SETTLS|CLONE_PARENT_SETTID|CLONE_CHILD_CLEARTID, parent_tidptr=0x70084aed60, tls=0x70084af020, child_tidptr=0x70084aed60) = 17109
17109 1784443831.536708 clone(child_stack=0x70083a5d40, flags=CLONE_VM|CLONE_FS|CLONE_FILES|CLONE_SIGHAND|CLONE_THREAD|CLONE_SYSVSEM|CLONE_SETTLS|CLONE_PARENT_SETTID|CLONE_CHILD_CLEARTID, parent_tidptr=0x70083a5d60, tls=0x70083a6020, child_tidptr=0x70083a5d60) = 17110
17110 1784443831.538973 openat(AT_FDCWD, "/proc/17110/timerslack_ns", O_WRONLY|O_CREAT|O_TRUNC|O_NOFOLLOW|O_CLOEXEC, 0666) = 74
17019 1784443831.544370 recvfrom(40, 0x700c643eb0, 3200, MSG_DONTWAIT, NULL, NULL) = -1 EAGAIN (Try again)
17019 1784443831.547408 recvfrom(40, "nysv\0\0\0\0\0\0\0\0\0\0\0\0\350\10mqi\3\0\0\374i\3\0\0\0\0\0", 3200, MSG_DONTWAIT, NULL, NULL) = 32
17019 1784443831.547427 recvfrom(40, 0x700c643c80, 3200, MSG_DONTWAIT, NULL, NULL) = -1 EAGAIN (Try again)
17019 1784443831.557310 recvfrom(40, 0x700c643eb0, 3200, MSG_DONTWAIT, NULL, NULL) = -1 EAGAIN (Try again)
16998 1784443831.560127 clone(child_stack=0x70082a8d40, flags=CLONE_VM|CLONE_FS|CLONE_FILES|CLONE_SIGHAND|CLONE_THREAD|CLONE_SYSVSEM|CLONE_SETTLS|CLONE_PARENT_SETTID|CLONE_CHILD_CLEARTID, parent_tidptr=0x70082a8d60, tls=0x70082a9020, child_tidptr=0x70082a8d60) = 17111
17019 1784443831.564455 recvfrom(40, "nysv\0\0\0\0\0\0\0\0\0\0\0\0\22Ykri\3\0\0\375i\3\0\0\0\0\0", 3200, MSG_DONTWAIT, NULL, NULL) = 32
17019 1784443831.564470 recvfrom(40, 0x700c643c80, 3200, MSG_DONTWAIT, NULL, NULL) = -1 EAGAIN (Try again)
17019 1784443831.574210 recvfrom(40, 0x700c643eb0, 3200, MSG_DONTWAIT, NULL, NULL) = -1 EAGAIN (Try again)
16998 1784443831.574557 recvfrom(42, "nysv\0\0\0\0\0\0\0\0\0\0\0\0\214mnpi\3\0\0\373i\3\0\0\0\0\0", 3200, MSG_DONTWAIT, NULL, NULL) = 32
16998 1784443831.574815 recvfrom(42, 0x7fed458190, 3200, MSG_DONTWAIT, NULL, NULL) = -1 EAGAIN (Try again)
17019 1784443831.575207 recvfrom(40, 0x700c643eb0, 3200, MSG_DONTWAIT, NULL, NULL) = -1 EAGAIN (Try again)
17019 1784443831.580602 recvfrom(40, "nysv\0\0\0\0\0\0\0\0\0\0\0\0\275\364isi\3\0\0\376i\3\0\0\0\0\0", 3200, MSG_DONTWAIT, NULL, NULL) = 32
17019 1784443831.580615 recvfrom(40, 0x700c643c80, 3200, MSG_DONTWAIT, NULL, NULL) = -1 EAGAIN (Try again)
17053 1784443831.581628 sendmsg(70, {msg_name=NULL, msg_namelen=0, msg_iov=[{iov_base="l\1\1\1\374\0\0\0N\0\0\0\235\0\0\0\1\1o\0;\0\0\0/re/frid"..., iov_len=428}], msg_iovlen=1, msg_controllen=0, msg_flags=0}, MSG_NOSIGNAL) = 428
17019 1784443831.590260 recvfrom(40, 0x700c643eb0, 3200, MSG_DONTWAIT, NULL, NULL) = -1 EAGAIN (Try again)
17053 1784443831.595427 sendmsg(70, {msg_name=NULL, msg_namelen=0, msg_iov=[{iov_base="l\1\1\1\0\1\0\0O\0\0\0\235\0\0\0\1\1o\0;\0\0\0/re/frid"..., iov_len=432}], msg_iovlen=1, msg_controllen=0, msg_flags=0}, MSG_NOSIGNAL) = 432
17019 1784443831.597189 recvfrom(40, "nysv\0\0\0\0\0\0\0\0\0\0\0\0u\220hti\3\0\0\377i\3\0\0\0\0\0", 3200, MSG_DONTWAIT, NULL, NULL) = 32
17019 1784443831.597203 recvfrom(40, 0x700c643c80, 3200, MSG_DONTWAIT, NULL, NULL) = -1 EAGAIN (Try again)
16998 1784443831.598209 recvfrom(44, 0x709cbc6c20, 2272, MSG_DONTWAIT, NULL, NULL) = -1 EAGAIN (Try again)
16998 1784443831.598629 recvfrom(42, 0x7fed4580f0, 3200, MSG_DONTWAIT, NULL, NULL) = -1 EAGAIN (Try again)
17019 1784443831.606643 recvfrom(40, 0x700c643eb0, 3200, MSG_DONTWAIT, NULL, NULL) = -1 EAGAIN (Try again)
17019 1784443831.614907 recvfrom(40, "nysv\0\0\0\0\0\0\0\0\0\0\0\0\v\364fui\3\0\0\0j\3\0\200\0\0\0", 3200, MSG_DONTWAIT, NULL, NULL) = 32
17019 1784443831.614924 recvfrom(40, 0x700c643c80, 3200, MSG_DONTWAIT, NULL, NULL) = -1 EAGAIN (Try again)
16998 1784443831.615051 recvfrom(42, "nysv\0\0\0\0\0\0\0\0\0\0\0\0\v\364fui\3\0\0\0j\3\0\200\0\0\0", 3200, MSG_DONTWAIT, NULL, NULL) = 32
16998 1784443831.615307 recvfrom(42, 0x7fed458190, 3200, MSG_DONTWAIT, NULL, NULL) = -1 EAGAIN (Try again)
16998 1784443831.615826 recvfrom(79, 0x6faf7cc820, 2272, MSG_DONTWAIT, NULL, NULL) = -1 EAGAIN (Try again)
16998 1784443831.615971 recvfrom(42, 0x7fed457580, 3200, MSG_DONTWAIT, NULL, NULL) = -1 EAGAIN (Try again)
17019 1784443831.624713 recvfrom(40, 0x700c643eb0, 3200, MSG_DONTWAIT, NULL, NULL) = -1 EAGAIN (Try again)
17019 1784443831.624731 recvfrom(40, 0x700c643eb0, 3200, MSG_DONTWAIT, NULL, NULL) = -1 EAGAIN (Try again)
17019 1784443831.631531 recvfrom(40, "nysv\0\0\0\0\0\0\0\0\0\0\0\0\"\210evi\3\0\0\1j\3\0\0\0\0\0", 3200, MSG_DONTWAIT, NULL, NULL) = 32
17019 1784443831.631551 recvfrom(40, 0x700c643c80, 3200, MSG_DONTWAIT, NULL, NULL) = -1 EAGAIN (Try again)
17019 1784443831.644536 recvfrom(40, 0x700c643eb0, 3200, MSG_DONTWAIT, NULL, NULL) = -1 EAGAIN (Try again)
17019 1784443831.644758 recvfrom(40, 0x700c643eb0, 3200, MSG_DONTWAIT, NULL, NULL) = -1 EAGAIN (Try again)
16998 1784443831.645270 recvfrom(42, "nysv\0\0\0\0\0\0\0\0\0\0\0\0\"\210evi\3\0\0\1j\3\0\0\0\0\0", 3200, MSG_DONTWAIT, NULL, NULL) = 32
16998 1784443831.645418 recvfrom(42, 0x7fed458190, 3200, MSG_DONTWAIT, NULL, NULL) = -1 EAGAIN (Try again)
16998 1784443831.646125 recvfrom(44, 0x709cbc6c20, 2272, MSG_DONTWAIT, NULL, NULL) = -1 EAGAIN (Try again)
16998 1784443831.646310 recvfrom(42, 0x7fed457580, 3200, MSG_DONTWAIT, NULL, NULL) = -1 EAGAIN (Try again)
17019 1784443831.646779 recvfrom(40, 0x700c643eb0, 3200, MSG_DONTWAIT, NULL, NULL) = -1 EAGAIN (Try again)
17019 1784443831.648454 recvfrom(40, "nysv\0\0\0\0\0\0\0\0\0\0\0\0\5 dwi\3\0\0\2j\3\0\0\0\0\0", 3200, MSG_DONTWAIT, NULL, NULL) = 32
17019 1784443831.648480 recvfrom(40, 0x700c643eb0, 3200, MSG_DONTWAIT, NULL, NULL) = -1 EAGAIN (Try again)
16998 1784443831.657334 recvfrom(42,  <unfinished ...>
17019 1784443831.657479 recvfrom(40, 0x700c643eb0, 3200, MSG_DONTWAIT, NULL, NULL) = -1 EAGAIN (Try again)
16998 1784443831.657488 <... recvfrom resumed> "nysv\0\0\0\0\0\0\0\0\0\0\0\0\5 dwi\3\0\0\2j\3\0\0\0\0\0", 3200, MSG_DONTWAIT, NULL, NULL) = 32
16998 1784443831.657644 recvfrom(42, 0x7fed458190, 3200, MSG_DONTWAIT, NULL, NULL) = -1 EAGAIN (Try again)
16998 1784443831.659283 recvfrom(44, 0x709cbc6c20, 2272, MSG_DONTWAIT, NULL, NULL) = -1 EAGAIN (Try again)
16998 1784443831.659454 recvfrom(79, 0x6faf7cc820, 2272, MSG_DONTWAIT, NULL, NULL) = -1 EAGAIN (Try again)
16998 1784443831.659606 recvfrom(42, 0x7fed457580, 3200, MSG_DONTWAIT, NULL, NULL) = -1 EAGAIN (Try again)
17019 1784443831.659963 recvfrom(40, 0x700c643eb0, 3200, MSG_DONTWAIT, NULL, NULL) = -1 EAGAIN (Try again)
17019 1784443831.660937 recvfrom(40, 0x700c643eb0, 3200, MSG_DONTWAIT, NULL, NULL) = -1 EAGAIN (Try again)
17019 1784443831.664830 recvfrom(40, "nysv\0\0\0\0\0\0\0\0\0\0\0\0\377\222bxi\3\0\0\3j\3\0\0\0\0\0", 3200, MSG_DONTWAIT, NULL, NULL) = 32
17019 1784443831.664847 recvfrom(40, 0x700c643c80, 3200, MSG_DONTWAIT, NULL, NULL) = -1 EAGAIN (Try again)
16998 1784443831.665059 recvfrom(42, "nysv\0\0\0\0\0\0\0\0\0\0\0\0\377\222bxi\3\0\0\3j\3\0\0\0\0\0", 3200, MSG_DONTWAIT, NULL, NULL) = 32
16998 1784443831.665450 recvfrom(42, 0x7fed458190, 3200, MSG_DONTWAIT, NULL, NULL) = -1 EAGAIN (Try again)
16998 1784443831.665818 recvfrom(44, 0x709cbc6c20, 2272, MSG_DONTWAIT, NULL, NULL) = -1 EAGAIN (Try again)
16998 1784443831.674677 recvfrom(42, 0x7fed457580, 3200, MSG_DONTWAIT, NULL, NULL) = -1 EAGAIN (Try again)
17019 1784443831.674986 recvfrom(40, 0x700c643eb0, 3200, MSG_DONTWAIT, NULL, NULL) = -1 EAGAIN (Try again)
17019 1784443831.675307 recvfrom(40, 0x700c643eb0, 3200, MSG_DONTWAIT, NULL, NULL) = -1 EAGAIN (Try again)
17019 1784443831.675947 recvfrom(40, 0x700c643eb0, 3200, MSG_DONTWAIT, NULL, NULL) = -1 EAGAIN (Try again)
17019 1784443831.682165 recvfrom(40, "nysv\0\0\0\0\0\0\0\0\0\0\0\0\\\332`yi\3\0\0\4j\3\0\0\0\0\0", 3200, MSG_DONTWAIT, NULL, NULL) = 32
17019 1784443831.682232 recvfrom(40, 0x700c643c80, 3200, MSG_DONTWAIT, NULL, NULL) = -1 EAGAIN (Try again)
16998 1784443831.682634 recvfrom(42, "nysv\0\0\0\0\0\0\0\0\0\0\0\0\\\332`yi\3\0\0\4j\3\0\0\0\0\0", 3200, MSG_DONTWAIT, NULL, NULL) = 32
16998 1784443831.682961 recvfrom(42, 0x7fed458190, 3200, MSG_DONTWAIT, NULL, NULL) = -1 EAGAIN (Try again)
16998 1784443831.685420 recvfrom(44, 0x709cbc6c20, 2272, MSG_DONTWAIT, NULL, NULL) = -1 EAGAIN (Try again)
16998 1784443831.692764 recvfrom(42, 0x7fed457580, 3200, MSG_DONTWAIT, NULL, NULL) = -1 EAGAIN (Try again)
17019 1784443831.693089 recvfrom(40, 0x700c643eb0, 3200, MSG_DONTWAIT, NULL, NULL) = -1 EAGAIN (Try again)
17019 1784443831.693426 recvfrom(40, 0x700c643eb0, 3200, MSG_DONTWAIT, NULL, NULL) = -1 EAGAIN (Try again)
17019 1784443831.694066 recvfrom(40, 0x700c643eb0, 3200, MSG_DONTWAIT, NULL, NULL) = -1 EAGAIN (Try again)
17019 1784443831.697589 recvfrom(40, "nysv\0\0\0\0\0\0\0\0\0\0\0\0\0163_zi\3\0\0\5j\3\0\0\0\0\0", 3200, MSG_DONTWAIT, NULL, NULL) = 32
17019 1784443831.697606 recvfrom(40, 0x700c643c80, 3200, MSG_DONTWAIT, NULL, NULL) = -1 EAGAIN (Try again)
16998 1784443831.697943 recvfrom(42, "nysv\0\0\0\0\0\0\0\0\0\0\0\0\0163_zi\3\0\0\5j\3\0\0\0\0\0", 3200, MSG_DONTWAIT, NULL, NULL) = 32
16998 1784443831.698455 recvfrom(42, 0x7fed458190, 3200, MSG_DONTWAIT, NULL, NULL) = -1 EAGAIN (Try again)
16998 1784443831.699201 recvfrom(44, 0x709cbc6c20, 2272, MSG_DONTWAIT, NULL, NULL) = -1 EAGAIN (Try again)
16998 1784443831.701394 recvfrom(42, 0x7fed4574f0, 3200, MSG_DONTWAIT, NULL, NULL) = -1 EAGAIN (Try again)
17019 1784443831.707893 recvfrom(40, 0x700c643eb0, 3200, MSG_DONTWAIT, NULL, NULL) = -1 EAGAIN (Try again)
17019 1784443831.708067 recvfrom(40, 0x700c643eb0, 3200, MSG_DONTWAIT, NULL, NULL) = -1 EAGAIN (Try again)
17019 1784443831.708687 recvfrom(40, 0x700c643eb0, 3200, MSG_DONTWAIT, NULL, NULL) = -1 EAGAIN (Try again)
17019 1784443831.716115 recvfrom(40, "nysv\0\0\0\0\0\0\0\0\0\0\0\0\221T]{i\3\0\0\6j\3\0\0\0\0\0", 3200, MSG_DONTWAIT, NULL, NULL) = 32
17019 1784443831.716133 recvfrom(40, 0x700c643c80, 3200, MSG_DONTWAIT, NULL, NULL) = -1 EAGAIN (Try again)
16998 1784443831.716360 recvfrom(42, "nysv\0\0\0\0\0\0\0\0\0\0\0\0\221T]{i\3\0\0\6j\3\0\0\0\0\0", 3200, MSG_DONTWAIT, NULL, NULL) = 32
16998 1784443831.716941 recvfrom(42, 0x7fed458190, 3200, MSG_DONTWAIT, NULL, NULL) = -1 EAGAIN (Try again)
16998 1784443831.726396 recvfrom(44, 0x709cbc6c20, 2272, MSG_DONTWAIT, NULL, NULL) = -1 EAGAIN (Try again)
17019 1784443831.726668 recvfrom(40, 0x700c643eb0, 3200, MSG_DONTWAIT, NULL, NULL) = -1 EAGAIN (Try again)
16998 1784443831.726677 recvfrom(42, 0x7fed4580f0, 3200, MSG_DONTWAIT, NULL, NULL) = -1 EAGAIN (Try again)
17019 1784443831.731352 recvfrom(40, "nysv\0\0\0\0\0\0\0\0\0\0\0\0B\323[|i\3\0\0\7j\3\0\0\0\0\0", 3200, MSG_DONTWAIT, NULL, NULL) = 32
17019 1784443831.731367 recvfrom(40, 0x700c643c80, 3200, MSG_DONTWAIT, NULL, NULL) = -1 EAGAIN (Try again)
16998 1784443831.731467 recvfrom(42, "nysv\0\0\0\0\0\0\0\0\0\0\0\0B\323[|i\3\0\0\7j\3\0\0\0\0\0", 3200, MSG_DONTWAIT, NULL, NULL) = 32
16998 1784443831.731743 recvfrom(42, 0x7fed458190, 3200, MSG_DONTWAIT, NULL, NULL) = -1 EAGAIN (Try again)
16998 1784443831.735207 recvfrom(42, 0x7fed4580f0, 3200, MSG_DONTWAIT, NULL, NULL) = -1 EAGAIN (Try again)
17019 1784443831.741604 recvfrom(40, 0x700c643eb0, 3200, MSG_DONTWAIT, NULL, NULL) = -1 EAGAIN (Try again)
17019 1784443831.750599 recvfrom(40, "nysv\0\0\0\0\0\0\0\0\0\0\0\0\240\265Y}i\3\0\0\10j\3\0\0\0\0\0", 3200, MSG_DONTWAIT, NULL, NULL) = 32
17019 1784443831.750617 recvfrom(40, 0x700c643c80, 3200, MSG_DONTWAIT, NULL, NULL) = -1 EAGAIN (Try again)
16998 1784443831.753256 recvfrom(42, "nysv\0\0\0\0\0\0\0\0\0\0\0\0\240\265Y}i\3\0\0\10j\3\0\0\0\0\0", 3200, MSG_DONTWAIT, NULL, NULL) = 32
16998 1784443831.759597 recvfrom(42,  <unfinished ...>
17019 1784443831.759746 recvfrom(40, 0x700c643eb0, 3200, MSG_DONTWAIT, NULL, NULL) = -1 EAGAIN (Try again)
16998 1784443831.759757 <... recvfrom resumed> 0x7fed458190, 3200, MSG_DONTWAIT, NULL, NULL) = -1 EAGAIN (Try again)
16998 1784443831.759986 recvfrom(42, 0x7fed4580f0, 3200, MSG_DONTWAIT, NULL, NULL) = -1 EAGAIN (Try again)
17019 1784443831.764940 recvfrom(40, "nysv\0\0\0\0\0\0\0\0\0\0\0\0c\37X~i\3\0\0\tj\3\0\0\0\0\0", 3200, MSG_DONTWAIT, NULL, NULL) = 32
17019 1784443831.764953 recvfrom(40, 0x700c643c80, 3200, MSG_DONTWAIT, NULL, NULL) = -1 EAGAIN (Try again)
16998 1784443831.765240 recvfrom(42, "nysv\0\0\0\0\0\0\0\0\0\0\0\0c\37X~i\3\0\0\tj\3\0\0\0\0\0", 3200, MSG_DONTWAIT, NULL, NULL) = 32
16998 1784443831.765679 recvfrom(42, 0x7fed458190, 3200, MSG_DONTWAIT, NULL, NULL) = -1 EAGAIN (Try again)
17019 1784443831.775121 recvfrom(40, 0x700c643eb0, 3200, MSG_DONTWAIT, NULL, NULL) = -1 EAGAIN (Try again)
16998 1784443831.775135 recvfrom(42, 0x7fed4580f0, 3200, MSG_DONTWAIT, NULL, NULL) = -1 EAGAIN (Try again)
17019 1784443831.781965 recvfrom(40, "nysv\0\0\0\0\0\0\0\0\0\0\0\0\256|V\177i\3\0\0\nj\3\0\0\0\0\0", 3200, MSG_DONTWAIT, NULL, NULL) = 32
17019 1784443831.781982 recvfrom(40, 0x700c643c80, 3200, MSG_DONTWAIT, NULL, NULL) = -1 EAGAIN (Try again)
16998 1784443831.782376 recvfrom(42, "nysv\0\0\0\0\0\0\0\0\0\0\0\0\256|V\177i\3\0\0\nj\3\0\0\0\0\0", 3200, MSG_DONTWAIT, NULL, NULL) = 32
16998 1784443831.782753 recvfrom(42, 0x7fed458190, 3200, MSG_DONTWAIT, NULL, NULL) = -1 EAGAIN (Try again)
17019 1784443831.791379 recvfrom(40, 0x700c643eb0, 3200, MSG_DONTWAIT, NULL, NULL) = -1 EAGAIN (Try again)
16998 1784443831.791397 recvfrom(42, 0x7fed4580f0, 3200, MSG_DONTWAIT, NULL, NULL) = -1 EAGAIN (Try again)
17019 1784443831.798785 recvfrom(40, "nysv\0\0\0\0\0\0\0\0\0\0\0\0\227\314T\200i\3\0\0\vj\3\0\0\0\0\0", 3200, MSG_DONTWAIT, NULL, NULL) = 32
17019 1784443831.798803 recvfrom(40, 0x700c643c80, 3200, MSG_DONTWAIT, NULL, NULL) = -1 EAGAIN (Try again)
16998 1784443831.799126 recvfrom(42, "nysv\0\0\0\0\0\0\0\0\0\0\0\0\227\314T\200i\3\0\0\vj\3\0\0\0\0\0", 3200, MSG_DONTWAIT, NULL, NULL) = 32
16998 1784443831.799397 recvfrom(42, 0x7fed458190, 3200, MSG_DONTWAIT, NULL, NULL) = -1 EAGAIN (Try again)
16998 1784443831.801344 recvfrom(42, 0x7fed4580f0, 3200, MSG_DONTWAIT, NULL, NULL) = -1 EAGAIN (Try again)
17019 1784443831.809420 recvfrom(40, 0x700c643eb0, 3200, MSG_DONTWAIT, NULL, NULL) = -1 EAGAIN (Try again)
17019 1784443831.815226 recvfrom(40, "nysv\0\0\0\0\0\0\0\0\0\0\0\0\10#S\201i\3\0\0\fj\3\0\0\0\0\0", 3200, MSG_DONTWAIT, NULL, NULL) = 32
17019 1784443831.815243 recvfrom(40, 0x700c643c80, 3200, MSG_DONTWAIT, NULL, NULL) = -1 EAGAIN (Try again)
16998 1784443831.815857 recvfrom(42, "nysv\0\0\0\0\0\0\0\0\0\0\0\0\10#S\201i\3\0\0\fj\3\0\0\0\0\0", 3200, MSG_DONTWAIT, NULL, NULL) = 32
16998 1784443831.817971 recvfrom(42, 0x7fed458190, 3200, MSG_DONTWAIT, NULL, NULL) = -1 EAGAIN (Try again)
17019 1784443831.825289 recvfrom(40, 0x700c643eb0, 3200, MSG_DONTWAIT, NULL, NULL) = -1 EAGAIN (Try again)
16998 1784443831.825301 recvfrom(42, 0x7fed4580f0, 3200, MSG_DONTWAIT, NULL, NULL) = -1 EAGAIN (Try again)
17019 1784443831.831832 recvfrom(40, "nysv\0\0\0\0\0\0\0\0\0\0\0\0\364vQ\202i\3\0\0\rj\3\0\0\0\0\0", 3200, MSG_DONTWAIT, NULL, NULL) = 32
17019 1784443831.831849 recvfrom(40, 0x700c643c80, 3200, MSG_DONTWAIT, NULL, NULL) = -1 EAGAIN (Try again)
16998 1784443831.832449 recvfrom(42, "nysv\0\0\0\0\0\0\0\0\0\0\0\0\364vQ\202i\3\0\0\rj\3\0\0\0\0\0", 3200, MSG_DONTWAIT, NULL, NULL) = 32
16998 1784443831.832879 recvfrom(42, 0x7fed458190, 3200, MSG_DONTWAIT, NULL, NULL) = -1 EAGAIN (Try again)
16998 1784443831.833824 recvfrom(42, 0x7fed4580f0, 3200, MSG_DONTWAIT, NULL, NULL) = -1 EAGAIN (Try again)
17019 1784443831.842427 recvfrom(40, 0x700c643eb0, 3200, MSG_DONTWAIT, NULL, NULL) = -1 EAGAIN (Try again)
17019 1784443831.847867 recvfrom(40, "nysv\0\0\0\0\0\0\0\0\0\0\0\0\342\fP\203i\3\0\0\16j\3\0\0\0\0\0", 3200, MSG_DONTWAIT, NULL, NULL) = 32
17019 1784443831.847884 recvfrom(40, 0x700c643c80, 3200, MSG_DONTWAIT, NULL, NULL) = -1 EAGAIN (Try again)
16998 1784443831.848179 recvfrom(42, "nysv\0\0\0\0\0\0\0\0\0\0\0\0\342\fP\203i\3\0\0\16j\3\0\0\0\0\0", 3200, MSG_DONTWAIT, NULL, NULL) = 32
16998 1784443831.848464 recvfrom(42, 0x7fed458190, 3200, MSG_DONTWAIT, NULL, NULL) = -1 EAGAIN (Try again)
17019 1784443831.864520 recvfrom(40, "nysv\0\0\0\0\0\0\0\0\0\0\0\0/\206N\204i\3\0\0\17j\3\0\0\0\0\0", 3200, MSG_DONTWAIT, NULL, NULL) = 32
17019 1784443831.864702 recvfrom(40, 0x700c643c80, 3200, MSG_DONTWAIT, NULL, NULL) = -1 EAGAIN (Try again)
16998 1784443832.269235 recvfrom(42, 0x7fed457e60, 3200, MSG_DONTWAIT, NULL, NULL) = -1 EAGAIN (Try again)
16998 1784443832.283283 recvfrom(42, "nysv\0\0\0\0\0\0\0\0\0\0\0\0\343\317#\235i\3\0\0(j\3\0\0\0\0\0", 3200, MSG_DONTWAIT, NULL, NULL) = 32
16998 1784443832.283948 recvfrom(42, 0x7fed458190, 3200, MSG_DONTWAIT, NULL, NULL) = -1 EAGAIN (Try again)
16998 1784443832.284891 recvfrom(44, 0x709cbc6c20, 2272, MSG_DONTWAIT, NULL, NULL) = -1 EAGAIN (Try again)
16998 1784443832.285988 recvfrom(42, 0x7fed456d00, 3200, MSG_DONTWAIT, NULL, NULL) = -1 EAGAIN (Try again)
16998 1784443832.298110 recvfrom(42, "nysv\0\0\0\0\0\0\0\0\0\0\0\0Vh\"\236i\3\0\0)j\3\0\0\0\0\0", 3200, MSG_DONTWAIT, NULL, NULL) = 32
16998 1784443832.298462 recvfrom(42, 0x7fed458190, 3200, MSG_DONTWAIT, NULL, NULL) = -1 EAGAIN (Try again)
16998 1784443832.302422 recvfrom(44, 0x709cbc6c20, 2272, MSG_DONTWAIT, NULL, NULL) = -1 EAGAIN (Try again)
16998 1784443832.303313 recvfrom(42, 0x7fed456d00, 3200, MSG_DONTWAIT, NULL, NULL) = -1 EAGAIN (Try again)
16998 1784443832.314358 recvfrom(42, "nysv\0\0\0\0\0\0\0\0\0\0\0\0\322\0!\237i\3\0\0*j\3\0\0\0\0\0", 3200, MSG_DONTWAIT, NULL, NULL) = 32
16998 1784443832.314984 recvfrom(42, 0x7fed458190, 3200, MSG_DONTWAIT, NULL, NULL) = -1 EAGAIN (Try again)
16998 1784443832.315422 recvfrom(44, 0x709cbc6c20, 2272, MSG_DONTWAIT, NULL, NULL) = -1 EAGAIN (Try again)
16998 1784443832.319760 recvfrom(42, 0x7fed456d00, 3200, MSG_DONTWAIT, NULL, NULL) = -1 EAGAIN (Try again)
16998 1784443832.330803 recvfrom(42, "nysv\0\0\0\0\0\0\0\0\0\0\0\0\335\226\37\240i\3\0\0+j\3\0\0\0\0\0", 3200, MSG_DONTWAIT, NULL, NULL) = 32
16998 1784443832.331115 recvfrom(42, 0x7fed458190, 3200, MSG_DONTWAIT, NULL, NULL) = -1 EAGAIN (Try again)
16998 1784443832.331649 recvfrom(44, 0x709cbc6c20, 2272, MSG_DONTWAIT, NULL, NULL) = -1 EAGAIN (Try again)
16998 1784443832.335408 recvfrom(42, 0x7fed456d00, 3200, MSG_DONTWAIT, NULL, NULL) = -1 EAGAIN (Try again)
16998 1784443832.347598 recvfrom(42, "nysv\0\0\0\0\0\0\0\0\0\0\0\0\337e\36\241i\3\0\0,j\3\0\0\0\0\0", 3200, MSG_DONTWAIT, NULL, NULL) = 32
16998 1784443832.348072 recvfrom(42, 0x7fed458190, 3200, MSG_DONTWAIT, NULL, NULL) = -1 EAGAIN (Try again)
16998 1784443832.348345 recvfrom(44, 0x709cbc6c20, 2272, MSG_DONTWAIT, NULL, NULL) = -1 EAGAIN (Try again)
16998 1784443832.350429 recvfrom(42, 0x7fed456d00, 3200, MSG_DONTWAIT, NULL, NULL) = -1 EAGAIN (Try again)
16998 1784443832.365292 recvfrom(42, "nysv\0\0\0\0\0\0\0\0\0\0\0\0|\325\34\242i\3\0\0-j\3\0\0\0\0\0", 3200, MSG_DONTWAIT, NULL, NULL) = 32
16998 1784443832.365453 recvfrom(42, 0x7fed458190, 3200, MSG_DONTWAIT, NULL, NULL) = -1 EAGAIN (Try again)
16998 1784443832.368115 recvfrom(44, 0x709cbc6c20, 2272, MSG_DONTWAIT, NULL, NULL) = -1 EAGAIN (Try again)
16998 1784443832.369008 recvfrom(42, 0x7fed456d00, 3200, MSG_DONTWAIT, NULL, NULL) = -1 EAGAIN (Try again)
16998 1784443832.382511 recvfrom(42, "nysv\0\0\0\0\0\0\0\0\0\0\0\0$\n\33\243i\3\0\0.j\3\0\0\0\0\0", 3200, MSG_DONTWAIT, NULL, NULL) = 32
16998 1784443832.382925 recvfrom(42, 0x7fed458190, 3200, MSG_DONTWAIT, NULL, NULL) = -1 EAGAIN (Try again)
16998 1784443832.383189 recvfrom(44, 0x709cbc6c20, 2272, MSG_DONTWAIT, NULL, NULL) = -1 EAGAIN (Try again)
16998 1784443832.386954 recvfrom(42, 0x7fed456d00, 3200, MSG_DONTWAIT, NULL, NULL) = -1 EAGAIN (Try again)
16998 1784443832.397561 recvfrom(42, "nysv\0\0\0\0\0\0\0\0\0\0\0\0\337\234\31\244i\3\0\0/j\3\0\0\0\0\0", 3200, MSG_DONTWAIT, NULL, NULL) = 32
16998 1784443832.397834 recvfrom(42, 0x7fed458190, 3200, MSG_DONTWAIT, NULL, NULL) = -1 EAGAIN (Try again)
16998 1784443832.398561 recvfrom(44, 0x709cbc6c20, 2272, MSG_DONTWAIT, NULL, NULL) = -1 EAGAIN (Try again)
16998 1784443832.401469 recvfrom(42, 0x7fed456d00, 3200, MSG_DONTWAIT, NULL, NULL) = -1 EAGAIN (Try again)
16998 1784443832.414449 recvfrom(42, "nysv\0\0\0\0\0\0\0\0\0\0\0\0\236.\30\245i\3\0\0000j\3\0\0\0\0\0", 3200, MSG_DONTWAIT, NULL, NULL) = 32
16998 1784443832.415099 recvfrom(42, 0x7fed458190, 3200, MSG_DONTWAIT, NULL, NULL) = -1 EAGAIN (Try again)
16998 1784443832.416860 recvfrom(44, 0x709cbc6c20, 2272, MSG_DONTWAIT, NULL, NULL) = -1 EAGAIN (Try again)
16998 1784443832.417408 recvfrom(42, 0x7fed456d00, 3200, MSG_DONTWAIT, NULL, NULL) = -1 EAGAIN (Try again)
16998 1784443832.431205 recvfrom(42, "nysv\0\0\0\0\0\0\0\0\0\0\0\0\304\254\26\246i\3\0\0001j\3\0\0\0\0\0", 3200, MSG_DONTWAIT, NULL, NULL) = 32
16998 1784443832.431703 recvfrom(42, 0x7fed458190, 3200, MSG_DONTWAIT, NULL, NULL) = -1 EAGAIN (Try again)
16998 1784443832.432094 recvfrom(44, 0x709cbc6c20, 2272, MSG_DONTWAIT, NULL, NULL) = -1 EAGAIN (Try again)
16998 1784443832.434230 recvfrom(42, 0x7fed456d00, 3200, MSG_DONTWAIT, NULL, NULL) = -1 EAGAIN (Try again)
16998 1784443832.448455 recvfrom(42, "nysv\0\0\0\0\0\0\0\0\0\0\0\0Q\36\25\247i\3\0\0002j\3\0\0\0\0\0", 3200, MSG_DONTWAIT, NULL, NULL) = 32
16998 1784443832.448930 recvfrom(42, 0x7fed458190, 3200, MSG_DONTWAIT, NULL, NULL) = -1 EAGAIN (Try again)
16998 1784443832.449259 recvfrom(44, 0x709cbc6c20, 2272, MSG_DONTWAIT, NULL, NULL) = -1 EAGAIN (Try again)
16998 1784443832.451167 recvfrom(42, 0x7fed456d00, 3200, MSG_DONTWAIT, NULL, NULL) = -1 EAGAIN (Try again)
16998 1784443832.465079 recvfrom(42, "nysv\0\0\0\0\0\0\0\0\0\0\0\0\306~\23\250i\3\0\0003j\3\0\0\0\0\0", 3200, MSG_DONTWAIT, NULL, NULL) = 32
16998 1784443832.465450 recvfrom(42, 0x7fed458190, 3200, MSG_DONTWAIT, NULL, NULL) = -1 EAGAIN (Try again)
16998 1784443832.465803 recvfrom(44, 0x709cbc6c20, 2272, MSG_DONTWAIT, NULL, NULL) = -1 EAGAIN (Try again)
16998 1784443832.467630 recvfrom(42, 0x7fed456d00, 3200, MSG_DONTWAIT, NULL, NULL) = -1 EAGAIN (Try again)
16998 1784443832.481899 recvfrom(42, "nysv\0\0\0\0\0\0\0\0\0\0\0\0\36\334\21\251i\3\0\0004j\3\0\0\0\0\0", 3200, MSG_DONTWAIT, NULL, NULL) = 32
16998 1784443832.482286 recvfrom(42, 0x7fed458190, 3200, MSG_DONTWAIT, NULL, NULL) = -1 EAGAIN (Try again)
16998 1784443832.482573 recvfrom(44, 0x709cbc6c20, 2272, MSG_DONTWAIT, NULL, NULL) = -1 EAGAIN (Try again)
16998 1784443832.484604 recvfrom(42, 0x7fed456d00, 3200, MSG_DONTWAIT, NULL, NULL) = -1 EAGAIN (Try again)
16998 1784443832.498250 recvfrom(42, "nysv\0\0\0\0\0\0\0\0\0\0\0\0\316L\20\252i\3\0\0005j\3\0\0\0\0\0", 3200, MSG_DONTWAIT, NULL, NULL) = 32
16998 1784443832.498608 recvfrom(42, 0x7fed458190, 3200, MSG_DONTWAIT, NULL, NULL) = -1 EAGAIN (Try again)
16998 1784443832.498958 recvfrom(44, 0x709cbc6c20, 2272, MSG_DONTWAIT, NULL, NULL) = -1 EAGAIN (Try again)
16998 1784443832.500831 recvfrom(42, 0x7fed456d00, 3200, MSG_DONTWAIT, NULL, NULL) = -1 EAGAIN (Try again)
16998 1784443832.514457 recvfrom(42, "nysv\0\0\0\0\0\0\0\0\0\0\0\0\260\324\16\253i\3\0\0006j\3\0\0\0\0\0", 3200, MSG_DONTWAIT, NULL, NULL) = 32
16998 1784443832.514815 recvfrom(42, 0x7fed458190, 3200, MSG_DONTWAIT, NULL, NULL) = -1 EAGAIN (Try again)
16998 1784443832.515175 recvfrom(44, 0x709cbc6c20, 2272, MSG_DONTWAIT, NULL, NULL) = -1 EAGAIN (Try again)
16998 1784443832.515528 recvfrom(42, 0x7fed456d00, 3200, MSG_DONTWAIT, NULL, NULL) = -1 EAGAIN (Try again)
16998 1784443832.531371 recvfrom(42, "nysv\0\0\0\0\0\0\0\0\0\0\0\0)I\r\254i\3\0\0007j\3\0\0\0\0\0", 3200, MSG_DONTWAIT, NULL, NULL) = 32
16998 1784443832.531844 recvfrom(42, 0x7fed458190, 3200, MSG_DONTWAIT, NULL, NULL) = -1 EAGAIN (Try again)
16998 1784443832.533748 recvfrom(44, 0x709cbc6c20, 2272, MSG_DONTWAIT, NULL, NULL) = -1 EAGAIN (Try again)
16998 1784443832.534099 recvfrom(42, 0x7fed456d00, 3200, MSG_DONTWAIT, NULL, NULL) = -1 EAGAIN (Try again)
16998 1784443832.548001 recvfrom(42, "nysv\0\0\0\0\0\0\0\0\0\0\0\0x\270\v\255i\3\0\08j\3\0\0\0\0\0", 3200, MSG_DONTWAIT, NULL, NULL) = 32
16998 1784443832.548242 recvfrom(42, 0x7fed458190, 3200, MSG_DONTWAIT, NULL, NULL) = -1 EAGAIN (Try again)
16998 1784443832.548894 recvfrom(44, 0x709cbc6c20, 2272, MSG_DONTWAIT, NULL, NULL) = -1 EAGAIN (Try again)
16998 1784443833.561261 recvfrom(42, 0x7fed457cb0, 3200, MSG_DONTWAIT, NULL, NULL) = -1 EAGAIN (Try again)
16998 1784443833.572711 recvfrom(42, "nysv\0\0\0\0\0\0\0\0\0\0\0\0\330\252\240\351i\3\0\0uj\3\0\0\0\0\0", 3200, MSG_DONTWAIT, NULL, NULL) = 32
16998 1784443833.572945 recvfrom(42, 0x7fed458190, 3200, MSG_DONTWAIT, NULL, NULL) = -1 EAGAIN (Try again)
17052 1784443834.288762 exit(0)         = ?
17052 1784443834.290406 +++ exited with 0 +++
17050 1784443834.333628 faccessat(AT_FDCWD, "/proc/self/task/17052", F_OK) = -1 ENOENT (No such file or directory)
16998 1784443859.530810 recvfrom(44, "\2\0\0\0\0\0\0\0\261\21\0\0\0\0\0\0\300\rB\365o\3\0\0\1\0\0\0\2\20\0\0"..., 2272, MSG_DONTWAIT, NULL, NULL) = 232
16998 1784443859.531305 sendto(44, "\3\0\0\0\0\0\0\0\261\21\0\0\1\0\0\0", 16, MSG_DONTWAIT|MSG_NOSIGNAL, NULL, 0) = 16
16998 1784443859.531484 recvfrom(44, "\2\0\0\0\0\0\0\0\263\21\0\0\0\0\0\0\300\rB\365o\3\0\0\1\0\0\0\2\20\0\0"..., 2272, MSG_DONTWAIT, NULL, NULL) = 232
16998 1784443859.531768 recvfrom(42, 0x7fed454ec0, 3200, MSG_DONTWAIT, NULL, NULL) = -1 EAGAIN (Try again)
17053 1784443859.536644 sendmsg(70, {msg_name=NULL, msg_namelen=0, msg_iov=[{iov_base="l\1\1\1\374\0\0\0P\0\0\0\235\0\0\0\1\1o\0;\0\0\0/re/frid"..., iov_len=428}], msg_iovlen=1, msg_controllen=0, msg_flags=0}, MSG_NOSIGNAL) = 428
17053 1784443859.544396 sendmsg(70, {msg_name=NULL, msg_namelen=0, msg_iov=[{iov_base="l\1\1\1\0\1\0\0Q\0\0\0\235\0\0\0\1\1o\0;\0\0\0/re/frid"..., iov_len=432}], msg_iovlen=1, msg_controllen=0, msg_flags=0}, MSG_NOSIGNAL) = 432
16998 1784443859.546454 sendto(44, "\3\0\0\0\0\0\0\0\263\21\0\0\1\0\0\0", 16, MSG_DONTWAIT|MSG_NOSIGNAL, NULL, 0) = 16
16998 1784443859.546872 recvfrom(44, 0x709cbc6c20, 2272, MSG_DONTWAIT, NULL, NULL) = -1 EAGAIN (Try again)
16998 1784443859.548447 recvfrom(42, "nysv\0\0\0\0\0\0\0\0\0\0\0\0\nt[\366o\3\0\0\211p\3\0\0\0\0\0", 3200, MSG_DONTWAIT, NULL, NULL) = 32
16998 1784443859.548685 recvfrom(42, 0x7fed458190, 3200, MSG_DONTWAIT, NULL, NULL) = -1 EAGAIN (Try again)
16998 1784443859.549095 recvfrom(44, 0x709cbc6c20, 2272, MSG_DONTWAIT, NULL, NULL) = -1 EAGAIN (Try again)
16998 1784443859.551831 recvfrom(42, 0x7fed4580f0, 3200, MSG_DONTWAIT, NULL, NULL) = -1 EAGAIN (Try again)
17053 1784443859.557140 sendmsg(70, {msg_name=NULL, msg_namelen=0, msg_iov=[{iov_base="l\1\1\1\354\0\0\0R\0\0\0\235\0\0\0\1\1o\0;\0\0\0/re/frid"..., iov_len=412}], msg_iovlen=1, msg_controllen=0, msg_flags=0}, MSG_NOSIGNAL) = 412
16998 1784443859.559342 clone(child_stack=0x700819fd40, flags=CLONE_VM|CLONE_FS|CLONE_FILES|CLONE_SIGHAND|CLONE_THREAD|CLONE_SYSVSEM|CLONE_SETTLS|CLONE_PARENT_SETTID|CLONE_CHILD_CLEARTID, parent_tidptr=0x700819fd60, tls=0x70081a0020, child_tidptr=0x700819fd60) = 17158
17158 1784443859.560011 openat(AT_FDCWD, "/proc/17158/timerslack_ns", O_WRONLY|O_CREAT|O_TRUNC|O_NOFOLLOW|O_CLOEXEC, 0666) = 78
17019 1784443859.567567 recvfrom(40,  <unfinished ...>
17158 1784443859.567627 exit(0)         = ?
17019 1784443859.567651 <... recvfrom resumed> 0x700c643eb0, 3200, MSG_DONTWAIT, NULL, NULL) = -1 EAGAIN (Try again)
17158 1784443859.567705 +++ exited with 0 +++
17019 1784443859.568506 recvfrom(40, 0x700c643eb0, 3200, MSG_DONTWAIT, NULL, NULL) = -1 EAGAIN (Try again)
16998 1784443859.573003 clone(child_stack=0x700819fd40, flags=CLONE_VM|CLONE_FS|CLONE_FILES|CLONE_SIGHAND|CLONE_THREAD|CLONE_SYSVSEM|CLONE_SETTLS|CLONE_PARENT_SETTID|CLONE_CHILD_CLEARTID, parent_tidptr=0x700819fd60, tls=0x70081a0020, child_tidptr=0x700819fd60) = 17162
17162 1784443859.573466 openat(AT_FDCWD, "/proc/17162/timerslack_ns", O_WRONLY|O_CREAT|O_TRUNC|O_NOFOLLOW|O_CLOEXEC, 0666) = 78
17019 1784443859.580741 recvfrom(40, "nysv\0\0\0\0\0\0\0\0\0\0\0\0\177\233X\370o\3\0\0\213p\3\0\0\0\0\0", 3200, MSG_DONTWAIT, NULL, NULL) = 32
17019 1784443859.581146 recvfrom(40, 0x700c643c80, 3200, MSG_DONTWAIT, NULL, NULL) = -1 EAGAIN (Try again)
17162 1784443859.591321 exit(0)         = ?
17162 1784443859.591339 +++ exited with 0 +++
17019 1784443859.596991 recvfrom(40, 0x700c643eb0, 3200, MSG_DONTWAIT, NULL, NULL) = -1 EAGAIN (Try again)
17019 1784443859.597608 recvfrom(40, "nysv\0\0\0\0\0\0\0\0\0\0\0\0C0W\371o\3\0\0\214p\3\0\0\0\0\0", 3200, MSG_DONTWAIT, NULL, NULL) = 32
17019 1784443859.597851 recvfrom(40, 0x700c643c80, 3200, MSG_DONTWAIT, NULL, NULL) = -1 EAGAIN (Try again)
16998 1784443859.601654 recvfrom(42, "nysv\0\0\0\0\0\0\0\0\0\0\0\0s\3Z\367o\3\0\0\212p\3\0\0\0\0\0", 3200, MSG_DONTWAIT, NULL, NULL) = 32
16998 1784443859.602006 recvfrom(42, 0x7fed458190, 3200, MSG_DONTWAIT, NULL, NULL) = -1 EAGAIN (Try again)
16998 1784443859.603064 recvfrom(44, 0x709cbc6c20, 2272, MSG_DONTWAIT, NULL, NULL) = -1 EAGAIN (Try again)
16998 1784443859.603287 recvfrom(42, 0x7fed4580f0, 3200, MSG_DONTWAIT, NULL, NULL) = -1 EAGAIN (Try again)
17019 1784443859.611790 recvfrom(40, 0x700c643eb0, 3200, MSG_DONTWAIT, NULL, NULL) = -1 EAGAIN (Try again)
17019 1784443859.612893 recvfrom(40, 0x700c643eb0, 3200, MSG_DONTWAIT, NULL, NULL) = -1 EAGAIN (Try again)
16998 1784443859.613680 newfstatat(AT_FDCWD, "/system/framework/framework-res.apk", {st_mode=S_IFREG|0644, st_size=45992421, ...}, 0) = 0
16998 1784443859.613898 newfstatat(AT_FDCWD, "/product/overlay/GoogleConfigOverlay.apk",  <unfinished ...>
17019 1784443859.614105 recvfrom(40,  <unfinished ...>
16998 1784443859.614134 <... newfstatat resumed> {st_mode=S_IFREG|0644, st_size=25070, ...}, 0) = 0
17019 1784443859.614220 <... recvfrom resumed> "nysv\0\0\0\0\0\0\0\0\0\0\0\0C\311U\372o\3\0\0\215p\3\0\0\0\0\0", 3200, MSG_DONTWAIT, NULL, NULL) = 32
17019 1784443859.614426 recvfrom(40, 0x700c643c80, 3200, MSG_DONTWAIT, NULL, NULL) = -1 EAGAIN (Try again)
16998 1784443859.614568 newfstatat(AT_FDCWD, "/product/overlay/GoogleWebViewOverlay.apk", {st_mode=S_IFREG|0644, st_size=16815, ...}, 0) = 0
16998 1784443859.614751 newfstatat(AT_FDCWD, "/product/overlay/PixelConfigOverlayCommon.apk", {st_mode=S_IFREG|0644, st_size=52833, ...}, 0) = 0
16998 1784443859.615141 newfstatat(AT_FDCWD, "/product/overlay/EmulatorConfigOverlay.apk", {st_mode=S_IFREG|0644, st_size=16734, ...}, 0) = 0
16998 1784443859.615712 newfstatat(AT_FDCWD, "/data/app/cityfreqs.com.pilfershushjammer-C4vaGOTZmodSv7qPArzqww==/base.apk", {st_mode=S_IFREG|0644, st_size=3655765, ...}, 0) = 0
16998 1784443859.617158 recvfrom(42, "nysv\0\0\0\0\0\0\0\0\0\0\0\0C\311U\372o\3\0\0\215p\3\0\0\0\0\0", 3200, MSG_DONTWAIT, NULL, NULL) = 32
16998 1784443859.617438 recvfrom(42, 0x7fed458190, 3200, MSG_DONTWAIT, NULL, NULL) = -1 EAGAIN (Try again)
16998 1784443859.621706 faccessat(AT_FDCWD, "/data/user/0/cityfreqs.com.pilfershushjammer/cache", F_OK) = 0
16998 1784443859.623797 clone(child_stack=0x700819fd40, flags=CLONE_VM|CLONE_FS|CLONE_FILES|CLONE_SIGHAND|CLONE_THREAD|CLONE_SYSVSEM|CLONE_SETTLS|CLONE_PARENT_SETTID|CLONE_CHILD_CLEARTID, parent_tidptr=0x700819fd60, tls=0x70081a0020, child_tidptr=0x700819fd60) = 17163
17163 1784443859.627156 openat(AT_FDCWD, "/proc/17163/timerslack_ns", O_WRONLY|O_CREAT|O_TRUNC|O_NOFOLLOW|O_CLOEXEC, 0666) = 78
17019 1784443859.633717 recvfrom(40, "nysv\0\0\0\0\0\0\0\0\0\0\0\0G]T\373o\3\0\0\216p\3\0\0\0\0\0", 3200, MSG_DONTWAIT, NULL, NULL) = 32
17019 1784443859.633954 recvfrom(40, 0x700c643eb0, 3200, MSG_DONTWAIT, NULL, NULL) = -1 EAGAIN (Try again)
16998 1784443859.636822 clone(child_stack=0x70080a2d40, flags=CLONE_VM|CLONE_FS|CLONE_FILES|CLONE_SIGHAND|CLONE_THREAD|CLONE_SYSVSEM|CLONE_SETTLS|CLONE_PARENT_SETTID|CLONE_CHILD_CLEARTID, parent_tidptr=0x70080a2d60, tls=0x70080a3020, child_tidptr=0x70080a2d60) = 17166
17016 1784443859.654488 clone(child_stack=0x7007f99d40, flags=CLONE_VM|CLONE_FS|CLONE_FILES|CLONE_SIGHAND|CLONE_THREAD|CLONE_SYSVSEM|CLONE_SETTLS|CLONE_PARENT_SETTID|CLONE_CHILD_CLEARTID, parent_tidptr=0x7007f99d60, tls=0x7007f9a020, child_tidptr=0x7007f99d60) = 17168
17019 1784443859.655847 recvfrom(40, "nysv\0\0\0\0\0\0\0\0\0\0\0\0^\364R\374o\3\0\0\217p\3\0\0\0\0\0", 3200, MSG_DONTWAIT, NULL, NULL) = 32
17019 1784443859.656122 recvfrom(40, 0x700c643eb0, 3200, MSG_DONTWAIT, NULL, NULL) = -1 EAGAIN (Try again)
17168 1784443859.657190 openat(AT_FDCWD, "/proc/17168/timerslack_ns", O_WRONLY|O_CREAT|O_TRUNC|O_NOFOLLOW|O_CLOEXEC, 0666) = 82
17053 1784443859.661646 sendmsg(70, {msg_name=NULL, msg_namelen=0, msg_iov=[{iov_base="l\1\1\1\334\0\0\0S\0\0\0\235\0\0\0\1\1o\0;\0\0\0/re/frid"..., iov_len=396}], msg_iovlen=1, msg_controllen=0, msg_flags=0}, MSG_NOSIGNAL) = 396
16998 1784443859.668421 openat(AT_FDCWD, "/data/user/0/cityfreqs.com.pilfershushjammer/cache/PilferShushPlacebo.raw", O_RDWR|O_CREAT, 0600) = 82
16998 1784443859.669755 getsockopt(82, SOL_SOCKET, SO_ERROR, 0x7fed4581d4, [4]) = -1 ENOTSOCK (Socket operation on non-socket)
17019 1784443859.675427 recvfrom(40, "nysv\0\0\0\0\0\0\0\0\0\0\0\0$\210Q\375o\3\0\0\220p\3\0\0\0\0\0", 3200, MSG_DONTWAIT, NULL, NULL) = 32
17019 1784443859.675668 recvfrom(40, 0x700c643eb0, 3200, MSG_DONTWAIT, NULL, NULL) = -1 EAGAIN (Try again)
17019 1784443859.692713 recvfrom(40, "nysv\0\0\0\0\0\0\0\0\0\0\0\0\336\30P\376o\3\0\0\221p\3\0\0\0\0\0", 3200, MSG_DONTWAIT, NULL, NULL) = 32
17019 1784443859.692962 recvfrom(40, 0x700c643eb0, 3200, MSG_DONTWAIT, NULL, NULL) = -1 EAGAIN (Try again)
17053 1784443859.693583 sendmsg(70, {msg_name=NULL, msg_namelen=0, msg_iov=[{iov_base="l\1\1\1\10\1\0\0T\0\0\0\235\0\0\0\1\1o\0;\0\0\0/re/frid"..., iov_len=440}], msg_iovlen=1, msg_controllen=0, msg_flags=0}, MSG_NOSIGNAL) = 440
17019 1784443859.709255 recvfrom(40, "nysv\0\0\0\0\0\0\0\0\0\0\0\0]\252N\377o\3\0\0\222p\3\0\0\0\0\0", 3200, MSG_DONTWAIT, NULL, NULL) = 32
17019 1784443859.709557 recvfrom(40, 0x700c643eb0, 3200, MSG_DONTWAIT, NULL, NULL) = -1 EAGAIN (Try again)
17019 1784443859.710502 recvfrom(40, 0x700c643eb0, 3200, MSG_DONTWAIT, NULL, NULL) = -1 EAGAIN (Try again)
17053 1784443859.711449 sendmsg(70, {msg_name=NULL, msg_namelen=0, msg_iov=[{iov_base="l\1\1\1\374\0\0\0U\0\0\0\235\0\0\0\1\1o\0;\0\0\0/re/frid"..., iov_len=428}], msg_iovlen=1, msg_controllen=0, msg_flags=0}, MSG_NOSIGNAL) = 428
17019 1784443859.714467 recvfrom(40, "nysv\0\0\0\0\0\0\0\0\0\0\0\0[:M\0p\3\0\0\223p\3\0\0\0\0\0", 3200, MSG_DONTWAIT, NULL, NULL) = 32
17019 1784443859.714801 recvfrom(40, 0x700c643c80, 3200, MSG_DONTWAIT, NULL, NULL) = -1 EAGAIN (Try again)
17053 1784443859.720851 sendmsg(70, {msg_name=NULL, msg_namelen=0, msg_iov=[{iov_base="l\1\1\1\0\1\0\0V\0\0\0\235\0\0\0\1\1o\0;\0\0\0/re/frid"..., iov_len=432}], msg_iovlen=1, msg_controllen=0, msg_flags=0}, MSG_NOSIGNAL) = 432
16998 1784443859.725978 recvfrom(44, 0x709cbc6c20, 2272, MSG_DONTWAIT, NULL, NULL) = -1 EAGAIN (Try again)
16998 1784443859.726377 recvfrom(42, 0x7fed4580f0, 3200, MSG_DONTWAIT, NULL, NULL) = -1 EAGAIN (Try again)
17019 1784443859.730482 recvfrom(40, 0x700c643eb0, 3200, MSG_DONTWAIT, NULL, NULL) = -1 EAGAIN (Try again)
17019 1784443859.731486 recvfrom(40, "nysv\0\0\0\0\0\0\0\0\0\0\0\0\373\312K\1p\3\0\0\224p\3\0\0\0\0\0", 3200, MSG_DONTWAIT, NULL, NULL) = 32
17019 1784443859.731625 recvfrom(40, 0x700c643c80, 3200, MSG_DONTWAIT, NULL, NULL) = -1 EAGAIN (Try again)
16998 1784443859.736125 recvfrom(42, "nysv\0\0\0\0\0\0\0\0\0\0\0\0\373\312K\1p\3\0\0\224p\3\0\0\0\0\0", 3200, MSG_DONTWAIT, NULL, NULL) = 32
16998 1784443859.736351 recvfrom(42, 0x7fed458190, 3200, MSG_DONTWAIT, NULL, NULL) = -1 EAGAIN (Try again)
17019 1784443859.746391 recvfrom(40, 0x700c643eb0, 3200, MSG_DONTWAIT, NULL, NULL) = -1 EAGAIN (Try again)
17019 1784443859.748347 recvfrom(40, "nysv\0\0\0\0\0\0\0\0\0\0\0\0\22YJ\2p\3\0\0\225p\3\0\0\0\0\0", 3200, MSG_DONTWAIT, NULL, NULL) = 32
17019 1784443859.748655 recvfrom(40, 0x700c643c80, 3200, MSG_DONTWAIT, NULL, NULL) = -1 EAGAIN (Try again)
16998 1784443859.754339 recvfrom(83, 0x6faf7cc820, 2272, MSG_DONTWAIT, NULL, NULL) = -1 EAGAIN (Try again)
16998 1784443859.754561 recvfrom(42, 0x7fed457580, 3200, MSG_DONTWAIT, NULL, NULL) = -1 EAGAIN (Try again)
17019 1784443859.762499 recvfrom(40, 0x700c643eb0, 3200, MSG_DONTWAIT, NULL, NULL) = -1 EAGAIN (Try again)
17019 1784443859.763101 recvfrom(40, 0x700c643eb0, 3200, MSG_DONTWAIT, NULL, NULL) = -1 EAGAIN (Try again)
17019 1784443859.764268 recvfrom(40, "nysv\0\0\0\0\0\0\0\0\0\0\0\0\244\346H\3p\3\0\0\226p\3\0\0\0\0\0", 3200, MSG_DONTWAIT, NULL, NULL) = 32
17019 1784443859.764996 recvfrom(40, 0x700c643c80, 3200, MSG_DONTWAIT, NULL, NULL) = -1 EAGAIN (Try again)
17019 1784443859.778408 recvfrom(40, 0x700c643eb0, 3200, MSG_DONTWAIT, NULL, NULL) = -1 EAGAIN (Try again)
17019 1784443859.787525 recvfrom(40, "nysv\0\0\0\0\0\0\0\0\0\0\0\0tuG\4p\3\0\0\227p\3\0\0\0\0\0", 3200, MSG_DONTWAIT, NULL, NULL) = 32
17019 1784443859.787762 recvfrom(40, 0x700c643c80, 3200, MSG_DONTWAIT, NULL, NULL) = -1 EAGAIN (Try again)
17019 1784443859.824548 recvfrom(40, "nysv\0\0\0\0\0\0\0\0\0\0\0\0\377\5E\6p\3\0\0\231p\3\0\0\0\0\0", 3200, MSG_DONTWAIT, NULL, NULL) = 32
17019 1784443859.824727 recvfrom(40, 0x700c643eb0, 3200, MSG_DONTWAIT, NULL, NULL) = -1 EAGAIN (Try again)
17019 1784443859.837381 recvfrom(40, "nysv\0\0\0\0\0\0\0\0\0\0\0\0\362\214C\7p\3\0\0\232p\3\0\0\0\0\0", 3200, MSG_DONTWAIT, NULL, NULL) = 32
17019 1784443859.837563 recvfrom(40, 0x700c643eb0, 3200, MSG_DONTWAIT, NULL, NULL) = -1 EAGAIN (Try again)
16998 1784443859.839859 recvfrom(42, "nysv\0\0\0\0\0\0\0\0\0\0\0\0\244\346H\3p\3\0\0\226p\3\0\0\0\0\0", 3200, MSG_DONTWAIT, NULL, NULL) = 32
16998 1784443859.840101 recvfrom(42, 0x7fed458190, 3200, MSG_DONTWAIT, NULL, NULL) = -1 EAGAIN (Try again)
17019 1784443859.855892 recvfrom(40, "nysv\0\0\0\0\0\0\0\0\0\0\0\0J\25B\10p\3\0\0\233p\3\0\0\0\0\0", 3200, MSG_DONTWAIT, NULL, NULL) = 32
17019 1784443859.856055 recvfrom(40, 0x700c643eb0, 3200, MSG_DONTWAIT, NULL, NULL) = -1 EAGAIN (Try again)
16998 1784443859.857301 recvfrom(44, 0x709cbc6c20, 2272, MSG_DONTWAIT, NULL, NULL) = -1 EAGAIN (Try again)
16998 1784443859.857645 recvfrom(42, 0x7fed4574f0, 3200, MSG_DONTWAIT, NULL, NULL) = -1 EAGAIN (Try again)
17019 1784443859.872877 recvfrom(40, "nysv\0\0\0\0\0\0\0\0\0\0\0\0\4\234@\tp\3\0\0\234p\3\0\0\0\0\0", 3200, MSG_DONTWAIT, NULL, NULL) = 32
17019 1784443859.873053 recvfrom(40, 0x700c643eb0, 3200, MSG_DONTWAIT, NULL, NULL) = -1 EAGAIN (Try again)
16998 1784443859.875136 recvfrom(42, "nysv\0\0\0\0\0\0\0\0\0\0\0\0\4\234@\tp\3\0\0\234p\3\0\0\0\0\0", 3200, MSG_DONTWAIT, NULL, NULL) = 32
16998 1784443859.875364 recvfrom(42, 0x7fed458190, 3200, MSG_DONTWAIT, NULL, NULL) = -1 EAGAIN (Try again)
16998 1784443859.879589 recvfrom(44, 0x709cbc6c20, 2272, MSG_DONTWAIT, NULL, NULL) = -1 EAGAIN (Try again)
16998 1784443859.879813 recvfrom(83, 0x6faf7cc820, 2272, MSG_DONTWAIT, NULL, NULL) = -1 EAGAIN (Try again)
16998 1784443859.880069 recvfrom(42, 0x7fed4580f0, 3200, MSG_DONTWAIT, NULL, NULL) = -1 EAGAIN (Try again)
17019 1784443859.890674 recvfrom(40, "nysv\0\0\0\0\0\0\0\0\0\0\0\0q\366>\np\3\0\0\235p\3\0\0\0\0\0", 3200, MSG_DONTWAIT, NULL, NULL) = 32
17019 1784443859.890839 recvfrom(40, 0x700c643eb0, 3200, MSG_DONTWAIT, NULL, NULL) = -1 EAGAIN (Try again)
16998 1784443859.905158 recvfrom(42, "nysv\0\0\0\0\0\0\0\0\0\0\0\0Xv=\vp\3\0\0\236p\3\0\0\0\0\0", 3200, MSG_DONTWAIT, NULL, NULL) = 32
16998 1784443859.905660 recvfrom(42, 0x7fed458190, 3200, MSG_DONTWAIT, NULL, NULL) = -1 EAGAIN (Try again)
16998 1784443859.906198 recvfrom(42, 0x7fed4580f0, 3200, MSG_DONTWAIT, NULL, NULL) = -1 EAGAIN (Try again)
17019 1784443859.907832 recvfrom(40, "nysv\0\0\0\0\0\0\0\0\0\0\0\0Xv=\vp\3\0\0\236p\3\0\0\0\0\0", 3200, MSG_DONTWAIT, NULL, NULL) = 32
17019 1784443859.907996 recvfrom(40, 0x700c643eb0, 3200, MSG_DONTWAIT, NULL, NULL) = -1 EAGAIN (Try again)
16998 1784443859.922185 recvfrom(42, "nysv\0\0\0\0\0\0\0\0\0\0\0\0m)<\fp\3\0\0\237p\3\0\0\0\0\0", 3200, MSG_DONTWAIT, NULL, NULL) = 32
16998 1784443859.922505 recvfrom(42, 0x7fed458190, 3200, MSG_DONTWAIT, NULL, NULL) = -1 EAGAIN (Try again)
16998 1784443859.922977 recvfrom(42, 0x7fed4580f0, 3200, MSG_DONTWAIT, NULL, NULL) = -1 EAGAIN (Try again)
17019 1784443859.924418 recvfrom(40, "nysv\0\0\0\0\0\0\0\0\0\0\0\0m)<\fp\3\0\0\237p\3\0\0\0\0\0", 3200, MSG_DONTWAIT, NULL, NULL) = 32
17019 1784443859.924570 recvfrom(40, 0x700c643eb0, 3200, MSG_DONTWAIT, NULL, NULL) = -1 EAGAIN (Try again)
16998 1784443859.937887 recvfrom(42, "nysv\0\0\0\0\0\0\0\0\0\0\0\0\224\256:\rp\3\0\0\240p\3\0\0\0\0\0", 3200, MSG_DONTWAIT, NULL, NULL) = 32
16998 1784443859.938149 recvfrom(42, 0x7fed458190, 3200, MSG_DONTWAIT, NULL, NULL) = -1 EAGAIN (Try again)
17019 1784443859.940063 recvfrom(40, "nysv\0\0\0\0\0\0\0\0\0\0\0\0\224\256:\rp\3\0\0\240p\3\0\0\0\0\0", 3200, MSG_DONTWAIT, NULL, NULL) = 32
17019 1784443859.940215 recvfrom(40, 0x700c643eb0, 3200, MSG_DONTWAIT, NULL, NULL) = -1 EAGAIN (Try again)
17019 1784443859.958103 recvfrom(40, "nysv\0\0\0\0\0\0\0\0\0\0\0\0\270\v9\16p\3\0\0\241p\3\0\0\0\0\0", 3200, MSG_DONTWAIT, NULL, NULL) = 32
17019 1784443859.958268 recvfrom(40, 0x700c643eb0, 3200, MSG_DONTWAIT, NULL, NULL) = -1 EAGAIN (Try again)
17019 1784443859.974540 recvfrom(40, "nysv\0\0\0\0\0\0\0\0\0\0\0\0\347\2147\17p\3\0\0\242p\3\0\0\0\0\0", 3200, MSG_DONTWAIT, NULL, NULL) = 32
17019 1784443859.974749 recvfrom(40, 0x700c643c80, 3200, MSG_DONTWAIT, NULL, NULL) = -1 EAGAIN (Try again)
16998 1784443860.348227 recvfrom(42, 0x7fed457e60, 3200, MSG_DONTWAIT, NULL, NULL) = -1 EAGAIN (Try again)
16998 1784443860.365456 recvfrom(42, "nysv\0\0\0\0\0\0\0\0\0\0\0\0m\357\16'p\3\0\0\272p\3\0\0\0\0\0", 3200, MSG_DONTWAIT, NULL, NULL) = 32
16998 1784443860.365771 recvfrom(42, 0x7fed458190, 3200, MSG_DONTWAIT, NULL, NULL) = -1 EAGAIN (Try again)
16998 1784443860.368215 recvfrom(44, 0x709cbc6c20, 2272, MSG_DONTWAIT, NULL, NULL) = -1 EAGAIN (Try again)
16998 1784443860.368994 recvfrom(42, 0x7fed456d00, 3200, MSG_DONTWAIT, NULL, NULL) = -1 EAGAIN (Try again)
16998 1784443860.381612 recvfrom(42, "nysv\0\0\0\0\0\0\0\0\0\0\0\0Au\r(p\3\0\0\273p\3\0\0\0\0\0", 3200, MSG_DONTWAIT, NULL, NULL) = 32
16998 1784443860.382471 recvfrom(42, 0x7fed458190, 3200, MSG_DONTWAIT, NULL, NULL) = -1 EAGAIN (Try again)
16998 1784443860.383896 recvfrom(44, 0x709cbc6c20, 2272, MSG_DONTWAIT, NULL, NULL) = -1 EAGAIN (Try again)
16998 1784443860.384975 recvfrom(42, 0x7fed456d00, 3200, MSG_DONTWAIT, NULL, NULL) = -1 EAGAIN (Try again)
16998 1784443860.398544 recvfrom(42, "nysv\0\0\0\0\0\0\0\0\0\0\0\0\v\333\v)p\3\0\0\274p\3\0\0\0\0\0", 3200, MSG_DONTWAIT, NULL, NULL) = 32
16998 1784443860.399033 recvfrom(42, 0x7fed458190, 3200, MSG_DONTWAIT, NULL, NULL) = -1 EAGAIN (Try again)
16998 1784443860.401257 recvfrom(44, 0x709cbc6c20, 2272, MSG_DONTWAIT, NULL, NULL) = -1 EAGAIN (Try again)
16998 1784443860.401699 recvfrom(42, 0x7fed456d00, 3200, MSG_DONTWAIT, NULL, NULL) = -1 EAGAIN (Try again)
16998 1784443860.414995 recvfrom(42, "nysv\0\0\0\0\0\0\0\0\0\0\0\0ZX\n*p\3\0\0\275p\3\0\0\0\0\0", 3200, MSG_DONTWAIT, NULL, NULL) = 32
16998 1784443860.415505 recvfrom(42, 0x7fed458190, 3200, MSG_DONTWAIT, NULL, NULL) = -1 EAGAIN (Try again)
16998 1784443860.415984 recvfrom(44, 0x709cbc6c20, 2272, MSG_DONTWAIT, NULL, NULL) = -1 EAGAIN (Try again)
16998 1784443860.418897 recvfrom(42, 0x7fed456d00, 3200, MSG_DONTWAIT, NULL, NULL) = -1 EAGAIN (Try again)
17015 1784443860.428834 clone(child_stack=0x7007df4d40, flags=CLONE_VM|CLONE_FS|CLONE_FILES|CLONE_SIGHAND|CLONE_THREAD|CLONE_SYSVSEM|CLONE_SETTLS|CLONE_PARENT_SETTID|CLONE_CHILD_CLEARTID, parent_tidptr=0x7007df4d60, tls=0x7007df5020, child_tidptr=0x7007df4d60) = 17179
17179 1784443860.429264 openat(AT_FDCWD, "/proc/17179/timerslack_ns", O_WRONLY|O_CREAT|O_TRUNC|O_NOFOLLOW|O_CLOEXEC, 0666) = 85
16998 1784443860.431439 recvfrom(42, "nysv\0\0\0\0\0\0\0\0\0\0\0\0\204\250\10+p\3\0\0\276p\3\0\0\0\0\0", 3200, MSG_DONTWAIT, NULL, NULL) = 32
16998 1784443860.431661 recvfrom(42, 0x7fed458190, 3200, MSG_DONTWAIT, NULL, NULL) = -1 EAGAIN (Try again)
16998 1784443860.434532 recvfrom(44, 0x709cbc6c20, 2272, MSG_DONTWAIT, NULL, NULL) = -1 EAGAIN (Try again)
16998 1784443860.435195 recvfrom(42, 0x7fed456d00, 3200, MSG_DONTWAIT, NULL, NULL) = -1 EAGAIN (Try again)
16998 1784443860.448376 recvfrom(42, "nysv\0\0\0\0\0\0\0\0\0\0\0\0\217\24\7,p\3\0\0\277p\3\0\0\0\0\0", 3200, MSG_DONTWAIT, NULL, NULL) = 32
16998 1784443860.448614 recvfrom(42, 0x7fed458190, 3200, MSG_DONTWAIT, NULL, NULL) = -1 EAGAIN (Try again)
16998 1784443860.450634 recvfrom(44, 0x709cbc6c20, 2272, MSG_DONTWAIT, NULL, NULL) = -1 EAGAIN (Try again)
16998 1784443860.451837 recvfrom(42, 0x7fed456d00, 3200, MSG_DONTWAIT, NULL, NULL) = -1 EAGAIN (Try again)
16998 1784443860.464406 recvfrom(42, "nysv\0\0\0\0\0\0\0\0\0\0\0\0B\225\5-p\3\0\0\300p\3\0\0\0\0\0", 3200, MSG_DONTWAIT, NULL, NULL) = 32
16998 1784443860.465118 recvfrom(42, 0x7fed458190, 3200, MSG_DONTWAIT, NULL, NULL) = -1 EAGAIN (Try again)
16998 1784443860.468581 recvfrom(44, 0x709cbc6c20, 2272, MSG_DONTWAIT, NULL, NULL) = -1 EAGAIN (Try again)
16998 1784443860.469920 recvfrom(42, 0x7fed456d00, 3200, MSG_DONTWAIT, NULL, NULL) = -1 EAGAIN (Try again)
16998 1784443860.481110 recvfrom(42, "nysv\0\0\0\0\0\0\0\0\0\0\0\0l\345\3.p\3\0\0\301p\3\0\0\0\0\0", 3200, MSG_DONTWAIT, NULL, NULL) = 32
16998 1784443860.481483 recvfrom(42, 0x7fed458190, 3200, MSG_DONTWAIT, NULL, NULL) = -1 EAGAIN (Try again)
16998 1784443860.481903 recvfrom(44, 0x709cbc6c20, 2272, MSG_DONTWAIT, NULL, NULL) = -1 EAGAIN (Try again)
16998 1784443860.483850 recvfrom(42, 0x7fed456d00, 3200, MSG_DONTWAIT, NULL, NULL) = -1 EAGAIN (Try again)
16998 1784443860.498171 recvfrom(42, "nysv\0\0\0\0\0\0\0\0\0\0\0\0\2265\2/p\3\0\0\302p\3\0\0\0\0\0", 3200, MSG_DONTWAIT, NULL, NULL) = 32
16998 1784443860.498706 recvfrom(42, 0x7fed458190, 3200, MSG_DONTWAIT, NULL, NULL) = -1 EAGAIN (Try again)
16998 1784443860.501154 recvfrom(44, 0x709cbc6c20, 2272, MSG_DONTWAIT, NULL, NULL) = -1 EAGAIN (Try again)
16998 1784443860.502166 recvfrom(42, 0x7fed456d00, 3200, MSG_DONTWAIT, NULL, NULL) = -1 EAGAIN (Try again)
16998 1784443860.514503 recvfrom(42, "nysv\0\0\0\0\0\0\0\0\0\0\0\0+\260\0000p\3\0\0\303p\3\0\0\0\0\0", 3200, MSG_DONTWAIT, NULL, NULL) = 32
16998 1784443860.514769 recvfrom(42, 0x7fed458190, 3200, MSG_DONTWAIT, NULL, NULL) = -1 EAGAIN (Try again)
16998 1784443860.515311 recvfrom(44, 0x709cbc6c20, 2272, MSG_DONTWAIT, NULL, NULL) = -1 EAGAIN (Try again)
16998 1784443860.516697 recvfrom(42, 0x7fed456d00, 3200, MSG_DONTWAIT, NULL, NULL) = -1 EAGAIN (Try again)
16998 1784443860.531812 recvfrom(42, "nysv\0\0\0\0\0\0\0\0\0\0\0\0\330\n\3770p\3\0\0\304p\3\0\0\0\0\0", 3200, MSG_DONTWAIT, NULL, NULL) = 32
16998 1784443860.532265 recvfrom(42, 0x7fed458190, 3200, MSG_DONTWAIT, NULL, NULL) = -1 EAGAIN (Try again)
16998 1784443860.532539 recvfrom(44, 0x709cbc6c20, 2272, MSG_DONTWAIT, NULL, NULL) = -1 EAGAIN (Try again)
16998 1784443860.535399 recvfrom(42, 0x7fed456d00, 3200, MSG_DONTWAIT, NULL, NULL) = -1 EAGAIN (Try again)
16998 1784443860.548237 recvfrom(42, "nysv\0\0\0\0\0\0\0\0\0\0\0\0\225x\3751p\3\0\0\305p\3\0\0\0\0\0", 3200, MSG_DONTWAIT, NULL, NULL) = 32
16998 1784443860.548685 recvfrom(42, 0x7fed458190, 3200, MSG_DONTWAIT, NULL, NULL) = -1 EAGAIN (Try again)
16998 1784443860.548955 recvfrom(44, 0x709cbc6c20, 2272, MSG_DONTWAIT, NULL, NULL) = -1 EAGAIN (Try again)
16998 1784443860.552267 recvfrom(42, 0x7fed456d00, 3200, MSG_DONTWAIT, NULL, NULL) = -1 EAGAIN (Try again)
16998 1784443860.565436 recvfrom(42, "nysv\0\0\0\0\0\0\0\0\0\0\0\0\216\333\3732p\3\0\0\306p\3\0\0\0\0\0", 3200, MSG_DONTWAIT, NULL, NULL) = 32
16998 1784443860.565735 recvfrom(42, 0x7fed458190, 3200, MSG_DONTWAIT, NULL, NULL) = -1 EAGAIN (Try again)
16998 1784443860.567453 recvfrom(44, 0x709cbc6c20, 2272, MSG_DONTWAIT, NULL, NULL) = -1 EAGAIN (Try again)
16998 1784443860.567797 recvfrom(42, 0x7fed456d00, 3200, MSG_DONTWAIT, NULL, NULL) = -1 EAGAIN (Try again)
16998 1784443860.581840 recvfrom(42, "nysv\0\0\0\0\0\0\0\0\0\0\0\0%;\3723p\3\0\0\307p\3\0\0\0\0\0", 3200, MSG_DONTWAIT, NULL, NULL) = 32
16998 1784443860.582196 recvfrom(42, 0x7fed458190, 3200, MSG_DONTWAIT, NULL, NULL) = -1 EAGAIN (Try again)
16998 1784443860.582451 recvfrom(44, 0x709cbc6c20, 2272, MSG_DONTWAIT, NULL, NULL) = -1 EAGAIN (Try again)
17018 1784443860.583481 openat(AT_FDCWD, "/data/misc/profiles/cur/0/cityfreqs.com.pilfershushjammer/primary.prof", O_RDWR|O_NOFOLLOW|O_CLOEXEC) = 82
17018 1784443860.583538 newfstatat(AT_FDCWD, "/data/misc/profiles/cur/0/cityfreqs.com.pilfershushjammer/primary.prof", {st_mode=S_IFREG|0600, st_size=7601, ...}, 0) = 0
16998 1784443860.584682 recvfrom(42, 0x7fed456d00, 3200, MSG_DONTWAIT, NULL, NULL) = -1 EAGAIN (Try again)
16998 1784443860.597804 recvfrom(42, "nysv\0\0\0\0\0\0\0\0\0\0\0\0O\213\3704p\3\0\0\310p\3\0\0\0\0\0", 3200, MSG_DONTWAIT, NULL, NULL) = 32
16998 1784443860.598220 recvfrom(42, 0x7fed458190, 3200, MSG_DONTWAIT, NULL, NULL) = -1 EAGAIN (Try again)
16998 1784443860.598491 recvfrom(44, 0x709cbc6c20, 2272, MSG_DONTWAIT, NULL, NULL) = -1 EAGAIN (Try again)
16998 1784443860.601287 recvfrom(42, 0x7fed456d00, 3200, MSG_DONTWAIT, NULL, NULL) = -1 EAGAIN (Try again)
16998 1784443860.614621 recvfrom(42, "nysv\0\0\0\0\0\0\0\0\0\0\0\0\224\6\3675p\3\0\0\311p\3\0\0\0\0\0", 3200, MSG_DONTWAIT, NULL, NULL) = 32
16998 1784443860.615057 recvfrom(42, 0x7fed458190, 3200, MSG_DONTWAIT, NULL, NULL) = -1 EAGAIN (Try again)
16998 1784443860.615385 recvfrom(44, 0x709cbc6c20, 2272, MSG_DONTWAIT, NULL, NULL) = -1 EAGAIN (Try again)
16998 1784443861.597784 recvfrom(42, 0x7fed456ad0, 3200, MSG_DONTWAIT, NULL, NULL) = -1 EAGAIN (Try again)
16998 1784443861.615277 recvfrom(42, "nysv\0\0\0\0\0\0\0\0\0\0\0\0\343\252\215qp\3\0\0\5q\3\0\0\0\0\0", 3200, MSG_DONTWAIT, NULL, NULL) = 32
16998 1784443861.615512 recvfrom(42, 0x7fed458190, 3200, MSG_DONTWAIT, NULL, NULL) = -1 EAGAIN (Try again)
16998 1784443861.615955 recvfrom(44, 0x709cbc6c20, 2272, MSG_DONTWAIT, NULL, NULL) = -1 EAGAIN (Try again)
16998 1784443861.617048 recvfrom(42, 0x7fed457d80, 3200, MSG_DONTWAIT, NULL, NULL) = -1 EAGAIN (Try again)
16998 1784443861.632357 recvfrom(42, "nysv\0\0\0\0\0\0\0\0\0\0\0\0@#\214rp\3\0\0\6q\3\0\0\0\0\0", 3200, MSG_DONTWAIT, NULL, NULL) = 32
16998 1784443861.632759 recvfrom(42, 0x7fed458190, 3200, MSG_DONTWAIT, NULL, NULL) = -1 EAGAIN (Try again)
16998 1784443861.633307 recvfrom(42, 0x7fed457ce0, 3200, MSG_DONTWAIT, NULL, NULL) = -1 EAGAIN (Try again)
16998 1784443861.648433 recvfrom(42, "nysv\0\0\0\0\0\0\0\0\0\0\0\0~\227\212sp\3\0\0\7q\3\0\0\0\0\0", 3200, MSG_DONTWAIT, NULL, NULL) = 32
16998 1784443861.648901 recvfrom(42, 0x7fed458190, 3200, MSG_DONTWAIT, NULL, NULL) = -1 EAGAIN (Try again)
16998 1784443861.651797 recvfrom(44, 0x709cbc6c20, 2272, MSG_DONTWAIT, NULL, NULL) = -1 EAGAIN (Try again)
16998 1784443861.698588 recvfrom(42, 0x7fed457cb0, 3200, MSG_DONTWAIT, NULL, NULL) = -1 EAGAIN (Try again)
16998 1784443861.715243 recvfrom(42, "nysv\0\0\0\0\0\0\0\0\0\0\0\0\v\312\203wp\3\0\0\vq\3\0\0\0\0\0", 3200, MSG_DONTWAIT, NULL, NULL) = 32
16998 1784443861.715590 recvfrom(42, 0x7fed458190, 3200, MSG_DONTWAIT, NULL, NULL) = -1 EAGAIN (Try again)
16998 1784443861.715848 recvfrom(83, 0x6faf7cc820, 2272, MSG_DONTWAIT, NULL, NULL) = -1 EAGAIN (Try again)
16998 1784443861.761003 recvfrom(42, 0x7fed4581e0, 3200, MSG_DONTWAIT, NULL, NULL) = -1 EAGAIN (Try again)
16998 1784443861.765722 recvfrom(42, "nysv\0\0\0\0\0\0\0\0\0\0\0\0L4\177zp\3\0\0\16q\3\0\0\0\0\0", 3200, MSG_DONTWAIT, NULL, NULL) = 32
16998 1784443861.766052 recvfrom(42, 0x7fed458190, 3200, MSG_DONTWAIT, NULL, NULL) = -1 EAGAIN (Try again)
16998 1784443861.766319 recvfrom(83, 0x6faf7cc820, 2272, MSG_DONTWAIT, NULL, NULL) = -1 EAGAIN (Try again)
16998 1784443862.365328 recvfrom(42, 0x7fed457e60, 3200, MSG_DONTWAIT, NULL, NULL) = -1 EAGAIN (Try again)
16998 1784443862.384402 recvfrom(42, "nysv\0\0\0\0\0\0\0\0\0\0\0\0xn?\237p\3\0\0003q\3\0\0\0\0\0", 3200, MSG_DONTWAIT, NULL, NULL) = 32
16998 1784443862.384746 recvfrom(42, 0x7fed458190, 3200, MSG_DONTWAIT, NULL, NULL) = -1 EAGAIN (Try again)
16998 1784443862.385280 recvfrom(44, 0x709cbc6c20, 2272, MSG_DONTWAIT, NULL, NULL) = -1 EAGAIN (Try again)
16998 1784443862.386004 recvfrom(42, 0x7fed456d00, 3200, MSG_DONTWAIT, NULL, NULL) = -1 EAGAIN (Try again)
16998 1784443862.397777 recvfrom(42, "nysv\0\0\0\0\0\0\0\0\0\0\0\0\275\377=\240p\3\0\0004q\3\0\0\0\0\0", 3200, MSG_DONTWAIT, NULL, NULL) = 32
16998 1784443862.398099 recvfrom(42, 0x7fed458190, 3200, MSG_DONTWAIT, NULL, NULL) = -1 EAGAIN (Try again)
16998 1784443862.398779 recvfrom(44, 0x709cbc6c20, 2272, MSG_DONTWAIT, NULL, NULL) = -1 EAGAIN (Try again)
16998 1784443862.399503 recvfrom(42, 0x7fed456d00, 3200, MSG_DONTWAIT, NULL, NULL) = -1 EAGAIN (Try again)
16998 1784443862.414609 recvfrom(42, "nysv\0\0\0\0\0\0\0\0\0\0\0\0\5\220<\241p\3\0\0005q\3\0\0\0\0\0", 3200, MSG_DONTWAIT, NULL, NULL) = 32
16998 1784443862.415342 recvfrom(42, 0x7fed458190, 3200, MSG_DONTWAIT, NULL, NULL) = -1 EAGAIN (Try again)
16998 1784443862.417643 recvfrom(44, 0x709cbc6c20, 2272, MSG_DONTWAIT, NULL, NULL) = -1 EAGAIN (Try again)
16998 1784443862.419918 recvfrom(42, 0x7fed456d00, 3200, MSG_DONTWAIT, NULL, NULL) = -1 EAGAIN (Try again)
16998 1784443862.430988 recvfrom(42, "nysv\0\0\0\0\0\0\0\0\0\0\0\0\225\37;\242p\3\0\0006q\3\0\0\0\0\0", 3200, MSG_DONTWAIT, NULL, NULL) = 32
16998 1784443862.431588 recvfrom(42, 0x7fed458190, 3200, MSG_DONTWAIT, NULL, NULL) = -1 EAGAIN (Try again)
16998 1784443862.435373 recvfrom(44, 0x709cbc6c20, 2272, MSG_DONTWAIT, NULL, NULL) = -1 EAGAIN (Try again)
16998 1784443862.436019 recvfrom(42, 0x7fed456d00, 3200, MSG_DONTWAIT, NULL, NULL) = -1 EAGAIN (Try again)
16998 1784443862.447717 recvfrom(42, "nysv\0\0\0\0\0\0\0\0\0\0\0\0\362\2469\243p\3\0\0007q\3\0\0\0\0\0", 3200, MSG_DONTWAIT, NULL, NULL) = 32
16998 1784443862.448535 recvfrom(42, 0x7fed458190, 3200, MSG_DONTWAIT, NULL, NULL) = -1 EAGAIN (Try again)
16998 1784443862.450847 recvfrom(44, 0x709cbc6c20, 2272, MSG_DONTWAIT, NULL, NULL) = -1 EAGAIN (Try again)
16998 1784443862.452378 recvfrom(42, 0x7fed456d00, 3200, MSG_DONTWAIT, NULL, NULL) = -1 EAGAIN (Try again)
16998 1784443862.464219 recvfrom(42, "nysv\0\0\0\0\0\0\0\0\0\0\0\0\353k8\244p\3\0\08q\3\0\0\0\0\0", 3200, MSG_DONTWAIT, NULL, NULL) = 32
16998 1784443862.467753 recvfrom(42, 0x7fed458190, 3200, MSG_DONTWAIT, NULL, NULL) = -1 EAGAIN (Try again)
16998 1784443862.470438 recvfrom(44, 0x709cbc6c20, 2272, MSG_DONTWAIT, NULL, NULL) = -1 EAGAIN (Try again)
16998 1784443862.471725 recvfrom(42, 0x7fed456d00, 3200, MSG_DONTWAIT, NULL, NULL) = -1 EAGAIN (Try again)
16998 1784443862.481055 recvfrom(42, "nysv\0\0\0\0\0\0\0\0\0\0\0\0O\3656\245p\3\0\09q\3\0\0\0\0\0", 3200, MSG_DONTWAIT, NULL, NULL) = 32
16998 1784443862.482961 recvfrom(42, 0x7fed458190, 3200, MSG_DONTWAIT, NULL, NULL) = -1 EAGAIN (Try again)
16998 1784443862.485648 recvfrom(44, 0x709cbc6c20, 2272, MSG_DONTWAIT, NULL, NULL) = -1 EAGAIN (Try again)
16998 1784443862.487237 recvfrom(42, 0x7fed456d00, 3200, MSG_DONTWAIT, NULL, NULL) = -1 EAGAIN (Try again)
16998 1784443862.498028 recvfrom(42, "nysv\0\0\0\0\0\0\0\0\0\0\0\0E\1775\246p\3\0\0:q\3\0\0\0\0\0", 3200, MSG_DONTWAIT, NULL, NULL) = 32
16998 1784443862.498585 recvfrom(42, 0x7fed458190, 3200, MSG_DONTWAIT, NULL, NULL) = -1 EAGAIN (Try again)
16998 1784443862.499219 recvfrom(44, 0x709cbc6c20, 2272, MSG_DONTWAIT, NULL, NULL) = -1 EAGAIN (Try again)
16998 1784443862.502482 recvfrom(42, 0x7fed456d00, 3200, MSG_DONTWAIT, NULL, NULL) = -1 EAGAIN (Try again)
16998 1784443862.515071 recvfrom(42, "nysv\0\0\0\0\0\0\0\0\0\0\0\0\"\3433\247p\3\0\0;q\3\0\0\0\0\0", 3200, MSG_DONTWAIT, NULL, NULL) = 32
16998 1784443862.515557 recvfrom(42, 0x7fed458190, 3200, MSG_DONTWAIT, NULL, NULL) = -1 EAGAIN (Try again)
16998 1784443862.516007 recvfrom(44, 0x709cbc6c20, 2272, MSG_DONTWAIT, NULL, NULL) = -1 EAGAIN (Try again)
16998 1784443862.518259 recvfrom(42, 0x7fed456d00, 3200, MSG_DONTWAIT, NULL, NULL) = -1 EAGAIN (Try again)
16998 1784443862.532050 recvfrom(42, "nysv\0\0\0\0\0\0\0\0\0\0\0\0\32572\250p\3\0\0<q\3\0\0\0\0\0", 3200, MSG_DONTWAIT, NULL, NULL) = 32
16998 1784443862.532533 recvfrom(42, 0x7fed458190, 3200, MSG_DONTWAIT, NULL, NULL) = -1 EAGAIN (Try again)
16998 1784443862.532943 recvfrom(44, 0x709cbc6c20, 2272, MSG_DONTWAIT, NULL, NULL) = -1 EAGAIN (Try again)
16998 1784443862.535383 recvfrom(42, 0x7fed456d00, 3200, MSG_DONTWAIT, NULL, NULL) = -1 EAGAIN (Try again)
16998 1784443862.548345 recvfrom(42, "nysv\0\0\0\0\0\0\0\0\0\0\0\0\344\2350\251p\3\0\0=q\3\0\0\0\0\0", 3200, MSG_DONTWAIT, NULL, NULL) = 32
16998 1784443862.548797 recvfrom(42, 0x7fed458190, 3200, MSG_DONTWAIT, NULL, NULL) = -1 EAGAIN (Try again)
16998 1784443862.550724 recvfrom(44, 0x709cbc6c20, 2272, MSG_DONTWAIT, NULL, NULL) = -1 EAGAIN (Try again)
16998 1784443862.551348 recvfrom(42, 0x7fed456d00, 3200, MSG_DONTWAIT, NULL, NULL) = -1 EAGAIN (Try again)
16998 1784443862.564737 recvfrom(42, "nysv\0\0\0\0\0\0\0\0\0\0\0\0\210\25/\252p\3\0\0>q\3\0\0\0\0\0", 3200, MSG_DONTWAIT, NULL, NULL) = 32
16998 1784443862.565051 recvfrom(42, 0x7fed458190, 3200, MSG_DONTWAIT, NULL, NULL) = -1 EAGAIN (Try again)
16998 1784443862.565656 recvfrom(44, 0x709cbc6c20, 2272, MSG_DONTWAIT, NULL, NULL) = -1 EAGAIN (Try again)
16998 1784443862.568699 recvfrom(42, 0x7fed456d00, 3200, MSG_DONTWAIT, NULL, NULL) = -1 EAGAIN (Try again)
16998 1784443862.581448 recvfrom(42, "nysv\0\0\0\0\0\0\0\0\0\0\0\0{\254-\253p\3\0\0?q\3\0\0\0\0\0", 3200, MSG_DONTWAIT, NULL, NULL) = 32
16998 1784443862.581994 recvfrom(42, 0x7fed458190, 3200, MSG_DONTWAIT, NULL, NULL) = -1 EAGAIN (Try again)
16998 1784443862.582442 recvfrom(44, 0x709cbc6c20, 2272, MSG_DONTWAIT, NULL, NULL) = -1 EAGAIN (Try again)
16998 1784443862.584402 recvfrom(42, 0x7fed456d00, 3200, MSG_DONTWAIT, NULL, NULL) = -1 EAGAIN (Try again)
16998 1784443862.598867 recvfrom(42, "nysv\0\0\0\0\0\0\0\0\0\0\0\0\241\366+\254p\3\0\0@q\3\0\0\0\0\0", 3200, MSG_DONTWAIT, NULL, NULL) = 32
16998 1784443862.599250 recvfrom(42, 0x7fed458190, 3200, MSG_DONTWAIT, NULL, NULL) = -1 EAGAIN (Try again)
16998 1784443862.599877 recvfrom(44, 0x709cbc6c20, 2272, MSG_DONTWAIT, NULL, NULL) = -1 EAGAIN (Try again)
16998 1784443862.600627 recvfrom(42, 0x7fed456d00, 3200, MSG_DONTWAIT, NULL, NULL) = -1 EAGAIN (Try again)
16998 1784443862.614644 recvfrom(42, "nysv\0\0\0\0\0\0\0\0\0\0\0\0\352z*\255p\3\0\0Aq\3\0\0\0\0\0", 3200, MSG_DONTWAIT, NULL, NULL) = 32
16998 1784443862.614909 recvfrom(42, 0x7fed458190, 3200, MSG_DONTWAIT, NULL, NULL) = -1 EAGAIN (Try again)
16998 1784443862.615414 recvfrom(44, 0x709cbc6c20, 2272, MSG_DONTWAIT, NULL, NULL) = -1 EAGAIN (Try again)
16998 1784443862.616385 recvfrom(42, 0x7fed456d00, 3200, MSG_DONTWAIT, NULL, NULL) = -1 EAGAIN (Try again)
16998 1784443862.631586 recvfrom(42, "nysv\0\0\0\0\0\0\0\0\0\0\0\0?\354(\256p\3\0\0Bq\3\0\0\0\0\0", 3200, MSG_DONTWAIT, NULL, NULL) = 32
16998 1784443862.631907 recvfrom(42, 0x7fed458190, 3200, MSG_DONTWAIT, NULL, NULL) = -1 EAGAIN (Try again)
16998 1784443862.632284 recvfrom(44, 0x709cbc6c20, 2272, MSG_DONTWAIT, NULL, NULL) = -1 EAGAIN (Try again)
16998 1784443863.705275 recvfrom(42, 0x7fed457cb0, 3200, MSG_DONTWAIT, NULL, NULL) = -1 EAGAIN (Try again)
16998 1784443863.735590 recvfrom(42, "nysv\0\0\0\0\0\0\0\0\0\0\0\0\203\37\266\356p\3\0\0\203q\3\0\0\0\0\0", 3200, MSG_DONTWAIT, NULL, NULL) = 32
16998 1784443863.735887 recvfrom(42, 0x7fed458190, 3200, MSG_DONTWAIT, NULL, NULL) = -1 EAGAIN (Try again)
