4300  1784445210.391248 sendmsg(150, {msg_name=NULL, msg_namelen=0, msg_iov=[{iov_base="l\1\1\1\374\0\0\0L\0\0\0\235\0\0\0\1\1o\0;\0\0\0/re/frid"..., iov_len=428}], msg_iovlen=1, msg_controllen=0, msg_flags=0}, MSG_NOSIGNAL) = 428
4197  1784445211.393965 sendto(109, "h\0\0\0\0\0\0\0\5\0\0\0\0\0\0\0\0\0\0\0\0\0\0\0Kfa\343\5]\301["..., 104, MSG_NOSIGNAL, NULL, 0) = 104
4256  1784445211.394987 recvmsg(109, {msg_name=NULL, msg_namelen=0, msg_iov=[{iov_base="P\2\0\0\0\0\0\0\5\0\0\0\0\0\0\0\0\0\0\0\0\0\0\0\231\177\242\360=DZ\340"..., iov_len=4096}], msg_iovlen=1, msg_controllen=0, msg_flags=0}, MSG_DONTWAIT) = 592
4256  1784445211.402113 sendto(109, "\310\0\0\0\0\0\0\0\5\0\0\0\0\0\0\0\0\0\0\0\0\0\0\0\"\20\24d;\370\34p"..., 200, MSG_NOSIGNAL, NULL, 0) = 200
4256  1784445211.403075 sendto(109, "h\0\0\0\0\0\0\0\5\0\0\0\0\0\0\0\0\0\0\0\0\0\0\0\"\20\24d;\370\34p"..., 104, MSG_NOSIGNAL, NULL, 0) = 104
4256  1784445211.404550 recvmsg(109, {msg_name=NULL, msg_namelen=0, msg_iov=[{iov_base="8\1\0\0\0\0\0\0\5\0\0\0\0\0\0\0\0\0\0\0\0\0\0\0\345\375\215\333\rB\241c"..., iov_len=4096}], msg_iovlen=1, msg_controllen=0, msg_flags=0}, MSG_DONTWAIT) = 624
4256  1784445211.404926 sendto(109, "(\0\0\0\0\0\0\0\5\0\0\0\0\0\0\0\1\0\0\0\0\0\0\0\372\35\223\361\10\247\322\5"..., 40, MSG_NOSIGNAL, NULL, 0) = 40
4256  1784445211.405361 sendto(109, "(\0\0\0\0\0\0\0\5\0\0\0\0\0\0\0\1\0\0\0\0\0\0\0J\341\300\366\200\242\374L"..., 40, MSG_NOSIGNAL, NULL, 0) = 40
4256  1784445211.406698 recvmsg(109, {msg_name=NULL, msg_namelen=0, msg_iov=[{iov_base="(\1\0\0\0\0\0\0\5\0\0\0\0\0\0\0\0\0\0\0\0\0\0\0\346\273\f\325\257[\36\265"..., iov_len=4096}], msg_iovlen=1, msg_controllen=0, msg_flags=0}, MSG_DONTWAIT) = 504
4256  1784445211.407251 sendto(109, "(\0\0\0\0\0\0\0\5\0\0\0\0\0\0\0\1\0\0\0\0\0\0\0\35(\232\216o\347\23&"..., 40, MSG_NOSIGNAL, NULL, 0) = 40
4256  1784445211.407738 sendto(109, "h\0\0\0\0\0\0\0\5\0\0\0\0\0\0\0\2\0\0\0\0\0\0\0\345I\344\341sNWe"..., 104, MSG_NOSIGNAL, NULL, 0) = 104
4256  1784445211.408158 sendto(109, "h\0\0\0\0\0\0\0\5\0\0\0\0\0\0\0\2\0\0\0\0\0\0\0\367\235h8=\0\315\376"..., 104, MSG_NOSIGNAL, NULL, 0) = 104
4256  1784445211.409259 recvmsg(109, {msg_name=NULL, msg_namelen=0, msg_iov=[{iov_base="h\0\0\0\0\0\0\0\5\0\0\0\0\0\0\0\2\0\0\0\0\0\0\0Y\233 \257\302\304\250\371"..., iov_len=4096}], msg_iovlen=1, msg_controllen=0, msg_flags=0}, MSG_DONTWAIT) = 104
4197  1784445211.409687 sendto(109, "h\0\0\0\0\0\0\0\5\0\0\0\0\0\0\0\0\0\0\0\0\0\0\0m\r\302\314\204\325/\206"..., 104, MSG_NOSIGNAL, NULL, 0) = 104
4256  1784445211.410936 sendto(109, "h\0\0\0\0\0\0\0\5\0\0\0\0\0\0\0\2\0\0\0\0\0\0\0m\r\302\314\204\325/\206"..., 104, MSG_NOSIGNAL, NULL, 0) = 104
4300  1784445211.428675 sendmsg(150, {msg_name=NULL, msg_namelen=0, msg_iov=[{iov_base="l\1\1\1\374\0\0\0M\0\0\0\235\0\0\0\1\1o\0;\0\0\0/re/frid"..., iov_len=428}], msg_iovlen=1, msg_controllen=0, msg_flags=0}, MSG_NOSIGNAL) = 428
4300  1784445211.445230 sendmsg(150, {msg_name=NULL, msg_namelen=0, msg_iov=[{iov_base="l\1\1\1\374\0\0\0N\0\0\0\235\0\0\0\1\1o\0;\0\0\0/re/frid"..., iov_len=428}], msg_iovlen=1, msg_controllen=0, msg_flags=0}, MSG_NOSIGNAL) = 428
4256  1784445211.556716 recvmsg(109, {msg_name=NULL, msg_namelen=0, msg_iov=[{iov_base="\310\0\0\0\0\0\0\0\5\0\0\0\0\0\0\0\0\0\0\0\0\0\0\0}\330:\5\351\341\266Y"..., iov_len=4096}], msg_iovlen=1, msg_controllen=0, msg_flags=0}, MSG_DONTWAIT) = 4096
4256  1784445211.557152 recvmsg(109, {msg_name=NULL, msg_namelen=0, msg_iov=[{iov_base="\16\0\0\0\6\0\0\0Roboto\0\0'\0\0\0\37\0\0\0Search a"..., iov_len=35264}], msg_iovlen=1, msg_controllen=0, msg_flags=0}, MSG_DONTWAIT) = 35264
4256  1784445211.561650 sendto(109, "h\0\0\0\0\0\0\0\5\0\0\0\0\0\0\0\0\0\0\0\0\0\0\0\"\20\24d;\370\34p"..., 104, MSG_NOSIGNAL, NULL, 0) = 104
4256  1784445211.715371 recvmsg(109, {msg_name=NULL, msg_namelen=0, msg_iov=[{iov_base="\360\35\0\0\0\0\0\0\5\0\0\0\0\0\0\0\0\0\0\0\0\0\0\0}\330:\5\351\341\266Y"..., iov_len=4096}], msg_iovlen=1, msg_controllen=0, msg_flags=0}, MSG_DONTWAIT) = 4096
4256  1784445211.716043 recvmsg(109, {msg_name=NULL, msg_namelen=0, msg_iov=[{iov_base="\10\0\0\0\0\0\0\0h\0\0\0\0\0\0\0-\0\0\0p\0\0\0@\10\0\0\0\0\0\0"..., iov_len=3568}], msg_iovlen=1, msg_controllen=0, msg_flags=0}, MSG_DONTWAIT) = 3568
4256  1784445211.720968 sendto(109, "h\0\0\0\0\0\0\0\5\0\0\0\0\0\0\0\0\0\0\0\0\0\0\0\"\20\24d;\370\34p"..., 104, MSG_NOSIGNAL, NULL, 0) = 104
4206  1784445212.678050 exit(0)         = ?
4206  1784445212.678769 +++ exited with 0 +++
4207  1784445212.679064 exit(0)         = ?
4207  1784445212.679490 +++ exited with 0 +++
4204  1784445212.679532 exit(0)         = ?
4204  1784445212.679985 +++ exited with 0 +++
4202  1784445212.680276 exit(0)         = ?
4202  1784445212.682041 +++ exited with 0 +++
4216  1784445212.684892 newfstatat(AT_FDCWD, "/data", {st_mode=S_IFDIR|0771, st_size=4096, ...}, AT_SYMLINK_NOFOLLOW) = 0
4216  1784445212.685218 newfstatat(AT_FDCWD, "/data/app", {st_mode=S_IFDIR|0771, st_size=4096, ...}, AT_SYMLINK_NOFOLLOW) = 0
4216  1784445212.685561 newfstatat(AT_FDCWD, "/data/app/cl.coders.faketraveler-uwok4H1DBLUVx8p9EF9jRQ==", {st_mode=S_IFDIR|0775, st_size=4096, ...}, AT_SYMLINK_NOFOLLOW) = 0
4216  1784445212.685848 newfstatat(AT_FDCWD, "/data/app/cl.coders.faketraveler-uwok4H1DBLUVx8p9EF9jRQ==/base.apk", {st_mode=S_IFREG|0644, st_size=5539288, ...}, AT_SYMLINK_NOFOLLOW) = 0
4216  1784445212.686138 getcwd("/", 4096) = 2
4216  1784445212.686416 newfstatat(AT_FDCWD, "/base.apk", 0x700c92f690, AT_SYMLINK_NOFOLLOW) = -1 ENOENT (No such file or directory)
4197  1784445212.847413 clone(child_stack=0x70089bbd40, flags=CLONE_VM|CLONE_FS|CLONE_FILES|CLONE_SIGHAND|CLONE_THREAD|CLONE_SYSVSEM|CLONE_SETTLS|CLONE_PARENT_SETTID|CLONE_CHILD_CLEARTID, parent_tidptr=0x70089bbd60, tls=0x70089bc020, child_tidptr=0x70089bbd60) = 4341
4341  1784445212.861179 faccessat(AT_FDCWD, "/data/user/0/cl.coders.faketraveler", F_OK) = 0
4341  1784445212.861634 faccessat(AT_FDCWD, "/data/user/0/cl.coders.faketraveler/files", F_OK) = 0
4341  1784445212.862161 faccessat(AT_FDCWD, "/data/user/0/cl.coders.faketraveler/files/profileinstaller_profileWrittenFor_lastUpdateTime.dat", F_OK) = 0
4341  1784445212.862738 openat(AT_FDCWD, "/data/user/0/cl.coders.faketraveler/files/profileinstaller_profileWrittenFor_lastUpdateTime.dat", O_RDONLY) = 144
4341  1784445212.864060 getsockopt(144, SOL_SOCKET, SO_ERROR, 0x70089ba254, [4]) = -1 ENOTSOCK (Socket operation on non-socket)
4341  1784445212.867778 openat(AT_FDCWD, "/data/app/cl.coders.faketraveler-uwok4H1DBLUVx8p9EF9jRQ==/base.apk", O_RDONLY) = 144
4341  1784445212.868804 getsockopt(144, SOL_SOCKET, SO_ERROR, 0x70089b9c74, [4]) = -1 ENOTSOCK (Socket operation on non-socket)
4341  1784445212.870019 newfstatat(AT_FDCWD, "/data/misc/profiles/ref/cl.coders.faketraveler/primary.prof", 0x70089b9c18, 0) = -1 ENOENT (No such file or directory)
4341  1784445212.870606 faccessat(AT_FDCWD, "/data/misc/profiles/ref/cl.coders.faketraveler/primary.prof", F_OK <unfinished ...>
4300  1784445212.870644 sendmsg(150, {msg_name=NULL, msg_namelen=0, msg_iov=[{iov_base="l\1\1\1\374\0\0\0O\0\0\0\235\0\0\0\1\1o\0;\0\0\0/re/frid"..., iov_len=428}], msg_iovlen=1, msg_controllen=0, msg_flags=0}, MSG_NOSIGNAL <unfinished ...>
4341  1784445212.870903 <... faccessat resumed> ) = -1 ENOENT (No such file or directory)
4341  1784445212.871119 newfstatat(AT_FDCWD, "/data/misc/profiles/cur/0/cl.coders.faketraveler/primary.prof",  <unfinished ...>
4300  1784445212.871177 <... sendmsg resumed> ) = 428
4341  1784445212.871686 <... newfstatat resumed> {st_mode=S_IFREG|0600, st_size=6227, ...}, 0) = 0
4341  1784445212.871982 faccessat(AT_FDCWD, "/data/misc/profiles/cur/0/cl.coders.faketraveler/primary.prof", F_OK) = 0
4341  1784445212.873337 faccessat(AT_FDCWD, "/data/user/0/cl.coders.faketraveler/files", F_OK) = 0
4341  1784445212.873837 faccessat(AT_FDCWD, "/data/user/0/cl.coders.faketraveler/files/profileInstalled", F_OK) = 0
4341  1784445212.874313 openat(AT_FDCWD, "/data/user/0/cl.coders.faketraveler/files/profileInstalled", O_RDONLY) = 144
4341  1784445212.876367 getsockopt(144, SOL_SOCKET, SO_ERROR, 0x70089b9594, [4]) = -1 ENOTSOCK (Socket operation on non-socket)
4341  1784445212.881049 exit(0)         = ?
4341  1784445212.881386 +++ exited with 0 +++
4297  1784445212.940136 faccessat(AT_FDCWD, "/proc/self/task/4341", F_OK) = -1 ENOENT (No such file or directory)
4262  1784445217.779511 openat(AT_FDCWD, "/data/user/0/cl.coders.faketraveler/app_webview/BrowserMetrics-spare.pma.tmp", O_RDWR|O_CREAT|O_TRUNC, 0600) = 144
4262  1784445218.099643 renameat(AT_FDCWD, "/data/user/0/cl.coders.faketraveler/app_webview/BrowserMetrics-spare.pma.tmp", AT_FDCWD, "/data/user/0/cl.coders.faketraveler/app_webview/BrowserMetrics-spare.pma") = 0
4300  1784445223.033425 sendmsg(150, {msg_name=NULL, msg_namelen=0, msg_iov=[{iov_base="l\1\1\1\374\0\0\0P\0\0\0\235\0\0\0\1\1o\0;\0\0\0/re/frid"..., iov_len=428}], msg_iovlen=1, msg_controllen=0, msg_flags=0}, MSG_NOSIGNAL) = 428
4299  1784445225.505437 exit(0)         = ?
4299  1784445225.506063 +++ exited with 0 +++
4297  1784445225.555835 faccessat(AT_FDCWD, "/proc/self/task/4299", F_OK) = -1 ENOENT (No such file or directory)
4262  1784445228.002554 newfstatat(AT_FDCWD, "/data/user/0/cl.coders.faketraveler/cache/WebView/Default/HTTP Cache/index-dir", {st_mode=S_IFDIR|S_ISGID|0700, st_size=4096, ...}, 0) = 0
4262  1784445228.003253 newfstatat(AT_FDCWD, "/data/user/0/cl.coders.faketraveler/cache/WebView/Default/HTTP Cache", {st_mode=S_IFDIR|S_ISGID|0700, st_size=4096, ...}, 0) = 0
4262  1784445228.003915 openat(AT_FDCWD, "/data/user/0/cl.coders.faketraveler/cache/WebView/Default/HTTP Cache/index-dir/temp-index", O_WRONLY|O_CREAT|O_TRUNC, 0600) = 144
4262  1784445228.005790 renameat(AT_FDCWD, "/data/user/0/cl.coders.faketraveler/cache/WebView/Default/HTTP Cache/index-dir/temp-index", AT_FDCWD, "/data/user/0/cl.coders.faketraveler/cache/WebView/Default/HTTP Cache/index-dir/the-real-index") = 0
4197  1784445229.718487 recvfrom(125, "\2\0\0\0\0\0\0\0\233\25\0\0\0\0\0\0\300\270\323\372\256\4\0\0\1\0\0\0\2\20\0\0"..., 2272, MSG_DONTWAIT, NULL, NULL) = 232
4197  1784445229.718923 sendto(125, "\3\0\0\0\0\0\0\0\233\25\0\0\1\0\0\0", 16, MSG_DONTWAIT|MSG_NOSIGNAL, NULL, 0) = 16
4197  1784445229.719159 recvfrom(125, 0x6fad2b3020, 2272, MSG_DONTWAIT, NULL, NULL) = -1 EAGAIN (Try again)
4197  1784445229.719767 recvfrom(125, "\2\0\0\0\0\0\0\0\235\25\0\0\0\0\0\0\300\270\323\372\256\4\0\0\1\0\0\0\2\20\0\0"..., 2272, MSG_DONTWAIT, NULL, NULL) = 232
4197  1784445229.720006 recvfrom(39, 0x7fed454890, 3200, MSG_DONTWAIT, NULL, NULL) = -1 EAGAIN (Try again)
4197  1784445229.721476 sendto(125, "\3\0\0\0\0\0\0\0\235\25\0\0\1\0\0\0", 16, MSG_DONTWAIT|MSG_NOSIGNAL, NULL, 0) = 16
4197  1784445229.721923 recvfrom(125, 0x6fad2b3020, 2272, MSG_DONTWAIT, NULL, NULL) = -1 EAGAIN (Try again)
4197  1784445229.730691 recvfrom(39, "nysv\0\0\0\0\0\0\0\0\0\0\0\0\212\251\244\373\256\4\0\0\21\257\4\0\0\0\0\0", 3200, MSG_DONTWAIT, NULL, NULL) = 32
4197  1784445229.730851 recvfrom(39, 0x7fed458190, 3200, MSG_DONTWAIT, NULL, NULL) = -1 EAGAIN (Try again)
4197  1784445229.731136 recvfrom(125, 0x6fad2b3020, 2272, MSG_DONTWAIT, NULL, NULL) = -1 EAGAIN (Try again)
4197  1784445229.731300 recvfrom(39, 0x7fed4580f0, 3200, MSG_DONTWAIT, NULL, NULL) = -1 EAGAIN (Try again)
4197  1784445229.734668 socket(AF_UNIX, SOCK_DGRAM|SOCK_CLOEXEC|SOCK_NONBLOCK, 0) = 144
4197  1784445229.734969 setsockopt(144, SOL_SOCKET, SO_SNDBUF, [1048576], 4) = 0
4197  1784445229.735228 connect(144, {sa_family=AF_UNIX, sun_path="/dev/socket/statsdw"}, 110) = 0
4300  1784445229.768019 sendmsg(150, {msg_name=NULL, msg_namelen=0, msg_iov=[{iov_base="l\1\1\18\1\0\0Q\0\0\0\235\0\0\0\1\1o\0;\0\0\0/re/frid"..., iov_len=488}], msg_iovlen=1, msg_controllen=0, msg_flags=0}, MSG_NOSIGNAL) = 488
4197  1784445229.769058 recvfrom(39, "nysv\0\0\0\0\0\0\0\0\0\0\0\0K'\243\374\256\4\0\0\22\257\4\0\0\0\0\0", 3200, MSG_DONTWAIT, NULL, NULL) = 32
4197  1784445229.769309 recvfrom(39, 0x7fed458190, 3200, MSG_DONTWAIT, NULL, NULL) = -1 EAGAIN (Try again)
4197  1784445229.770471 recvfrom(39, 0x7fed4580f0, 3200, MSG_DONTWAIT, NULL, NULL) = -1 EAGAIN (Try again)
4197  1784445229.771755 newfstatat(AT_FDCWD, "/system/framework/framework-res.apk", {st_mode=S_IFREG|0644, st_size=45992421, ...}, 0) = 0
4197  1784445229.772080 newfstatat(AT_FDCWD, "/product/overlay/GoogleConfigOverlay.apk", {st_mode=S_IFREG|0644, st_size=25070, ...}, 0) = 0
4197  1784445229.772320 newfstatat(AT_FDCWD, "/product/overlay/GoogleWebViewOverlay.apk", {st_mode=S_IFREG|0644, st_size=16815, ...}, 0) = 0
4197  1784445229.772561 newfstatat(AT_FDCWD, "/product/overlay/PixelConfigOverlayCommon.apk", {st_mode=S_IFREG|0644, st_size=52833, ...}, 0) = 0
4197  1784445229.772889 newfstatat(AT_FDCWD, "/product/overlay/EmulatorConfigOverlay.apk", {st_mode=S_IFREG|0644, st_size=16734, ...}, 0) = 0
4197  1784445229.773259 newfstatat(AT_FDCWD, "/data/app/cl.coders.faketraveler-uwok4H1DBLUVx8p9EF9jRQ==/base.apk", {st_mode=S_IFREG|0644, st_size=5539288, ...}, 0) = 0
4197  1784445229.773566 newfstatat(AT_FDCWD, "/system/product/app/WebViewGoogle64/WebViewGoogle64.apk", {st_mode=S_IFREG|0644, st_size=63049250, ...}, 0) = 0
4197  1784445229.773799 newfstatat(AT_FDCWD, "/system/product/app/TrichromeLibrary64/TrichromeLibrary64.apk", {st_mode=S_IFREG|0644, st_size=94562500, ...}, 0) = 0
4197  1784445229.775830 clone(child_stack=0x70089bbd40, flags=CLONE_VM|CLONE_FS|CLONE_FILES|CLONE_SIGHAND|CLONE_THREAD|CLONE_SYSVSEM|CLONE_SETTLS|CLONE_PARENT_SETTID|CLONE_CHILD_CLEARTID, parent_tidptr=0x70089bbd60, tls=0x70089bc020, child_tidptr=0x70089bbd60) = 4360
4300  1784445229.794821 sendmsg(150, {msg_name=NULL, msg_namelen=0, msg_iov=[{iov_base="l\1\1\1\344\0\0\0R\0\0\0\235\0\0\0\1\1o\0;\0\0\0/re/frid"..., iov_len=404}], msg_iovlen=1, msg_controllen=0, msg_flags=0}, MSG_NOSIGNAL) = 404
4218  1784445229.796791 recvfrom(43, 0x700c617eb0, 3200, MSG_DONTWAIT, NULL, NULL) = -1 EAGAIN (Try again)
4218  1784445229.798261 recvfrom(43, "nysv\0\0\0\0\0\0\0\0\0\0\0\0\32z\236\377\256\4\0\0\25\257\4\0\0\0\0\0", 3200, MSG_DONTWAIT, NULL, NULL) = 32
4218  1784445229.798928 recvfrom(43, 0x700c617c80, 3200, MSG_DONTWAIT, NULL, NULL) = -1 EAGAIN (Try again)
4300  1784445229.806218 sendmsg(150, {msg_name=NULL, msg_namelen=0, msg_iov=[{iov_base="l\1\1\1\310\0\0\0S\0\0\0\235\0\0\0\1\1o\0;\0\0\0/re/frid"..., iov_len=376}], msg_iovlen=1, msg_controllen=0, msg_flags=0}, MSG_NOSIGNAL) = 376
4197  1784445229.806663 recvfrom(39, "nysv\0\0\0\0\0\0\0\0\0\0\0\0j\0\240\376\256\4\0\0\24\257\4\0\0\0\0\0", 3200, MSG_DONTWAIT, NULL, NULL) = 32
4197  1784445229.807187 recvfrom(39, 0x7fed458190, 3200, MSG_DONTWAIT, NULL, NULL) = -1 EAGAIN (Try again)
4197  1784445229.808319 recvfrom(39, 0x7fed4580f0, 3200, MSG_DONTWAIT, NULL, NULL) = -1 EAGAIN (Try again)
4197  1784445229.819568 recvfrom(39, "nysv\0\0\0\0\0\0\0\0\0\0\0\0V\376\234\0\257\4\0\0\26\257\4\0\0\0\0\0", 3200, MSG_DONTWAIT, NULL, NULL) = 32
4197  1784445229.819802 recvfrom(39, 0x7fed458190, 3200, MSG_DONTWAIT, NULL, NULL) = -1 EAGAIN (Try again)
4197  1784445229.820038 recvfrom(125, 0x6fad2b3020, 2272, MSG_DONTWAIT, NULL, NULL) = -1 EAGAIN (Try again)
4197  1784445229.820298 recvfrom(39, 0x7fed4580f0, 3200, MSG_DONTWAIT, NULL, NULL) = -1 EAGAIN (Try again)
4218  1784445229.848070 recvfrom(43, "nysv\0\0\0\0\0\0\0\0\0\0\0\0V\376\234\0\257\4\0\0\26\257\4\0\0\0\0\0", 3200, MSG_DONTWAIT, NULL, NULL) = 32
4218  1784445229.848542 recvfrom(43, 0x700c617eb0, 3200, MSG_DONTWAIT, NULL, NULL) = -1 EAGAIN (Try again)
4197  1784445229.854783 recvfrom(39, "nysv\0\0\0\0\0\0\0\0\0\0\0\0T\222\233\1\257\4\0\0\27\257\4\0\0\0\0\0", 3200, MSG_DONTWAIT, NULL, NULL) = 32
4197  1784445229.855076 recvfrom(39, 0x7fed458190, 3200, MSG_DONTWAIT, NULL, NULL) = -1 EAGAIN (Try again)
4218  1784445229.884793 recvfrom(43, "nysv\0\0\0\0\0\0\0\0\0\0\0\0\2502\230\3\257\4\0\0\31\257\4\0\0\0\0\0", 3200, MSG_DONTWAIT, NULL, NULL) = 32
4218  1784445229.884960 recvfrom(43, 0x700c617eb0, 3200, MSG_DONTWAIT, NULL, NULL) = -1 EAGAIN (Try again)
4273  1784445229.906328 faccessat(AT_FDCWD, "/data/user/0/cl.coders.faketraveler/shared_prefs/cl.coders.faketraveler.sharedprefs.xml", F_OK) = 0
4273  1784445229.906577 faccessat(AT_FDCWD, "/data/user/0/cl.coders.faketraveler/shared_prefs/cl.coders.faketraveler.sharedprefs.xml.bak", F_OK) = -1 ENOENT (No such file or directory)
4273  1784445229.906921 renameat(AT_FDCWD, "/data/user/0/cl.coders.faketraveler/shared_prefs/cl.coders.faketraveler.sharedprefs.xml", AT_FDCWD, "/data/user/0/cl.coders.faketraveler/shared_prefs/cl.coders.faketraveler.sharedprefs.xml.bak") = 0
4273  1784445229.907171 openat(AT_FDCWD, "/data/user/0/cl.coders.faketraveler/shared_prefs/cl.coders.faketraveler.sharedprefs.xml", O_WRONLY|O_CREAT|O_TRUNC, 0600) = 151
4273  1784445229.909242 getsockopt(151, SOL_SOCKET, SO_ERROR, 0x6f96361454, [4]) = -1 ENOTSOCK (Socket operation on non-socket)
4273  1784445229.909789 fchmodat(AT_FDCWD, "/data/user/0/cl.coders.faketraveler/shared_prefs/cl.coders.faketraveler.sharedprefs.xml", 0660) = 0
4273  1784445229.910078 newfstatat(AT_FDCWD, "/data/user/0/cl.coders.faketraveler/shared_prefs/cl.coders.faketraveler.sharedprefs.xml", {st_mode=S_IFREG|0660, st_size=567, ...}, 0) = 0
4273  1784445229.916931 unlinkat(AT_FDCWD, "/data/user/0/cl.coders.faketraveler/shared_prefs/cl.coders.faketraveler.sharedprefs.xml.bak", 0 <unfinished ...>
4300  1784445229.917099 sendmsg(150, {msg_name=NULL, msg_namelen=0, msg_iov=[{iov_base="l\1\1\1$\1\0\0T\0\0\0\235\0\0\0\1\1o\0;\0\0\0/re/frid"..., iov_len=468}], msg_iovlen=1, msg_controllen=0, msg_flags=0}, MSG_NOSIGNAL <unfinished ...>
4273  1784445229.917117 <... unlinkat resumed> ) = 0
4300  1784445229.917313 <... sendmsg resumed> ) = 468
4218  1784445229.925824 recvfrom(43, "nysv\0\0\0\0\0\0\0\0\0\0\0\0\303E\225\5\257\4\0\0\33\257\4\0\0\0\0\0", 3200, MSG_DONTWAIT, NULL, NULL) = 32
4218  1784445229.925989 recvfrom(43, 0x700c617eb0, 3200, MSG_DONTWAIT, NULL, NULL) = -1 EAGAIN (Try again)
4197  1784445229.931699 recvfrom(152, 0x6fad353420, 2272, MSG_DONTWAIT, NULL, NULL) = -1 EAGAIN (Try again)
4197  1784445229.932000 recvfrom(39, 0x7fed4580f0, 3200, MSG_DONTWAIT, NULL, NULL) = -1 EAGAIN (Try again)
4218  1784445229.967232 recvfrom(43, "nysv\0\0\0\0\0\0\0\0\0\0\0\0\300~\222\7\257\4\0\0\35\257\4\0\0\0\0\0", 3200, MSG_DONTWAIT, NULL, NULL) = 32
4218  1784445229.967411 recvfrom(43, 0x700c617eb0, 3200, MSG_DONTWAIT, NULL, NULL) = -1 EAGAIN (Try again)
4218  1784445230.009020 recvfrom(43, "nysv\0\0\0\0\0\0\0\0\0\0\0\00029\215\n\257\4\0\0 \257\4\0\0\0\0\0", 3200, MSG_DONTWAIT, NULL, NULL) = 32
4218  1784445230.009194 recvfrom(43, 0x700c617eb0, 3200, MSG_DONTWAIT, NULL, NULL) = -1 EAGAIN (Try again)
4218  1784445230.049681 recvfrom(43, "nysv\0\0\0\0\0\0\0\0\0\0\0\0\216`\212\f\257\4\0\0\"\257\4\0\0\0\0\0", 3200, MSG_DONTWAIT, NULL, NULL) = 32
4218  1784445230.050353 recvfrom(43, 0x700c617eb0, 3200, MSG_DONTWAIT, NULL, NULL) = -1 EAGAIN (Try again)
4218  1784445230.112430 recvfrom(43, "nysv\0\0\0\0\0\0\0\0\0\0\0\0\236\233\206\17\257\4\0\0%\257\4\0\0\0\0\0", 3200, MSG_DONTWAIT, NULL, NULL) = 32
4218  1784445230.112599 recvfrom(43, 0x700c617eb0, 3200, MSG_DONTWAIT, NULL, NULL) = -1 EAGAIN (Try again)
4197  1784445230.117327 recvfrom(39, "nysv\0\0\0\0\0\0\0\0\0\0\0\0\250T\220\10\257\4\0\0\36\257\4\0\0\0\0\0", 3200, MSG_DONTWAIT, NULL, NULL) = 32
4197  1784445230.118071 recvfrom(39, 0x7fed458190, 3200, MSG_DONTWAIT, NULL, NULL) = -1 EAGAIN (Try again)
4218  1784445230.156760 recvfrom(43, "nysv\0\0\0\0\0\0\0\0\0\0\0\0HB\202\22\257\4\0\0(\257\4\0\0\0\0\0", 3200, MSG_DONTWAIT, NULL, NULL) = 32
4218  1784445230.156941 recvfrom(43, 0x700c617eb0, 3200, MSG_DONTWAIT, NULL, NULL) = -1 EAGAIN (Try again)
4197  1784445230.160232 recvfrom(39, 0x7fed457a00, 3200, MSG_DONTWAIT, NULL, NULL) = -1 EAGAIN (Try again)
4197  1784445230.165037 recvfrom(39, "nysv\0\0\0\0\0\0\0\0\0\0\0\0\21\25~\25\257\4\0\0+\257\4\0\0\0\0\0", 3200, MSG_DONTWAIT, NULL, NULL) = 32
4197  1784445230.165340 recvfrom(39, 0x7fed458190, 3200, MSG_DONTWAIT, NULL, NULL) = -1 EAGAIN (Try again)
4197  1784445230.168540 recvfrom(152, 0x6fad353420, 2272, MSG_DONTWAIT, NULL, NULL) = -1 EAGAIN (Try again)
4300  1784445230.177520 sendmsg(150, {msg_name=NULL, msg_namelen=0, msg_iov=[{iov_base="l\1\1\1\374\0\0\0U\0\0\0\235\0\0\0\1\1o\0;\0\0\0/re/frid"..., iov_len=428}], msg_iovlen=1, msg_controllen=0, msg_flags=0}, MSG_NOSIGNAL) = 428
4197  1784445230.196225 recvfrom(39, 0x7fed456ea0, 3200, MSG_DONTWAIT, NULL, NULL) = -1 EAGAIN (Try again)
4197  1784445230.198242 recvfrom(39, "nysv\0\0\0\0\0\0\0\0\0\0\0\0\206\36{\27\257\4\0\0-\257\4\0\0\0\0\0", 3200, MSG_DONTWAIT, NULL, NULL) = 32
4197  1784445230.198524 recvfrom(39, 0x7fed458190, 3200, MSG_DONTWAIT, NULL, NULL) = -1 EAGAIN (Try again)
4197  1784445230.203428 recvfrom(39, 0x7fed457a00, 3200, MSG_DONTWAIT, NULL, NULL) = -1 EAGAIN (Try again)
4218  1784445230.209870 recvfrom(43, "nysv\0\0\0\0\0\0\0\0\0\0\0\0\21\25~\25\257\4\0\0+\257\4\0\0\0\0\0", 3200, MSG_DONTWAIT, NULL, NULL) = 32
4218  1784445230.210108 recvfrom(43, 0x700c617c80, 3200, MSG_DONTWAIT, NULL, NULL) = -1 EAGAIN (Try again)
4300  1784445230.211859 sendmsg(150, {msg_name=NULL, msg_namelen=0, msg_iov=[{iov_base="l\1\1\1\374\0\0\0V\0\0\0\235\0\0\0\1\1o\0;\0\0\0/re/frid"..., iov_len=428}], msg_iovlen=1, msg_controllen=0, msg_flags=0}, MSG_NOSIGNAL) = 428
4197  1784445230.214683 recvfrom(39, "nysv\0\0\0\0\0\0\0\0\0\0\0\0\315\242y\30\257\4\0\0.\257\4\0\0\0\0\0", 3200, MSG_DONTWAIT, NULL, NULL) = 32
4197  1784445230.214952 recvfrom(39, 0x7fed458190, 3200, MSG_DONTWAIT, NULL, NULL) = -1 EAGAIN (Try again)
4300  1784445230.221592 sendmsg(150, {msg_name=NULL, msg_namelen=0, msg_iov=[{iov_base="l\1\1\1\374\0\0\0W\0\0\0\235\0\0\0\1\1o\0;\0\0\0/re/frid"..., iov_len=428}], msg_iovlen=1, msg_controllen=0, msg_flags=0}, MSG_NOSIGNAL) = 428
4214  1784445230.619054 clone(child_stack=0x7008796d40, flags=CLONE_VM|CLONE_FS|CLONE_FILES|CLONE_SIGHAND|CLONE_THREAD|CLONE_SYSVSEM|CLONE_SETTLS|CLONE_PARENT_SETTID|CLONE_CHILD_CLEARTID, parent_tidptr=0x7008796d60, tls=0x7008797020, child_tidptr=0x7008796d60) = 4368
4368  1784445230.621844 openat(AT_FDCWD, "/proc/4368/timerslack_ns", O_WRONLY|O_CREAT|O_TRUNC|O_NOFOLLOW|O_CLOEXEC, 0666) = 151
4300  1784445230.640518 sendmsg(150, {msg_name=NULL, msg_namelen=0, msg_iov=[{iov_base="l\1\1\1\374\0\0\0X\0\0\0\235\0\0\0\1\1o\0;\0\0\0/re/frid"..., iov_len=428}], msg_iovlen=1, msg_controllen=0, msg_flags=0}, MSG_NOSIGNAL) = 428
4300  1784445230.695364 sendmsg(150, {msg_name=NULL, msg_namelen=0, msg_iov=[{iov_base="l\1\1\1\374\0\0\0Y\0\0\0\235\0\0\0\1\1o\0;\0\0\0/re/frid"..., iov_len=428}], msg_iovlen=1, msg_controllen=0, msg_flags=0}, MSG_NOSIGNAL) = 428
4257  1784445231.638757 sendto(109, "\220\0\0\0\0\0\0\0\5\0\0\0\0\0\0\0\0\0\0\0\0\0\0\0\233\314\343\324]\315I\300"..., 144, MSG_NOSIGNAL, NULL, 0) = 144
4257  1784445231.641429 sendto(109, "\230\0\0\0\0\0\0\0\5\0\0\0\0\0\0\0\0\0\0\0\0\0\0\0\233\314\343\324]\315I\300"..., 152, MSG_NOSIGNAL, NULL, 0) = 152
4256  1784445231.644440 recvmsg(109, {msg_name=NULL, msg_namelen=0, msg_iov=[{iov_base="\330\t\0\0\0\0\0\0\5\0\0\0\0\0\0\0\0\0\0\0\0\0\0\0il\316\220V\212\231J"..., iov_len=4096}], msg_iovlen=1, msg_controllen=0, msg_flags=0}, MSG_DONTWAIT) = 4096
4256  1784445231.645163 recvmsg(109, {msg_name=NULL, msg_namelen=0, msg_iov=[{iov_base="\36\0\0\0\26\0\0\0allocated_objects_size\0\0"..., iov_len=21504}], msg_iovlen=1, msg_controllen=0, msg_flags=0}, MSG_DONTWAIT) = 21504
4257  1784445231.648768 openat(AT_FDCWD, "/proc/self/statm", O_RDONLY) = 151
4257  1784445231.651654 openat(AT_FDCWD, "/proc/4197/status", O_RDONLY|O_CLOEXEC) = 153
4257  1784445231.656006 openat(AT_FDCWD, "/proc/4197/stat", O_RDONLY|O_CLOEXEC) = 153
4257  1784445231.658006 openat(AT_FDCWD, "/proc/self/status", O_RDONLY|O_CLOEXEC) = 153
4257  1784445231.659763 openat(AT_FDCWD, "/proc/self/clear_refs", O_WRONLY) = 153
4257  1784445231.660512 openat(AT_FDCWD, "/proc/self/pagemap", O_RDONLY) = 153
4300  1784445231.713779 sendmsg(150, {msg_name=NULL, msg_namelen=0, msg_iov=[{iov_base="l\1\1\1\374\0\0\0Z\0\0\0\235\0\0\0\1\1o\0;\0\0\0/re/frid"..., iov_len=428}], msg_iovlen=1, msg_controllen=0, msg_flags=0}, MSG_NOSIGNAL) = 428
4300  1784445231.735391 sendmsg(150, {msg_name=NULL, msg_namelen=0, msg_iov=[{iov_base="l\1\1\1\374\0\0\0[\0\0\0\235\0\0\0\1\1o\0;\0\0\0/re/frid"..., iov_len=428}], msg_iovlen=1, msg_controllen=0, msg_flags=0}, MSG_NOSIGNAL) = 428
4197  1784445231.821309 recvfrom(39, 0x7fed457cb0, 3200, MSG_DONTWAIT, NULL, NULL) = -1 EAGAIN (Try again)
4300  1784445231.836909 sendmsg(150, {msg_name=NULL, msg_namelen=0, msg_iov=[{iov_base="l\1\1\1\374\0\0\0\\\0\0\0\235\0\0\0\1\1o\0;\0\0\0/re/frid"..., iov_len=428}], msg_iovlen=1, msg_controllen=0, msg_flags=0}, MSG_NOSIGNAL) = 428
4197  1784445231.837232 recvfrom(39, "nysv\0\0\0\0\0\0\0\0\0\0\0\0\366\330\317x\257\4\0\0\216\257\4\0\0\0\0\0", 3200, MSG_DONTWAIT, NULL, NULL) = 32
4197  1784445231.837923 recvfrom(39, 0x7fed458190, 3200, MSG_DONTWAIT, NULL, NULL) = -1 EAGAIN (Try again)
4300  1784445231.842141 sendmsg(150, {msg_name=NULL, msg_namelen=0, msg_iov=[{iov_base="l\1\1\1\374\0\0\0]\0\0\0\235\0\0\0\1\1o\0;\0\0\0/re/frid"..., iov_len=428}], msg_iovlen=1, msg_controllen=0, msg_flags=0}, MSG_NOSIGNAL) = 428
4223  1784445237.735918 exit(0)         = ?
4223  1784445237.736057 +++ exited with 0 +++
4297  1784445237.788057 faccessat(AT_FDCWD, "/proc/self/task/4223", F_OK) = -1 ENOENT (No such file or directory)
4227  1784445237.796225 exit(0)         = ?
4227  1784445237.796690 +++ exited with 0 +++
4297  1784445237.843383 faccessat(AT_FDCWD, "/proc/self/task/4227", F_OK) = -1 ENOENT (No such file or directory)
4197  1784445241.413153 recvfrom(125, "\2\0\0\0\0\0\0\0\241\25\0\0\0\0\0\0\200B\347\263\261\4\0\0\1\0\0\0\2\20\0\0"..., 2272, MSG_DONTWAIT, NULL, NULL) = 232
4197  1784445241.413714 sendto(125, "\3\0\0\0\0\0\0\0\241\25\0\0\1\0\0\0", 16, MSG_DONTWAIT|MSG_NOSIGNAL, NULL, 0) = 16
4197  1784445241.413991 recvfrom(125, 0x6fad2b3020, 2272, MSG_DONTWAIT, NULL, NULL) = -1 EAGAIN (Try again)
4197  1784445241.414566 recvfrom(125, "\2\0\0\0\0\0\0\0\243\25\0\0\0\0\0\0\200B\347\263\261\4\0\0\1\0\0\0\2\20\0\0"..., 2272, MSG_DONTWAIT, NULL, NULL) = 232
4197  1784445241.414788 recvfrom(39, 0x7fed454890, 3200, MSG_DONTWAIT, NULL, NULL) = -1 EAGAIN (Try again)
4197  1784445241.416146 sendto(125, "\3\0\0\0\0\0\0\0\243\25\0\0\1\0\0\0", 16, MSG_DONTWAIT|MSG_NOSIGNAL, NULL, 0) = 16
4197  1784445241.416478 recvfrom(125, 0x6fad2b3020, 2272, MSG_DONTWAIT, NULL, NULL) = -1 EAGAIN (Try again)
4197  1784445241.431726 recvfrom(39, "nysv\0\0\0\0\0\0\0\0\0\0\0\0\r\227\2\265\261\4\0\0\313\261\4\0\0\0\0\0", 3200, MSG_DONTWAIT, NULL, NULL) = 32
4197  1784445241.431903 recvfrom(39, 0x7fed458190, 3200, MSG_DONTWAIT, NULL, NULL) = -1 EAGAIN (Try again)
4197  1784445241.432174 recvfrom(125, 0x6fad2b3020, 2272, MSG_DONTWAIT, NULL, NULL) = -1 EAGAIN (Try again)
4197  1784445241.432331 recvfrom(39, 0x7fed4580f0, 3200, MSG_DONTWAIT, NULL, NULL) = -1 EAGAIN (Try again)
4197  1784445241.451711 recvfrom(39, "nysv\0\0\0\0\0\0\0\0\0\0\0\0\307<\1\266\261\4\0\0\314\261\4\0\0\0\0\0", 3200, MSG_DONTWAIT, NULL, NULL) = 32
4197  1784445241.452052 recvfrom(39, 0x7fed458190, 3200, MSG_DONTWAIT, NULL, NULL) = -1 EAGAIN (Try again)
4197  1784445241.452404 recvfrom(39, 0x7fed4580f0, 3200, MSG_DONTWAIT, NULL, NULL) = -1 EAGAIN (Try again)
4197  1784445241.456298 newfstatat(AT_FDCWD, "/system/framework/framework-res.apk", {st_mode=S_IFREG|0644, st_size=45992421, ...}, 0) = 0
4197  1784445241.456525 newfstatat(AT_FDCWD, "/product/overlay/GoogleConfigOverlay.apk", {st_mode=S_IFREG|0644, st_size=25070, ...}, 0) = 0
4197  1784445241.456770 newfstatat(AT_FDCWD, "/product/overlay/GoogleWebViewOverlay.apk", {st_mode=S_IFREG|0644, st_size=16815, ...}, 0) = 0
4197  1784445241.457002 newfstatat(AT_FDCWD, "/product/overlay/PixelConfigOverlayCommon.apk", {st_mode=S_IFREG|0644, st_size=52833, ...}, 0) = 0
4197  1784445241.457237 newfstatat(AT_FDCWD, "/product/overlay/EmulatorConfigOverlay.apk", {st_mode=S_IFREG|0644, st_size=16734, ...}, 0) = 0
4197  1784445241.457461 newfstatat(AT_FDCWD, "/data/app/cl.coders.faketraveler-uwok4H1DBLUVx8p9EF9jRQ==/base.apk", {st_mode=S_IFREG|0644, st_size=5539288, ...}, 0) = 0
4197  1784445241.457890 newfstatat(AT_FDCWD, "/system/product/app/WebViewGoogle64/WebViewGoogle64.apk", {st_mode=S_IFREG|0644, st_size=63049250, ...}, 0) = 0
4197  1784445241.458117 newfstatat(AT_FDCWD, "/system/product/app/TrichromeLibrary64/TrichromeLibrary64.apk", {st_mode=S_IFREG|0644, st_size=94562500, ...}, 0) = 0
4197  1784445241.459346 clone(child_stack=0x70088b2d40, flags=CLONE_VM|CLONE_FS|CLONE_FILES|CLONE_SIGHAND|CLONE_THREAD|CLONE_SYSVSEM|CLONE_SETTLS|CLONE_PARENT_SETTID|CLONE_CHILD_CLEARTID, parent_tidptr=0x70088b2d60, tls=0x70088b3020, child_tidptr=0x70088b2d60) = 4404
4197  1784445241.461278 newfstatat(AT_FDCWD, "/system/framework/framework-res.apk", {st_mode=S_IFREG|0644, st_size=45992421, ...}, 0) = 0
4197  1784445241.461617 newfstatat(AT_FDCWD, "/product/overlay/GoogleConfigOverlay.apk", {st_mode=S_IFREG|0644, st_size=25070, ...}, 0) = 0
4197  1784445241.461957 newfstatat(AT_FDCWD, "/product/overlay/GoogleWebViewOverlay.apk", {st_mode=S_IFREG|0644, st_size=16815, ...}, 0) = 0
4197  1784445241.462256 newfstatat(AT_FDCWD, "/product/overlay/PixelConfigOverlayCommon.apk", {st_mode=S_IFREG|0644, st_size=52833, ...}, 0) = 0
4197  1784445241.462601 newfstatat(AT_FDCWD, "/product/overlay/EmulatorConfigOverlay.apk", {st_mode=S_IFREG|0644, st_size=16734, ...}, 0) = 0
4197  1784445241.462917 newfstatat(AT_FDCWD, "/data/app/cl.coders.faketraveler-uwok4H1DBLUVx8p9EF9jRQ==/base.apk", {st_mode=S_IFREG|0644, st_size=5539288, ...}, 0) = 0
4197  1784445241.463360 newfstatat(AT_FDCWD, "/system/product/app/WebViewGoogle64/WebViewGoogle64.apk", {st_mode=S_IFREG|0644, st_size=63049250, ...}, 0) = 0
4197  1784445241.463754 newfstatat(AT_FDCWD, "/system/product/app/TrichromeLibrary64/TrichromeLibrary64.apk", {st_mode=S_IFREG|0644, st_size=94562500, ...}, 0) = 0
4404  1784445241.464403 exit(0)         = ?
4404  1784445241.464873 +++ exited with 0 +++
4197  1784445241.467478 --- SIGSEGV {si_signo=SIGSEGV, si_code=SEGV_MAPERR, si_addr=NULL} ---
4197  1784445241.473415 newfstatat(AT_FDCWD, "/system/framework/framework-res.apk", {st_mode=S_IFREG|0644, st_size=45992421, ...}, 0) = 0
4197  1784445241.473743 newfstatat(AT_FDCWD, "/product/overlay/GoogleConfigOverlay.apk", {st_mode=S_IFREG|0644, st_size=25070, ...}, 0) = 0
4197  1784445241.473957 newfstatat(AT_FDCWD, "/product/overlay/GoogleWebViewOverlay.apk", {st_mode=S_IFREG|0644, st_size=16815, ...}, 0) = 0
4197  1784445241.474251 newfstatat(AT_FDCWD, "/product/overlay/PixelConfigOverlayCommon.apk", {st_mode=S_IFREG|0644, st_size=52833, ...}, 0) = 0
4197  1784445241.474471 newfstatat(AT_FDCWD, "/product/overlay/EmulatorConfigOverlay.apk", {st_mode=S_IFREG|0644, st_size=16734, ...}, 0) = 0
4197  1784445241.474705 newfstatat(AT_FDCWD, "/data/app/cl.coders.faketraveler-uwok4H1DBLUVx8p9EF9jRQ==/base.apk", {st_mode=S_IFREG|0644, st_size=5539288, ...}, 0) = 0
4197  1784445241.474953 newfstatat(AT_FDCWD, "/system/product/app/WebViewGoogle64/WebViewGoogle64.apk", {st_mode=S_IFREG|0644, st_size=63049250, ...}, 0) = 0
4197  1784445241.475181 newfstatat(AT_FDCWD, "/system/product/app/TrichromeLibrary64/TrichromeLibrary64.apk", {st_mode=S_IFREG|0644, st_size=94562500, ...}, 0) = 0
4300  1784445241.493710 sendmsg(150, {msg_name=NULL, msg_namelen=0, msg_iov=[{iov_base="l\1\1\1\24\1\0\0^\0\0\0\235\0\0\0\1\1o\0;\0\0\0/re/frid"..., iov_len=452}], msg_iovlen=1, msg_controllen=0, msg_flags=0}, MSG_NOSIGNAL <unfinished ...>
4218  1784445241.493894 recvfrom(43,  <unfinished ...>
4300  1784445241.494028 <... sendmsg resumed> ) = 452
4218  1784445241.494042 <... recvfrom resumed> 0x700c617eb0, 3200, MSG_DONTWAIT, NULL, NULL) = -1 EAGAIN (Try again)
4218  1784445241.495967 clone(child_stack=0x70088b2d40, flags=CLONE_VM|CLONE_FS|CLONE_FILES|CLONE_SIGHAND|CLONE_THREAD|CLONE_SYSVSEM|CLONE_SETTLS|CLONE_PARENT_SETTID|CLONE_CHILD_CLEARTID, parent_tidptr=0x70088b2d60, tls=0x70088b3020, child_tidptr=0x70088b2d60) = 4405
4218  1784445241.496642 recvfrom(43, 0x700c617eb0, 3200, MSG_DONTWAIT, NULL, NULL) = -1 EAGAIN (Try again)
4218  1784445241.497895 recvfrom(43, "nysv\0\0\0\0\0\0\0\0\0\0\0\0N\275\374\270\261\4\0\0\317\261\4\0\0\0\0\0", 3200, MSG_DONTWAIT, NULL, NULL) = 32
4218  1784445241.498464 recvfrom(43, 0x700c617c80, 3200, MSG_DONTWAIT, NULL, NULL) = -1 EAGAIN (Try again)
4405  1784445241.501810 exit(0)         = ?
4405  1784445241.502149 +++ exited with 0 +++
4218  1784445241.543108 recvfrom(43, "nysv\0\0\0\0\0\0\0\0\0\0\0\0x\r\373\271\261\4\0\0\320\261\4\0\0\0\0\0", 3200, MSG_DONTWAIT, NULL, NULL) = 32
4218  1784445241.543314 recvfrom(43, 0x700c617eb0, 3200, MSG_DONTWAIT, NULL, NULL) = -1 EAGAIN (Try again)
4300  1784445241.553419 sendmsg(150, {msg_name=NULL, msg_namelen=0, msg_iov=[{iov_base="l\1\1\1\340\0\0\0_\0\0\0\235\0\0\0\1\1o\0;\0\0\0/re/frid"..., iov_len=400}], msg_iovlen=1, msg_controllen=0, msg_flags=0}, MSG_NOSIGNAL) = 400
4300  1784445241.556356 sendmsg(150, {msg_name=NULL, msg_namelen=0, msg_iov=[{iov_base="l\1\1\1\344\0\0\0`\0\0\0\235\0\0\0\1\1o\0;\0\0\0/re/frid"..., iov_len=404}], msg_iovlen=1, msg_controllen=0, msg_flags=0}, MSG_NOSIGNAL) = 404
4300  1784445241.560096 sendmsg(150, {msg_name=NULL, msg_namelen=0, msg_iov=[{iov_base="l\1\1\1\344\0\0\0a\0\0\0\235\0\0\0\1\1o\0;\0\0\0/re/frid"..., iov_len=404}], msg_iovlen=1, msg_controllen=0, msg_flags=0}, MSG_NOSIGNAL) = 404
4218  1784445241.590357 recvfrom(43, "nysv\0\0\0\0\0\0\0\0\0\0\0\0\337B\370\273\261\4\0\0\322\261\4\0\0\0\0\0", 3200, MSG_DONTWAIT, NULL, NULL) = 32
4218  1784445241.590532 recvfrom(43, 0x700c617eb0, 3200, MSG_DONTWAIT, NULL, NULL) = -1 EAGAIN (Try again)
4218  1784445241.626129 recvfrom(43, "nysv\0\0\0\0\0\0\0\0\0\0\0\0\317\343\363\276\261\4\0\0\325\261\4\0\0\0\0\0", 3200, MSG_DONTWAIT, NULL, NULL) = 32
4218  1784445241.626294 recvfrom(43, 0x700c617eb0, 3200, MSG_DONTWAIT, NULL, NULL) = -1 EAGAIN (Try again)
4197  1784445241.630419 recvfrom(39, "nysv\0\0\0\0\0\0\0\0\0\0\0\0\26\320\377\266\261\4\0\0\315\261\4\0\0\0\0\0", 3200, MSG_DONTWAIT, NULL, NULL) = 32
4197  1784445241.630655 recvfrom(39, 0x7fed458190, 3200, MSG_DONTWAIT, NULL, NULL) = -1 EAGAIN (Try again)
4197  1784445241.636161 recvfrom(125, 0x6fad2b3020, 2272, MSG_DONTWAIT, NULL, NULL) = -1 EAGAIN (Try again)
4197  1784445241.636522 recvfrom(152, 0x700788b420, 2272, MSG_DONTWAIT, NULL, NULL) = -1 EAGAIN (Try again)
4197  1784445241.636840 recvfrom(39, 0x7fed4580f0, 3200, MSG_DONTWAIT, NULL, NULL) = -1 EAGAIN (Try again)
4218  1784445241.671427 recvfrom(43, "nysv\0\0\0\0\0\0\0\0\0\0\0\0\221\304\360\300\261\4\0\0\327\261\4\0\0\0\0\0", 3200, MSG_DONTWAIT, NULL, NULL) = 32
4218  1784445241.671598 recvfrom(43, 0x700c617eb0, 3200, MSG_DONTWAIT, NULL, NULL) = -1 EAGAIN (Try again)
4197  1784445241.674550 clone(child_stack=0x70088b2d40, flags=CLONE_VM|CLONE_FS|CLONE_FILES|CLONE_SIGHAND|CLONE_THREAD|CLONE_SYSVSEM|CLONE_SETTLS|CLONE_PARENT_SETTID|CLONE_CHILD_CLEARTID, parent_tidptr=0x70088b2d60, tls=0x70088b3020, child_tidptr=0x70088b2d60) = 4406
4406  1784445241.683617 clone(child_stack=0x7008669d40, flags=CLONE_VM|CLONE_FS|CLONE_FILES|CLONE_SIGHAND|CLONE_THREAD|CLONE_SYSVSEM|CLONE_SETTLS|CLONE_PARENT_SETTID|CLONE_CHILD_CLEARTID, parent_tidptr=0x7008669d60, tls=0x700866a020, child_tidptr=0x7008669d60) = 4407
4300  1784445241.688796 sendmsg(150, {msg_name=NULL, msg_namelen=0, msg_iov=[{iov_base="l\1\1\1\0\1\0\0b\0\0\0\235\0\0\0\1\1o\0;\0\0\0/re/frid"..., iov_len=432}], msg_iovlen=1, msg_controllen=0, msg_flags=0}, MSG_NOSIGNAL) = 432
4300  1784445241.695345 sendmsg(150, {msg_name=NULL, msg_namelen=0, msg_iov=[{iov_base="l\1\1\1\0\1\0\0c\0\0\0\235\0\0\0\1\1o\0;\0\0\0/re/frid"..., iov_len=432}], msg_iovlen=1, msg_controllen=0, msg_flags=0}, MSG_NOSIGNAL) = 432
4218  1784445241.720052 recvfrom(43, "nysv\0\0\0\0\0\0\0\0\0\0\0\0h\216\354\303\261\4\0\0\332\261\4\0\0\0\0\0", 3200, MSG_DONTWAIT, NULL, NULL) = 32
4218  1784445241.720222 recvfrom(43, 0x700c617eb0, 3200, MSG_DONTWAIT, NULL, NULL) = -1 EAGAIN (Try again)
4300  1784445241.730842 sendmsg(150, {msg_name=NULL, msg_namelen=0, msg_iov=[{iov_base="l\1\1\1\0\1\0\0d\0\0\0\235\0\0\0\1\1o\0;\0\0\0/re/frid"..., iov_len=432}], msg_iovlen=1, msg_controllen=0, msg_flags=0}, MSG_NOSIGNAL) = 432
4300  1784445241.741996 sendmsg(150, {msg_name=NULL, msg_namelen=0, msg_iov=[{iov_base="l\1\1\1\0\1\0\0e\0\0\0\235\0\0\0\1\1o\0;\0\0\0/re/frid"..., iov_len=432}], msg_iovlen=1, msg_controllen=0, msg_flags=0}, MSG_NOSIGNAL) = 432
4218  1784445241.769382 recvfrom(43, "nysv\0\0\0\0\0\0\0\0\0\0\0\0\362\377\347\306\261\4\0\0\335\261\4\0\0\0\0\0", 3200, MSG_DONTWAIT, NULL, NULL) = 32
4218  1784445241.769560 recvfrom(43, 0x700c617eb0, 3200, MSG_DONTWAIT, NULL, NULL) = -1 EAGAIN (Try again)
4218  1784445241.807618 recvfrom(43, "nysv\0\0\0\0\0\0\0\0\0\0\0\0\304\262\342\311\261\4\0\0\340\261\4\0\0\0\0\0", 3200, MSG_DONTWAIT, NULL, NULL) = 32
4218  1784445241.807796 recvfrom(43, 0x700c617eb0, 3200, MSG_DONTWAIT, NULL, NULL) = -1 EAGAIN (Try again)
4218  1784445241.899533 recvfrom(43, "nysv\0\0\0\0\0\0\0\0\0\0\0\0\240\337\337\313\261\4\0\0\342\261\4\0\0\0\0\0", 3200, MSG_DONTWAIT, NULL, NULL) = 32
4218  1784445241.899823 recvfrom(43, 0x700c617eb0, 3200, MSG_DONTWAIT, NULL, NULL) = -1 EAGAIN (Try again)
4197  1784445241.903151 recvfrom(39, "nysv\0\0\0\0\0\0\0\0\0\0\0\0\273\24\357\301\261\4\0\0\330\261\4\0\0\0\0\0", 3200, MSG_DONTWAIT, NULL, NULL) = 32
4197  1784445241.903341 recvfrom(39, 0x7fed458190, 3200, MSG_DONTWAIT, NULL, NULL) = -1 EAGAIN (Try again)
4218  1784445241.914967 recvfrom(43, "nysv\0\0\0\0\0\0\0\0\0\0\0\0S\364\324\321\261\4\0\0\350\261\4\0\0\0\0\0", 3200, MSG_DONTWAIT, NULL, NULL) = 32
4218  1784445241.916689 recvfrom(43, 0x700c617c80, 3200, MSG_DONTWAIT, NULL, NULL) = -1 EAGAIN (Try again)
4197  1784445241.918199 recvfrom(152, 0x700788b420, 2272, MSG_DONTWAIT, NULL, NULL) = -1 EAGAIN (Try again)
4197  1784445241.918612 recvfrom(39, 0x7fed4580f0, 3200, MSG_DONTWAIT, NULL, NULL) = -1 EAGAIN (Try again)
4218  1784445241.957472 recvfrom(43, "nysv\0\0\0\0\0\0\0\0\0\0\0\0}D\323\322\261\4\0\0\351\261\4\0\0\0\0\0", 3200, MSG_DONTWAIT, NULL, NULL) = 32
4218  1784445241.957691 recvfrom(43, 0x700c617eb0, 3200, MSG_DONTWAIT, NULL, NULL) = -1 EAGAIN (Try again)
4197  1784445241.963752 recvfrom(39, "nysv\0\0\0\0\0\0\0\0\0\0\0\0}D\323\322\261\4\0\0\351\261\4\0\0\0\0\0", 3200, MSG_DONTWAIT, NULL, NULL) = 32
4197  1784445241.964564 recvfrom(39, 0x7fed458190, 3200, MSG_DONTWAIT, NULL, NULL) = -1 EAGAIN (Try again)
4197  1784445241.981376 recvfrom(152, 0x700788b420, 2272, MSG_DONTWAIT, NULL, NULL) = -1 EAGAIN (Try again)
4197  1784445241.986143 recvfrom(39, 0x7fed457a00, 3200, MSG_DONTWAIT, NULL, NULL) = -1 EAGAIN (Try again)
4300  1784445241.995901 sendmsg(150, {msg_name=NULL, msg_namelen=0, msg_iov=[{iov_base="l\1\1\1\0\1\0\0f\0\0\0\235\0\0\0\1\1o\0;\0\0\0/re/frid"..., iov_len=432}], msg_iovlen=1, msg_controllen=0, msg_flags=0}, MSG_NOSIGNAL) = 432
4300  1784445242.009795 sendmsg(150, {msg_name=NULL, msg_namelen=0, msg_iov=[{iov_base="l\1\1\1\0\1\0\0g\0\0\0\235\0\0\0\1\1o\0;\0\0\0/re/frid"..., iov_len=432}], msg_iovlen=1, msg_controllen=0, msg_flags=0}, MSG_NOSIGNAL) = 432
4218  1784445242.048510 recvfrom(43, "nysv\0\0\0\0\0\0\0\0\0\0\0\0\301g\320\324\261\4\0\0\353\261\4\0\0\0\0\0", 3200, MSG_DONTWAIT, NULL, NULL) = 32
4218  1784445242.048894 recvfrom(43, 0x700c617eb0, 3200, MSG_DONTWAIT, NULL, NULL) = -1 EAGAIN (Try again)
4197  1784445242.059484 recvfrom(39, "nysv\0\0\0\0\0\0\0\0\0\0\0\0QD\315\326\261\4\0\0\355\261\4\0\0\0\0\0", 3200, MSG_DONTWAIT, NULL, NULL) = 32
4197  1784445242.059739 recvfrom(39, 0x7fed458190, 3200, MSG_DONTWAIT, NULL, NULL) = -1 EAGAIN (Try again)
4197  1784445242.062249 recvfrom(39, 0x7fed457a00, 3200, MSG_DONTWAIT, NULL, NULL) = -1 EAGAIN (Try again)
4197  1784445242.066442 recvfrom(39, "nysv\0\0\0\0\0\0\0\0\0\0\0\0(\210\307\332\261\4\0\0\361\261\4\0\0\0\0\0", 3200, MSG_DONTWAIT, NULL, NULL) = 32
4197  1784445242.066825 recvfrom(39, 0x7fed458190, 3200, MSG_DONTWAIT, NULL, NULL) = -1 EAGAIN (Try again)
4300  1784445242.088511 sendmsg(150, {msg_name=NULL, msg_namelen=0, msg_iov=[{iov_base="l\1\1\1\374\0\0\0h\0\0\0\235\0\0\0\1\1o\0;\0\0\0/re/frid"..., iov_len=428}], msg_iovlen=1, msg_controllen=0, msg_flags=0}, MSG_NOSIGNAL) = 428
4300  1784445242.098967 sendmsg(150, {msg_name=NULL, msg_namelen=0, msg_iov=[{iov_base="l\1\1\1\374\0\0\0i\0\0\0\235\0\0\0\1\1o\0;\0\0\0/re/frid"..., iov_len=428}], msg_iovlen=1, msg_controllen=0, msg_flags=0}, MSG_NOSIGNAL) = 428
4197  1784445242.130355 recvfrom(39, 0x7fed456ea0, 3200, MSG_DONTWAIT, NULL, NULL) = -1 EAGAIN (Try again)
4218  1784445242.144237 recvfrom(43, "nysv\0\0\0\0\0\0\0\0\0\0\0\0(\210\307\332\261\4\0\0\361\261\4\0\0\0\0\0", 3200, MSG_DONTWAIT, NULL, NULL) = 32
4218  1784445242.144413 recvfrom(43, 0x700c617c80, 3200, MSG_DONTWAIT, NULL, NULL) = -1 EAGAIN (Try again)
4197  1784445242.148528 recvfrom(39, "nysv\0\0\0\0\0\0\0\0\0\0\0\0005X\300\337\261\4\0\0\366\261\4\0\0\0\0\0", 3200, MSG_DONTWAIT, NULL, NULL) = 32
4197  1784445242.148823 recvfrom(39, 0x7fed458190, 3200, MSG_DONTWAIT, NULL, NULL) = -1 EAGAIN (Try again)
4197  1784445242.153002 recvfrom(39, 0x7fed457a00, 3200, MSG_DONTWAIT, NULL, NULL) = -1 EAGAIN (Try again)
4300  1784445242.160053 sendmsg(150, {msg_name=NULL, msg_namelen=0, msg_iov=[{iov_base="l\1\1\1\374\0\0\0j\0\0\0\235\0\0\0\1\1o\0;\0\0\0/re/frid"..., iov_len=428}], msg_iovlen=1, msg_controllen=0, msg_flags=0}, MSG_NOSIGNAL) = 428
4197  1784445242.164690 recvfrom(39, "nysv\0\0\0\0\0\0\0\0\0\0\0\0\16\343\276\340\261\4\0\0\367\261\4\0\0\0\0\0", 3200, MSG_DONTWAIT, NULL, NULL) = 32
4197  1784445242.164927 recvfrom(39, 0x7fed458190, 3200, MSG_DONTWAIT, NULL, NULL) = -1 EAGAIN (Try again)
4300  1784445242.174878 sendmsg(150, {msg_name=NULL, msg_namelen=0, msg_iov=[{iov_base="l\1\1\1\374\0\0\0k\0\0\0\235\0\0\0\1\1o\0;\0\0\0/re/frid"..., iov_len=428}], msg_iovlen=1, msg_controllen=0, msg_flags=0}, MSG_NOSIGNAL) = 428
4197  1784445242.320165 recvfrom(39, 0x7fed4581e0, 3200, MSG_DONTWAIT, NULL, NULL) = -1 EAGAIN (Try again)
4197  1784445242.334150 recvfrom(39, "nysv\0\0\0\0\0\0\0\0\0\0\0\0M+\255\352\261\4\0\0\1\262\4\0\0\0\0\0", 3200, MSG_DONTWAIT, NULL, NULL) = 32
4197  1784445242.334729 recvfrom(39, 0x7fed458190, 3200, MSG_DONTWAIT, NULL, NULL) = -1 EAGAIN (Try again)
4197  1784445242.338136 recvfrom(125, 0x6fad2b3020, 2272, MSG_DONTWAIT, NULL, NULL) = -1 EAGAIN (Try again)
4262  1784445242.338948 openat(AT_FDCWD, "/proc/4197/stat", O_RDONLY|O_CLOEXEC) = 141
4262  1784445242.340920 openat(AT_FDCWD, "/proc/4197/task", O_RDONLY|O_DIRECTORY) = 141
4262  1784445242.341346 openat(AT_FDCWD, "/proc/4197/task/4197/stat", O_RDONLY|O_CLOEXEC) = 151
4262  1784445242.343000 openat(AT_FDCWD, "/proc/4197/task/4201/stat", O_RDONLY|O_CLOEXEC) = 151
4262  1784445242.344614 openat(AT_FDCWD, "/proc/4197/task/4208/stat", O_RDONLY|O_CLOEXEC) = 134
4262  1784445242.346267 openat(AT_FDCWD, "/proc/4197/task/4209/stat", O_RDONLY|O_CLOEXEC) = 134
4262  1784445242.348393 openat(AT_FDCWD, "/proc/4197/task/4210/stat", O_RDONLY|O_CLOEXEC) = 134
4262  1784445242.352520 openat(AT_FDCWD, "/proc/4197/task/4211/stat", O_RDONLY|O_CLOEXEC) = 134
4262  1784445242.353667 openat(AT_FDCWD, "/proc/4197/task/4212/stat", O_RDONLY|O_CLOEXEC) = 134
4256  1784445242.355027 sendto(109, "`\0\0\0\0\0\0\0\5\0\0\0\0\0\0\0\0\0\0\0\0\0\0\0\"\20\24d;\370\34p"..., 96, MSG_NOSIGNAL, NULL, 0 <unfinished ...>
4262  1784445242.355060 openat(AT_FDCWD, "/proc/4197/task/4213/stat", O_RDONLY|O_CLOEXEC) = 134
4256  1784445242.355761 <... sendto resumed> ) = 96
4256  1784445242.355894 sendto(109, "h\0\0\0\0\0\0\0\5\0\0\0\0\0\0\0\0\0\0\0\0\0\0\0\"\20\24d;\370\34p"..., 104, MSG_NOSIGNAL, NULL, 0) = 104
4256  1784445242.356963 recvmsg(109, {msg_name=NULL, msg_namelen=0, msg_iov=[{iov_base="h\0\0\0\0\0\0\0\5\0\0\0\0\0\0\0\0\0\0\0\0\0\0\0bcv\311a\312G\235"..., iov_len=4096}], msg_iovlen=1, msg_controllen=0, msg_flags=0}, MSG_DONTWAIT) = 208
4256  1784445242.357441 recvmsg(108,  <unfinished ...>
4262  1784445242.357741 openat(AT_FDCWD, "/proc/4197/task/4214/stat", O_RDONLY|O_CLOEXEC <unfinished ...>
4256  1784445242.357766 <... recvmsg resumed> {msg_name=NULL, msg_namelen=0, msg_iov=[{iov_base="\24\0\0\0\0\0\0\0\1\0\0\0\0\0\0\0\0\0\1\0", iov_len=4096}], msg_iovlen=1, msg_controllen=0, msg_flags=0}, MSG_DONTWAIT) = 20
4262  1784445242.357834 <... openat resumed> ) = 134
4262  1784445242.359782 openat(AT_FDCWD, "/proc/4197/task/4215/stat", O_RDONLY|O_CLOEXEC) = 134
4256  1784445242.360258 sendmsg(108, {msg_name=NULL, msg_namelen=0, msg_iov=[{iov_base=" \0\0\0\1\0\0\0\2\0\0\0\0\0\0\0\20H\255u6\t\6\216\354\325\262\273\1\267?w", iov_len=32}], msg_iovlen=1, msg_control=[{cmsg_len=20, cmsg_level=SOL_SOCKET, cmsg_type=SCM_RIGHTS, cmsg_data=[135]}], msg_controllen=20, msg_flags=0}, MSG_NOSIGNAL) = 32
4197  1784445242.360481 recvfrom(39, 0x7fed457f10, 3200, MSG_DONTWAIT, NULL, NULL) = -1 EAGAIN (Try again)
4256  1784445242.360975 recvmsg(109, {msg_name=NULL, msg_namelen=0, msg_iov=[{iov_base="\370\0\0\0\1\0\0\0\5\0\0\0\0\0\0\0\0\0\0\0\0\0\0\0\223:h4L\226 \36"..., iov_len=4096}], msg_iovlen=1, msg_control=[{cmsg_len=20, cmsg_level=SOL_SOCKET, cmsg_type=SCM_RIGHTS, cmsg_data=[135]}], msg_controllen=24, msg_flags=0}, MSG_DONTWAIT) = 248
4256  1784445242.362066 recvmsg(109, {msg_name=NULL, msg_namelen=0, msg_iov=[{iov_base="\240\0\0\0\0\0\0\0\5\0\0\0\0\0\0\0\0\0\0\0\0\0\0\0\223:h4L\226 \36"..., iov_len=4096}], msg_iovlen=1, msg_controllen=0, msg_flags=0}, MSG_DONTWAIT) = 1256
4262  1784445242.362270 openat(AT_FDCWD, "/proc/4197/task/4216/stat", O_RDONLY|O_CLOEXEC) = 134
4197  1784445242.362533 sendto(109, "h\0\0\0\0\0\0\0\5\0\0\0\0\0\0\0\0\0\0\0\0\0\0\0\322\334\36\245Z\230\234\v"..., 104, MSG_NOSIGNAL, NULL, 0) = 104
4262  1784445242.364625 openat(AT_FDCWD, "/proc/4197/task/4217/stat", O_RDONLY|O_CLOEXEC) = 134
4256  1784445242.365253 sendto(109, "\220\0\0\0\0\0\0\0\5\0\0\0\0\0\0\0\0\0\0\0\0\0\0\0\"\20\24d;\370\34p"..., 144, MSG_NOSIGNAL, NULL, 0 <unfinished ...>
4197  1784445242.365269 recvfrom(39,  <unfinished ...>
4256  1784445242.365468 <... sendto resumed> ) = 144
4197  1784445242.365471 <... recvfrom resumed> "nysv\0\0\0\0\0\0\0\0\0\0\0\0\341B\252\354\261\4\0\0\3\262\4\0\0\0\0\0", 3200, MSG_DONTWAIT, NULL, NULL) = 32
4197  1784445242.367062 recvfrom(39, 0x7fed458190, 3200, MSG_DONTWAIT, NULL, NULL) = -1 EAGAIN (Try again)
4197  1784445242.367247 recvfrom(125, 0x6fad2b3020, 2272, MSG_DONTWAIT, NULL, NULL) = -1 EAGAIN (Try again)
4262  1784445242.367727 openat(AT_FDCWD, "/proc/4197/task/4218/stat", O_RDONLY|O_CLOEXEC) = 134
4256  1784445242.368489 recvmsg(109, {msg_name=NULL, msg_namelen=0, msg_iov=[{iov_base="h\0\0\0\0\0\0\0\5\0\0\0\0\0\0\0\0\0\0\0\0\0\0\0}\330:\5\351\341\266Y"..., iov_len=4096}], msg_iovlen=1, msg_controllen=0, msg_flags=0}, MSG_DONTWAIT) = 104
4262  1784445242.370878 openat(AT_FDCWD, "/proc/4197/task/4221/stat", O_RDONLY|O_CLOEXEC) = 134
4262  1784445242.372682 openat(AT_FDCWD, "/proc/4197/task/4226/stat", O_RDONLY|O_CLOEXEC) = 134
4262  1784445242.374703 openat(AT_FDCWD, "/proc/4197/task/4231/stat", O_RDONLY|O_CLOEXEC) = 134
4262  1784445242.376000 openat(AT_FDCWD, "/proc/4197/task/4252/stat", O_RDONLY|O_CLOEXEC) = 134
4262  1784445242.377168 openat(AT_FDCWD, "/proc/4197/task/4253/stat", O_RDONLY|O_CLOEXEC) = 134
4300  1784445242.377827 sendmsg(150, {msg_name=NULL, msg_namelen=0, msg_iov=[{iov_base="l\1\1\1\374\0\0\0l\0\0\0\235\0\0\0\1\1o\0;\0\0\0/re/frid"..., iov_len=428}], msg_iovlen=1, msg_controllen=0, msg_flags=0}, MSG_NOSIGNAL) = 428
4262  1784445242.378796 openat(AT_FDCWD, "/proc/4197/task/4254/stat", O_RDONLY|O_CLOEXEC) = 134
4262  1784445242.379915 openat(AT_FDCWD, "/proc/4197/task/4255/stat", O_RDONLY|O_CLOEXEC) = 134
4262  1784445242.381727 openat(AT_FDCWD, "/proc/4197/task/4256/stat", O_RDONLY|O_CLOEXEC) = 134
4262  1784445242.385264 openat(AT_FDCWD, "/proc/4197/task/4257/stat", O_RDONLY|O_CLOEXEC) = 134
4262  1784445242.387667 openat(AT_FDCWD, "/proc/4197/task/4258/stat", O_RDONLY|O_CLOEXEC) = 134
4262  1784445242.388578 openat(AT_FDCWD, "/proc/4197/task/4259/stat", O_RDONLY|O_CLOEXEC) = 134
4262  1784445242.389584 openat(AT_FDCWD, "/proc/4197/task/4260/stat", O_RDONLY|O_CLOEXEC) = 134
4262  1784445242.390645 openat(AT_FDCWD, "/proc/4197/task/4261/stat", O_RDONLY|O_CLOEXEC) = 134
4262  1784445242.391746 openat(AT_FDCWD, "/proc/4197/task/4262/stat", O_RDONLY|O_CLOEXEC) = 134
4262  1784445242.393184 openat(AT_FDCWD, "/proc/4197/task/4263/stat", O_RDONLY|O_CLOEXEC) = 134
4262  1784445242.395863 openat(AT_FDCWD, "/proc/4197/task/4264/stat", O_RDONLY|O_CLOEXEC) = 134
4262  1784445242.402585 openat(AT_FDCWD, "/proc/4197/task/4265/stat", O_RDONLY|O_CLOEXEC) = 134
4262  1784445242.402766 openat(AT_FDCWD, "/proc/4197/task/4266/stat", O_RDONLY|O_CLOEXEC) = 134
4262  1784445242.402888 openat(AT_FDCWD, "/proc/4197/task/4267/stat", O_RDONLY|O_CLOEXEC) = 134
4262  1784445242.402926 openat(AT_FDCWD, "/proc/4197/task/4269/stat", O_RDONLY|O_CLOEXEC) = 134
4262  1784445242.402960 openat(AT_FDCWD, "/proc/4197/task/4270/stat", O_RDONLY|O_CLOEXEC) = 134
4262  1784445242.403043 openat(AT_FDCWD, "/proc/4197/task/4273/stat", O_RDONLY|O_CLOEXEC) = 134
4262  1784445242.403105 openat(AT_FDCWD, "/proc/4197/task/4274/stat", O_RDONLY|O_CLOEXEC) = 134
4262  1784445242.403187 openat(AT_FDCWD, "/proc/4197/task/4275/stat", O_RDONLY|O_CLOEXEC) = 134
4262  1784445242.403238 openat(AT_FDCWD, "/proc/4197/task/4276/stat", O_RDONLY|O_CLOEXEC) = 134
4262  1784445242.403272 openat(AT_FDCWD, "/proc/4197/task/4287/stat", O_RDONLY|O_CLOEXEC) = 134
4262  1784445242.403313 openat(AT_FDCWD, "/proc/4197/task/4297/stat", O_RDONLY|O_CLOEXEC) = 134
4262  1784445242.403396 openat(AT_FDCWD, "/proc/4197/task/4298/stat", O_RDONLY|O_CLOEXEC) = 134
4262  1784445242.403431 openat(AT_FDCWD, "/proc/4197/task/4300/stat", O_RDONLY|O_CLOEXEC) = 134
4262  1784445242.403507 openat(AT_FDCWD, "/proc/4197/task/4301/stat", O_RDONLY|O_CLOEXEC) = 134
4262  1784445242.403567 openat(AT_FDCWD, "/proc/4197/task/4360/stat", O_RDONLY|O_CLOEXEC) = 134
4262  1784445242.403617 openat(AT_FDCWD, "/proc/4197/task/4368/stat", O_RDONLY|O_CLOEXEC) = 134
4262  1784445242.403765 openat(AT_FDCWD, "/proc/4197/task/4406/stat", O_RDONLY|O_CLOEXEC) = 134
4262  1784445242.403847 openat(AT_FDCWD, "/proc/4197/task/4407/stat", O_RDONLY|O_CLOEXEC) = 134
4300  1784445242.409772 sendmsg(150, {msg_name=NULL, msg_namelen=0, msg_iov=[{iov_base="l\1\1\1\374\0\0\0m\0\0\0\235\0\0\0\1\1o\0;\0\0\0/re/frid"..., iov_len=428}], msg_iovlen=1, msg_controllen=0, msg_flags=0}, MSG_NOSIGNAL) = 428
4197  1784445243.232907 recvfrom(39, 0x7fed457f20, 3200, MSG_DONTWAIT, NULL, NULL) = -1 EAGAIN (Try again)
4197  1784445243.252079 recvfrom(39, "nysv\0\0\0\0\0\0\0\0\0\0\0\0hdJ!\262\4\0\0007\262\4\0\0\0\0\0", 3200, MSG_DONTWAIT, NULL, NULL) = 32
4197  1784445243.252815 recvfrom(39, 0x7fed458190, 3200, MSG_DONTWAIT, NULL, NULL) = -1 EAGAIN (Try again)
4197  1784445243.254098 recvfrom(152, 0x700788b420, 2272, MSG_DONTWAIT, NULL, NULL) = -1 EAGAIN (Try again)
4197  1784445243.255670 recvfrom(39, 0x7fed457050, 3200, MSG_DONTWAIT, NULL, NULL) = -1 EAGAIN (Try again)
4197  1784445243.268420 recvfrom(39, "nysv\0\0\0\0\0\0\0\0\0\0\0\0\345\10I\"\262\4\0\08\262\4\0\0\0\0\0", 3200, MSG_DONTWAIT, NULL, NULL) = 32
4197  1784445243.269104 recvfrom(39, 0x7fed458190, 3200, MSG_DONTWAIT, NULL, NULL) = -1 EAGAIN (Try again)
4197  1784445243.274149 recvfrom(152, 0x700788b420, 2272, MSG_DONTWAIT, NULL, NULL) = -1 EAGAIN (Try again)
4197  1784445243.275179 recvfrom(39, 0x7fed457050, 3200, MSG_DONTWAIT, NULL, NULL) = -1 EAGAIN (Try again)
4197  1784445243.293128 recvfrom(39, "nysv\0\0\0\0\0\0\0\0\0\0\0\0(\235G#\262\4\0\09\262\4\0\0\0\0\0", 3200, MSG_DONTWAIT, NULL, NULL) = 32
4197  1784445243.293659 recvfrom(39, 0x7fed458190, 3200, MSG_DONTWAIT, NULL, NULL) = -1 EAGAIN (Try again)
4197  1784445243.303540 recvfrom(152, 0x700788b420, 2272, MSG_DONTWAIT, NULL, NULL) = -1 EAGAIN (Try again)
4197  1784445243.304528 recvfrom(39, 0x7fed457050, 3200, MSG_DONTWAIT, NULL, NULL) = -1 EAGAIN (Try again)
4197  1784445243.318086 recvfrom(39, "nysv\0\0\0\0\0\0\0\0\0\0\0\0\255\331D%\262\4\0\0;\262\4\0\0\0\0\0", 3200, MSG_DONTWAIT, NULL, NULL) = 32
4197  1784445243.318554 recvfrom(39, 0x7fed458190, 3200, MSG_DONTWAIT, NULL, NULL) = -1 EAGAIN (Try again)
4197  1784445243.322277 recvfrom(152, 0x700788b420, 2272, MSG_DONTWAIT, NULL, NULL) = -1 EAGAIN (Try again)
4197  1784445243.322897 recvfrom(39, 0x7fed457050, 3200, MSG_DONTWAIT, NULL, NULL) = -1 EAGAIN (Try again)
4197  1784445243.331420 recvfrom(39, "nysv\0\0\0\0\0\0\0\0\0\0\0\0\311mC&\262\4\0\0<\262\4\0\0\0\0\0", 3200, MSG_DONTWAIT, NULL, NULL) = 32
4197  1784445243.331843 recvfrom(39, 0x7fed458190, 3200, MSG_DONTWAIT, NULL, NULL) = -1 EAGAIN (Try again)
4197  1784445243.335588 recvfrom(152, 0x700788b420, 2272, MSG_DONTWAIT, NULL, NULL) = -1 EAGAIN (Try again)
4197  1784445243.336234 recvfrom(39, 0x7fed457050, 3200, MSG_DONTWAIT, NULL, NULL) = -1 EAGAIN (Try again)
4197  1784445243.347849 recvfrom(39, "nysv\0\0\0\0\0\0\0\0\0\0\0\0\363\275A'\262\4\0\0=\262\4\0\0\0\0\0", 3200, MSG_DONTWAIT, NULL, NULL) = 32
4197  1784445243.349420 recvfrom(39, 0x7fed458190, 3200, MSG_DONTWAIT, NULL, NULL) = -1 EAGAIN (Try again)
4197  1784445243.350488 recvfrom(152, 0x700788b420, 2272, MSG_DONTWAIT, NULL, NULL) = -1 EAGAIN (Try again)
4197  1784445243.352708 recvfrom(39, 0x7fed457050, 3200, MSG_DONTWAIT, NULL, NULL) = -1 EAGAIN (Try again)
4197  1784445243.364061 recvfrom(39, "nysv\0\0\0\0\0\0\0\0\0\0\0\0\312^@(\262\4\0\0>\262\4\0\0\0\0\0", 3200, MSG_DONTWAIT, NULL, NULL) = 32
4197  1784445243.364410 recvfrom(39, 0x7fed458190, 3200, MSG_DONTWAIT, NULL, NULL) = -1 EAGAIN (Try again)
4197  1784445243.365152 recvfrom(152, 0x700788b420, 2272, MSG_DONTWAIT, NULL, NULL) = -1 EAGAIN (Try again)
4197  1784445243.368241 recvfrom(39, 0x7fed457050, 3200, MSG_DONTWAIT, NULL, NULL) = -1 EAGAIN (Try again)
4197  1784445243.381410 recvfrom(39, "nysv\0\0\0\0\0\0\0\0\0\0\0\0\327\325>)\262\4\0\0?\262\4\0\0\0\0\0", 3200, MSG_DONTWAIT, NULL, NULL) = 32
4197  1784445243.381810 recvfrom(39, 0x7fed458190, 3200, MSG_DONTWAIT, NULL, NULL) = -1 EAGAIN (Try again)
4197  1784445243.382280 recvfrom(152, 0x700788b420, 2272, MSG_DONTWAIT, NULL, NULL) = -1 EAGAIN (Try again)
4197  1784445243.384203 recvfrom(39, 0x7fed457050, 3200, MSG_DONTWAIT, NULL, NULL) = -1 EAGAIN (Try again)
4197  1784445243.398397 recvfrom(39, "nysv\0\0\0\0\0\0\0\0\0\0\0\0\f==*\262\4\0\0@\262\4\0\0\0\0\0", 3200, MSG_DONTWAIT, NULL, NULL) = 32
4197  1784445243.398717 recvfrom(39, 0x7fed458190, 3200, MSG_DONTWAIT, NULL, NULL) = -1 EAGAIN (Try again)
4197  1784445243.399220 recvfrom(152, 0x700788b420, 2272, MSG_DONTWAIT, NULL, NULL) = -1 EAGAIN (Try again)
4197  1784445243.399936 recvfrom(39, 0x7fed457050, 3200, MSG_DONTWAIT, NULL, NULL) = -1 EAGAIN (Try again)
4197  1784445243.414155 recvfrom(39, "nysv\0\0\0\0\0\0\0\0\0\0\0\0]\363;+\262\4\0\0A\262\4\0\0\0\0\0", 3200, MSG_DONTWAIT, NULL, NULL) = 32
4197  1784445243.414548 recvfrom(39, 0x7fed458190, 3200, MSG_DONTWAIT, NULL, NULL) = -1 EAGAIN (Try again)
4197  1784445243.415281 recvfrom(152, 0x700788b420, 2272, MSG_DONTWAIT, NULL, NULL) = -1 EAGAIN (Try again)
4197  1784445243.416244 recvfrom(39, 0x7fed457050, 3200, MSG_DONTWAIT, NULL, NULL) = -1 EAGAIN (Try again)
4197  1784445243.431562 recvfrom(39, "nysv\0\0\0\0\0\0\0\0\0\0\0\0Co:,\262\4\0\0B\262\4\0\0\0\0\0", 3200, MSG_DONTWAIT, NULL, NULL) = 32
4197  1784445243.432242 recvfrom(39, 0x7fed458190, 3200, MSG_DONTWAIT, NULL, NULL) = -1 EAGAIN (Try again)
4197  1784445243.435613 recvfrom(152, 0x700788b420, 2272, MSG_DONTWAIT, NULL, NULL) = -1 EAGAIN (Try again)
4197  1784445243.436890 recvfrom(39, 0x7fed457050, 3200, MSG_DONTWAIT, NULL, NULL) = -1 EAGAIN (Try again)
4197  1784445243.448221 recvfrom(39, "nysv\0\0\0\0\0\0\0\0\0\0\0\0\352\3558-\262\4\0\0C\262\4\0\0\0\0\0", 3200, MSG_DONTWAIT, NULL, NULL) = 32
4197  1784445243.448712 recvfrom(39, 0x7fed458190, 3200, MSG_DONTWAIT, NULL, NULL) = -1 EAGAIN (Try again)
4197  1784445243.449338 recvfrom(152, 0x700788b420, 2272, MSG_DONTWAIT, NULL, NULL) = -1 EAGAIN (Try again)
4197  1784445243.452462 recvfrom(39, 0x7fed457050, 3200, MSG_DONTWAIT, NULL, NULL) = -1 EAGAIN (Try again)
4197  1784445243.464836 recvfrom(39, "nysv\0\0\0\0\0\0\0\0\0\0\0\0\24>7.\262\4\0\0D\262\4\0\0\0\0\0", 3200, MSG_DONTWAIT, NULL, NULL) = 32
4197  1784445243.465061 recvfrom(39, 0x7fed458190, 3200, MSG_DONTWAIT, NULL, NULL) = -1 EAGAIN (Try again)
4197  1784445243.465934 recvfrom(152, 0x700788b420, 2272, MSG_DONTWAIT, NULL, NULL) = -1 EAGAIN (Try again)
4197  1784445243.467621 recvfrom(39, 0x7fed457050, 3200, MSG_DONTWAIT, NULL, NULL) = -1 EAGAIN (Try again)
4197  1784445243.480977 recvfrom(39, "nysv\0\0\0\0\0\0\0\0\0\0\0\0\262\3225/\262\4\0\0E\262\4\0\0\0\0\0", 3200, MSG_DONTWAIT, NULL, NULL) = 32
4197  1784445243.481670 recvfrom(39, 0x7fed458190, 3200, MSG_DONTWAIT, NULL, NULL) = -1 EAGAIN (Try again)
4197  1784445243.482243 recvfrom(152, 0x700788b420, 2272, MSG_DONTWAIT, NULL, NULL) = -1 EAGAIN (Try again)
4197  1784445243.484295 recvfrom(39, 0x7fed457050, 3200, MSG_DONTWAIT, NULL, NULL) = -1 EAGAIN (Try again)
4197  1784445243.498130 recvfrom(39, "nysv\0\0\0\0\0\0\0\0\0\0\0\0\220F40\262\4\0\0F\262\4\0\0\0\0\0", 3200, MSG_DONTWAIT, NULL, NULL) = 32
4197  1784445243.498970 recvfrom(39, 0x7fed458190, 3200, MSG_DONTWAIT, NULL, NULL) = -1 EAGAIN (Try again)
4197  1784445243.500936 recvfrom(152, 0x700788b420, 2272, MSG_DONTWAIT, NULL, NULL) = -1 EAGAIN (Try again)
4300  1784445243.514860 sendmsg(150, {msg_name=NULL, msg_namelen=0, msg_iov=[{iov_base="l\1\1\1\374\0\0\0n\0\0\0\235\0\0\0\1\1o\0;\0\0\0/re/frid"..., iov_len=428}], msg_iovlen=1, msg_controllen=0, msg_flags=0}, MSG_NOSIGNAL) = 428
4407  1784445244.686889 exit(0)         = ?
4407  1784445244.686978 +++ exited with 0 +++
4297  1784445244.739302 faccessat(AT_FDCWD, "/proc/self/task/4407", F_OK) = -1 ENOENT (No such file or directory)
4256  1784445250.466283 recvmsg(109, {msg_name=NULL, msg_namelen=0, msg_iov=[{iov_base="\210\0\0\0\0\0\0\0\5\0\0\0\0\0\0\0\0\0\0\0\0\0\0\0}\330:\5\351\341\266Y"..., iov_len=4096}], msg_iovlen=1, msg_controllen=0, msg_flags=0}, MSG_DONTWAIT) = 184
4256  1784445250.467444 sendto(109, "0\0\0\0\0\0\0\0\5\0\0\0\0\0\0\0\4\0\0\0\0\0\0\0?v\345|IP\264<"..., 48, MSG_NOSIGNAL, NULL, 0) = 48
4256  1784445250.468138 sendto(109, "0\0\0\0\0\0\0\0\5\0\0\0\0\0\0\0\4\0\0\0\0\0\0\0?v\345|IP\264<"..., 48, MSG_NOSIGNAL, NULL, 0) = 48
4256  1784445250.471869 sendto(109, "\210\0\0\0\0\0\0\0\5\0\0\0\0\0\0\0\0\0\0\0\0\0\0\0\"\20\24d;\370\34p"..., 136, MSG_NOSIGNAL, NULL, 0) = 136
4216  1784445252.697068 openat(AT_FDCWD, "/data/misc/profiles/cur/0/cl.coders.faketraveler/primary.prof", O_RDWR|O_NOFOLLOW|O_CLOEXEC) = 134
4216  1784445252.699509 newfstatat(AT_FDCWD, "/data/misc/profiles/cur/0/cl.coders.faketraveler/primary.prof", {st_mode=S_IFREG|0600, st_size=6227, ...}, 0) = 0
