31348 1784113431.414368 accept4(54, NULL, NULL, SOCK_CLOEXEC <unfinished ...>
31330 1784113433.826345 exit(0)         = ?
31327 1784113433.826774 exit(0 <unfinished ...>
31330 1784113433.826970 +++ exited with 0 +++
31329 1784113433.826978 exit(0 <unfinished ...>
31328 1784113433.826998 exit(0 <unfinished ...>
31327 1784113433.827003 <... exit resumed>) = ?
31329 1784113433.827182 <... exit resumed>) = ?
31328 1784113433.827224 <... exit resumed>) = ?
31327 1784113433.827398 +++ exited with 0 +++
31329 1784113433.827408 +++ exited with 0 +++
31328 1784113433.827414 +++ exited with 0 +++
31341 1784113433.829582 newfstatat(AT_FDCWD, "/data", {st_mode=S_IFDIR|0771, st_size=4096, ...}, AT_SYMLINK_NOFOLLOW) = 0
31341 1784113433.829888 newfstatat(AT_FDCWD, "/data/app", {st_mode=S_IFDIR|0771, st_size=4096, ...}, AT_SYMLINK_NOFOLLOW) = 0
31341 1784113433.830152 newfstatat(AT_FDCWD, "/data/app/at.tomtasche.reader-pfSMAEJXh8dZ2LNTFT_E4A==", {st_mode=S_IFDIR|0775, st_size=4096, ...}, AT_SYMLINK_NOFOLLOW) = 0
31341 1784113433.831123 newfstatat(AT_FDCWD, "/data/app/at.tomtasche.reader-pfSMAEJXh8dZ2LNTFT_E4A==/base.apk", {st_mode=S_IFREG|0644, st_size=95555992, ...}, AT_SYMLINK_NOFOLLOW) = 0
31341 1784113433.831626 getcwd("/", 4096) = 2
31341 1784113433.832002 newfstatat(AT_FDCWD, "/base.apk", 0x70abe7c690, AT_SYMLINK_NOFOLLOW) = -1 ENOENT (No such file or directory)
31320 1784113434.277165 clone(child_stack=0x70a81fbd40, flags=CLONE_VM|CLONE_FS|CLONE_FILES|CLONE_SIGHAND|CLONE_THREAD|CLONE_SYSVSEM|CLONE_SETTLS|CLONE_PARENT_SETTID|CLONE_CHILD_CLEARTID, parent_tidptr=0x70a81fbd60, tls=0x70a81fc020, child_tidptr=0x70a81fbd60) = 31406
31406 1784113434.280968 faccessat(AT_FDCWD, "/data/user/0/at.tomtasche.reader", F_OK) = 0
31406 1784113434.281164 faccessat(AT_FDCWD, "/data/user/0/at.tomtasche.reader/files", F_OK) = 0
31406 1784113434.281351 faccessat(AT_FDCWD, "/data/user/0/at.tomtasche.reader/files/profileinstaller_profileWrittenFor_lastUpdateTime.dat", F_OK) = 0
31406 1784113434.281532 openat(AT_FDCWD, "/data/user/0/at.tomtasche.reader/files/profileinstaller_profileWrittenFor_lastUpdateTime.dat", O_RDONLY) = 71
31406 1784113434.282059 getsockopt(71, SOL_SOCKET, SO_ERROR, 0x70a81fad24, [4]) = -1 ENOTSOCK (Socket operation on non-socket)
31406 1784113434.282884 newfstatat(AT_FDCWD, "/data/misc/profiles/ref/at.tomtasche.reader/primary.prof", 0x70a81fa558, 0) = -1 ENOENT (No such file or directory)
31406 1784113434.283093 faccessat(AT_FDCWD, "/data/misc/profiles/ref/at.tomtasche.reader/primary.prof", F_OK) = -1 ENOENT (No such file or directory)
31406 1784113434.283373 newfstatat(AT_FDCWD, "/data/misc/profiles/cur/0/at.tomtasche.reader/primary.prof", {st_mode=S_IFREG|0600, st_size=2801, ...}, 0) = 0
31406 1784113434.283575 faccessat(AT_FDCWD, "/data/misc/profiles/cur/0/at.tomtasche.reader/primary.prof", F_OK) = 0
31406 1784113434.284021 faccessat(AT_FDCWD, "/data/user/0/at.tomtasche.reader/files", F_OK) = 0
31406 1784113434.284192 faccessat(AT_FDCWD, "/data/user/0/at.tomtasche.reader/files/profileInstalled", F_OK) = 0
31406 1784113434.284381 openat(AT_FDCWD, "/data/user/0/at.tomtasche.reader/files/profileInstalled", O_RDONLY) = 71
31406 1784113434.285342 getsockopt(71, SOL_SOCKET, SO_ERROR, 0x70a81f9ed4, [4]) = -1 ENOTSOCK (Socket operation on non-socket)
31406 1784113434.287771 exit(0)         = ?
31406 1784113434.287929 +++ exited with 0 +++
31365 1784113434.339866 faccessat(AT_FDCWD, "/proc/self/task/31406", F_OK) = -1 ENOENT (No such file or directory)
31320 1784113441.010316 recvfrom(47, "\2\0\0\0\0\0\0\0h\6\0\0\0\0\0\0\200\320\370\321\0\2\0\0\1\0\0\0\2\20\0\0"..., 2272, MSG_DONTWAIT, NULL, NULL) = 232
31320 1784113441.010758 sendto(47, "\3\0\0\0\0\0\0\0h\6\0\0\1\0\0\0", 16, MSG_DONTWAIT|MSG_NOSIGNAL, NULL, 0) = 16
31320 1784113441.010981 recvfrom(47, 0x70a6cdb820, 2272, MSG_DONTWAIT, NULL, NULL) = -1 EAGAIN (Try again)
31320 1784113441.011685 recvfrom(47, "\2\0\0\0\0\0\0\0j\6\0\0\0\0\0\0\200\320\370\321\0\2\0\0\1\0\0\0\2\20\0\0"..., 2272, MSG_DONTWAIT, NULL, NULL) = 232
31320 1784113441.011874 recvfrom(38, 0x7fdaaa0440, 3200, MSG_DONTWAIT, NULL, NULL) = -1 EAGAIN (Try again)
31320 1784113441.012516 sendto(47, "\3\0\0\0\0\0\0\0j\6\0\0\1\0\0\0", 16, MSG_DONTWAIT|MSG_NOSIGNAL, NULL, 0) = 16
31320 1784113441.012831 recvfrom(47, 0x70a6cdb820, 2272, MSG_DONTWAIT, NULL, NULL) = -1 EAGAIN (Try again)
31320 1784113441.023938 recvfrom(38, "nysv\0\0\0\0\0\0\0\0\0\0\0\0>\375\276\322\0\2\0\0\317\376\1\0\0\0\0\0", 3200, MSG_DONTWAIT, NULL, NULL) = 32
31320 1784113441.024104 recvfrom(38, 0x7fdaaa3760, 3200, MSG_DONTWAIT, NULL, NULL) = -1 EAGAIN (Try again)
31320 1784113441.024398 recvfrom(47, 0x70a6cdb820, 2272, MSG_DONTWAIT, NULL, NULL) = -1 EAGAIN (Try again)
31320 1784113441.024549 recvfrom(38, 0x7fdaaa36c0, 3200, MSG_DONTWAIT, NULL, NULL) = -1 EAGAIN (Try again)
31320 1784113441.027529 socket(AF_UNIX, SOCK_DGRAM|SOCK_CLOEXEC|SOCK_NONBLOCK, 0) = 71
31320 1784113441.027783 setsockopt(71, SOL_SOCKET, SO_SNDBUF, [1048576], 4) = 0
31320 1784113441.028015 connect(71, {sa_family=AF_UNIX, sun_path="/dev/socket/statsdw"}, 110) = 0
31342 1784113441.036032 recvfrom(42, 0x70a71faeb0, 3200, MSG_DONTWAIT, NULL, NULL) = -1 EAGAIN (Try again)
31320 1784113441.037105 openat(AT_FDCWD, "/system/priv-app/DocumentsUI/DocumentsUI.apk", O_RDONLY|O_CLOEXEC) = 74
31320 1784113441.037900 newfstatat(AT_FDCWD, "/system/priv-app/DocumentsUI/DocumentsUI.apk", {st_mode=S_IFREG|0644, st_size=5028639, ...}, 0) = 0
31342 1784113441.039868 recvfrom(42, "nysv\0\0\0\0\0\0\0\0\0\0\0\0s\212\275\323\0\2\0\0\320\376\1\0\0\0\0\0", 3200, MSG_DONTWAIT, NULL, NULL) = 32
31342 1784113441.040261 recvfrom(42, 0x70a71fac80, 3200, MSG_DONTWAIT, NULL, NULL) = -1 EAGAIN (Try again)
31342 1784113441.053439 recvfrom(42, 0x70a71faeb0, 3200, MSG_DONTWAIT, NULL, NULL) = -1 EAGAIN (Try again)
31342 1784113441.056497 recvfrom(42, "nysv\0\0\0\0\0\0\0\0\0\0\0\0\16\20\274\324\0\2\0\0\321\376\1\0\0\0\0\0", 3200, MSG_DONTWAIT, NULL, NULL) = 32
31342 1784113441.056843 recvfrom(42, 0x70a71fac80, 3200, MSG_DONTWAIT, NULL, NULL) = -1 EAGAIN (Try again)
31342 1784113441.071254 recvfrom(42, 0x70a71faeb0, 3200, MSG_DONTWAIT, NULL, NULL) = -1 EAGAIN (Try again)
31342 1784113441.072982 recvfrom(42, "nysv\0\0\0\0\0\0\0\0\0\0\0\0\257\251\272\325\0\2\0\0\322\376\1\0\0\0\0\0", 3200, MSG_DONTWAIT, NULL, NULL) = 32
31342 1784113441.073400 recvfrom(42, 0x70a71fac80, 3200, MSG_DONTWAIT, NULL, NULL) = -1 EAGAIN (Try again)
31368 1784113441.076947 sendmsg(72, {msg_name=NULL, msg_namelen=0, msg_iov=[{iov_base="l\1\1\1\24\1\0\0L\0\0\0\235\0\0\0\1\1o\0;\0\0\0/re/frid"..., iov_len=452}], msg_iovlen=1, msg_controllen=0, msg_flags=0}, MSG_NOSIGNAL) = 452
31342 1784113441.087911 recvfrom(42, 0x70a71faeb0, 3200, MSG_DONTWAIT, NULL, NULL) = -1 EAGAIN (Try again)
31342 1784113441.089655 recvfrom(42, "nysv\0\0\0\0\0\0\0\0\0\0\0\0&>\271\326\0\2\0\0\323\376\1\0\0\0\0\0", 3200, MSG_DONTWAIT, NULL, NULL) = 32
31342 1784113441.090021 recvfrom(42, 0x70a71fac80, 3200, MSG_DONTWAIT, NULL, NULL) = -1 EAGAIN (Try again)
31342 1784113441.104699 recvfrom(42, 0x70a71faeb0, 3200, MSG_DONTWAIT, NULL, NULL) = -1 EAGAIN (Try again)
31342 1784113441.107754 recvfrom(42, "nysv\0\0\0\0\0\0\0\0\0\0\0\0\4\235\267\327\0\2\0\0\324\376\1\0\0\0\0\0", 3200, MSG_DONTWAIT, NULL, NULL) = 32
31342 1784113441.107972 recvfrom(42, 0x70a71fac80, 3200, MSG_DONTWAIT, NULL, NULL) = -1 EAGAIN (Try again)
31320 1784113441.112439 recvfrom(38, "nysv\0\0\0\0\0\0\0\0\0\0\0\0s\212\275\323\0\2\0\0\320\376\1\0\0\0\0\0", 3200, MSG_DONTWAIT, NULL, NULL) = 32
31320 1784113441.112683 recvfrom(38, 0x7fdaaa3760, 3200, MSG_DONTWAIT, NULL, NULL) = -1 EAGAIN (Try again)
31320 1784113441.112907 recvfrom(76, 0x70a6d75020, 2272, MSG_DONTWAIT, NULL, NULL) = -1 EAGAIN (Try again)
31320 1784113441.113113 recvfrom(38, 0x7fdaaa36c0, 3200, MSG_DONTWAIT, NULL, NULL) = -1 EAGAIN (Try again)
31342 1784113441.121434 recvfrom(42, 0x70a71faeb0, 3200, MSG_DONTWAIT, NULL, NULL) = -1 EAGAIN (Try again)
31342 1784113441.123019 recvfrom(42, "nysv\0\0\0\0\0\0\0\0\0\0\0\0\3329\266\330\0\2\0\0\325\376\1\0\0\0\0\0", 3200, MSG_DONTWAIT, NULL, NULL) = 32
31342 1784113441.123786 recvfrom(42, 0x70a71fac80, 3200, MSG_DONTWAIT, NULL, NULL) = -1 EAGAIN (Try again)
31342 1784113441.146580 recvfrom(42, "nysv\0\0\0\0\0\0\0\0\0\0\0\0T\304\264\331\0\2\0\0\326\376\1\0\0\0\0\0", 3200, MSG_DONTWAIT, NULL, NULL) = 32
31342 1784113441.146756 recvfrom(42, 0x70a71faeb0, 3200, MSG_DONTWAIT, NULL, NULL) = -1 EAGAIN (Try again)
31342 1784113441.158738 recvfrom(42, "nysv\0\0\0\0\0\0\0\0\0\0\0\0\244W\263\332\0\2\0\0\327\376\1\0\0\0\0\0", 3200, MSG_DONTWAIT, NULL, NULL) = 32
31342 1784113441.158901 recvfrom(42, 0x70a71faeb0, 3200, MSG_DONTWAIT, NULL, NULL) = -1 EAGAIN (Try again)
31342 1784113441.197350 recvfrom(42, "nysv\0\0\0\0\0\0\0\0\0\0\0\0U\324\261\333\0\2\0\0\330\376\1\0\0\0\0\0", 3200, MSG_DONTWAIT, NULL, NULL) = 32
31342 1784113441.197564 recvfrom(42, 0x70a71faeb0, 3200, MSG_DONTWAIT, NULL, NULL) = -1 EAGAIN (Try again)
31320 1784113441.199011 recvfrom(38, "nysv\0\0\0\0\0\0\0\0\0\0\0\0\3329\266\330\0\2\0\0\325\376\1\0\0\0\0\0", 3200, MSG_DONTWAIT, NULL, NULL) = 32
31320 1784113441.199299 recvfrom(38, 0x7fdaaa3760, 3200, MSG_DONTWAIT, NULL, NULL) = -1 EAGAIN (Try again)
31342 1784113441.212619 recvfrom(42, "nysv\0\0\0\0\0\0\0\0\0\0\0\0A\255\256\335\0\2\0\0\332\376\1\0\0\0\0\0", 3200, MSG_DONTWAIT, NULL, NULL) = 32
31342 1784113441.212785 recvfrom(42, 0x70a71faeb0, 3200, MSG_DONTWAIT, NULL, NULL) = -1 EAGAIN (Try again)
31342 1784113441.213593 recvfrom(42, 0x70a71faeb0, 3200, MSG_DONTWAIT, NULL, NULL) = -1 EAGAIN (Try again)
31320 1784113441.215306 recvfrom(47, 0x70a6cdb820, 2272, MSG_DONTWAIT, NULL, NULL) = -1 EAGAIN (Try again)
31320 1784113441.215520 recvfrom(38, 0x7fdaaa36c0, 3200, MSG_DONTWAIT, NULL, NULL) = -1 EAGAIN (Try again)
31342 1784113441.225469 recvfrom(42, "nysv\0\0\0\0\0\0\0\0\0\0\0\0\0263\255\336\0\2\0\0\333\376\1\0\0\0\0\0", 3200, MSG_DONTWAIT, NULL, NULL) = 32
31342 1784113441.225743 recvfrom(42, 0x70a71faeb0, 3200, MSG_DONTWAIT, NULL, NULL) = -1 EAGAIN (Try again)
31320 1784113441.230121 recvfrom(38, "nysv\0\0\0\0\0\0\0\0\0\0\0\0\0263\255\336\0\2\0\0\333\376\1\0\0\0\0\0", 3200, MSG_DONTWAIT, NULL, NULL) = 32
31320 1784113441.230436 recvfrom(38, 0x7fdaaa3760, 3200, MSG_DONTWAIT, NULL, NULL) = -1 EAGAIN (Try again)
31320 1784113441.235916 recvfrom(76, 0x70a6d75020, 2272, MSG_DONTWAIT, NULL, NULL) = -1 EAGAIN (Try again)
31320 1784113441.236120 recvfrom(47, 0x70a6cdb820, 2272, MSG_DONTWAIT, NULL, NULL) = -1 EAGAIN (Try again)
31320 1784113441.236349 recvfrom(38, 0x7fdaaa36c0, 3200, MSG_DONTWAIT, NULL, NULL) = -1 EAGAIN (Try again)
31342 1784113441.238448 recvfrom(42, 0x70a71faeb0, 3200, MSG_DONTWAIT, NULL, NULL) = -1 EAGAIN (Try again)
31320 1784113441.248184 recvfrom(38, "nysv\0\0\0\0\0\0\0\0\0\0\0\0\323\302\253\337\0\2\0\0\334\376\1\0\0\0\0\0", 3200, MSG_DONTWAIT, NULL, NULL) = 32
31320 1784113441.248452 recvfrom(38, 0x7fdaaa3760, 3200, MSG_DONTWAIT, NULL, NULL) = -1 EAGAIN (Try again)
31320 1784113441.249134 recvfrom(38, 0x7fdaaa36c0, 3200, MSG_DONTWAIT, NULL, NULL) = -1 EAGAIN (Try again)
31342 1784113441.255637 recvfrom(42, "nysv\0\0\0\0\0\0\0\0\0\0\0\0\323\302\253\337\0\2\0\0\334\376\1\0\0\0\0\0", 3200, MSG_DONTWAIT, NULL, NULL) = 32
31342 1784113441.255799 recvfrom(42, 0x70a71faeb0, 3200, MSG_DONTWAIT, NULL, NULL) = -1 EAGAIN (Try again)
31320 1784113441.266399 recvfrom(38, "nysv\0\0\0\0\0\0\0\0\0\0\0\0\255r\252\340\0\2\0\0\335\376\1\0\0\0\0\0", 3200, MSG_DONTWAIT, NULL, NULL) = 32
31320 1784113441.266675 recvfrom(38, 0x7fdaaa3760, 3200, MSG_DONTWAIT, NULL, NULL) = -1 EAGAIN (Try again)
31320 1784113441.266893 recvfrom(76, 0x70a6d75020, 2272, MSG_DONTWAIT, NULL, NULL) = -1 EAGAIN (Try again)
31320 1784113441.267111 recvfrom(38, 0x7fdaaa36c0, 3200, MSG_DONTWAIT, NULL, NULL) = -1 EAGAIN (Try again)
31320 1784113441.273921 recvfrom(38, "nysv\0\0\0\0\0\0\0\0\0\0\0\0\274\341\250\341\0\2\0\0\336\376\1\0\0\0\0\0", 3200, MSG_DONTWAIT, NULL, NULL) = 32
31320 1784113441.274422 recvfrom(38, 0x7fdaaa3760, 3200, MSG_DONTWAIT, NULL, NULL) = -1 EAGAIN (Try again)
31320 1784113441.277880 recvfrom(38, 0x7fdaaa36c0, 3200, MSG_DONTWAIT, NULL, NULL) = -1 EAGAIN (Try again)
31342 1784113441.286908 recvfrom(42, "nysv\0\0\0\0\0\0\0\0\0\0\0\0\274\341\250\341\0\2\0\0\336\376\1\0\0\0\0\0", 3200, MSG_DONTWAIT, NULL, NULL) = 32
31342 1784113441.287084 recvfrom(42, 0x70a71faeb0, 3200, MSG_DONTWAIT, NULL, NULL) = -1 EAGAIN (Try again)
31320 1784113441.293337 recvfrom(38, "nysv\0\0\0\0\0\0\0\0\0\0\0\0m\303\246\342\0\2\0\0\337\376\1\0\0\0\0\0", 3200, MSG_DONTWAIT, NULL, NULL) = 32
31320 1784113441.294107 recvfrom(38, 0x7fdaaa3760, 3200, MSG_DONTWAIT, NULL, NULL) = -1 EAGAIN (Try again)
31320 1784113441.295636 recvfrom(38, 0x7fdaaa36c0, 3200, MSG_DONTWAIT, NULL, NULL) = -1 EAGAIN (Try again)
31342 1784113441.297835 recvfrom(42, "nysv\0\0\0\0\0\0\0\0\0\0\0\0m\303\246\342\0\2\0\0\337\376\1\0\0\0\0\0", 3200, MSG_DONTWAIT, NULL, NULL) = 32
31342 1784113441.297981 recvfrom(42, 0x70a71faeb0, 3200, MSG_DONTWAIT, NULL, NULL) = -1 EAGAIN (Try again)
31320 1784113441.309146 recvfrom(38, "nysv\0\0\0\0\0\0\0\0\0\0\0\0\325\311\244\343\0\2\0\0\340\376\1\0\0\0\0\0", 3200, MSG_DONTWAIT, NULL, NULL) = 32
31320 1784113441.309421 recvfrom(38, 0x7fdaaa3760, 3200, MSG_DONTWAIT, NULL, NULL) = -1 EAGAIN (Try again)
31320 1784113441.310665 recvfrom(38, 0x7fdaaa36c0, 3200, MSG_DONTWAIT, NULL, NULL) = -1 EAGAIN (Try again)
31342 1784113441.313291 recvfrom(42, "nysv\0\0\0\0\0\0\0\0\0\0\0\0\325\311\244\343\0\2\0\0\340\376\1\0\0\0\0\0", 3200, MSG_DONTWAIT, NULL, NULL) = 32
31342 1784113441.313448 recvfrom(42, 0x70a71faeb0, 3200, MSG_DONTWAIT, NULL, NULL) = -1 EAGAIN (Try again)
31320 1784113441.326216 recvfrom(38, "nysv\0\0\0\0\0\0\0\0\0\0\0\0\334\245\242\344\0\2\0\0\341\376\1\0\0\0\0\0", 3200, MSG_DONTWAIT, NULL, NULL) = 32
31320 1784113441.326624 recvfrom(38, 0x7fdaaa3760, 3200, MSG_DONTWAIT, NULL, NULL) = -1 EAGAIN (Try again)
31320 1784113441.328484 recvfrom(38, 0x7fdaaa36c0, 3200, MSG_DONTWAIT, NULL, NULL) = -1 EAGAIN (Try again)
31342 1784113441.329278 recvfrom(42, "nysv\0\0\0\0\0\0\0\0\0\0\0\0\334\245\242\344\0\2\0\0\341\376\1\0\0\0\0\0", 3200, MSG_DONTWAIT, NULL, NULL) = 32
31342 1784113441.329481 recvfrom(42, 0x70a71faeb0, 3200, MSG_DONTWAIT, NULL, NULL) = -1 EAGAIN (Try again)
31320 1784113441.340698 recvfrom(38, "nysv\0\0\0\0\0\0\0\0\0\0\0\0\346\23\241\345\0\2\0\0\342\376\1\0\0\0\0\0", 3200, MSG_DONTWAIT, NULL, NULL) = 32
31320 1784113441.341010 recvfrom(38, 0x7fdaaa3760, 3200, MSG_DONTWAIT, NULL, NULL) = -1 EAGAIN (Try again)
31320 1784113441.343914 recvfrom(38, 0x7fdaaa36c0, 3200, MSG_DONTWAIT, NULL, NULL) = -1 EAGAIN (Try again)
31342 1784113441.345279 recvfrom(42, "nysv\0\0\0\0\0\0\0\0\0\0\0\0\346\23\241\345\0\2\0\0\342\376\1\0\0\0\0\0", 3200, MSG_DONTWAIT, NULL, NULL) = 32
31342 1784113441.345476 recvfrom(42, 0x70a71faeb0, 3200, MSG_DONTWAIT, NULL, NULL) = -1 EAGAIN (Try again)
31320 1784113441.357143 recvfrom(38, "nysv\0\0\0\0\0\0\0\0\0\0\0\0D\215\237\346\0\2\0\0\343\376\1\0\0\0\0\0", 3200, MSG_DONTWAIT, NULL, NULL) = 32
31320 1784113441.357645 recvfrom(38, 0x7fdaaa3760, 3200, MSG_DONTWAIT, NULL, NULL) = -1 EAGAIN (Try again)
31320 1784113441.361377 recvfrom(38, 0x7fdaaa36c0, 3200, MSG_DONTWAIT, NULL, NULL) = -1 EAGAIN (Try again)
31342 1784113441.363259 recvfrom(42, "nysv\0\0\0\0\0\0\0\0\0\0\0\0D\215\237\346\0\2\0\0\343\376\1\0\0\0\0\0", 3200, MSG_DONTWAIT, NULL, NULL) = 32
31342 1784113441.363715 recvfrom(42, 0x70a71faeb0, 3200, MSG_DONTWAIT, NULL, NULL) = -1 EAGAIN (Try again)
31320 1784113441.376722 recvfrom(38, "nysv\0\0\0\0\0\0\0\0\0\0\0\0\\b\235\347\0\2\0\0\344\376\1\0\0\0\0\0", 3200, MSG_DONTWAIT, NULL, NULL) = 32
31320 1784113441.376945 recvfrom(38, 0x7fdaaa3760, 3200, MSG_DONTWAIT, NULL, NULL) = -1 EAGAIN (Try again)
31320 1784113441.377804 recvfrom(38, 0x7fdaaa36c0, 3200, MSG_DONTWAIT, NULL, NULL) = -1 EAGAIN (Try again)
31342 1784113441.379508 recvfrom(42, "nysv\0\0\0\0\0\0\0\0\0\0\0\0\\b\235\347\0\2\0\0\344\376\1\0\0\0\0\0", 3200, MSG_DONTWAIT, NULL, NULL) = 32
31342 1784113441.379781 recvfrom(42, 0x70a71faeb0, 3200, MSG_DONTWAIT, NULL, NULL) = -1 EAGAIN (Try again)
31320 1784113441.392718 recvfrom(38, "nysv\0\0\0\0\0\0\0\0\0\0\0\0*_\233\350\0\2\0\0\345\376\1\0\0\0\0\0", 3200, MSG_DONTWAIT, NULL, NULL) = 32
31320 1784113441.392982 recvfrom(38, 0x7fdaaa3760, 3200, MSG_DONTWAIT, NULL, NULL) = -1 EAGAIN (Try again)
31320 1784113441.393978 recvfrom(38, 0x7fdaaa36c0, 3200, MSG_DONTWAIT, NULL, NULL) = -1 EAGAIN (Try again)
31342 1784113441.395605 recvfrom(42, "nysv\0\0\0\0\0\0\0\0\0\0\0\0*_\233\350\0\2\0\0\345\376\1\0\0\0\0\0", 3200, MSG_DONTWAIT, NULL, NULL) = 32
31342 1784113441.395782 recvfrom(42, 0x70a71faeb0, 3200, MSG_DONTWAIT, NULL, NULL) = -1 EAGAIN (Try again)
31320 1784113441.409496 recvfrom(38, "nysv\0\0\0\0\0\0\0\0\0\0\0\0\320K\231\351\0\2\0\0\346\376\1\0\0\0\0\0", 3200, MSG_DONTWAIT, NULL, NULL) = 32
31320 1784113441.409748 recvfrom(38, 0x7fdaaa3760, 3200, MSG_DONTWAIT, NULL, NULL) = -1 EAGAIN (Try again)
31342 1784113441.411612 recvfrom(42, "nysv\0\0\0\0\0\0\0\0\0\0\0\0\320K\231\351\0\2\0\0\346\376\1\0\0\0\0\0", 3200, MSG_DONTWAIT, NULL, NULL) = 32
31342 1784113441.412725 recvfrom(42, 0x70a71faeb0, 3200, MSG_DONTWAIT, NULL, NULL) = -1 EAGAIN (Try again)
31342 1784113441.426288 recvfrom(42, "nysv\0\0\0\0\0\0\0\0\0\0\0\0f\207\227\352\0\2\0\0\347\376\1\0\0\0\0\0", 3200, MSG_DONTWAIT, NULL, NULL) = 32
31342 1784113441.426576 recvfrom(42, 0x70a71fac80, 3200, MSG_DONTWAIT, NULL, NULL) = -1 EAGAIN (Try again)
31320 1784113442.826552 recvfrom(38, 0x7fdaaa34f0, 3200, MSG_DONTWAIT, NULL, NULL) = -1 EAGAIN (Try again)
31320 1784113442.844670 recvfrom(38, "nysv\0\0\0\0\0\0\0\0\0\0\0\0\372\227\6?\1\2\0\0<\377\1\0\0\0\0\0", 3200, MSG_DONTWAIT, NULL, NULL) = 32
31320 1784113442.845089 recvfrom(38, 0x7fdaaa3760, 3200, MSG_DONTWAIT, NULL, NULL) = -1 EAGAIN (Try again)
31320 1784113442.845723 recvfrom(76, 0x70a6d75020, 2272, MSG_DONTWAIT, NULL, NULL) = -1 EAGAIN (Try again)
31320 1784113442.846404 recvfrom(38, 0x7fdaaa2610, 3200, MSG_DONTWAIT, NULL, NULL) = -1 EAGAIN (Try again)
31320 1784113442.856095 recvfrom(38, "nysv\0\0\0\0\0\0\0\0\0\0\0\0\260;\5@\1\2\0\0=\377\1\0\0\0\0\0", 3200, MSG_DONTWAIT, NULL, NULL) = 32
31320 1784113442.856611 recvfrom(38, 0x7fdaaa3760, 3200, MSG_DONTWAIT, NULL, NULL) = -1 EAGAIN (Try again)
31320 1784113442.857308 recvfrom(76, 0x70a6d75020, 2272, MSG_DONTWAIT, NULL, NULL) = -1 EAGAIN (Try again)
31320 1784113442.858091 recvfrom(38, 0x7fdaaa2610, 3200, MSG_DONTWAIT, NULL, NULL) = -1 EAGAIN (Try again)
31320 1784113442.873647 recvfrom(38, "nysv\0\0\0\0\0\0\0\0\0\0\0\0\251\252\3A\1\2\0\0>\377\1\0\0\0\0\0", 3200, MSG_DONTWAIT, NULL, NULL) = 32
31320 1784113442.874190 recvfrom(38, 0x7fdaaa3760, 3200, MSG_DONTWAIT, NULL, NULL) = -1 EAGAIN (Try again)
31320 1784113442.874980 recvfrom(76, 0x70a6d75020, 2272, MSG_DONTWAIT, NULL, NULL) = -1 EAGAIN (Try again)
31320 1784113442.877724 recvfrom(38, 0x7fdaaa2610, 3200, MSG_DONTWAIT, NULL, NULL) = -1 EAGAIN (Try again)
31320 1784113442.889619 recvfrom(38, "nysv\0\0\0\0\0\0\0\0\0\0\0\0~D\2B\1\2\0\0?\377\1\0\0\0\0\0", 3200, MSG_DONTWAIT, NULL, NULL) = 32
31320 1784113442.889922 recvfrom(38, 0x7fdaaa3760, 3200, MSG_DONTWAIT, NULL, NULL) = -1 EAGAIN (Try again)
31320 1784113442.890682 recvfrom(76, 0x70a6d75020, 2272, MSG_DONTWAIT, NULL, NULL) = -1 EAGAIN (Try again)
31320 1784113442.893458 recvfrom(38, 0x7fdaaa2610, 3200, MSG_DONTWAIT, NULL, NULL) = -1 EAGAIN (Try again)
31320 1784113442.907664 recvfrom(38, "nysv\0\0\0\0\0\0\0\0\0\0\0\0|\205\0C\1\2\0\0@\377\1\0\0\0\0\0", 3200, MSG_DONTWAIT, NULL, NULL) = 32
31320 1784113442.908307 recvfrom(38, 0x7fdaaa3760, 3200, MSG_DONTWAIT, NULL, NULL) = -1 EAGAIN (Try again)
31320 1784113442.911697 recvfrom(76, 0x70a6d75020, 2272, MSG_DONTWAIT, NULL, NULL) = -1 EAGAIN (Try again)
31320 1784113442.912480 recvfrom(38, 0x7fdaaa2610, 3200, MSG_DONTWAIT, NULL, NULL) = -1 EAGAIN (Try again)
31320 1784113442.924218 recvfrom(38, "nysv\0\0\0\0\0\0\0\0\0\0\0\0Y\321\376C\1\2\0\0A\377\1\0\0\0\0\0", 3200, MSG_DONTWAIT, NULL, NULL) = 32
31320 1784113442.924696 recvfrom(38, 0x7fdaaa3760, 3200, MSG_DONTWAIT, NULL, NULL) = -1 EAGAIN (Try again)
31320 1784113442.925209 recvfrom(76, 0x70a6d75020, 2272, MSG_DONTWAIT, NULL, NULL) = -1 EAGAIN (Try again)
31320 1784113442.927788 recvfrom(38, 0x7fdaaa2610, 3200, MSG_DONTWAIT, NULL, NULL) = -1 EAGAIN (Try again)
31320 1784113442.940860 recvfrom(38, "nysv\0\0\0\0\0\0\0\0\0\0\0\0\343%\375D\1\2\0\0B\377\1\0\0\0\0\0", 3200, MSG_DONTWAIT, NULL, NULL) = 32
31320 1784113442.941134 recvfrom(38, 0x7fdaaa3760, 3200, MSG_DONTWAIT, NULL, NULL) = -1 EAGAIN (Try again)
31320 1784113442.941705 recvfrom(76, 0x70a6d75020, 2272, MSG_DONTWAIT, NULL, NULL) = -1 EAGAIN (Try again)
31320 1784113442.945701 recvfrom(38, 0x7fdaaa2610, 3200, MSG_DONTWAIT, NULL, NULL) = -1 EAGAIN (Try again)
31320 1784113442.957251 recvfrom(38, "nysv\0\0\0\0\0\0\0\0\0\0\0\0\rv\373E\1\2\0\0C\377\1\0\0\0\0\0", 3200, MSG_DONTWAIT, NULL, NULL) = 32
31320 1784113442.957596 recvfrom(38, 0x7fdaaa3760, 3200, MSG_DONTWAIT, NULL, NULL) = -1 EAGAIN (Try again)
31320 1784113442.960521 recvfrom(76, 0x70a6d75020, 2272, MSG_DONTWAIT, NULL, NULL) = -1 EAGAIN (Try again)
31320 1784113442.961006 recvfrom(38, 0x7fdaaa2610, 3200, MSG_DONTWAIT, NULL, NULL) = -1 EAGAIN (Try again)
31320 1784113442.972960 recvfrom(38, "nysv\0\0\0\0\0\0\0\0\0\0\0\0\316\n\372F\1\2\0\0D\377\1\0\0\0\0\0", 3200, MSG_DONTWAIT, NULL, NULL) = 32
31320 1784113442.973233 recvfrom(38, 0x7fdaaa3760, 3200, MSG_DONTWAIT, NULL, NULL) = -1 EAGAIN (Try again)
31320 1784113442.973753 recvfrom(76, 0x70a6d75020, 2272, MSG_DONTWAIT, NULL, NULL) = -1 EAGAIN (Try again)
31320 1784113442.975639 recvfrom(38, 0x7fdaaa2610, 3200, MSG_DONTWAIT, NULL, NULL) = -1 EAGAIN (Try again)
31320 1784113442.989453 recvfrom(38, "nysv\0\0\0\0\0\0\0\0\0\0\0\0\362\320\370G\1\2\0\0E\377\1\0\0\0\0\0", 3200, MSG_DONTWAIT, NULL, NULL) = 32
31320 1784113442.990005 recvfrom(38, 0x7fdaaa3760, 3200, MSG_DONTWAIT, NULL, NULL) = -1 EAGAIN (Try again)
31320 1784113442.990405 recvfrom(76, 0x70a6d75020, 2272, MSG_DONTWAIT, NULL, NULL) = -1 EAGAIN (Try again)
31320 1784113442.996091 recvfrom(38, 0x7fdaaa2610, 3200, MSG_DONTWAIT, NULL, NULL) = -1 EAGAIN (Try again)
31320 1784113443.006586 recvfrom(38, "nysv\0\0\0\0\0\0\0\0\0\0\0\0b_\367H\1\2\0\0F\377\1\0\0\0\0\0", 3200, MSG_DONTWAIT, NULL, NULL) = 32
31320 1784113443.007406 recvfrom(38, 0x7fdaaa3760, 3200, MSG_DONTWAIT, NULL, NULL) = -1 EAGAIN (Try again)
31320 1784113443.011083 recvfrom(76, 0x70a6d75020, 2272, MSG_DONTWAIT, NULL, NULL) = -1 EAGAIN (Try again)
31320 1784113443.013107 recvfrom(38, 0x7fdaaa2610, 3200, MSG_DONTWAIT, NULL, NULL) = -1 EAGAIN (Try again)
31320 1784113443.022672 recvfrom(38, "nysv\0\0\0\0\0\0\0\0\0\0\0\0\352\377\365I\1\2\0\0G\377\1\0\0\0\0\0", 3200, MSG_DONTWAIT, NULL, NULL) = 32
31320 1784113443.022997 recvfrom(38, 0x7fdaaa3760, 3200, MSG_DONTWAIT, NULL, NULL) = -1 EAGAIN (Try again)
31320 1784113443.023706 recvfrom(76, 0x70a6d75020, 2272, MSG_DONTWAIT, NULL, NULL) = -1 EAGAIN (Try again)
31320 1784113443.027641 recvfrom(38, 0x7fdaaa2610, 3200, MSG_DONTWAIT, NULL, NULL) = -1 EAGAIN (Try again)
31320 1784113443.041185 recvfrom(38, "nysv\0\0\0\0\0\0\0\0\0\0\0\0\t=\364J\1\2\0\0H\377\1\0\0\0\0\0", 3200, MSG_DONTWAIT, NULL, NULL) = 32
31320 1784113443.041462 recvfrom(38, 0x7fdaaa3760, 3200, MSG_DONTWAIT, NULL, NULL) = -1 EAGAIN (Try again)
31320 1784113443.042052 recvfrom(76, 0x70a6d75020, 2272, MSG_DONTWAIT, NULL, NULL) = -1 EAGAIN (Try again)
31320 1784113443.046547 recvfrom(38, 0x7fdaaa2610, 3200, MSG_DONTWAIT, NULL, NULL) = -1 EAGAIN (Try again)
31320 1784113443.056951 recvfrom(38, "nysv\0\0\0\0\0\0\0\0\0\0\0\0\322\247\362K\1\2\0\0I\377\1\0\0\0\0\0", 3200, MSG_DONTWAIT, NULL, NULL) = 32
31320 1784113443.057323 recvfrom(38, 0x7fdaaa3760, 3200, MSG_DONTWAIT, NULL, NULL) = -1 EAGAIN (Try again)
31320 1784113443.057733 recvfrom(76, 0x70a6d75020, 2272, MSG_DONTWAIT, NULL, NULL) = -1 EAGAIN (Try again)
31320 1784113443.061971 recvfrom(38, 0x7fdaaa2610, 3200, MSG_DONTWAIT, NULL, NULL) = -1 EAGAIN (Try again)
31320 1784113443.072947 recvfrom(38, "nysv\0\0\0\0\0\0\0\0\0\0\0\0\204=\361L\1\2\0\0J\377\1\0\0\0\0\0", 3200, MSG_DONTWAIT, NULL, NULL) = 32
31320 1784113443.073155 recvfrom(38, 0x7fdaaa3760, 3200, MSG_DONTWAIT, NULL, NULL) = -1 EAGAIN (Try again)
31320 1784113443.073958 recvfrom(76, 0x70a6d75020, 2272, MSG_DONTWAIT, NULL, NULL) = -1 EAGAIN (Try again)
31320 1784113443.078254 recvfrom(38, 0x7fdaaa2610, 3200, MSG_DONTWAIT, NULL, NULL) = -1 EAGAIN (Try again)
31320 1784113443.090735 recvfrom(38, "nysv\0\0\0\0\0\0\0\0\0\0\0\0\272\220\357M\1\2\0\0K\377\1\0\0\0\0\0", 3200, MSG_DONTWAIT, NULL, NULL) = 32
31320 1784113443.091270 recvfrom(38, 0x7fdaaa3760, 3200, MSG_DONTWAIT, NULL, NULL) = -1 EAGAIN (Try again)
31320 1784113443.093980 recvfrom(76, 0x70a6d75020, 2272, MSG_DONTWAIT, NULL, NULL) = -1 EAGAIN (Try again)
31367 1784113446.620497 exit(0)         = ?
31367 1784113446.620858 +++ exited with 0 +++
31365 1784113446.672073 faccessat(AT_FDCWD, "/proc/self/task/31367", F_OK) = -1 ENOENT (No such file or directory)
31320 1784113456.456450 recvfrom(76, "\1\0\0\0\0\0\0\0l\6\0\0\0\0\0\0\300\317\220j\4\2\0\0\377\377\377\377\0\0\0\0"..., 2272, MSG_DONTWAIT, NULL, NULL) = 72
31320 1784113456.456755 sendto(76, "\3\0\0\0\0\0\0\0l\6\0\0\1\0\0\0", 16, MSG_DONTWAIT|MSG_NOSIGNAL, NULL, 0) = 16
31320 1784113456.456976 recvfrom(76, 0x70a6d75020, 2272, MSG_DONTWAIT, NULL, NULL) = -1 EAGAIN (Try again)
31320 1784113456.457433 recvfrom(76, "\1\0\0\0\0\0\0\0n\6\0\0\0\0\0\0\300\317\220j\4\2\0\0\377\377\377\377\0\0\0\0"..., 2272, MSG_DONTWAIT, NULL, NULL) = 72
31320 1784113456.457718 recvfrom(38, 0x7fdaa9fe90, 3200, MSG_DONTWAIT, NULL, NULL) = -1 EAGAIN (Try again)
31320 1784113456.465658 recvfrom(76, "", 2272, MSG_DONTWAIT, NULL, NULL) = 0
31320 1784113456.473070 recvfrom(38, "nysv\0\0\0\0\0\0\0\0\0\0\0\0\341I\243k\4\2\0\0a\2\2\0\0\0\0\0", 3200, MSG_DONTWAIT, NULL, NULL) = 32
31320 1784113456.473483 recvfrom(38, 0x7fdaaa3760, 3200, MSG_DONTWAIT, NULL, NULL) = -1 EAGAIN (Try again)
31320 1784113456.474081 recvfrom(47, 0x70a6cdb820, 2272, MSG_DONTWAIT, NULL, NULL) = -1 EAGAIN (Try again)
