23240 1784444292.509283 exit(0)         = ?
23240 1784444292.509430 +++ exited with 0 +++
23239 1784444292.514598 exit(0)         = ?
23239 1784444292.515380 +++ exited with 0 +++
23237 1784444292.515805 exit(0 <unfinished ...>
23238 1784444292.516224 exit(0 <unfinished ...>
23237 1784444292.516279 <... exit resumed>) = ?
23238 1784444292.516732 <... exit resumed>) = ?
23237 1784444292.516759 +++ exited with 0 +++
23238 1784444292.517048 +++ exited with 0 +++
23250 1784444292.520689 newfstatat(AT_FDCWD, "/data", {st_mode=S_IFDIR|0771, st_size=4096, ...}, AT_SYMLINK_NOFOLLOW) = 0
23250 1784444292.521178 newfstatat(AT_FDCWD, "/data/app", {st_mode=S_IFDIR|0771, st_size=4096, ...}, AT_SYMLINK_NOFOLLOW) = 0
23250 1784444292.521712 newfstatat(AT_FDCWD, "/data/app/cityfreqs.com.pilfershushjammer-S0d1aYz8wLPO4GtWKtKRBg==", {st_mode=S_IFDIR|0775, st_size=4096, ...}, AT_SYMLINK_NOFOLLOW) = 0
23250 1784444292.522097 newfstatat(AT_FDCWD, "/data/app/cityfreqs.com.pilfershushjammer-S0d1aYz8wLPO4GtWKtKRBg==/base.apk", {st_mode=S_IFREG|0644, st_size=3655765, ...}, AT_SYMLINK_NOFOLLOW) = 0
23250 1784444292.522460 getcwd("/", 4096) = 2
23250 1784444292.522989 newfstatat(AT_FDCWD, "/base.apk", 0x700c832690, AT_SYMLINK_NOFOLLOW) = -1 ENOENT (No such file or directory)
23230 1784444302.441363 recvfrom(45, "\2\0\0\0\0\0\0\0\261\23\0\0\0\0\0\0\200\223\317\24\327\3\0\0\1\0\0\0\2\20\0\0"..., 2272, MSG_DONTWAIT, NULL, NULL) = 232
23230 1784444302.441999 sendto(45, "\3\0\0\0\0\0\0\0\261\23\0\0\1\0\0\0", 16, MSG_DONTWAIT|MSG_NOSIGNAL, NULL, 0) = 16
23230 1784444302.442225 recvfrom(45, 0x709cbc6c20, 2272, MSG_DONTWAIT, NULL, NULL) = -1 EAGAIN (Try again)
23230 1784444302.442801 recvfrom(45, "\2\0\0\0\0\0\0\0\263\23\0\0\0\0\0\0\200\223\317\24\327\3\0\0\1\0\0\0\2\20\0\0"..., 2272, MSG_DONTWAIT, NULL, NULL) = 232
23230 1784444302.443043 recvfrom(42, 0x7fed454ec0, 3200, MSG_DONTWAIT, NULL, NULL) = -1 EAGAIN (Try again)
23278 1784444302.459068 sendmsg(70, {msg_name=NULL, msg_namelen=0, msg_iov=[{iov_base="l\1\1\1\374\0\0\0L\0\0\0\235\0\0\0\1\1o\0;\0\0\0/re/frid"..., iov_len=428}], msg_iovlen=1, msg_controllen=0, msg_flags=0}, MSG_NOSIGNAL) = 428
23278 1784444302.466357 sendmsg(70, {msg_name=NULL, msg_namelen=0, msg_iov=[{iov_base="l\1\1\1\0\1\0\0M\0\0\0\235\0\0\0\1\1o\0;\0\0\0/re/frid"..., iov_len=432}], msg_iovlen=1, msg_controllen=0, msg_flags=0}, MSG_NOSIGNAL) = 432
23230 1784444302.466678 sendto(45, "\3\0\0\0\0\0\0\0\263\23\0\0\1\0\0\0", 16, MSG_DONTWAIT|MSG_NOSIGNAL, NULL, 0) = 16
23230 1784444302.467723 recvfrom(45, 0x709cbc6c20, 2272, MSG_DONTWAIT, NULL, NULL) = -1 EAGAIN (Try again)
23230 1784444302.468188 recvfrom(42, "nysv\0\0\0\0\0\0\0\0\0\0\0\0\360\246>\25\327\3\0\0\245\327\3\0\0\0\0\0", 3200, MSG_DONTWAIT, NULL, NULL) = 32
23230 1784444302.468457 recvfrom(42, 0x7fed458190, 3200, MSG_DONTWAIT, NULL, NULL) = -1 EAGAIN (Try again)
23230 1784444302.471404 recvfrom(45, 0x709cbc6c20, 2272, MSG_DONTWAIT, NULL, NULL) = -1 EAGAIN (Try again)
23230 1784444302.471698 recvfrom(42, 0x7fed4580f0, 3200, MSG_DONTWAIT, NULL, NULL) = -1 EAGAIN (Try again)
23230 1784444302.473917 socket(AF_UNIX, SOCK_DGRAM|SOCK_CLOEXEC|SOCK_NONBLOCK, 0) = 69
23230 1784444302.474148 setsockopt(69, SOL_SOCKET, SO_SNDBUF, [1048576], 4) = 0
23230 1784444302.474290 connect(69, {sa_family=AF_UNIX, sun_path="/dev/socket/statsdw"}, 110) = 0
23230 1784444302.479058 clone(child_stack=0x70089bbd40, flags=CLONE_VM|CLONE_FS|CLONE_FILES|CLONE_SIGHAND|CLONE_THREAD|CLONE_SYSVSEM|CLONE_SETTLS|CLONE_PARENT_SETTID|CLONE_CHILD_CLEARTID, parent_tidptr=0x70089bbd60, tls=0x70089bc020, child_tidptr=0x70089bbd60) = 23334
23334 1784444302.481980 openat(AT_FDCWD, "/proc/23334/timerslack_ns", O_WRONLY|O_CREAT|O_TRUNC|O_NOFOLLOW|O_CLOEXEC, 0666) = 71
23251 1784444302.502156 recvfrom(40, 0x700c643eb0, 3200, MSG_DONTWAIT, NULL, NULL) = -1 EAGAIN (Try again)
23251 1784444302.502886 recvfrom(40, 0x700c643eb0, 3200, MSG_DONTWAIT, NULL, NULL) = -1 EAGAIN (Try again)
23334 1784444302.510218 exit(0)         = ?
23334 1784444302.510539 +++ exited with 0 +++
23251 1784444302.514548 recvfrom(40, "nysv\0\0\0\0\0\0\0\0\0\0\0\0\240\3068\31\327\3\0\0\251\327\3\0\0\0\0\0", 3200, MSG_DONTWAIT, NULL, NULL) = 32
23251 1784444302.514838 recvfrom(40, 0x700c643c80, 3200, MSG_DONTWAIT, NULL, NULL) = -1 EAGAIN (Try again)
23230 1784444302.515938 recvfrom(42, "nysv\0\0\0\0\0\0\0\0\0\0\0\0\343\266;\27\327\3\0\0\247\327\3\0\0\0\0\0", 3200, MSG_DONTWAIT, NULL, NULL) = 32
23230 1784444302.516507 recvfrom(42, 0x7fed458190, 3200, MSG_DONTWAIT, NULL, NULL) = -1 EAGAIN (Try again)
23230 1784444302.518674 recvfrom(45, 0x709cbc6c20, 2272, MSG_DONTWAIT, NULL, NULL) = -1 EAGAIN (Try again)
23230 1784444302.518934 recvfrom(42, 0x7fed4580f0, 3200, MSG_DONTWAIT, NULL, NULL) = -1 EAGAIN (Try again)
23251 1784444302.527126 recvfrom(40, 0x700c643eb0, 3200, MSG_DONTWAIT, NULL, NULL) = -1 EAGAIN (Try again)
23251 1784444302.528041 recvfrom(40, 0x700c643eb0, 3200, MSG_DONTWAIT, NULL, NULL) = -1 EAGAIN (Try again)
23230 1784444302.528636 newfstatat(AT_FDCWD, "/system/framework/framework-res.apk", {st_mode=S_IFREG|0644, st_size=45992421, ...}, 0) = 0
23230 1784444302.528809 newfstatat(AT_FDCWD, "/product/overlay/GoogleConfigOverlay.apk", {st_mode=S_IFREG|0644, st_size=25070, ...}, 0) = 0
23230 1784444302.528969 newfstatat(AT_FDCWD, "/product/overlay/GoogleWebViewOverlay.apk", {st_mode=S_IFREG|0644, st_size=16815, ...}, 0) = 0
23230 1784444302.529120 newfstatat(AT_FDCWD, "/product/overlay/PixelConfigOverlayCommon.apk", {st_mode=S_IFREG|0644, st_size=52833, ...}, 0) = 0
23230 1784444302.529273 newfstatat(AT_FDCWD, "/product/overlay/EmulatorConfigOverlay.apk", {st_mode=S_IFREG|0644, st_size=16734, ...}, 0) = 0
23230 1784444302.529429 newfstatat(AT_FDCWD, "/data/app/cityfreqs.com.pilfershushjammer-S0d1aYz8wLPO4GtWKtKRBg==/base.apk", {st_mode=S_IFREG|0644, st_size=3655765, ...}, 0) = 0
23251 1784444302.530687 recvfrom(40, "nysv\0\0\0\0\0\0\0\0\0\0\0\0006d7\32\327\3\0\0\252\327\3\0\0\0\0\0", 3200, MSG_DONTWAIT, NULL, NULL) = 32
23251 1784444302.530953 recvfrom(40, 0x700c643c80, 3200, MSG_DONTWAIT, NULL, NULL) = -1 EAGAIN (Try again)
23230 1784444302.535115 clone(child_stack=0x70084bed40, flags=CLONE_VM|CLONE_FS|CLONE_FILES|CLONE_SIGHAND|CLONE_THREAD|CLONE_SYSVSEM|CLONE_SETTLS|CLONE_PARENT_SETTID|CLONE_CHILD_CLEARTID, parent_tidptr=0x70084bed60, tls=0x70084bf020, child_tidptr=0x70084bed60) = 23335
23335 1784444302.540341 clone(child_stack=0x70089bbd40, flags=CLONE_VM|CLONE_FS|CLONE_FILES|CLONE_SIGHAND|CLONE_THREAD|CLONE_SYSVSEM|CLONE_SETTLS|CLONE_PARENT_SETTID|CLONE_CHILD_CLEARTID, parent_tidptr=0x70089bbd60, tls=0x70089bc020, child_tidptr=0x70089bbd60) = 23336
23336 1784444302.541195 openat(AT_FDCWD, "/proc/23336/timerslack_ns", O_WRONLY|O_CREAT|O_TRUNC|O_NOFOLLOW|O_CLOEXEC, 0666) = 74
23230 1784444302.548417 clone(child_stack=0x70083b5d40, flags=CLONE_VM|CLONE_FS|CLONE_FILES|CLONE_SIGHAND|CLONE_THREAD|CLONE_SYSVSEM|CLONE_SETTLS|CLONE_PARENT_SETTID|CLONE_CHILD_CLEARTID, parent_tidptr=0x70083b5d60, tls=0x70083b6020, child_tidptr=0x70083b5d60) = 23337
23230 1784444302.557572 recvfrom(42, "nysv\0\0\0\0\0\0\0\0\0\0\0\0006d7\32\327\3\0\0\252\327\3\0\0\0\0\0", 3200, MSG_DONTWAIT, NULL, NULL) = 32
23230 1784444302.557851 recvfrom(42, 0x7fed458190, 3200, MSG_DONTWAIT, NULL, NULL) = -1 EAGAIN (Try again)
23230 1784444302.559372 recvfrom(42, 0x7fed457580, 3200, MSG_DONTWAIT, NULL, NULL) = -1 EAGAIN (Try again)
23251 1784444302.580502 recvfrom(40, "nysv\0\0\0\0\0\0\0\0\0\0\0\0l\0036\33\327\3\0\0\253\327\3\0\0\0\0\0", 3200, MSG_DONTWAIT, NULL, NULL) = 32
23251 1784444302.580736 recvfrom(40, 0x700c643eb0, 3200, MSG_DONTWAIT, NULL, NULL) = -1 EAGAIN (Try again)
23230 1784444302.585338 recvfrom(42, "nysv\0\0\0\0\0\0\0\0\0\0\0\0\244\2334\34\327\3\0\0\254\327\3\0\0\0\0\0", 3200, MSG_DONTWAIT, NULL, NULL) = 32
23230 1784444302.585609 recvfrom(42, 0x7fed458190, 3200, MSG_DONTWAIT, NULL, NULL) = -1 EAGAIN (Try again)
23278 1784444302.591707 sendmsg(70, {msg_name=NULL, msg_namelen=0, msg_iov=[{iov_base="l\1\1\1\374\0\0\0N\0\0\0\235\0\0\0\1\1o\0;\0\0\0/re/frid"..., iov_len=428}], msg_iovlen=1, msg_controllen=0, msg_flags=0}, MSG_NOSIGNAL) = 428
23278 1784444302.600074 sendmsg(70, {msg_name=NULL, msg_namelen=0, msg_iov=[{iov_base="l\1\1\1\0\1\0\0O\0\0\0\235\0\0\0\1\1o\0;\0\0\0/re/frid"..., iov_len=432}], msg_iovlen=1, msg_controllen=0, msg_flags=0}, MSG_NOSIGNAL) = 432
23251 1784444302.605463 recvfrom(40, "nysv\0\0\0\0\0\0\0\0\0\0\0\0\370;1\36\327\3\0\0\256\327\3\0\0\0\0\0", 3200, MSG_DONTWAIT, NULL, NULL) = 32
23251 1784444302.605646 recvfrom(40, 0x700c643eb0, 3200, MSG_DONTWAIT, NULL, NULL) = -1 EAGAIN (Try again)
23251 1784444302.606553 recvfrom(40, 0x700c643eb0, 3200, MSG_DONTWAIT, NULL, NULL) = -1 EAGAIN (Try again)
23230 1784444302.610145 recvfrom(45, 0x709cbc6c20, 2272, MSG_DONTWAIT, NULL, NULL) = -1 EAGAIN (Try again)
23230 1784444302.610293 recvfrom(79, 0x6faf7d0020, 2272, MSG_DONTWAIT, NULL, NULL) = -1 EAGAIN (Try again)
23230 1784444302.610448 recvfrom(42, 0x7fed4580f0, 3200, MSG_DONTWAIT, NULL, NULL) = -1 EAGAIN (Try again)
23251 1784444302.624340 recvfrom(40, "nysv\0\0\0\0\0\0\0\0\0\0\0\0O\322/\37\327\3\0\0\257\327\3\0\0\0\0\0", 3200, MSG_DONTWAIT, NULL, NULL) = 32
23251 1784444302.624508 recvfrom(40, 0x700c643eb0, 3200, MSG_DONTWAIT, NULL, NULL) = -1 EAGAIN (Try again)
23251 1784444302.643494 recvfrom(40, "nysv\0\0\0\0\0\0\0\0\0\0\0\0\251\220. \327\3\0\0\260\327\3\0\0\0\0\0", 3200, MSG_DONTWAIT, NULL, NULL) = 32
23251 1784444302.643876 recvfrom(40, 0x700c643eb0, 3200, MSG_DONTWAIT, NULL, NULL) = -1 EAGAIN (Try again)
23251 1784444302.664988 recvfrom(40, "nysv\0\0\0\0\0\0\0\0\0\0\0\0\323\340,!\327\3\0\0\261\327\3\0\0\0\0\0", 3200, MSG_DONTWAIT, NULL, NULL) = 32
23251 1784444302.665140 recvfrom(40, 0x700c643eb0, 3200, MSG_DONTWAIT, NULL, NULL) = -1 EAGAIN (Try again)
23230 1784444302.677888 recvfrom(42, "nysv\0\0\0\0\0\0\0\0\0\0\0\0O\322/\37\327\3\0\0\257\327\3\0\0\0\0\0", 3200, MSG_DONTWAIT, NULL, NULL) = 32
23230 1784444302.678054 recvfrom(42, 0x7fed458190, 3200, MSG_DONTWAIT, NULL, NULL) = -1 EAGAIN (Try again)
23251 1784444302.685651 recvfrom(40, "nysv\0\0\0\0\0\0\0\0\0\0\0\0X\267)#\327\3\0\0\263\327\3\0\0\0\0\0", 3200, MSG_DONTWAIT, NULL, NULL) = 32
23251 1784444302.686002 recvfrom(40, 0x700c643c80, 3200, MSG_DONTWAIT, NULL, NULL) = -1 EAGAIN (Try again)
23230 1784444302.686773 recvfrom(42, 0x7fed457580, 3200, MSG_DONTWAIT, NULL, NULL) = -1 EAGAIN (Try again)
23251 1784444302.702092 recvfrom(40, "nysv\0\0\0\0\0\0\0\0\0\0\0\0\202\7($\327\3\0\0\264\327\3\0\0\0\0\0", 3200, MSG_DONTWAIT, NULL, NULL) = 32
23251 1784444302.702336 recvfrom(40, 0x700c643eb0, 3200, MSG_DONTWAIT, NULL, NULL) = -1 EAGAIN (Try again)
23230 1784444302.710017 recvfrom(42, "nysv\0\0\0\0\0\0\0\0\0\0\0\0\202\7($\327\3\0\0\264\327\3\0\0\0\0\0", 3200, MSG_DONTWAIT, NULL, NULL) = 32
23230 1784444302.710171 recvfrom(42, 0x7fed458190, 3200, MSG_DONTWAIT, NULL, NULL) = -1 EAGAIN (Try again)
23230 1784444302.711517 recvfrom(45, 0x709cbc6c20, 2272, MSG_DONTWAIT, NULL, NULL) = -1 EAGAIN (Try again)
23230 1784444302.711670 recvfrom(79, 0x6faf7d0020, 2272, MSG_DONTWAIT, NULL, NULL) = -1 EAGAIN (Try again)
23230 1784444302.711864 recvfrom(42, 0x7fed4574f0, 3200, MSG_DONTWAIT, NULL, NULL) = -1 EAGAIN (Try again)
23251 1784444302.722837 recvfrom(40, "nysv\0\0\0\0\0\0\0\0\0\0\0\0\254W&%\327\3\0\0\265\327\3\0\0\0\0\0", 3200, MSG_DONTWAIT, NULL, NULL) = 32
23251 1784444302.723002 recvfrom(40, 0x700c643eb0, 3200, MSG_DONTWAIT, NULL, NULL) = -1 EAGAIN (Try again)
23230 1784444302.724744 recvfrom(42, "nysv\0\0\0\0\0\0\0\0\0\0\0\0\254W&%\327\3\0\0\265\327\3\0\0\0\0\0", 3200, MSG_DONTWAIT, NULL, NULL) = 32
23230 1784444302.724921 recvfrom(42, 0x7fed458190, 3200, MSG_DONTWAIT, NULL, NULL) = -1 EAGAIN (Try again)
23230 1784444302.726632 recvfrom(45, 0x709cbc6c20, 2272, MSG_DONTWAIT, NULL, NULL) = -1 EAGAIN (Try again)
23230 1784444302.726777 recvfrom(42, 0x7fed4580f0, 3200, MSG_DONTWAIT, NULL, NULL) = -1 EAGAIN (Try again)
23230 1784444302.731745 recvfrom(42, "nysv\0\0\0\0\0\0\0\0\0\0\0\0\326\247$&\327\3\0\0\266\327\3\0\0\0\0\0", 3200, MSG_DONTWAIT, NULL, NULL) = 32
23230 1784444302.735447 recvfrom(42, 0x7fed458190, 3200, MSG_DONTWAIT, NULL, NULL) = -1 EAGAIN (Try again)
23230 1784444302.736171 recvfrom(42, 0x7fed4580f0, 3200, MSG_DONTWAIT, NULL, NULL) = -1 EAGAIN (Try again)
23251 1784444302.737943 recvfrom(40, "nysv\0\0\0\0\0\0\0\0\0\0\0\0\326\247$&\327\3\0\0\266\327\3\0\0\0\0\0", 3200, MSG_DONTWAIT, NULL, NULL) = 32
23251 1784444302.738130 recvfrom(40, 0x700c643eb0, 3200, MSG_DONTWAIT, NULL, NULL) = -1 EAGAIN (Try again)
23230 1784444302.748110 recvfrom(42, "nysv\0\0\0\0\0\0\0\0\0\0\0\0V\352\"'\327\3\0\0\267\327\3\0\0\0\0\0", 3200, MSG_DONTWAIT, NULL, NULL) = 32
23230 1784444302.748415 recvfrom(42, 0x7fed458190, 3200, MSG_DONTWAIT, NULL, NULL) = -1 EAGAIN (Try again)
23230 1784444302.749213 recvfrom(42, 0x7fed4580f0, 3200, MSG_DONTWAIT, NULL, NULL) = -1 EAGAIN (Try again)
23251 1784444302.753381 recvfrom(40, "nysv\0\0\0\0\0\0\0\0\0\0\0\0V\352\"'\327\3\0\0\267\327\3\0\0\0\0\0", 3200, MSG_DONTWAIT, NULL, NULL) = 32
23251 1784444302.753672 recvfrom(40, 0x700c643eb0, 3200, MSG_DONTWAIT, NULL, NULL) = -1 EAGAIN (Try again)
23230 1784444302.766036 recvfrom(42, "nysv\0\0\0\0\0\0\0\0\0\0\0\0\200:!(\327\3\0\0\270\327\3\0\0\0\0\0", 3200, MSG_DONTWAIT, NULL, NULL) = 32
23230 1784444302.766431 recvfrom(42, 0x7fed458190, 3200, MSG_DONTWAIT, NULL, NULL) = -1 EAGAIN (Try again)
23230 1784444302.769409 recvfrom(42, 0x7fed4580f0, 3200, MSG_DONTWAIT, NULL, NULL) = -1 EAGAIN (Try again)
23251 1784444302.771135 recvfrom(40, "nysv\0\0\0\0\0\0\0\0\0\0\0\0\200:!(\327\3\0\0\270\327\3\0\0\0\0\0", 3200, MSG_DONTWAIT, NULL, NULL) = 32
23251 1784444302.771319 recvfrom(40, 0x700c643eb0, 3200, MSG_DONTWAIT, NULL, NULL) = -1 EAGAIN (Try again)
23230 1784444302.781830 recvfrom(42, "nysv\0\0\0\0\0\0\0\0\0\0\0\0V\244\37)\327\3\0\0\271\327\3\0\0\0\0\0", 3200, MSG_DONTWAIT, NULL, NULL) = 32
23230 1784444302.782163 recvfrom(42, 0x7fed458190, 3200, MSG_DONTWAIT, NULL, NULL) = -1 EAGAIN (Try again)
23230 1784444302.782992 recvfrom(42, 0x7fed4580f0, 3200, MSG_DONTWAIT, NULL, NULL) = -1 EAGAIN (Try again)
23251 1784444302.785816 recvfrom(40, "nysv\0\0\0\0\0\0\0\0\0\0\0\0V\244\37)\327\3\0\0\271\327\3\0\0\0\0\0", 3200, MSG_DONTWAIT, NULL, NULL) = 32
23251 1784444302.786276 recvfrom(40, 0x700c643eb0, 3200, MSG_DONTWAIT, NULL, NULL) = -1 EAGAIN (Try again)
23230 1784444302.797895 recvfrom(42, "nysv\0\0\0\0\0\0\0\0\0\0\0\0\374.\36*\327\3\0\0\272\327\3\0\0\0\0\0", 3200, MSG_DONTWAIT, NULL, NULL) = 32
23230 1784444302.798912 recvfrom(42, 0x7fed458190, 3200, MSG_DONTWAIT, NULL, NULL) = -1 EAGAIN (Try again)
23230 1784444302.799581 recvfrom(42, 0x7fed4580f0, 3200, MSG_DONTWAIT, NULL, NULL) = -1 EAGAIN (Try again)
23251 1784444302.801858 recvfrom(40, "nysv\0\0\0\0\0\0\0\0\0\0\0\0\374.\36*\327\3\0\0\272\327\3\0\0\0\0\0", 3200, MSG_DONTWAIT, NULL, NULL) = 32
23251 1784444302.802201 recvfrom(40, 0x700c643eb0, 3200, MSG_DONTWAIT, NULL, NULL) = -1 EAGAIN (Try again)
23230 1784444302.815323 recvfrom(42, "nysv\0\0\0\0\0\0\0\0\0\0\0\0&\177\34+\327\3\0\0\273\327\3\0\0\0\0\0", 3200, MSG_DONTWAIT, NULL, NULL) = 32
23230 1784444302.815636 recvfrom(42, 0x7fed458190, 3200, MSG_DONTWAIT, NULL, NULL) = -1 EAGAIN (Try again)
23230 1784444302.817468 recvfrom(42, 0x7fed4580f0, 3200, MSG_DONTWAIT, NULL, NULL) = -1 EAGAIN (Try again)
23251 1784444302.820122 recvfrom(40, "nysv\0\0\0\0\0\0\0\0\0\0\0\0&\177\34+\327\3\0\0\273\327\3\0\0\0\0\0", 3200, MSG_DONTWAIT, NULL, NULL) = 32
23251 1784444302.820425 recvfrom(40, 0x700c643eb0, 3200, MSG_DONTWAIT, NULL, NULL) = -1 EAGAIN (Try again)
23230 1784444302.831371 recvfrom(42, "nysv\0\0\0\0\0\0\0\0\0\0\0\0P\317\32,\327\3\0\0\274\327\3\0\0\0\0\0", 3200, MSG_DONTWAIT, NULL, NULL) = 32
23230 1784444302.831706 recvfrom(42, 0x7fed458190, 3200, MSG_DONTWAIT, NULL, NULL) = -1 EAGAIN (Try again)
23251 1784444302.836855 recvfrom(40, "nysv\0\0\0\0\0\0\0\0\0\0\0\0P\317\32,\327\3\0\0\274\327\3\0\0\0\0\0", 3200, MSG_DONTWAIT, NULL, NULL) = 32
23251 1784444302.837099 recvfrom(40, 0x700c643eb0, 3200, MSG_DONTWAIT, NULL, NULL) = -1 EAGAIN (Try again)
23251 1784444302.853180 recvfrom(40, "nysv\0\0\0\0\0\0\0\0\0\0\0\0\350c\31-\327\3\0\0\275\327\3\0\0\0\0\0", 3200, MSG_DONTWAIT, NULL, NULL) = 32
23251 1784444302.853481 recvfrom(40, 0x700c643c80, 3200, MSG_DONTWAIT, NULL, NULL) = -1 EAGAIN (Try again)
23230 1784444303.264684 recvfrom(42, 0x7fed457e60, 3200, MSG_DONTWAIT, NULL, NULL) = -1 EAGAIN (Try again)
23230 1784444303.283085 recvfrom(42, "nysv\0\0\0\0\0\0\0\0\0\0\0\0\331\271\355F\327\3\0\0\327\327\3\0\0\0\0\0", 3200, MSG_DONTWAIT, NULL, NULL) = 32
23230 1784444303.283340 recvfrom(42, 0x7fed458190, 3200, MSG_DONTWAIT, NULL, NULL) = -1 EAGAIN (Try again)
23230 1784444303.283810 recvfrom(45, 0x709cbc6c20, 2272, MSG_DONTWAIT, NULL, NULL) = -1 EAGAIN (Try again)
23230 1784444303.285205 recvfrom(42, 0x7fed456d00, 3200, MSG_DONTWAIT, NULL, NULL) = -1 EAGAIN (Try again)
23230 1784444303.297421 recvfrom(42, "nysv\0\0\0\0\0\0\0\0\0\0\0\0\253\225\354G\327\3\0\0\330\327\3\0\0\0\0\0", 3200, MSG_DONTWAIT, NULL, NULL) = 32
23230 1784444303.297710 recvfrom(42, 0x7fed458190, 3200, MSG_DONTWAIT, NULL, NULL) = -1 EAGAIN (Try again)
23230 1784444303.298487 recvfrom(45, 0x709cbc6c20, 2272, MSG_DONTWAIT, NULL, NULL) = -1 EAGAIN (Try again)
23230 1784444303.299379 recvfrom(42, 0x7fed456d00, 3200, MSG_DONTWAIT, NULL, NULL) = -1 EAGAIN (Try again)
23230 1784444303.314531 recvfrom(42, "nysv\0\0\0\0\0\0\0\0\0\0\0\0\376)\353H\327\3\0\0\331\327\3\0\0\0\0\0", 3200, MSG_DONTWAIT, NULL, NULL) = 32
23230 1784444303.315102 recvfrom(42, 0x7fed458190, 3200, MSG_DONTWAIT, NULL, NULL) = -1 EAGAIN (Try again)
23230 1784444303.315505 recvfrom(45, 0x709cbc6c20, 2272, MSG_DONTWAIT, NULL, NULL) = -1 EAGAIN (Try again)
23230 1784444303.318127 recvfrom(42, 0x7fed456d00, 3200, MSG_DONTWAIT, NULL, NULL) = -1 EAGAIN (Try again)
23248 1784444303.335668 clone(child_stack=0x70081aad40, flags=CLONE_VM|CLONE_FS|CLONE_FILES|CLONE_SIGHAND|CLONE_THREAD|CLONE_SYSVSEM|CLONE_SETTLS|CLONE_PARENT_SETTID|CLONE_CHILD_CLEARTID, parent_tidptr=0x70081aad60, tls=0x70081ab020, child_tidptr=0x70081aad60) = 23345
23230 1784444303.335941 recvfrom(42, "nysv\0\0\0\0\0\0\0\0\0\0\0\0L\272\351I\327\3\0\0\332\327\3\0\0\0\0\0", 3200, MSG_DONTWAIT, NULL, NULL) = 32
23230 1784444303.336328 recvfrom(42, 0x7fed458190, 3200, MSG_DONTWAIT, NULL, NULL) = -1 EAGAIN (Try again)
23230 1784444303.337112 recvfrom(45, 0x709cbc6c20, 2272, MSG_DONTWAIT, NULL, NULL) = -1 EAGAIN (Try again)
23230 1784444303.337815 recvfrom(42, 0x7fed456d00, 3200, MSG_DONTWAIT, NULL, NULL) = -1 EAGAIN (Try again)
23345 1784444303.339572 openat(AT_FDCWD, "/proc/23345/timerslack_ns", O_WRONLY|O_CREAT|O_TRUNC|O_NOFOLLOW|O_CLOEXEC, 0666) = 78
23230 1784444303.347569 recvfrom(42, "nysv\0\0\0\0\0\0\0\0\0\0\0\0\305K\350J\327\3\0\0\333\327\3\0\0\0\0\0", 3200, MSG_DONTWAIT, NULL, NULL) = 32
23230 1784444303.347858 recvfrom(42, 0x7fed458190, 3200, MSG_DONTWAIT, NULL, NULL) = -1 EAGAIN (Try again)
23230 1784444303.349193 recvfrom(45, 0x709cbc6c20, 2272, MSG_DONTWAIT, NULL, NULL) = -1 EAGAIN (Try again)
23230 1784444303.351756 recvfrom(42, 0x7fed456d00, 3200, MSG_DONTWAIT, NULL, NULL) = -1 EAGAIN (Try again)
23230 1784444303.364602 recvfrom(42, "nysv\0\0\0\0\0\0\0\0\0\0\0\0A\331\346K\327\3\0\0\334\327\3\0\0\0\0\0", 3200, MSG_DONTWAIT, NULL, NULL) = 32
23230 1784444303.364776 recvfrom(42, 0x7fed458190, 3200, MSG_DONTWAIT, NULL, NULL) = -1 EAGAIN (Try again)
23230 1784444303.365290 recvfrom(45, 0x709cbc6c20, 2272, MSG_DONTWAIT, NULL, NULL) = -1 EAGAIN (Try again)
23230 1784444303.366716 recvfrom(42, 0x7fed456d00, 3200, MSG_DONTWAIT, NULL, NULL) = -1 EAGAIN (Try again)
23230 1784444303.382742 recvfrom(42, "nysv\0\0\0\0\0\0\0\0\0\0\0\0\237\373\344L\327\3\0\0\335\327\3\0\0\0\0\0", 3200, MSG_DONTWAIT, NULL, NULL) = 32
23230 1784444303.382989 recvfrom(42, 0x7fed458190, 3200, MSG_DONTWAIT, NULL, NULL) = -1 EAGAIN (Try again)
23230 1784444303.383401 recvfrom(45, 0x709cbc6c20, 2272, MSG_DONTWAIT, NULL, NULL) = -1 EAGAIN (Try again)
23230 1784444303.385546 recvfrom(42, 0x7fed456d00, 3200, MSG_DONTWAIT, NULL, NULL) = -1 EAGAIN (Try again)
23230 1784444303.398396 recvfrom(42, "nysv\0\0\0\0\0\0\0\0\0\0\0\0\376Z\343M\327\3\0\0\336\327\3\0\0\0\0\0", 3200, MSG_DONTWAIT, NULL, NULL) = 32
23230 1784444303.398696 recvfrom(42, 0x7fed458190, 3200, MSG_DONTWAIT, NULL, NULL) = -1 EAGAIN (Try again)
23230 1784444303.399187 recvfrom(45, 0x709cbc6c20, 2272, MSG_DONTWAIT, NULL, NULL) = -1 EAGAIN (Try again)
23230 1784444303.401115 recvfrom(42, 0x7fed456d00, 3200, MSG_DONTWAIT, NULL, NULL) = -1 EAGAIN (Try again)
23230 1784444303.415942 recvfrom(42, "nysv\0\0\0\0\0\0\0\0\0\0\0\0y\245\341N\327\3\0\0\337\327\3\0\0\0\0\0", 3200, MSG_DONTWAIT, NULL, NULL) = 32
23230 1784444303.416141 recvfrom(42, 0x7fed458190, 3200, MSG_DONTWAIT, NULL, NULL) = -1 EAGAIN (Try again)
23230 1784444303.418024 recvfrom(45, 0x709cbc6c20, 2272, MSG_DONTWAIT, NULL, NULL) = -1 EAGAIN (Try again)
23230 1784444303.419328 recvfrom(42, 0x7fed456d00, 3200, MSG_DONTWAIT, NULL, NULL) = -1 EAGAIN (Try again)
23230 1784444303.432134 recvfrom(42, "nysv\0\0\0\0\0\0\0\0\0\0\0\0\2725\340O\327\3\0\0\340\327\3\0\0\0\0\0", 3200, MSG_DONTWAIT, NULL, NULL) = 32
23230 1784444303.432960 recvfrom(42, 0x7fed458190, 3200, MSG_DONTWAIT, NULL, NULL) = -1 EAGAIN (Try again)
23230 1784444303.434695 recvfrom(45, 0x709cbc6c20, 2272, MSG_DONTWAIT, NULL, NULL) = -1 EAGAIN (Try again)
23230 1784444303.435590 recvfrom(42, 0x7fed456d00, 3200, MSG_DONTWAIT, NULL, NULL) = -1 EAGAIN (Try again)
23230 1784444303.448254 recvfrom(42, "nysv\0\0\0\0\0\0\0\0\0\0\0\0k\241\336P\327\3\0\0\341\327\3\0\0\0\0\0", 3200, MSG_DONTWAIT, NULL, NULL) = 32
23230 1784444303.448598 recvfrom(42, 0x7fed458190, 3200, MSG_DONTWAIT, NULL, NULL) = -1 EAGAIN (Try again)
23230 1784444303.449081 recvfrom(45, 0x709cbc6c20, 2272, MSG_DONTWAIT, NULL, NULL) = -1 EAGAIN (Try again)
23230 1784444303.451337 recvfrom(42, 0x7fed456d00, 3200, MSG_DONTWAIT, NULL, NULL) = -1 EAGAIN (Try again)
23230 1784444303.465330 recvfrom(42, "nysv\0\0\0\0\0\0\0\0\0\0\0\0\24\376\334Q\327\3\0\0\342\327\3\0\0\0\0\0", 3200, MSG_DONTWAIT, NULL, NULL) = 32
23230 1784444303.465611 recvfrom(42, 0x7fed458190, 3200, MSG_DONTWAIT, NULL, NULL) = -1 EAGAIN (Try again)
23230 1784444303.465975 recvfrom(45, 0x709cbc6c20, 2272, MSG_DONTWAIT, NULL, NULL) = -1 EAGAIN (Try again)
23230 1784444303.466425 recvfrom(42, 0x7fed456d00, 3200, MSG_DONTWAIT, NULL, NULL) = -1 EAGAIN (Try again)
23230 1784444303.482336 recvfrom(42, "nysv\0\0\0\0\0\0\0\0\0\0\0\0\2105\333R\327\3\0\0\343\327\3\0\0\0\0\0", 3200, MSG_DONTWAIT, NULL, NULL) = 32
23230 1784444303.482576 recvfrom(42, 0x7fed458190, 3200, MSG_DONTWAIT, NULL, NULL) = -1 EAGAIN (Try again)
23230 1784444303.483219 recvfrom(45, 0x709cbc6c20, 2272, MSG_DONTWAIT, NULL, NULL) = -1 EAGAIN (Try again)
23230 1784444303.483688 recvfrom(42, 0x7fed456d00, 3200, MSG_DONTWAIT, NULL, NULL) = -1 EAGAIN (Try again)
23230 1784444303.499050 recvfrom(42, "nysv\0\0\0\0\0\0\0\0\0\0\0\0\26{\331S\327\3\0\0\344\327\3\0\0\0\0\0", 3200, MSG_DONTWAIT, NULL, NULL) = 32
23230 1784444303.499575 recvfrom(42, 0x7fed458190, 3200, MSG_DONTWAIT, NULL, NULL) = -1 EAGAIN (Try again)
23230 1784444303.500138 recvfrom(45, 0x709cbc6c20, 2272, MSG_DONTWAIT, NULL, NULL) = -1 EAGAIN (Try again)
23230 1784444303.500602 recvfrom(42, 0x7fed456d00, 3200, MSG_DONTWAIT, NULL, NULL) = -1 EAGAIN (Try again)
23230 1784444303.515794 recvfrom(42, "nysv\0\0\0\0\0\0\0\0\0\0\0\0@\313\327T\327\3\0\0\345\327\3\0\0\0\0\0", 3200, MSG_DONTWAIT, NULL, NULL) = 32
23230 1784444303.516208 recvfrom(42, 0x7fed458190, 3200, MSG_DONTWAIT, NULL, NULL) = -1 EAGAIN (Try again)
23230 1784444303.516608 recvfrom(45, 0x709cbc6c20, 2272, MSG_DONTWAIT, NULL, NULL) = -1 EAGAIN (Try again)
23230 1784444303.517333 recvfrom(42, 0x7fed456d00, 3200, MSG_DONTWAIT, NULL, NULL) = -1 EAGAIN (Try again)
23230 1784444303.531515 recvfrom(42, "nysv\0\0\0\0\0\0\0\0\0\0\0\0\336=\326U\327\3\0\0\346\327\3\0\0\0\0\0", 3200, MSG_DONTWAIT, NULL, NULL) = 32
23230 1784444303.531802 recvfrom(42, 0x7fed458190, 3200, MSG_DONTWAIT, NULL, NULL) = -1 EAGAIN (Try again)
23230 1784444303.532299 recvfrom(45, 0x709cbc6c20, 2272, MSG_DONTWAIT, NULL, NULL) = -1 EAGAIN (Try again)
23230 1784444304.550190 recvfrom(42, 0x7fed457cb0, 3200, MSG_DONTWAIT, NULL, NULL) = -1 EAGAIN (Try again)
23230 1784444304.566217 recvfrom(42, "nysv\0\0\0\0\0\0\0\0\0\0\0\0\316\ni\223\327\3\0\0$\330\3\0\0\0\0\0", 3200, MSG_DONTWAIT, NULL, NULL) = 32
23230 1784444304.566915 recvfrom(42, 0x7fed458190, 3200, MSG_DONTWAIT, NULL, NULL) = -1 EAGAIN (Try again)
23277 1784444305.316228 exit(0)         = ?
23277 1784444305.316302 +++ exited with 0 +++
23275 1784444305.369034 faccessat(AT_FDCWD, "/proc/self/task/23277", F_OK) = -1 ENOENT (No such file or directory)
23230 1784444330.497781 recvfrom(45, "\2\0\0\0\0\0\0\0\267\23\0\0\0\0\0\0\200)\24\235\335\3\0\0\1\0\0\0\2\20\0\0"..., 2272, MSG_DONTWAIT, NULL, NULL) = 232
23230 1784444330.498244 sendto(45, "\3\0\0\0\0\0\0\0\267\23\0\0\1\0\0\0", 16, MSG_DONTWAIT|MSG_NOSIGNAL, NULL, 0) = 16
23230 1784444330.498473 recvfrom(45, 0x709cbc6c20, 2272, MSG_DONTWAIT, NULL, NULL) = -1 EAGAIN (Try again)
23230 1784444330.499094 recvfrom(45, "\2\0\0\0\0\0\0\0\271\23\0\0\0\0\0\0\200)\24\235\335\3\0\0\1\0\0\0\2\20\0\0"..., 2272, MSG_DONTWAIT, NULL, NULL) = 232
23230 1784444330.499312 recvfrom(42, 0x7fed454ec0, 3200, MSG_DONTWAIT, NULL, NULL) = -1 EAGAIN (Try again)
23278 1784444330.505916 sendmsg(70, {msg_name=NULL, msg_namelen=0, msg_iov=[{iov_base="l\1\1\1\374\0\0\0P\0\0\0\235\0\0\0\1\1o\0;\0\0\0/re/frid"..., iov_len=428}], msg_iovlen=1, msg_controllen=0, msg_flags=0}, MSG_NOSIGNAL) = 428
23278 1784444330.512715 sendmsg(70, {msg_name=NULL, msg_namelen=0, msg_iov=[{iov_base="l\1\1\1\0\1\0\0Q\0\0\0\235\0\0\0\1\1o\0;\0\0\0/re/frid"..., iov_len=432}], msg_iovlen=1, msg_controllen=0, msg_flags=0}, MSG_NOSIGNAL) = 432
23230 1784444330.513019 sendto(45, "\3\0\0\0\0\0\0\0\271\23\0\0\1\0\0\0", 16, MSG_DONTWAIT|MSG_NOSIGNAL, NULL, 0) = 16
23230 1784444330.513318 recvfrom(45, 0x709cbc6c20, 2272, MSG_DONTWAIT, NULL, NULL) = -1 EAGAIN (Try again)
23230 1784444330.514080 recvfrom(42, "nysv\0\0\0\0\0\0\0\0\0\0\0\0u\33(\236\335\3\0\0-\336\3\0\0\0\0\0", 3200, MSG_DONTWAIT, NULL, NULL) = 32
23230 1784444330.514344 recvfrom(42, 0x7fed458190, 3200, MSG_DONTWAIT, NULL, NULL) = -1 EAGAIN (Try again)
23230 1784444330.514632 recvfrom(45, 0x709cbc6c20, 2272, MSG_DONTWAIT, NULL, NULL) = -1 EAGAIN (Try again)
23230 1784444330.514773 recvfrom(42, 0x7fed4580f0, 3200, MSG_DONTWAIT, NULL, NULL) = -1 EAGAIN (Try again)
23278 1784444330.520588 sendmsg(70, {msg_name=NULL, msg_namelen=0, msg_iov=[{iov_base="l\1\1\1\354\0\0\0R\0\0\0\235\0\0\0\1\1o\0;\0\0\0/re/frid"..., iov_len=412}], msg_iovlen=1, msg_controllen=0, msg_flags=0}, MSG_NOSIGNAL) = 412
23230 1784444330.521816 clone(child_stack=0x700807dd40, flags=CLONE_VM|CLONE_FS|CLONE_FILES|CLONE_SIGHAND|CLONE_THREAD|CLONE_SYSVSEM|CLONE_SETTLS|CLONE_PARENT_SETTID|CLONE_CHILD_CLEARTID, parent_tidptr=0x700807dd60, tls=0x700807e020, child_tidptr=0x700807dd60) = 23387
23387 1784444330.527488 openat(AT_FDCWD, "/proc/23387/timerslack_ns", O_WRONLY|O_CREAT|O_TRUNC|O_NOFOLLOW|O_CLOEXEC, 0666) = 78
23251 1784444330.530471 recvfrom(40, 0x700c643eb0, 3200, MSG_DONTWAIT, NULL, NULL) = -1 EAGAIN (Try again)
23251 1784444330.536337 recvfrom(40, 0x700c643eb0, 3200, MSG_DONTWAIT, NULL, NULL) = -1 EAGAIN (Try again)
23387 1784444330.539988 exit(0)         = ?
23387 1784444330.540253 +++ exited with 0 +++
23230 1784444330.543413 clone(child_stack=0x700807dd40, flags=CLONE_VM|CLONE_FS|CLONE_FILES|CLONE_SIGHAND|CLONE_THREAD|CLONE_SYSVSEM|CLONE_SETTLS|CLONE_PARENT_SETTID|CLONE_CHILD_CLEARTID, parent_tidptr=0x700807dd60, tls=0x700807e020, child_tidptr=0x700807dd60) = 23391
23391 1784444330.546248 openat(AT_FDCWD, "/proc/23391/timerslack_ns", O_WRONLY|O_CREAT|O_TRUNC|O_NOFOLLOW|O_CLOEXEC, 0666) = 78
23251 1784444330.547926 recvfrom(40, "nysv\0\0\0\0\0\0\0\0\0\0\0\0E<%\240\335\3\0\0/\336\3\0\0\0\0\0", 3200, MSG_DONTWAIT, NULL, NULL) = 32
23251 1784444330.548126 recvfrom(40, 0x700c643c80, 3200, MSG_DONTWAIT, NULL, NULL) = -1 EAGAIN (Try again)
23251 1784444330.562610 recvfrom(40, 0x700c643eb0, 3200, MSG_DONTWAIT, NULL, NULL) = -1 EAGAIN (Try again)
23251 1784444330.564489 recvfrom(40, "nysv\0\0\0\0\0\0\0\0\0\0\0\0\16\324#\241\335\3\0\0000\336\3\0\0\0\0\0", 3200, MSG_DONTWAIT, NULL, NULL) = 32
23251 1784444330.564968 recvfrom(40, 0x700c643c80, 3200, MSG_DONTWAIT, NULL, NULL) = -1 EAGAIN (Try again)
23391 1784444330.571263 exit(0)         = ?
23391 1784444330.571530 +++ exited with 0 +++
23230 1784444330.576283 recvfrom(42, "nysv\0\0\0\0\0\0\0\0\0\0\0\0\273\263&\237\335\3\0\0.\336\3\0\0\0\0\0", 3200, MSG_DONTWAIT, NULL, NULL) = 32
23230 1784444330.576451 recvfrom(42, 0x7fed458190, 3200, MSG_DONTWAIT, NULL, NULL) = -1 EAGAIN (Try again)
23230 1784444330.577150 recvfrom(45, 0x709cbc6c20, 2272, MSG_DONTWAIT, NULL, NULL) = -1 EAGAIN (Try again)
23230 1784444330.577382 recvfrom(42, 0x7fed4580f0, 3200, MSG_DONTWAIT, NULL, NULL) = -1 EAGAIN (Try again)
23251 1784444330.580261 recvfrom(40, 0x700c643eb0, 3200, MSG_DONTWAIT, NULL, NULL) = -1 EAGAIN (Try again)
23251 1784444330.582157 recvfrom(40, "nysv\0\0\0\0\0\0\0\0\0\0\0\08$\"\242\335\3\0\0001\336\3\0\0\0\0\0", 3200, MSG_DONTWAIT, NULL, NULL) = 32
23251 1784444330.583285 recvfrom(40, 0x700c643eb0, 3200, MSG_DONTWAIT, NULL, NULL) = -1 EAGAIN (Try again)
23230 1784444330.584159 recvfrom(42, "nysv\0\0\0\0\0\0\0\0\0\0\0\08$\"\242\335\3\0\0001\336\3\0\0\0\0\0", 3200, MSG_DONTWAIT, NULL, NULL) = 32
23230 1784444330.584402 recvfrom(42, 0x7fed458190, 3200, MSG_DONTWAIT, NULL, NULL) = -1 EAGAIN (Try again)
23230 1784444330.585026 newfstatat(AT_FDCWD, "/system/framework/framework-res.apk", {st_mode=S_IFREG|0644, st_size=45992421, ...}, 0) = 0
23230 1784444330.585187 newfstatat(AT_FDCWD, "/product/overlay/GoogleConfigOverlay.apk", {st_mode=S_IFREG|0644, st_size=25070, ...}, 0) = 0
23230 1784444330.585615 newfstatat(AT_FDCWD, "/product/overlay/GoogleWebViewOverlay.apk", {st_mode=S_IFREG|0644, st_size=16815, ...}, 0) = 0
23230 1784444330.585811 newfstatat(AT_FDCWD, "/product/overlay/PixelConfigOverlayCommon.apk", {st_mode=S_IFREG|0644, st_size=52833, ...}, 0) = 0
23230 1784444330.585963 newfstatat(AT_FDCWD, "/product/overlay/EmulatorConfigOverlay.apk", {st_mode=S_IFREG|0644, st_size=16734, ...}, 0) = 0
23230 1784444330.586162 newfstatat(AT_FDCWD, "/data/app/cityfreqs.com.pilfershushjammer-S0d1aYz8wLPO4GtWKtKRBg==/base.apk", {st_mode=S_IFREG|0644, st_size=3655765, ...}, 0) = 0
23230 1784444330.590570 faccessat(AT_FDCWD, "/data/user/0/cityfreqs.com.pilfershushjammer/cache", F_OK) = 0
23230 1784444330.593030 clone(child_stack=0x700807dd40, flags=CLONE_VM|CLONE_FS|CLONE_FILES|CLONE_SIGHAND|CLONE_THREAD|CLONE_SYSVSEM|CLONE_SETTLS|CLONE_PARENT_SETTID|CLONE_CHILD_CLEARTID, parent_tidptr=0x700807dd60, tls=0x700807e020, child_tidptr=0x700807dd60) = 23392
23251 1784444330.596325 recvfrom(40, 0x700c643eb0, 3200, MSG_DONTWAIT, NULL, NULL) = -1 EAGAIN (Try again)
23392 1784444330.596653 openat(AT_FDCWD, "/proc/23392/timerslack_ns", O_WRONLY|O_CREAT|O_TRUNC|O_NOFOLLOW|O_CLOEXEC, 0666) = 78
23251 1784444330.598193 recvfrom(40, "nysv\0\0\0\0\0\0\0\0\0\0\0\0\0\261 \243\335\3\0\0002\336\3\0\0\0\0\0", 3200, MSG_DONTWAIT, NULL, NULL) = 32
23251 1784444330.598691 recvfrom(40, 0x700c643c80, 3200, MSG_DONTWAIT, NULL, NULL) = -1 EAGAIN (Try again)
23230 1784444330.603825 clone(child_stack=0x7007f80d40, flags=CLONE_VM|CLONE_FS|CLONE_FILES|CLONE_SIGHAND|CLONE_THREAD|CLONE_SYSVSEM|CLONE_SETTLS|CLONE_PARENT_SETTID|CLONE_CHILD_CLEARTID, parent_tidptr=0x7007f80d60, tls=0x7007f81020, child_tidptr=0x7007f80d60) = 23395
23251 1784444330.617602 recvfrom(40, "nysv\0\0\0\0\0\0\0\0\0\0\0\0eB\37\244\335\3\0\0003\336\3\0\0\0\0\0", 3200, MSG_DONTWAIT, NULL, NULL) = 32
23251 1784444330.618296 recvfrom(40, 0x700c643eb0, 3200, MSG_DONTWAIT, NULL, NULL) = -1 EAGAIN (Try again)
23278 1784444330.623297 sendmsg(70, {msg_name=NULL, msg_namelen=0, msg_iov=[{iov_base="l\1\1\1\334\0\0\0S\0\0\0\235\0\0\0\1\1o\0;\0\0\0/re/frid"..., iov_len=396}], msg_iovlen=1, msg_controllen=0, msg_flags=0}, MSG_NOSIGNAL) = 396
23230 1784444330.627009 openat(AT_FDCWD, "/data/user/0/cityfreqs.com.pilfershushjammer/cache/PilferShushPlacebo.raw", O_RDWR|O_CREAT, 0600) = 82
23230 1784444330.629413 getsockopt(82, SOL_SOCKET, SO_ERROR, 0x7fed4581d4, [4]) = -1 ENOTSOCK (Socket operation on non-socket)
23251 1784444330.633424 recvfrom(40, "nysv\0\0\0\0\0\0\0\0\0\0\0\0\221\320\35\245\335\3\0\0004\336\3\0\0\0\0\0", 3200, MSG_DONTWAIT, NULL, NULL) = 32
23251 1784444330.634066 recvfrom(40, 0x700c643eb0, 3200, MSG_DONTWAIT, NULL, NULL) = -1 EAGAIN (Try again)
23251 1784444330.644866 recvfrom(40, 0x700c643eb0, 3200, MSG_DONTWAIT, NULL, NULL) = -1 EAGAIN (Try again)
23278 1784444330.645918 sendmsg(70, {msg_name=NULL, msg_namelen=0, msg_iov=[{iov_base="l\1\1\1\10\1\0\0T\0\0\0\235\0\0\0\1\1o\0;\0\0\0/re/frid"..., iov_len=440}], msg_iovlen=1, msg_controllen=0, msg_flags=0}, MSG_NOSIGNAL) = 440
23251 1784444330.647801 recvfrom(40, "nysv\0\0\0\0\0\0\0\0\0\0\0\0\257T\34\246\335\3\0\0005\336\3\0\0\0\0\0", 3200, MSG_DONTWAIT, NULL, NULL) = 32
23251 1784444330.648244 recvfrom(40, 0x700c643c80, 3200, MSG_DONTWAIT, NULL, NULL) = -1 EAGAIN (Try again)
23278 1784444330.661115 sendmsg(70, {msg_name=NULL, msg_namelen=0, msg_iov=[{iov_base="l\1\1\1\374\0\0\0U\0\0\0\235\0\0\0\1\1o\0;\0\0\0/re/frid"..., iov_len=428}], msg_iovlen=1, msg_controllen=0, msg_flags=0}, MSG_NOSIGNAL) = 428
23251 1784444330.662847 recvfrom(40, 0x700c643eb0, 3200, MSG_DONTWAIT, NULL, NULL) = -1 EAGAIN (Try again)
23251 1784444330.663289 recvfrom(40, 0x700c643eb0, 3200, MSG_DONTWAIT, NULL, NULL) = -1 EAGAIN (Try again)
23251 1784444330.664619 recvfrom(40, "nysv\0\0\0\0\0\0\0\0\0\0\0\0\331\244\32\247\335\3\0\0006\336\3\0\0\0\0\0", 3200, MSG_DONTWAIT, NULL, NULL) = 32
23251 1784444330.664860 recvfrom(40, 0x700c643c80, 3200, MSG_DONTWAIT, NULL, NULL) = -1 EAGAIN (Try again)
23278 1784444330.670177 sendmsg(70, {msg_name=NULL, msg_namelen=0, msg_iov=[{iov_base="l\1\1\1\0\1\0\0V\0\0\0\235\0\0\0\1\1o\0;\0\0\0/re/frid"..., iov_len=432}], msg_iovlen=1, msg_controllen=0, msg_flags=0}, MSG_NOSIGNAL) = 432
23230 1784444330.672723 recvfrom(45, 0x709cbc6c20, 2272, MSG_DONTWAIT, NULL, NULL) = -1 EAGAIN (Try again)
23230 1784444330.672978 recvfrom(42, 0x7fed4580f0, 3200, MSG_DONTWAIT, NULL, NULL) = -1 EAGAIN (Try again)
23251 1784444330.678512 recvfrom(40, 0x700c643eb0, 3200, MSG_DONTWAIT, NULL, NULL) = -1 EAGAIN (Try again)
23251 1784444330.679698 recvfrom(40, 0x700c643eb0, 3200, MSG_DONTWAIT, NULL, NULL) = -1 EAGAIN (Try again)
23251 1784444330.681146 recvfrom(40, "nysv\0\0\0\0\0\0\0\0\0\0\0\0A+\31\250\335\3\0\0007\336\3\0\0\0\0\0", 3200, MSG_DONTWAIT, NULL, NULL) = 32
23251 1784444330.681402 recvfrom(40, 0x700c643c80, 3200, MSG_DONTWAIT, NULL, NULL) = -1 EAGAIN (Try again)
23230 1784444330.683948 recvfrom(42, "nysv\0\0\0\0\0\0\0\0\0\0\0\0A+\31\250\335\3\0\0007\336\3\0\0\0\0\0", 3200, MSG_DONTWAIT, NULL, NULL) = 32
23230 1784444330.684179 recvfrom(42, 0x7fed458190, 3200, MSG_DONTWAIT, NULL, NULL) = -1 EAGAIN (Try again)
23251 1784444330.694847 recvfrom(40, 0x700c643eb0, 3200, MSG_DONTWAIT, NULL, NULL) = -1 EAGAIN (Try again)
23251 1784444330.697897 recvfrom(40, "nysv\0\0\0\0\0\0\0\0\0\0\0\0\365\274\27\251\335\3\0\08\336\3\0\0\0\0\0", 3200, MSG_DONTWAIT, NULL, NULL) = 32
23251 1784444330.698238 recvfrom(40, 0x700c643c80, 3200, MSG_DONTWAIT, NULL, NULL) = -1 EAGAIN (Try again)
23230 1784444330.700465 recvfrom(83, 0x6faf7d0020, 2272, MSG_DONTWAIT, NULL, NULL) = -1 EAGAIN (Try again)
23230 1784444330.700620 recvfrom(42, 0x7fed457580, 3200, MSG_DONTWAIT, NULL, NULL) = -1 EAGAIN (Try again)
23251 1784444330.702547 recvfrom(40, 0x700c643eb0, 3200, MSG_DONTWAIT, NULL, NULL) = -1 EAGAIN (Try again)
23251 1784444330.729150 recvfrom(40, "nysv\0\0\0\0\0\0\0\0\0\0\0\0\37\r\26\252\335\3\0\09\336\3\0\0\0\0\0", 3200, MSG_DONTWAIT, NULL, NULL) = 32
23251 1784444330.729314 recvfrom(40, 0x700c643c80, 3200, MSG_DONTWAIT, NULL, NULL) = -1 EAGAIN (Try again)
23251 1784444330.742393 recvfrom(40, "nysv\0\0\0\0\0\0\0\0\0\0\0\0I]\24\253\335\3\0\0:\336\3\0\0\0\0\0", 3200, MSG_DONTWAIT, NULL, NULL) = 32
23251 1784444330.742564 recvfrom(40, 0x700c643eb0, 3200, MSG_DONTWAIT, NULL, NULL) = -1 EAGAIN (Try again)
23230 1784444330.744232 recvfrom(42, "nysv\0\0\0\0\0\0\0\0\0\0\0\0\37\r\26\252\335\3\0\09\336\3\0\0\0\0\0", 3200, MSG_DONTWAIT, NULL, NULL) = 32
23230 1784444330.744390 recvfrom(42, 0x7fed458190, 3200, MSG_DONTWAIT, NULL, NULL) = -1 EAGAIN (Try again)
23251 1784444330.759156 recvfrom(40, "nysv\0\0\0\0\0\0\0\0\0\0\0\0\336#\23\254\335\3\0\0;\336\3\0\0\0\0\0", 3200, MSG_DONTWAIT, NULL, NULL) = 32
23251 1784444330.759307 recvfrom(40, 0x700c643eb0, 3200, MSG_DONTWAIT, NULL, NULL) = -1 EAGAIN (Try again)
23230 1784444330.760583 recvfrom(45, 0x709cbc6c20, 2272, MSG_DONTWAIT, NULL, NULL) = -1 EAGAIN (Try again)
23230 1784444330.760734 recvfrom(42, 0x7fed457580, 3200, MSG_DONTWAIT, NULL, NULL) = -1 EAGAIN (Try again)
23251 1784444330.772862 recvfrom(40, "nysv\0\0\0\0\0\0\0\0\0\0\0\0v\242\21\255\335\3\0\0<\336\3\0\0\0\0\0", 3200, MSG_DONTWAIT, NULL, NULL) = 32
23251 1784444330.773059 recvfrom(40, 0x700c643eb0, 3200, MSG_DONTWAIT, NULL, NULL) = -1 EAGAIN (Try again)
23230 1784444330.775042 recvfrom(42, "nysv\0\0\0\0\0\0\0\0\0\0\0\0v\242\21\255\335\3\0\0<\336\3\0\0\0\0\0", 3200, MSG_DONTWAIT, NULL, NULL) = 32
23230 1784444330.775253 recvfrom(42, 0x7fed458190, 3200, MSG_DONTWAIT, NULL, NULL) = -1 EAGAIN (Try again)
23230 1784444330.778000 recvfrom(45, 0x709cbc6c20, 2272, MSG_DONTWAIT, NULL, NULL) = -1 EAGAIN (Try again)
23230 1784444330.778135 recvfrom(83, 0x6faf7d0020, 2272, MSG_DONTWAIT, NULL, NULL) = -1 EAGAIN (Try again)
23230 1784444330.778486 recvfrom(42, 0x7fed4574f0, 3200, MSG_DONTWAIT, NULL, NULL) = -1 EAGAIN (Try again)
23251 1784444330.785414 recvfrom(40, "nysv\0\0\0\0\0\0\0\0\0\0\0\0\240\362\17\256\335\3\0\0=\336\3\0\0\0\0\0", 3200, MSG_DONTWAIT, NULL, NULL) = 32
23251 1784444330.785809 recvfrom(40, 0x700c643eb0, 3200, MSG_DONTWAIT, NULL, NULL) = -1 EAGAIN (Try again)
23230 1784444330.788066 recvfrom(42, "nysv\0\0\0\0\0\0\0\0\0\0\0\0\240\362\17\256\335\3\0\0=\336\3\0\0\0\0\0", 3200, MSG_DONTWAIT, NULL, NULL) = 32
23230 1784444330.788222 recvfrom(42, 0x7fed458190, 3200, MSG_DONTWAIT, NULL, NULL) = -1 EAGAIN (Try again)
23230 1784444330.788990 recvfrom(45, 0x709cbc6c20, 2272, MSG_DONTWAIT, NULL, NULL) = -1 EAGAIN (Try again)
23230 1784444330.789152 recvfrom(42, 0x7fed4580f0, 3200, MSG_DONTWAIT, NULL, NULL) = -1 EAGAIN (Try again)
23230 1784444330.798080 recvfrom(42, "nysv\0\0\0\0\0\0\0\0\0\0\0\0\212s\16\257\335\3\0\0>\336\3\0\0\0\0\0", 3200, MSG_DONTWAIT, NULL, NULL) = 32
23230 1784444330.798308 recvfrom(42, 0x7fed458190, 3200, MSG_DONTWAIT, NULL, NULL) = -1 EAGAIN (Try again)
23230 1784444330.799002 recvfrom(42, 0x7fed4580f0, 3200, MSG_DONTWAIT, NULL, NULL) = -1 EAGAIN (Try again)
23251 1784444330.802564 recvfrom(40, "nysv\0\0\0\0\0\0\0\0\0\0\0\0\212s\16\257\335\3\0\0>\336\3\0\0\0\0\0", 3200, MSG_DONTWAIT, NULL, NULL) = 32
23251 1784444330.803072 recvfrom(40, 0x700c643eb0, 3200, MSG_DONTWAIT, NULL, NULL) = -1 EAGAIN (Try again)
23230 1784444330.815672 recvfrom(42, "nysv\0\0\0\0\0\0\0\0\0\0\0\0\264\303\f\260\335\3\0\0?\336\3\0\0\0\0\0", 3200, MSG_DONTWAIT, NULL, NULL) = 32
23230 1784444330.815961 recvfrom(42, 0x7fed458190, 3200, MSG_DONTWAIT, NULL, NULL) = -1 EAGAIN (Try again)
23230 1784444330.816556 recvfrom(42, 0x7fed4580f0, 3200, MSG_DONTWAIT, NULL, NULL) = -1 EAGAIN (Try again)
23251 1784444330.820028 recvfrom(40, "nysv\0\0\0\0\0\0\0\0\0\0\0\0\264\303\f\260\335\3\0\0?\336\3\0\0\0\0\0", 3200, MSG_DONTWAIT, NULL, NULL) = 32
23251 1784444330.820449 recvfrom(40, 0x700c643eb0, 3200, MSG_DONTWAIT, NULL, NULL) = -1 EAGAIN (Try again)
23230 1784444330.831157 recvfrom(42, "nysv\0\0\0\0\0\0\0\0\0\0\0\0\374L\v\261\335\3\0\0@\336\3\0\0\0\0\0", 3200, MSG_DONTWAIT, NULL, NULL) = 32
23230 1784444330.831487 recvfrom(42, 0x7fed458190, 3200, MSG_DONTWAIT, NULL, NULL) = -1 EAGAIN (Try again)
23230 1784444330.832029 recvfrom(42, 0x7fed4580f0, 3200, MSG_DONTWAIT, NULL, NULL) = -1 EAGAIN (Try again)
23251 1784444330.836249 recvfrom(40, "nysv\0\0\0\0\0\0\0\0\0\0\0\0\374L\v\261\335\3\0\0@\336\3\0\0\0\0\0", 3200, MSG_DONTWAIT, NULL, NULL) = 32
23251 1784444330.836596 recvfrom(40, 0x700c643eb0, 3200, MSG_DONTWAIT, NULL, NULL) = -1 EAGAIN (Try again)
23230 1784444330.847872 recvfrom(42, "nysv\0\0\0\0\0\0\0\0\0\0\0\0\222\311\t\262\335\3\0\0A\336\3\0\0\0\0\0", 3200, MSG_DONTWAIT, NULL, NULL) = 32
23230 1784444330.848251 recvfrom(42, 0x7fed458190, 3200, MSG_DONTWAIT, NULL, NULL) = -1 EAGAIN (Try again)
23230 1784444330.848870 recvfrom(42, 0x7fed4580f0, 3200, MSG_DONTWAIT, NULL, NULL) = -1 EAGAIN (Try again)
23251 1784444330.852893 recvfrom(40, "nysv\0\0\0\0\0\0\0\0\0\0\0\0\222\311\t\262\335\3\0\0A\336\3\0\0\0\0\0", 3200, MSG_DONTWAIT, NULL, NULL) = 32
23251 1784444330.853208 recvfrom(40, 0x700c643eb0, 3200, MSG_DONTWAIT, NULL, NULL) = -1 EAGAIN (Try again)
23230 1784444330.865039 recvfrom(42, "nysv\0\0\0\0\0\0\0\0\0\0\0\0xt\10\263\335\3\0\0B\336\3\0\0\0\0\0", 3200, MSG_DONTWAIT, NULL, NULL) = 32
23230 1784444330.865322 recvfrom(42, 0x7fed458190, 3200, MSG_DONTWAIT, NULL, NULL) = -1 EAGAIN (Try again)
23230 1784444330.865950 recvfrom(42, 0x7fed4580f0, 3200, MSG_DONTWAIT, NULL, NULL) = -1 EAGAIN (Try again)
23251 1784444330.871490 recvfrom(40, "nysv\0\0\0\0\0\0\0\0\0\0\0\0xt\10\263\335\3\0\0B\336\3\0\0\0\0\0", 3200, MSG_DONTWAIT, NULL, NULL) = 32
23251 1784444330.871637 recvfrom(40, 0x700c643eb0, 3200, MSG_DONTWAIT, NULL, NULL) = -1 EAGAIN (Try again)
23230 1784444330.881461 recvfrom(42, "nysv\0\0\0\0\0\0\0\0\0\0\0\0/\352\6\264\335\3\0\0C\336\3\0\0\0\0\0", 3200, MSG_DONTWAIT, NULL, NULL) = 32
23230 1784444330.881916 recvfrom(42, 0x7fed458190, 3200, MSG_DONTWAIT, NULL, NULL) = -1 EAGAIN (Try again)
23230 1784444330.882550 recvfrom(42, 0x7fed4580f0, 3200, MSG_DONTWAIT, NULL, NULL) = -1 EAGAIN (Try again)
23251 1784444330.887924 recvfrom(40, "nysv\0\0\0\0\0\0\0\0\0\0\0\0/\352\6\264\335\3\0\0C\336\3\0\0\0\0\0", 3200, MSG_DONTWAIT, NULL, NULL) = 32
23251 1784444330.888065 recvfrom(40, 0x700c643eb0, 3200, MSG_DONTWAIT, NULL, NULL) = -1 EAGAIN (Try again)
23230 1784444330.898272 recvfrom(42, "nysv\0\0\0\0\0\0\0\0\0\0\0\0\301r\5\265\335\3\0\0D\336\3\0\0\0\0\0", 3200, MSG_DONTWAIT, NULL, NULL) = 32
23230 1784444330.898546 recvfrom(42, 0x7fed458190, 3200, MSG_DONTWAIT, NULL, NULL) = -1 EAGAIN (Try again)
23251 1784444330.903343 recvfrom(40, "nysv\0\0\0\0\0\0\0\0\0\0\0\0\301r\5\265\335\3\0\0D\336\3\0\0\0\0\0", 3200, MSG_DONTWAIT, NULL, NULL) = 32
23251 1784444330.903626 recvfrom(40, 0x700c643eb0, 3200, MSG_DONTWAIT, NULL, NULL) = -1 EAGAIN (Try again)
23251 1784444330.921126 recvfrom(40, "nysv\0\0\0\0\0\0\0\0\0\0\0\0d\0\4\266\335\3\0\0E\336\3\0\0\0\0\0", 3200, MSG_DONTWAIT, NULL, NULL) = 32
23251 1784444330.921297 recvfrom(40, 0x700c643c80, 3200, MSG_DONTWAIT, NULL, NULL) = -1 EAGAIN (Try again)
23230 1784444331.314975 recvfrom(42, 0x7fed457e60, 3200, MSG_DONTWAIT, NULL, NULL) = -1 EAGAIN (Try again)
23230 1784444331.331106 recvfrom(42, "nysv\0\0\0\0\0\0\0\0\0\0\0\0>\243\331\316\335\3\0\0^\336\3\0\0\0\0\0", 3200, MSG_DONTWAIT, NULL, NULL) = 32
23230 1784444331.331415 recvfrom(42, 0x7fed458190, 3200, MSG_DONTWAIT, NULL, NULL) = -1 EAGAIN (Try again)
23230 1784444331.331857 recvfrom(45, 0x709cbc6c20, 2272, MSG_DONTWAIT, NULL, NULL) = -1 EAGAIN (Try again)
23230 1784444331.332611 recvfrom(42, 0x7fed456d00, 3200, MSG_DONTWAIT, NULL, NULL) = -1 EAGAIN (Try again)
23230 1784444331.347979 recvfrom(42, "nysv\0\0\0\0\0\0\0\0\0\0\0\0\244\27\330\317\335\3\0\0_\336\3\0\0\0\0\0", 3200, MSG_DONTWAIT, NULL, NULL) = 32
23230 1784444331.348395 recvfrom(42, 0x7fed458190, 3200, MSG_DONTWAIT, NULL, NULL) = -1 EAGAIN (Try again)
23230 1784444331.349008 recvfrom(45, 0x709cbc6c20, 2272, MSG_DONTWAIT, NULL, NULL) = -1 EAGAIN (Try again)
23230 1784444331.352497 recvfrom(42, 0x7fed456d00, 3200, MSG_DONTWAIT, NULL, NULL) = -1 EAGAIN (Try again)
23230 1784444331.364299 recvfrom(42, "nysv\0\0\0\0\0\0\0\0\0\0\0\0\320\241\326\320\335\3\0\0`\336\3\0\0\0\0\0", 3200, MSG_DONTWAIT, NULL, NULL) = 32
23230 1784444331.364645 recvfrom(42, 0x7fed458190, 3200, MSG_DONTWAIT, NULL, NULL) = -1 EAGAIN (Try again)
23230 1784444331.365022 recvfrom(45, 0x709cbc6c20, 2272, MSG_DONTWAIT, NULL, NULL) = -1 EAGAIN (Try again)
23230 1784444331.365486 recvfrom(42, 0x7fed456d00, 3200, MSG_DONTWAIT, NULL, NULL) = -1 EAGAIN (Try again)
23230 1784444331.381615 recvfrom(42, "nysv\0\0\0\0\0\0\0\0\0\0\0\0\337'\325\321\335\3\0\0a\336\3\0\0\0\0\0", 3200, MSG_DONTWAIT, NULL, NULL) = 32
23230 1784444331.382007 recvfrom(42, 0x7fed458190, 3200, MSG_DONTWAIT, NULL, NULL) = -1 EAGAIN (Try again)
23230 1784444331.382543 recvfrom(45, 0x709cbc6c20, 2272, MSG_DONTWAIT, NULL, NULL) = -1 EAGAIN (Try again)
23230 1784444331.386084 recvfrom(42, 0x7fed456d00, 3200, MSG_DONTWAIT, NULL, NULL) = -1 EAGAIN (Try again)
23230 1784444331.398401 recvfrom(42, "nysv\0\0\0\0\0\0\0\0\0\0\0\0I\207\323\322\335\3\0\0b\336\3\0\0\0\0\0", 3200, MSG_DONTWAIT, NULL, NULL) = 32
23230 1784444331.398780 recvfrom(42, 0x7fed458190, 3200, MSG_DONTWAIT, NULL, NULL) = -1 EAGAIN (Try again)
23230 1784444331.399232 recvfrom(45, 0x709cbc6c20, 2272, MSG_DONTWAIT, NULL, NULL) = -1 EAGAIN (Try again)
23230 1784444331.399910 recvfrom(42, 0x7fed456d00, 3200, MSG_DONTWAIT, NULL, NULL) = -1 EAGAIN (Try again)
23230 1784444331.414506 recvfrom(42, "nysv\0\0\0\0\0\0\0\0\0\0\0\08\v\322\323\335\3\0\0c\336\3\0\0\0\0\0", 3200, MSG_DONTWAIT, NULL, NULL) = 32
23230 1784444331.414823 recvfrom(42, 0x7fed458190, 3200, MSG_DONTWAIT, NULL, NULL) = -1 EAGAIN (Try again)
23230 1784444331.415407 recvfrom(45, 0x709cbc6c20, 2272, MSG_DONTWAIT, NULL, NULL) = -1 EAGAIN (Try again)
23230 1784444331.415915 recvfrom(42, 0x7fed456d00, 3200, MSG_DONTWAIT, NULL, NULL) = -1 EAGAIN (Try again)
23230 1784444331.432108 recvfrom(42, "nysv\0\0\0\0\0\0\0\0\0\0\0\0\247^\320\324\335\3\0\0d\336\3\0\0\0\0\0", 3200, MSG_DONTWAIT, NULL, NULL) = 32
23230 1784444331.432407 recvfrom(42, 0x7fed458190, 3200, MSG_DONTWAIT, NULL, NULL) = -1 EAGAIN (Try again)
23230 1784444331.432853 recvfrom(45, 0x709cbc6c20, 2272, MSG_DONTWAIT, NULL, NULL) = -1 EAGAIN (Try again)
23230 1784444331.435778 recvfrom(42, 0x7fed456d00, 3200, MSG_DONTWAIT, NULL, NULL) = -1 EAGAIN (Try again)
23230 1784444331.448172 recvfrom(42, "nysv\0\0\0\0\0\0\0\0\0\0\0\0\270\370\316\325\335\3\0\0e\336\3\0\0\0\0\0", 3200, MSG_DONTWAIT, NULL, NULL) = 32
23230 1784444331.448684 recvfrom(42, 0x7fed458190, 3200, MSG_DONTWAIT, NULL, NULL) = -1 EAGAIN (Try again)
23230 1784444331.449509 recvfrom(45, 0x709cbc6c20, 2272, MSG_DONTWAIT, NULL, NULL) = -1 EAGAIN (Try again)
23230 1784444331.451717 recvfrom(42, 0x7fed456d00, 3200, MSG_DONTWAIT, NULL, NULL) = -1 EAGAIN (Try again)
23230 1784444331.464743 recvfrom(42, "nysv\0\0\0\0\0\0\0\0\0\0\0\0\231|\315\326\335\3\0\0f\336\3\0\0\0\0\0", 3200, MSG_DONTWAIT, NULL, NULL) = 32
23230 1784444331.465095 recvfrom(42, 0x7fed458190, 3200, MSG_DONTWAIT, NULL, NULL) = -1 EAGAIN (Try again)
23230 1784444331.465736 recvfrom(45, 0x709cbc6c20, 2272, MSG_DONTWAIT, NULL, NULL) = -1 EAGAIN (Try again)
23230 1784444331.467739 recvfrom(42, 0x7fed456d00, 3200, MSG_DONTWAIT, NULL, NULL) = -1 EAGAIN (Try again)
23230 1784444331.481434 recvfrom(42, "nysv\0\0\0\0\0\0\0\0\0\0\0\0\303\314\313\327\335\3\0\0g\336\3\0\0\0\0\0", 3200, MSG_DONTWAIT, NULL, NULL) = 32
23230 1784444331.482241 recvfrom(42, 0x7fed458190, 3200, MSG_DONTWAIT, NULL, NULL) = -1 EAGAIN (Try again)
23230 1784444331.484544 recvfrom(45, 0x709cbc6c20, 2272, MSG_DONTWAIT, NULL, NULL) = -1 EAGAIN (Try again)
23230 1784444331.485447 recvfrom(42, 0x7fed456d00, 3200, MSG_DONTWAIT, NULL, NULL) = -1 EAGAIN (Try again)
23230 1784444331.498764 recvfrom(42, "nysv\0\0\0\0\0\0\0\0\0\0\0\0p\25\312\330\335\3\0\0h\336\3\0\0\0\0\0", 3200, MSG_DONTWAIT, NULL, NULL) = 32
23230 1784444331.498982 recvfrom(42, 0x7fed458190, 3200, MSG_DONTWAIT, NULL, NULL) = -1 EAGAIN (Try again)
23230 1784444331.499622 recvfrom(45, 0x709cbc6c20, 2272, MSG_DONTWAIT, NULL, NULL) = -1 EAGAIN (Try again)
23230 1784444331.502784 recvfrom(42, 0x7fed456d00, 3200, MSG_DONTWAIT, NULL, NULL) = -1 EAGAIN (Try again)
23230 1784444331.514599 recvfrom(42, "nysv\0\0\0\0\0\0\0\0\0\0\0\0\232e\310\331\335\3\0\0i\336\3\0\0\0\0\0", 3200, MSG_DONTWAIT, NULL, NULL) = 32
23230 1784444331.515041 recvfrom(42, 0x7fed458190, 3200, MSG_DONTWAIT, NULL, NULL) = -1 EAGAIN (Try again)
23230 1784444331.515435 recvfrom(45, 0x709cbc6c20, 2272, MSG_DONTWAIT, NULL, NULL) = -1 EAGAIN (Try again)
23230 1784444331.517952 recvfrom(42, 0x7fed456d00, 3200, MSG_DONTWAIT, NULL, NULL) = -1 EAGAIN (Try again)
23230 1784444331.531470 recvfrom(42, "nysv\0\0\0\0\0\0\0\0\0\0\0\0\304\265\306\332\335\3\0\0j\336\3\0\0\0\0\0", 3200, MSG_DONTWAIT, NULL, NULL) = 32
23230 1784444331.531952 recvfrom(42, 0x7fed458190, 3200, MSG_DONTWAIT, NULL, NULL) = -1 EAGAIN (Try again)
23230 1784444331.532428 recvfrom(45, 0x709cbc6c20, 2272, MSG_DONTWAIT, NULL, NULL) = -1 EAGAIN (Try again)
23230 1784444331.535874 recvfrom(42, 0x7fed456d00, 3200, MSG_DONTWAIT, NULL, NULL) = -1 EAGAIN (Try again)
23230 1784444331.548548 recvfrom(42, "nysv\0\0\0\0\0\0\0\0\0\0\0\0D\f\305\333\335\3\0\0k\336\3\0\0\0\0\0", 3200, MSG_DONTWAIT, NULL, NULL) = 32
23230 1784444331.548939 recvfrom(42, 0x7fed458190, 3200, MSG_DONTWAIT, NULL, NULL) = -1 EAGAIN (Try again)
23230 1784444331.549761 recvfrom(45, 0x709cbc6c20, 2272, MSG_DONTWAIT, NULL, NULL) = -1 EAGAIN (Try again)
23230 1784444331.552411 recvfrom(42, 0x7fed456d00, 3200, MSG_DONTWAIT, NULL, NULL) = -1 EAGAIN (Try again)
23230 1784444331.565327 recvfrom(42, "nysv\0\0\0\0\0\0\0\0\0\0\0\0YX\303\334\335\3\0\0l\336\3\0\0\0\0\0", 3200, MSG_DONTWAIT, NULL, NULL) = 32
23230 1784444331.565860 recvfrom(42, 0x7fed458190, 3200, MSG_DONTWAIT, NULL, NULL) = -1 EAGAIN (Try again)
23230 1784444331.566416 recvfrom(45, 0x709cbc6c20, 2272, MSG_DONTWAIT, NULL, NULL) = -1 EAGAIN (Try again)
23230 1784444331.569728 recvfrom(42, 0x7fed456d00, 3200, MSG_DONTWAIT, NULL, NULL) = -1 EAGAIN (Try again)
23230 1784444331.581704 recvfrom(42, "nysv\0\0\0\0\0\0\0\0\0\0\0\0\203\250\301\335\335\3\0\0m\336\3\0\0\0\0\0", 3200, MSG_DONTWAIT, NULL, NULL) = 32
23230 1784444331.582227 recvfrom(42, 0x7fed458190, 3200, MSG_DONTWAIT, NULL, NULL) = -1 EAGAIN (Try again)
23230 1784444331.584079 recvfrom(45, 0x709cbc6c20, 2272, MSG_DONTWAIT, NULL, NULL) = -1 EAGAIN (Try again)
23250 1784444331.586709 openat(AT_FDCWD, "/data/misc/profiles/cur/0/cityfreqs.com.pilfershushjammer/primary.prof", O_RDWR|O_NOFOLLOW|O_CLOEXEC) = 82
23250 1784444331.587893 newfstatat(AT_FDCWD, "/data/misc/profiles/cur/0/cityfreqs.com.pilfershushjammer/primary.prof", {st_mode=S_IFREG|0600, st_size=7639, ...}, 0) = 0
23230 1784444332.579000 recvfrom(42, 0x7fed456ad0, 3200, MSG_DONTWAIT, NULL, NULL) = -1 EAGAIN (Try again)
23230 1784444332.581241 recvfrom(42, "nysv\0\0\0\0\0\0\0\0\0\0\0\0\334\17\\\31\336\3\0\0\251\336\3\0\0\0\0\0", 3200, MSG_DONTWAIT, NULL, NULL) = 32
23230 1784444332.581536 recvfrom(42, 0x7fed458190, 3200, MSG_DONTWAIT, NULL, NULL) = -1 EAGAIN (Try again)
23230 1784444332.582044 recvfrom(45, 0x709cbc6c20, 2272, MSG_DONTWAIT, NULL, NULL) = -1 EAGAIN (Try again)
23230 1784444332.583198 recvfrom(42, 0x7fed457d80, 3200, MSG_DONTWAIT, NULL, NULL) = -1 EAGAIN (Try again)
23230 1784444332.598448 recvfrom(42, "nysv\0\0\0\0\0\0\0\0\0\0\0\0\6`Z\32\336\3\0\0\252\336\3\0\0\0\0\0", 3200, MSG_DONTWAIT, NULL, NULL) = 32
23230 1784444332.598807 recvfrom(42, 0x7fed458190, 3200, MSG_DONTWAIT, NULL, NULL) = -1 EAGAIN (Try again)
23230 1784444332.600943 recvfrom(42, 0x7fed457ce0, 3200, MSG_DONTWAIT, NULL, NULL) = -1 EAGAIN (Try again)
23230 1784444332.614971 recvfrom(42, "nysv\0\0\0\0\0\0\0\0\0\0\0\0\301\344X\33\336\3\0\0\253\336\3\0\0\0\0\0", 3200, MSG_DONTWAIT, NULL, NULL) = 32
23230 1784444332.615401 recvfrom(42, 0x7fed458190, 3200, MSG_DONTWAIT, NULL, NULL) = -1 EAGAIN (Try again)
23230 1784444332.618567 recvfrom(45, 0x709cbc6c20, 2272, MSG_DONTWAIT, NULL, NULL) = -1 EAGAIN (Try again)
23230 1784444332.653002 recvfrom(42, 0x7fed457cb0, 3200, MSG_DONTWAIT, NULL, NULL) = -1 EAGAIN (Try again)
23230 1784444332.665423 recvfrom(42, "nysv\0\0\0\0\0\0\0\0\0\0\0\0\3yS\36\336\3\0\0\256\336\3\0\0\0\0\0", 3200, MSG_DONTWAIT, NULL, NULL) = 32
23230 1784444332.666915 recvfrom(42, 0x7fed458190, 3200, MSG_DONTWAIT, NULL, NULL) = -1 EAGAIN (Try again)
23230 1784444332.668760 recvfrom(83, 0x6faf7d0020, 2272, MSG_DONTWAIT, NULL, NULL) = -1 EAGAIN (Try again)
23230 1784444332.711436 recvfrom(42, 0x7fed4581e0, 3200, MSG_DONTWAIT, NULL, NULL) = -1 EAGAIN (Try again)
23230 1784444332.714954 recvfrom(42, "nysv\0\0\0\0\0\0\0\0\0\0\0\0\353\234N!\336\3\0\0\261\336\3\0\0\0\0\0", 3200, MSG_DONTWAIT, NULL, NULL) = 32
23230 1784444332.715206 recvfrom(42, 0x7fed458190, 3200, MSG_DONTWAIT, NULL, NULL) = -1 EAGAIN (Try again)
23230 1784444332.718330 recvfrom(83, 0x6faf7d0020, 2272, MSG_DONTWAIT, NULL, NULL) = -1 EAGAIN (Try again)
23230 1784444333.332479 recvfrom(42, 0x7fed457e60, 3200, MSG_DONTWAIT, NULL, NULL) = -1 EAGAIN (Try again)
23230 1784444333.348745 recvfrom(42, "nysv\0\0\0\0\0\0\0\0\0\0\0\0\n|\17G\336\3\0\0\327\336\3\0\0\0\0\0", 3200, MSG_DONTWAIT, NULL, NULL) = 32
23230 1784444333.348927 recvfrom(42, 0x7fed458190, 3200, MSG_DONTWAIT, NULL, NULL) = -1 EAGAIN (Try again)
23230 1784444333.350002 recvfrom(45, 0x709cbc6c20, 2272, MSG_DONTWAIT, NULL, NULL) = -1 EAGAIN (Try again)
23230 1784444333.350806 recvfrom(42, 0x7fed456d00, 3200, MSG_DONTWAIT, NULL, NULL) = -1 EAGAIN (Try again)
23230 1784444333.364474 recvfrom(42, "nysv\0\0\0\0\0\0\0\0\0\0\0\0\266\375\rH\336\3\0\0\330\336\3\0\0\0\0\0", 3200, MSG_DONTWAIT, NULL, NULL) = 32
23230 1784444333.364855 recvfrom(42, 0x7fed458190, 3200, MSG_DONTWAIT, NULL, NULL) = -1 EAGAIN (Try again)
23230 1784444333.365666 recvfrom(45, 0x709cbc6c20, 2272, MSG_DONTWAIT, NULL, NULL) = -1 EAGAIN (Try again)
23230 1784444333.366486 recvfrom(42, 0x7fed456d00, 3200, MSG_DONTWAIT, NULL, NULL) = -1 EAGAIN (Try again)
23230 1784444333.381310 recvfrom(42, "nysv\0\0\0\0\0\0\0\0\0\0\0\0002\200\fI\336\3\0\0\331\336\3\0\0\0\0\0", 3200, MSG_DONTWAIT, NULL, NULL) = 32
23230 1784444333.381903 recvfrom(42, 0x7fed458190, 3200, MSG_DONTWAIT, NULL, NULL) = -1 EAGAIN (Try again)
23230 1784444333.382918 recvfrom(45, 0x709cbc6c20, 2272, MSG_DONTWAIT, NULL, NULL) = -1 EAGAIN (Try again)
23230 1784444333.384479 recvfrom(42, 0x7fed456d00, 3200, MSG_DONTWAIT, NULL, NULL) = -1 EAGAIN (Try again)
23230 1784444333.398141 recvfrom(42, "nysv\0\0\0\0\0\0\0\0\0\0\0\0%\1\vJ\336\3\0\0\332\336\3\0\0\0\0\0", 3200, MSG_DONTWAIT, NULL, NULL) = 32
23230 1784444333.398592 recvfrom(42, 0x7fed458190, 3200, MSG_DONTWAIT, NULL, NULL) = -1 EAGAIN (Try again)
23230 1784444333.399172 recvfrom(45, 0x709cbc6c20, 2272, MSG_DONTWAIT, NULL, NULL) = -1 EAGAIN (Try again)
23230 1784444333.399812 recvfrom(42, 0x7fed456d00, 3200, MSG_DONTWAIT, NULL, NULL) = -1 EAGAIN (Try again)
23230 1784444333.414488 recvfrom(42, "nysv\0\0\0\0\0\0\0\0\0\0\0\0OQ\tK\336\3\0\0\333\336\3\0\0\0\0\0", 3200, MSG_DONTWAIT, NULL, NULL) = 32
23230 1784444333.415072 recvfrom(42, 0x7fed458190, 3200, MSG_DONTWAIT, NULL, NULL) = -1 EAGAIN (Try again)
23230 1784444333.415757 recvfrom(45, 0x709cbc6c20, 2272, MSG_DONTWAIT, NULL, NULL) = -1 EAGAIN (Try again)
23230 1784444333.418591 recvfrom(42, 0x7fed456d00, 3200, MSG_DONTWAIT, NULL, NULL) = -1 EAGAIN (Try again)
23230 1784444333.431619 recvfrom(42, "nysv\0\0\0\0\0\0\0\0\0\0\0\0004\326\7L\336\3\0\0\334\336\3\0\0\0\0\0", 3200, MSG_DONTWAIT, NULL, NULL) = 32
23230 1784444333.431954 recvfrom(42, 0x7fed458190, 3200, MSG_DONTWAIT, NULL, NULL) = -1 EAGAIN (Try again)
23230 1784444333.432670 recvfrom(45, 0x709cbc6c20, 2272, MSG_DONTWAIT, NULL, NULL) = -1 EAGAIN (Try again)
23230 1784444333.435126 recvfrom(42, 0x7fed456d00, 3200, MSG_DONTWAIT, NULL, NULL) = -1 EAGAIN (Try again)
23230 1784444333.448398 recvfrom(42, "nysv\0\0\0\0\0\0\0\0\0\0\0\0^&\6M\336\3\0\0\335\336\3\0\0\0\0\0", 3200, MSG_DONTWAIT, NULL, NULL) = 32
23230 1784444333.448715 recvfrom(42, 0x7fed458190, 3200, MSG_DONTWAIT, NULL, NULL) = -1 EAGAIN (Try again)
23230 1784444333.449449 recvfrom(45, 0x709cbc6c20, 2272, MSG_DONTWAIT, NULL, NULL) = -1 EAGAIN (Try again)
23230 1784444333.450548 recvfrom(42, 0x7fed456d00, 3200, MSG_DONTWAIT, NULL, NULL) = -1 EAGAIN (Try again)
23230 1784444333.464778 recvfrom(42, "nysv\0\0\0\0\0\0\0\0\0\0\0\0\210v\4N\336\3\0\0\336\336\3\0\0\0\0\0", 3200, MSG_DONTWAIT, NULL, NULL) = 32
23230 1784444333.465147 recvfrom(42, 0x7fed458190, 3200, MSG_DONTWAIT, NULL, NULL) = -1 EAGAIN (Try again)
23230 1784444333.465578 recvfrom(45, 0x709cbc6c20, 2272, MSG_DONTWAIT, NULL, NULL) = -1 EAGAIN (Try again)
23230 1784444333.467695 recvfrom(42, 0x7fed456d00, 3200, MSG_DONTWAIT, NULL, NULL) = -1 EAGAIN (Try again)
23230 1784444333.481956 recvfrom(42, "nysv\0\0\0\0\0\0\0\0\0\0\0\0\262\306\2O\336\3\0\0\337\336\3\0\0\0\0\0", 3200, MSG_DONTWAIT, NULL, NULL) = 32
23230 1784444333.482305 recvfrom(42, 0x7fed458190, 3200, MSG_DONTWAIT, NULL, NULL) = -1 EAGAIN (Try again)
23230 1784444333.482810 recvfrom(45, 0x709cbc6c20, 2272, MSG_DONTWAIT, NULL, NULL) = -1 EAGAIN (Try again)
23230 1784444333.484371 recvfrom(42, 0x7fed456d00, 3200, MSG_DONTWAIT, NULL, NULL) = -1 EAGAIN (Try again)
23230 1784444333.498243 recvfrom(42, "nysv\0\0\0\0\0\0\0\0\0\0\0\0\334\26\1P\336\3\0\0\340\336\3\0\0\0\0\0", 3200, MSG_DONTWAIT, NULL, NULL) = 32
23230 1784444333.498631 recvfrom(42, 0x7fed458190, 3200, MSG_DONTWAIT, NULL, NULL) = -1 EAGAIN (Try again)
23230 1784444333.499194 recvfrom(45, 0x709cbc6c20, 2272, MSG_DONTWAIT, NULL, NULL) = -1 EAGAIN (Try again)
23230 1784444333.500154 recvfrom(42, 0x7fed456d00, 3200, MSG_DONTWAIT, NULL, NULL) = -1 EAGAIN (Try again)
23230 1784444333.515107 recvfrom(42, "nysv\0\0\0\0\0\0\0\0\0\0\0\0\243\177\377P\336\3\0\0\341\336\3\0\0\0\0\0", 3200, MSG_DONTWAIT, NULL, NULL) = 32
23230 1784444333.515461 recvfrom(42, 0x7fed458190, 3200, MSG_DONTWAIT, NULL, NULL) = -1 EAGAIN (Try again)
23230 1784444333.516125 recvfrom(45, 0x709cbc6c20, 2272, MSG_DONTWAIT, NULL, NULL) = -1 EAGAIN (Try again)
23230 1784444333.517047 recvfrom(42, 0x7fed456d00, 3200, MSG_DONTWAIT, NULL, NULL) = -1 EAGAIN (Try again)
23230 1784444333.532289 recvfrom(42, "nysv\0\0\0\0\0\0\0\0\0\0\0\0\315\317\375Q\336\3\0\0\342\336\3\0\0\0\0\0", 3200, MSG_DONTWAIT, NULL, NULL) = 32
23230 1784444333.532822 recvfrom(42, 0x7fed458190, 3200, MSG_DONTWAIT, NULL, NULL) = -1 EAGAIN (Try again)
23230 1784444333.533297 recvfrom(45, 0x709cbc6c20, 2272, MSG_DONTWAIT, NULL, NULL) = -1 EAGAIN (Try again)
23230 1784444333.536737 recvfrom(42, 0x7fed456d00, 3200, MSG_DONTWAIT, NULL, NULL) = -1 EAGAIN (Try again)
23230 1784444333.547710 recvfrom(42, "nysv\0\0\0\0\0\0\0\0\0\0\0\0\367\37\374R\336\3\0\0\343\336\3\0\0\0\0\0", 3200, MSG_DONTWAIT, NULL, NULL) = 32
23230 1784444333.548273 recvfrom(42, 0x7fed458190, 3200, MSG_DONTWAIT, NULL, NULL) = -1 EAGAIN (Try again)
23230 1784444333.548802 recvfrom(45, 0x709cbc6c20, 2272, MSG_DONTWAIT, NULL, NULL) = -1 EAGAIN (Try again)
23230 1784444333.550743 recvfrom(42, 0x7fed456d00, 3200, MSG_DONTWAIT, NULL, NULL) = -1 EAGAIN (Try again)
23230 1784444333.566036 recvfrom(42, "nysv\0\0\0\0\0\0\0\0\0\0\0\0!p\372S\336\3\0\0\344\336\3\0\0\0\0\0", 3200, MSG_DONTWAIT, NULL, NULL) = 32
23230 1784444333.566313 recvfrom(42, 0x7fed458190, 3200, MSG_DONTWAIT, NULL, NULL) = -1 EAGAIN (Try again)
23230 1784444333.566851 recvfrom(45, 0x709cbc6c20, 2272, MSG_DONTWAIT, NULL, NULL) = -1 EAGAIN (Try again)
23230 1784444333.567988 recvfrom(42, 0x7fed456d00, 3200, MSG_DONTWAIT, NULL, NULL) = -1 EAGAIN (Try again)
23230 1784444333.581811 recvfrom(42, "nysv\0\0\0\0\0\0\0\0\0\0\0\0K\300\370T\336\3\0\0\345\336\3\0\0\0\0\0", 3200, MSG_DONTWAIT, NULL, NULL) = 32
23230 1784444333.582262 recvfrom(42, 0x7fed458190, 3200, MSG_DONTWAIT, NULL, NULL) = -1 EAGAIN (Try again)
23230 1784444333.582858 recvfrom(45, 0x709cbc6c20, 2272, MSG_DONTWAIT, NULL, NULL) = -1 EAGAIN (Try again)
23230 1784444333.583943 recvfrom(42, 0x7fed456d00, 3200, MSG_DONTWAIT, NULL, NULL) = -1 EAGAIN (Try again)
23230 1784444333.597962 recvfrom(42, "nysv\0\0\0\0\0\0\0\0\0\0\0\0u\20\367U\336\3\0\0\346\336\3\0\0\0\0\0", 3200, MSG_DONTWAIT, NULL, NULL) = 32
23230 1784444333.598173 recvfrom(42, 0x7fed458190, 3200, MSG_DONTWAIT, NULL, NULL) = -1 EAGAIN (Try again)
23230 1784444333.598666 recvfrom(45, 0x709cbc6c20, 2272, MSG_DONTWAIT, NULL, NULL) = -1 EAGAIN (Try again)
23230 1784444334.659090 recvfrom(42, 0x7fed457cb0, 3200, MSG_DONTWAIT, NULL, NULL) = -1 EAGAIN (Try again)
23230 1784444334.690415 recvfrom(42, "nysv\0\0\0\0\0\0\0\0\0\0\0\0\303\v\206\225\336\3\0\0&\337\3\0\0\0\0\0", 3200, MSG_DONTWAIT, NULL, NULL) = 32
23230 1784444334.690643 recvfrom(42, 0x7fed458190, 3200, MSG_DONTWAIT, NULL, NULL) = -1 EAGAIN (Try again)
