25041 1784420885.602321 clone(child_stack=0x7106c29d40, flags=CLONE_VM|CLONE_FS|CLONE_FILES|CLONE_SIGHAND|CLONE_THREAD|CLONE_SYSVSEM|CLONE_SETTLS|CLONE_PARENT_SETTID|CLONE_CHILD_CLEARTID, parent_tidptr=0x7106c29d60, tls=0x7106c2a020, child_tidptr=0x7106c29d60) = 25152
25152 1784420885.604521 openat(AT_FDCWD, "/proc/25152/timerslack_ns", O_WRONLY|O_CREAT|O_TRUNC|O_NOFOLLOW|O_CLOEXEC, 0666) = 125
25118 1784420885.624324 sendmsg(148, {msg_name=NULL, msg_namelen=0, msg_iov=[{iov_base="l\1\1\1\374\0\0\0L\0\0\0\235\0\0\0\1\1o\0;\0\0\0/re/frid"..., iov_len=428}], msg_iovlen=1, msg_controllen=0, msg_flags=0}, MSG_NOSIGNAL) = 428
25023 1784420886.614875 sendto(107, "h\0\0\0\0\0\0\0\5\0\0\0\0\0\0\0\0\0\0\0\0\0\0\0\225\337\303z\274e?\211"..., 104, MSG_NOSIGNAL, NULL, 0) = 104
25079 1784420886.615943 recvmsg(107, {msg_name=NULL, msg_namelen=0, msg_iov=[{iov_base="P\2\0\0\0\0\0\0\5\0\0\0\0\0\0\0\0\0\0\0\0\0\0\0\231w\334\232_\273\316\37"..., iov_len=4096}], msg_iovlen=1, msg_controllen=0, msg_flags=0}, MSG_DONTWAIT) = 592
25079 1784420886.625166 sendto(107, "\310\0\0\0\0\0\0\0\5\0\0\0\0\0\0\0\0\0\0\0\0\0\0\0\250q \22;`\226\270"..., 200, MSG_NOSIGNAL, NULL, 0) = 200
25079 1784420886.629153 sendto(107, "h\0\0\0\0\0\0\0\5\0\0\0\0\0\0\0\0\0\0\0\0\0\0\0\250q \22;`\226\270"..., 104, MSG_NOSIGNAL, NULL, 0) = 104
25079 1784420886.630867 recvmsg(107, {msg_name=NULL, msg_namelen=0, msg_iov=[{iov_base="8\1\0\0\0\0\0\0\5\0\0\0\0\0\0\0\0\0\0\0\0\0\0\0\2329\252\270\325\271\272\\"..., iov_len=4096}], msg_iovlen=1, msg_controllen=0, msg_flags=0}, MSG_DONTWAIT) = 624
25079 1784420886.631395 sendto(107, "(\0\0\0\0\0\0\0\5\0\0\0\0\0\0\0\1\0\0\0\0\0\0\0007\247d\277(e\25\200"..., 40, MSG_NOSIGNAL, NULL, 0) = 40
25079 1784420886.631757 sendto(107, "(\0\0\0\0\0\0\0\5\0\0\0\0\0\0\0\1\0\0\0\0\0\0\0\302\226V\251\203>9x"..., 40, MSG_NOSIGNAL, NULL, 0) = 40
25079 1784420886.632979 recvmsg(107, {msg_name=NULL, msg_namelen=0, msg_iov=[{iov_base="h\0\0\0\0\0\0\0\5\0\0\0\0\0\0\0\2\0\0\0\0\0\0\0t1\3566\225\322\352\322"..., iov_len=4096}], msg_iovlen=1, msg_controllen=0, msg_flags=0}, MSG_DONTWAIT) = 504
25079 1784420886.634184 sendto(107, "h\0\0\0\0\0\0\0\5\0\0\0\0\0\0\0\2\0\0\0\0\0\0\0\225\210Fr3\337\3\267"..., 104, MSG_NOSIGNAL, NULL, 0) = 104
25079 1784420886.635405 sendto(107, "(\0\0\0\0\0\0\0\5\0\0\0\0\0\0\0\1\0\0\0\0\0\0\0\330\34\357\37\355\27\353\362"..., 40, MSG_NOSIGNAL, NULL, 0) = 40
25079 1784420886.636385 sendto(107, "h\0\0\0\0\0\0\0\5\0\0\0\0\0\0\0\2\0\0\0\0\0\0\0@\32_\260b\5-3"..., 104, MSG_NOSIGNAL, NULL, 0) = 104
25079 1784420886.637323 recvmsg(107, {msg_name=NULL, msg_namelen=0, msg_iov=[{iov_base="h\0\0\0\0\0\0\0\5\0\0\0\0\0\0\0\2\0\0\0\0\0\0\0Re\231Z\357\301]\372"..., iov_len=4096}], msg_iovlen=1, msg_controllen=0, msg_flags=0}, MSG_DONTWAIT) = 104
25079 1784420886.637908 sendto(107, "h\0\0\0\0\0\0\0\5\0\0\0\0\0\0\0\2\0\0\0\0\0\0\0\376\345\27\255\3Vf\273"..., 104, MSG_NOSIGNAL, NULL, 0) = 104
25118 1784420886.650901 sendmsg(148, {msg_name=NULL, msg_namelen=0, msg_iov=[{iov_base="l\1\1\1\374\0\0\0M\0\0\0\235\0\0\0\1\1o\0;\0\0\0/re/frid"..., iov_len=428}], msg_iovlen=1, msg_controllen=0, msg_flags=0}, MSG_NOSIGNAL) = 428
25023 1784420886.653829 sendto(107, "h\0\0\0\0\0\0\0\5\0\0\0\0\0\0\0\0\0\0\0\0\0\0\0\376\345\27\255\3Vf\273"..., 104, MSG_NOSIGNAL, NULL, 0) = 104
25118 1784420886.677697 sendmsg(148, {msg_name=NULL, msg_namelen=0, msg_iov=[{iov_base="l\1\1\1\374\0\0\0N\0\0\0\235\0\0\0\1\1o\0;\0\0\0/re/frid"..., iov_len=428}], msg_iovlen=1, msg_controllen=0, msg_flags=0}, MSG_NOSIGNAL) = 428
25118 1784420886.693848 sendmsg(148, {msg_name=NULL, msg_namelen=0, msg_iov=[{iov_base="l\1\1\1\374\0\0\0O\0\0\0\235\0\0\0\1\1o\0;\0\0\0/re/frid"..., iov_len=428}], msg_iovlen=1, msg_controllen=0, msg_flags=0}, MSG_NOSIGNAL) = 428
25079 1784420886.782395 recvmsg(107, {msg_name=NULL, msg_namelen=0, msg_iov=[{iov_base="\310\0\0\0\0\0\0\0\5\0\0\0\0\0\0\0\0\0\0\0\0\0\0\0C\262\255\306(\6\365\310"..., iov_len=4096}], msg_iovlen=1, msg_controllen=0, msg_flags=0}, MSG_DONTWAIT) = 4096
25079 1784420886.782889 recvmsg(107, {msg_name=NULL, msg_namelen=0, msg_iov=[{iov_base="\0\0\0\377\1\0\0\0\2\0\0\0\1\0\0\0\2\0\0\0\2\0\0\0\30\0\0\0\0\0\0\0"..., iov_len=52824}], msg_iovlen=1, msg_controllen=0, msg_flags=0}, MSG_DONTWAIT) = 52824
25079 1784420886.787678 sendto(107, "h\0\0\0\0\0\0\0\5\0\0\0\0\0\0\0\0\0\0\0\0\0\0\0\250q \22;`\226\270"..., 104, MSG_NOSIGNAL, NULL, 0) = 104
25079 1784420886.940068 recvmsg(107, {msg_name=NULL, msg_namelen=0, msg_iov=[{iov_base="\0Z\0\0\0\0\0\0\5\0\0\0\0\0\0\0\0\0\0\0\0\0\0\0C\262\255\306(\6\365\310"..., iov_len=4096}], msg_iovlen=1, msg_controllen=0, msg_flags=0}, MSG_DONTWAIT) = 4096
25079 1784420886.940393 recvmsg(107, {msg_name=NULL, msg_namelen=0, msg_iov=[{iov_base="\20\0\0\0\0\0\0\0\20\0\0\0\0\0\0\0\10\0\0\0\0\0\0\0\10\0\0\0\0\0\0\0"..., iov_len=18944}], msg_iovlen=1, msg_controllen=0, msg_flags=0}, MSG_DONTWAIT) = 18944
25079 1784420886.943967 sendto(107, "h\0\0\0\0\0\0\0\5\0\0\0\0\0\0\0\0\0\0\0\0\0\0\0\250q \22;`\226\270"..., 104, MSG_NOSIGNAL, NULL, 0) = 104
25030 1784420887.862310 exit(0)         = ?
25030 1784420887.862403 +++ exited with 0 +++
25029 1784420887.862426 exit(0)         = ?
25029 1784420887.862473 +++ exited with 0 +++
25032 1784420887.864662 exit(0 <unfinished ...>
25031 1784420887.864731 exit(0 <unfinished ...>
25032 1784420887.864848 <... exit resumed>) = ?
25031 1784420887.864867 <... exit resumed>) = ?
25032 1784420887.865014 +++ exited with 0 +++
25031 1784420887.865025 +++ exited with 0 +++
25043 1784420887.867126 newfstatat(AT_FDCWD, "/data", {st_mode=S_IFDIR|0771, st_size=4096, ...}, AT_SYMLINK_NOFOLLOW) = 0
25043 1784420887.867583 newfstatat(AT_FDCWD, "/data/app", {st_mode=S_IFDIR|0771, st_size=4096, ...}, AT_SYMLINK_NOFOLLOW) = 0
25043 1784420887.867885 newfstatat(AT_FDCWD, "/data/app/ch.hgdev.toposuite-Zh9qCxNXMEaPMCGhRGgP7Q==", {st_mode=S_IFDIR|0775, st_size=4096, ...}, AT_SYMLINK_NOFOLLOW) = 0
25043 1784420887.868198 newfstatat(AT_FDCWD, "/data/app/ch.hgdev.toposuite-Zh9qCxNXMEaPMCGhRGgP7Q==/base.apk", {st_mode=S_IFREG|0644, st_size=4013928, ...}, AT_SYMLINK_NOFOLLOW) = 0
25043 1784420887.868466 getcwd("/", 4096) = 2
25043 1784420887.868710 newfstatat(AT_FDCWD, "/base.apk", 0x718a4f3690, AT_SYMLINK_NOFOLLOW) = -1 ENOENT (No such file or directory)
25023 1784420888.240283 clone(child_stack=0x71867bbd40, flags=CLONE_VM|CLONE_FS|CLONE_FILES|CLONE_SIGHAND|CLONE_THREAD|CLONE_SYSVSEM|CLONE_SETTLS|CLONE_PARENT_SETTID|CLONE_CHILD_CLEARTID, parent_tidptr=0x71867bbd60, tls=0x71867bc020, child_tidptr=0x71867bbd60) = 25156
25118 1784420888.254304 sendmsg(148, {msg_name=NULL, msg_namelen=0, msg_iov=[{iov_base="l\1\1\1\374\0\0\0P\0\0\0\235\0\0\0\1\1o\0;\0\0\0/re/frid"..., iov_len=428}], msg_iovlen=1, msg_controllen=0, msg_flags=0}, MSG_NOSIGNAL) = 428
25156 1784420888.254793 faccessat(AT_FDCWD, "/data/user/0/ch.hgdev.toposuite", F_OK) = 0
25156 1784420888.257157 faccessat(AT_FDCWD, "/data/user/0/ch.hgdev.toposuite/files", F_OK) = 0
25156 1784420888.258281 faccessat(AT_FDCWD, "/data/user/0/ch.hgdev.toposuite/files/profileinstaller_profileWrittenFor_lastUpdateTime.dat", F_OK) = 0
25156 1784420888.258865 openat(AT_FDCWD, "/data/user/0/ch.hgdev.toposuite/files/profileinstaller_profileWrittenFor_lastUpdateTime.dat", O_RDONLY) = 125
25156 1784420888.260519 getsockopt(125, SOL_SOCKET, SO_ERROR, 0x71867ba254, [4]) = -1 ENOTSOCK (Socket operation on non-socket)
25156 1784420888.264898 newfstatat(AT_FDCWD, "/data/misc/profiles/ref/ch.hgdev.toposuite/primary.prof", 0x71867b9c28, 0) = -1 ENOENT (No such file or directory)
25156 1784420888.265883 faccessat(AT_FDCWD, "/data/misc/profiles/ref/ch.hgdev.toposuite/primary.prof", F_OK) = -1 ENOENT (No such file or directory)
25156 1784420888.266474 newfstatat(AT_FDCWD, "/data/misc/profiles/cur/0/ch.hgdev.toposuite/primary.prof", {st_mode=S_IFREG|0600, st_size=4659, ...}, 0) = 0
25156 1784420888.266926 faccessat(AT_FDCWD, "/data/misc/profiles/cur/0/ch.hgdev.toposuite/primary.prof", F_OK) = 0
25156 1784420888.268217 faccessat(AT_FDCWD, "/data/user/0/ch.hgdev.toposuite/files", F_OK) = 0
25156 1784420888.268931 faccessat(AT_FDCWD, "/data/user/0/ch.hgdev.toposuite/files/profileInstalled", F_OK) = 0
25156 1784420888.269946 openat(AT_FDCWD, "/data/user/0/ch.hgdev.toposuite/files/profileInstalled", O_RDONLY) = 125
25156 1784420888.274551 getsockopt(125, SOL_SOCKET, SO_ERROR, 0x71867b95a4, [4]) = -1 ENOTSOCK (Socket operation on non-socket)
25118 1784420888.293750 sendmsg(148, {msg_name=NULL, msg_namelen=0, msg_iov=[{iov_base="l\1\1\1\0\1\0\0Q\0\0\0\235\0\0\0\1\1o\0;\0\0\0/re/frid"..., iov_len=432}], msg_iovlen=1, msg_controllen=0, msg_flags=0}, MSG_NOSIGNAL) = 432
25156 1784420888.294243 unlinkat(AT_FDCWD, "/data/user/0/ch.hgdev.toposuite/files/profileInstalled", 0) = 0
25156 1784420888.294930 openat(AT_FDCWD, "/data/user/0/ch.hgdev.toposuite/files/profileInstalled", O_WRONLY|O_CREAT|O_TRUNC, 0600) = 125
25156 1784420888.299476 getsockopt(125, SOL_SOCKET, SO_ERROR, 0x71867b9b04, [4]) = -1 ENOTSOCK (Socket operation on non-socket)
25156 1784420888.305728 exit(0)         = ?
25156 1784420888.306045 +++ exited with 0 +++
25115 1784420888.355181 faccessat(AT_FDCWD, "/proc/self/task/25156", F_OK) = -1 ENOENT (No such file or directory)
25085 1784420892.987520 openat(AT_FDCWD, "/data/user/0/ch.hgdev.toposuite/app_webview/BrowserMetrics-spare.pma.tmp", O_RDWR|O_CREAT|O_TRUNC, 0600) = 125
25085 1784420893.004048 renameat(AT_FDCWD, "/data/user/0/ch.hgdev.toposuite/app_webview/BrowserMetrics-spare.pma.tmp", AT_FDCWD, "/data/user/0/ch.hgdev.toposuite/app_webview/BrowserMetrics-spare.pma") = 0
25081 1784420895.293752 sendto(107, "\220\0\0\0\0\0\0\0\5\0\0\0\0\0\0\0\0\0\0\0\0\0\0\0\343\213\357\257M\232\34e"..., 144, MSG_NOSIGNAL, NULL, 0) = 144
25081 1784420895.294731 sendto(107, "\230\0\0\0\0\0\0\0\5\0\0\0\0\0\0\0\0\0\0\0\0\0\0\0\343\213\357\257M\232\34e"..., 152, MSG_NOSIGNAL, NULL, 0) = 152
25079 1784420895.296043 recvmsg(107, {msg_name=NULL, msg_namelen=0, msg_iov=[{iov_base="\330\t\0\0\0\0\0\0\5\0\0\0\0\0\0\0\0\0\0\0\0\0\0\0#6\221\21\322\266\273\243"..., iov_len=4096}], msg_iovlen=1, msg_controllen=0, msg_flags=0}, MSG_DONTWAIT) = 4096
25079 1784420895.296912 recvmsg(107, {msg_name=NULL, msg_namelen=0, msg_iov=[{iov_base="\36\0\0\0\26\0\0\0allocated_objects_size\0\0"..., iov_len=21504}], msg_iovlen=1, msg_controllen=0, msg_flags=0}, MSG_DONTWAIT) = 21504
25081 1784420895.297384 openat(AT_FDCWD, "/proc/self/statm", O_RDONLY) = 125
25081 1784420895.299725 openat(AT_FDCWD, "/proc/25023/status", O_RDONLY|O_CLOEXEC) = 140
25081 1784420895.302472 openat(AT_FDCWD, "/proc/25023/stat", O_RDONLY|O_CLOEXEC) = 140
25081 1784420895.304445 openat(AT_FDCWD, "/proc/self/status", O_RDONLY|O_CLOEXEC) = 140
25081 1784420895.306236 openat(AT_FDCWD, "/proc/self/clear_refs", O_WRONLY) = 140
25081 1784420895.306973 openat(AT_FDCWD, "/proc/self/pagemap", O_RDONLY) = 140
25023 1784420896.990455 recvfrom(122, "\2\0\0\0\0\0\0\0a\6\0\0\0\0\0\0\300\36\t[\266\1\0\0\1\0\0\0\2\20\0\0"..., 2272, MSG_DONTWAIT, NULL, NULL) = 232
25023 1784420896.990911 sendto(122, "\3\0\0\0\0\0\0\0a\6\0\0\1\0\0\0", 16, MSG_DONTWAIT|MSG_NOSIGNAL, NULL, 0) = 16
25023 1784420896.991104 recvfrom(122, 0x712e350c20, 2272, MSG_DONTWAIT, NULL, NULL) = -1 EAGAIN (Try again)
25023 1784420896.991674 recvfrom(122, "\2\0\0\0\0\0\0\0c\6\0\0\0\0\0\0\300\36\t[\266\1\0\0\1\0\0\0\2\20\0\0"..., 2272, MSG_DONTWAIT, NULL, NULL) = 232
25023 1784420896.991853 recvfrom(38, 0x7fef9455e0, 3200, MSG_DONTWAIT, NULL, NULL) = -1 EAGAIN (Try again)
25023 1784420896.992513 sendto(122, "\3\0\0\0\0\0\0\0c\6\0\0\1\0\0\0", 16, MSG_DONTWAIT|MSG_NOSIGNAL, NULL, 0) = 16
25023 1784420896.992702 recvfrom(122, 0x712e350c20, 2272, MSG_DONTWAIT, NULL, NULL) = -1 EAGAIN (Try again)
25023 1784420896.998957 recvfrom(38, "nysv\0\0\0\0\0\0\0\0\0\0\0\0 \24\212[\266\1\0\0\357\264\1\0\0\0\0\0", 3200, MSG_DONTWAIT, NULL, NULL) = 32
25023 1784420896.999323 recvfrom(38, 0x7fef9488f0, 3200, MSG_DONTWAIT, NULL, NULL) = -1 EAGAIN (Try again)
25023 1784420896.999758 recvfrom(122, 0x712e350c20, 2272, MSG_DONTWAIT, NULL, NULL) = -1 EAGAIN (Try again)
25023 1784420896.999917 recvfrom(38, 0x7fef948850, 3200, MSG_DONTWAIT, NULL, NULL) = -1 EAGAIN (Try again)
25023 1784420897.002200 socket(AF_UNIX, SOCK_DGRAM|SOCK_CLOEXEC|SOCK_NONBLOCK, 0) = 125
25023 1784420897.002369 setsockopt(125, SOL_SOCKET, SO_SNDBUF, [1048576], 4) = 0
25023 1784420897.002525 connect(125, {sa_family=AF_UNIX, sun_path="/dev/socket/statsdw"}, 110) = 0
25023 1784420897.014016 recvfrom(38, "nysv\0\0\0\0\0\0\0\0\0\0\0\0\200\265\210\\\266\1\0\0\360\264\1\0\0\0\0\0", 3200, MSG_DONTWAIT, NULL, NULL) = 32
25023 1784420897.014207 recvfrom(38, 0x7fef9488f0, 3200, MSG_DONTWAIT, NULL, NULL) = -1 EAGAIN (Try again)
25023 1784420897.014524 recvfrom(122, 0x712e350c20, 2272, MSG_DONTWAIT, NULL, NULL) = -1 EAGAIN (Try again)
25023 1784420897.014671 recvfrom(38, 0x7fef948850, 3200, MSG_DONTWAIT, NULL, NULL) = -1 EAGAIN (Try again)
25045 1784420897.031590 recvfrom(44, 0x71857faeb0, 3200, MSG_DONTWAIT, NULL, NULL) = -1 EAGAIN (Try again)
25023 1784420897.035800 recvfrom(38, "nysv\0\0\0\0\0\0\0\0\0\0\0\0\3X\207]\266\1\0\0\361\264\1\0\0\0\0\0", 3200, MSG_DONTWAIT, NULL, NULL) = 32
25023 1784420897.036002 recvfrom(38, 0x7fef9488f0, 3200, MSG_DONTWAIT, NULL, NULL) = -1 EAGAIN (Try again)
25023 1784420897.037008 recvfrom(122, 0x712e350c20, 2272, MSG_DONTWAIT, NULL, NULL) = -1 EAGAIN (Try again)
25023 1784420897.037172 recvfrom(38, 0x7fef948850, 3200, MSG_DONTWAIT, NULL, NULL) = -1 EAGAIN (Try again)
25045 1784420897.098091 recvfrom(44, "nysv\0\0\0\0\0\0\0\0\0\0\0\0V\371\205^\266\1\0\0\362\264\1\0\0\0\0\0", 3200, MSG_DONTWAIT, NULL, NULL) = 32
25045 1784420897.098260 recvfrom(44, 0x71857faeb0, 3200, MSG_DONTWAIT, NULL, NULL) = -1 EAGAIN (Try again)
25023 1784420897.102848 recvfrom(38, "nysv\0\0\0\0\0\0\0\0\0\0\0\0V\371\205^\266\1\0\0\362\264\1\0\0\0\0\0", 3200, MSG_DONTWAIT, NULL, NULL) = 32
25023 1784420897.103003 recvfrom(38, 0x7fef9488f0, 3200, MSG_DONTWAIT, NULL, NULL) = -1 EAGAIN (Try again)
25023 1784420897.104494 recvfrom(122, 0x712e350c20, 2272, MSG_DONTWAIT, NULL, NULL) = -1 EAGAIN (Try again)
25023 1784420897.104659 recvfrom(38, 0x7fef948850, 3200, MSG_DONTWAIT, NULL, NULL) = -1 EAGAIN (Try again)
25045 1784420897.134613 recvfrom(44, "nysv\0\0\0\0\0\0\0\0\0\0\0\0.m\200b\266\1\0\0\366\264\1\0\0\0\0\0", 3200, MSG_DONTWAIT, NULL, NULL) = 32
25045 1784420897.134877 recvfrom(44, 0x71857faeb0, 3200, MSG_DONTWAIT, NULL, NULL) = -1 EAGAIN (Try again)
25023 1784420897.137559 recvfrom(38, "nysv\0\0\0\0\0\0\0\0\0\0\0\0.m\200b\266\1\0\0\366\264\1\0\0\0\0\0", 3200, MSG_DONTWAIT, NULL, NULL) = 32
25023 1784420897.137739 recvfrom(38, 0x7fef9488f0, 3200, MSG_DONTWAIT, NULL, NULL) = -1 EAGAIN (Try again)
25023 1784420897.139292 recvfrom(122, 0x712e350c20, 2272, MSG_DONTWAIT, NULL, NULL) = -1 EAGAIN (Try again)
25023 1784420897.139446 recvfrom(38, 0x7fef948850, 3200, MSG_DONTWAIT, NULL, NULL) = -1 EAGAIN (Try again)
25045 1784420897.168412 recvfrom(44, "nysv\0\0\0\0\0\0\0\0\0\0\0\0}\347}d\266\1\0\0\370\264\1\0\0\0\0\0", 3200, MSG_DONTWAIT, NULL, NULL) = 32
25045 1784420897.168582 recvfrom(44, 0x71857faeb0, 3200, MSG_DONTWAIT, NULL, NULL) = -1 EAGAIN (Try again)
25023 1784420897.171514 recvfrom(38, "nysv\0\0\0\0\0\0\0\0\0\0\0\0}\347}d\266\1\0\0\370\264\1\0\0\0\0\0", 3200, MSG_DONTWAIT, NULL, NULL) = 32
25023 1784420897.171675 recvfrom(38, 0x7fef9488f0, 3200, MSG_DONTWAIT, NULL, NULL) = -1 EAGAIN (Try again)
25023 1784420897.172336 recvfrom(122, 0x712e350c20, 2272, MSG_DONTWAIT, NULL, NULL) = -1 EAGAIN (Try again)
25023 1784420897.172502 recvfrom(38, 0x7fef948850, 3200, MSG_DONTWAIT, NULL, NULL) = -1 EAGAIN (Try again)
25045 1784420897.202904 recvfrom(44, "nysv\0\0\0\0\0\0\0\0\0\0\0\0\364J{f\266\1\0\0\372\264\1\0\0\0\0\0", 3200, MSG_DONTWAIT, NULL, NULL) = 32
25045 1784420897.203075 recvfrom(44, 0x71857faeb0, 3200, MSG_DONTWAIT, NULL, NULL) = -1 EAGAIN (Try again)
25023 1784420897.205921 recvfrom(38, "nysv\0\0\0\0\0\0\0\0\0\0\0\0\364J{f\266\1\0\0\372\264\1\0\0\0\0\0", 3200, MSG_DONTWAIT, NULL, NULL) = 32
25023 1784420897.206064 recvfrom(38, 0x7fef9488f0, 3200, MSG_DONTWAIT, NULL, NULL) = -1 EAGAIN (Try again)
25023 1784420897.206238 recvfrom(122, 0x712e350c20, 2272, MSG_DONTWAIT, NULL, NULL) = -1 EAGAIN (Try again)
25023 1784420897.206410 recvfrom(38, 0x7fef948850, 3200, MSG_DONTWAIT, NULL, NULL) = -1 EAGAIN (Try again)
25045 1784420897.237559 recvfrom(44, "nysv\0\0\0\0\0\0\0\0\0\0\0\0\7qxh\266\1\0\0\374\264\1\0\0\0\0\0", 3200, MSG_DONTWAIT, NULL, NULL) = 32
25045 1784420897.237741 recvfrom(44, 0x71857faeb0, 3200, MSG_DONTWAIT, NULL, NULL) = -1 EAGAIN (Try again)
25023 1784420897.240541 recvfrom(38, "nysv\0\0\0\0\0\0\0\0\0\0\0\0\7qxh\266\1\0\0\374\264\1\0\0\0\0\0", 3200, MSG_DONTWAIT, NULL, NULL) = 32
25023 1784420897.240691 recvfrom(38, 0x7fef9488f0, 3200, MSG_DONTWAIT, NULL, NULL) = -1 EAGAIN (Try again)
25023 1784420897.240862 recvfrom(122, 0x712e350c20, 2272, MSG_DONTWAIT, NULL, NULL) = -1 EAGAIN (Try again)
25023 1784420897.241038 recvfrom(38, 0x7fef948850, 3200, MSG_DONTWAIT, NULL, NULL) = -1 EAGAIN (Try again)
25045 1784420897.273014 recvfrom(44, "nysv\0\0\0\0\0\0\0\0\0\0\0\0\256\223uj\266\1\0\0\376\264\1\0\0\0\0\0", 3200, MSG_DONTWAIT, NULL, NULL) = 32
25045 1784420897.273186 recvfrom(44, 0x71857faeb0, 3200, MSG_DONTWAIT, NULL, NULL) = -1 EAGAIN (Try again)
25023 1784420897.276069 recvfrom(38, "nysv\0\0\0\0\0\0\0\0\0\0\0\0\256\223uj\266\1\0\0\376\264\1\0\0\0\0\0", 3200, MSG_DONTWAIT, NULL, NULL) = 32
25023 1784420897.276229 recvfrom(38, 0x7fef9488f0, 3200, MSG_DONTWAIT, NULL, NULL) = -1 EAGAIN (Try again)
25023 1784420897.276385 recvfrom(122, 0x712e350c20, 2272, MSG_DONTWAIT, NULL, NULL) = -1 EAGAIN (Try again)
25023 1784420897.276547 recvfrom(38, 0x7fef948850, 3200, MSG_DONTWAIT, NULL, NULL) = -1 EAGAIN (Try again)
25045 1784420897.308069 recvfrom(44, "nysv\0\0\0\0\0\0\0\0\0\0\0\0r\357rl\266\1\0\0\0\265\1\0\200\0\0\0", 3200, MSG_DONTWAIT, NULL, NULL) = 32
25045 1784420897.308241 recvfrom(44, 0x71857faeb0, 3200, MSG_DONTWAIT, NULL, NULL) = -1 EAGAIN (Try again)
25023 1784420897.311110 recvfrom(38, "nysv\0\0\0\0\0\0\0\0\0\0\0\0r\357rl\266\1\0\0\0\265\1\0\200\0\0\0", 3200, MSG_DONTWAIT, NULL, NULL) = 32
25023 1784420897.311269 recvfrom(38, 0x7fef9488f0, 3200, MSG_DONTWAIT, NULL, NULL) = -1 EAGAIN (Try again)
25023 1784420897.312553 recvfrom(122, 0x712e350c20, 2272, MSG_DONTWAIT, NULL, NULL) = -1 EAGAIN (Try again)
25023 1784420897.312711 recvfrom(38, 0x7fef948850, 3200, MSG_DONTWAIT, NULL, NULL) = -1 EAGAIN (Try again)
25045 1784420897.342772 recvfrom(44, "nysv\0\0\0\0\0\0\0\0\0\0\0\0\25\tpn\266\1\0\0\2\265\1\0\0\0\0\0", 3200, MSG_DONTWAIT, NULL, NULL) = 32
25045 1784420897.342934 recvfrom(44, 0x71857faeb0, 3200, MSG_DONTWAIT, NULL, NULL) = -1 EAGAIN (Try again)
25023 1784420897.345800 recvfrom(38, "nysv\0\0\0\0\0\0\0\0\0\0\0\0\25\tpn\266\1\0\0\2\265\1\0\0\0\0\0", 3200, MSG_DONTWAIT, NULL, NULL) = 32
25023 1784420897.345963 recvfrom(38, 0x7fef9488f0, 3200, MSG_DONTWAIT, NULL, NULL) = -1 EAGAIN (Try again)
25023 1784420897.346128 recvfrom(122, 0x712e350c20, 2272, MSG_DONTWAIT, NULL, NULL) = -1 EAGAIN (Try again)
25023 1784420897.346299 recvfrom(38, 0x7fef948850, 3200, MSG_DONTWAIT, NULL, NULL) = -1 EAGAIN (Try again)
25045 1784420897.376400 recvfrom(44, "nysv\0\0\0\0\0\0\0\0\0\0\0\0\t\34mp\266\1\0\0\4\265\1\0\0\0\0\0", 3200, MSG_DONTWAIT, NULL, NULL) = 32
25045 1784420897.376566 recvfrom(44, 0x71857faeb0, 3200, MSG_DONTWAIT, NULL, NULL) = -1 EAGAIN (Try again)
25023 1784420897.379375 recvfrom(38, "nysv\0\0\0\0\0\0\0\0\0\0\0\0\t\34mp\266\1\0\0\4\265\1\0\0\0\0\0", 3200, MSG_DONTWAIT, NULL, NULL) = 32
25023 1784420897.379537 recvfrom(38, 0x7fef9488f0, 3200, MSG_DONTWAIT, NULL, NULL) = -1 EAGAIN (Try again)
25023 1784420897.379700 recvfrom(122, 0x712e350c20, 2272, MSG_DONTWAIT, NULL, NULL) = -1 EAGAIN (Try again)
25023 1784420897.380406 recvfrom(38, 0x7fef948160, 3200, MSG_DONTWAIT, NULL, NULL) = -1 EAGAIN (Try again)
25045 1784420897.410501 recvfrom(44, "nysv\0\0\0\0\0\0\0\0\0\0\0\0\231cjr\266\1\0\0\6\265\1\0\0\0\0\0", 3200, MSG_DONTWAIT, NULL, NULL) = 32
25045 1784420897.410665 recvfrom(44, 0x71857faeb0, 3200, MSG_DONTWAIT, NULL, NULL) = -1 EAGAIN (Try again)
25023 1784420897.413559 recvfrom(38, "nysv\0\0\0\0\0\0\0\0\0\0\0\0\231cjr\266\1\0\0\6\265\1\0\0\0\0\0", 3200, MSG_DONTWAIT, NULL, NULL) = 32
25023 1784420897.413719 recvfrom(38, 0x7fef9488f0, 3200, MSG_DONTWAIT, NULL, NULL) = -1 EAGAIN (Try again)
25023 1784420897.413873 recvfrom(122, 0x712e350c20, 2272, MSG_DONTWAIT, NULL, NULL) = -1 EAGAIN (Try again)
25023 1784420897.415053 recvfrom(38, 0x7fef948160, 3200, MSG_DONTWAIT, NULL, NULL) = -1 EAGAIN (Try again)
25045 1784420897.444208 recvfrom(44, "nysv\0\0\0\0\0\0\0\0\0\0\0\0\36:gt\266\1\0\0\10\265\1\0\0\0\0\0", 3200, MSG_DONTWAIT, NULL, NULL) = 32
25045 1784420897.444377 recvfrom(44, 0x71857fac80, 3200, MSG_DONTWAIT, NULL, NULL) = -1 EAGAIN (Try again)
25023 1784420897.446900 recvfrom(38, "nysv\0\0\0\0\0\0\0\0\0\0\0\0J\300eu\266\1\0\0\t\265\1\0\0\0\0\0", 3200, MSG_DONTWAIT, NULL, NULL) = 32
25023 1784420897.447055 recvfrom(38, 0x7fef9488f0, 3200, MSG_DONTWAIT, NULL, NULL) = -1 EAGAIN (Try again)
25023 1784420897.448093 recvfrom(122, 0x712e350c20, 2272, MSG_DONTWAIT, NULL, NULL) = -1 EAGAIN (Try again)
25023 1784420897.449187 recvfrom(38, 0x7fef948160, 3200, MSG_DONTWAIT, NULL, NULL) = -1 EAGAIN (Try again)
25023 1784420897.480567 recvfrom(38, "nysv\0\0\0\0\0\0\0\0\0\0\0\0\365\225bw\266\1\0\0\v\265\1\0\0\0\0\0", 3200, MSG_DONTWAIT, NULL, NULL) = 32
25023 1784420897.480726 recvfrom(38, 0x7fef9488f0, 3200, MSG_DONTWAIT, NULL, NULL) = -1 EAGAIN (Try again)
25023 1784420897.485530 recvfrom(38, 0x7fef948160, 3200, MSG_DONTWAIT, NULL, NULL) = -1 EAGAIN (Try again)
25118 1784420897.492163 sendmsg(148, {msg_name=NULL, msg_namelen=0, msg_iov=[{iov_base="l\1\1\1\0\1\0\0R\0\0\0\235\0\0\0\1\1o\0;\0\0\0/re/frid"..., iov_len=432}], msg_iovlen=1, msg_controllen=0, msg_flags=0}, MSG_NOSIGNAL) = 432
25118 1784420897.498889 sendmsg(148, {msg_name=NULL, msg_namelen=0, msg_iov=[{iov_base="l\1\1\1\0\1\0\0S\0\0\0\235\0\0\0\1\1o\0;\0\0\0/re/frid"..., iov_len=432}], msg_iovlen=1, msg_controllen=0, msg_flags=0}, MSG_NOSIGNAL) = 432
25023 1784420897.520611 recvfrom(38, "nysv\0\0\0\0\0\0\0\0\0\0\0\0\327\235_y\266\1\0\0\r\265\1\0\0\0\0\0", 3200, MSG_DONTWAIT, NULL, NULL) = 32
25023 1784420897.520793 recvfrom(38, 0x7fef9488f0, 3200, MSG_DONTWAIT, NULL, NULL) = -1 EAGAIN (Try again)
25023 1784420897.521439 recvfrom(122, 0x712e350c20, 2272, MSG_DONTWAIT, NULL, NULL) = -1 EAGAIN (Try again)
25023 1784420897.522124 recvfrom(38, 0x7fef948160, 3200, MSG_DONTWAIT, NULL, NULL) = -1 EAGAIN (Try again)
25118 1784420897.528207 sendmsg(148, {msg_name=NULL, msg_namelen=0, msg_iov=[{iov_base="l\1\1\1\374\0\0\0T\0\0\0\235\0\0\0\1\1o\0;\0\0\0/re/frid"..., iov_len=428}], msg_iovlen=1, msg_controllen=0, msg_flags=0}, MSG_NOSIGNAL) = 428
25023 1784420897.531172 recvfrom(38, "nysv\0\0\0\0\0\0\0\0\0\0\0\0\253\243\\{\266\1\0\0\17\265\1\0\0\0\0\0", 3200, MSG_DONTWAIT, NULL, NULL) = 32
25023 1784420897.531343 recvfrom(38, 0x7fef9488f0, 3200, MSG_DONTWAIT, NULL, NULL) = -1 EAGAIN (Try again)
25118 1784420897.537291 sendmsg(148, {msg_name=NULL, msg_namelen=0, msg_iov=[{iov_base="l\1\1\1\374\0\0\0U\0\0\0\235\0\0\0\1\1o\0;\0\0\0/re/frid"..., iov_len=428}], msg_iovlen=1, msg_controllen=0, msg_flags=0}, MSG_NOSIGNAL) = 428
25023 1784420897.542466 recvfrom(38, 0x7fef947600, 3200, MSG_DONTWAIT, NULL, NULL) = -1 EAGAIN (Try again)
25023 1784420897.548339 recvfrom(38, "nysv\0\0\0\0\0\0\0\0\0\0\0\0J#[|\266\1\0\0\20\265\1\0\0\0\0\0", 3200, MSG_DONTWAIT, NULL, NULL) = 32
25023 1784420897.548621 recvfrom(38, 0x7fef9488f0, 3200, MSG_DONTWAIT, NULL, NULL) = -1 EAGAIN (Try again)
25023 1784420897.549609 recvfrom(38, 0x7fef948160, 3200, MSG_DONTWAIT, NULL, NULL) = -1 EAGAIN (Try again)
25118 1784420897.555779 sendmsg(148, {msg_name=NULL, msg_namelen=0, msg_iov=[{iov_base="l\1\1\1\374\0\0\0V\0\0\0\235\0\0\0\1\1o\0;\0\0\0/re/frid"..., iov_len=428}], msg_iovlen=1, msg_controllen=0, msg_flags=0}, MSG_NOSIGNAL) = 428
25023 1784420897.567887 recvfrom(38, "nysv\0\0\0\0\0\0\0\0\0\0\0\0\344\336X}\266\1\0\0\21\265\1\0\0\0\0\0", 3200, MSG_DONTWAIT, NULL, NULL) = 32
25023 1784420897.568211 recvfrom(38, 0x7fef9488f0, 3200, MSG_DONTWAIT, NULL, NULL) = -1 EAGAIN (Try again)
25118 1784420897.576163 sendmsg(148, {msg_name=NULL, msg_namelen=0, msg_iov=[{iov_base="l\1\1\1\374\0\0\0W\0\0\0\235\0\0\0\1\1o\0;\0\0\0/re/frid"..., iov_len=428}], msg_iovlen=1, msg_controllen=0, msg_flags=0}, MSG_NOSIGNAL) = 428
25118 1784420897.993043 sendmsg(148, {msg_name=NULL, msg_namelen=0, msg_iov=[{iov_base="l\1\1\1\374\0\0\0X\0\0\0\235\0\0\0\1\1o\0;\0\0\0/re/frid"..., iov_len=428}], msg_iovlen=1, msg_controllen=0, msg_flags=0}, MSG_NOSIGNAL) = 428
25118 1784420898.205514 sendmsg(148, {msg_name=NULL, msg_namelen=0, msg_iov=[{iov_base="l\1\1\1\374\0\0\0Y\0\0\0\235\0\0\0\1\1o\0;\0\0\0/re/frid"..., iov_len=428}], msg_iovlen=1, msg_controllen=0, msg_flags=0}, MSG_NOSIGNAL) = 428
25023 1784420898.617775 recvfrom(38, 0x7fef9486c0, 3200, MSG_DONTWAIT, NULL, NULL) = -1 EAGAIN (Try again)
25023 1784420898.632596 recvfrom(38, "nysv\0\0\0\0\0\0\0\0\0\0\0\0%\374\343\274\266\1\0\0Q\265\1\0\0\0\0\0", 3200, MSG_DONTWAIT, NULL, NULL) = 32
25023 1784420898.632990 recvfrom(38, 0x7fef9488f0, 3200, MSG_DONTWAIT, NULL, NULL) = -1 EAGAIN (Try again)
25023 1784420898.633687 recvfrom(122, 0x712e350c20, 2272, MSG_DONTWAIT, NULL, NULL) = -1 EAGAIN (Try again)
25023 1784420898.634778 recvfrom(38, 0x7fef9478e0, 3200, MSG_DONTWAIT, NULL, NULL) = -1 EAGAIN (Try again)
25023 1784420898.647557 recvfrom(38, "nysv\0\0\0\0\0\0\0\0\0\0\0\0\301\237\342\275\266\1\0\0R\265\1\0\0\0\0\0", 3200, MSG_DONTWAIT, NULL, NULL) = 32
25023 1784420898.648003 recvfrom(38, 0x7fef9488f0, 3200, MSG_DONTWAIT, NULL, NULL) = -1 EAGAIN (Try again)
25023 1784420898.648516 recvfrom(122, 0x712e350c20, 2272, MSG_DONTWAIT, NULL, NULL) = -1 EAGAIN (Try again)
25023 1784420898.650056 recvfrom(38, 0x7fef9478e0, 3200, MSG_DONTWAIT, NULL, NULL) = -1 EAGAIN (Try again)
25023 1784420898.694791 recvfrom(38, "nysv\0\0\0\0\0\0\0\0\0\0\0\0\17A\341\276\266\1\0\0S\265\1\0\0\0\0\0", 3200, MSG_DONTWAIT, NULL, NULL) = 32
25023 1784420898.695059 recvfrom(38, 0x7fef9488f0, 3200, MSG_DONTWAIT, NULL, NULL) = -1 EAGAIN (Try again)
25023 1784420898.696291 recvfrom(122, 0x712e350c20, 2272, MSG_DONTWAIT, NULL, NULL) = -1 EAGAIN (Try again)
25023 1784420898.697600 recvfrom(38, 0x7fef948160, 3200, MSG_DONTWAIT, NULL, NULL) = -1 EAGAIN (Try again)
25023 1784420898.729872 recvfrom(38, "nysv\0\0\0\0\0\0\0\0\0\0\0\0\373(\335\301\266\1\0\0V\265\1\0\0\0\0\0", 3200, MSG_DONTWAIT, NULL, NULL) = 32
25023 1784420898.730052 recvfrom(38, 0x7fef9488f0, 3200, MSG_DONTWAIT, NULL, NULL) = -1 EAGAIN (Try again)
25023 1784420898.731635 recvfrom(122, 0x712e350c20, 2272, MSG_DONTWAIT, NULL, NULL) = -1 EAGAIN (Try again)
25023 1784420898.734487 recvfrom(38, 0x7fef948160, 3200, MSG_DONTWAIT, NULL, NULL) = -1 EAGAIN (Try again)
25023 1784420898.764069 recvfrom(38, "nysv\0\0\0\0\0\0\0\0\0\0\0\0Me\332\303\266\1\0\0X\265\1\0\0\0\0\0", 3200, MSG_DONTWAIT, NULL, NULL) = 32
25023 1784420898.764398 recvfrom(38, 0x7fef9488f0, 3200, MSG_DONTWAIT, NULL, NULL) = -1 EAGAIN (Try again)
25023 1784420898.768102 recvfrom(122, 0x712e350c20, 2272, MSG_DONTWAIT, NULL, NULL) = -1 EAGAIN (Try again)
25023 1784420898.768822 recvfrom(38, 0x7fef948160, 3200, MSG_DONTWAIT, NULL, NULL) = -1 EAGAIN (Try again)
25023 1784420898.796999 recvfrom(38, "nysv\0\0\0\0\0\0\0\0\0\0\0\0\30\235\327\305\266\1\0\0Z\265\1\0\0\0\0\0", 3200, MSG_DONTWAIT, NULL, NULL) = 32
25023 1784420898.797511 recvfrom(38, 0x7fef9488f0, 3200, MSG_DONTWAIT, NULL, NULL) = -1 EAGAIN (Try again)
25023 1784420898.801640 recvfrom(122, 0x712e350c20, 2272, MSG_DONTWAIT, NULL, NULL) = -1 EAGAIN (Try again)
25023 1784420898.802390 recvfrom(38, 0x7fef948160, 3200, MSG_DONTWAIT, NULL, NULL) = -1 EAGAIN (Try again)
25023 1784420898.830339 recvfrom(38, "nysv\0\0\0\0\0\0\0\0\0\0\0\0\344\32\325\307\266\1\0\0\\\265\1\0\0\0\0\0", 3200, MSG_DONTWAIT, NULL, NULL) = 32
25023 1784420898.830574 recvfrom(38, 0x7fef9488f0, 3200, MSG_DONTWAIT, NULL, NULL) = -1 EAGAIN (Try again)
25023 1784420898.833909 recvfrom(122, 0x712e350c20, 2272, MSG_DONTWAIT, NULL, NULL) = -1 EAGAIN (Try again)
25023 1784420898.834957 recvfrom(38, 0x7fef948160, 3200, MSG_DONTWAIT, NULL, NULL) = -1 EAGAIN (Try again)
25023 1784420898.863241 recvfrom(38, "nysv\0\0\0\0\0\0\0\0\0\0\0\0\222\213\322\311\266\1\0\0^\265\1\0\0\0\0\0", 3200, MSG_DONTWAIT, NULL, NULL) = 32
25023 1784420898.863418 recvfrom(38, 0x7fef9488f0, 3200, MSG_DONTWAIT, NULL, NULL) = -1 EAGAIN (Try again)
25023 1784420898.864925 recvfrom(122, 0x712e350c20, 2272, MSG_DONTWAIT, NULL, NULL) = -1 EAGAIN (Try again)
25023 1784420898.866320 recvfrom(38, 0x7fef948160, 3200, MSG_DONTWAIT, NULL, NULL) = -1 EAGAIN (Try again)
25023 1784420898.896376 recvfrom(38, "nysv\0\0\0\0\0\0\0\0\0\0\0\0I\262\317\313\266\1\0\0`\265\1\0\0\0\0\0", 3200, MSG_DONTWAIT, NULL, NULL) = 32
25023 1784420898.896541 recvfrom(38, 0x7fef9488f0, 3200, MSG_DONTWAIT, NULL, NULL) = -1 EAGAIN (Try again)
25023 1784420898.898320 recvfrom(122, 0x712e350c20, 2272, MSG_DONTWAIT, NULL, NULL) = -1 EAGAIN (Try again)
25023 1784420898.901404 recvfrom(38, 0x7fef948160, 3200, MSG_DONTWAIT, NULL, NULL) = -1 EAGAIN (Try again)
25023 1784420898.930122 recvfrom(38, "nysv\0\0\0\0\0\0\0\0\0\0\0\0<\322\314\315\266\1\0\0b\265\1\0\0\0\0\0", 3200, MSG_DONTWAIT, NULL, NULL) = 32
25023 1784420898.930317 recvfrom(38, 0x7fef9488f0, 3200, MSG_DONTWAIT, NULL, NULL) = -1 EAGAIN (Try again)
25023 1784420898.931840 recvfrom(122, 0x712e350c20, 2272, MSG_DONTWAIT, NULL, NULL) = -1 EAGAIN (Try again)
25023 1784420898.934258 recvfrom(38, 0x7fef948160, 3200, MSG_DONTWAIT, NULL, NULL) = -1 EAGAIN (Try again)
25023 1784420898.963065 recvfrom(38, "nysv\0\0\0\0\0\0\0\0\0\0\0\0\0101\312\317\266\1\0\0d\265\1\0\0\0\0\0", 3200, MSG_DONTWAIT, NULL, NULL) = 32
25023 1784420898.963239 recvfrom(38, 0x7fef9488f0, 3200, MSG_DONTWAIT, NULL, NULL) = -1 EAGAIN (Try again)
25023 1784420898.965636 recvfrom(38, 0x7fef948160, 3200, MSG_DONTWAIT, NULL, NULL) = -1 EAGAIN (Try again)
25118 1784420898.973783 sendmsg(148, {msg_name=NULL, msg_namelen=0, msg_iov=[{iov_base="l\1\1\1\374\0\0\0Z\0\0\0\235\0\0\0\1\1o\0;\0\0\0/re/frid"..., iov_len=428}], msg_iovlen=1, msg_controllen=0, msg_flags=0}, MSG_NOSIGNAL) = 428
25023 1784420898.980978 recvfrom(38, "nysv\0\0\0\0\0\0\0\0\0\0\0\0\236G\307\321\266\1\0\0f\265\1\0\0\0\0\0", 3200, MSG_DONTWAIT, NULL, NULL) = 32
25023 1784420898.981137 recvfrom(38, 0x7fef9488f0, 3200, MSG_DONTWAIT, NULL, NULL) = -1 EAGAIN (Try again)
25118 1784420898.986924 sendmsg(148, {msg_name=NULL, msg_namelen=0, msg_iov=[{iov_base="l\1\1\1\374\0\0\0[\0\0\0\235\0\0\0\1\1o\0;\0\0\0/re/frid"..., iov_len=428}], msg_iovlen=1, msg_controllen=0, msg_flags=0}, MSG_NOSIGNAL) = 428
25023 1784420898.989517 recvfrom(38, 0x7fef947600, 3200, MSG_DONTWAIT, NULL, NULL) = -1 EAGAIN (Try again)
25023 1784420899.006664 recvfrom(38, "nysv\0\0\0\0\0\0\0\0\0\0\0\0\325\323\305\322\266\1\0\0g\265\1\0\0\0\0\0", 3200, MSG_DONTWAIT, NULL, NULL) = 32
25023 1784420899.006820 recvfrom(38, 0x7fef9488f0, 3200, MSG_DONTWAIT, NULL, NULL) = -1 EAGAIN (Try again)
25023 1784420899.007506 recvfrom(38, 0x7fef948160, 3200, MSG_DONTWAIT, NULL, NULL) = -1 EAGAIN (Try again)
25118 1784420899.012958 sendmsg(148, {msg_name=NULL, msg_namelen=0, msg_iov=[{iov_base="l\1\1\1\374\0\0\0\\\0\0\0\235\0\0\0\1\1o\0;\0\0\0/re/frid"..., iov_len=428}], msg_iovlen=1, msg_controllen=0, msg_flags=0}, MSG_NOSIGNAL) = 428
25023 1784420899.015157 recvfrom(38, "nysv\0\0\0\0\0\0\0\0\0\0\0\0\31_\304\323\266\1\0\0h\265\1\0\0\0\0\0", 3200, MSG_DONTWAIT, NULL, NULL) = 32
25023 1784420899.015305 recvfrom(38, 0x7fef9488f0, 3200, MSG_DONTWAIT, NULL, NULL) = -1 EAGAIN (Try again)
25118 1784420899.023858 sendmsg(148, {msg_name=NULL, msg_namelen=0, msg_iov=[{iov_base="l\1\1\1\374\0\0\0]\0\0\0\235\0\0\0\1\1o\0;\0\0\0/re/frid"..., iov_len=428}], msg_iovlen=1, msg_controllen=0, msg_flags=0}, MSG_NOSIGNAL) = 428
25118 1784420899.031247 sendmsg(148, {msg_name=NULL, msg_namelen=0, msg_iov=[{iov_base="l\1\1\1\374\0\0\0^\0\0\0\235\0\0\0\1\1o\0;\0\0\0/re/frid"..., iov_len=428}], msg_iovlen=1, msg_controllen=0, msg_flags=0}, MSG_NOSIGNAL) = 428
25118 1784420899.039208 sendmsg(148, {msg_name=NULL, msg_namelen=0, msg_iov=[{iov_base="l\1\1\1\374\0\0\0_\0\0\0\235\0\0\0\1\1o\0;\0\0\0/re/frid"..., iov_len=428}], msg_iovlen=1, msg_controllen=0, msg_flags=0}, MSG_NOSIGNAL) = 428
25118 1784420899.049606 sendmsg(148, {msg_name=NULL, msg_namelen=0, msg_iov=[{iov_base="l\1\1\1\374\0\0\0`\0\0\0\235\0\0\0\1\1o\0;\0\0\0/re/frid"..., iov_len=428}], msg_iovlen=1, msg_controllen=0, msg_flags=0}, MSG_NOSIGNAL) = 428
25118 1784420899.056528 sendmsg(148, {msg_name=NULL, msg_namelen=0, msg_iov=[{iov_base="l\1\1\1\374\0\0\0a\0\0\0\235\0\0\0\1\1o\0;\0\0\0/re/frid"..., iov_len=428}], msg_iovlen=1, msg_controllen=0, msg_flags=0}, MSG_NOSIGNAL) = 428
25118 1784420899.064904 sendmsg(148, {msg_name=NULL, msg_namelen=0, msg_iov=[{iov_base="l\1\1\1\374\0\0\0b\0\0\0\235\0\0\0\1\1o\0;\0\0\0/re/frid"..., iov_len=428}], msg_iovlen=1, msg_controllen=0, msg_flags=0}, MSG_NOSIGNAL) = 428
25118 1784420899.072548 sendmsg(148, {msg_name=NULL, msg_namelen=0, msg_iov=[{iov_base="l\1\1\1\374\0\0\0c\0\0\0\235\0\0\0\1\1o\0;\0\0\0/re/frid"..., iov_len=428}], msg_iovlen=1, msg_controllen=0, msg_flags=0}, MSG_NOSIGNAL) = 428
25118 1784420899.081164 sendmsg(148, {msg_name=NULL, msg_namelen=0, msg_iov=[{iov_base="l\1\1\1\374\0\0\0d\0\0\0\235\0\0\0\1\1o\0;\0\0\0/re/frid"..., iov_len=428}], msg_iovlen=1, msg_controllen=0, msg_flags=0}, MSG_NOSIGNAL) = 428
25118 1784420899.092657 sendmsg(148, {msg_name=NULL, msg_namelen=0, msg_iov=[{iov_base="l\1\1\1\374\0\0\0e\0\0\0\235\0\0\0\1\1o\0;\0\0\0/re/frid"..., iov_len=428}], msg_iovlen=1, msg_controllen=0, msg_flags=0}, MSG_NOSIGNAL) = 428
25118 1784420899.106486 sendmsg(148, {msg_name=NULL, msg_namelen=0, msg_iov=[{iov_base="l\1\1\1\374\0\0\0f\0\0\0\235\0\0\0\1\1o\0;\0\0\0/re/frid"..., iov_len=428}], msg_iovlen=1, msg_controllen=0, msg_flags=0}, MSG_NOSIGNAL) = 428
25117 1784420900.689409 exit(0)         = ?
25117 1784420900.689773 +++ exited with 0 +++
25115 1784420900.739030 faccessat(AT_FDCWD, "/proc/self/task/25117", F_OK) = -1 ENOENT (No such file or directory)
