10812 1784443347.446777 exit(0)         = ?
10812 1784443347.446958 +++ exited with 0 +++
10811 1784443347.447025 exit(0)         = ?
10811 1784443347.447069 +++ exited with 0 +++
10814 1784443347.450382 exit(0 <unfinished ...>
10813 1784443347.450432 exit(0 <unfinished ...>
10814 1784443347.450748 <... exit resumed>) = ?
10813 1784443347.450794 <... exit resumed>) = ?
10814 1784443347.450911 +++ exited with 0 +++
10813 1784443347.451054 +++ exited with 0 +++
10826 1784443347.451227 newfstatat(AT_FDCWD, "/data", {st_mode=S_IFDIR|0771, st_size=4096, ...}, AT_SYMLINK_NOFOLLOW) = 0
10826 1784443347.451316 newfstatat(AT_FDCWD, "/data/app", {st_mode=S_IFDIR|0771, st_size=4096, ...}, AT_SYMLINK_NOFOLLOW) = 0
10826 1784443347.451368 newfstatat(AT_FDCWD, "/data/app/cityfreqs.com.pilfershushjammer-F7HXDZDwRXKvHY57NpyVPQ==", {st_mode=S_IFDIR|0775, st_size=4096, ...}, AT_SYMLINK_NOFOLLOW) = 0
10826 1784443347.451402 newfstatat(AT_FDCWD, "/data/app/cityfreqs.com.pilfershushjammer-F7HXDZDwRXKvHY57NpyVPQ==/base.apk", {st_mode=S_IFREG|0644, st_size=3655765, ...}, AT_SYMLINK_NOFOLLOW) = 0
10826 1784443347.451438 getcwd("/", 4096) = 2
10826 1784443347.451466 newfstatat(AT_FDCWD, "/base.apk", 0x700c735690, AT_SYMLINK_NOFOLLOW) = -1 ENOENT (No such file or directory)
10805 1784443357.459189 recvfrom(45, "\2\0\0\0\0\0\0\0\245\17\0\0\0\0\0\0\0\222~\17\373\2\0\0\1\0\0\0\2\20\0\0"..., 2272, MSG_DONTWAIT, NULL, NULL) = 232
10805 1784443357.459972 sendto(45, "\3\0\0\0\0\0\0\0\245\17\0\0\1\0\0\0", 16, MSG_DONTWAIT|MSG_NOSIGNAL, NULL, 0) = 16
10805 1784443357.460165 recvfrom(45, "\2\0\0\0\0\0\0\0\247\17\0\0\0\0\0\0\0\222~\17\373\2\0\0\1\0\0\0\2\20\0\0"..., 2272, MSG_DONTWAIT, NULL, NULL) = 232
10805 1784443357.460570 recvfrom(43, 0x7fed454ec0, 3200, MSG_DONTWAIT, NULL, NULL) = -1 EAGAIN (Try again)
10857 1784443357.477374 sendmsg(70, {msg_name=NULL, msg_namelen=0, msg_iov=[{iov_base="l\1\1\1\374\0\0\0L\0\0\0\235\0\0\0\1\1o\0;\0\0\0/re/frid"..., iov_len=428}], msg_iovlen=1, msg_controllen=0, msg_flags=0}, MSG_NOSIGNAL) = 428
10857 1784443357.488733 sendmsg(70, {msg_name=NULL, msg_namelen=0, msg_iov=[{iov_base="l\1\1\1\0\1\0\0M\0\0\0\235\0\0\0\1\1o\0;\0\0\0/re/frid"..., iov_len=432}], msg_iovlen=1, msg_controllen=0, msg_flags=0}, MSG_NOSIGNAL) = 432
10805 1784443357.488798 sendto(45, "\3\0\0\0\0\0\0\0\247\17\0\0\1\0\0\0", 16, MSG_DONTWAIT|MSG_NOSIGNAL, NULL, 0) = 16
10805 1784443357.489308 recvfrom(45, 0x709cbc6c20, 2272, MSG_DONTWAIT, NULL, NULL) = -1 EAGAIN (Try again)
10805 1784443357.490175 recvfrom(43, "nysv\0\0\0\0\0\0\0\0\0\0\0\0\23\361\331\17\373\2\0\0j\373\2\0\0\0\0\0", 3200, MSG_DONTWAIT, NULL, NULL) = 32
10805 1784443357.490349 recvfrom(43, 0x7fed458190, 3200, MSG_DONTWAIT, NULL, NULL) = -1 EAGAIN (Try again)
10805 1784443357.490609 recvfrom(45, 0x709cbc6c20, 2272, MSG_DONTWAIT, NULL, NULL) = -1 EAGAIN (Try again)
10805 1784443357.490751 recvfrom(43, 0x7fed4580f0, 3200, MSG_DONTWAIT, NULL, NULL) = -1 EAGAIN (Try again)
10805 1784443357.493920 socket(AF_UNIX, SOCK_DGRAM|SOCK_CLOEXEC|SOCK_NONBLOCK, 0) = 69
10805 1784443357.494180 setsockopt(69, SOL_SOCKET, SO_SNDBUF, [1048576], 4) = 0
10805 1784443357.494410 connect(69, {sa_family=AF_UNIX, sun_path="/dev/socket/statsdw"}, 110) = 0
10805 1784443357.499285 clone(child_stack=0x70099abd40, flags=CLONE_VM|CLONE_FS|CLONE_FILES|CLONE_SIGHAND|CLONE_THREAD|CLONE_SYSVSEM|CLONE_SETTLS|CLONE_PARENT_SETTID|CLONE_CHILD_CLEARTID, parent_tidptr=0x70099abd60, tls=0x70099ac020, child_tidptr=0x70099abd60) = 10911
10911 1784443357.502673 openat(AT_FDCWD, "/proc/10911/timerslack_ns", O_WRONLY|O_CREAT|O_TRUNC|O_NOFOLLOW|O_CLOEXEC, 0666) = 71
10827 1784443357.522007 recvfrom(41, 0x700c546eb0, 3200, MSG_DONTWAIT, NULL, NULL) = -1 EAGAIN (Try again)
10827 1784443357.523018 recvfrom(41, 0x700c546eb0, 3200, MSG_DONTWAIT, NULL, NULL) = -1 EAGAIN (Try again)
10827 1784443357.531263 recvfrom(41, "nysv\0\0\0\0\0\0\0\0\0\0\0\0000t\324\23\373\2\0\0n\373\2\0\0\0\0\0", 3200, MSG_DONTWAIT, NULL, NULL) = 32
10827 1784443357.531832 recvfrom(41,  <unfinished ...>
10911 1784443357.533805 exit(0 <unfinished ...>
10827 1784443357.533808 <... recvfrom resumed> 0x700c546c80, 3200, MSG_DONTWAIT, NULL, NULL) = -1 EAGAIN (Try again)
10911 1784443357.534046 <... exit resumed>) = ?
10911 1784443357.534628 +++ exited with 0 +++
10805 1784443357.540578 recvfrom(43, "nysv\0\0\0\0\0\0\0\0\0\0\0\0\3252\327\21\373\2\0\0l\373\2\0\0\0\0\0", 3200, MSG_DONTWAIT, NULL, NULL) = 32
10805 1784443357.540796 recvfrom(43, 0x7fed458190, 3200, MSG_DONTWAIT, NULL, NULL) = -1 EAGAIN (Try again)
10805 1784443357.542642 recvfrom(45, 0x709cbc6c20, 2272, MSG_DONTWAIT, NULL, NULL) = -1 EAGAIN (Try again)
10805 1784443357.543421 recvfrom(43, 0x7fed4580f0, 3200, MSG_DONTWAIT, NULL, NULL) = -1 EAGAIN (Try again)
10827 1784443357.546991 recvfrom(41, 0x700c546eb0, 3200, MSG_DONTWAIT, NULL, NULL) = -1 EAGAIN (Try again)
10827 1784443357.550534 recvfrom(41, "nysv\0\0\0\0\0\0\0\0\0\0\0\0p\367\322\24\373\2\0\0o\373\2\0\0\0\0\0", 3200, MSG_DONTWAIT, NULL, NULL) = 32
10827 1784443357.550851 recvfrom(41, 0x700c546eb0, 3200, MSG_DONTWAIT, NULL, NULL) = -1 EAGAIN (Try again)
10805 1784443357.552573 recvfrom(43, "nysv\0\0\0\0\0\0\0\0\0\0\0\0p\367\322\24\373\2\0\0o\373\2\0\0\0\0\0", 3200, MSG_DONTWAIT, NULL, NULL) = 32
10805 1784443357.552859 recvfrom(43, 0x7fed458190, 3200, MSG_DONTWAIT, NULL, NULL) = -1 EAGAIN (Try again)
10805 1784443357.553237 newfstatat(AT_FDCWD, "/system/framework/framework-res.apk", {st_mode=S_IFREG|0644, st_size=45992421, ...}, 0) = 0
10805 1784443357.553493 newfstatat(AT_FDCWD, "/product/overlay/GoogleConfigOverlay.apk", {st_mode=S_IFREG|0644, st_size=25070, ...}, 0) = 0
10805 1784443357.553825 newfstatat(AT_FDCWD, "/product/overlay/GoogleWebViewOverlay.apk", {st_mode=S_IFREG|0644, st_size=16815, ...}, 0) = 0
10805 1784443357.554045 newfstatat(AT_FDCWD, "/product/overlay/PixelConfigOverlayCommon.apk", {st_mode=S_IFREG|0644, st_size=52833, ...}, 0) = 0
10805 1784443357.554264 newfstatat(AT_FDCWD, "/product/overlay/EmulatorConfigOverlay.apk", {st_mode=S_IFREG|0644, st_size=16734, ...}, 0) = 0
10805 1784443357.554494 newfstatat(AT_FDCWD, "/data/app/cityfreqs.com.pilfershushjammer-F7HXDZDwRXKvHY57NpyVPQ==/base.apk", {st_mode=S_IFREG|0644, st_size=3655765, ...}, 0) = 0
10805 1784443357.560003 clone(child_stack=0x70099abd40, flags=CLONE_VM|CLONE_FS|CLONE_FILES|CLONE_SIGHAND|CLONE_THREAD|CLONE_SYSVSEM|CLONE_SETTLS|CLONE_PARENT_SETTID|CLONE_CHILD_CLEARTID, parent_tidptr=0x70099abd60, tls=0x70099ac020, child_tidptr=0x70099abd60) = 10912
10912 1784443357.567202 clone(child_stack=0x7009872d40, flags=CLONE_VM|CLONE_FS|CLONE_FILES|CLONE_SIGHAND|CLONE_THREAD|CLONE_SYSVSEM|CLONE_SETTLS|CLONE_PARENT_SETTID|CLONE_CHILD_CLEARTID, parent_tidptr=0x7009872d60, tls=0x7009873020, child_tidptr=0x7009872d60) = 10913
10913 1784443357.568074 openat(AT_FDCWD, "/proc/10913/timerslack_ns", O_WRONLY|O_CREAT|O_TRUNC|O_NOFOLLOW|O_CLOEXEC, 0666) = 74
10805 1784443357.573479 clone(child_stack=0x7009775d40, flags=CLONE_VM|CLONE_FS|CLONE_FILES|CLONE_SIGHAND|CLONE_THREAD|CLONE_SYSVSEM|CLONE_SETTLS|CLONE_PARENT_SETTID|CLONE_CHILD_CLEARTID, parent_tidptr=0x7009775d60, tls=0x7009776020, child_tidptr=0x7009775d60) = 10914
10805 1784443357.577826 recvfrom(43, 0x7fed457580, 3200, MSG_DONTWAIT, NULL, NULL) = -1 EAGAIN (Try again)
10827 1784443357.603704 recvfrom(41, "nysv\0\0\0\0\0\0\0\0\0\0\0\0 \222\321\25\373\2\0\0p\373\2\0\0\0\0\0", 3200, MSG_DONTWAIT, NULL, NULL) = 32
10827 1784443357.603886 recvfrom(41, 0x700c546eb0, 3200, MSG_DONTWAIT, NULL, NULL) = -1 EAGAIN (Try again)
10805 1784443357.606016 recvfrom(43, "nysv\0\0\0\0\0\0\0\0\0\0\0\0\204,\320\26\373\2\0\0q\373\2\0\0\0\0\0", 3200, MSG_DONTWAIT, NULL, NULL) = 32
10805 1784443357.606314 recvfrom(43, 0x7fed458190, 3200, MSG_DONTWAIT, NULL, NULL) = -1 EAGAIN (Try again)
10857 1784443357.613713 sendmsg(70, {msg_name=NULL, msg_namelen=0, msg_iov=[{iov_base="l\1\1\1\374\0\0\0N\0\0\0\235\0\0\0\1\1o\0;\0\0\0/re/frid"..., iov_len=428}], msg_iovlen=1, msg_controllen=0, msg_flags=0}, MSG_NOSIGNAL) = 428
10857 1784443357.626367 sendmsg(70, {msg_name=NULL, msg_namelen=0, msg_iov=[{iov_base="l\1\1\1\0\1\0\0O\0\0\0\235\0\0\0\1\1o\0;\0\0\0/re/frid"..., iov_len=432}], msg_iovlen=1, msg_controllen=0, msg_flags=0}, MSG_NOSIGNAL) = 432
10827 1784443357.633057 recvfrom(41, "nysv\0\0\0\0\0\0\0\0\0\0\0\0o*\315\30\373\2\0\0s\373\2\0\0\0\0\0", 3200, MSG_DONTWAIT, NULL, NULL) = 32
10827 1784443357.633217 recvfrom(41, 0x700c546eb0, 3200, MSG_DONTWAIT, NULL, NULL) = -1 EAGAIN (Try again)
10827 1784443357.634077 recvfrom(41, 0x700c546eb0, 3200, MSG_DONTWAIT, NULL, NULL) = -1 EAGAIN (Try again)
10805 1784443357.637861 recvfrom(45, 0x709cbc6c20, 2272, MSG_DONTWAIT, NULL, NULL) = -1 EAGAIN (Try again)
10805 1784443357.638009 recvfrom(79, 0x700746d820, 2272, MSG_DONTWAIT, NULL, NULL) = -1 EAGAIN (Try again)
10805 1784443357.638167 recvfrom(43, 0x7fed4580f0, 3200, MSG_DONTWAIT, NULL, NULL) = -1 EAGAIN (Try again)
10827 1784443357.652681 recvfrom(41, "nysv\0\0\0\0\0\0\0\0\0\0\0\0\206\317\311\32\373\2\0\0u\373\2\0\0\0\0\0", 3200, MSG_DONTWAIT, NULL, NULL) = 32
10827 1784443357.652850 recvfrom(41, 0x700c546eb0, 3200, MSG_DONTWAIT, NULL, NULL) = -1 EAGAIN (Try again)
10827 1784443357.672025 recvfrom(41, "nysv\0\0\0\0\0\0\0\0\0\0\0\0\227a\310\33\373\2\0\0v\373\2\0\0\0\0\0", 3200, MSG_DONTWAIT, NULL, NULL) = 32
10827 1784443357.672188 recvfrom(41, 0x700c546eb0, 3200, MSG_DONTWAIT, NULL, NULL) = -1 EAGAIN (Try again)
10827 1784443357.695461 recvfrom(41, "nysv\0\0\0\0\0\0\0\0\0\0\0\0M\354\306\34\373\2\0\0w\373\2\0\0\0\0\0", 3200, MSG_DONTWAIT, NULL, NULL) = 32
10827 1784443357.695633 recvfrom(41, 0x700c546eb0, 3200, MSG_DONTWAIT, NULL, NULL) = -1 EAGAIN (Try again)
10827 1784443357.726443 recvfrom(41, "nysv\0\0\0\0\0\0\0\0\0\0\0\0\7K\305\35\373\2\0\0x\373\2\0\0\0\0\0", 3200, MSG_DONTWAIT, NULL, NULL) = 32
10827 1784443357.726628 recvfrom(41, 0x700c546eb0, 3200, MSG_DONTWAIT, NULL, NULL) = -1 EAGAIN (Try again)
10805 1784443357.727990 recvfrom(43, "nysv\0\0\0\0\0\0\0\0\0\0\0\0\206\317\311\32\373\2\0\0u\373\2\0\0\0\0\0", 3200, MSG_DONTWAIT, NULL, NULL) = 32
10805 1784443357.728200 recvfrom(43, 0x7fed458190, 3200, MSG_DONTWAIT, NULL, NULL) = -1 EAGAIN (Try again)
10827 1784443357.743176 recvfrom(41, "nysv\0\0\0\0\0\0\0\0\0\0\0\0n4\302\37\373\2\0\0z\373\2\0\0\0\0\0", 3200, MSG_DONTWAIT, NULL, NULL) = 32
10827 1784443357.743351 recvfrom(41, 0x700c546eb0, 3200, MSG_DONTWAIT, NULL, NULL) = -1 EAGAIN (Try again)
10805 1784443357.745802 recvfrom(43, 0x7fed4574f0, 3200, MSG_DONTWAIT, NULL, NULL) = -1 EAGAIN (Try again)
10827 1784443357.758947 recvfrom(41, "nysv\0\0\0\0\0\0\0\0\0\0\0\0\244\312\300 \373\2\0\0{\373\2\0\0\0\0\0", 3200, MSG_DONTWAIT, NULL, NULL) = 32
10827 1784443357.759118 recvfrom(41, 0x700c546eb0, 3200, MSG_DONTWAIT, NULL, NULL) = -1 EAGAIN (Try again)
10805 1784443357.761010 recvfrom(43, "nysv\0\0\0\0\0\0\0\0\0\0\0\0\244\312\300 \373\2\0\0{\373\2\0\0\0\0\0", 3200, MSG_DONTWAIT, NULL, NULL) = 32
10805 1784443357.761235 recvfrom(43, 0x7fed458190, 3200, MSG_DONTWAIT, NULL, NULL) = -1 EAGAIN (Try again)
10805 1784443357.765218 recvfrom(45, 0x709cbc6c20, 2272, MSG_DONTWAIT, NULL, NULL) = -1 EAGAIN (Try again)
10805 1784443357.768492 recvfrom(79, 0x700746d820, 2272, MSG_DONTWAIT, NULL, NULL) = -1 EAGAIN (Try again)
10805 1784443357.768854 recvfrom(43, 0x7fed4580f0, 3200, MSG_DONTWAIT, NULL, NULL) = -1 EAGAIN (Try again)
10827 1784443357.776232 recvfrom(41, "nysv\0\0\0\0\0\0\0\0\0\0\0\0)\245\277!\373\2\0\0|\373\2\0\0\0\0\0", 3200, MSG_DONTWAIT, NULL, NULL) = 32
10827 1784443357.776400 recvfrom(41, 0x700c546eb0, 3200, MSG_DONTWAIT, NULL, NULL) = -1 EAGAIN (Try again)
10805 1784443357.781410 recvfrom(43, "nysv\0\0\0\0\0\0\0\0\0\0\0\0\3679\276\"\373\2\0\0}\373\2\0\0\0\0\0", 3200, MSG_DONTWAIT, NULL, NULL) = 32
10805 1784443357.783369 recvfrom(43, 0x7fed458190, 3200, MSG_DONTWAIT, NULL, NULL) = -1 EAGAIN (Try again)
10805 1784443357.784514 recvfrom(43, 0x7fed4580f0, 3200, MSG_DONTWAIT, NULL, NULL) = -1 EAGAIN (Try again)
10827 1784443357.789961 recvfrom(41, "nysv\0\0\0\0\0\0\0\0\0\0\0\0\3679\276\"\373\2\0\0}\373\2\0\0\0\0\0", 3200, MSG_DONTWAIT, NULL, NULL) = 32
10827 1784443357.790105 recvfrom(41, 0x700c546eb0, 3200, MSG_DONTWAIT, NULL, NULL) = -1 EAGAIN (Try again)
10805 1784443357.798737 recvfrom(43, "nysv\0\0\0\0\0\0\0\0\0\0\0\0\v\316\274#\373\2\0\0~\373\2\0\0\0\0\0", 3200, MSG_DONTWAIT, NULL, NULL) = 32
10805 1784443357.799078 recvfrom(43, 0x7fed458190, 3200, MSG_DONTWAIT, NULL, NULL) = -1 EAGAIN (Try again)
10805 1784443357.802307 recvfrom(43, 0x7fed4580f0, 3200, MSG_DONTWAIT, NULL, NULL) = -1 EAGAIN (Try again)
10827 1784443357.804389 recvfrom(41, "nysv\0\0\0\0\0\0\0\0\0\0\0\0\v\316\274#\373\2\0\0~\373\2\0\0\0\0\0", 3200, MSG_DONTWAIT, NULL, NULL) = 32
10827 1784443357.804572 recvfrom(41, 0x700c546eb0, 3200, MSG_DONTWAIT, NULL, NULL) = -1 EAGAIN (Try again)
10805 1784443357.815105 recvfrom(43, "nysv\0\0\0\0\0\0\0\0\0\0\0\0005\36\273$\373\2\0\0\177\373\2\0\0\0\0\0", 3200, MSG_DONTWAIT, NULL, NULL) = 32
10805 1784443357.815395 recvfrom(43, 0x7fed458190, 3200, MSG_DONTWAIT, NULL, NULL) = -1 EAGAIN (Try again)
10805 1784443357.817471 recvfrom(43, 0x7fed4580f0, 3200, MSG_DONTWAIT, NULL, NULL) = -1 EAGAIN (Try again)
10827 1784443357.820013 recvfrom(41, "nysv\0\0\0\0\0\0\0\0\0\0\0\0005\36\273$\373\2\0\0\177\373\2\0\0\0\0\0", 3200, MSG_DONTWAIT, NULL, NULL) = 32
10827 1784443357.820289 recvfrom(41, 0x700c546eb0, 3200, MSG_DONTWAIT, NULL, NULL) = -1 EAGAIN (Try again)
10805 1784443357.831901 recvfrom(43, "nysv\0\0\0\0\0\0\0\0\0\0\0\0_n\271%\373\2\0\0\200\373\2\0\0\0\0\0", 3200, MSG_DONTWAIT, NULL, NULL) = 32
10805 1784443357.832204 recvfrom(43, 0x7fed458190, 3200, MSG_DONTWAIT, NULL, NULL) = -1 EAGAIN (Try again)
10805 1784443357.835762 recvfrom(43, 0x7fed4580f0, 3200, MSG_DONTWAIT, NULL, NULL) = -1 EAGAIN (Try again)
10827 1784443357.837115 recvfrom(41, "nysv\0\0\0\0\0\0\0\0\0\0\0\0_n\271%\373\2\0\0\200\373\2\0\0\0\0\0", 3200, MSG_DONTWAIT, NULL, NULL) = 32
10827 1784443357.837378 recvfrom(41, 0x700c546eb0, 3200, MSG_DONTWAIT, NULL, NULL) = -1 EAGAIN (Try again)
10805 1784443357.848539 recvfrom(43, "nysv\0\0\0\0\0\0\0\0\0\0\0\0\231\344\267&\373\2\0\0\201\373\2\0\0\0\0\0", 3200, MSG_DONTWAIT, NULL, NULL) = 32
10805 1784443357.848771 recvfrom(43, 0x7fed458190, 3200, MSG_DONTWAIT, NULL, NULL) = -1 EAGAIN (Try again)
10805 1784443357.849292 recvfrom(43, 0x7fed4580f0, 3200, MSG_DONTWAIT, NULL, NULL) = -1 EAGAIN (Try again)
10827 1784443357.854084 recvfrom(41, "nysv\0\0\0\0\0\0\0\0\0\0\0\0\231\344\267&\373\2\0\0\201\373\2\0\0\0\0\0", 3200, MSG_DONTWAIT, NULL, NULL) = 32
10827 1784443357.854333 recvfrom(41, 0x700c546eb0, 3200, MSG_DONTWAIT, NULL, NULL) = -1 EAGAIN (Try again)
10805 1784443357.865203 recvfrom(43, "nysv\0\0\0\0\0\0\0\0\0\0\0\0m\\\266'\373\2\0\0\202\373\2\0\0\0\0\0", 3200, MSG_DONTWAIT, NULL, NULL) = 32
10805 1784443357.865768 recvfrom(43, 0x7fed458190, 3200, MSG_DONTWAIT, NULL, NULL) = -1 EAGAIN (Try again)
10827 1784443357.870837 recvfrom(41, "nysv\0\0\0\0\0\0\0\0\0\0\0\0m\\\266'\373\2\0\0\202\373\2\0\0\0\0\0", 3200, MSG_DONTWAIT, NULL, NULL) = 32
10827 1784443357.870977 recvfrom(41, 0x700c546eb0, 3200, MSG_DONTWAIT, NULL, NULL) = -1 EAGAIN (Try again)
10827 1784443357.885434 recvfrom(41, "nysv\0\0\0\0\0\0\0\0\0\0\0\0)\347\264(\373\2\0\0\203\373\2\0\0\0\0\0", 3200, MSG_DONTWAIT, NULL, NULL) = 32
10827 1784443357.885694 recvfrom(41, 0x700c546c80, 3200, MSG_DONTWAIT, NULL, NULL) = -1 EAGAIN (Try again)
10805 1784443358.280857 recvfrom(43, 0x7fed457e60, 3200, MSG_DONTWAIT, NULL, NULL) = -1 EAGAIN (Try again)
10805 1784443358.297963 recvfrom(43, "nysv\0\0\0\0\0\0\0\0\0\0\0\0&\241\212A\373\2\0\0\234\373\2\0\0\0\0\0", 3200, MSG_DONTWAIT, NULL, NULL) = 32
10805 1784443358.298163 recvfrom(43, 0x7fed458190, 3200, MSG_DONTWAIT, NULL, NULL) = -1 EAGAIN (Try again)
10805 1784443358.298518 recvfrom(45, 0x709cbc6c20, 2272, MSG_DONTWAIT, NULL, NULL) = -1 EAGAIN (Try again)
10805 1784443358.299542 recvfrom(43, 0x7fed456d00, 3200, MSG_DONTWAIT, NULL, NULL) = -1 EAGAIN (Try again)
10805 1784443358.316114 recvfrom(43, "nysv\0\0\0\0\0\0\0\0\0\0\0\0\32\v\211B\373\2\0\0\235\373\2\0\0\0\0\0", 3200, MSG_DONTWAIT, NULL, NULL) = 32
10805 1784443358.316526 recvfrom(43, 0x7fed458190, 3200, MSG_DONTWAIT, NULL, NULL) = -1 EAGAIN (Try again)
10805 1784443358.317257 recvfrom(45, 0x709cbc6c20, 2272, MSG_DONTWAIT, NULL, NULL) = -1 EAGAIN (Try again)
10805 1784443358.320182 recvfrom(43, 0x7fed456d00, 3200, MSG_DONTWAIT, NULL, NULL) = -1 EAGAIN (Try again)
10805 1784443358.331274 recvfrom(43, "nysv\0\0\0\0\0\0\0\0\0\0\0\0!\216\207C\373\2\0\0\236\373\2\0\0\0\0\0", 3200, MSG_DONTWAIT, NULL, NULL) = 32
10805 1784443358.331554 recvfrom(43, 0x7fed458190, 3200, MSG_DONTWAIT, NULL, NULL) = -1 EAGAIN (Try again)
10805 1784443358.332177 recvfrom(45, 0x709cbc6c20, 2272, MSG_DONTWAIT, NULL, NULL) = -1 EAGAIN (Try again)
10805 1784443358.332951 recvfrom(43, 0x7fed456d00, 3200, MSG_DONTWAIT, NULL, NULL) = -1 EAGAIN (Try again)
10805 1784443358.348158 recvfrom(43, "nysv\0\0\0\0\0\0\0\0\0\0\0\0\311\16\206D\373\2\0\0\237\373\2\0\0\0\0\0", 3200, MSG_DONTWAIT, NULL, NULL) = 32
10805 1784443358.348471 recvfrom(43, 0x7fed458190, 3200, MSG_DONTWAIT, NULL, NULL) = -1 EAGAIN (Try again)
10805 1784443358.348886 recvfrom(45, 0x709cbc6c20, 2272, MSG_DONTWAIT, NULL, NULL) = -1 EAGAIN (Try again)
10805 1784443358.351950 recvfrom(43, 0x7fed456d00, 3200, MSG_DONTWAIT, NULL, NULL) = -1 EAGAIN (Try again)
10805 1784443358.365789 recvfrom(43, "nysv\0\0\0\0\0\0\0\0\0\0\0\0!e\204E\373\2\0\0\240\373\2\0\0\0\0\0", 3200, MSG_DONTWAIT, NULL, NULL) = 32
10805 1784443358.366002 recvfrom(43, 0x7fed458190, 3200, MSG_DONTWAIT, NULL, NULL) = -1 EAGAIN (Try again)
10805 1784443358.368125 recvfrom(45, 0x709cbc6c20, 2272, MSG_DONTWAIT, NULL, NULL) = -1 EAGAIN (Try again)
10805 1784443358.369139 recvfrom(43, 0x7fed456d00, 3200, MSG_DONTWAIT, NULL, NULL) = -1 EAGAIN (Try again)
10805 1784443358.381201 recvfrom(43, "nysv\0\0\0\0\0\0\0\0\0\0\0\0 \364\202F\373\2\0\0\241\373\2\0\0\0\0\0", 3200, MSG_DONTWAIT, NULL, NULL) = 32
10805 1784443358.381692 recvfrom(43, 0x7fed458190, 3200, MSG_DONTWAIT, NULL, NULL) = -1 EAGAIN (Try again)
10805 1784443358.383818 recvfrom(45, 0x709cbc6c20, 2272, MSG_DONTWAIT, NULL, NULL) = -1 EAGAIN (Try again)
10805 1784443358.385652 recvfrom(43, 0x7fed456d00, 3200, MSG_DONTWAIT, NULL, NULL) = -1 EAGAIN (Try again)
10805 1784443358.398077 recvfrom(43, "nysv\0\0\0\0\0\0\0\0\0\0\0\0f\202\201G\373\2\0\0\242\373\2\0\0\0\0\0", 3200, MSG_DONTWAIT, NULL, NULL) = 32
10805 1784443358.398353 recvfrom(43, 0x7fed458190, 3200, MSG_DONTWAIT, NULL, NULL) = -1 EAGAIN (Try again)
10805 1784443358.398741 recvfrom(45, 0x709cbc6c20, 2272, MSG_DONTWAIT, NULL, NULL) = -1 EAGAIN (Try again)
10805 1784443358.402342 recvfrom(43, 0x7fed456d00, 3200, MSG_DONTWAIT, NULL, NULL) = -1 EAGAIN (Try again)
10805 1784443358.414685 recvfrom(43, "nysv\0\0\0\0\0\0\0\0\0\0\0\0\256\17\200H\373\2\0\0\243\373\2\0\0\0\0\0", 3200, MSG_DONTWAIT, NULL, NULL) = 32
10805 1784443358.415033 recvfrom(43, 0x7fed458190, 3200, MSG_DONTWAIT, NULL, NULL) = -1 EAGAIN (Try again)
10805 1784443358.415406 recvfrom(45, 0x709cbc6c20, 2272, MSG_DONTWAIT, NULL, NULL) = -1 EAGAIN (Try again)
10805 1784443358.418424 recvfrom(43, 0x7fed456d00, 3200, MSG_DONTWAIT, NULL, NULL) = -1 EAGAIN (Try again)
10805 1784443358.431578 recvfrom(43, "nysv\0\0\0\0\0\0\0\0\0\0\0\0\3\325~I\373\2\0\0\244\373\2\0\0\0\0\0", 3200, MSG_DONTWAIT, NULL, NULL) = 32
10805 1784443358.431944 recvfrom(43, 0x7fed458190, 3200, MSG_DONTWAIT, NULL, NULL) = -1 EAGAIN (Try again)
10805 1784443358.432782 recvfrom(45, 0x709cbc6c20, 2272, MSG_DONTWAIT, NULL, NULL) = -1 EAGAIN (Try again)
10805 1784443358.435075 recvfrom(43, 0x7fed456d00, 3200, MSG_DONTWAIT, NULL, NULL) = -1 EAGAIN (Try again)
10805 1784443358.448615 recvfrom(43, "nysv\0\0\0\0\0\0\0\0\0\0\0\00011}J\373\2\0\0\245\373\2\0\0\0\0\0", 3200, MSG_DONTWAIT, NULL, NULL) = 32
10805 1784443358.449050 recvfrom(43, 0x7fed458190, 3200, MSG_DONTWAIT, NULL, NULL) = -1 EAGAIN (Try again)
10805 1784443358.449624 recvfrom(45, 0x709cbc6c20, 2272, MSG_DONTWAIT, NULL, NULL) = -1 EAGAIN (Try again)
10805 1784443358.452548 recvfrom(43, 0x7fed456d00, 3200, MSG_DONTWAIT, NULL, NULL) = -1 EAGAIN (Try again)
10805 1784443358.466062 recvfrom(43, "nysv\0\0\0\0\0\0\0\0\0\0\0\0R|{K\373\2\0\0\246\373\2\0\0\0\0\0", 3200, MSG_DONTWAIT, NULL, NULL) = 32
10805 1784443358.466422 recvfrom(43, 0x7fed458190, 3200, MSG_DONTWAIT, NULL, NULL) = -1 EAGAIN (Try again)
10805 1784443358.466883 recvfrom(45, 0x709cbc6c20, 2272, MSG_DONTWAIT, NULL, NULL) = -1 EAGAIN (Try again)
10805 1784443358.468998 recvfrom(43, 0x7fed456d00, 3200, MSG_DONTWAIT, NULL, NULL) = -1 EAGAIN (Try again)
10805 1784443358.481619 recvfrom(43, "nysv\0\0\0\0\0\0\0\0\0\0\0\0\320\366yL\373\2\0\0\247\373\2\0\0\0\0\0", 3200, MSG_DONTWAIT, NULL, NULL) = 32
10805 1784443358.482056 recvfrom(43, 0x7fed458190, 3200, MSG_DONTWAIT, NULL, NULL) = -1 EAGAIN (Try again)
10805 1784443358.484182 recvfrom(45, 0x709cbc6c20, 2272, MSG_DONTWAIT, NULL, NULL) = -1 EAGAIN (Try again)
10805 1784443358.485259 recvfrom(43, 0x7fed456d00, 3200, MSG_DONTWAIT, NULL, NULL) = -1 EAGAIN (Try again)
10805 1784443358.499456 recvfrom(43, "nysv\0\0\0\0\0\0\0\0\0\0\0\0]=xM\373\2\0\0\250\373\2\0\0\0\0\0", 3200, MSG_DONTWAIT, NULL, NULL) = 32
10805 1784443358.499741 recvfrom(43, 0x7fed458190, 3200, MSG_DONTWAIT, NULL, NULL) = -1 EAGAIN (Try again)
10805 1784443358.502190 recvfrom(45, 0x709cbc6c20, 2272, MSG_DONTWAIT, NULL, NULL) = -1 EAGAIN (Try again)
10805 1784443358.503026 recvfrom(43, 0x7fed456d00, 3200, MSG_DONTWAIT, NULL, NULL) = -1 EAGAIN (Try again)
10805 1784443358.515966 recvfrom(43, "nysv\0\0\0\0\0\0\0\0\0\0\0\0`pvN\373\2\0\0\251\373\2\0\0\0\0\0", 3200, MSG_DONTWAIT, NULL, NULL) = 32
10805 1784443358.516296 recvfrom(43, 0x7fed458190, 3200, MSG_DONTWAIT, NULL, NULL) = -1 EAGAIN (Try again)
10805 1784443358.516794 recvfrom(45, 0x709cbc6c20, 2272, MSG_DONTWAIT, NULL, NULL) = -1 EAGAIN (Try again)
10805 1784443358.518777 recvfrom(43, 0x7fed456d00, 3200, MSG_DONTWAIT, NULL, NULL) = -1 EAGAIN (Try again)
10805 1784443358.534604 recvfrom(43, "nysv\0\0\0\0\0\0\0\0\0\0\0\0\16`tO\373\2\0\0\252\373\2\0\0\0\0\0", 3200, MSG_DONTWAIT, NULL, NULL) = 32
10805 1784443358.534794 recvfrom(43, 0x7fed458190, 3200, MSG_DONTWAIT, NULL, NULL) = -1 EAGAIN (Try again)
10805 1784443358.538296 recvfrom(45, 0x709cbc6c20, 2272, MSG_DONTWAIT, NULL, NULL) = -1 EAGAIN (Try again)
10805 1784443358.538734 recvfrom(43, 0x7fed456d00, 3200, MSG_DONTWAIT, NULL, NULL) = -1 EAGAIN (Try again)
10805 1784443358.548760 recvfrom(43, "nysv\0\0\0\0\0\0\0\0\0\0\0\08\260rP\373\2\0\0\253\373\2\0\0\0\0\0", 3200, MSG_DONTWAIT, NULL, NULL) = 32
10805 1784443358.549132 recvfrom(43, 0x7fed458190, 3200, MSG_DONTWAIT, NULL, NULL) = -1 EAGAIN (Try again)
10805 1784443358.551238 recvfrom(45, 0x709cbc6c20, 2272, MSG_DONTWAIT, NULL, NULL) = -1 EAGAIN (Try again)
10805 1784443359.573136 recvfrom(43, 0x7fed457cb0, 3200, MSG_DONTWAIT, NULL, NULL) = -1 EAGAIN (Try again)
10805 1784443359.582773 recvfrom(43, "nysv\0\0\0\0\0\0\0\0\0\0\0\0\221\372\4\216\373\2\0\0\351\373\2\0\0\0\0\0", 3200, MSG_DONTWAIT, NULL, NULL) = 32
10805 1784443359.583312 recvfrom(43, 0x7fed458190, 3200, MSG_DONTWAIT, NULL, NULL) = -1 EAGAIN (Try again)
10856 1784443360.271122 exit(0)         = ?
10856 1784443360.271697 +++ exited with 0 +++
10854 1784443360.319321 faccessat(AT_FDCWD, "/proc/self/task/10856", F_OK) = -1 ENOENT (No such file or directory)
10805 1784443385.521551 recvfrom(45, "\2\0\0\0\0\0\0\0\253\17\0\0\0\0\0\0\200\265\36\230\1\3\0\0\1\0\0\0\2\20\0\0"..., 2272, MSG_DONTWAIT, NULL, NULL) = 232
10805 1784443385.522061 sendto(45, "\3\0\0\0\0\0\0\0\253\17\0\0\1\0\0\0", 16, MSG_DONTWAIT|MSG_NOSIGNAL, NULL, 0) = 16
10805 1784443385.522346 recvfrom(45, 0x709cbc6c20, 2272, MSG_DONTWAIT, NULL, NULL) = -1 EAGAIN (Try again)
10805 1784443385.522872 recvfrom(45, "\2\0\0\0\0\0\0\0\255\17\0\0\0\0\0\0\200\265\36\230\1\3\0\0\1\0\0\0\2\20\0\0"..., 2272, MSG_DONTWAIT, NULL, NULL) = 232
10805 1784443385.523083 recvfrom(43, 0x7fed454ec0, 3200, MSG_DONTWAIT, NULL, NULL) = -1 EAGAIN (Try again)
10857 1784443385.528823 sendmsg(70, {msg_name=NULL, msg_namelen=0, msg_iov=[{iov_base="l\1\1\1\374\0\0\0P\0\0\0\235\0\0\0\1\1o\0;\0\0\0/re/frid"..., iov_len=428}], msg_iovlen=1, msg_controllen=0, msg_flags=0}, MSG_NOSIGNAL) = 428
10805 1784443385.536133 sendto(45, "\3\0\0\0\0\0\0\0\255\17\0\0\1\0\0\0", 16, MSG_DONTWAIT|MSG_NOSIGNAL, NULL, 0) = 16
10857 1784443385.536413 sendmsg(70, {msg_name=NULL, msg_namelen=0, msg_iov=[{iov_base="l\1\1\1\0\1\0\0Q\0\0\0\235\0\0\0\1\1o\0;\0\0\0/re/frid"..., iov_len=432}], msg_iovlen=1, msg_controllen=0, msg_flags=0}, MSG_NOSIGNAL) = 432
10805 1784443385.536629 recvfrom(45, 0x709cbc6c20, 2272, MSG_DONTWAIT, NULL, NULL) = -1 EAGAIN (Try again)
10805 1784443385.537550 recvfrom(43, "nysv\0\0\0\0\0\0\0\0\0\0\0\0\273g\301\230\1\3\0\0\374\1\3\0\0\0\0\0", 3200, MSG_DONTWAIT, NULL, NULL) = 32
10805 1784443385.537775 recvfrom(43, 0x7fed458190, 3200, MSG_DONTWAIT, NULL, NULL) = -1 EAGAIN (Try again)
10805 1784443385.538031 recvfrom(45, 0x709cbc6c20, 2272, MSG_DONTWAIT, NULL, NULL) = -1 EAGAIN (Try again)
10805 1784443385.538175 recvfrom(43, 0x7fed4580f0, 3200, MSG_DONTWAIT, NULL, NULL) = -1 EAGAIN (Try again)
10857 1784443385.544111 sendmsg(70, {msg_name=NULL, msg_namelen=0, msg_iov=[{iov_base="l\1\1\1\354\0\0\0R\0\0\0\235\0\0\0\1\1o\0;\0\0\0/re/frid"..., iov_len=412}], msg_iovlen=1, msg_controllen=0, msg_flags=0}, MSG_NOSIGNAL) = 412
10805 1784443385.545198 clone(child_stack=0x700960cd40, flags=CLONE_VM|CLONE_FS|CLONE_FILES|CLONE_SIGHAND|CLONE_THREAD|CLONE_SYSVSEM|CLONE_SETTLS|CLONE_PARENT_SETTID|CLONE_CHILD_CLEARTID, parent_tidptr=0x700960cd60, tls=0x700960d020, child_tidptr=0x700960cd60) = 10964
10964 1784443385.546122 openat(AT_FDCWD, "/proc/10964/timerslack_ns", O_WRONLY|O_CREAT|O_TRUNC|O_NOFOLLOW|O_CLOEXEC, 0666) = 78
10964 1784443385.554497 exit(0)         = ?
10964 1784443385.554509 +++ exited with 0 +++
10827 1784443385.554788 recvfrom(41, 0x700c546eb0, 3200, MSG_DONTWAIT, NULL, NULL) = -1 EAGAIN (Try again)
10827 1784443385.558275 recvfrom(41, 0x700c546eb0, 3200, MSG_DONTWAIT, NULL, NULL) = -1 EAGAIN (Try again)
10827 1784443385.564139 recvfrom(41, "nysv\0\0\0\0\0\0\0\0\0\0\0\0\233\245\276\232\1\3\0\0\376\1\3\0\0\0\0\0", 3200, MSG_DONTWAIT, NULL, NULL) = 32
10827 1784443385.564677 recvfrom(41, 0x700c546c80, 3200, MSG_DONTWAIT, NULL, NULL) = -1 EAGAIN (Try again)
10805 1784443385.565717 clone(child_stack=0x70095dcd40, flags=CLONE_VM|CLONE_FS|CLONE_FILES|CLONE_SIGHAND|CLONE_THREAD|CLONE_SYSVSEM|CLONE_SETTLS|CLONE_PARENT_SETTID|CLONE_CHILD_CLEARTID, parent_tidptr=0x70095dcd60, tls=0x70095dd020, child_tidptr=0x70095dcd60) = 10968
10968 1784443385.570237 openat(AT_FDCWD, "/proc/10968/timerslack_ns", O_WRONLY|O_CREAT|O_TRUNC|O_NOFOLLOW|O_CLOEXEC, 0666) = 73
10827 1784443385.585771 recvfrom(41, "nysv\0\0\0\0\0\0\0\0\0\0\0\0\tB\275\233\1\3\0\0\377\1\3\0\0\0\0\0", 3200, MSG_DONTWAIT, NULL, NULL) = 32
10827 1784443385.586065 recvfrom(41, 0x700c546eb0, 3200, MSG_DONTWAIT, NULL, NULL) = -1 EAGAIN (Try again)
10827 1784443385.602649 recvfrom(41, "nysv\0\0\0\0\0\0\0\0\0\0\0\0\244\323\273\234\1\3\0\0\0\2\3\0\200\0\0\0", 3200, MSG_DONTWAIT, NULL, NULL) = 32
10827 1784443385.602977 recvfrom(41, 0x700c546eb0, 3200, MSG_DONTWAIT, NULL, NULL) = -1 EAGAIN (Try again)
10968 1784443385.604365 exit(0)         = ?
10968 1784443385.604933 +++ exited with 0 +++
10805 1784443385.608905 recvfrom(43, "nysv\0\0\0\0\0\0\0\0\0\0\0\0005\5\300\231\1\3\0\0\375\1\3\0\0\0\0\0", 3200, MSG_DONTWAIT, NULL, NULL) = 32
10805 1784443385.609123 recvfrom(43, 0x7fed458190, 3200, MSG_DONTWAIT, NULL, NULL) = -1 EAGAIN (Try again)
10805 1784443385.610447 recvfrom(45, 0x709cbc6c20, 2272, MSG_DONTWAIT, NULL, NULL) = -1 EAGAIN (Try again)
10805 1784443385.610747 recvfrom(43, 0x7fed4580f0, 3200, MSG_DONTWAIT, NULL, NULL) = -1 EAGAIN (Try again)
10827 1784443385.616881 recvfrom(41, "nysv\0\0\0\0\0\0\0\0\0\0\0\0007G\272\235\1\3\0\0\1\2\3\0\0\0\0\0", 3200, MSG_DONTWAIT, NULL, NULL) = 32
10827 1784443385.617151 recvfrom(41, 0x700c546eb0, 3200, MSG_DONTWAIT, NULL, NULL) = -1 EAGAIN (Try again)
10805 1784443385.620516 recvfrom(43, "nysv\0\0\0\0\0\0\0\0\0\0\0\0007G\272\235\1\3\0\0\1\2\3\0\0\0\0\0", 3200, MSG_DONTWAIT, NULL, NULL) = 32
10805 1784443385.620904 recvfrom(43, 0x7fed458190, 3200, MSG_DONTWAIT, NULL, NULL) = -1 EAGAIN (Try again)
10827 1784443385.632296 recvfrom(41, "nysv\0\0\0\0\0\0\0\0\0\0\0\0Y\343\270\236\1\3\0\0\2\2\3\0\0\0\0\0", 3200, MSG_DONTWAIT, NULL, NULL) = 32
10827 1784443385.632913 recvfrom(41,  <unfinished ...>
10857 1784443385.633148 sendmsg(70, {msg_name=NULL, msg_namelen=0, msg_iov=[{iov_base="l\1\1\1\374\0\0\0S\0\0\0\235\0\0\0\1\1o\0;\0\0\0/re/frid"..., iov_len=428}], msg_iovlen=1, msg_controllen=0, msg_flags=0}, MSG_NOSIGNAL) = 428
10827 1784443385.633699 <... recvfrom resumed> 0x700c546eb0, 3200, MSG_DONTWAIT, NULL, NULL) = -1 EAGAIN (Try again)
10827 1784443385.635433 recvfrom(41, 0x700c546eb0, 3200, MSG_DONTWAIT, NULL, NULL) = -1 EAGAIN (Try again)
10857 1784443385.640564 sendmsg(70, {msg_name=NULL, msg_namelen=0, msg_iov=[{iov_base="l\1\1\1\0\1\0\0T\0\0\0\235\0\0\0\1\1o\0;\0\0\0/re/frid"..., iov_len=432}], msg_iovlen=1, msg_controllen=0, msg_flags=0}, MSG_NOSIGNAL) = 432
10805 1784443385.643333 newfstatat(AT_FDCWD, "/system/framework/framework-res.apk", {st_mode=S_IFREG|0644, st_size=45992421, ...}, 0) = 0
10805 1784443385.643519 newfstatat(AT_FDCWD, "/product/overlay/GoogleConfigOverlay.apk", {st_mode=S_IFREG|0644, st_size=25070, ...}, 0) = 0
10805 1784443385.643688 newfstatat(AT_FDCWD, "/product/overlay/GoogleWebViewOverlay.apk", {st_mode=S_IFREG|0644, st_size=16815, ...}, 0) = 0
10805 1784443385.643837 newfstatat(AT_FDCWD, "/product/overlay/PixelConfigOverlayCommon.apk", {st_mode=S_IFREG|0644, st_size=52833, ...}, 0) = 0
10805 1784443385.643989 newfstatat(AT_FDCWD, "/product/overlay/EmulatorConfigOverlay.apk", {st_mode=S_IFREG|0644, st_size=16734, ...}, 0) = 0
10805 1784443385.644137 newfstatat(AT_FDCWD, "/data/app/cityfreqs.com.pilfershushjammer-F7HXDZDwRXKvHY57NpyVPQ==/base.apk", {st_mode=S_IFREG|0644, st_size=3655765, ...}, 0) = 0
10827 1784443385.647944 recvfrom(41, "nysv\0\0\0\0\0\0\0\0\0\0\0\0\2033\267\237\1\3\0\0\3\2\3\0\0\0\0\0", 3200, MSG_DONTWAIT, NULL, NULL) = 32
10827 1784443385.648091 recvfrom(41, 0x700c546c80, 3200, MSG_DONTWAIT, NULL, NULL) = -1 EAGAIN (Try again)
10805 1784443385.648843 faccessat(AT_FDCWD, "/data/user/0/cityfreqs.com.pilfershushjammer/cache", F_OK) = 0
10805 1784443385.650471 clone(child_stack=0x70095dcd40, flags=CLONE_VM|CLONE_FS|CLONE_FILES|CLONE_SIGHAND|CLONE_THREAD|CLONE_SYSVSEM|CLONE_SETTLS|CLONE_PARENT_SETTID|CLONE_CHILD_CLEARTID, parent_tidptr=0x70095dcd60, tls=0x70095dd020, child_tidptr=0x70095dcd60) = 10969
10969 1784443385.653702 openat(AT_FDCWD, "/proc/10969/timerslack_ns", O_WRONLY|O_CREAT|O_TRUNC|O_NOFOLLOW|O_CLOEXEC, 0666) = 73
10805 1784443385.659858 clone(child_stack=0x70094dfd40, flags=CLONE_VM|CLONE_FS|CLONE_FILES|CLONE_SIGHAND|CLONE_THREAD|CLONE_SYSVSEM|CLONE_SETTLS|CLONE_PARENT_SETTID|CLONE_CHILD_CLEARTID, parent_tidptr=0x70094dfd60, tls=0x70094e0020, child_tidptr=0x70094dfd60) = 10972
10827 1784443385.668177 recvfrom(41, "nysv\0\0\0\0\0\0\0\0\0\0\0\0\255\203\265\240\1\3\0\0\4\2\3\0\0\0\0\0", 3200, MSG_DONTWAIT, NULL, NULL) = 32
10827 1784443385.669115 recvfrom(41, 0x700c546eb0, 3200, MSG_DONTWAIT, NULL, NULL) = -1 EAGAIN (Try again)
10857 1784443385.681572 sendmsg(70, {msg_name=NULL, msg_namelen=0, msg_iov=[{iov_base="l\1\1\1\334\0\0\0U\0\0\0\235\0\0\0\1\1o\0;\0\0\0/re/frid"..., iov_len=396}], msg_iovlen=1, msg_controllen=0, msg_flags=0}, MSG_NOSIGNAL) = 396
10805 1784443385.689262 openat(AT_FDCWD, "/data/user/0/cityfreqs.com.pilfershushjammer/cache/PilferShushPlacebo.raw", O_RDWR|O_CREAT, 0600) = 80
10805 1784443385.690629 getsockopt(80, SOL_SOCKET, SO_ERROR, 0x7fed4581d4, [4]) = -1 ENOTSOCK (Socket operation on non-socket)
10827 1784443385.691350 recvfrom(41, "nysv\0\0\0\0\0\0\0\0\0\0\0\0\314!\264\241\1\3\0\0\5\2\3\0\0\0\0\0", 3200, MSG_DONTWAIT, NULL, NULL) = 32
10827 1784443385.691654 recvfrom(41, 0x700c546eb0, 3200, MSG_DONTWAIT, NULL, NULL) = -1 EAGAIN (Try again)
10827 1784443385.708081 recvfrom(41, "nysv\0\0\0\0\0\0\0\0\0\0\0\0\236\273\262\242\1\3\0\0\6\2\3\0\0\0\0\0", 3200, MSG_DONTWAIT, NULL, NULL) = 32
10827 1784443385.708318 recvfrom(41, 0x700c546eb0, 3200, MSG_DONTWAIT, NULL, NULL) = -1 EAGAIN (Try again)
10857 1784443385.710418 sendmsg(70, {msg_name=NULL, msg_namelen=0, msg_iov=[{iov_base="l\1\1\1\10\1\0\0V\0\0\0\235\0\0\0\1\1o\0;\0\0\0/re/frid"..., iov_len=440}], msg_iovlen=1, msg_controllen=0, msg_flags=0}, MSG_NOSIGNAL) = 440
10805 1784443385.723864 recvfrom(45, 0x709cbc6c20, 2272, MSG_DONTWAIT, NULL, NULL) = -1 EAGAIN (Try again)
10805 1784443385.724117 recvfrom(43, 0x7fed4580f0, 3200, MSG_DONTWAIT, NULL, NULL) = -1 EAGAIN (Try again)
10827 1784443385.725444 recvfrom(41, "nysv\0\0\0\0\0\0\0\0\0\0\0\0\4Q\261\243\1\3\0\0\7\2\3\0\0\0\0\0", 3200, MSG_DONTWAIT, NULL, NULL) = 32
10827 1784443385.725631 recvfrom(41, 0x700c546eb0, 3200, MSG_DONTWAIT, NULL, NULL) = -1 EAGAIN (Try again)
10805 1784443385.732919 recvfrom(43, "nysv\0\0\0\0\0\0\0\0\0\0\0\0.\241\257\244\1\3\0\0\10\2\3\0\0\0\0\0", 3200, MSG_DONTWAIT, NULL, NULL) = 32
10805 1784443385.733198 recvfrom(43, 0x7fed458190, 3200, MSG_DONTWAIT, NULL, NULL) = -1 EAGAIN (Try again)
10827 1784443385.741137 recvfrom(41, "nysv\0\0\0\0\0\0\0\0\0\0\0\0.\241\257\244\1\3\0\0\10\2\3\0\0\0\0\0", 3200, MSG_DONTWAIT, NULL, NULL) = 32
10827 1784443385.741291 recvfrom(41, 0x700c546eb0, 3200, MSG_DONTWAIT, NULL, NULL) = -1 EAGAIN (Try again)
10827 1784443385.754557 recvfrom(41, "nysv\0\0\0\0\0\0\0\0\0\0\0\0G8\256\245\1\3\0\0\t\2\3\0\0\0\0\0", 3200, MSG_DONTWAIT, NULL, NULL) = 32
10827 1784443385.754719 recvfrom(41, 0x700c546eb0, 3200, MSG_DONTWAIT, NULL, NULL) = -1 EAGAIN (Try again)
10805 1784443385.759600 recvfrom(81, 0x700746d820, 2272, MSG_DONTWAIT, NULL, NULL) = -1 EAGAIN (Try again)
10805 1784443385.759903 recvfrom(43, 0x7fed457580, 3200, MSG_DONTWAIT, NULL, NULL) = -1 EAGAIN (Try again)
10827 1784443385.769052 recvfrom(41, "nysv\0\0\0\0\0\0\0\0\0\0\0\0\377\232\254\246\1\3\0\0\n\2\3\0\0\0\0\0", 3200, MSG_DONTWAIT, NULL, NULL) = 32
10827 1784443385.769223 recvfrom(41, 0x700c546eb0, 3200, MSG_DONTWAIT, NULL, NULL) = -1 EAGAIN (Try again)
10827 1784443385.770142 recvfrom(41, 0x700c546eb0, 3200, MSG_DONTWAIT, NULL, NULL) = -1 EAGAIN (Try again)
10827 1784443385.805065 recvfrom(41, "nysv\0\0\0\0\0\0\0\0\0\0\0\0\0374\253\247\1\3\0\0\v\2\3\0\0\0\0\0", 3200, MSG_DONTWAIT, NULL, NULL) = 32
10827 1784443385.805238 recvfrom(41, 0x700c546c80, 3200, MSG_DONTWAIT, NULL, NULL) = -1 EAGAIN (Try again)
10827 1784443385.817369 recvfrom(41, "nysv\0\0\0\0\0\0\0\0\0\0\0\0j^\250\251\1\3\0\0\r\2\3\0\0\0\0\0", 3200, MSG_DONTWAIT, NULL, NULL) = 32
10827 1784443385.817554 recvfrom(41, 0x700c546eb0, 3200, MSG_DONTWAIT, NULL, NULL) = -1 EAGAIN (Try again)
10805 1784443385.820000 recvfrom(43, "nysv\0\0\0\0\0\0\0\0\0\0\0\0\377\232\254\246\1\3\0\0\n\2\3\0\0\0\0\0", 3200, MSG_DONTWAIT, NULL, NULL) = 32
10805 1784443385.820269 recvfrom(43, 0x7fed458190, 3200, MSG_DONTWAIT, NULL, NULL) = -1 EAGAIN (Try again)
10827 1784443385.838115 recvfrom(41, "nysv\0\0\0\0\0\0\0\0\0\0\0\0\244\364\246\252\1\3\0\0\16\2\3\0\0\0\0\0", 3200, MSG_DONTWAIT, NULL, NULL) = 32
10827 1784443385.838286 recvfrom(41, 0x700c546eb0, 3200, MSG_DONTWAIT, NULL, NULL) = -1 EAGAIN (Try again)
10805 1784443385.840121 recvfrom(45, 0x709cbc6c20, 2272, MSG_DONTWAIT, NULL, NULL) = -1 EAGAIN (Try again)
10805 1784443385.840310 recvfrom(43, 0x7fed4574f0, 3200, MSG_DONTWAIT, NULL, NULL) = -1 EAGAIN (Try again)
10827 1784443385.854159 recvfrom(41, "nysv\0\0\0\0\0\0\0\0\0\0\0\0005\210\245\253\1\3\0\0\17\2\3\0\0\0\0\0", 3200, MSG_DONTWAIT, NULL, NULL) = 32
10827 1784443385.854326 recvfrom(41, 0x700c546eb0, 3200, MSG_DONTWAIT, NULL, NULL) = -1 EAGAIN (Try again)
10805 1784443385.856051 recvfrom(43, "nysv\0\0\0\0\0\0\0\0\0\0\0\0005\210\245\253\1\3\0\0\17\2\3\0\0\0\0\0", 3200, MSG_DONTWAIT, NULL, NULL) = 32
10805 1784443385.856279 recvfrom(43, 0x7fed458190, 3200, MSG_DONTWAIT, NULL, NULL) = -1 EAGAIN (Try again)
10805 1784443385.860844 recvfrom(45, 0x709cbc6c20, 2272, MSG_DONTWAIT, NULL, NULL) = -1 EAGAIN (Try again)
10805 1784443385.861117 recvfrom(81, 0x700746d820, 2272, MSG_DONTWAIT, NULL, NULL) = -1 EAGAIN (Try again)
10805 1784443385.862553 recvfrom(43, 0x7fed4580f0, 3200, MSG_DONTWAIT, NULL, NULL) = -1 EAGAIN (Try again)
10805 1784443385.865594 recvfrom(43, "nysv\0\0\0\0\0\0\0\0\0\0\0\0\270\32\244\254\1\3\0\0\20\2\3\0\0\0\0\0", 3200, MSG_DONTWAIT, NULL, NULL) = 32
10805 1784443385.868679 recvfrom(43, 0x7fed458190, 3200, MSG_DONTWAIT, NULL, NULL) = -1 EAGAIN (Try again)
10805 1784443385.869039 recvfrom(43, 0x7fed4580f0, 3200, MSG_DONTWAIT, NULL, NULL) = -1 EAGAIN (Try again)
10827 1784443385.871969 recvfrom(41, "nysv\0\0\0\0\0\0\0\0\0\0\0\0\270\32\244\254\1\3\0\0\20\2\3\0\0\0\0\0", 3200, MSG_DONTWAIT, NULL, NULL) = 32
10827 1784443385.872144 recvfrom(41, 0x700c546eb0, 3200, MSG_DONTWAIT, NULL, NULL) = -1 EAGAIN (Try again)
10805 1784443385.881690 recvfrom(43, "nysv\0\0\0\0\0\0\0\0\0\0\0\0\313\352\242\255\1\3\0\0\21\2\3\0\0\0\0\0", 3200, MSG_DONTWAIT, NULL, NULL) = 32
10805 1784443385.884683 recvfrom(43, 0x7fed458190, 3200, MSG_DONTWAIT, NULL, NULL) = -1 EAGAIN (Try again)
10805 1784443385.885488 recvfrom(43, 0x7fed4580f0, 3200, MSG_DONTWAIT, NULL, NULL) = -1 EAGAIN (Try again)
10827 1784443385.887615 recvfrom(41, "nysv\0\0\0\0\0\0\0\0\0\0\0\0\313\352\242\255\1\3\0\0\21\2\3\0\0\0\0\0", 3200, MSG_DONTWAIT, NULL, NULL) = 32
10827 1784443385.887777 recvfrom(41, 0x700c546eb0, 3200, MSG_DONTWAIT, NULL, NULL) = -1 EAGAIN (Try again)
10805 1784443385.898831 recvfrom(43, "nysv\0\0\0\0\0\0\0\0\0\0\0\0\365:\241\256\1\3\0\0\22\2\3\0\0\0\0\0", 3200, MSG_DONTWAIT, NULL, NULL) = 32
10805 1784443385.899136 recvfrom(43, 0x7fed458190, 3200, MSG_DONTWAIT, NULL, NULL) = -1 EAGAIN (Try again)
10805 1784443385.901691 recvfrom(43, 0x7fed4580f0, 3200, MSG_DONTWAIT, NULL, NULL) = -1 EAGAIN (Try again)
10827 1784443385.903831 recvfrom(41, "nysv\0\0\0\0\0\0\0\0\0\0\0\0\365:\241\256\1\3\0\0\22\2\3\0\0\0\0\0", 3200, MSG_DONTWAIT, NULL, NULL) = 32
10827 1784443385.904139 recvfrom(41, 0x700c546eb0, 3200, MSG_DONTWAIT, NULL, NULL) = -1 EAGAIN (Try again)
10805 1784443385.915919 recvfrom(43, "nysv\0\0\0\0\0\0\0\0\0\0\0\0\37\213\237\257\1\3\0\0\23\2\3\0\0\0\0\0", 3200, MSG_DONTWAIT, NULL, NULL) = 32
10805 1784443385.917928 recvfrom(43, 0x7fed458190, 3200, MSG_DONTWAIT, NULL, NULL) = -1 EAGAIN (Try again)
10805 1784443385.919200 recvfrom(43, 0x7fed4580f0, 3200, MSG_DONTWAIT, NULL, NULL) = -1 EAGAIN (Try again)
10827 1784443385.920070 recvfrom(41, "nysv\0\0\0\0\0\0\0\0\0\0\0\0\37\213\237\257\1\3\0\0\23\2\3\0\0\0\0\0", 3200, MSG_DONTWAIT, NULL, NULL) = 32
10827 1784443385.920377 recvfrom(41, 0x700c546eb0, 3200, MSG_DONTWAIT, NULL, NULL) = -1 EAGAIN (Try again)
10805 1784443385.932389 recvfrom(43, "nysv\0\0\0\0\0\0\0\0\0\0\0\0\252\367\235\260\1\3\0\0\24\2\3\0\0\0\0\0", 3200, MSG_DONTWAIT, NULL, NULL) = 32
10805 1784443385.932968 recvfrom(43, 0x7fed458190, 3200, MSG_DONTWAIT, NULL, NULL) = -1 EAGAIN (Try again)
10805 1784443385.935652 recvfrom(43, 0x7fed4580f0, 3200, MSG_DONTWAIT, NULL, NULL) = -1 EAGAIN (Try again)
10827 1784443385.936314 recvfrom(41, "nysv\0\0\0\0\0\0\0\0\0\0\0\0\252\367\235\260\1\3\0\0\24\2\3\0\0\0\0\0", 3200, MSG_DONTWAIT, NULL, NULL) = 32
10827 1784443385.936636 recvfrom(41, 0x700c546eb0, 3200, MSG_DONTWAIT, NULL, NULL) = -1 EAGAIN (Try again)
10805 1784443385.948630 recvfrom(43, "nysv\0\0\0\0\0\0\0\0\0\0\0\0\355l\234\261\1\3\0\0\25\2\3\0\0\0\0\0", 3200, MSG_DONTWAIT, NULL, NULL) = 32
10805 1784443385.948868 recvfrom(43, 0x7fed458190, 3200, MSG_DONTWAIT, NULL, NULL) = -1 EAGAIN (Try again)
10805 1784443385.951902 recvfrom(43, 0x7fed4580f0, 3200, MSG_DONTWAIT, NULL, NULL) = -1 EAGAIN (Try again)
10827 1784443385.953962 recvfrom(41, "nysv\0\0\0\0\0\0\0\0\0\0\0\0\355l\234\261\1\3\0\0\25\2\3\0\0\0\0\0", 3200, MSG_DONTWAIT, NULL, NULL) = 32
10827 1784443385.954668 recvfrom(41, 0x700c546eb0, 3200, MSG_DONTWAIT, NULL, NULL) = -1 EAGAIN (Try again)
10805 1784443385.965228 recvfrom(43, "nysv\0\0\0\0\0\0\0\0\0\0\0\0b\350\232\262\1\3\0\0\26\2\3\0\0\0\0\0", 3200, MSG_DONTWAIT, NULL, NULL) = 32
10805 1784443385.965468 recvfrom(43, 0x7fed458190, 3200, MSG_DONTWAIT, NULL, NULL) = -1 EAGAIN (Try again)
10805 1784443385.968571 recvfrom(43, 0x7fed4580f0, 3200, MSG_DONTWAIT, NULL, NULL) = -1 EAGAIN (Try again)
10827 1784443385.969707 recvfrom(41, "nysv\0\0\0\0\0\0\0\0\0\0\0\0b\350\232\262\1\3\0\0\26\2\3\0\0\0\0\0", 3200, MSG_DONTWAIT, NULL, NULL) = 32
10827 1784443385.970015 recvfrom(41, 0x700c546eb0, 3200, MSG_DONTWAIT, NULL, NULL) = -1 EAGAIN (Try again)
10805 1784443385.982740 recvfrom(43, "nysv\0\0\0\0\0\0\0\0\0\0\0\0\7?\231\263\1\3\0\0\27\2\3\0\0\0\0\0", 3200, MSG_DONTWAIT, NULL, NULL) = 32
10805 1784443385.984646 recvfrom(43, 0x7fed458190, 3200, MSG_DONTWAIT, NULL, NULL) = -1 EAGAIN (Try again)
10805 1784443385.986681 recvfrom(43, 0x7fed4580f0, 3200, MSG_DONTWAIT, NULL, NULL) = -1 EAGAIN (Try again)
10827 1784443385.987704 recvfrom(41, "nysv\0\0\0\0\0\0\0\0\0\0\0\0\7?\231\263\1\3\0\0\27\2\3\0\0\0\0\0", 3200, MSG_DONTWAIT, NULL, NULL) = 32
10827 1784443385.988016 recvfrom(41, 0x700c546eb0, 3200, MSG_DONTWAIT, NULL, NULL) = -1 EAGAIN (Try again)
10805 1784443385.999325 recvfrom(43, "nysv\0\0\0\0\0\0\0\0\0\0\0\0001\217\227\264\1\3\0\0\30\2\3\0\0\0\0\0", 3200, MSG_DONTWAIT, NULL, NULL) = 32
10805 1784443385.999707 recvfrom(43, 0x7fed458190, 3200, MSG_DONTWAIT, NULL, NULL) = -1 EAGAIN (Try again)
10827 1784443386.003384 recvfrom(41, "nysv\0\0\0\0\0\0\0\0\0\0\0\0001\217\227\264\1\3\0\0\30\2\3\0\0\0\0\0", 3200, MSG_DONTWAIT, NULL, NULL) = 32
10827 1784443386.003599 recvfrom(41, 0x700c546eb0, 3200, MSG_DONTWAIT, NULL, NULL) = -1 EAGAIN (Try again)
10827 1784443386.019793 recvfrom(41, "nysv\0\0\0\0\0\0\0\0\0\0\0\0\v\22\226\265\1\3\0\0\31\2\3\0\0\0\0\0", 3200, MSG_DONTWAIT, NULL, NULL) = 32
10827 1784443386.020208 recvfrom(41, 0x700c546c80, 3200, MSG_DONTWAIT, NULL, NULL) = -1 EAGAIN (Try again)
10805 1784443386.348359 recvfrom(43, 0x7fed457e60, 3200, MSG_DONTWAIT, NULL, NULL) = -1 EAGAIN (Try again)
10805 1784443386.365260 recvfrom(43, "nysv\0\0\0\0\0\0\0\0\0\0\0\0\21[s\312\1\3\0\0.\2\3\0\0\0\0\0", 3200, MSG_DONTWAIT, NULL, NULL) = 32
10805 1784443386.365883 recvfrom(43, 0x7fed458190, 3200, MSG_DONTWAIT, NULL, NULL) = -1 EAGAIN (Try again)
10805 1784443386.368135 recvfrom(45, 0x709cbc6c20, 2272, MSG_DONTWAIT, NULL, NULL) = -1 EAGAIN (Try again)
10805 1784443386.368804 recvfrom(43, 0x7fed456d00, 3200, MSG_DONTWAIT, NULL, NULL) = -1 EAGAIN (Try again)
10805 1784443386.381861 recvfrom(43, "nysv\0\0\0\0\0\0\0\0\0\0\0\0C\310q\313\1\3\0\0/\2\3\0\0\0\0\0", 3200, MSG_DONTWAIT, NULL, NULL) = 32
10805 1784443386.382212 recvfrom(43, 0x7fed458190, 3200, MSG_DONTWAIT, NULL, NULL) = -1 EAGAIN (Try again)
10805 1784443386.382798 recvfrom(45, 0x709cbc6c20, 2272, MSG_DONTWAIT, NULL, NULL) = -1 EAGAIN (Try again)
10805 1784443386.385853 recvfrom(43, 0x7fed456d00, 3200, MSG_DONTWAIT, NULL, NULL) = -1 EAGAIN (Try again)
10805 1784443386.398863 recvfrom(43, "nysv\0\0\0\0\0\0\0\0\0\0\0\0|\30p\314\1\3\0\0000\2\3\0\0\0\0\0", 3200, MSG_DONTWAIT, NULL, NULL) = 32
10805 1784443386.399095 recvfrom(43, 0x7fed458190, 3200, MSG_DONTWAIT, NULL, NULL) = -1 EAGAIN (Try again)
10805 1784443386.399834 recvfrom(45, 0x709cbc6c20, 2272, MSG_DONTWAIT, NULL, NULL) = -1 EAGAIN (Try again)
10805 1784443386.401634 recvfrom(43, 0x7fed456d00, 3200, MSG_DONTWAIT, NULL, NULL) = -1 EAGAIN (Try again)
10823 1784443386.402661 clone(child_stack=0x70092ced40, flags=CLONE_VM|CLONE_FS|CLONE_FILES|CLONE_SIGHAND|CLONE_THREAD|CLONE_SYSVSEM|CLONE_SETTLS|CLONE_PARENT_SETTID|CLONE_CHILD_CLEARTID, parent_tidptr=0x70092ced60, tls=0x70092cf020, child_tidptr=0x70092ced60) = 10980
10980 1784443386.403241 openat(AT_FDCWD, "/proc/10980/timerslack_ns", O_WRONLY|O_CREAT|O_TRUNC|O_NOFOLLOW|O_CLOEXEC, 0666) = 80
10805 1784443386.415094 recvfrom(43, "nysv\0\0\0\0\0\0\0\0\0\0\0\0\246hn\315\1\3\0\0001\2\3\0\0\0\0\0", 3200, MSG_DONTWAIT, NULL, NULL) = 32
10805 1784443386.415403 recvfrom(43, 0x7fed458190, 3200, MSG_DONTWAIT, NULL, NULL) = -1 EAGAIN (Try again)
10805 1784443386.417492 recvfrom(45, 0x709cbc6c20, 2272, MSG_DONTWAIT, NULL, NULL) = -1 EAGAIN (Try again)
10805 1784443386.419916 recvfrom(43, 0x7fed456d00, 3200, MSG_DONTWAIT, NULL, NULL) = -1 EAGAIN (Try again)
10805 1784443386.431107 recvfrom(43, "nysv\0\0\0\0\0\0\0\0\0\0\0\0\232\362l\316\1\3\0\0002\2\3\0\0\0\0\0", 3200, MSG_DONTWAIT, NULL, NULL) = 32
10805 1784443386.431715 recvfrom(43, 0x7fed458190, 3200, MSG_DONTWAIT, NULL, NULL) = -1 EAGAIN (Try again)
10805 1784443386.434167 recvfrom(45, 0x709cbc6c20, 2272, MSG_DONTWAIT, NULL, NULL) = -1 EAGAIN (Try again)
10805 1784443386.434997 recvfrom(43, 0x7fed456d00, 3200, MSG_DONTWAIT, NULL, NULL) = -1 EAGAIN (Try again)
10805 1784443386.448009 recvfrom(43, "nysv\0\0\0\0\0\0\0\0\0\0\0\0\253|k\317\1\3\0\0003\2\3\0\0\0\0\0", 3200, MSG_DONTWAIT, NULL, NULL) = 32
10805 1784443386.448555 recvfrom(43, 0x7fed458190, 3200, MSG_DONTWAIT, NULL, NULL) = -1 EAGAIN (Try again)
10805 1784443386.451286 recvfrom(45, 0x709cbc6c20, 2272, MSG_DONTWAIT, NULL, NULL) = -1 EAGAIN (Try again)
10805 1784443386.452531 recvfrom(43, 0x7fed456d00, 3200, MSG_DONTWAIT, NULL, NULL) = -1 EAGAIN (Try again)
10805 1784443386.465360 recvfrom(43, "nysv\0\0\0\0\0\0\0\0\0\0\0\0\325\314i\320\1\3\0\0004\2\3\0\0\0\0\0", 3200, MSG_DONTWAIT, NULL, NULL) = 32
10805 1784443386.465989 recvfrom(43, 0x7fed458190, 3200, MSG_DONTWAIT, NULL, NULL) = -1 EAGAIN (Try again)
10805 1784443386.467907 recvfrom(45, 0x709cbc6c20, 2272, MSG_DONTWAIT, NULL, NULL) = -1 EAGAIN (Try again)
10805 1784443386.468467 recvfrom(43, 0x7fed456d00, 3200, MSG_DONTWAIT, NULL, NULL) = -1 EAGAIN (Try again)
10805 1784443386.482151 recvfrom(43, "nysv\0\0\0\0\0\0\0\0\0\0\0\0\0372h\321\1\3\0\0005\2\3\0\0\0\0\0", 3200, MSG_DONTWAIT, NULL, NULL) = 32
10805 1784443386.482385 recvfrom(43, 0x7fed458190, 3200, MSG_DONTWAIT, NULL, NULL) = -1 EAGAIN (Try again)
10805 1784443386.484476 recvfrom(45, 0x709cbc6c20, 2272, MSG_DONTWAIT, NULL, NULL) = -1 EAGAIN (Try again)
10805 1784443386.485167 recvfrom(43, 0x7fed456d00, 3200, MSG_DONTWAIT, NULL, NULL) = -1 EAGAIN (Try again)
10805 1784443386.498229 recvfrom(43, "nysv\0\0\0\0\0\0\0\0\0\0\0\0I\202f\322\1\3\0\0006\2\3\0\0\0\0\0", 3200, MSG_DONTWAIT, NULL, NULL) = 32
10805 1784443386.498817 recvfrom(43, 0x7fed458190, 3200, MSG_DONTWAIT, NULL, NULL) = -1 EAGAIN (Try again)
10805 1784443386.500686 recvfrom(45, 0x709cbc6c20, 2272, MSG_DONTWAIT, NULL, NULL) = -1 EAGAIN (Try again)
10805 1784443386.501374 recvfrom(43, 0x7fed456d00, 3200, MSG_DONTWAIT, NULL, NULL) = -1 EAGAIN (Try again)
10805 1784443386.514906 recvfrom(43, "nysv\0\0\0\0\0\0\0\0\0\0\0\0s\322d\323\1\3\0\0007\2\3\0\0\0\0\0", 3200, MSG_DONTWAIT, NULL, NULL) = 32
10805 1784443386.515436 recvfrom(43, 0x7fed458190, 3200, MSG_DONTWAIT, NULL, NULL) = -1 EAGAIN (Try again)
10805 1784443386.515925 recvfrom(45, 0x709cbc6c20, 2272, MSG_DONTWAIT, NULL, NULL) = -1 EAGAIN (Try again)
10805 1784443386.518012 recvfrom(43, 0x7fed456d00, 3200, MSG_DONTWAIT, NULL, NULL) = -1 EAGAIN (Try again)
10805 1784443386.531885 recvfrom(43, "nysv\0\0\0\0\0\0\0\0\0\0\0\0\317ec\324\1\3\0\08\2\3\0\0\0\0\0", 3200, MSG_DONTWAIT, NULL, NULL) = 32
10805 1784443386.532286 recvfrom(43, 0x7fed458190, 3200, MSG_DONTWAIT, NULL, NULL) = -1 EAGAIN (Try again)
10805 1784443386.534252 recvfrom(45, 0x709cbc6c20, 2272, MSG_DONTWAIT, NULL, NULL) = -1 EAGAIN (Try again)
10805 1784443386.535783 recvfrom(43, 0x7fed456d00, 3200, MSG_DONTWAIT, NULL, NULL) = -1 EAGAIN (Try again)
10805 1784443386.548871 recvfrom(43, "nysv\0\0\0\0\0\0\0\0\0\0\0\0\255\262a\325\1\3\0\09\2\3\0\0\0\0\0", 3200, MSG_DONTWAIT, NULL, NULL) = 32
10805 1784443386.549331 recvfrom(43, 0x7fed458190, 3200, MSG_DONTWAIT, NULL, NULL) = -1 EAGAIN (Try again)
10805 1784443386.551393 recvfrom(45, 0x709cbc6c20, 2272, MSG_DONTWAIT, NULL, NULL) = -1 EAGAIN (Try again)
10805 1784443386.552696 recvfrom(43, 0x7fed456d00, 3200, MSG_DONTWAIT, NULL, NULL) = -1 EAGAIN (Try again)
10805 1784443386.565174 recvfrom(43, "nysv\0\0\0\0\0\0\0\0\0\0\0\0\327\2`\326\1\3\0\0:\2\3\0\0\0\0\0", 3200, MSG_DONTWAIT, NULL, NULL) = 32
10805 1784443386.566962 recvfrom(43, 0x7fed458190, 3200, MSG_DONTWAIT, NULL, NULL) = -1 EAGAIN (Try again)
10805 1784443386.568338 recvfrom(45, 0x709cbc6c20, 2272, MSG_DONTWAIT, NULL, NULL) = -1 EAGAIN (Try again)
10805 1784443386.569012 recvfrom(43, 0x7fed456d00, 3200, MSG_DONTWAIT, NULL, NULL) = -1 EAGAIN (Try again)
10805 1784443386.582539 recvfrom(43, "nysv\0\0\0\0\0\0\0\0\0\0\0\0A;^\327\1\3\0\0;\2\3\0\0\0\0\0", 3200, MSG_DONTWAIT, NULL, NULL) = 32
10805 1784443386.582982 recvfrom(43, 0x7fed458190, 3200, MSG_DONTWAIT, NULL, NULL) = -1 EAGAIN (Try again)
10805 1784443386.583378 recvfrom(45, 0x709cbc6c20, 2272, MSG_DONTWAIT, NULL, NULL) = -1 EAGAIN (Try again)
10805 1784443386.586509 recvfrom(43, 0x7fed456d00, 3200, MSG_DONTWAIT, NULL, NULL) = -1 EAGAIN (Try again)
10805 1784443386.598595 recvfrom(43, "nysv\0\0\0\0\0\0\0\0\0\0\0\0k\213\\\330\1\3\0\0<\2\3\0\0\0\0\0", 3200, MSG_DONTWAIT, NULL, NULL) = 32
10805 1784443386.599092 recvfrom(43, 0x7fed458190, 3200, MSG_DONTWAIT, NULL, NULL) = -1 EAGAIN (Try again)
10805 1784443386.599479 recvfrom(45, 0x709cbc6c20, 2272, MSG_DONTWAIT, NULL, NULL) = -1 EAGAIN (Try again)
10805 1784443386.601696 recvfrom(43, 0x7fed456d00, 3200, MSG_DONTWAIT, NULL, NULL) = -1 EAGAIN (Try again)
10805 1784443386.615245 recvfrom(43, "nysv\0\0\0\0\0\0\0\0\0\0\0\0\225\333Z\331\1\3\0\0=\2\3\0\0\0\0\0", 3200, MSG_DONTWAIT, NULL, NULL) = 32
10805 1784443386.615530 recvfrom(43, 0x7fed458190, 3200, MSG_DONTWAIT, NULL, NULL) = -1 EAGAIN (Try again)
10805 1784443386.616069 recvfrom(45, 0x709cbc6c20, 2272, MSG_DONTWAIT, NULL, NULL) = -1 EAGAIN (Try again)
10826 1784443387.458899 openat(AT_FDCWD, "/data/misc/profiles/cur/0/cityfreqs.com.pilfershushjammer/primary.prof", O_RDWR|O_NOFOLLOW|O_CLOEXEC) = 80
10826 1784443387.459200 newfstatat(AT_FDCWD, "/data/misc/profiles/cur/0/cityfreqs.com.pilfershushjammer/primary.prof", {st_mode=S_IFREG|0600, st_size=6664, ...}, 0) = 0
10805 1784443387.608597 recvfrom(43, 0x7fed456ad0, 3200, MSG_DONTWAIT, NULL, NULL) = -1 EAGAIN (Try again)
10805 1784443387.616194 recvfrom(43, "nysv\0\0\0\0\0\0\0\0\0\0\0\0\310\33\357\24\2\3\0\0y\2\3\0\0\0\0\0", 3200, MSG_DONTWAIT, NULL, NULL) = 32
10805 1784443387.616442 recvfrom(43, 0x7fed458190, 3200, MSG_DONTWAIT, NULL, NULL) = -1 EAGAIN (Try again)
10805 1784443387.616987 recvfrom(45, 0x709cbc6c20, 2272, MSG_DONTWAIT, NULL, NULL) = -1 EAGAIN (Try again)
10805 1784443387.617914 recvfrom(43, 0x7fed457d80, 3200, MSG_DONTWAIT, NULL, NULL) = -1 EAGAIN (Try again)
10805 1784443387.631308 recvfrom(43, "nysv\0\0\0\0\0\0\0\0\0\0\0\0\257\251\355\25\2\3\0\0z\2\3\0\0\0\0\0", 3200, MSG_DONTWAIT, NULL, NULL) = 32
10805 1784443387.632005 recvfrom(43, 0x7fed458190, 3200, MSG_DONTWAIT, NULL, NULL) = -1 EAGAIN (Try again)
10805 1784443387.632763 recvfrom(43, 0x7fed457ce0, 3200, MSG_DONTWAIT, NULL, NULL) = -1 EAGAIN (Try again)
10805 1784443387.647912 recvfrom(43, "nysv\0\0\0\0\0\0\0\0\0\0\0\0\3732\354\26\2\3\0\0{\2\3\0\0\0\0\0", 3200, MSG_DONTWAIT, NULL, NULL) = 32
10805 1784443387.648378 recvfrom(43, 0x7fed458190, 3200, MSG_DONTWAIT, NULL, NULL) = -1 EAGAIN (Try again)
10805 1784443387.649134 recvfrom(45, 0x709cbc6c20, 2272, MSG_DONTWAIT, NULL, NULL) = -1 EAGAIN (Try again)
10805 1784443387.720235 recvfrom(43, 0x7fed457cb0, 3200, MSG_DONTWAIT, NULL, NULL) = -1 EAGAIN (Try again)
10805 1784443387.731925 recvfrom(43, "nysv\0\0\0\0\0\0\0\0\0\0\0\0>s\344\33\2\3\0\0\200\2\3\0\0\0\0\0", 3200, MSG_DONTWAIT, NULL, NULL) = 32
10805 1784443387.732087 recvfrom(43, 0x7fed458190, 3200, MSG_DONTWAIT, NULL, NULL) = -1 EAGAIN (Try again)
10805 1784443387.734234 recvfrom(81, 0x700746d820, 2272, MSG_DONTWAIT, NULL, NULL) = -1 EAGAIN (Try again)
10805 1784443387.779145 recvfrom(43, 0x7fed4581e0, 3200, MSG_DONTWAIT, NULL, NULL) = -1 EAGAIN (Try again)
10805 1784443387.781144 recvfrom(43, "nysv\0\0\0\0\0\0\0\0\0\0\0\0,,\340\36\2\3\0\0\203\2\3\0\0\0\0\0", 3200, MSG_DONTWAIT, NULL, NULL) = 32
10805 1784443387.781832 recvfrom(43, 0x7fed458190, 3200, MSG_DONTWAIT, NULL, NULL) = -1 EAGAIN (Try again)
10805 1784443387.782344 recvfrom(81, 0x700746d820, 2272, MSG_DONTWAIT, NULL, NULL) = -1 EAGAIN (Try again)
10805 1784443388.366806 recvfrom(43, 0x7fed457e60, 3200, MSG_DONTWAIT, NULL, NULL) = -1 EAGAIN (Try again)
10805 1784443388.382704 recvfrom(43, "nysv\0\0\0\0\0\0\0\0\0\0\0\0\332\224\243B\2\3\0\0\247\2\3\0\0\0\0\0", 3200, MSG_DONTWAIT, NULL, NULL) = 32
10805 1784443388.383088 recvfrom(43, 0x7fed458190, 3200, MSG_DONTWAIT, NULL, NULL) = -1 EAGAIN (Try again)
10805 1784443388.383591 recvfrom(45, 0x709cbc6c20, 2272, MSG_DONTWAIT, NULL, NULL) = -1 EAGAIN (Try again)
10805 1784443388.384219 recvfrom(43, 0x7fed456d00, 3200, MSG_DONTWAIT, NULL, NULL) = -1 EAGAIN (Try again)
10805 1784443388.398167 recvfrom(43, "nysv\0\0\0\0\0\0\0\0\0\0\0\0\307'\242C\2\3\0\0\250\2\3\0\0\0\0\0", 3200, MSG_DONTWAIT, NULL, NULL) = 32
10805 1784443388.398559 recvfrom(43, 0x7fed458190, 3200, MSG_DONTWAIT, NULL, NULL) = -1 EAGAIN (Try again)
10805 1784443388.400794 recvfrom(45, 0x709cbc6c20, 2272, MSG_DONTWAIT, NULL, NULL) = -1 EAGAIN (Try again)
10805 1784443388.401758 recvfrom(43, 0x7fed456d00, 3200, MSG_DONTWAIT, NULL, NULL) = -1 EAGAIN (Try again)
10805 1784443388.414648 recvfrom(43, "nysv\0\0\0\0\0\0\0\0\0\0\0\0\266\262\240D\2\3\0\0\251\2\3\0\0\0\0\0", 3200, MSG_DONTWAIT, NULL, NULL) = 32
10805 1784443388.415235 recvfrom(43, 0x7fed458190, 3200, MSG_DONTWAIT, NULL, NULL) = -1 EAGAIN (Try again)
10805 1784443388.416054 recvfrom(45, 0x709cbc6c20, 2272, MSG_DONTWAIT, NULL, NULL) = -1 EAGAIN (Try again)
10805 1784443388.417396 recvfrom(43, 0x7fed456d00, 3200, MSG_DONTWAIT, NULL, NULL) = -1 EAGAIN (Try again)
10805 1784443388.431375 recvfrom(43, "nysv\0\0\0\0\0\0\0\0\0\0\0\0\340\2\237E\2\3\0\0\252\2\3\0\0\0\0\0", 3200, MSG_DONTWAIT, NULL, NULL) = 32
10805 1784443388.431876 recvfrom(43, 0x7fed458190, 3200, MSG_DONTWAIT, NULL, NULL) = -1 EAGAIN (Try again)
10805 1784443388.432371 recvfrom(45, 0x709cbc6c20, 2272, MSG_DONTWAIT, NULL, NULL) = -1 EAGAIN (Try again)
10805 1784443388.433362 recvfrom(43, 0x7fed456d00, 3200, MSG_DONTWAIT, NULL, NULL) = -1 EAGAIN (Try again)
10805 1784443388.448537 recvfrom(43, "nysv\0\0\0\0\0\0\0\0\0\0\0\0ib\235F\2\3\0\0\253\2\3\0\0\0\0\0", 3200, MSG_DONTWAIT, NULL, NULL) = 32
10805 1784443388.449005 recvfrom(43, 0x7fed458190, 3200, MSG_DONTWAIT, NULL, NULL) = -1 EAGAIN (Try again)
10805 1784443388.451150 recvfrom(45, 0x709cbc6c20, 2272, MSG_DONTWAIT, NULL, NULL) = -1 EAGAIN (Try again)
10805 1784443388.452314 recvfrom(43, 0x7fed456d00, 3200, MSG_DONTWAIT, NULL, NULL) = -1 EAGAIN (Try again)
10805 1784443388.464722 recvfrom(43, "nysv\0\0\0\0\0\0\0\0\0\0\0\0\334\335\233G\2\3\0\0\254\2\3\0\0\0\0\0", 3200, MSG_DONTWAIT, NULL, NULL) = 32
10805 1784443388.465142 recvfrom(43, 0x7fed458190, 3200, MSG_DONTWAIT, NULL, NULL) = -1 EAGAIN (Try again)
10805 1784443388.465681 recvfrom(45, 0x709cbc6c20, 2272, MSG_DONTWAIT, NULL, NULL) = -1 EAGAIN (Try again)
10805 1784443388.466994 recvfrom(43, 0x7fed456d00, 3200, MSG_DONTWAIT, NULL, NULL) = -1 EAGAIN (Try again)
10805 1784443388.481338 recvfrom(43, "nysv\0\0\0\0\0\0\0\0\0\0\0\0\2\223\232H\2\3\0\0\255\2\3\0\0\0\0\0", 3200, MSG_DONTWAIT, NULL, NULL) = 32
10805 1784443388.481682 recvfrom(43, 0x7fed458190, 3200, MSG_DONTWAIT, NULL, NULL) = -1 EAGAIN (Try again)
10805 1784443388.482204 recvfrom(45, 0x709cbc6c20, 2272, MSG_DONTWAIT, NULL, NULL) = -1 EAGAIN (Try again)
10805 1784443388.483201 recvfrom(43, 0x7fed456d00, 3200, MSG_DONTWAIT, NULL, NULL) = -1 EAGAIN (Try again)
10805 1784443388.499094 recvfrom(43, "nysv\0\0\0\0\0\0\0\0\0\0\0\0\375\327\230I\2\3\0\0\256\2\3\0\0\0\0\0", 3200, MSG_DONTWAIT, NULL, NULL) = 32
10805 1784443388.499342 recvfrom(43, 0x7fed458190, 3200, MSG_DONTWAIT, NULL, NULL) = -1 EAGAIN (Try again)
10805 1784443388.499868 recvfrom(45, 0x709cbc6c20, 2272, MSG_DONTWAIT, NULL, NULL) = -1 EAGAIN (Try again)
10805 1784443388.502100 recvfrom(43, 0x7fed456d00, 3200, MSG_DONTWAIT, NULL, NULL) = -1 EAGAIN (Try again)
10805 1784443388.514735 recvfrom(43, "nysv\0\0\0\0\0\0\0\0\0\0\0\0$Y\227J\2\3\0\0\257\2\3\0\0\0\0\0", 3200, MSG_DONTWAIT, NULL, NULL) = 32
10805 1784443388.515151 recvfrom(43, 0x7fed458190, 3200, MSG_DONTWAIT, NULL, NULL) = -1 EAGAIN (Try again)
10805 1784443388.515689 recvfrom(45, 0x709cbc6c20, 2272, MSG_DONTWAIT, NULL, NULL) = -1 EAGAIN (Try again)
10805 1784443388.517028 recvfrom(43, 0x7fed456d00, 3200, MSG_DONTWAIT, NULL, NULL) = -1 EAGAIN (Try again)
10805 1784443388.532049 recvfrom(43, "nysv\0\0\0\0\0\0\0\0\0\0\0\0N\251\225K\2\3\0\0\260\2\3\0\0\0\0\0", 3200, MSG_DONTWAIT, NULL, NULL) = 32
10805 1784443388.532292 recvfrom(43, 0x7fed458190, 3200, MSG_DONTWAIT, NULL, NULL) = -1 EAGAIN (Try again)
10805 1784443388.535284 recvfrom(45, 0x709cbc6c20, 2272, MSG_DONTWAIT, NULL, NULL) = -1 EAGAIN (Try again)
10805 1784443388.536330 recvfrom(43, 0x7fed456d00, 3200, MSG_DONTWAIT, NULL, NULL) = -1 EAGAIN (Try again)
10805 1784443388.548096 recvfrom(43, "nysv\0\0\0\0\0\0\0\0\0\0\0\0006(\224L\2\3\0\0\261\2\3\0\0\0\0\0", 3200, MSG_DONTWAIT, NULL, NULL) = 32
10805 1784443388.548541 recvfrom(43, 0x7fed458190, 3200, MSG_DONTWAIT, NULL, NULL) = -1 EAGAIN (Try again)
10805 1784443388.550392 recvfrom(45, 0x709cbc6c20, 2272, MSG_DONTWAIT, NULL, NULL) = -1 EAGAIN (Try again)
10805 1784443388.552055 recvfrom(43, 0x7fed456d00, 3200, MSG_DONTWAIT, NULL, NULL) = -1 EAGAIN (Try again)
10805 1784443388.565045 recvfrom(43, "nysv\0\0\0\0\0\0\0\0\0\0\0\0r\217\222M\2\3\0\0\262\2\3\0\0\0\0\0", 3200, MSG_DONTWAIT, NULL, NULL) = 32
10805 1784443388.565556 recvfrom(43, 0x7fed458190, 3200, MSG_DONTWAIT, NULL, NULL) = -1 EAGAIN (Try again)
10805 1784443388.566178 recvfrom(45, 0x709cbc6c20, 2272, MSG_DONTWAIT, NULL, NULL) = -1 EAGAIN (Try again)
10805 1784443388.567201 recvfrom(43, 0x7fed456d00, 3200, MSG_DONTWAIT, NULL, NULL) = -1 EAGAIN (Try again)
10805 1784443388.581043 recvfrom(43, "nysv\0\0\0\0\0\0\0\0\0\0\0\0\303\33\221N\2\3\0\0\263\2\3\0\0\0\0\0", 3200, MSG_DONTWAIT, NULL, NULL) = 32
10805 1784443388.581582 recvfrom(43, 0x7fed458190, 3200, MSG_DONTWAIT, NULL, NULL) = -1 EAGAIN (Try again)
10805 1784443388.583829 recvfrom(45, 0x709cbc6c20, 2272, MSG_DONTWAIT, NULL, NULL) = -1 EAGAIN (Try again)
10805 1784443388.584923 recvfrom(43, 0x7fed456d00, 3200, MSG_DONTWAIT, NULL, NULL) = -1 EAGAIN (Try again)
10805 1784443388.597822 recvfrom(43, "nysv\0\0\0\0\0\0\0\0\0\0\0\0\324\276\217O\2\3\0\0\264\2\3\0\0\0\0\0", 3200, MSG_DONTWAIT, NULL, NULL) = 32
10805 1784443388.598149 recvfrom(43, 0x7fed458190, 3200, MSG_DONTWAIT, NULL, NULL) = -1 EAGAIN (Try again)
10805 1784443388.598672 recvfrom(45, 0x709cbc6c20, 2272, MSG_DONTWAIT, NULL, NULL) = -1 EAGAIN (Try again)
10805 1784443388.600717 recvfrom(43, 0x7fed456d00, 3200, MSG_DONTWAIT, NULL, NULL) = -1 EAGAIN (Try again)
10805 1784443388.614749 recvfrom(43, "nysv\0\0\0\0\0\0\0\0\0\0\0\0\"?\216P\2\3\0\0\265\2\3\0\0\0\0\0", 3200, MSG_DONTWAIT, NULL, NULL) = 32
10805 1784443388.615279 recvfrom(43, 0x7fed458190, 3200, MSG_DONTWAIT, NULL, NULL) = -1 EAGAIN (Try again)
10805 1784443388.617212 recvfrom(45, 0x709cbc6c20, 2272, MSG_DONTWAIT, NULL, NULL) = -1 EAGAIN (Try again)
10805 1784443388.617712 recvfrom(43, 0x7fed456d00, 3200, MSG_DONTWAIT, NULL, NULL) = -1 EAGAIN (Try again)
10805 1784443388.632346 recvfrom(43, "nysv\0\0\0\0\0\0\0\0\0\0\0\0U\221\214Q\2\3\0\0\266\2\3\0\0\0\0\0", 3200, MSG_DONTWAIT, NULL, NULL) = 32
10805 1784443388.632774 recvfrom(43, 0x7fed458190, 3200, MSG_DONTWAIT, NULL, NULL) = -1 EAGAIN (Try again)
10805 1784443388.635894 recvfrom(45, 0x709cbc6c20, 2272, MSG_DONTWAIT, NULL, NULL) = -1 EAGAIN (Try again)
10805 1784443389.727785 recvfrom(43, 0x7fed457cb0, 3200, MSG_DONTWAIT, NULL, NULL) = -1 EAGAIN (Try again)
10805 1784443389.759341 recvfrom(43, "nysv\0\0\0\0\0\0\0\0\0\0\0\0i\314\30\223\2\3\0\0\370\2\3\0\0\0\0\0", 3200, MSG_DONTWAIT, NULL, NULL) = 32
10805 1784443389.759577 recvfrom(43, 0x7fed458190, 3200, MSG_DONTWAIT, NULL, NULL) = -1 EAGAIN (Try again)
