31769 1784161195.646481 recvfrom(43, "h\0\0\0\2\0\0\0\2\0\0\0\0\0\0\0ih>\340\345\4\0\0\0\0\0\0\3333\36A"..., 26624, MSG_DONTWAIT, NULL, NULL) = 208
31769 1784161195.649425 recvfrom(43, 0x7b4b2c5fc0, 26624, MSG_DONTWAIT, NULL, NULL) = -1 EAGAIN (Try again)
31769 1784161195.855957 recvfrom(43, "h\0\0\0\2\0\0\0\2\0\0\0\0\0\0\0\205\6\262\354\345\4\0\0\0\0\0\0\3333\36A"..., 26624, MSG_DONTWAIT, NULL, NULL) = 208
31769 1784161195.856727 recvfrom(43, 0x7b4b2c5fc0, 26624, MSG_DONTWAIT, NULL, NULL) = -1 EAGAIN (Try again)
31769 1784161196.059442 recvfrom(43, "h\0\0\0\2\0\0\0\2\0\0\0\0\0\0\0!9\311\370\345\4\0\0\0\0\0\0\3333\36A"..., 26624, MSG_DONTWAIT, NULL, NULL) = 208
31769 1784161196.060023 recvfrom(43, 0x7b4b2c5fc0, 26624, MSG_DONTWAIT, NULL, NULL) = -1 EAGAIN (Try again)
31769 1784161196.260645 recvfrom(43, "h\0\0\0\2\0\0\0\2\0\0\0\0\0\0\0\17\375\311\4\346\4\0\0\0\0\0\0\3333\36A"..., 26624, MSG_DONTWAIT, NULL, NULL) = 208
31769 1784161196.263115 recvfrom(43, 0x7b4b2c5fc0, 26624, MSG_DONTWAIT, NULL, NULL) = -1 EAGAIN (Try again)
31769 1784161196.460333 recvfrom(43, "h\0\0\0\2\0\0\0\2\0\0\0\0\0\0\0\203n\266\20\346\4\0\0\0\0\0\0\3333\36A"..., 26624, MSG_DONTWAIT, NULL, NULL) = 208
31769 1784161196.460925 recvfrom(43, 0x7b4b2c5fc0, 26624, MSG_DONTWAIT, NULL, NULL) = -1 EAGAIN (Try again)
31769 1784161196.667085 recvfrom(43, "h\0\0\0\2\0\0\0\2\0\0\0\0\0\0\0\257j\321\34\346\4\0\0\0\0\0\0\3333\36A"..., 26624, MSG_DONTWAIT, NULL, NULL) = 208
31769 1784161196.667717 recvfrom(43, 0x7b4b2c5fc0, 26624, MSG_DONTWAIT, NULL, NULL) = -1 EAGAIN (Try again)
31769 1784161196.864067 recvfrom(43, "h\0\0\0\2\0\0\0\2\0\0\0\0\0\0\0\3243\313(\346\4\0\0\0\0\0\0\3333\36A"..., 26624, MSG_DONTWAIT, NULL, NULL) = 208
31769 1784161196.865368 recvfrom(43, 0x7b4b2c5fc0, 26624, MSG_DONTWAIT, NULL, NULL) = -1 EAGAIN (Try again)
31769 1784161197.069217 recvfrom(43, "h\0\0\0\2\0\0\0\2\0\0\0\0\0\0\0`\263\3664\346\4\0\0\0\0\0\0\3333\36A"..., 26624, MSG_DONTWAIT, NULL, NULL) = 208
31769 1784161197.070026 recvfrom(43, 0x7b4b2c5fc0, 26624, MSG_DONTWAIT, NULL, NULL) = -1 EAGAIN (Try again)
31769 1784161197.273397 recvfrom(43, "h\0\0\0\2\0\0\0\2\0\0\0\0\0\0\0\312\300.A\346\4\0\0\0\0\0\0\3333\36A"..., 26624, MSG_DONTWAIT, NULL, NULL) = 208
31769 1784161197.273929 recvfrom(43, 0x7b4b2c5fc0, 26624, MSG_DONTWAIT, NULL, NULL) = -1 EAGAIN (Try again)
31769 1784161197.479731 recvfrom(43, "h\0\0\0\2\0\0\0\2\0\0\0\0\0\0\0\361\205uM\346\4\0\0\0\0\0\0\3333\36A"..., 26624, MSG_DONTWAIT, NULL, NULL) = 208
31769 1784161197.481471 recvfrom(43, 0x7b4b2c5fc0, 26624, MSG_DONTWAIT, NULL, NULL) = -1 EAGAIN (Try again)
31769 1784161197.679694 recvfrom(43, "h\0\0\0\2\0\0\0\2\0\0\0\0\0\0\0\323\326`Y\346\4\0\0\0\0\0\0\3333\36A"..., 26624, MSG_DONTWAIT, NULL, NULL) = 208
31769 1784161197.680278 recvfrom(43, 0x7b4b2c5fc0, 26624, MSG_DONTWAIT, NULL, NULL) = -1 EAGAIN (Try again)
31769 1784161197.880593 recvfrom(43, "h\0\0\0\2\0\0\0\2\0\0\0\0\0\0\0\20\37Ze\346\4\0\0\0\0\0\0\3333\36A"..., 26624, MSG_DONTWAIT, NULL, NULL) = 208
31769 1784161197.881341 recvfrom(43, 0x7b4b2c5fc0, 26624, MSG_DONTWAIT, NULL, NULL) = -1 EAGAIN (Try again)
31776 1784161197.952534 exit(0)         = ?
31776 1784161197.952667 +++ exited with 0 +++
31779 1784161197.956048 exit(0)         = ?
31779 1784161197.956539 +++ exited with 0 +++
31778 1784161197.956556 exit(0 <unfinished ...>
31777 1784161197.956580 exit(0 <unfinished ...>
31778 1784161197.956717 <... exit resumed>) = ?
31777 1784161197.956737 <... exit resumed>) = ?
31778 1784161197.956894 +++ exited with 0 +++
31777 1784161197.956902 +++ exited with 0 +++
31789 1784161197.958928 newfstatat(AT_FDCWD, "/data", {st_mode=S_IFDIR|0771, st_size=4096, ...}, AT_SYMLINK_NOFOLLOW) = 0
31789 1784161197.959189 newfstatat(AT_FDCWD, "/data/app", {st_mode=S_IFDIR|0771, st_size=4096, ...}, AT_SYMLINK_NOFOLLOW) = 0
31789 1784161197.959450 newfstatat(AT_FDCWD, "/data/app/ca.rmen.nounours-LsXfBXxflSKAeNUMyF3Z8Q==", {st_mode=S_IFDIR|0775, st_size=4096, ...}, AT_SYMLINK_NOFOLLOW) = 0
31789 1784161197.959694 newfstatat(AT_FDCWD, "/data/app/ca.rmen.nounours-LsXfBXxflSKAeNUMyF3Z8Q==/base.apk", {st_mode=S_IFREG|0644, st_size=4092366, ...}, AT_SYMLINK_NOFOLLOW) = 0
31789 1784161197.960012 getcwd("/", 4096) = 2
31789 1784161197.960256 newfstatat(AT_FDCWD, "/base.apk", 0x7b502c4690, AT_SYMLINK_NOFOLLOW) = -1 ENOENT (No such file or directory)
31769 1784161198.089875 recvfrom(43, "h\0\0\0\2\0\0\0\2\0\0\0\0\0\0\0\2130\324q\346\4\0\0\0\0\0\0\3333\36A"..., 26624, MSG_DONTWAIT, NULL, NULL) = 208
31769 1784161198.092315 recvfrom(43, 0x7b4b2c5fc0, 26624, MSG_DONTWAIT, NULL, NULL) = -1 EAGAIN (Try again)
31769 1784161198.295172 recvfrom(43, "h\0\0\0\2\0\0\0\2\0\0\0\0\0\0\0@P\17~\346\4\0\0\0\0\0\0\3333\36A"..., 26624, MSG_DONTWAIT, NULL, NULL) = 208
31769 1784161198.295928 recvfrom(43, 0x7b4b2c5fc0, 26624, MSG_DONTWAIT, NULL, NULL) = -1 EAGAIN (Try again)
31769 1784161198.503570 recvfrom(43, "h\0\0\0\2\0\0\0\2\0\0\0\0\0\0\0Y\226u\212\346\4\0\0\0\0\0\0\3333\36A"..., 26624, MSG_DONTWAIT, NULL, NULL) = 208
31769 1784161198.504274 recvfrom(43, 0x7b4b2c5fc0, 26624, MSG_DONTWAIT, NULL, NULL) = -1 EAGAIN (Try again)
31769 1784161198.705604 recvfrom(43, "h\0\0\0\2\0\0\0\2\0\0\0\0\0\0\0\306@\207\226\346\4\0\0\0\0\0\0\3333\36A"..., 26624, MSG_DONTWAIT, NULL, NULL) = 208
31769 1784161198.707271 recvfrom(43, 0x7b4b2c5fc0, 26624, MSG_DONTWAIT, NULL, NULL) = -1 EAGAIN (Try again)
31769 1784161198.855018 recvfrom(43, "h\0\0\0\2\0\0\0\2\0\0\0\0\0\0\0005&t\237\346\4\0\0\0\0\0\0\3333\36A"..., 26624, MSG_DONTWAIT, NULL, NULL) = 208
31769 1784161198.855403 recvfrom(43, 0x7b4b2c5fc0, 26624, MSG_DONTWAIT, NULL, NULL) = -1 EAGAIN (Try again)
31769 1784161198.878564 recvfrom(43, "h\0\0\0\2\0\0\0\2\0\0\0\0\0\0\0\17\375\344\240\346\4\0\0\0\0\0\0\3333\36A"..., 26624, MSG_DONTWAIT, NULL, NULL) = 208
31769 1784161198.878840 recvfrom(43, 0x7b4b2c5fc0, 26624, MSG_DONTWAIT, NULL, NULL) = -1 EAGAIN (Try again)
31769 1784161198.899570 recvfrom(43, "h\0\0\0\2\0\0\0\2\0\0\0\0\0\0\0\350\1'\242\346\4\0\0\0\0\0\0\3333\36A"..., 26624, MSG_DONTWAIT, NULL, NULL) = 208
31769 1784161198.899758 recvfrom(43, 0x7b4b2c5fc0, 26624, MSG_DONTWAIT, NULL, NULL) = -1 EAGAIN (Try again)
31769 1784161198.928595 recvfrom(43, "h\0\0\0\2\0\0\0\2\0\0\0\0\0\0\0\3070\340\243\346\4\0\0\0\0\0\0\3333\36A"..., 26624, MSG_DONTWAIT, NULL, NULL) = 208
31769 1784161198.928794 recvfrom(43, 0x7b4b2c5fc0, 26624, MSG_DONTWAIT, NULL, NULL) = -1 EAGAIN (Try again)
31769 1784161198.949681 recvfrom(43, "h\0\0\0\2\0\0\0\2\0\0\0\0\0\0\0V\374!\245\346\4\0\0\0\0\0\0\3333\36A"..., 26624, MSG_DONTWAIT, NULL, NULL) = 208
31769 1784161198.949926 recvfrom(43, 0x7b4b2c5fc0, 26624, MSG_DONTWAIT, NULL, NULL) = -1 EAGAIN (Try again)
31769 1784161198.971151 recvfrom(43, "h\0\0\0\2\0\0\0\2\0\0\0\0\0\0\0(\4f\246\346\4\0\0\0\0\0\0\3333\36A"..., 26624, MSG_DONTWAIT, NULL, NULL) = 208
31769 1784161198.971382 recvfrom(43, 0x7b4b2c5fc0, 26624, MSG_DONTWAIT, NULL, NULL) = -1 EAGAIN (Try again)
31769 1784161198.993260 recvfrom(43, "h\0\0\0\2\0\0\0\2\0\0\0\0\0\0\0002\26\267\247\346\4\0\0\0\0\0\0\3333\36A"..., 26624, MSG_DONTWAIT, NULL, NULL) = 208
31769 1784161198.993528 recvfrom(43, 0x7b4b2c5fc0, 26624, MSG_DONTWAIT, NULL, NULL) = -1 EAGAIN (Try again)
31769 1784161199.022853 recvfrom(43, "h\0\0\0\2\0\0\0\2\0\0\0\0\0\0\0\22y{\251\346\4\0\0\0\0\0\0\3333\36A"..., 26624, MSG_DONTWAIT, NULL, NULL) = 208
31769 1784161199.023191 recvfrom(43, 0x7b4b2c5fc0, 26624, MSG_DONTWAIT, NULL, NULL) = -1 EAGAIN (Try again)
31769 1784161199.052416 recvfrom(43, "h\0\0\0\2\0\0\0\2\0\0\0\0\0\0\0\217\257:\253\346\4\0\0\0\0\0\0\3333\36A"..., 26624, MSG_DONTWAIT, NULL, NULL) = 208
31769 1784161199.053086 recvfrom(43, 0x7b4b2c5fc0, 26624, MSG_DONTWAIT, NULL, NULL) = -1 EAGAIN (Try again)
31769 1784161199.083320 recvfrom(43, "h\0\0\0\2\0\0\0\2\0\0\0\0\0\0\0=\2\n\255\346\4\0\0\0\0\0\0\3333\36A"..., 26624, MSG_DONTWAIT, NULL, NULL) = 208
31769 1784161199.083901 recvfrom(43, 0x7b4b2c5fc0, 26624, MSG_DONTWAIT, NULL, NULL) = -1 EAGAIN (Try again)
31769 1784161199.111650 recvfrom(43, "h\0\0\0\2\0\0\0\2\0\0\0\0\0\0\0\2460\275\256\346\4\0\0\0\0\0\0\3333\36A"..., 26624, MSG_DONTWAIT, NULL, NULL) = 208
31769 1784161199.112087 recvfrom(43, 0x7b4b2c5fc0, 26624, MSG_DONTWAIT, NULL, NULL) = -1 EAGAIN (Try again)
31769 1784161199.136563 recvfrom(43, "h\0\0\0\2\0\0\0\2\0\0\0\0\0\0\0?\202/\260\346\4\0\0\0\0\0\0\3333\36A"..., 26624, MSG_DONTWAIT, NULL, NULL) = 208
31769 1784161199.137416 recvfrom(43, 0x7b4b2c5fc0, 26624, MSG_DONTWAIT, NULL, NULL) = -1 EAGAIN (Try again)
31769 1784161199.159847 recvfrom(43, "h\0\0\0\2\0\0\0\2\0\0\0\0\0\0\0\242o\234\261\346\4\0\0\0\0\0\0\3333\36A"..., 26624, MSG_DONTWAIT, NULL, NULL) = 208
31769 1784161199.160300 recvfrom(43, 0x7b4b2c5fc0, 26624, MSG_DONTWAIT, NULL, NULL) = -1 EAGAIN (Try again)
31769 1784161199.185520 recvfrom(43, "h\0\0\0\2\0\0\0\2\0\0\0\0\0\0\0\317\363\33\263\346\4\0\0\0\0\0\0\3333\36A"..., 26624, MSG_DONTWAIT, NULL, NULL) = 208
31769 1784161199.186511 recvfrom(43, 0x7b4b2c5fc0, 26624, MSG_DONTWAIT, NULL, NULL) = -1 EAGAIN (Try again)
31769 1784161199.208534 recvfrom(43, "h\0\0\0\2\0\0\0\2\0\0\0\0\0\0\0\352|q\264\346\4\0\0\0\0\0\0\3333\36A"..., 26624, MSG_DONTWAIT, NULL, NULL) = 208
31769 1784161199.210657 recvfrom(43, 0x7b4b2c5fc0, 26624, MSG_DONTWAIT, NULL, NULL) = -1 EAGAIN (Try again)
31769 1784161199.227946 recvfrom(43, "h\0\0\0\2\0\0\0\2\0\0\0\0\0\0\0\265q\247\265\346\4\0\0\0\0\0\0\3333\36A"..., 26624, MSG_DONTWAIT, NULL, NULL) = 208
31769 1784161199.228631 recvfrom(43, 0x7b4b2c5fc0, 26624, MSG_DONTWAIT, NULL, NULL) = -1 EAGAIN (Try again)
31769 1784161199.253299 recvfrom(43, "h\0\0\0\2\0\0\0\2\0\0\0\0\0\0\0\301Y$\267\346\4\0\0\0\0\0\0\3333\36A"..., 26624, MSG_DONTWAIT, NULL, NULL) = 208
31769 1784161199.253933 recvfrom(43, 0x7b4b2c5fc0, 26624, MSG_DONTWAIT, NULL, NULL) = -1 EAGAIN (Try again)
31769 1784161199.282795 recvfrom(43, "h\0\0\0\2\0\0\0\2\0\0\0\0\0\0\0\324\326\350\270\346\4\0\0\0\0\0\0\3333\36A"..., 26624, MSG_DONTWAIT, NULL, NULL) = 208
31769 1784161199.283510 recvfrom(43, 0x7b4b2c5fc0, 26624, MSG_DONTWAIT, NULL, NULL) = -1 EAGAIN (Try again)
31769 1784161199.306024 recvfrom(43, "h\0\0\0\2\0\0\0\2\0\0\0\0\0\0\09\24D\272\346\4\0\0\0\0\0\0\3333\36A"..., 26624, MSG_DONTWAIT, NULL, NULL) = 208
31769 1784161199.306412 recvfrom(43, 0x7b4b2c5fc0, 26624, MSG_DONTWAIT, NULL, NULL) = -1 EAGAIN (Try again)
31769 1784161199.329587 recvfrom(43, "h\0\0\0\2\0\0\0\2\0\0\0\0\0\0\0S\366\265\273\346\4\0\0\0\0\0\0\3333\36A"..., 26624, MSG_DONTWAIT, NULL, NULL) = 208
31769 1784161199.330138 recvfrom(43, 0x7b4b2c5fc0, 26624, MSG_DONTWAIT, NULL, NULL) = -1 EAGAIN (Try again)
31769 1784161199.353251 recvfrom(43, "h\0\0\0\2\0\0\0\2\0\0\0\0\0\0\0r\337\31\275\346\4\0\0\0\0\0\0\3333\36A"..., 26624, MSG_DONTWAIT, NULL, NULL) = 208
31769 1784161199.354024 recvfrom(43, 0x7b4b2c5fc0, 26624, MSG_DONTWAIT, NULL, NULL) = -1 EAGAIN (Try again)
31769 1784161199.375247 recvfrom(43, "h\0\0\0\2\0\0\0\2\0\0\0\0\0\0\0\232\261u\276\346\4\0\0\0\0\0\0\3333\36A"..., 26624, MSG_DONTWAIT, NULL, NULL) = 208
31769 1784161199.375741 recvfrom(43, 0x7b4b2c5fc0, 26624, MSG_DONTWAIT, NULL, NULL) = -1 EAGAIN (Try again)
31769 1784161199.399076 recvfrom(43, "h\0\0\0\2\0\0\0\2\0\0\0\0\0\0\0\351\371\330\277\346\4\0\0\0\0\0\0\3333\36A"..., 26624, MSG_DONTWAIT, NULL, NULL) = 208
31769 1784161199.400519 recvfrom(43, "h\0\0\0\2\0\0\0\2\0\0\0\0\0\0\0k`\365\277\346\4\0\0\0\0\0\0\3333\36A"..., 26624, MSG_DONTWAIT, NULL, NULL) = 208
31769 1784161199.401018 recvfrom(43, 0x7b4b2c5fc0, 26624, MSG_DONTWAIT, NULL, NULL) = -1 EAGAIN (Try again)
31769 1784161199.471028 recvfrom(43, "h\0\0\0\2\0\0\0\2\0\0\0\0\0\0\0\202\35\27\304\346\4\0\0\0\0\0\0\3333\36A"..., 26624, MSG_DONTWAIT, NULL, NULL) = 208
31769 1784161199.471760 recvfrom(43, 0x7b4b2c5fc0, 26624, MSG_DONTWAIT, NULL, NULL) = -1 EAGAIN (Try again)
31769 1784161199.537681 recvfrom(43, "h\0\0\0\2\0\0\0\2\0\0\0\0\0\0\0001V\27\310\346\4\0\0\0\0\0\0\3333\36A"..., 26624, MSG_DONTWAIT, NULL, NULL) = 208
31769 1784161199.538140 recvfrom(43, 0x7b4b2c5fc0, 26624, MSG_DONTWAIT, NULL, NULL) = -1 EAGAIN (Try again)
31769 1784161199.607556 recvfrom(43, "h\0\0\0\2\0\0\0\2\0\0\0\0\0\0\0\320;H\314\346\4\0\0\0\0\0\0\3333\36A"..., 26624, MSG_DONTWAIT, NULL, NULL) = 208
31769 1784161199.607992 recvfrom(43, 0x7b4b2c5fc0, 26624, MSG_DONTWAIT, NULL, NULL) = -1 EAGAIN (Try again)
31769 1784161199.681362 recvfrom(43, "h\0\0\0\2\0\0\0\2\0\0\0\0\0\0\0\205\242\274\320\346\4\0\0\0\0\0\0\3333\36A"..., 26624, MSG_DONTWAIT, NULL, NULL) = 208
31769 1784161199.681666 recvfrom(43, 0x7b4b2c5fc0, 26624, MSG_DONTWAIT, NULL, NULL) = -1 EAGAIN (Try again)
31769 1784161199.752079 recvfrom(43, "h\0\0\0\2\0\0\0\2\0\0\0\0\0\0\0S\234\355\324\346\4\0\0\0\0\0\0\3333\36A"..., 26624, MSG_DONTWAIT, NULL, NULL) = 208
31769 1784161199.754091 recvfrom(43, 0x7b4b2c5fc0, 26624, MSG_DONTWAIT, NULL, NULL) = -1 EAGAIN (Try again)
31769 1784161199.824715 recvfrom(43, "h\0\0\0\2\0\0\0\2\0\0\0\0\0\0\0h\336<\331\346\4\0\0\0\0\0\0\3333\36A"..., 26624, MSG_DONTWAIT, NULL, NULL) = 208
31769 1784161199.825316 recvfrom(43, 0x7b4b2c5fc0, 26624, MSG_DONTWAIT, NULL, NULL) = -1 EAGAIN (Try again)
31769 1784161199.897250 recvfrom(43, "h\0\0\0\2\0\0\0\2\0\0\0\0\0\0\0\354\303\215\335\346\4\0\0\0\0\0\0\3333\36A"..., 26624, MSG_DONTWAIT, NULL, NULL) = 208
31769 1784161199.897741 recvfrom(43, 0x7b4b2c5fc0, 26624, MSG_DONTWAIT, NULL, NULL) = -1 EAGAIN (Try again)
31769 1784161199.971350 recvfrom(43, "h\0\0\0\2\0\0\0\2\0\0\0\0\0\0\0aB\372\341\346\4\0\0\0\0\0\0\3333\36A"..., 26624, MSG_DONTWAIT, NULL, NULL) = 208
31769 1784161199.972072 recvfrom(43, 0x7b4b2c5fc0, 26624, MSG_DONTWAIT, NULL, NULL) = -1 EAGAIN (Try again)
31769 1784161200.050634 recvfrom(43, "h\0\0\0\2\0\0\0\2\0\0\0\0\0\0\0\33\352\245\346\346\4\0\0\0\0\0\0\3333\36A"..., 26624, MSG_DONTWAIT, NULL, NULL) = 208
31769 1784161200.051663 recvfrom(43, 0x7b4b2c5fc0, 26624, MSG_DONTWAIT, NULL, NULL) = -1 EAGAIN (Try again)
31769 1784161200.118539 recvfrom(43, "h\0\0\0\2\0\0\0\2\0\0\0\0\0\0\0kF\312\352\346\4\0\0\0\0\0\0\3333\36A"..., 26624, MSG_DONTWAIT, NULL, NULL) = 208
31769 1784161200.119104 recvfrom(43, 0x7b4b2c5fc0, 26624, MSG_DONTWAIT, NULL, NULL) = -1 EAGAIN (Try again)
31769 1784161200.190898 recvfrom(43, "h\0\0\0\2\0\0\0\2\0\0\0\0\0\0\0\0\227\v\357\346\4\0\0\0\0\0\0\3333\36A"..., 26624, MSG_DONTWAIT, NULL, NULL) = 208
31769 1784161200.191327 recvfrom(43, 0x7b4b2c5fc0, 26624, MSG_DONTWAIT, NULL, NULL) = -1 EAGAIN (Try again)
31769 1784161200.262699 recvfrom(43, "h\0\0\0\2\0\0\0\2\0\0\0\0\0\0\0\325\234J\363\346\4\0\0\0\0\0\0\3333\36A"..., 26624, MSG_DONTWAIT, NULL, NULL) = 208
31769 1784161200.264466 recvfrom(43, 0x7b4b2c5fc0, 26624, MSG_DONTWAIT, NULL, NULL) = -1 EAGAIN (Try again)
31769 1784161200.329390 recvfrom(43, "h\0\0\0\2\0\0\0\2\0\0\0\0\0\0\08\247N\367\346\4\0\0\0\0\0\0\3333\36A"..., 26624, MSG_DONTWAIT, NULL, NULL) = 208
31769 1784161200.329943 recvfrom(43, 0x7b4b2c5fc0, 26624, MSG_DONTWAIT, NULL, NULL) = -1 EAGAIN (Try again)
31769 1784161200.398474 recvfrom(43, "h\0\0\0\2\0\0\0\2\0\0\0\0\0\0\0Oco\373\346\4\0\0\0\0\0\0\3333\36A"..., 26624, MSG_DONTWAIT, NULL, NULL) = 208
31769 1784161200.399047 recvfrom(43, 0x7b4b2c5fc0, 26624, MSG_DONTWAIT, NULL, NULL) = -1 EAGAIN (Try again)
31769 1784161200.469124 recvfrom(43, "h\0\0\0\2\0\0\0\2\0\0\0\0\0\0\0\232\1\255\377\346\4\0\0\0\0\0\0\3333\36A"..., 26624, MSG_DONTWAIT, NULL, NULL) = 208
31769 1784161200.469614 recvfrom(43, 0x7b4b2c5fc0, 26624, MSG_DONTWAIT, NULL, NULL) = -1 EAGAIN (Try again)
31769 1784161200.537594 recvfrom(43, "h\0\0\0\2\0\0\0\2\0\0\0\0\0\0\0\224\342\303\3\347\4\0\0\0\0\0\0\3333\36A"..., 26624, MSG_DONTWAIT, NULL, NULL) = 208
31769 1784161200.537914 recvfrom(43, 0x7b4b2c5fc0, 26624, MSG_DONTWAIT, NULL, NULL) = -1 EAGAIN (Try again)
31769 1784161200.608068 recvfrom(43, "h\0\0\0\2\0\0\0\2\0\0\0\0\0\0\0\204\334\344\7\347\4\0\0\0\0\0\0\3333\36A"..., 26624, MSG_DONTWAIT, NULL, NULL) = 208
31769 1784161200.608927 recvfrom(43, 0x7b4b2c5fc0, 26624, MSG_DONTWAIT, NULL, NULL) = -1 EAGAIN (Try again)
31769 1784161200.675197 recvfrom(43, "h\0\0\0\2\0\0\0\2\0\0\0\0\0\0\0_\301\353\v\347\4\0\0\0\0\0\0\3333\36A"..., 26624, MSG_DONTWAIT, NULL, NULL) = 208
31769 1784161200.675978 recvfrom(43, 0x7b4b2c5fc0, 26624, MSG_DONTWAIT, NULL, NULL) = -1 EAGAIN (Try again)
31769 1784161200.742555 recvfrom(43, "h\0\0\0\2\0\0\0\2\0\0\0\0\0\0\0<\177\356\17\347\4\0\0\0\0\0\0\3333\36A"..., 26624, MSG_DONTWAIT, NULL, NULL) = 208
31769 1784161200.743587 recvfrom(43, 0x7b4b2c5fc0, 26624, MSG_DONTWAIT, NULL, NULL) = -1 EAGAIN (Try again)
31769 1784161200.808706 recvfrom(43, "h\0\0\0\2\0\0\0\2\0\0\0\0\0\0\0\313H\341\23\347\4\0\0\0\0\0\0\3333\36A"..., 26624, MSG_DONTWAIT, NULL, NULL) = 208
31769 1784161200.810984 recvfrom(43, 0x7b4b2c5fc0, 26624, MSG_DONTWAIT, NULL, NULL) = -1 EAGAIN (Try again)
31769 1784161200.875292 recvfrom(43, "h\0\0\0\2\0\0\0\2\0\0\0\0\0\0\0i\222\332\27\347\4\0\0\0\0\0\0\3333\36A"..., 26624, MSG_DONTWAIT, NULL, NULL) = 208
31769 1784161200.876021 recvfrom(43, 0x7b4b2c5fc0, 26624, MSG_DONTWAIT, NULL, NULL) = -1 EAGAIN (Try again)
31769 1784161200.943115 recvfrom(43, "h\0\0\0\2\0\0\0\2\0\0\0\0\0\0\0\321\244\340\33\347\4\0\0\0\0\0\0\3333\36A"..., 26624, MSG_DONTWAIT, NULL, NULL) = 208
31769 1784161200.943653 recvfrom(43, 0x7b4b2c5fc0, 26624, MSG_DONTWAIT, NULL, NULL) = -1 EAGAIN (Try again)
31769 1784161201.020124 recvfrom(43, "h\0\0\0\2\0\0\0\2\0\0\0\0\0\0\0iGr \347\4\0\0\0\0\0\0\3333\36A"..., 26624, MSG_DONTWAIT, NULL, NULL) = 208
31769 1784161201.020822 recvfrom(43, 0x7b4b2c5fc0, 26624, MSG_DONTWAIT, NULL, NULL) = -1 EAGAIN (Try again)
31769 1784161201.094592 recvfrom(43, "h\0\0\0\2\0\0\0\2\0\0\0\0\0\0\0\16\7\352$\347\4\0\0\0\0\0\0\3333\36A"..., 26624, MSG_DONTWAIT, NULL, NULL) = 208
31769 1784161201.095313 recvfrom(43, 0x7b4b2c5fc0, 26624, MSG_DONTWAIT, NULL, NULL) = -1 EAGAIN (Try again)
31769 1784161201.163445 recvfrom(43, "h\0\0\0\2\0\0\0\2\0\0\0\0\0\0\0\272\320\6)\347\4\0\0\0\0\0\0\3333\36A"..., 26624, MSG_DONTWAIT, NULL, NULL) = 208
31769 1784161201.164011 recvfrom(43, 0x7b4b2c5fc0, 26624, MSG_DONTWAIT, NULL, NULL) = -1 EAGAIN (Try again)
31769 1784161201.236167 recvfrom(43, "h\0\0\0\2\0\0\0\2\0\0\0\0\0\0\0m\301U-\347\4\0\0\0\0\0\0\3333\36A"..., 26624, MSG_DONTWAIT, NULL, NULL) = 208
31769 1784161201.236851 recvfrom(43, 0x7b4b2c5fc0, 26624, MSG_DONTWAIT, NULL, NULL) = -1 EAGAIN (Try again)
31769 1784161201.302939 recvfrom(43, "h\0\0\0\2\0\0\0\2\0\0\0\0\0\0\0Z\260[1\347\4\0\0\0\0\0\0\3333\36A"..., 26624, MSG_DONTWAIT, NULL, NULL) = 208
31769 1784161201.303333 recvfrom(43, 0x7b4b2c5fc0, 26624, MSG_DONTWAIT, NULL, NULL) = -1 EAGAIN (Try again)
31769 1784161201.372883 recvfrom(43, "h\0\0\0\2\0\0\0\2\0\0\0\0\0\0\0\362\252\2135\347\4\0\0\0\0\0\0\3333\36A"..., 26624, MSG_DONTWAIT, NULL, NULL) = 208
31769 1784161201.374210 recvfrom(43, 0x7b4b2c5fc0, 26624, MSG_DONTWAIT, NULL, NULL) = -1 EAGAIN (Try again)
31769 1784161201.439710 recvfrom(43, "h\0\0\0\2\0\0\0\2\0\0\0\0\0\0\0\25<\2109\347\4\0\0\0\0\0\0\3333\36A"..., 26624, MSG_DONTWAIT, NULL, NULL) = 208
31769 1784161201.440102 recvfrom(43, 0x7b4b2c5fc0, 26624, MSG_DONTWAIT, NULL, NULL) = -1 EAGAIN (Try again)
31769 1784161201.514688 recvfrom(43, "h\0\0\0\2\0\0\0\2\0\0\0\0\0\0\0\204\361\353=\347\4\0\0\0\0\0\0\3333\36A"..., 26624, MSG_DONTWAIT, NULL, NULL) = 208
31769 1784161201.515135 recvfrom(43, 0x7b4b2c5fc0, 26624, MSG_DONTWAIT, NULL, NULL) = -1 EAGAIN (Try again)
31769 1784161201.583367 recvfrom(43, "h\0\0\0\2\0\0\0\2\0\0\0\0\0\0\0f\36\rB\347\4\0\0\0\0\0\0\3333\36A"..., 26624, MSG_DONTWAIT, NULL, NULL) = 208
31769 1784161201.584131 recvfrom(43, 0x7b4b2c5fc0, 26624, MSG_DONTWAIT, NULL, NULL) = -1 EAGAIN (Try again)
31769 1784161201.651510 recvfrom(43, "h\0\0\0\2\0\0\0\2\0\0\0\0\0\0\0\273\22\34F\347\4\0\0\0\0\0\0\3333\36A"..., 26624, MSG_DONTWAIT, NULL, NULL) = 208
31769 1784161201.652100 recvfrom(43, 0x7b4b2c5fc0, 26624, MSG_DONTWAIT, NULL, NULL) = -1 EAGAIN (Try again)
31769 1784161201.722684 recvfrom(43, "h\0\0\0\2\0\0\0\2\0\0\0\0\0\0\0\345\373YJ\347\4\0\0\0\0\0\0\3333\36A"..., 26624, MSG_DONTWAIT, NULL, NULL) = 208
31769 1784161201.723090 recvfrom(43, 0x7b4b2c5fc0, 26624, MSG_DONTWAIT, NULL, NULL) = -1 EAGAIN (Try again)
31769 1784161201.793708 recvfrom(43, "h\0\0\0\2\0\0\0\2\0\0\0\0\0\0\0\27=\227N\347\4\0\0\0\0\0\0\3333\36A"..., 26624, MSG_DONTWAIT, NULL, NULL) = 208
31769 1784161201.794324 recvfrom(43, 0x7b4b2c5fc0, 26624, MSG_DONTWAIT, NULL, NULL) = -1 EAGAIN (Try again)
31769 1784161201.863532 recvfrom(43, "h\0\0\0\2\0\0\0\2\0\0\0\0\0\0\0`\r\300R\347\4\0\0\0\0\0\0\3333\36A"..., 26624, MSG_DONTWAIT, NULL, NULL) = 208
31769 1784161201.864304 recvfrom(43, 0x7b4b2c5fc0, 26624, MSG_DONTWAIT, NULL, NULL) = -1 EAGAIN (Try again)
31769 1784161201.934718 recvfrom(43, "h\0\0\0\2\0\0\0\2\0\0\0\0\0\0\0\247\6\376V\347\4\0\0\0\0\0\0\3333\36A"..., 26624, MSG_DONTWAIT, NULL, NULL) = 208
31769 1784161201.937061 recvfrom(43, 0x7b4b2c5fc0, 26624, MSG_DONTWAIT, NULL, NULL) = -1 EAGAIN (Try again)
31769 1784161202.000400 recvfrom(43, "h\0\0\0\2\0\0\0\2\0\0\0\0\0\0\0\323\266\351Z\347\4\0\0\0\0\0\0\3333\36A"..., 26624, MSG_DONTWAIT, NULL, NULL) = 208
31769 1784161202.001168 recvfrom(43, 0x7b4b2c5fc0, 26624, MSG_DONTWAIT, NULL, NULL) = -1 EAGAIN (Try again)
31769 1784161202.075179 recvfrom(43, "h\0\0\0\2\0\0\0\2\0\0\0\0\0\0\0B_N_\347\4\0\0\0\0\0\0\3333\36A"..., 26624, MSG_DONTWAIT, NULL, NULL) = 208
31769 1784161202.075638 recvfrom(43, 0x7b4b2c5fc0, 26624, MSG_DONTWAIT, NULL, NULL) = -1 EAGAIN (Try again)
31769 1784161202.141239 recvfrom(43, "h\0\0\0\2\0\0\0\2\0\0\0\0\0\0\0\\$Mc\347\4\0\0\0\0\0\0\3333\36A"..., 26624, MSG_DONTWAIT, NULL, NULL) = 208
31769 1784161202.142096 recvfrom(43, 0x7b4b2c5fc0, 26624, MSG_DONTWAIT, NULL, NULL) = -1 EAGAIN (Try again)
31769 1784161202.216437 recvfrom(43, "h\0\0\0\2\0\0\0\2\0\0\0\0\0\0\0\333*\326g\347\4\0\0\0\0\0\0\3333\36A"..., 26624, MSG_DONTWAIT, NULL, NULL) = 208
31769 1784161202.216738 recvfrom(43, 0x7b4b2c5fc0, 26624, MSG_DONTWAIT, NULL, NULL) = -1 EAGAIN (Try again)
31769 1784161202.289297 recvfrom(43, "h\0\0\0\2\0\0\0\2\0\0\0\0\0\0\0y\27\35l\347\4\0\0\0\0\0\0\3333\36A"..., 26624, MSG_DONTWAIT, NULL, NULL) = 208
31769 1784161202.290421 recvfrom(43, 0x7b4b2c5fc0, 26624, MSG_DONTWAIT, NULL, NULL) = -1 EAGAIN (Try again)
31769 1784161202.356029 recvfrom(43, "h\0\0\0\2\0\0\0\2\0\0\0\0\0\0\0\336.\31p\347\4\0\0\0\0\0\0\3333\36A"..., 26624, MSG_DONTWAIT, NULL, NULL) = 208
31769 1784161202.356850 recvfrom(43, 0x7b4b2c5fc0, 26624, MSG_DONTWAIT, NULL, NULL) = -1 EAGAIN (Try again)
31769 1784161202.424010 recvfrom(43, "h\0\0\0\2\0\0\0\2\0\0\0\0\0\0\0\366\26.t\347\4\0\0\0\0\0\0\3333\36A"..., 26624, MSG_DONTWAIT, NULL, NULL) = 208
31769 1784161202.424416 recvfrom(43, 0x7b4b2c5fc0, 26624, MSG_DONTWAIT, NULL, NULL) = -1 EAGAIN (Try again)
31769 1784161202.496427 recvfrom(43, "h\0\0\0\2\0\0\0\2\0\0\0\0\0\0\0\241Xyx\347\4\0\0\0\0\0\0\3333\36A"..., 26624, MSG_DONTWAIT, NULL, NULL) = 208
31769 1784161202.498927 recvfrom(43, 0x7b4b2c5fc0, 26624, MSG_DONTWAIT, NULL, NULL) = -1 EAGAIN (Try again)
31769 1784161202.573051 recvfrom(43, "h\0\0\0\2\0\0\0\2\0\0\0\0\0\0\0000\341\3}\347\4\0\0\0\0\0\0\3333\36A"..., 26624, MSG_DONTWAIT, NULL, NULL) = 208
31769 1784161202.573765 recvfrom(43, 0x7b4b2c5fc0, 26624, MSG_DONTWAIT, NULL, NULL) = -1 EAGAIN (Try again)
31769 1784161202.641048 recvfrom(43, "h\0\0\0\2\0\0\0\2\0\0\0\0\0\0\0R\355\33\201\347\4\0\0\0\0\0\0\3333\36A"..., 26624, MSG_DONTWAIT, NULL, NULL) = 208
31769 1784161202.641564 recvfrom(43, 0x7b4b2c5fc0, 26624, MSG_DONTWAIT, NULL, NULL) = -1 EAGAIN (Try again)
31769 1784161202.714333 recvfrom(43, "h\0\0\0\2\0\0\0\2\0\0\0\0\0\0\0F\22z\205\347\4\0\0\0\0\0\0\3333\36A"..., 26624, MSG_DONTWAIT, NULL, NULL) = 208
31769 1784161202.714785 recvfrom(43, 0x7b4b2c5fc0, 26624, MSG_DONTWAIT, NULL, NULL) = -1 EAGAIN (Try again)
31769 1784161202.790623 recvfrom(43, "h\0\0\0\2\0\0\0\2\0\0\0\0\0\0\0\242\226\376\211\347\4\0\0\0\0\0\0\3333\36A"..., 26624, MSG_DONTWAIT, NULL, NULL) = 208
31769 1784161202.791350 recvfrom(43, 0x7b4b2c5fc0, 26624, MSG_DONTWAIT, NULL, NULL) = -1 EAGAIN (Try again)
31769 1784161202.862525 recvfrom(43, "h\0\0\0\2\0\0\0\2\0\0\0\0\0\0\0\324fO\216\347\4\0\0\0\0\0\0\3333\36A"..., 26624, MSG_DONTWAIT, NULL, NULL) = 208
31769 1784161202.863166 recvfrom(43, 0x7b4b2c5fc0, 26624, MSG_DONTWAIT, NULL, NULL) = -1 EAGAIN (Try again)
31769 1784161202.931940 recvfrom(43, "h\0\0\0\2\0\0\0\2\0\0\0\0\0\0\0\f\\p\222\347\4\0\0\0\0\0\0\3333\36A"..., 26624, MSG_DONTWAIT, NULL, NULL) = 208
31769 1784161202.932470 recvfrom(43, 0x7b4b2c5fc0, 26624, MSG_DONTWAIT, NULL, NULL) = -1 EAGAIN (Try again)
31769 1784161203.001490 recvfrom(43, "h\0\0\0\2\0\0\0\2\0\0\0\0\0\0\0_\v\244\226\347\4\0\0\0\0\0\0\3333\36A"..., 26624, MSG_DONTWAIT, NULL, NULL) = 208
31769 1784161203.003176 recvfrom(43, 0x7b4b2c5fc0, 26624, MSG_DONTWAIT, NULL, NULL) = -1 EAGAIN (Try again)
31769 1784161203.071823 recvfrom(43, "h\0\0\0\2\0\0\0\2\0\0\0\0\0\0\0\376m\325\232\347\4\0\0\0\0\0\0\3333\36A"..., 26624, MSG_DONTWAIT, NULL, NULL) = 208
31769 1784161203.072008 recvfrom(43, 0x7b4b2c5fc0, 26624, MSG_DONTWAIT, NULL, NULL) = -1 EAGAIN (Try again)
31769 1784161203.149195 recvfrom(43, "h\0\0\0\2\0\0\0\2\0\0\0\0\0\0\0l\277a\237\347\4\0\0\0\0\0\0\3333\36A"..., 26624, MSG_DONTWAIT, NULL, NULL) = 208
31769 1784161203.150049 recvfrom(43, 0x7b4b2c5fc0, 26624, MSG_DONTWAIT, NULL, NULL) = -1 EAGAIN (Try again)
31769 1784161203.225651 recvfrom(43, "h\0\0\0\2\0\0\0\2\0\0\0\0\0\0\0\20\\\366\243\347\4\0\0\0\0\0\0\3333\36A"..., 26624, MSG_DONTWAIT, NULL, NULL) = 208
31769 1784161203.226123 recvfrom(43, 0x7b4b2c5fc0, 26624, MSG_DONTWAIT, NULL, NULL) = -1 EAGAIN (Try again)
31769 1784161203.299169 recvfrom(43, "h\0\0\0\2\0\0\0\2\0\0\0\0\0\0\0\316\234R\250\347\4\0\0\0\0\0\0\3333\36A"..., 26624, MSG_DONTWAIT, NULL, NULL) = 208
31769 1784161203.299908 recvfrom(43, 0x7b4b2c5fc0, 26624, MSG_DONTWAIT, NULL, NULL) = -1 EAGAIN (Try again)
31769 1784161203.373679 recvfrom(43, "h\0\0\0\2\0\0\0\2\0\0\0\0\0\0\0\225\23\305\254\347\4\0\0\0\0\0\0\3333\36A"..., 26624, MSG_DONTWAIT, NULL, NULL) = 208
31769 1784161203.374221 recvfrom(43, 0x7b4b2c5fc0, 26624, MSG_DONTWAIT, NULL, NULL) = -1 EAGAIN (Try again)
31811 1784161203.378022 sendmsg(74, {msg_name=NULL, msg_namelen=0, msg_iov=[{iov_base="l\1\1\1\350\0\0\0L\0\0\0\235\0\0\0\1\1o\0;\0\0\0/re/frid"..., iov_len=408}], msg_iovlen=1, msg_controllen=0, msg_flags=0}, MSG_NOSIGNAL) = 408
31769 1784161203.440305 recvfrom(43, "h\0\0\0\2\0\0\0\2\0\0\0\0\0\0\0t\323\302\260\347\4\0\0\0\0\0\0\3333\36A"..., 26624, MSG_DONTWAIT, NULL, NULL) = 208
31769 1784161203.440623 recvfrom(43, 0x7b4b2c5fc0, 26624, MSG_DONTWAIT, NULL, NULL) = -1 EAGAIN (Try again)
31769 1784161203.508620 recvfrom(43, "h\0\0\0\2\0\0\0\2\0\0\0\0\0\0\0\324\357\312\264\347\4\0\0\0\0\0\0\3333\36A"..., 26624, MSG_DONTWAIT, NULL, NULL) = 208
31769 1784161203.510316 recvfrom(43, 0x7b4b2c5fc0, 26624, MSG_DONTWAIT, NULL, NULL) = -1 EAGAIN (Try again)
31769 1784161203.576286 recvfrom(43, "h\0\0\0\2\0\0\0\2\0\0\0\0\0\0\0s\314\324\270\347\4\0\0\0\0\0\0\3333\36A"..., 26624, MSG_DONTWAIT, NULL, NULL) = 208
31769 1784161203.576752 recvfrom(43, 0x7b4b2c5fc0, 26624, MSG_DONTWAIT, NULL, NULL) = -1 EAGAIN (Try again)
31769 1784161203.649096 recvfrom(43, "h\0\0\0\2\0\0\0\2\0\0\0\0\0\0\0{t.\275\347\4\0\0\0\0\0\0\3333\36A"..., 26624, MSG_DONTWAIT, NULL, NULL) = 208
31769 1784161203.649885 recvfrom(43, 0x7b4b2c5fc0, 26624, MSG_DONTWAIT, NULL, NULL) = -1 EAGAIN (Try again)
31769 1784161203.719054 recvfrom(43, "h\0\0\0\2\0\0\0\2\0\0\0\0\0\0\0j)^\301\347\4\0\0\0\0\0\0\3333\36A"..., 26624, MSG_DONTWAIT, NULL, NULL) = 208
31769 1784161203.719748 recvfrom(43, 0x7b4b2c5fc0, 26624, MSG_DONTWAIT, NULL, NULL) = -1 EAGAIN (Try again)
31769 1784161203.787572 recvfrom(43, "h\0\0\0\2\0\0\0\2\0\0\0\0\0\0\0\7\nl\305\347\4\0\0\0\0\0\0\3333\36A"..., 26624, MSG_DONTWAIT, NULL, NULL) = 208
31769 1784161203.788461 recvfrom(43, 0x7b4b2c5fc0, 26624, MSG_DONTWAIT, NULL, NULL) = -1 EAGAIN (Try again)
31811 1784161203.801276 sendmsg(74, {msg_name=NULL, msg_namelen=0, msg_iov=[{iov_base="l\1\1\1\350\0\0\0M\0\0\0\235\0\0\0\1\1o\0;\0\0\0/re/frid"..., iov_len=408}], msg_iovlen=1, msg_controllen=0, msg_flags=0}, MSG_NOSIGNAL) = 408
31769 1784161203.857876 recvfrom(43, "h\0\0\0\2\0\0\0\2\0\0\0\0\0\0\0007\200\246\311\347\4\0\0\0\0\0\0\3333\36A"..., 26624, MSG_DONTWAIT, NULL, NULL) = 208
31769 1784161203.858374 recvfrom(43, 0x7b4b2c5fc0, 26624, MSG_DONTWAIT, NULL, NULL) = -1 EAGAIN (Try again)
31769 1784161203.926298 recvfrom(43, "h\0\0\0\2\0\0\0\2\0\0\0\0\0\0\0\0\213\274\315\347\4\0\0\0\0\0\0\3333\36A"..., 26624, MSG_DONTWAIT, NULL, NULL) = 208
31769 1784161203.926712 recvfrom(43, 0x7b4b2c5fc0, 26624, MSG_DONTWAIT, NULL, NULL) = -1 EAGAIN (Try again)
31769 1784161203.999272 recvfrom(43, "h\0\0\0\2\0\0\0\2\0\0\0\0\0\0\0\232\233\v\322\347\4\0\0\0\0\0\0\3333\36A"..., 26624, MSG_DONTWAIT, NULL, NULL) = 208
31769 1784161204.000055 recvfrom(43, 0x7b4b2c5fc0, 26624, MSG_DONTWAIT, NULL, NULL) = -1 EAGAIN (Try again)
31769 1784161204.074723 recvfrom(43, "h\0\0\0\2\0\0\0\2\0\0\0\0\0\0\0\363+\206\326\347\4\0\0\0\0\0\0\3333\36A"..., 26624, MSG_DONTWAIT, NULL, NULL) = 208
31769 1784161204.076302 recvfrom(43, 0x7b4b2c5fc0, 26624, MSG_DONTWAIT, NULL, NULL) = -1 EAGAIN (Try again)
31769 1784161204.140349 recvfrom(43, "h\0\0\0\2\0\0\0\2\0\0\0\0\0\0\0\371pv\332\347\4\0\0\0\0\0\0\3333\36A"..., 26624, MSG_DONTWAIT, NULL, NULL) = 208
31769 1784161204.141106 recvfrom(43, 0x7b4b2c5fc0, 26624, MSG_DONTWAIT, NULL, NULL) = -1 EAGAIN (Try again)
31769 1784161204.207728 recvfrom(43, "h\0\0\0\2\0\0\0\2\0\0\0\0\0\0\0\30!}\336\347\4\0\0\0\0\0\0\3333\36A"..., 26624, MSG_DONTWAIT, NULL, NULL) = 208
31769 1784161204.208138 recvfrom(43, 0x7b4b2c5fc0, 26624, MSG_DONTWAIT, NULL, NULL) = -1 EAGAIN (Try again)
31769 1784161204.273393 recvfrom(43, "h\0\0\0\2\0\0\0\2\0\0\0\0\0\0\0\261Yc\342\347\4\0\0\0\0\0\0\3333\36A"..., 26624, MSG_DONTWAIT, NULL, NULL) = 208
31769 1784161204.274171 recvfrom(43, 0x7b4b2c5fc0, 26624, MSG_DONTWAIT, NULL, NULL) = -1 EAGAIN (Try again)
31769 1784161204.340603 recvfrom(43, "h\0\0\0\2\0\0\0\2\0\0\0\0\0\0\0g\230\\\346\347\4\0\0\0\0\0\0\3333\36A"..., 26624, MSG_DONTWAIT, NULL, NULL) = 208
31769 1784161204.341158 recvfrom(43, 0x7b4b2c5fc0, 26624, MSG_DONTWAIT, NULL, NULL) = -1 EAGAIN (Try again)
31769 1784161204.408039 recvfrom(43, "h\0\0\0\2\0\0\0\2\0\0\0\0\0\0\0\30\250]\352\347\4\0\0\0\0\0\0\3333\36A"..., 26624, MSG_DONTWAIT, NULL, NULL) = 208
31769 1784161204.408485 recvfrom(43, 0x7b4b2c5fc0, 26624, MSG_DONTWAIT, NULL, NULL) = -1 EAGAIN (Try again)
31769 1784161204.474207 recvfrom(43, "h\0\0\0\2\0\0\0\2\0\0\0\0\0\0\0\322\271S\356\347\4\0\0\0\0\0\0\3333\36A"..., 26624, MSG_DONTWAIT, NULL, NULL) = 208
31769 1784161204.474700 recvfrom(43, 0x7b4b2c5fc0, 26624, MSG_DONTWAIT, NULL, NULL) = -1 EAGAIN (Try again)
31769 1784161204.541220 recvfrom(43, "h\0\0\0\2\0\0\0\2\0\0\0\0\0\0\0\347\260Z\362\347\4\0\0\0\0\0\0\3333\36A"..., 26624, MSG_DONTWAIT, NULL, NULL) = 208
31769 1784161204.542009 recvfrom(43, 0x7b4b2c5fc0, 26624, MSG_DONTWAIT, NULL, NULL) = -1 EAGAIN (Try again)
31769 1784161204.607375 recvfrom(43, "h\0\0\0\2\0\0\0\2\0\0\0\0\0\0\0\367rT\366\347\4\0\0\0\0\0\0\3333\36A"..., 26624, MSG_DONTWAIT, NULL, NULL) = 208
31769 1784161204.609489 recvfrom(43, 0x7b4b2c5fc0, 26624, MSG_DONTWAIT, NULL, NULL) = -1 EAGAIN (Try again)
31769 1784161204.673261 recvfrom(43, "h\0\0\0\2\0\0\0\2\0\0\0\0\0\0\0\254{G\372\347\4\0\0\0\0\0\0\3333\36A"..., 26624, MSG_DONTWAIT, NULL, NULL) = 208
31769 1784161204.673444 recvfrom(43, 0x7b4b2c5fc0, 26624, MSG_DONTWAIT, NULL, NULL) = -1 EAGAIN (Try again)
31769 1784161204.749617 recvfrom(43, "h\0\0\0\2\0\0\0\2\0\0\0\0\0\0\0\207.\321\376\347\4\0\0\0\0\0\0\3333\36A"..., 26624, MSG_DONTWAIT, NULL, NULL) = 208
31769 1784161204.750040 recvfrom(43, 0x7b4b2c5fc0, 26624, MSG_DONTWAIT, NULL, NULL) = -1 EAGAIN (Try again)
31769 1784161204.820437 recvfrom(43, "h\0\0\0\2\0\0\0\2\0\0\0\0\0\0\0a\314\372\2\350\4\0\0\0\0\0\0\3333\36A"..., 26624, MSG_DONTWAIT, NULL, NULL) = 208
31769 1784161204.820776 recvfrom(43, 0x7b4b2c5fc0, 26624, MSG_DONTWAIT, NULL, NULL) = -1 EAGAIN (Try again)
31769 1784161204.889688 recvfrom(43, "h\0\0\0\2\0\0\0\2\0\0\0\0\0\0\0\221+$\7\350\4\0\0\0\0\0\0\3333\36A"..., 26624, MSG_DONTWAIT, NULL, NULL) = 208
31769 1784161204.890079 recvfrom(43, 0x7b4b2c5fc0, 26624, MSG_DONTWAIT, NULL, NULL) = -1 EAGAIN (Try again)
31769 1784161204.957551 recvfrom(43, "h\0\0\0\2\0\0\0\2\0\0\0\0\0\0\0\257z*\v\350\4\0\0\0\0\0\0\3333\36A"..., 26624, MSG_DONTWAIT, NULL, NULL) = 208
31769 1784161204.957909 recvfrom(43, 0x7b4b2c5fc0, 26624, MSG_DONTWAIT, NULL, NULL) = -1 EAGAIN (Try again)
31769 1784161205.030546 recvfrom(43, "h\0\0\0\2\0\0\0\2\0\0\0\0\0\0\0\324\262\200\17\350\4\0\0\0\0\0\0\3333\36A"..., 26624, MSG_DONTWAIT, NULL, NULL) = 208
31769 1784161205.031153 recvfrom(43, 0x7b4b2c5fc0, 26624, MSG_DONTWAIT, NULL, NULL) = -1 EAGAIN (Try again)
31769 1784161205.098833 recvfrom(43, "h\0\0\0\2\0\0\0\2\0\0\0\0\0\0\0\313o\225\23\350\4\0\0\0\0\0\0\3333\36A"..., 26624, MSG_DONTWAIT, NULL, NULL) = 208
31769 1784161205.099534 recvfrom(43, 0x7b4b2c5fc0, 26624, MSG_DONTWAIT, NULL, NULL) = -1 EAGAIN (Try again)
31769 1784161205.170914 recvfrom(43, "h\0\0\0\2\0\0\0\2\0\0\0\0\0\0\0\361\237\324\27\350\4\0\0\0\0\0\0\3333\36A"..., 26624, MSG_DONTWAIT, NULL, NULL) = 208
31769 1784161205.172968 recvfrom(43, 0x7b4b2c5fc0, 26624, MSG_DONTWAIT, NULL, NULL) = -1 EAGAIN (Try again)
31769 1784161205.244948 recvfrom(43, "h\0\0\0\2\0\0\0\2\0\0\0\0\0\0\0\307'M\34\350\4\0\0\0\0\0\0\3333\36A"..., 26624, MSG_DONTWAIT, NULL, NULL) = 208
31769 1784161205.245495 recvfrom(43, 0x7b4b2c5fc0, 26624, MSG_DONTWAIT, NULL, NULL) = -1 EAGAIN (Try again)
31769 1784161205.321450 recvfrom(43, "h\0\0\0\2\0\0\0\2\0\0\0\0\0\0\0\352S\330 \350\4\0\0\0\0\0\0\3333\36A"..., 26624, MSG_DONTWAIT, NULL, NULL) = 208
31769 1784161205.322132 recvfrom(43, 0x7b4b2c5fc0, 26624, MSG_DONTWAIT, NULL, NULL) = -1 EAGAIN (Try again)
31769 1784161205.397031 recvfrom(43, "h\0\0\0\2\0\0\0\2\0\0\0\0\0\0\0\230p\\%\350\4\0\0\0\0\0\0\3333\36A"..., 26624, MSG_DONTWAIT, NULL, NULL) = 208
31769 1784161205.397355 recvfrom(43, 0x7b4b2c5fc0, 26624, MSG_DONTWAIT, NULL, NULL) = -1 EAGAIN (Try again)
31769 1784161205.466056 recvfrom(43, "h\0\0\0\2\0\0\0\2\0\0\0\0\0\0\0\2512{)\350\4\0\0\0\0\0\0\3333\36A"..., 26624, MSG_DONTWAIT, NULL, NULL) = 208
31769 1784161205.466737 recvfrom(43, 0x7b4b2c5fc0, 26624, MSG_DONTWAIT, NULL, NULL) = -1 EAGAIN (Try again)
31769 1784161205.533370 recvfrom(43, "h\0\0\0\2\0\0\0\2\0\0\0\0\0\0\0\365a\214-\350\4\0\0\0\0\0\0\3333\36A"..., 26624, MSG_DONTWAIT, NULL, NULL) = 208
31769 1784161205.533555 recvfrom(43, 0x7b4b2c5fc0, 26624, MSG_DONTWAIT, NULL, NULL) = -1 EAGAIN (Try again)
31769 1784161205.601244 recvfrom(43, "h\0\0\0\2\0\0\0\2\0\0\0\0\0\0\09x\2201\350\4\0\0\0\0\0\0\3333\36A"..., 26624, MSG_DONTWAIT, NULL, NULL) = 208
31769 1784161205.601695 recvfrom(43, 0x7b4b2c5fc0, 26624, MSG_DONTWAIT, NULL, NULL) = -1 EAGAIN (Try again)
31769 1784161205.676369 recvfrom(43, "h\0\0\0\2\0\0\0\2\0\0\0\0\0\0\0\31\300\0106\350\4\0\0\0\0\0\0\3333\36A"..., 26624, MSG_DONTWAIT, NULL, NULL) = 208
31769 1784161205.678222 recvfrom(43, 0x7b4b2c5fc0, 26624, MSG_DONTWAIT, NULL, NULL) = -1 EAGAIN (Try again)
31769 1784161205.741696 recvfrom(43, "h\0\0\0\2\0\0\0\2\0\0\0\0\0\0\0\"\24\3549\350\4\0\0\0\0\0\0\3333\36A"..., 26624, MSG_DONTWAIT, NULL, NULL) = 208
31769 1784161205.742164 recvfrom(43, 0x7b4b2c5fc0, 26624, MSG_DONTWAIT, NULL, NULL) = -1 EAGAIN (Try again)
31769 1784161205.815822 recvfrom(43, "h\0\0\0\2\0\0\0\2\0\0\0\0\0\0\0\rCS>\350\4\0\0\0\0\0\0\3333\36A"..., 26624, MSG_DONTWAIT, NULL, NULL) = 208
31769 1784161205.816471 recvfrom(43, 0x7b4b2c5fc0, 26624, MSG_DONTWAIT, NULL, NULL) = -1 EAGAIN (Try again)
31769 1784161205.891604 recvfrom(43, "h\0\0\0\2\0\0\0\2\0\0\0\0\0\0\0\303\271\330B\350\4\0\0\0\0\0\0\3333\36A"..., 26624, MSG_DONTWAIT, NULL, NULL) = 208
31769 1784161205.891976 recvfrom(43, 0x7b4b2c5fc0, 26624, MSG_DONTWAIT, NULL, NULL) = -1 EAGAIN (Try again)
31769 1784161205.959515 recvfrom(43, "h\0\0\0\2\0\0\0\2\0\0\0\0\0\0\0\352\203\346F\350\4\0\0\0\0\0\0\3333\36A"..., 26624, MSG_DONTWAIT, NULL, NULL) = 208
31769 1784161205.959889 recvfrom(43, 0x7b4b2c5fc0, 26624, MSG_DONTWAIT, NULL, NULL) = -1 EAGAIN (Try again)
31769 1784161206.030565 recvfrom(43, "h\0\0\0\2\0\0\0\2\0\0\0\0\0\0\0N6 K\350\4\0\0\0\0\0\0\3333\36A"..., 26624, MSG_DONTWAIT, NULL, NULL) = 208
31769 1784161206.031352 recvfrom(43, 0x7b4b2c5fc0, 26624, MSG_DONTWAIT, NULL, NULL) = -1 EAGAIN (Try again)
31769 1784161206.101286 recvfrom(43, "h\0\0\0\2\0\0\0\2\0\0\0\0\0\0\0\viWO\350\4\0\0\0\0\0\0\3333\36A"..., 26624, MSG_DONTWAIT, NULL, NULL) = 208
31769 1784161206.101994 recvfrom(43, 0x7b4b2c5fc0, 26624, MSG_DONTWAIT, NULL, NULL) = -1 EAGAIN (Try again)
31769 1784161206.167974 recvfrom(43, "h\0\0\0\2\0\0\0\2\0\0\0\0\0\0\0\0173PS\350\4\0\0\0\0\0\0\3333\36A"..., 26624, MSG_DONTWAIT, NULL, NULL) = 208
31769 1784161206.168514 recvfrom(43, 0x7b4b2c5fc0, 26624, MSG_DONTWAIT, NULL, NULL) = -1 EAGAIN (Try again)
31769 1784161206.237120 recvfrom(43, "h\0\0\0\2\0\0\0\2\0\0\0\0\0\0\0y\226jW\350\4\0\0\0\0\0\0\3333\36A"..., 26624, MSG_DONTWAIT, NULL, NULL) = 208
31769 1784161206.239296 recvfrom(43, 0x7b4b2c5fc0, 26624, MSG_DONTWAIT, NULL, NULL) = -1 EAGAIN (Try again)
31769 1784161206.306464 recvfrom(43, "h\0\0\0\2\0\0\0\2\0\0\0\0\0\0\0`\331\234[\350\4\0\0\0\0\0\0\3333\36A"..., 26624, MSG_DONTWAIT, NULL, NULL) = 208
31769 1784161206.306805 recvfrom(43, 0x7b4b2c5fc0, 26624, MSG_DONTWAIT, NULL, NULL) = -1 EAGAIN (Try again)
31769 1784161206.373853 recvfrom(43, "h\0\0\0\2\0\0\0\2\0\0\0\0\0\0\0YO\241_\350\4\0\0\0\0\0\0\3333\36A"..., 26624, MSG_DONTWAIT, NULL, NULL) = 208
31769 1784161206.374177 recvfrom(43, 0x7b4b2c5fc0, 26624, MSG_DONTWAIT, NULL, NULL) = -1 EAGAIN (Try again)
31769 1784161206.441116 recvfrom(43, "h\0\0\0\2\0\0\0\2\0\0\0\0\0\0\0\r\203\244c\350\4\0\0\0\0\0\0\3333\36A"..., 26624, MSG_DONTWAIT, NULL, NULL) = 208
31769 1784161206.441466 recvfrom(43, 0x7b4b2c5fc0, 26624, MSG_DONTWAIT, NULL, NULL) = -1 EAGAIN (Try again)
31769 1784161206.509670 recvfrom(43, "h\0\0\0\2\0\0\0\2\0\0\0\0\0\0\0a\261\256g\350\4\0\0\0\0\0\0\3333\36A"..., 26624, MSG_DONTWAIT, NULL, NULL) = 208
31769 1784161206.510130 recvfrom(43, 0x7b4b2c5fc0, 26624, MSG_DONTWAIT, NULL, NULL) = -1 EAGAIN (Try again)
31769 1784161206.584833 recvfrom(43, "h\0\0\0\2\0\0\0\2\0\0\0\0\0\0\0b\207)l\350\4\0\0\0\0\0\0\3333\36A"..., 26624, MSG_DONTWAIT, NULL, NULL) = 208
31769 1784161206.585421 recvfrom(43, 0x7b4b2c5fc0, 26624, MSG_DONTWAIT, NULL, NULL) = -1 EAGAIN (Try again)
31769 1784161206.653281 recvfrom(43, "h\0\0\0\2\0\0\0\2\0\0\0\0\0\0\0\32,7p\350\4\0\0\0\0\0\0\3333\36A"..., 26624, MSG_DONTWAIT, NULL, NULL) = 208
31769 1784161206.654104 recvfrom(43, 0x7b4b2c5fc0, 26624, MSG_DONTWAIT, NULL, NULL) = -1 EAGAIN (Try again)
31769 1784161206.727779 recvfrom(43, "h\0\0\0\2\0\0\0\2\0\0\0\0\0\0\0.W\267t\350\4\0\0\0\0\0\0\3333\36A"..., 26624, MSG_DONTWAIT, NULL, NULL) = 208
31769 1784161206.728254 recvfrom(43, 0x7b4b2c5fc0, 26624, MSG_DONTWAIT, NULL, NULL) = -1 EAGAIN (Try again)
31769 1784161206.795456 recvfrom(43, "h\0\0\0\2\0\0\0\2\0\0\0\0\0\0\0H\216\271x\350\4\0\0\0\0\0\0\3333\36A"..., 26624, MSG_DONTWAIT, NULL, NULL) = 208
31769 1784161206.797261 recvfrom(43, 0x7b4b2c5fc0, 26624, MSG_DONTWAIT, NULL, NULL) = -1 EAGAIN (Try again)
31769 1784161206.862470 recvfrom(43, "h\0\0\0\2\0\0\0\2\0\0\0\0\0\0\0\350\251\265|\350\4\0\0\0\0\0\0\3333\36A"..., 26624, MSG_DONTWAIT, NULL, NULL) = 208
31769 1784161206.863182 recvfrom(43, 0x7b4b2c5fc0, 26624, MSG_DONTWAIT, NULL, NULL) = -1 EAGAIN (Try again)
31769 1784161206.931130 recvfrom(43, "h\0\0\0\2\0\0\0\2\0\0\0\0\0\0\0?*\316\200\350\4\0\0\0\0\0\0\3333\36A"..., 26624, MSG_DONTWAIT, NULL, NULL) = 208
31769 1784161206.931835 recvfrom(43, 0x7b4b2c5fc0, 26624, MSG_DONTWAIT, NULL, NULL) = -1 EAGAIN (Try again)
31769 1784161206.998047 recvfrom(43, "h\0\0\0\2\0\0\0\2\0\0\0\0\0\0\0\31f\312\204\350\4\0\0\0\0\0\0\3333\36A"..., 26624, MSG_DONTWAIT, NULL, NULL) = 208
31769 1784161206.998578 recvfrom(43, 0x7b4b2c5fc0, 26624, MSG_DONTWAIT, NULL, NULL) = -1 EAGAIN (Try again)
31769 1784161207.071414 recvfrom(43, "h\0\0\0\2\0\0\0\2\0\0\0\0\0\0\0\362d'\211\350\4\0\0\0\0\0\0\3333\36A"..., 26624, MSG_DONTWAIT, NULL, NULL) = 208
31769 1784161207.072074 recvfrom(43, 0x7b4b2c5fc0, 26624, MSG_DONTWAIT, NULL, NULL) = -1 EAGAIN (Try again)
31769 1784161207.136939 recvfrom(43, "h\0\0\0\2\0\0\0\2\0\0\0\0\0\0\0\231\307\20\215\350\4\0\0\0\0\0\0\3333\36A"..., 26624, MSG_DONTWAIT, NULL, NULL) = 208
31769 1784161207.137333 recvfrom(43, 0x7b4b2c5fc0, 26624, MSG_DONTWAIT, NULL, NULL) = -1 EAGAIN (Try again)
31769 1784161207.204978 recvfrom(43, "h\0\0\0\2\0\0\0\2\0\0\0\0\0\0\0\263c-\221\350\4\0\0\0\0\0\0\3333\36A"..., 26624, MSG_DONTWAIT, NULL, NULL) = 208
31769 1784161207.205536 recvfrom(43, 0x7b4b2c5fc0, 26624, MSG_DONTWAIT, NULL, NULL) = -1 EAGAIN (Try again)
31769 1784161207.282760 recvfrom(43, "h\0\0\0\2\0\0\0\2\0\0\0\0\0\0\0\377~\274\225\350\4\0\0\0\0\0\0\3333\36A"..., 26624, MSG_DONTWAIT, NULL, NULL) = 208
31769 1784161207.283273 recvfrom(43, 0x7b4b2c5fc0, 26624, MSG_DONTWAIT, NULL, NULL) = -1 EAGAIN (Try again)
31769 1784161207.355990 recvfrom(43, "h\0\0\0\2\0\0\0\2\0\0\0\0\0\0\0\217\342\37\232\350\4\0\0\0\0\0\0\3333\36A"..., 26624, MSG_DONTWAIT, NULL, NULL) = 208
31769 1784161207.357461 recvfrom(43, 0x7b4b2c5fc0, 26624, MSG_DONTWAIT, NULL, NULL) = -1 EAGAIN (Try again)
31769 1784161207.424629 recvfrom(43, "h\0\0\0\2\0\0\0\2\0\0\0\0\0\0\0\336\2724\236\350\4\0\0\0\0\0\0\3333\36A"..., 26624, MSG_DONTWAIT, NULL, NULL) = 208
31769 1784161207.426388 recvfrom(43, 0x7b4b2c5fc0, 26624, MSG_DONTWAIT, NULL, NULL) = -1 EAGAIN (Try again)
31769 1784161207.493275 recvfrom(43, "h\0\0\0\2\0\0\0\2\0\0\0\0\0\0\00076H\242\350\4\0\0\0\0\0\0\3333\36A"..., 26624, MSG_DONTWAIT, NULL, NULL) = 208
31769 1784161207.493715 recvfrom(43, 0x7b4b2c5fc0, 26624, MSG_DONTWAIT, NULL, NULL) = -1 EAGAIN (Try again)
31769 1784161207.569614 recvfrom(43, "h\0\0\0\2\0\0\0\2\0\0\0\0\0\0\0D\214\327\246\350\4\0\0\0\0\0\0\3333\36A"..., 26624, MSG_DONTWAIT, NULL, NULL) = 208
31769 1784161207.570005 recvfrom(43, 0x7b4b2c5fc0, 26624, MSG_DONTWAIT, NULL, NULL) = -1 EAGAIN (Try again)
31769 1784161207.639157 recvfrom(43, "h\0\0\0\2\0\0\0\2\0\0\0\0\0\0\0\22\237\5\253\350\4\0\0\0\0\0\0\3333\36A"..., 26624, MSG_DONTWAIT, NULL, NULL) = 208
31769 1784161207.639546 recvfrom(43, 0x7b4b2c5fc0, 26624, MSG_DONTWAIT, NULL, NULL) = -1 EAGAIN (Try again)
31769 1784161207.712332 recvfrom(43, "h\0\0\0\2\0\0\0\2\0\0\0\0\0\0\0001I^\257\350\4\0\0\0\0\0\0\3333\36A"..., 26624, MSG_DONTWAIT, NULL, NULL) = 208
31769 1784161207.712884 recvfrom(43, 0x7b4b2c5fc0, 26624, MSG_DONTWAIT, NULL, NULL) = -1 EAGAIN (Try again)
31769 1784161207.787178 recvfrom(43, "h\0\0\0\2\0\0\0\2\0\0\0\0\0\0\0\331\345\316\263\350\4\0\0\0\0\0\0\3333\36A"..., 26624, MSG_DONTWAIT, NULL, NULL) = 208
31769 1784161207.787649 recvfrom(43, 0x7b4b2c5fc0, 26624, MSG_DONTWAIT, NULL, NULL) = -1 EAGAIN (Try again)
31769 1784161207.853755 recvfrom(43, "h\0\0\0\2\0\0\0\2\0\0\0\0\0\0\0,\224\306\267\350\4\0\0\0\0\0\0\3333\36A"..., 26624, MSG_DONTWAIT, NULL, NULL) = 208
31769 1784161207.854227 recvfrom(43, 0x7b4b2c5fc0, 26624, MSG_DONTWAIT, NULL, NULL) = -1 EAGAIN (Try again)
31769 1784161207.928408 recvfrom(43, "h\0\0\0\2\0\0\0\2\0\0\0\0\0\0\0\212\272?\274\350\4\0\0\0\0\0\0\3333\36A"..., 26624, MSG_DONTWAIT, NULL, NULL) = 208
31769 1784161207.930477 recvfrom(43, 0x7b4b2c5fc0, 26624, MSG_DONTWAIT, NULL, NULL) = -1 EAGAIN (Try again)
31769 1784161207.993736 recvfrom(43, "h\0\0\0\2\0\0\0\2\0\0\0\0\0\0\0\273e.\300\350\4\0\0\0\0\0\0\3333\36A"..., 26624, MSG_DONTWAIT, NULL, NULL) = 208
31769 1784161207.994010 recvfrom(43, 0x7b4b2c5fc0, 26624, MSG_DONTWAIT, NULL, NULL) = -1 EAGAIN (Try again)
31769 1784161208.061601 recvfrom(43, "h\0\0\0\2\0\0\0\2\0\0\0\0\0\0\0Q\372:\304\350\4\0\0\0\0\0\0\3333\36A"..., 26624, MSG_DONTWAIT, NULL, NULL) = 208
31769 1784161208.061995 recvfrom(43, 0x7b4b2c5fc0, 26624, MSG_DONTWAIT, NULL, NULL) = -1 EAGAIN (Try again)
31769 1784161208.128443 recvfrom(43, "h\0\0\0\2\0\0\0\2\0\0\0\0\0\0\0\210\245*\310\350\4\0\0\0\0\0\0\3333\36A"..., 26624, MSG_DONTWAIT, NULL, NULL) = 208
31769 1784161208.128885 recvfrom(43, 0x7b4b2c5fc0, 26624, MSG_DONTWAIT, NULL, NULL) = -1 EAGAIN (Try again)
31769 1784161208.200828 recvfrom(43, "h\0\0\0\2\0\0\0\2\0\0\0\0\0\0\0\266F|\314\350\4\0\0\0\0\0\0\3333\36A"..., 26624, MSG_DONTWAIT, NULL, NULL) = 208
31769 1784161208.201551 recvfrom(43, 0x7b4b2c5fc0, 26624, MSG_DONTWAIT, NULL, NULL) = -1 EAGAIN (Try again)
31811 1784161208.262371 sendmsg(74, {msg_name=NULL, msg_namelen=0, msg_iov=[{iov_base="l\1\1\1\350\0\0\0N\0\0\0\235\0\0\0\1\1o\0;\0\0\0/re/frid"..., iov_len=408}], msg_iovlen=1, msg_controllen=0, msg_flags=0}, MSG_NOSIGNAL) = 408
31769 1784161208.266992 recvfrom(43, "h\0\0\0\2\0\0\0\2\0\0\0\0\0\0\0\267\253w\320\350\4\0\0\0\0\0\0\3333\36A"..., 26624, MSG_DONTWAIT, NULL, NULL) = 208
31769 1784161208.267382 recvfrom(43, 0x7b4b2c5fc0, 26624, MSG_DONTWAIT, NULL, NULL) = -1 EAGAIN (Try again)
31769 1784161208.344246 recvfrom(43, "h\0\0\0\2\0\0\0\2\0\0\0\0\0\0\0;\335\21\325\350\4\0\0\0\0\0\0\3333\36A"..., 26624, MSG_DONTWAIT, NULL, NULL) = 208
31769 1784161208.344631 recvfrom(43, 0x7b4b2c5fc0, 26624, MSG_DONTWAIT, NULL, NULL) = -1 EAGAIN (Try again)
31811 1784161208.345706 sendmsg(74, {msg_name=NULL, msg_namelen=0, msg_iov=[{iov_base="l\1\1\1\350\0\0\0O\0\0\0\235\0\0\0\1\1o\0;\0\0\0/re/frid"..., iov_len=408}], msg_iovlen=1, msg_controllen=0, msg_flags=0}, MSG_NOSIGNAL) = 408
31769 1784161208.411485 recvfrom(43, "h\0\0\0\2\0\0\0\2\0\0\0\0\0\0\0\226\26\23\331\350\4\0\0\0\0\0\0\3333\36A"..., 26624, MSG_DONTWAIT, NULL, NULL) = 208
31769 1784161208.411895 recvfrom(43, 0x7b4b2c5fc0, 26624, MSG_DONTWAIT, NULL, NULL) = -1 EAGAIN (Try again)
31769 1784161208.486650 recvfrom(43, "h\0\0\0\2\0\0\0\2\0\0\0\0\0\0\0\16\346}\335\350\4\0\0\0\0\0\0\3333\36A"..., 26624, MSG_DONTWAIT, NULL, NULL) = 208
31769 1784161208.488116 recvfrom(43, 0x7b4b2c5fc0, 26624, MSG_DONTWAIT, NULL, NULL) = -1 EAGAIN (Try again)
31769 1784161208.556223 recvfrom(43, "h\0\0\0\2\0\0\0\2\0\0\0\0\0\0\0\304\r\250\341\350\4\0\0\0\0\0\0\3333\36A"..., 26624, MSG_DONTWAIT, NULL, NULL) = 208
31769 1784161208.556617 recvfrom(43, 0x7b4b2c5fc0, 26624, MSG_DONTWAIT, NULL, NULL) = -1 EAGAIN (Try again)
31769 1784161208.624915 recvfrom(43, "h\0\0\0\2\0\0\0\2\0\0\0\0\0\0\0A\354\274\345\350\4\0\0\0\0\0\0\3333\36A"..., 26624, MSG_DONTWAIT, NULL, NULL) = 208
31769 1784161208.625705 recvfrom(43, 0x7b4b2c5fc0, 26624, MSG_DONTWAIT, NULL, NULL) = -1 EAGAIN (Try again)
31811 1784161208.660168 sendmsg(74, {msg_name=NULL, msg_namelen=0, msg_iov=[{iov_base="l\1\1\1\350\0\0\0P\0\0\0\235\0\0\0\1\1o\0;\0\0\0/re/frid"..., iov_len=408}], msg_iovlen=1, msg_controllen=0, msg_flags=0}, MSG_NOSIGNAL) = 408
31769 1784161208.690706 recvfrom(43, "h\0\0\0\2\0\0\0\2\0\0\0\0\0\0\0|\237\265\351\350\4\0\0\0\0\0\0\3333\36A"..., 26624, MSG_DONTWAIT, NULL, NULL) = 208
31769 1784161208.690958 recvfrom(43, 0x7b4b2c5fc0, 26624, MSG_DONTWAIT, NULL, NULL) = -1 EAGAIN (Try again)
31769 1784161208.759690 recvfrom(43, "h\0\0\0\2\0\0\0\2\0\0\0\0\0\0\0#H\323\355\350\4\0\0\0\0\0\0\3333\36A"..., 26624, MSG_DONTWAIT, NULL, NULL) = 208
31769 1784161208.760251 recvfrom(43, 0x7b4b2c5fc0, 26624, MSG_DONTWAIT, NULL, NULL) = -1 EAGAIN (Try again)
31769 1784161208.826136 recvfrom(43, "h\0\0\0\2\0\0\0\2\0\0\0\0\0\0\0$7\316\361\350\4\0\0\0\0\0\0\3333\36A"..., 26624, MSG_DONTWAIT, NULL, NULL) = 208
31769 1784161208.826363 recvfrom(43, 0x7b4b2c5fc0, 26624, MSG_DONTWAIT, NULL, NULL) = -1 EAGAIN (Try again)
31769 1784161208.894141 recvfrom(43, "h\0\0\0\2\0\0\0\2\0\0\0\0\0\0\0\243%\336\365\350\4\0\0\0\0\0\0\3333\36A"..., 26624, MSG_DONTWAIT, NULL, NULL) = 208
31769 1784161208.895450 recvfrom(43, 0x7b4b2c5fc0, 26624, MSG_DONTWAIT, NULL, NULL) = -1 EAGAIN (Try again)
31769 1784161208.961038 recvfrom(43, "h\0\0\0\2\0\0\0\2\0\0\0\0\0\0\0\2270\327\371\350\4\0\0\0\0\0\0\3333\36A"..., 26624, MSG_DONTWAIT, NULL, NULL) = 208
31769 1784161208.961409 recvfrom(43, 0x7b4b2c5fc0, 26624, MSG_DONTWAIT, NULL, NULL) = -1 EAGAIN (Try again)
31769 1784161209.037004 recvfrom(43, "h\0\0\0\2\0\0\0\2\0\0\0\0\0\0\0\366TN\376\350\4\0\0\0\0\0\0\3333\36A"..., 26624, MSG_DONTWAIT, NULL, NULL) = 208
31769 1784161209.038869 recvfrom(43, 0x7b4b2c5fc0, 26624, MSG_DONTWAIT, NULL, NULL) = -1 EAGAIN (Try again)
31769 1784161209.110348 recvfrom(43, "h\0\0\0\2\0\0\0\2\0\0\0\0\0\0\0`w\257\2\351\4\0\0\0\0\0\0\3333\36A"..., 26624, MSG_DONTWAIT, NULL, NULL) = 208
31769 1784161209.110763 recvfrom(43, 0x7b4b2c5fc0, 26624, MSG_DONTWAIT, NULL, NULL) = -1 EAGAIN (Try again)
31769 1784161209.177599 recvfrom(43, "h\0\0\0\2\0\0\0\2\0\0\0\0\0\0\0m\301\264\6\351\4\0\0\0\0\0\0\3333\36A"..., 26624, MSG_DONTWAIT, NULL, NULL) = 208
31769 1784161209.178266 recvfrom(43, 0x7b4b2c5fc0, 26624, MSG_DONTWAIT, NULL, NULL) = -1 EAGAIN (Try again)
31769 1784161209.243931 recvfrom(43, "h\0\0\0\2\0\0\0\2\0\0\0\0\0\0\0\342!\251\n\351\4\0\0\0\0\0\0\3333\36A"..., 26624, MSG_DONTWAIT, NULL, NULL) = 208
31769 1784161209.244305 recvfrom(43, 0x7b4b2c5fc0, 26624, MSG_DONTWAIT, NULL, NULL) = -1 EAGAIN (Try again)
31769 1784161209.317113 recvfrom(43, "h\0\0\0\2\0\0\0\2\0\0\0\0\0\0\0002\227\5\17\351\4\0\0\0\0\0\0\3333\36A"..., 26624, MSG_DONTWAIT, NULL, NULL) = 208
31769 1784161209.317666 recvfrom(43, 0x7b4b2c5fc0, 26624, MSG_DONTWAIT, NULL, NULL) = -1 EAGAIN (Try again)
31769 1784161209.387301 recvfrom(43, "h\0\0\0\2\0\0\0\2\0\0\0\0\0\0\0\346\2755\23\351\4\0\0\0\0\0\0\3333\36A"..., 26624, MSG_DONTWAIT, NULL, NULL) = 208
31769 1784161209.387786 recvfrom(43, 0x7b4b2c5fc0, 26624, MSG_DONTWAIT, NULL, NULL) = -1 EAGAIN (Try again)
31769 1784161209.455694 recvfrom(43, "h\0\0\0\2\0\0\0\2\0\0\0\0\0\0\0Y\325Q\27\351\4\0\0\0\0\0\0\3333\36A"..., 26624, MSG_DONTWAIT, NULL, NULL) = 208
31769 1784161209.456094 recvfrom(43, 0x7b4b2c5fc0, 26624, MSG_DONTWAIT, NULL, NULL) = -1 EAGAIN (Try again)
31769 1784161209.524775 recvfrom(43, "h\0\0\0\2\0\0\0\2\0\0\0\0\0\0\0f&f\33\351\4\0\0\0\0\0\0\3333\36A"..., 26624, MSG_DONTWAIT, NULL, NULL) = 208
31769 1784161209.525155 recvfrom(43, 0x7b4b2c5fc0, 26624, MSG_DONTWAIT, NULL, NULL) = -1 EAGAIN (Try again)
31769 1784161209.590310 recvfrom(43, "h\0\0\0\2\0\0\0\2\0\0\0\0\0\0\0\363\255T\37\351\4\0\0\0\0\0\0\3333\36A"..., 26624, MSG_DONTWAIT, NULL, NULL) = 208
31769 1784161209.591990 recvfrom(43, 0x7b4b2c5fc0, 26624, MSG_DONTWAIT, NULL, NULL) = -1 EAGAIN (Try again)
31769 1784161209.655751 recvfrom(43, "h\0\0\0\2\0\0\0\2\0\0\0\0\0\0\0\7\361=#\351\4\0\0\0\0\0\0\3333\36A"..., 26624, MSG_DONTWAIT, NULL, NULL) = 208
31769 1784161209.656016 recvfrom(43, 0x7b4b2c5fc0, 26624, MSG_DONTWAIT, NULL, NULL) = -1 EAGAIN (Try again)
31769 1784161209.731643 recvfrom(43, "h\0\0\0\2\0\0\0\2\0\0\0\0\0\0\0\350\310\303'\351\4\0\0\0\0\0\0\3333\36A"..., 26624, MSG_DONTWAIT, NULL, NULL) = 208
31769 1784161209.732053 recvfrom(43, 0x7b4b2c5fc0, 26624, MSG_DONTWAIT, NULL, NULL) = -1 EAGAIN (Try again)
31769 1784161209.803213 recvfrom(43, "h\0\0\0\2\0\0\0\2\0\0\0\0\0\0\0\344\322\367+\351\4\0\0\0\0\0\0\3333\36A"..., 26624, MSG_DONTWAIT, NULL, NULL) = 208
31769 1784161209.803776 recvfrom(43, 0x7b4b2c5fc0, 26624, MSG_DONTWAIT, NULL, NULL) = -1 EAGAIN (Try again)
31769 1784161209.876751 recvfrom(43, "h\0\0\0\2\0\0\0\2\0\0\0\0\0\0\0\222\257\\0\351\4\0\0\0\0\0\0\3333\36A"..., 26624, MSG_DONTWAIT, NULL, NULL) = 208
31769 1784161209.877275 recvfrom(43, 0x7b4b2c5fc0, 26624, MSG_DONTWAIT, NULL, NULL) = -1 EAGAIN (Try again)
31769 1784161209.943656 recvfrom(43, "h\0\0\0\2\0\0\0\2\0\0\0\0\0\0\0006X\\4\351\4\0\0\0\0\0\0\3333\36A"..., 26624, MSG_DONTWAIT, NULL, NULL) = 208
31769 1784161209.944311 recvfrom(43, 0x7b4b2c5fc0, 26624, MSG_DONTWAIT, NULL, NULL) = -1 EAGAIN (Try again)
31769 1784161210.011704 recvfrom(43, "h\0\0\0\2\0\0\0\2\0\0\0\0\0\0\0C\324j8\351\4\0\0\0\0\0\0\3333\36A"..., 26624, MSG_DONTWAIT, NULL, NULL) = 208
31769 1784161210.012304 recvfrom(43, 0x7b4b2c5fc0, 26624, MSG_DONTWAIT, NULL, NULL) = -1 EAGAIN (Try again)
31769 1784161210.086543 recvfrom(43, "h\0\0\0\2\0\0\0\2\0\0\0\0\0\0\0\2476\333<\351\4\0\0\0\0\0\0\3333\36A"..., 26624, MSG_DONTWAIT, NULL, NULL) = 208
31769 1784161210.087013 recvfrom(43, 0x7b4b2c5fc0, 26624, MSG_DONTWAIT, NULL, NULL) = -1 EAGAIN (Try again)
31769 1784161210.157284 recvfrom(43, "h\0\0\0\2\0\0\0\2\0\0\0\0\0\0\09n\27A\351\4\0\0\0\0\0\0\3333\36A"..., 26624, MSG_DONTWAIT, NULL, NULL) = 208
31769 1784161210.159377 recvfrom(43, 0x7b4b2c5fc0, 26624, MSG_DONTWAIT, NULL, NULL) = -1 EAGAIN (Try again)
31769 1784161210.231998 recvfrom(43, "h\0\0\0\2\0\0\0\2\0\0\0\0\0\0\0o\5\214E\351\4\0\0\0\0\0\0\3333\36A"..., 26624, MSG_DONTWAIT, NULL, NULL) = 208
31769 1784161210.232720 recvfrom(43, 0x7b4b2c5fc0, 26624, MSG_DONTWAIT, NULL, NULL) = -1 EAGAIN (Try again)
31769 1784161210.306556 recvfrom(43, "h\0\0\0\2\0\0\0\2\0\0\0\0\0\0\0<b\1J\351\4\0\0\0\0\0\0\3333\36A"..., 26624, MSG_DONTWAIT, NULL, NULL) = 208
31769 1784161210.307080 recvfrom(43, 0x7b4b2c5fc0, 26624, MSG_DONTWAIT, NULL, NULL) = -1 EAGAIN (Try again)
31769 1784161210.373441 recvfrom(43, "h\0\0\0\2\0\0\0\2\0\0\0\0\0\0\0x\252\5N\351\4\0\0\0\0\0\0\3333\36A"..., 26624, MSG_DONTWAIT, NULL, NULL) = 208
31769 1784161210.373797 recvfrom(43, 0x7b4b2c5fc0, 26624, MSG_DONTWAIT, NULL, NULL) = -1 EAGAIN (Try again)
