6370  1784421825.108250 sendmsg(148, {msg_name=NULL, msg_namelen=0, msg_iov=[{iov_base="l\1\1\1\374\0\0\0L\0\0\0\235\0\0\0\1\1o\0;\0\0\0/re/frid"..., iov_len=428}], msg_iovlen=1, msg_controllen=0, msg_flags=0}, MSG_NOSIGNAL) = 428
6272  1784421826.099375 sendto(105, "h\0\0\0\0\0\0\0\5\0\0\0\0\0\0\0\0\0\0\0\0\0\0\0\364P|]\2446\2210"..., 104, MSG_NOSIGNAL, NULL, 0) = 104
6330  1784421826.100247 recvmsg(105, {msg_name=NULL, msg_namelen=0, msg_iov=[{iov_base="P\2\0\0\0\0\0\0\5\0\0\0\0\0\0\0\0\0\0\0\0\0\0\0\236\257>\303N\6\232\251"..., iov_len=4096}], msg_iovlen=1, msg_controllen=0, msg_flags=0}, MSG_DONTWAIT) = 592
6330  1784421826.110030 sendto(105, "\310\0\0\0\0\0\0\0\5\0\0\0\0\0\0\0\0\0\0\0\0\0\0\0-\t\tK\216\205\\t"..., 200, MSG_NOSIGNAL, NULL, 0) = 200
6330  1784421826.110571 sendto(105, "h\0\0\0\0\0\0\0\5\0\0\0\0\0\0\0\0\0\0\0\0\0\0\0-\t\tK\216\205\\t"..., 104, MSG_NOSIGNAL, NULL, 0) = 104
6330  1784421826.114511 recvmsg(105, {msg_name=NULL, msg_namelen=0, msg_iov=[{iov_base="8\1\0\0\0\0\0\0\5\0\0\0\0\0\0\0\0\0\0\0\0\0\0\0[\177\203\230x\36\311\204"..., iov_len=4096}], msg_iovlen=1, msg_controllen=0, msg_flags=0}, MSG_DONTWAIT) = 624
6330  1784421826.115483 sendto(105, "(\0\0\0\0\0\0\0\5\0\0\0\0\0\0\0\1\0\0\0\0\0\0\0-R7\315~f\377\212"..., 40, MSG_NOSIGNAL, NULL, 0) = 40
6330  1784421826.116869 sendto(105, "(\0\0\0\0\0\0\0\5\0\0\0\0\0\0\0\1\0\0\0\0\0\0\0\371\330\10'.\327\344\353"..., 40, MSG_NOSIGNAL, NULL, 0) = 40
6330  1784421826.118268 recvmsg(105, {msg_name=NULL, msg_namelen=0, msg_iov=[{iov_base="(\1\0\0\0\0\0\0\5\0\0\0\0\0\0\0\0\0\0\0\0\0\0\092q\236w\236\237U"..., iov_len=4096}], msg_iovlen=1, msg_controllen=0, msg_flags=0}, MSG_DONTWAIT) = 504
6330  1784421826.118864 sendto(105, "(\0\0\0\0\0\0\0\5\0\0\0\0\0\0\0\1\0\0\0\0\0\0\0\366\17!\230=\2254Q"..., 40, MSG_NOSIGNAL, NULL, 0) = 40
6330  1784421826.119280 sendto(105, "h\0\0\0\0\0\0\0\5\0\0\0\0\0\0\0\2\0\0\0\0\0\0\0V\371x\7\351{\31\370"..., 104, MSG_NOSIGNAL, NULL, 0) = 104
6330  1784421826.119718 sendto(105, "h\0\0\0\0\0\0\0\5\0\0\0\0\0\0\0\2\0\0\0\0\0\0\0W\253\rr[\356\30\306"..., 104, MSG_NOSIGNAL, NULL, 0) = 104
6272  1784421826.120767 sendto(105, "h\0\0\0\0\0\0\0\5\0\0\0\0\0\0\0\0\0\0\0\0\0\0\0\232\223\30\3479\273Q\30"..., 104, MSG_NOSIGNAL, NULL, 0 <unfinished ...>
6330  1784421826.120807 recvmsg(105, {msg_name=NULL, msg_namelen=0, msg_iov=[{iov_base="h\0\0\0\0\0\0\0\5\0\0\0\0\0\0\0\2\0\0\0\0\0\0\0\310v\215\364\265\256\357\372"..., iov_len=4096}], msg_iovlen=1, msg_controllen=0, msg_flags=0}, MSG_DONTWAIT) = 104
6272  1784421826.121279 <... sendto resumed> ) = 104
6330  1784421826.122574 sendto(105, "h\0\0\0\0\0\0\0\5\0\0\0\0\0\0\0\2\0\0\0\0\0\0\0\232\223\30\3479\273Q\30"..., 104, MSG_NOSIGNAL, NULL, 0) = 104
6370  1784421826.137260 sendmsg(148, {msg_name=NULL, msg_namelen=0, msg_iov=[{iov_base="l\1\1\1\374\0\0\0M\0\0\0\235\0\0\0\1\1o\0;\0\0\0/re/frid"..., iov_len=428}], msg_iovlen=1, msg_controllen=0, msg_flags=0}, MSG_NOSIGNAL) = 428
6370  1784421826.158548 sendmsg(148, {msg_name=NULL, msg_namelen=0, msg_iov=[{iov_base="l\1\1\1\374\0\0\0N\0\0\0\235\0\0\0\1\1o\0;\0\0\0/re/frid"..., iov_len=428}], msg_iovlen=1, msg_controllen=0, msg_flags=0}, MSG_NOSIGNAL) = 428
6370  1784421826.172526 sendmsg(148, {msg_name=NULL, msg_namelen=0, msg_iov=[{iov_base="l\1\1\1\374\0\0\0O\0\0\0\235\0\0\0\1\1o\0;\0\0\0/re/frid"..., iov_len=428}], msg_iovlen=1, msg_controllen=0, msg_flags=0}, MSG_NOSIGNAL) = 428
6330  1784421826.266789 recvmsg(105, {msg_name=NULL, msg_namelen=0, msg_iov=[{iov_base="\310\0\0\0\0\0\0\0\5\0\0\0\0\0\0\0\0\0\0\0\0\0\0\0\203\49H\251v\315Q"..., iov_len=4096}], msg_iovlen=1, msg_controllen=0, msg_flags=0}, MSG_DONTWAIT) = 4096
6330  1784421826.267392 recvmsg(105, {msg_name=NULL, msg_namelen=0, msg_iov=[{iov_base="\0\0\0\377\1\0\0\0\2\0\0\0\1\0\0\0\2\0\0\0\2\0\0\0\30\0\0\0\0\0\0\0"..., iov_len=52824}], msg_iovlen=1, msg_controllen=0, msg_flags=0}, MSG_DONTWAIT) = 52824
6330  1784421826.273287 sendto(105, "h\0\0\0\0\0\0\0\5\0\0\0\0\0\0\0\0\0\0\0\0\0\0\0-\t\tK\216\205\\t"..., 104, MSG_NOSIGNAL, NULL, 0) = 104
6330  1784421826.430727 recvmsg(105, {msg_name=NULL, msg_namelen=0, msg_iov=[{iov_base="\0Z\0\0\0\0\0\0\5\0\0\0\0\0\0\0\0\0\0\0\0\0\0\0\203\49H\251v\315Q"..., iov_len=4096}], msg_iovlen=1, msg_controllen=0, msg_flags=0}, MSG_DONTWAIT) = 4096
6330  1784421826.431088 recvmsg(105, {msg_name=NULL, msg_namelen=0, msg_iov=[{iov_base="\20\0\0\0\0\0\0\0\20\0\0\0\0\0\0\0\10\0\0\0\0\0\0\0\10\0\0\0\0\0\0\0"..., iov_len=18944}], msg_iovlen=1, msg_controllen=0, msg_flags=0}, MSG_DONTWAIT) = 18944
6330  1784421826.435177 sendto(105, "h\0\0\0\0\0\0\0\5\0\0\0\0\0\0\0\0\0\0\0\0\0\0\0-\t\tK\216\205\\t"..., 104, MSG_NOSIGNAL, NULL, 0) = 104
6280  1784421827.381395 exit(0)         = ?
6281  1784421827.381874 exit(0 <unfinished ...>
6280  1784421827.381906 +++ exited with 0 +++
6281  1784421827.381951 <... exit resumed>) = ?
6282  1784421827.382118 exit(0 <unfinished ...>
6281  1784421827.382158 +++ exited with 0 +++
6282  1784421827.382211 <... exit resumed>) = ?
6282  1784421827.382475 +++ exited with 0 +++
6279  1784421827.382485 exit(0)         = ?
6279  1784421827.382857 +++ exited with 0 +++
6293  1784421827.385209 newfstatat(AT_FDCWD, "/data", {st_mode=S_IFDIR|0771, st_size=4096, ...}, AT_SYMLINK_NOFOLLOW) = 0
6293  1784421827.385823 newfstatat(AT_FDCWD, "/data/app", {st_mode=S_IFDIR|0771, st_size=4096, ...}, AT_SYMLINK_NOFOLLOW) = 0
6293  1784421827.386296 newfstatat(AT_FDCWD, "/data/app/ch.hgdev.toposuite-wLahs_hdqyib7-BAIAp_tQ==", {st_mode=S_IFDIR|0775, st_size=4096, ...}, AT_SYMLINK_NOFOLLOW) = 0
6293  1784421827.386562 newfstatat(AT_FDCWD, "/data/app/ch.hgdev.toposuite-wLahs_hdqyib7-BAIAp_tQ==/base.apk", {st_mode=S_IFREG|0644, st_size=4013928, ...}, AT_SYMLINK_NOFOLLOW) = 0
6293  1784421827.386842 getcwd("/", 4096) = 2
6293  1784421827.387079 newfstatat(AT_FDCWD, "/base.apk", 0x718a3eb690, AT_SYMLINK_NOFOLLOW) = -1 ENOENT (No such file or directory)
6272  1784421828.149210 clone(child_stack=0x71877dbd40, flags=CLONE_VM|CLONE_FS|CLONE_FILES|CLONE_SIGHAND|CLONE_THREAD|CLONE_SYSVSEM|CLONE_SETTLS|CLONE_PARENT_SETTID|CLONE_CHILD_CLEARTID, parent_tidptr=0x71877dbd60, tls=0x71877dc020, child_tidptr=0x71877dbd60) = 6408
6408  1784421828.156105 faccessat(AT_FDCWD, "/data/user/0/ch.hgdev.toposuite", F_OK) = 0
6408  1784421828.156535 faccessat(AT_FDCWD, "/data/user/0/ch.hgdev.toposuite/files", F_OK) = 0
6408  1784421828.156994 faccessat(AT_FDCWD, "/data/user/0/ch.hgdev.toposuite/files/profileinstaller_profileWrittenFor_lastUpdateTime.dat", F_OK) = 0
6408  1784421828.157424 openat(AT_FDCWD, "/data/user/0/ch.hgdev.toposuite/files/profileinstaller_profileWrittenFor_lastUpdateTime.dat", O_RDONLY) = 126
6408  1784421828.158543 getsockopt(126, SOL_SOCKET, SO_ERROR, 0x71877da254, [4]) = -1 ENOTSOCK (Socket operation on non-socket)
6408  1784421828.160730 newfstatat(AT_FDCWD, "/data/misc/profiles/ref/ch.hgdev.toposuite/primary.prof", 0x71877d9c28, 0) = -1 ENOENT (No such file or directory)
6408  1784421828.161097 faccessat(AT_FDCWD, "/data/misc/profiles/ref/ch.hgdev.toposuite/primary.prof", F_OK) = -1 ENOENT (No such file or directory)
6408  1784421828.161481 newfstatat(AT_FDCWD, "/data/misc/profiles/cur/0/ch.hgdev.toposuite/primary.prof", {st_mode=S_IFREG|0600, st_size=4548, ...}, 0) = 0
6408  1784421828.161990 faccessat(AT_FDCWD, "/data/misc/profiles/cur/0/ch.hgdev.toposuite/primary.prof", F_OK) = 0
6408  1784421828.163032 faccessat(AT_FDCWD, "/data/user/0/ch.hgdev.toposuite/files", F_OK) = 0
6408  1784421828.163421 faccessat(AT_FDCWD, "/data/user/0/ch.hgdev.toposuite/files/profileInstalled", F_OK) = 0
6408  1784421828.164069 openat(AT_FDCWD, "/data/user/0/ch.hgdev.toposuite/files/profileInstalled", O_RDONLY) = 126
6370  1784421828.165391 sendmsg(148, {msg_name=NULL, msg_namelen=0, msg_iov=[{iov_base="l\1\1\1\374\0\0\0P\0\0\0\235\0\0\0\1\1o\0;\0\0\0/re/frid"..., iov_len=428}], msg_iovlen=1, msg_controllen=0, msg_flags=0}, MSG_NOSIGNAL) = 428
6408  1784421828.166684 getsockopt(126, SOL_SOCKET, SO_ERROR, 0x71877d95a4, [4]) = -1 ENOTSOCK (Socket operation on non-socket)
6408  1784421828.179731 unlinkat(AT_FDCWD, "/data/user/0/ch.hgdev.toposuite/files/profileInstalled", 0 <unfinished ...>
6370  1784421828.179994 sendmsg(148, {msg_name=NULL, msg_namelen=0, msg_iov=[{iov_base="l\1\1\1\0\1\0\0Q\0\0\0\235\0\0\0\1\1o\0;\0\0\0/re/frid"..., iov_len=432}], msg_iovlen=1, msg_controllen=0, msg_flags=0}, MSG_NOSIGNAL <unfinished ...>
6408  1784421828.180045 <... unlinkat resumed> ) = 0
6408  1784421828.180616 openat(AT_FDCWD, "/data/user/0/ch.hgdev.toposuite/files/profileInstalled", O_WRONLY|O_CREAT|O_TRUNC, 0600 <unfinished ...>
6370  1784421828.180645 <... sendmsg resumed> ) = 432
6408  1784421828.181010 <... openat resumed> ) = 126
6408  1784421828.184926 getsockopt(126, SOL_SOCKET, SO_ERROR, 0x71877d9b04, [4]) = -1 ENOTSOCK (Socket operation on non-socket)
6408  1784421828.188734 exit(0)         = ?
6408  1784421828.189324 +++ exited with 0 +++
6367  1784421828.237370 faccessat(AT_FDCWD, "/proc/self/task/6408", F_OK) = -1 ENOENT (No such file or directory)
6329  1784421832.484867 openat(AT_FDCWD, "/data/user/0/ch.hgdev.toposuite/app_webview/BrowserMetrics-spare.pma.tmp", O_RDWR|O_CREAT|O_TRUNC, 0600) = 126
6329  1784421832.811845 renameat(AT_FDCWD, "/data/user/0/ch.hgdev.toposuite/app_webview/BrowserMetrics-spare.pma.tmp", AT_FDCWD, "/data/user/0/ch.hgdev.toposuite/app_webview/BrowserMetrics-spare.pma") = 0
6272  1784421836.474594 recvfrom(121, "\2\0\0\0\0\0\0\0\35\t\0\0\0\0\0\0\300M\245\30\221\2\0\0\1\0\0\0\2\20\0\0"..., 2272, MSG_DONTWAIT, NULL, NULL) = 232
6272  1784421836.475050 sendto(121, "\3\0\0\0\0\0\0\0\35\t\0\0\1\0\0\0", 16, MSG_DONTWAIT|MSG_NOSIGNAL, NULL, 0) = 16
6272  1784421836.475247 recvfrom(121, 0x712d625c20, 2272, MSG_DONTWAIT, NULL, NULL) = -1 EAGAIN (Try again)
6272  1784421836.475806 recvfrom(121, "\2\0\0\0\0\0\0\0\37\t\0\0\0\0\0\0\300M\245\30\221\2\0\0\1\0\0\0\2\20\0\0"..., 2272, MSG_DONTWAIT, NULL, NULL) = 232
6272  1784421836.476005 recvfrom(38, 0x7fef9455e0, 3200, MSG_DONTWAIT, NULL, NULL) = -1 EAGAIN (Try again)
6272  1784421836.476637 sendto(121, "\3\0\0\0\0\0\0\0\37\t\0\0\1\0\0\0", 16, MSG_DONTWAIT|MSG_NOSIGNAL, NULL, 0) = 16
6272  1784421836.476981 recvfrom(121, 0x712d625c20, 2272, MSG_DONTWAIT, NULL, NULL) = -1 EAGAIN (Try again)
6272  1784421836.480659 recvfrom(38, "nysv\0\0\0\0\0\0\0\0\0\0\0\0a\242\34\31\221\2\0\0{\217\2\0\0\0\0\0", 3200, MSG_DONTWAIT, NULL, NULL) = 32
6272  1784421836.480813 recvfrom(38, 0x7fef9488f0, 3200, MSG_DONTWAIT, NULL, NULL) = -1 EAGAIN (Try again)
6272  1784421836.481092 recvfrom(121, 0x712d625c20, 2272, MSG_DONTWAIT, NULL, NULL) = -1 EAGAIN (Try again)
6272  1784421836.481231 recvfrom(38, 0x7fef948850, 3200, MSG_DONTWAIT, NULL, NULL) = -1 EAGAIN (Try again)
6272  1784421836.484057 socket(AF_UNIX, SOCK_DGRAM|SOCK_CLOEXEC|SOCK_NONBLOCK, 0) = 126
6272  1784421836.484261 setsockopt(126, SOL_SOCKET, SO_SNDBUF, [1048576], 4) = 0
6272  1784421836.484528 connect(126, {sa_family=AF_UNIX, sun_path="/dev/socket/statsdw"}, 110) = 0
6272  1784421836.498159 recvfrom(38, "nysv\0\0\0\0\0\0\0\0\0\0\0\0\323\34\33\32\221\2\0\0|\217\2\0\0\0\0\0", 3200, MSG_DONTWAIT, NULL, NULL) = 32
6272  1784421836.498367 recvfrom(38, 0x7fef9488f0, 3200, MSG_DONTWAIT, NULL, NULL) = -1 EAGAIN (Try again)
6272  1784421836.498819 recvfrom(121, 0x712d625c20, 2272, MSG_DONTWAIT, NULL, NULL) = -1 EAGAIN (Try again)
6272  1784421836.499057 recvfrom(38, 0x7fef948850, 3200, MSG_DONTWAIT, NULL, NULL) = -1 EAGAIN (Try again)
6295  1784421836.518469 recvfrom(44, 0x7185705eb0, 3200, MSG_DONTWAIT, NULL, NULL) = -1 EAGAIN (Try again)
6272  1784421836.520581 recvfrom(38, "nysv\0\0\0\0\0\0\0\0\0\0\0\0\205\265\31\33\221\2\0\0}\217\2\0\0\0\0\0", 3200, MSG_DONTWAIT, NULL, NULL) = 32
6272  1784421836.520846 recvfrom(38, 0x7fef9488f0, 3200, MSG_DONTWAIT, NULL, NULL) = -1 EAGAIN (Try again)
6272  1784421836.522326 recvfrom(121, 0x712d625c20, 2272, MSG_DONTWAIT, NULL, NULL) = -1 EAGAIN (Try again)
6272  1784421836.522644 recvfrom(38, 0x7fef948850, 3200, MSG_DONTWAIT, NULL, NULL) = -1 EAGAIN (Try again)
6295  1784421836.583523 recvfrom(44, "nysv\0\0\0\0\0\0\0\0\0\0\0\0@S\30\34\221\2\0\0~\217\2\0\0\0\0\0", 3200, MSG_DONTWAIT, NULL, NULL) = 32
6295  1784421836.583704 recvfrom(44, 0x7185705eb0, 3200, MSG_DONTWAIT, NULL, NULL) = -1 EAGAIN (Try again)
6272  1784421836.586037 recvfrom(38, "nysv\0\0\0\0\0\0\0\0\0\0\0\0@S\30\34\221\2\0\0~\217\2\0\0\0\0\0", 3200, MSG_DONTWAIT, NULL, NULL) = 32
6272  1784421836.586321 recvfrom(38, 0x7fef9488f0, 3200, MSG_DONTWAIT, NULL, NULL) = -1 EAGAIN (Try again)
6272  1784421836.587997 recvfrom(121, 0x712d625c20, 2272, MSG_DONTWAIT, NULL, NULL) = -1 EAGAIN (Try again)
6272  1784421836.588255 recvfrom(38, 0x7fef948850, 3200, MSG_DONTWAIT, NULL, NULL) = -1 EAGAIN (Try again)
6295  1784421836.619376 recvfrom(44, "nysv\0\0\0\0\0\0\0\0\0\0\0\0\316\266\22 \221\2\0\0\202\217\2\0\0\0\0\0", 3200, MSG_DONTWAIT, NULL, NULL) = 32
6295  1784421836.619557 recvfrom(44, 0x7185705eb0, 3200, MSG_DONTWAIT, NULL, NULL) = -1 EAGAIN (Try again)
6272  1784421836.622321 recvfrom(38, "nysv\0\0\0\0\0\0\0\0\0\0\0\0\316\266\22 \221\2\0\0\202\217\2\0\0\0\0\0", 3200, MSG_DONTWAIT, NULL, NULL) = 32
6272  1784421836.622569 recvfrom(38, 0x7fef9488f0, 3200, MSG_DONTWAIT, NULL, NULL) = -1 EAGAIN (Try again)
6272  1784421836.624646 recvfrom(121, 0x712d625c20, 2272, MSG_DONTWAIT, NULL, NULL) = -1 EAGAIN (Try again)
6272  1784421836.624864 recvfrom(38, 0x7fef948850, 3200, MSG_DONTWAIT, NULL, NULL) = -1 EAGAIN (Try again)
6295  1784421836.659734 recvfrom(44, "nysv\0\0\0\0\0\0\0\0\0\0\0\0\205%\20\"\221\2\0\0\204\217\2\0\0\0\0\0", 3200, MSG_DONTWAIT, NULL, NULL) = 32
6295  1784421836.659898 recvfrom(44, 0x7185705eb0, 3200, MSG_DONTWAIT, NULL, NULL) = -1 EAGAIN (Try again)
6272  1784421836.663068 recvfrom(38, "nysv\0\0\0\0\0\0\0\0\0\0\0\0\205%\20\"\221\2\0\0\204\217\2\0\0\0\0\0", 3200, MSG_DONTWAIT, NULL, NULL) = 32
6272  1784421836.663297 recvfrom(38, 0x7fef9488f0, 3200, MSG_DONTWAIT, NULL, NULL) = -1 EAGAIN (Try again)
6272  1784421836.664772 recvfrom(121, 0x712d625c20, 2272, MSG_DONTWAIT, NULL, NULL) = -1 EAGAIN (Try again)
6272  1784421836.665185 recvfrom(38, 0x7fef948850, 3200, MSG_DONTWAIT, NULL, NULL) = -1 EAGAIN (Try again)
6295  1784421836.695108 recvfrom(44, "nysv\0\0\0\0\0\0\0\0\0\0\0\0'L\r$\221\2\0\0\206\217\2\0\0\0\0\0", 3200, MSG_DONTWAIT, NULL, NULL) = 32
6295  1784421836.695267 recvfrom(44, 0x7185705eb0, 3200, MSG_DONTWAIT, NULL, NULL) = -1 EAGAIN (Try again)
6272  1784421836.700915 recvfrom(38, "nysv\0\0\0\0\0\0\0\0\0\0\0\0\"\336\v%\221\2\0\0\207\217\2\0\0\0\0\0", 3200, MSG_DONTWAIT, NULL, NULL) = 32
6272  1784421836.701358 recvfrom(38, 0x7fef9488f0, 3200, MSG_DONTWAIT, NULL, NULL) = -1 EAGAIN (Try again)
6272  1784421836.701769 recvfrom(121, 0x712d625c20, 2272, MSG_DONTWAIT, NULL, NULL) = -1 EAGAIN (Try again)
6272  1784421836.702044 recvfrom(38, 0x7fef948850, 3200, MSG_DONTWAIT, NULL, NULL) = -1 EAGAIN (Try again)
6295  1784421836.730230 recvfrom(44, "nysv\0\0\0\0\0\0\0\0\0\0\0\0\3l\n&\221\2\0\0\210\217\2\0\0\0\0\0", 3200, MSG_DONTWAIT, NULL, NULL) = 32
6295  1784421836.730399 recvfrom(44, 0x7185705eb0, 3200, MSG_DONTWAIT, NULL, NULL) = -1 EAGAIN (Try again)
6272  1784421836.736999 recvfrom(38, "nysv\0\0\0\0\0\0\0\0\0\0\0\0D\321\10'\221\2\0\0\211\217\2\0\0\0\0\0", 3200, MSG_DONTWAIT, NULL, NULL) = 32
6272  1784421836.737283 recvfrom(38, 0x7fef9488f0, 3200, MSG_DONTWAIT, NULL, NULL) = -1 EAGAIN (Try again)
6272  1784421836.737557 recvfrom(121, 0x712d625c20, 2272, MSG_DONTWAIT, NULL, NULL) = -1 EAGAIN (Try again)
6272  1784421836.737771 recvfrom(38, 0x7fef948850, 3200, MSG_DONTWAIT, NULL, NULL) = -1 EAGAIN (Try again)
6295  1784421836.765404 recvfrom(44, "nysv\0\0\0\0\0\0\0\0\0\0\0\0K0\7(\221\2\0\0\212\217\2\0\0\0\0\0", 3200, MSG_DONTWAIT, NULL, NULL) = 32
6295  1784421836.765589 recvfrom(44, 0x7185705eb0, 3200, MSG_DONTWAIT, NULL, NULL) = -1 EAGAIN (Try again)
6272  1784421836.771228 recvfrom(38, "nysv\0\0\0\0\0\0\0\0\0\0\0\0u\200\5)\221\2\0\0\213\217\2\0\0\0\0\0", 3200, MSG_DONTWAIT, NULL, NULL) = 32
6272  1784421836.771457 recvfrom(38, 0x7fef9488f0, 3200, MSG_DONTWAIT, NULL, NULL) = -1 EAGAIN (Try again)
6272  1784421836.771689 recvfrom(121, 0x712d625c20, 2272, MSG_DONTWAIT, NULL, NULL) = -1 EAGAIN (Try again)
6272  1784421836.771922 recvfrom(38, 0x7fef948850, 3200, MSG_DONTWAIT, NULL, NULL) = -1 EAGAIN (Try again)
6295  1784421836.798450 recvfrom(44, "nysv\0\0\0\0\0\0\0\0\0\0\0\0\270`\2+\221\2\0\0\215\217\2\0\0\0\0\0", 3200, MSG_DONTWAIT, NULL, NULL) = 32
6295  1784421836.800907 recvfrom(44, 0x7185705eb0, 3200, MSG_DONTWAIT, NULL, NULL) = -1 EAGAIN (Try again)
6272  1784421836.804240 recvfrom(38, "nysv\0\0\0\0\0\0\0\0\0\0\0\0\270`\2+\221\2\0\0\215\217\2\0\0\0\0\0", 3200, MSG_DONTWAIT, NULL, NULL) = 32
6272  1784421836.804471 recvfrom(38, 0x7fef9488f0, 3200, MSG_DONTWAIT, NULL, NULL) = -1 EAGAIN (Try again)
6272  1784421836.806309 recvfrom(121, 0x712d625c20, 2272, MSG_DONTWAIT, NULL, NULL) = -1 EAGAIN (Try again)
6272  1784421836.806540 recvfrom(38, 0x7fef948850, 3200, MSG_DONTWAIT, NULL, NULL) = -1 EAGAIN (Try again)
6295  1784421836.835526 recvfrom(44, "nysv\0\0\0\0\0\0\0\0\0\0\0\0O|\377,\221\2\0\0\217\217\2\0\0\0\0\0", 3200, MSG_DONTWAIT, NULL, NULL) = 32
6295  1784421836.835703 recvfrom(44, 0x7185705eb0, 3200, MSG_DONTWAIT, NULL, NULL) = -1 EAGAIN (Try again)
6272  1784421836.839161 recvfrom(38, "nysv\0\0\0\0\0\0\0\0\0\0\0\0O|\377,\221\2\0\0\217\217\2\0\0\0\0\0", 3200, MSG_DONTWAIT, NULL, NULL) = 32
6272  1784421836.839400 recvfrom(38, 0x7fef9488f0, 3200, MSG_DONTWAIT, NULL, NULL) = -1 EAGAIN (Try again)
6272  1784421836.839618 recvfrom(121, 0x712d625c20, 2272, MSG_DONTWAIT, NULL, NULL) = -1 EAGAIN (Try again)
6272  1784421836.839924 recvfrom(38, 0x7fef948850, 3200, MSG_DONTWAIT, NULL, NULL) = -1 EAGAIN (Try again)
6295  1784421836.869571 recvfrom(44, "nysv\0\0\0\0\0\0\0\0\0\0\0\0r\315\374.\221\2\0\0\221\217\2\0\0\0\0\0", 3200, MSG_DONTWAIT, NULL, NULL) = 32
6295  1784421836.869718 recvfrom(44, 0x7185705eb0, 3200, MSG_DONTWAIT, NULL, NULL) = -1 EAGAIN (Try again)
6272  1784421836.873380 recvfrom(38, "nysv\0\0\0\0\0\0\0\0\0\0\0\0r\315\374.\221\2\0\0\221\217\2\0\0\0\0\0", 3200, MSG_DONTWAIT, NULL, NULL) = 32
6272  1784421836.873614 recvfrom(38, 0x7fef9488f0, 3200, MSG_DONTWAIT, NULL, NULL) = -1 EAGAIN (Try again)
6272  1784421836.873926 recvfrom(121, 0x712d625c20, 2272, MSG_DONTWAIT, NULL, NULL) = -1 EAGAIN (Try again)
6272  1784421836.874854 recvfrom(38, 0x7fef948160, 3200, MSG_DONTWAIT, NULL, NULL) = -1 EAGAIN (Try again)
6295  1784421836.900351 recvfrom(44, "nysv\0\0\0\0\0\0\0\0\0\0\0\0\327\24\3720\221\2\0\0\223\217\2\0\0\0\0\0", 3200, MSG_DONTWAIT, NULL, NULL) = 32
6295  1784421836.900513 recvfrom(44, 0x7185705eb0, 3200, MSG_DONTWAIT, NULL, NULL) = -1 EAGAIN (Try again)
6272  1784421836.903474 recvfrom(38, "nysv\0\0\0\0\0\0\0\0\0\0\0\0\327\24\3720\221\2\0\0\223\217\2\0\0\0\0\0", 3200, MSG_DONTWAIT, NULL, NULL) = 32
6272  1784421836.903733 recvfrom(38, 0x7fef9488f0, 3200, MSG_DONTWAIT, NULL, NULL) = -1 EAGAIN (Try again)
6272  1784421836.903974 recvfrom(121, 0x712d625c20, 2272, MSG_DONTWAIT, NULL, NULL) = -1 EAGAIN (Try again)
6272  1784421836.904899 recvfrom(38, 0x7fef948160, 3200, MSG_DONTWAIT, NULL, NULL) = -1 EAGAIN (Try again)
6295  1784421836.936132 recvfrom(44, "nysv\0\0\0\0\0\0\0\0\0\0\0\0+\265\3662\221\2\0\0\225\217\2\0\0\0\0\0", 3200, MSG_DONTWAIT, NULL, NULL) = 32
6295  1784421836.936298 recvfrom(44, 0x7185705c80, 3200, MSG_DONTWAIT, NULL, NULL) = -1 EAGAIN (Try again)
6272  1784421836.938896 recvfrom(38, "nysv\0\0\0\0\0\0\0\0\0\0\0\0+\265\3662\221\2\0\0\225\217\2\0\0\0\0\0", 3200, MSG_DONTWAIT, NULL, NULL) = 32
6272  1784421836.939124 recvfrom(38, 0x7fef9488f0, 3200, MSG_DONTWAIT, NULL, NULL) = -1 EAGAIN (Try again)
6272  1784421836.940142 recvfrom(121, 0x712d625c20, 2272, MSG_DONTWAIT, NULL, NULL) = -1 EAGAIN (Try again)
6272  1784421836.941080 recvfrom(38, 0x7fef948160, 3200, MSG_DONTWAIT, NULL, NULL) = -1 EAGAIN (Try again)
6272  1784421836.974553 recvfrom(38, "nysv\0\0\0\0\0\0\0\0\0\0\0\0\365\214\3634\221\2\0\0\227\217\2\0\0\0\0\0", 3200, MSG_DONTWAIT, NULL, NULL) = 32
6272  1784421836.974823 recvfrom(38, 0x7fef9488f0, 3200, MSG_DONTWAIT, NULL, NULL) = -1 EAGAIN (Try again)
6272  1784421836.976625 recvfrom(38, 0x7fef948160, 3200, MSG_DONTWAIT, NULL, NULL) = -1 EAGAIN (Try again)
6370  1784421836.988999 sendmsg(148, {msg_name=NULL, msg_namelen=0, msg_iov=[{iov_base="l\1\1\1\0\1\0\0R\0\0\0\235\0\0\0\1\1o\0;\0\0\0/re/frid"..., iov_len=432}], msg_iovlen=1, msg_controllen=0, msg_flags=0}, MSG_NOSIGNAL) = 432
6370  1784421836.999272 sendmsg(148, {msg_name=NULL, msg_namelen=0, msg_iov=[{iov_base="l\1\1\1\0\1\0\0S\0\0\0\235\0\0\0\1\1o\0;\0\0\0/re/frid"..., iov_len=432}], msg_iovlen=1, msg_controllen=0, msg_flags=0}, MSG_NOSIGNAL) = 432
6272  1784421837.019923 recvfrom(38, "nysv\0\0\0\0\0\0\0\0\0\0\0\0\233\312\3606\221\2\0\0\231\217\2\0\0\0\0\0", 3200, MSG_DONTWAIT, NULL, NULL) = 32
6272  1784421837.020152 recvfrom(38, 0x7fef9488f0, 3200, MSG_DONTWAIT, NULL, NULL) = -1 EAGAIN (Try again)
6272  1784421837.020999 recvfrom(121, 0x712d625c20, 2272, MSG_DONTWAIT, NULL, NULL) = -1 EAGAIN (Try again)
6272  1784421837.021979 recvfrom(38, 0x7fef948160, 3200, MSG_DONTWAIT, NULL, NULL) = -1 EAGAIN (Try again)
6370  1784421837.030734 sendmsg(148, {msg_name=NULL, msg_namelen=0, msg_iov=[{iov_base="l\1\1\1\374\0\0\0T\0\0\0\235\0\0\0\1\1o\0;\0\0\0/re/frid"..., iov_len=428}], msg_iovlen=1, msg_controllen=0, msg_flags=0}, MSG_NOSIGNAL) = 428
6272  1784421837.033569 recvfrom(38, "nysv\0\0\0\0\0\0\0\0\0\0\0\0\354O\3549\221\2\0\0\234\217\2\0\0\0\0\0", 3200, MSG_DONTWAIT, NULL, NULL) = 32
6272  1784421837.033783 recvfrom(38, 0x7fef9488f0, 3200, MSG_DONTWAIT, NULL, NULL) = -1 EAGAIN (Try again)
6370  1784421837.041378 sendmsg(148, {msg_name=NULL, msg_namelen=0, msg_iov=[{iov_base="l\1\1\1\374\0\0\0U\0\0\0\235\0\0\0\1\1o\0;\0\0\0/re/frid"..., iov_len=428}], msg_iovlen=1, msg_controllen=0, msg_flags=0}, MSG_NOSIGNAL) = 428
6272  1784421837.048292 recvfrom(38, 0x7fef947600, 3200, MSG_DONTWAIT, NULL, NULL) = -1 EAGAIN (Try again)
6272  1784421837.068376 recvfrom(38, "nysv\0\0\0\0\0\0\0\0\0\0\0\0Pg\350;\221\2\0\0\236\217\2\0\0\0\0\0", 3200, MSG_DONTWAIT, NULL, NULL) = 32
6272  1784421837.068716 recvfrom(38, 0x7fef9488f0, 3200, MSG_DONTWAIT, NULL, NULL) = -1 EAGAIN (Try again)
6272  1784421837.069852 recvfrom(38, 0x7fef948160, 3200, MSG_DONTWAIT, NULL, NULL) = -1 EAGAIN (Try again)
6370  1784421837.077601 sendmsg(148, {msg_name=NULL, msg_namelen=0, msg_iov=[{iov_base="l\1\1\1\374\0\0\0V\0\0\0\235\0\0\0\1\1o\0;\0\0\0/re/frid"..., iov_len=428}], msg_iovlen=1, msg_controllen=0, msg_flags=0}, MSG_NOSIGNAL) = 428
6272  1784421837.081647 recvfrom(38, "nysv\0\0\0\0\0\0\0\0\0\0\0\0\210\372\346<\221\2\0\0\237\217\2\0\0\0\0\0", 3200, MSG_DONTWAIT, NULL, NULL) = 32
6272  1784421837.081797 recvfrom(38, 0x7fef9488f0, 3200, MSG_DONTWAIT, NULL, NULL) = -1 EAGAIN (Try again)
6370  1784421837.087090 sendmsg(148, {msg_name=NULL, msg_namelen=0, msg_iov=[{iov_base="l\1\1\1\374\0\0\0W\0\0\0\235\0\0\0\1\1o\0;\0\0\0/re/frid"..., iov_len=428}], msg_iovlen=1, msg_controllen=0, msg_flags=0}, MSG_NOSIGNAL) = 428
6370  1784421837.469009 sendmsg(148, {msg_name=NULL, msg_namelen=0, msg_iov=[{iov_base="l\1\1\1\374\0\0\0X\0\0\0\235\0\0\0\1\1o\0;\0\0\0/re/frid"..., iov_len=428}], msg_iovlen=1, msg_controllen=0, msg_flags=0}, MSG_NOSIGNAL) = 428
6370  1784421837.708101 sendmsg(148, {msg_name=NULL, msg_namelen=0, msg_iov=[{iov_base="l\1\1\1\374\0\0\0Y\0\0\0\235\0\0\0\1\1o\0;\0\0\0/re/frid"..., iov_len=428}], msg_iovlen=1, msg_controllen=0, msg_flags=0}, MSG_NOSIGNAL) = 428
6272  1784421838.101289 recvfrom(38, 0x7fef9486c0, 3200, MSG_DONTWAIT, NULL, NULL) = -1 EAGAIN (Try again)
6272  1784421838.115007 recvfrom(38, "nysv\0\0\0\0\0\0\0\0\0\0\0\0\316}uz\221\2\0\0\335\217\2\0\0\0\0\0", 3200, MSG_DONTWAIT, NULL, NULL) = 32
6272  1784421838.115453 recvfrom(38, 0x7fef9488f0, 3200, MSG_DONTWAIT, NULL, NULL) = -1 EAGAIN (Try again)
6272  1784421838.116092 recvfrom(121, 0x712d625c20, 2272, MSG_DONTWAIT, NULL, NULL) = -1 EAGAIN (Try again)
6272  1784421838.117236 recvfrom(38, 0x7fef9478e0, 3200, MSG_DONTWAIT, NULL, NULL) = -1 EAGAIN (Try again)
6272  1784421838.131530 recvfrom(38, "nysv\0\0\0\0\0\0\0\0\0\0\0\0\262\37t{\221\2\0\0\336\217\2\0\0\0\0\0", 3200, MSG_DONTWAIT, NULL, NULL) = 32
6272  1784421838.132205 recvfrom(38, 0x7fef9488f0, 3200, MSG_DONTWAIT, NULL, NULL) = -1 EAGAIN (Try again)
6272  1784421838.133359 recvfrom(121, 0x712d625c20, 2272, MSG_DONTWAIT, NULL, NULL) = -1 EAGAIN (Try again)
6272  1784421838.134961 recvfrom(38, 0x7fef9478e0, 3200, MSG_DONTWAIT, NULL, NULL) = -1 EAGAIN (Try again)
6272  1784421838.178433 recvfrom(38, "nysv\0\0\0\0\0\0\0\0\0\0\0\0)\300r|\221\2\0\0\337\217\2\0\0\0\0\0", 3200, MSG_DONTWAIT, NULL, NULL) = 32
6272  1784421838.178924 recvfrom(38, 0x7fef9488f0, 3200, MSG_DONTWAIT, NULL, NULL) = -1 EAGAIN (Try again)
6272  1784421838.181892 recvfrom(121, 0x712d625c20, 2272, MSG_DONTWAIT, NULL, NULL) = -1 EAGAIN (Try again)
6272  1784421838.186569 recvfrom(38, 0x7fef948160, 3200, MSG_DONTWAIT, NULL, NULL) = -1 EAGAIN (Try again)
6272  1784421838.219307 recvfrom(38, "nysv\0\0\0\0\0\0\0\0\0\0\0\0\24\206n\177\221\2\0\0\342\217\2\0\0\0\0\0", 3200, MSG_DONTWAIT, NULL, NULL) = 32
6272  1784421838.219641 recvfrom(38, 0x7fef9488f0, 3200, MSG_DONTWAIT, NULL, NULL) = -1 EAGAIN (Try again)
6272  1784421838.221002 recvfrom(121, 0x712d625c20, 2272, MSG_DONTWAIT, NULL, NULL) = -1 EAGAIN (Try again)
6272  1784421838.222034 recvfrom(38, 0x7fef948160, 3200, MSG_DONTWAIT, NULL, NULL) = -1 EAGAIN (Try again)
6272  1784421838.252723 recvfrom(38, "nysv\0\0\0\0\0\0\0\0\0\0\0\0Juk\201\221\2\0\0\344\217\2\0\0\0\0\0", 3200, MSG_DONTWAIT, NULL, NULL) = 32
6272  1784421838.253052 recvfrom(38, 0x7fef9488f0, 3200, MSG_DONTWAIT, NULL, NULL) = -1 EAGAIN (Try again)
6272  1784421838.255081 recvfrom(121, 0x712d625c20, 2272, MSG_DONTWAIT, NULL, NULL) = -1 EAGAIN (Try again)
6272  1784421838.256067 recvfrom(38, 0x7fef948160, 3200, MSG_DONTWAIT, NULL, NULL) = -1 EAGAIN (Try again)
6272  1784421838.284686 recvfrom(38, "nysv\0\0\0\0\0\0\0\0\0\0\0\0\210\255h\203\221\2\0\0\346\217\2\0\0\0\0\0", 3200, MSG_DONTWAIT, NULL, NULL) = 32
6272  1784421838.284971 recvfrom(38, 0x7fef9488f0, 3200, MSG_DONTWAIT, NULL, NULL) = -1 EAGAIN (Try again)
6272  1784421838.286616 recvfrom(121, 0x712d625c20, 2272, MSG_DONTWAIT, NULL, NULL) = -1 EAGAIN (Try again)
6272  1784421838.287415 recvfrom(38, 0x7fef948160, 3200, MSG_DONTWAIT, NULL, NULL) = -1 EAGAIN (Try again)
6272  1784421838.319348 recvfrom(38, "nysv\0\0\0\0\0\0\0\0\0\0\0\0\220+f\205\221\2\0\0\350\217\2\0\0\0\0\0", 3200, MSG_DONTWAIT, NULL, NULL) = 32
6272  1784421838.319596 recvfrom(38, 0x7fef9488f0, 3200, MSG_DONTWAIT, NULL, NULL) = -1 EAGAIN (Try again)
6272  1784421838.320974 recvfrom(121, 0x712d625c20, 2272, MSG_DONTWAIT, NULL, NULL) = -1 EAGAIN (Try again)
6272  1784421838.321942 recvfrom(38, 0x7fef948160, 3200, MSG_DONTWAIT, NULL, NULL) = -1 EAGAIN (Try again)
6272  1784421838.354491 recvfrom(38, "nysv\0\0\0\0\0\0\0\0\0\0\0\0\257Oc\207\221\2\0\0\352\217\2\0\0\0\0\0", 3200, MSG_DONTWAIT, NULL, NULL) = 32
6272  1784421838.354700 recvfrom(38, 0x7fef9488f0, 3200, MSG_DONTWAIT, NULL, NULL) = -1 EAGAIN (Try again)
6272  1784421838.356097 recvfrom(121, 0x712d625c20, 2272, MSG_DONTWAIT, NULL, NULL) = -1 EAGAIN (Try again)
6272  1784421838.357025 recvfrom(38, 0x7fef948160, 3200, MSG_DONTWAIT, NULL, NULL) = -1 EAGAIN (Try again)
6272  1784421838.389928 recvfrom(38, "nysv\0\0\0\0\0\0\0\0\0\0\0\0s|`\211\221\2\0\0\354\217\2\0\0\0\0\0", 3200, MSG_DONTWAIT, NULL, NULL) = 32
6272  1784421838.390187 recvfrom(38, 0x7fef9488f0, 3200, MSG_DONTWAIT, NULL, NULL) = -1 EAGAIN (Try again)
6272  1784421838.391573 recvfrom(121, 0x712d625c20, 2272, MSG_DONTWAIT, NULL, NULL) = -1 EAGAIN (Try again)
6272  1784421838.392512 recvfrom(38, 0x7fef948160, 3200, MSG_DONTWAIT, NULL, NULL) = -1 EAGAIN (Try again)
6272  1784421838.425093 recvfrom(38, "nysv\0\0\0\0\0\0\0\0\0\0\0\0<\243]\213\221\2\0\0\356\217\2\0\0\0\0\0", 3200, MSG_DONTWAIT, NULL, NULL) = 32
6272  1784421838.425412 recvfrom(38, 0x7fef9488f0, 3200, MSG_DONTWAIT, NULL, NULL) = -1 EAGAIN (Try again)
6272  1784421838.427978 recvfrom(38, 0x7fef948160, 3200, MSG_DONTWAIT, NULL, NULL) = -1 EAGAIN (Try again)
6370  1784421838.438961 sendmsg(148, {msg_name=NULL, msg_namelen=0, msg_iov=[{iov_base="l\1\1\1\374\0\0\0Z\0\0\0\235\0\0\0\1\1o\0;\0\0\0/re/frid"..., iov_len=428}], msg_iovlen=1, msg_controllen=0, msg_flags=0}, MSG_NOSIGNAL) = 428
6272  1784421838.441391 recvfrom(38, "nysv\0\0\0\0\0\0\0\0\0\0\0\0\17F[\215\221\2\0\0\360\217\2\0\0\0\0\0", 3200, MSG_DONTWAIT, NULL, NULL) = 32
6272  1784421838.441641 recvfrom(38, 0x7fef9488f0, 3200, MSG_DONTWAIT, NULL, NULL) = -1 EAGAIN (Try again)
6370  1784421838.449988 sendmsg(148, {msg_name=NULL, msg_namelen=0, msg_iov=[{iov_base="l\1\1\1\374\0\0\0[\0\0\0\235\0\0\0\1\1o\0;\0\0\0/re/frid"..., iov_len=428}], msg_iovlen=1, msg_controllen=0, msg_flags=0}, MSG_NOSIGNAL) = 428
6272  1784421838.457808 recvfrom(38, 0x7fef947600, 3200, MSG_DONTWAIT, NULL, NULL) = -1 EAGAIN (Try again)
6272  1784421838.470075 recvfrom(38, "nysv\0\0\0\0\0\0\0\0\0\0\0\0\254TX\217\221\2\0\0\362\217\2\0\0\0\0\0", 3200, MSG_DONTWAIT, NULL, NULL) = 32
6272  1784421838.470290 recvfrom(38, 0x7fef9488f0, 3200, MSG_DONTWAIT, NULL, NULL) = -1 EAGAIN (Try again)
6272  1784421838.472081 recvfrom(38, 0x7fef948160, 3200, MSG_DONTWAIT, NULL, NULL) = -1 EAGAIN (Try again)
6370  1784421838.479030 sendmsg(148, {msg_name=NULL, msg_namelen=0, msg_iov=[{iov_base="l\1\1\1\374\0\0\0\\\0\0\0\235\0\0\0\1\1o\0;\0\0\0/re/frid"..., iov_len=428}], msg_iovlen=1, msg_controllen=0, msg_flags=0}, MSG_NOSIGNAL) = 428
6272  1784421838.481812 recvfrom(38, "nysv\0\0\0\0\0\0\0\0\0\0\0\0|\341V\220\221\2\0\0\363\217\2\0\0\0\0\0", 3200, MSG_DONTWAIT, NULL, NULL) = 32
6272  1784421838.481951 recvfrom(38, 0x7fef9488f0, 3200, MSG_DONTWAIT, NULL, NULL) = -1 EAGAIN (Try again)
6370  1784421838.491750 sendmsg(148, {msg_name=NULL, msg_namelen=0, msg_iov=[{iov_base="l\1\1\1\374\0\0\0]\0\0\0\235\0\0\0\1\1o\0;\0\0\0/re/frid"..., iov_len=428}], msg_iovlen=1, msg_controllen=0, msg_flags=0}, MSG_NOSIGNAL) = 428
6370  1784421838.502254 sendmsg(148, {msg_name=NULL, msg_namelen=0, msg_iov=[{iov_base="l\1\1\1\374\0\0\0^\0\0\0\235\0\0\0\1\1o\0;\0\0\0/re/frid"..., iov_len=428}], msg_iovlen=1, msg_controllen=0, msg_flags=0}, MSG_NOSIGNAL) = 428
6370  1784421838.512990 sendmsg(148, {msg_name=NULL, msg_namelen=0, msg_iov=[{iov_base="l\1\1\1\374\0\0\0_\0\0\0\235\0\0\0\1\1o\0;\0\0\0/re/frid"..., iov_len=428}], msg_iovlen=1, msg_controllen=0, msg_flags=0}, MSG_NOSIGNAL) = 428
6370  1784421838.523779 sendmsg(148, {msg_name=NULL, msg_namelen=0, msg_iov=[{iov_base="l\1\1\1\374\0\0\0`\0\0\0\235\0\0\0\1\1o\0;\0\0\0/re/frid"..., iov_len=428}], msg_iovlen=1, msg_controllen=0, msg_flags=0}, MSG_NOSIGNAL) = 428
6370  1784421838.536773 sendmsg(148, {msg_name=NULL, msg_namelen=0, msg_iov=[{iov_base="l\1\1\1\374\0\0\0a\0\0\0\235\0\0\0\1\1o\0;\0\0\0/re/frid"..., iov_len=428}], msg_iovlen=1, msg_controllen=0, msg_flags=0}, MSG_NOSIGNAL) = 428
6370  1784421838.546410 sendmsg(148, {msg_name=NULL, msg_namelen=0, msg_iov=[{iov_base="l\1\1\1\374\0\0\0b\0\0\0\235\0\0\0\1\1o\0;\0\0\0/re/frid"..., iov_len=428}], msg_iovlen=1, msg_controllen=0, msg_flags=0}, MSG_NOSIGNAL) = 428
6370  1784421838.554923 sendmsg(148, {msg_name=NULL, msg_namelen=0, msg_iov=[{iov_base="l\1\1\1\374\0\0\0c\0\0\0\235\0\0\0\1\1o\0;\0\0\0/re/frid"..., iov_len=428}], msg_iovlen=1, msg_controllen=0, msg_flags=0}, MSG_NOSIGNAL) = 428
6370  1784421838.564109 sendmsg(148, {msg_name=NULL, msg_namelen=0, msg_iov=[{iov_base="l\1\1\1\374\0\0\0d\0\0\0\235\0\0\0\1\1o\0;\0\0\0/re/frid"..., iov_len=428}], msg_iovlen=1, msg_controllen=0, msg_flags=0}, MSG_NOSIGNAL) = 428
6370  1784421838.571555 sendmsg(148, {msg_name=NULL, msg_namelen=0, msg_iov=[{iov_base="l\1\1\1\374\0\0\0e\0\0\0\235\0\0\0\1\1o\0;\0\0\0/re/frid"..., iov_len=428}], msg_iovlen=1, msg_controllen=0, msg_flags=0}, MSG_NOSIGNAL) = 428
6370  1784421838.578804 sendmsg(148, {msg_name=NULL, msg_namelen=0, msg_iov=[{iov_base="l\1\1\1\374\0\0\0f\0\0\0\235\0\0\0\1\1o\0;\0\0\0/re/frid"..., iov_len=428}], msg_iovlen=1, msg_controllen=0, msg_flags=0}, MSG_NOSIGNAL) = 428
6370  1784421838.589411 sendmsg(148, {msg_name=NULL, msg_namelen=0, msg_iov=[{iov_base="l\1\1\1\374\0\0\0g\0\0\0\235\0\0\0\1\1o\0;\0\0\0/re/frid"..., iov_len=428}], msg_iovlen=1, msg_controllen=0, msg_flags=0}, MSG_NOSIGNAL) = 428
6370  1784421838.597342 sendmsg(148, {msg_name=NULL, msg_namelen=0, msg_iov=[{iov_base="l\1\1\1\374\0\0\0h\0\0\0\235\0\0\0\1\1o\0;\0\0\0/re/frid"..., iov_len=428}], msg_iovlen=1, msg_controllen=0, msg_flags=0}, MSG_NOSIGNAL) = 428
6369  1784421840.185069 exit(0)         = ?
6369  1784421840.185365 +++ exited with 0 +++
6367  1784421840.234970 faccessat(AT_FDCWD, "/proc/self/task/6369", F_OK) = -1 ENOENT (No such file or directory)
