20458 1784115937.727845 newfstatat(AT_FDCWD, "/system/framework/framework-res.apk", {st_mode=S_IFREG|0644, st_size=45992421, ...}, 0) = 0
20458 1784115937.727993 newfstatat(AT_FDCWD, "/product/overlay/GoogleConfigOverlay.apk", {st_mode=S_IFREG|0644, st_size=25070, ...}, 0) = 0
20458 1784115937.728096 newfstatat(AT_FDCWD, "/product/overlay/GoogleWebViewOverlay.apk", {st_mode=S_IFREG|0644, st_size=16815, ...}, 0) = 0
20458 1784115937.728115 newfstatat(AT_FDCWD, "/product/overlay/PixelConfigOverlayCommon.apk", {st_mode=S_IFREG|0644, st_size=52833, ...}, 0) = 0
20458 1784115937.728132 newfstatat(AT_FDCWD, "/product/overlay/EmulatorConfigOverlay.apk", {st_mode=S_IFREG|0644, st_size=16734, ...}, 0) = 0
20458 1784115937.728170 newfstatat(AT_FDCWD, "/data/app/ca.farrelltonsolar.classic-wruE33R6HkNtcQlPk1RWkw==/base.apk", {st_mode=S_IFREG|0644, st_size=2354811, ...}, 0) = 0
20458 1784115937.728326 clone(child_stack=0x77b7d9bd40, flags=CLONE_VM|CLONE_FS|CLONE_FILES|CLONE_SIGHAND|CLONE_THREAD|CLONE_SYSVSEM|CLONE_SETTLS|CLONE_PARENT_SETTID|CLONE_CHILD_CLEARTID, parent_tidptr=0x77b7d9bd60, tls=0x77b7d9c020, child_tidptr=0x77b7d9bd60) = 20529
20458 1784115937.729975 newfstatat(AT_FDCWD, "/system/framework/framework-res.apk", {st_mode=S_IFREG|0644, st_size=45992421, ...}, 0) = 0
20458 1784115937.730056 newfstatat(AT_FDCWD, "/product/overlay/GoogleConfigOverlay.apk", {st_mode=S_IFREG|0644, st_size=25070, ...}, 0) = 0
20458 1784115937.730077 newfstatat(AT_FDCWD, "/product/overlay/GoogleWebViewOverlay.apk", {st_mode=S_IFREG|0644, st_size=16815, ...}, 0) = 0
20458 1784115937.730093 newfstatat(AT_FDCWD, "/product/overlay/PixelConfigOverlayCommon.apk", {st_mode=S_IFREG|0644, st_size=52833, ...}, 0) = 0
20458 1784115937.730108 newfstatat(AT_FDCWD, "/product/overlay/EmulatorConfigOverlay.apk", {st_mode=S_IFREG|0644, st_size=16734, ...}, 0) = 0
20458 1784115937.730124 newfstatat(AT_FDCWD, "/data/app/ca.farrelltonsolar.classic-wruE33R6HkNtcQlPk1RWkw==/base.apk", {st_mode=S_IFREG|0644, st_size=2354811, ...}, 0) = 0
20481 1784115937.735647 clone(child_stack=0x77b7c9ed40, flags=CLONE_VM|CLONE_FS|CLONE_FILES|CLONE_SIGHAND|CLONE_THREAD|CLONE_SYSVSEM|CLONE_SETTLS|CLONE_PARENT_SETTID|CLONE_CHILD_CLEARTID, parent_tidptr=0x77b7c9ed60, tls=0x77b7c9f020, child_tidptr=0x77b7c9ed60) = 20530
20458 1784115937.736885 newfstatat(AT_FDCWD, "/system/framework/framework-res.apk", {st_mode=S_IFREG|0644, st_size=45992421, ...}, 0) = 0
20458 1784115937.736908 newfstatat(AT_FDCWD, "/product/overlay/GoogleConfigOverlay.apk", {st_mode=S_IFREG|0644, st_size=25070, ...}, 0) = 0
20458 1784115937.736924 newfstatat(AT_FDCWD, "/product/overlay/GoogleWebViewOverlay.apk", {st_mode=S_IFREG|0644, st_size=16815, ...}, 0) = 0
20458 1784115937.736938 newfstatat(AT_FDCWD, "/product/overlay/PixelConfigOverlayCommon.apk", {st_mode=S_IFREG|0644, st_size=52833, ...}, 0) = 0
20458 1784115937.736951 newfstatat(AT_FDCWD, "/product/overlay/EmulatorConfigOverlay.apk", {st_mode=S_IFREG|0644, st_size=16734, ...}, 0) = 0
20458 1784115937.737130 newfstatat(AT_FDCWD, "/data/app/ca.farrelltonsolar.classic-wruE33R6HkNtcQlPk1RWkw==/base.apk", {st_mode=S_IFREG|0644, st_size=2354811, ...}, 0) = 0
20529 1784115937.739237 exit(0)         = ?
20529 1784115937.739551 +++ exited with 0 +++
20530 1784115937.741912 exit(0)         = ?
20530 1784115937.742268 +++ exited with 0 +++
20495 1784115937.746701 sendmsg(68, {msg_name=NULL, msg_namelen=0, msg_iov=[{iov_base="l\1\1\1\24\1\0\0L\0\0\0\235\0\0\0\1\1o\0;\0\0\0/re/frid"..., iov_len=452}], msg_iovlen=1, msg_controllen=0, msg_flags=0}, MSG_NOSIGNAL) = 452
20458 1784115937.757390 recvfrom(44, 0x7fdfb6c1d0, 3200, MSG_DONTWAIT, NULL, NULL) = -1 EAGAIN (Try again)
20458 1784115937.759112 recvfrom(44, "nysv\0\0\0\0\0\0\0\0\0\0\0\0\304\36_\336\375\0\0\0\253\376\0\0\0\0\0\0", 3200, MSG_DONTWAIT, NULL, NULL) = 32
20458 1784115937.759153 recvfrom(44, 0x7fdfb6c500, 3200, MSG_DONTWAIT, NULL, NULL) = -1 EAGAIN (Try again)
20458 1784115937.759929 recvfrom(69, 0x78b1ab9820, 2272, MSG_DONTWAIT, NULL, NULL) = -1 EAGAIN (Try again)
20458 1784115937.760113 recvfrom(44, 0x7fdfb6be80, 3200, MSG_DONTWAIT, NULL, NULL) = -1 EAGAIN (Try again)
20458 1784115937.806020 clone(child_stack=0x77b5a11d40, flags=CLONE_VM|CLONE_FS|CLONE_FILES|CLONE_SIGHAND|CLONE_THREAD|CLONE_SYSVSEM|CLONE_SETTLS|CLONE_PARENT_SETTID|CLONE_CHILD_CLEARTID, parent_tidptr=0x77b5a11d60, tls=0x77b5a12020, child_tidptr=0x77b5a11d60) = 20531
20458 1784115937.806286 clone(child_stack=0x77b5908d40, flags=CLONE_VM|CLONE_FS|CLONE_FILES|CLONE_SIGHAND|CLONE_THREAD|CLONE_SYSVSEM|CLONE_SETTLS|CLONE_PARENT_SETTID|CLONE_CHILD_CLEARTID, parent_tidptr=0x77b5908d60, tls=0x77b5909020, child_tidptr=0x77b5908d60) = 20532
20458 1784115937.806671 clone(child_stack=0x77b57ffd40, flags=CLONE_VM|CLONE_FS|CLONE_FILES|CLONE_SIGHAND|CLONE_THREAD|CLONE_SYSVSEM|CLONE_SETTLS|CLONE_PARENT_SETTID|CLONE_CHILD_CLEARTID, parent_tidptr=0x77b57ffd60, tls=0x77b5800020, child_tidptr=0x77b57ffd60) = 20533
20458 1784115937.807170 clone(child_stack=0x77b56f6d40, flags=CLONE_VM|CLONE_FS|CLONE_FILES|CLONE_SIGHAND|CLONE_THREAD|CLONE_SYSVSEM|CLONE_SETTLS|CLONE_PARENT_SETTID|CLONE_CHILD_CLEARTID, parent_tidptr=0x77b56f6d60, tls=0x77b56f7020, child_tidptr=0x77b56f6d60) = 20534
20458 1784115937.807361 clone(child_stack=0x77b55edd40, flags=CLONE_VM|CLONE_FS|CLONE_FILES|CLONE_SIGHAND|CLONE_THREAD|CLONE_SYSVSEM|CLONE_SETTLS|CLONE_PARENT_SETTID|CLONE_CHILD_CLEARTID, parent_tidptr=0x77b55edd60, tls=0x77b55ee020, child_tidptr=0x77b55edd60) = 20535
20458 1784115937.807837 clone(child_stack=0x77b54e4d40, flags=CLONE_VM|CLONE_FS|CLONE_FILES|CLONE_SIGHAND|CLONE_THREAD|CLONE_SYSVSEM|CLONE_SETTLS|CLONE_PARENT_SETTID|CLONE_CHILD_CLEARTID, parent_tidptr=0x77b54e4d60, tls=0x77b54e5020, child_tidptr=0x77b54e4d60) = 20536
20532 1784115937.814250 exit(0)         = ?
20532 1784115937.814629 +++ exited with 0 +++
20531 1784115937.815197 exit(0)         = ?
20534 1784115937.815492 exit(0 <unfinished ...>
20531 1784115937.815497 +++ exited with 0 +++
20534 1784115937.815625 <... exit resumed>) = ?
20534 1784115937.815760 +++ exited with 0 +++
20535 1784115937.816123 exit(0)         = ?
20535 1784115937.816352 +++ exited with 0 +++
20533 1784115937.816388 exit(0)         = ?
20533 1784115937.816633 +++ exited with 0 +++
20536 1784115937.817011 exit(0)         = ?
20536 1784115937.817261 +++ exited with 0 +++
20492 1784115937.863139 faccessat(AT_FDCWD, "/proc/self/task/20531", F_OK) = -1 ENOENT (No such file or directory)
20492 1784115937.863384 faccessat(AT_FDCWD, "/proc/self/task/20532", F_OK) = -1 ENOENT (No such file or directory)
20492 1784115937.863750 faccessat(AT_FDCWD, "/proc/self/task/20534", F_OK) = -1 ENOENT (No such file or directory)
20492 1784115937.864035 faccessat(AT_FDCWD, "/proc/self/task/20535", F_OK) = -1 ENOENT (No such file or directory)
20492 1784115937.864348 faccessat(AT_FDCWD, "/proc/self/task/20533", F_OK) = -1 ENOENT (No such file or directory)
20492 1784115937.864644 faccessat(AT_FDCWD, "/proc/self/task/20536", F_OK) = -1 ENOENT (No such file or directory)
20458 1784115937.968770 recvfrom(44, "nysv\0\0\0\0\0\0\0\0\0\0\0\0(\242]\337\375\0\0\0\254\376\0\0\0\0\0\0", 3200, MSG_DONTWAIT, NULL, NULL) = 32
20458 1784115937.968806 recvfrom(44, 0x7fdfb6c500, 3200, MSG_DONTWAIT, NULL, NULL) = -1 EAGAIN (Try again)
20458 1784115937.972163 recvfrom(69, 0x78b1ab9820, 2272, MSG_DONTWAIT, NULL, NULL) = -1 EAGAIN (Try again)
20458 1784115937.972534 recvfrom(44, 0x7fdfb6a770, 3200, MSG_DONTWAIT, NULL, NULL) = -1 EAGAIN (Try again)
20481 1784115937.974459 clone(child_stack=0x77b49eed40, flags=CLONE_VM|CLONE_FS|CLONE_FILES|CLONE_SIGHAND|CLONE_THREAD|CLONE_SYSVSEM|CLONE_SETTLS|CLONE_PARENT_SETTID|CLONE_CHILD_CLEARTID, parent_tidptr=0x77b49eed60, tls=0x77b49ef020, child_tidptr=0x77b49eed60) = 20538
20458 1784115937.975514 recvfrom(44, "nysv\0\0\0\0\0\0\0\0\0\0\0\0\35\257J\353\375\0\0\0\270\376\0\0\0\0\0\0", 3200, MSG_DONTWAIT, NULL, NULL) = 32
20458 1784115937.975538 recvfrom(44, 0x7fdfb6c500, 3200, MSG_DONTWAIT, NULL, NULL) = -1 EAGAIN (Try again)
20458 1784115937.975563 recvfrom(69, 0x78b1ab9820, 2272, MSG_DONTWAIT, NULL, NULL) = -1 EAGAIN (Try again)
20481 1784115937.979215 clone(child_stack=0x77b48f1d40, flags=CLONE_VM|CLONE_FS|CLONE_FILES|CLONE_SIGHAND|CLONE_THREAD|CLONE_SYSVSEM|CLONE_SETTLS|CLONE_PARENT_SETTID|CLONE_CHILD_CLEARTID, parent_tidptr=0x77b48f1d60, tls=0x77b48f2020, child_tidptr=0x77b48f1d60) = 20539
20458 1784115938.113118 recvfrom(44, 0x7fdfb6c660, 3200, MSG_DONTWAIT, NULL, NULL) = -1 EAGAIN (Try again)
20458 1784115938.125784 recvfrom(44, "nysv\0\0\0\0\0\0\0\0\0\0\0\0n\230;\364\375\0\0\0\301\376\0\0\0\0\0\0", 3200, MSG_DONTWAIT, NULL, NULL) = 32
20458 1784115938.126305 recvfrom(44, 0x7fdfb6c500, 3200, MSG_DONTWAIT, NULL, NULL) = -1 EAGAIN (Try again)
20458 1784115938.126356 recvfrom(44, 0x7fdfb6ba50, 3200, MSG_DONTWAIT, NULL, NULL) = -1 EAGAIN (Try again)
20458 1784115938.142750 recvfrom(44, "nysv\0\0\0\0\0\0\0\0\0\0\0\0o\3669\365\375\0\0\0\302\376\0\0\0\0\0\0", 3200, MSG_DONTWAIT, NULL, NULL) = 32
20458 1784115938.142779 recvfrom(44, 0x7fdfb6c500, 3200, MSG_DONTWAIT, NULL, NULL) = -1 EAGAIN (Try again)
20458 1784115938.142881 recvfrom(69, 0x78b1ab9820, 2272, MSG_DONTWAIT, NULL, NULL) = -1 EAGAIN (Try again)
20458 1784115938.266257 recvfrom(44, 0x7fdfb6c660, 3200, MSG_DONTWAIT, NULL, NULL) = -1 EAGAIN (Try again)
20458 1784115938.277290 recvfrom(44, "nysv\0\0\0\0\0\0\0\0\0\0\0\0{Q*\375\375\0\0\0\312\376\0\0\0\0\0\0", 3200, MSG_DONTWAIT, NULL, NULL) = 32
20458 1784115938.277328 recvfrom(44, 0x7fdfb6c500, 3200, MSG_DONTWAIT, NULL, NULL) = -1 EAGAIN (Try again)
20458 1784115938.277509 recvfrom(44, 0x7fdfb6ba50, 3200, MSG_DONTWAIT, NULL, NULL) = -1 EAGAIN (Try again)
20458 1784115938.292624 recvfrom(44, "nysv\0\0\0\0\0\0\0\0\0\0\0\0p\227(\376\375\0\0\0\313\376\0\0\0\0\0\0", 3200, MSG_DONTWAIT, NULL, NULL) = 32
20458 1784115938.292787 recvfrom(44, 0x7fdfb6c500, 3200, MSG_DONTWAIT, NULL, NULL) = -1 EAGAIN (Try again)
20458 1784115938.292822 recvfrom(69, 0x78b1ab9820, 2272, MSG_DONTWAIT, NULL, NULL) = -1 EAGAIN (Try again)
20458 1784115938.382791 recvfrom(44, 0x7fdfb6c550, 3200, MSG_DONTWAIT, NULL, NULL) = -1 EAGAIN (Try again)
20458 1784115938.392244 recvfrom(44, "nysv\0\0\0\0\0\0\0\0\0\0\0\0g\230\36\4\376\0\0\0\321\376\0\0\0\0\0\0", 3200, MSG_DONTWAIT, NULL, NULL) = 32
20458 1784115938.392271 recvfrom(44, 0x7fdfb6c500, 3200, MSG_DONTWAIT, NULL, NULL) = -1 EAGAIN (Try again)
20458 1784115938.392386 recvfrom(46, 0x78b1ab8c20, 2272, MSG_DONTWAIT, NULL, NULL) = -1 EAGAIN (Try again)
20458 1784115938.399910 recvfrom(44, 0x7fdfb6c250, 3200, MSG_DONTWAIT, NULL, NULL) = -1 EAGAIN (Try again)
20458 1784115938.400025 clone(child_stack=0x77c2703d40, flags=CLONE_VM|CLONE_FS|CLONE_FILES|CLONE_SIGHAND|CLONE_THREAD|CLONE_SYSVSEM|CLONE_SETTLS|CLONE_PARENT_SETTID|CLONE_CHILD_CLEARTID, parent_tidptr=0x77c2703d60, tls=0x77c2704020, child_tidptr=0x77c2703d60) = 20540
20458 1784115938.408487 recvfrom(44, "nysv\0\0\0\0\0\0\0\0\0\0\0\0=o\35\5\376\0\0\0\322\376\0\0\0\0\0\0", 3200, MSG_DONTWAIT, NULL, NULL) = 32
20458 1784115938.408507 recvfrom(44, 0x7fdfb6c500, 3200, MSG_DONTWAIT, NULL, NULL) = -1 EAGAIN (Try again)
20458 1784115938.418921 recvfrom(44, 0x7fdfb6c660, 3200, MSG_DONTWAIT, NULL, NULL) = -1 EAGAIN (Try again)
20458 1784115938.425263 recvfrom(44, "nysv\0\0\0\0\0\0\0\0\0\0\0\0\372\3\34\6\376\0\0\0\323\376\0\0\0\0\0\0", 3200, MSG_DONTWAIT, NULL, NULL) = 32
20458 1784115938.425279 recvfrom(44, 0x7fdfb6c500, 3200, MSG_DONTWAIT, NULL, NULL) = -1 EAGAIN (Try again)
20458 1784115938.425311 recvfrom(44, 0x7fdfb6ba50, 3200, MSG_DONTWAIT, NULL, NULL) = -1 EAGAIN (Try again)
20458 1784115938.443062 recvfrom(44, "nysv\0\0\0\0\0\0\0\0\0\0\0\0OU\32\7\376\0\0\0\324\376\0\0\0\0\0\0", 3200, MSG_DONTWAIT, NULL, NULL) = 32
20458 1784115938.443087 recvfrom(44, 0x7fdfb6c500, 3200, MSG_DONTWAIT, NULL, NULL) = -1 EAGAIN (Try again)
20458 1784115938.443112 recvfrom(69, 0x78b1ab9820, 2272, MSG_DONTWAIT, NULL, NULL) = -1 EAGAIN (Try again)
20458 1784115938.566069 recvfrom(44, 0x7fdfb6c660, 3200, MSG_DONTWAIT, NULL, NULL) = -1 EAGAIN (Try again)
20458 1784115938.577857 recvfrom(44, "nysv\0\0\0\0\0\0\0\0\0\0\0\0\266\324\v\17\376\0\0\0\334\376\0\0\0\0\0\0", 3200, MSG_DONTWAIT, NULL, NULL) = 32
20458 1784115938.577932 recvfrom(44, 0x7fdfb6c500, 3200, MSG_DONTWAIT, NULL, NULL) = -1 EAGAIN (Try again)
20458 1784115938.578047 recvfrom(44, 0x7fdfb6ba50, 3200, MSG_DONTWAIT, NULL, NULL) = -1 EAGAIN (Try again)
20458 1784115938.592303 recvfrom(44, "nysv\0\0\0\0\0\0\0\0\0\0\0\0\16_\n\20\376\0\0\0\335\376\0\0\0\0\0\0", 3200, MSG_DONTWAIT, NULL, NULL) = 32
20458 1784115938.592351 recvfrom(44, 0x7fdfb6c500, 3200, MSG_DONTWAIT, NULL, NULL) = -1 EAGAIN (Try again)
20458 1784115938.592397 recvfrom(69, 0x78b1ab9820, 2272, MSG_DONTWAIT, NULL, NULL) = -1 EAGAIN (Try again)
20458 1784115938.719445 recvfrom(44, 0x7fdfb6c660, 3200, MSG_DONTWAIT, NULL, NULL) = -1 EAGAIN (Try again)
20458 1784115938.726601 recvfrom(44, "nysv\0\0\0\0\0\0\0\0\0\0\0\0\376\312\374\27\376\0\0\0\345\376\0\0\0\0\0\0", 3200, MSG_DONTWAIT, NULL, NULL) = 32
20458 1784115938.726648 recvfrom(44, 0x7fdfb6c500, 3200, MSG_DONTWAIT, NULL, NULL) = -1 EAGAIN (Try again)
20458 1784115938.726730 recvfrom(44, 0x7fdfb6ba50, 3200, MSG_DONTWAIT, NULL, NULL) = -1 EAGAIN (Try again)
20458 1784115938.743050 recvfrom(44, "nysv\0\0\0\0\0\0\0\0\0\0\0\0\27D\373\30\376\0\0\0\346\376\0\0\0\0\0\0", 3200, MSG_DONTWAIT, NULL, NULL) = 32
20458 1784115938.743172 recvfrom(44, 0x7fdfb6c500, 3200, MSG_DONTWAIT, NULL, NULL) = -1 EAGAIN (Try again)
20458 1784115938.743259 recvfrom(69, 0x78b1ab9820, 2272, MSG_DONTWAIT, NULL, NULL) = -1 EAGAIN (Try again)
20458 1784115938.868638 recvfrom(44, 0x7fdfb6c660, 3200, MSG_DONTWAIT, NULL, NULL) = -1 EAGAIN (Try again)
20458 1784115938.878239 recvfrom(44, "nysv\0\0\0\0\0\0\0\0\0\0\0\0\252w\355 \376\0\0\0\356\376\0\0\0\0\0\0", 3200, MSG_DONTWAIT, NULL, NULL) = 32
20458 1784115938.878282 recvfrom(44, 0x7fdfb6c500, 3200, MSG_DONTWAIT, NULL, NULL) = -1 EAGAIN (Try again)
20458 1784115938.878339 recvfrom(44, 0x7fdfb6ba50, 3200, MSG_DONTWAIT, NULL, NULL) = -1 EAGAIN (Try again)
20458 1784115938.891891 recvfrom(44, "nysv\0\0\0\0\0\0\0\0\0\0\0\0\240\25\354!\376\0\0\0\357\376\0\0\0\0\0\0", 3200, MSG_DONTWAIT, NULL, NULL) = 32
20458 1784115938.891927 recvfrom(44, 0x7fdfb6c500, 3200, MSG_DONTWAIT, NULL, NULL) = -1 EAGAIN (Try again)
20458 1784115938.891960 recvfrom(69, 0x78b1ab9820, 2272, MSG_DONTWAIT, NULL, NULL) = -1 EAGAIN (Try again)
20458 1784115939.018371 recvfrom(44, 0x7fdfb6c660, 3200, MSG_DONTWAIT, NULL, NULL) = -1 EAGAIN (Try again)
20458 1784115939.025225 recvfrom(44, "nysv\0\0\0\0\0\0\0\0\0\0\0\0u:\337)\376\0\0\0\367\376\0\0\0\0\0\0", 3200, MSG_DONTWAIT, NULL, NULL) = 32
20458 1784115939.025258 recvfrom(44, 0x7fdfb6c500, 3200, MSG_DONTWAIT, NULL, NULL) = -1 EAGAIN (Try again)
20458 1784115939.025308 recvfrom(44, 0x7fdfb6ba50, 3200, MSG_DONTWAIT, NULL, NULL) = -1 EAGAIN (Try again)
20458 1784115939.041924 recvfrom(44, "nysv\0\0\0\0\0\0\0\0\0\0\0\0h\316\335*\376\0\0\0\370\376\0\0\0\0\0\0", 3200, MSG_DONTWAIT, NULL, NULL) = 32
20458 1784115939.041963 recvfrom(44, 0x7fdfb6c500, 3200, MSG_DONTWAIT, NULL, NULL) = -1 EAGAIN (Try again)
20458 1784115939.042020 recvfrom(69, 0x78b1ab9820, 2272, MSG_DONTWAIT, NULL, NULL) = -1 EAGAIN (Try again)
20458 1784115939.170430 recvfrom(44, 0x7fdfb6c660, 3200, MSG_DONTWAIT, NULL, NULL) = -1 EAGAIN (Try again)
20458 1784115939.175824 recvfrom(44, "nysv\0\0\0\0\0\0\0\0\0\0\0\0\314\260\3172\376\0\0\0\0\377\0\0\200\0\0\0", 3200, MSG_DONTWAIT, NULL, NULL) = 32
20458 1784115939.175880 recvfrom(44, 0x7fdfb6c500, 3200, MSG_DONTWAIT, NULL, NULL) = -1 EAGAIN (Try again)
20458 1784115939.175957 recvfrom(44, 0x7fdfb6ba50, 3200, MSG_DONTWAIT, NULL, NULL) = -1 EAGAIN (Try again)
20458 1784115939.192330 recvfrom(44, "nysv\0\0\0\0\0\0\0\0\0\0\0\0\263,\3163\376\0\0\0\1\377\0\0\0\0\0\0", 3200, MSG_DONTWAIT, NULL, NULL) = 32
20458 1784115939.192379 recvfrom(44, 0x7fdfb6c500, 3200, MSG_DONTWAIT, NULL, NULL) = -1 EAGAIN (Try again)
20458 1784115939.192411 recvfrom(69, 0x78b1ab9820, 2272, MSG_DONTWAIT, NULL, NULL) = -1 EAGAIN (Try again)
20458 1784115939.321686 recvfrom(44, 0x7fdfb6c660, 3200, MSG_DONTWAIT, NULL, NULL) = -1 EAGAIN (Try again)
20458 1784115939.326415 recvfrom(44, "nysv\0\0\0\0\0\0\0\0\0\0\0\0\245w\300;\376\0\0\0\t\377\0\0\0\0\0\0", 3200, MSG_DONTWAIT, NULL, NULL) = 32
20458 1784115939.326462 recvfrom(44, 0x7fdfb6c500, 3200, MSG_DONTWAIT, NULL, NULL) = -1 EAGAIN (Try again)
20458 1784115939.326545 recvfrom(44, 0x7fdfb6ba50, 3200, MSG_DONTWAIT, NULL, NULL) = -1 EAGAIN (Try again)
20458 1784115939.341982 recvfrom(44, "nysv\0\0\0\0\0\0\0\0\0\0\0\0\273\r\277<\376\0\0\0\n\377\0\0\0\0\0\0", 3200, MSG_DONTWAIT, NULL, NULL) = 32
20458 1784115939.342032 recvfrom(44, 0x7fdfb6c500, 3200, MSG_DONTWAIT, NULL, NULL) = -1 EAGAIN (Try again)
20458 1784115939.342079 recvfrom(69, 0x78b1ab9820, 2272, MSG_DONTWAIT, NULL, NULL) = -1 EAGAIN (Try again)
20458 1784115939.358408 recvfrom(44, 0x7fdfb6c290, 3200, MSG_DONTWAIT, NULL, NULL) = -1 EAGAIN (Try again)
20458 1784115939.375269 recvfrom(44, "nysv\0\0\0\0\0\0\0\0\0\0\0\0\3\326\273>\376\0\0\0\f\377\0\0\0\0\0\0", 3200, MSG_DONTWAIT, NULL, NULL) = 32
20458 1784115939.375306 recvfrom(44, 0x7fdfb6c500, 3200, MSG_DONTWAIT, NULL, NULL) = -1 EAGAIN (Try again)
20458 1784115939.375337 recvfrom(69, 0x78b1ab9820, 2272, MSG_DONTWAIT, NULL, NULL) = -1 EAGAIN (Try again)
20458 1784115939.375440 recvfrom(44, 0x7fdfb6b3b0, 3200, MSG_DONTWAIT, NULL, NULL) = -1 EAGAIN (Try again)
20458 1784115939.392804 recvfrom(44, "nysv\0\0\0\0\0\0\0\0\0\0\0\0\362:\272?\376\0\0\0\r\377\0\0\0\0\0\0", 3200, MSG_DONTWAIT, NULL, NULL) = 32
20458 1784115939.392840 recvfrom(44, 0x7fdfb6c500, 3200, MSG_DONTWAIT, NULL, NULL) = -1 EAGAIN (Try again)
20458 1784115939.392871 recvfrom(69, 0x78b1ab9820, 2272, MSG_DONTWAIT, NULL, NULL) = -1 EAGAIN (Try again)
20458 1784115939.393380 recvfrom(44, 0x7fdfb6b3b0, 3200, MSG_DONTWAIT, NULL, NULL) = -1 EAGAIN (Try again)
20458 1784115939.408987 recvfrom(44, "nysv\0\0\0\0\0\0\0\0\0\0\0\0\315\272\270@\376\0\0\0\16\377\0\0\0\0\0\0", 3200, MSG_DONTWAIT, NULL, NULL) = 32
20458 1784115939.409032 recvfrom(44, 0x7fdfb6c500, 3200, MSG_DONTWAIT, NULL, NULL) = -1 EAGAIN (Try again)
20458 1784115939.409068 recvfrom(69, 0x78b1ab9820, 2272, MSG_DONTWAIT, NULL, NULL) = -1 EAGAIN (Try again)
20458 1784115939.409476 recvfrom(44, 0x7fdfb6b3b0, 3200, MSG_DONTWAIT, NULL, NULL) = -1 EAGAIN (Try again)
20458 1784115939.425202 recvfrom(44, "nysv\0\0\0\0\0\0\0\0\0\0\0\0\251R\267A\376\0\0\0\17\377\0\0\0\0\0\0", 3200, MSG_DONTWAIT, NULL, NULL) = 32
20458 1784115939.425236 recvfrom(44, 0x7fdfb6c500, 3200, MSG_DONTWAIT, NULL, NULL) = -1 EAGAIN (Try again)
20458 1784115939.425268 recvfrom(69, 0x78b1ab9820, 2272, MSG_DONTWAIT, NULL, NULL) = -1 EAGAIN (Try again)
20458 1784115939.425852 recvfrom(44, 0x7fdfb6b3b0, 3200, MSG_DONTWAIT, NULL, NULL) = -1 EAGAIN (Try again)
20458 1784115939.442813 recvfrom(44, "nysv\0\0\0\0\0\0\0\0\0\0\0\0\342\260\265B\376\0\0\0\20\377\0\0\0\0\0\0", 3200, MSG_DONTWAIT, NULL, NULL) = 32
20458 1784115939.442842 recvfrom(44, 0x7fdfb6c500, 3200, MSG_DONTWAIT, NULL, NULL) = -1 EAGAIN (Try again)
20458 1784115939.442876 recvfrom(69, 0x78b1ab9820, 2272, MSG_DONTWAIT, NULL, NULL) = -1 EAGAIN (Try again)
20458 1784115939.443045 recvfrom(44, 0x7fdfb6b3b0, 3200, MSG_DONTWAIT, NULL, NULL) = -1 EAGAIN (Try again)
20458 1784115939.459431 recvfrom(44, "nysv\0\0\0\0\0\0\0\0\0\0\0\0*\22\264C\376\0\0\0\21\377\0\0\0\0\0\0", 3200, MSG_DONTWAIT, NULL, NULL) = 32
20458 1784115939.459469 recvfrom(44, 0x7fdfb6c500, 3200, MSG_DONTWAIT, NULL, NULL) = -1 EAGAIN (Try again)
20458 1784115939.459506 recvfrom(69, 0x78b1ab9820, 2272, MSG_DONTWAIT, NULL, NULL) = -1 EAGAIN (Try again)
20458 1784115939.459966 recvfrom(44, 0x7fdfb6b3b0, 3200, MSG_DONTWAIT, NULL, NULL) = -1 EAGAIN (Try again)
20458 1784115939.475126 recvfrom(44, "nysv\0\0\0\0\0\0\0\0\0\0\0\0d\254\262D\376\0\0\0\22\377\0\0\0\0\0\0", 3200, MSG_DONTWAIT, NULL, NULL) = 32
20458 1784115939.475162 recvfrom(44, 0x7fdfb6c500, 3200, MSG_DONTWAIT, NULL, NULL) = -1 EAGAIN (Try again)
20458 1784115939.475191 recvfrom(69, 0x78b1ab9820, 2272, MSG_DONTWAIT, NULL, NULL) = -1 EAGAIN (Try again)
20458 1784115939.475335 recvfrom(44, 0x7fdfb6b3b0, 3200, MSG_DONTWAIT, NULL, NULL) = -1 EAGAIN (Try again)
20458 1784115939.492721 recvfrom(44, "nysv\0\0\0\0\0\0\0\0\0\0\0\0\236\17\261E\376\0\0\0\23\377\0\0\0\0\0\0", 3200, MSG_DONTWAIT, NULL, NULL) = 32
20458 1784115939.492759 recvfrom(44, 0x7fdfb6c500, 3200, MSG_DONTWAIT, NULL, NULL) = -1 EAGAIN (Try again)
20458 1784115939.492799 recvfrom(69, 0x78b1ab9820, 2272, MSG_DONTWAIT, NULL, NULL) = -1 EAGAIN (Try again)
20458 1784115939.492962 recvfrom(44, 0x7fdfb6b3b0, 3200, MSG_DONTWAIT, NULL, NULL) = -1 EAGAIN (Try again)
20458 1784115939.508703 recvfrom(44, "nysv\0\0\0\0\0\0\0\0\0\0\0\0\305\243\257F\376\0\0\0\24\377\0\0\0\0\0\0", 3200, MSG_DONTWAIT, NULL, NULL) = 32
20458 1784115939.508740 recvfrom(44, 0x7fdfb6c500, 3200, MSG_DONTWAIT, NULL, NULL) = -1 EAGAIN (Try again)
20458 1784115939.508916 recvfrom(69, 0x78b1ab9820, 2272, MSG_DONTWAIT, NULL, NULL) = -1 EAGAIN (Try again)
20458 1784115939.509314 recvfrom(44, 0x7fdfb6b3b0, 3200, MSG_DONTWAIT, NULL, NULL) = -1 EAGAIN (Try again)
20458 1784115939.525521 recvfrom(44, "nysv\0\0\0\0\0\0\0\0\0\0\0\0%7\256G\376\0\0\0\25\377\0\0\0\0\0\0", 3200, MSG_DONTWAIT, NULL, NULL) = 32
20458 1784115939.525619 recvfrom(44, 0x7fdfb6c500, 3200, MSG_DONTWAIT, NULL, NULL) = -1 EAGAIN (Try again)
20458 1784115939.525657 recvfrom(69, 0x78b1ab9820, 2272, MSG_DONTWAIT, NULL, NULL) = -1 EAGAIN (Try again)
20458 1784115939.525755 recvfrom(44, 0x7fdfb6b3b0, 3200, MSG_DONTWAIT, NULL, NULL) = -1 EAGAIN (Try again)
20458 1784115939.544927 recvfrom(44, "nysv\0\0\0\0\0\0\0\0\0\0\0\0\252+\254H\376\0\0\0\26\377\0\0\0\0\0\0", 3200, MSG_DONTWAIT, NULL, NULL) = 32
20458 1784115939.544968 recvfrom(44, 0x7fdfb6c500, 3200, MSG_DONTWAIT, NULL, NULL) = -1 EAGAIN (Try again)
20458 1784115939.545015 recvfrom(69, 0x78b1ab9820, 2272, MSG_DONTWAIT, NULL, NULL) = -1 EAGAIN (Try again)
20458 1784115939.545105 recvfrom(44, 0x7fdfb6b3b0, 3200, MSG_DONTWAIT, NULL, NULL) = -1 EAGAIN (Try again)
20458 1784115939.560921 recvfrom(44, "nysv\0\0\0\0\0\0\0\0\0\0\0\0\230/\252I\376\0\0\0\27\377\0\0\0\0\0\0", 3200, MSG_DONTWAIT, NULL, NULL) = 32
20458 1784115939.560961 recvfrom(44, 0x7fdfb6c500, 3200, MSG_DONTWAIT, NULL, NULL) = -1 EAGAIN (Try again)
20458 1784115939.560997 recvfrom(69, 0x78b1ab9820, 2272, MSG_DONTWAIT, NULL, NULL) = -1 EAGAIN (Try again)
20458 1784115939.561562 recvfrom(44, 0x7fdfb6b3b0, 3200, MSG_DONTWAIT, NULL, NULL) = -1 EAGAIN (Try again)
20458 1784115939.576479 recvfrom(44, "nysv\0\0\0\0\0\0\0\0\0\0\0\0\302\177\250J\376\0\0\0\30\377\0\0\0\0\0\0", 3200, MSG_DONTWAIT, NULL, NULL) = 32
20458 1784115939.578760 recvfrom(44, 0x7fdfb6c500, 3200, MSG_DONTWAIT, NULL, NULL) = -1 EAGAIN (Try again)
20458 1784115939.578798 recvfrom(69, 0x78b1ab9820, 2272, MSG_DONTWAIT, NULL, NULL) = -1 EAGAIN (Try again)
20458 1784115939.579060 recvfrom(44, 0x7fdfb6b3b0, 3200, MSG_DONTWAIT, NULL, NULL) = -1 EAGAIN (Try again)
20458 1784115939.594137 recvfrom(44, "nysv\0\0\0\0\0\0\0\0\0\0\0\0\1\237\246K\376\0\0\0\31\377\0\0\0\0\0\0", 3200, MSG_DONTWAIT, NULL, NULL) = 32
20458 1784115939.594168 recvfrom(44, 0x7fdfb6c500, 3200, MSG_DONTWAIT, NULL, NULL) = -1 EAGAIN (Try again)
20458 1784115939.594208 recvfrom(69, 0x78b1ab9820, 2272, MSG_DONTWAIT, NULL, NULL) = -1 EAGAIN (Try again)
20458 1784115939.594737 recvfrom(44, 0x7fdfb6b3b0, 3200, MSG_DONTWAIT, NULL, NULL) = -1 EAGAIN (Try again)
20458 1784115939.609945 recvfrom(44, "nysv\0\0\0\0\0\0\0\0\0\0\0\0\351\1\245L\376\0\0\0\32\377\0\0\0\0\0\0", 3200, MSG_DONTWAIT, NULL, NULL) = 32
20458 1784115939.613067 recvfrom(44, 0x7fdfb6c500, 3200, MSG_DONTWAIT, NULL, NULL) = -1 EAGAIN (Try again)
20458 1784115939.613120 recvfrom(69, 0x78b1ab9820, 2272, MSG_DONTWAIT, NULL, NULL) = -1 EAGAIN (Try again)
20458 1784115939.613220 recvfrom(44, 0x7fdfb6b3b0, 3200, MSG_DONTWAIT, NULL, NULL) = -1 EAGAIN (Try again)
20458 1784115939.627464 recvfrom(44, "nysv\0\0\0\0\0\0\0\0\0\0\0\0E\32\243M\376\0\0\0\33\377\0\0\0\0\0\0", 3200, MSG_DONTWAIT, NULL, NULL) = 32
20458 1784115939.629452 recvfrom(44, 0x7fdfb6c500, 3200, MSG_DONTWAIT, NULL, NULL) = -1 EAGAIN (Try again)
20458 1784115939.629532 recvfrom(69, 0x78b1ab9820, 2272, MSG_DONTWAIT, NULL, NULL) = -1 EAGAIN (Try again)
20467 1784115939.693427 exit(0)         = ?
20466 1784115939.693608 exit(0 <unfinished ...>
20467 1784115939.693747 +++ exited with 0 +++
20466 1784115939.693752 <... exit resumed>) = ?
20468 1784115939.693860 exit(0 <unfinished ...>
20466 1784115939.693882 +++ exited with 0 +++
20468 1784115939.693903 <... exit resumed>) = ?
20468 1784115939.693997 +++ exited with 0 +++
20465 1784115939.693999 exit(0)         = ?
20465 1784115939.694142 +++ exited with 0 +++
20478 1784115939.695410 newfstatat(AT_FDCWD, "/data", {st_mode=S_IFDIR|0771, st_size=4096, ...}, AT_SYMLINK_NOFOLLOW) = 0
20478 1784115939.695568 newfstatat(AT_FDCWD, "/data/app", {st_mode=S_IFDIR|0771, st_size=4096, ...}, AT_SYMLINK_NOFOLLOW) = 0
20478 1784115939.695711 newfstatat(AT_FDCWD, "/data/app/ca.farrelltonsolar.classic-wruE33R6HkNtcQlPk1RWkw==", {st_mode=S_IFDIR|0775, st_size=4096, ...}, AT_SYMLINK_NOFOLLOW) = 0
20478 1784115939.695859 newfstatat(AT_FDCWD, "/data/app/ca.farrelltonsolar.classic-wruE33R6HkNtcQlPk1RWkw==/base.apk", {st_mode=S_IFREG|0644, st_size=2354811, ...}, AT_SYMLINK_NOFOLLOW) = 0
20478 1784115939.696004 getcwd("/", 4096) = 2
20478 1784115939.696135 newfstatat(AT_FDCWD, "/base.apk", 0x78214fb690, AT_SYMLINK_NOFOLLOW) = -1 ENOENT (No such file or directory)
20458 1784115939.773282 recvfrom(44, 0x7fdfb6c660, 3200, MSG_DONTWAIT, NULL, NULL) = -1 EAGAIN (Try again)
20458 1784115939.775884 recvfrom(44, "nysv\0\0\0\0\0\0\0\0\0\0\0\0\343\351\222V\376\0\0\0$\377\0\0\0\0\0\0", 3200, MSG_DONTWAIT, NULL, NULL) = 32
20458 1784115939.775919 recvfrom(44, 0x7fdfb6c500, 3200, MSG_DONTWAIT, NULL, NULL) = -1 EAGAIN (Try again)
20458 1784115939.775980 recvfrom(44, 0x7fdfb6ba50, 3200, MSG_DONTWAIT, NULL, NULL) = -1 EAGAIN (Try again)
20458 1784115939.793077 recvfrom(44, "nysv\0\0\0\0\0\0\0\0\0\0\0\0@A\221W\376\0\0\0%\377\0\0\0\0\0\0", 3200, MSG_DONTWAIT, NULL, NULL) = 32
20458 1784115939.793117 recvfrom(44, 0x7fdfb6c500, 3200, MSG_DONTWAIT, NULL, NULL) = -1 EAGAIN (Try again)
20458 1784115939.793505 recvfrom(69, 0x78b1ab9820, 2272, MSG_DONTWAIT, NULL, NULL) = -1 EAGAIN (Try again)
20458 1784115939.917519 recvfrom(44, 0x7fdfb6c660, 3200, MSG_DONTWAIT, NULL, NULL) = -1 EAGAIN (Try again)
20458 1784115939.925657 recvfrom(44, "nysv\0\0\0\0\0\0\0\0\0\0\0\0\365\252\203_\376\0\0\0-\377\0\0\0\0\0\0", 3200, MSG_DONTWAIT, NULL, NULL) = 32
20458 1784115939.925691 recvfrom(44, 0x7fdfb6c500, 3200, MSG_DONTWAIT, NULL, NULL) = -1 EAGAIN (Try again)
20458 1784115939.925741 recvfrom(44, 0x7fdfb6ba50, 3200, MSG_DONTWAIT, NULL, NULL) = -1 EAGAIN (Try again)
20458 1784115939.942332 recvfrom(44, "nysv\0\0\0\0\0\0\0\0\0\0\0\0\330)\202`\376\0\0\0.\377\0\0\0\0\0\0", 3200, MSG_DONTWAIT, NULL, NULL) = 32
20458 1784115939.942483 recvfrom(44, 0x7fdfb6c500, 3200, MSG_DONTWAIT, NULL, NULL) = -1 EAGAIN (Try again)
20458 1784115939.942890 recvfrom(69, 0x78b1ab9820, 2272, MSG_DONTWAIT, NULL, NULL) = -1 EAGAIN (Try again)
20458 1784115940.066226 recvfrom(44, 0x7fdfb6c660, 3200, MSG_DONTWAIT, NULL, NULL) = -1 EAGAIN (Try again)
20458 1784115940.075085 recvfrom(44, "nysv\0\0\0\0\0\0\0\0\0\0\0\0H&uh\376\0\0\0006\377\0\0\0\0\0\0", 3200, MSG_DONTWAIT, NULL, NULL) = 32
20458 1784115940.075118 recvfrom(44, 0x7fdfb6c500, 3200, MSG_DONTWAIT, NULL, NULL) = -1 EAGAIN (Try again)
20458 1784115940.075173 recvfrom(44, 0x7fdfb6ba50, 3200, MSG_DONTWAIT, NULL, NULL) = -1 EAGAIN (Try again)
20458 1784115940.091709 recvfrom(44, "nysv\0\0\0\0\0\0\0\0\0\0\0\0,\310si\376\0\0\0007\377\0\0\0\0\0\0", 3200, MSG_DONTWAIT, NULL, NULL) = 32
20458 1784115940.091740 recvfrom(44, 0x7fdfb6c500, 3200, MSG_DONTWAIT, NULL, NULL) = -1 EAGAIN (Try again)
20458 1784115940.091902 recvfrom(69, 0x78b1ab9820, 2272, MSG_DONTWAIT, NULL, NULL) = -1 EAGAIN (Try again)
20458 1784115940.217344 recvfrom(44, 0x7fdfb6c660, 3200, MSG_DONTWAIT, NULL, NULL) = -1 EAGAIN (Try again)
20458 1784115940.228395 recvfrom(44, "nysv\0\0\0\0\0\0\0\0\0\0\0\0\215\237eq\376\0\0\0?\377\0\0\0\0\0\0", 3200, MSG_DONTWAIT, NULL, NULL) = 32
20458 1784115940.228445 recvfrom(44, 0x7fdfb6c500, 3200, MSG_DONTWAIT, NULL, NULL) = -1 EAGAIN (Try again)
20458 1784115940.228501 recvfrom(44, 0x7fdfb6ba50, 3200, MSG_DONTWAIT, NULL, NULL) = -1 EAGAIN (Try again)
20458 1784115940.243596 recvfrom(44, "nysv\0\0\0\0\0\0\0\0\0\0\0\0\267\357cr\376\0\0\0@\377\0\0\0\0\0\0", 3200, MSG_DONTWAIT, NULL, NULL) = 32
20458 1784115940.243705 recvfrom(44, 0x7fdfb6c500, 3200, MSG_DONTWAIT, NULL, NULL) = -1 EAGAIN (Try again)
20458 1784115940.243793 recvfrom(69, 0x78b1ab9820, 2272, MSG_DONTWAIT, NULL, NULL) = -1 EAGAIN (Try again)
20458 1784115940.369521 recvfrom(44, 0x7fdfb6c660, 3200, MSG_DONTWAIT, NULL, NULL) = -1 EAGAIN (Try again)
20458 1784115940.376962 recvfrom(44, "nysv\0\0\0\0\0\0\0\0\0\0\0\0n\246Uz\376\0\0\0H\377\0\0\0\0\0\0", 3200, MSG_DONTWAIT, NULL, NULL) = 32
20458 1784115940.377011 recvfrom(44, 0x7fdfb6c500, 3200, MSG_DONTWAIT, NULL, NULL) = -1 EAGAIN (Try again)
20458 1784115940.377095 recvfrom(44, 0x7fdfb6ba50, 3200, MSG_DONTWAIT, NULL, NULL) = -1 EAGAIN (Try again)
20458 1784115940.392782 recvfrom(44, "nysv\0\0\0\0\0\0\0\0\0\0\0\0\355\16T{\376\0\0\0I\377\0\0\0\0\0\0", 3200, MSG_DONTWAIT, NULL, NULL) = 32
20458 1784115940.392902 recvfrom(44, 0x7fdfb6c500, 3200, MSG_DONTWAIT, NULL, NULL) = -1 EAGAIN (Try again)
20458 1784115940.392964 recvfrom(69, 0x78b1ab9820, 2272, MSG_DONTWAIT, NULL, NULL) = -1 EAGAIN (Try again)
20458 1784115940.518374 recvfrom(44, 0x7fdfb6c660, 3200, MSG_DONTWAIT, NULL, NULL) = -1 EAGAIN (Try again)
20458 1784115940.526354 recvfrom(44, "nysv\0\0\0\0\0\0\0\0\0\0\0\0\301\230F\203\376\0\0\0Q\377\0\0\0\0\0\0", 3200, MSG_DONTWAIT, NULL, NULL) = 32
20458 1784115940.526399 recvfrom(44, 0x7fdfb6c500, 3200, MSG_DONTWAIT, NULL, NULL) = -1 EAGAIN (Try again)
20458 1784115940.526462 recvfrom(44, 0x7fdfb6ba50, 3200, MSG_DONTWAIT, NULL, NULL) = -1 EAGAIN (Try again)
20458 1784115940.542245 recvfrom(44, "nysv\0\0\0\0\0\0\0\0\0\0\0\0\310\27E\204\376\0\0\0R\377\0\0\0\0\0\0", 3200, MSG_DONTWAIT, NULL, NULL) = 32
20458 1784115940.542287 recvfrom(44, 0x7fdfb6c500, 3200, MSG_DONTWAIT, NULL, NULL) = -1 EAGAIN (Try again)
20458 1784115940.542320 recvfrom(69, 0x78b1ab9820, 2272, MSG_DONTWAIT, NULL, NULL) = -1 EAGAIN (Try again)
20458 1784115940.667936 recvfrom(44, 0x7fdfb6c660, 3200, MSG_DONTWAIT, NULL, NULL) = -1 EAGAIN (Try again)
20458 1784115940.677391 recvfrom(44, "nysv\0\0\0\0\0\0\0\0\0\0\0\0bI7\214\376\0\0\0Z\377\0\0\0\0\0\0", 3200, MSG_DONTWAIT, NULL, NULL) = 32
20458 1784115940.677428 recvfrom(44, 0x7fdfb6c500, 3200, MSG_DONTWAIT, NULL, NULL) = -1 EAGAIN (Try again)
20458 1784115940.677493 recvfrom(44, 0x7fdfb6ba50, 3200, MSG_DONTWAIT, NULL, NULL) = -1 EAGAIN (Try again)
20458 1784115940.692998 recvfrom(44, "nysv\0\0\0\0\0\0\0\0\0\0\0\0\231\2405\215\376\0\0\0[\377\0\0\0\0\0\0", 3200, MSG_DONTWAIT, NULL, NULL) = 32
20458 1784115940.693040 recvfrom(44, 0x7fdfb6c500, 3200, MSG_DONTWAIT, NULL, NULL) = -1 EAGAIN (Try again)
20458 1784115940.693074 recvfrom(69, 0x78b1ab9820, 2272, MSG_DONTWAIT, NULL, NULL) = -1 EAGAIN (Try again)
20458 1784115940.820779 recvfrom(44, 0x7fdfb6c660, 3200, MSG_DONTWAIT, NULL, NULL) = -1 EAGAIN (Try again)
20458 1784115940.826825 recvfrom(44, "nysv\0\0\0\0\0\0\0\0\0\0\0\0\334\32(\225\376\0\0\0c\377\0\0\0\0\0\0", 3200, MSG_DONTWAIT, NULL, NULL) = 32
20458 1784115940.826900 recvfrom(44, 0x7fdfb6c500, 3200, MSG_DONTWAIT, NULL, NULL) = -1 EAGAIN (Try again)
20458 1784115940.827012 recvfrom(44, 0x7fdfb6ba50, 3200, MSG_DONTWAIT, NULL, NULL) = -1 EAGAIN (Try again)
20458 1784115940.844278 recvfrom(44, "nysv\0\0\0\0\0\0\0\0\0\0\0\0\6k&\226\376\0\0\0d\377\0\0\0\0\0\0", 3200, MSG_DONTWAIT, NULL, NULL) = 32
20458 1784115940.844371 recvfrom(44, 0x7fdfb6c500, 3200, MSG_DONTWAIT, NULL, NULL) = -1 EAGAIN (Try again)
20458 1784115940.844487 recvfrom(69, 0x78b1ab9820, 2272, MSG_DONTWAIT, NULL, NULL) = -1 EAGAIN (Try again)
20458 1784115940.969122 recvfrom(44, 0x7fdfb6c660, 3200, MSG_DONTWAIT, NULL, NULL) = -1 EAGAIN (Try again)
20458 1784115940.977206 recvfrom(44, "nysv\0\0\0\0\0\0\0\0\0\0\0\0V\354\30\236\376\0\0\0l\377\0\0\0\0\0\0", 3200, MSG_DONTWAIT, NULL, NULL) = 32
20458 1784115940.977259 recvfrom(44, 0x7fdfb6c500, 3200, MSG_DONTWAIT, NULL, NULL) = -1 EAGAIN (Try again)
20458 1784115940.977338 recvfrom(44, 0x7fdfb6ba50, 3200, MSG_DONTWAIT, NULL, NULL) = -1 EAGAIN (Try again)
20458 1784115940.994957 recvfrom(44, "nysv\0\0\0\0\0\0\0\0\0\0\0\0\200<\27\237\376\0\0\0m\377\0\0\0\0\0\0", 3200, MSG_DONTWAIT, NULL, NULL) = 32
20458 1784115940.995011 recvfrom(44, 0x7fdfb6c500, 3200, MSG_DONTWAIT, NULL, NULL) = -1 EAGAIN (Try again)
20458 1784115940.995129 recvfrom(69, 0x78b1ab9820, 2272, MSG_DONTWAIT, NULL, NULL) = -1 EAGAIN (Try again)
20458 1784115941.117965 recvfrom(44, 0x7fdfb6c660, 3200, MSG_DONTWAIT, NULL, NULL) = -1 EAGAIN (Try again)
20458 1784115941.127694 recvfrom(44, "nysv\0\0\0\0\0\0\0\0\0\0\0\0\320\275\t\247\376\0\0\0u\377\0\0\0\0\0\0", 3200, MSG_DONTWAIT, NULL, NULL) = 32
20458 1784115941.127805 recvfrom(44, 0x7fdfb6c500, 3200, MSG_DONTWAIT, NULL, NULL) = -1 EAGAIN (Try again)
20458 1784115941.127964 recvfrom(44, 0x7fdfb6ba50, 3200, MSG_DONTWAIT, NULL, NULL) = -1 EAGAIN (Try again)
20458 1784115941.144674 recvfrom(44, "nysv\0\0\0\0\0\0\0\0\0\0\0\0\372\r\10\250\376\0\0\0v\377\0\0\0\0\0\0", 3200, MSG_DONTWAIT, NULL, NULL) = 32
20458 1784115941.144712 recvfrom(44, 0x7fdfb6c500, 3200, MSG_DONTWAIT, NULL, NULL) = -1 EAGAIN (Try again)
20458 1784115941.144748 recvfrom(69, 0x78b1ab9820, 2272, MSG_DONTWAIT, NULL, NULL) = -1 EAGAIN (Try again)
20458 1784115941.268658 recvfrom(44, 0x7fdfb6c660, 3200, MSG_DONTWAIT, NULL, NULL) = -1 EAGAIN (Try again)
20458 1784115941.276367 recvfrom(44, "nysv\0\0\0\0\0\0\0\0\0\0\0\0:\226\372\257\376\0\0\0~\377\0\0\0\0\0\0", 3200, MSG_DONTWAIT, NULL, NULL) = 32
20458 1784115941.276411 recvfrom(44, 0x7fdfb6c500, 3200, MSG_DONTWAIT, NULL, NULL) = -1 EAGAIN (Try again)
20458 1784115941.276478 recvfrom(44, 0x7fdfb6ba50, 3200, MSG_DONTWAIT, NULL, NULL) = -1 EAGAIN (Try again)
20458 1784115941.292485 recvfrom(44, "nysv\0\0\0\0\0\0\0\0\0\0\0\0d\346\370\260\376\0\0\0\177\377\0\0\0\0\0\0", 3200, MSG_DONTWAIT, NULL, NULL) = 32
20458 1784115941.292661 recvfrom(44, 0x7fdfb6c500, 3200, MSG_DONTWAIT, NULL, NULL) = -1 EAGAIN (Try again)
20458 1784115941.292788 recvfrom(69, 0x78b1ab9820, 2272, MSG_DONTWAIT, NULL, NULL) = -1 EAGAIN (Try again)
20458 1784115941.417548 recvfrom(44, 0x7fdfb6c660, 3200, MSG_DONTWAIT, NULL, NULL) = -1 EAGAIN (Try again)
20458 1784115941.425893 recvfrom(44, "nysv\0\0\0\0\0\0\0\0\0\0\0\0v\212\353\270\376\0\0\0\207\377\0\0\0\0\0\0", 3200, MSG_DONTWAIT, NULL, NULL) = 32
20458 1784115941.425945 recvfrom(44, 0x7fdfb6c500, 3200, MSG_DONTWAIT, NULL, NULL) = -1 EAGAIN (Try again)
20458 1784115941.426031 recvfrom(44, 0x7fdfb6ba50, 3200, MSG_DONTWAIT, NULL, NULL) = -1 EAGAIN (Try again)
20458 1784115941.442931 recvfrom(44, "nysv\0\0\0\0\0\0\0\0\0\0\0\0\261/\352\271\376\0\0\0\210\377\0\0\0\0\0\0", 3200, MSG_DONTWAIT, NULL, NULL) = 32
20458 1784115941.443019 recvfrom(44, 0x7fdfb6c500, 3200, MSG_DONTWAIT, NULL, NULL) = -1 EAGAIN (Try again)
20458 1784115941.443104 recvfrom(69, 0x78b1ab9820, 2272, MSG_DONTWAIT, NULL, NULL) = -1 EAGAIN (Try again)
20458 1784115941.567863 recvfrom(44, 0x7fdfb6c660, 3200, MSG_DONTWAIT, NULL, NULL) = -1 EAGAIN (Try again)
20458 1784115941.577988 recvfrom(44, "nysv\0\0\0\0\0\0\0\0\0\0\0\0>2\334\301\376\0\0\0\220\377\0\0\0\0\0\0", 3200, MSG_DONTWAIT, NULL, NULL) = 32
20458 1784115941.578115 recvfrom(44, 0x7fdfb6c500, 3200, MSG_DONTWAIT, NULL, NULL) = -1 EAGAIN (Try again)
20458 1784115941.578280 recvfrom(44, 0x7fdfb6ba50, 3200, MSG_DONTWAIT, NULL, NULL) = -1 EAGAIN (Try again)
20458 1784115941.595496 recvfrom(44, "nysv\0\0\0\0\0\0\0\0\0\0\0\0h\202\332\302\376\0\0\0\221\377\0\0\0\0\0\0", 3200, MSG_DONTWAIT, NULL, NULL) = 32
20458 1784115941.595590 recvfrom(44, 0x7fdfb6c500, 3200, MSG_DONTWAIT, NULL, NULL) = -1 EAGAIN (Try again)
20458 1784115941.595658 recvfrom(69, 0x78b1ab9820, 2272, MSG_DONTWAIT, NULL, NULL) = -1 EAGAIN (Try again)
20458 1784115941.720681 recvfrom(44, 0x7fdfb6c660, 3200, MSG_DONTWAIT, NULL, NULL) = -1 EAGAIN (Try again)
20458 1784115941.728429 recvfrom(44, "nysv\0\0\0\0\0\0\0\0\0\0\0\0\270\3\315\312\376\0\0\0\231\377\0\0\0\0\0\0", 3200, MSG_DONTWAIT, NULL, NULL) = 32
20458 1784115941.728511 recvfrom(44, 0x7fdfb6c500, 3200, MSG_DONTWAIT, NULL, NULL) = -1 EAGAIN (Try again)
20458 1784115941.728721 recvfrom(44, 0x7fdfb6ba50, 3200, MSG_DONTWAIT, NULL, NULL) = -1 EAGAIN (Try again)
20458 1784115941.746394 recvfrom(44, "nysv\0\0\0\0\0\0\0\0\0\0\0\0\342S\313\313\376\0\0\0\232\377\0\0\0\0\0\0", 3200, MSG_DONTWAIT, NULL, NULL) = 32
20458 1784115941.746464 recvfrom(44, 0x7fdfb6c500, 3200, MSG_DONTWAIT, NULL, NULL) = -1 EAGAIN (Try again)
20458 1784115941.746518 recvfrom(69, 0x78b1ab9820, 2272, MSG_DONTWAIT, NULL, NULL) = -1 EAGAIN (Try again)
20458 1784115941.870414 recvfrom(44, 0x7fdfb6c660, 3200, MSG_DONTWAIT, NULL, NULL) = -1 EAGAIN (Try again)
20458 1784115941.874960 recvfrom(44, "nysv\0\0\0\0\0\0\0\0\0\0\0\0\22+\276\323\376\0\0\0\242\377\0\0\0\0\0\0", 3200, MSG_DONTWAIT, NULL, NULL) = 32
20458 1784115941.875007 recvfrom(44, 0x7fdfb6c500, 3200, MSG_DONTWAIT, NULL, NULL) = -1 EAGAIN (Try again)
20458 1784115941.875080 recvfrom(44, 0x7fdfb6ba50, 3200, MSG_DONTWAIT, NULL, NULL) = -1 EAGAIN (Try again)
20458 1784115941.891778 recvfrom(44, "nysv\0\0\0\0\0\0\0\0\0\0\0\0!\311\274\324\376\0\0\0\243\377\0\0\0\0\0\0", 3200, MSG_DONTWAIT, NULL, NULL) = 32
20458 1784115941.891823 recvfrom(44, 0x7fdfb6c500, 3200, MSG_DONTWAIT, NULL, NULL) = -1 EAGAIN (Try again)
20458 1784115941.891857 recvfrom(69, 0x78b1ab9820, 2272, MSG_DONTWAIT, NULL, NULL) = -1 EAGAIN (Try again)
20458 1784115942.020421 recvfrom(44, 0x7fdfb6c660, 3200, MSG_DONTWAIT, NULL, NULL) = -1 EAGAIN (Try again)
20458 1784115942.028514 recvfrom(44, "nysv\0\0\0\0\0\0\0\0\0\0\0\0\254\246\256\334\376\0\0\0\253\377\0\0\0\0\0\0", 3200, MSG_DONTWAIT, NULL, NULL) = 32
20458 1784115942.028773 recvfrom(44, 0x7fdfb6c500, 3200, MSG_DONTWAIT, NULL, NULL) = -1 EAGAIN (Try again)
20458 1784115942.028893 recvfrom(44, 0x7fdfb6ba50, 3200, MSG_DONTWAIT, NULL, NULL) = -1 EAGAIN (Try again)
20458 1784115942.043603 recvfrom(44, "nysv\0\0\0\0\0\0\0\0\0\0\0\0'\376\254\335\376\0\0\0\254\377\0\0\0\0\0\0", 3200, MSG_DONTWAIT, NULL, NULL) = 32
20458 1784115942.043720 recvfrom(44, 0x7fdfb6c500, 3200, MSG_DONTWAIT, NULL, NULL) = -1 EAGAIN (Try again)
20458 1784115942.043790 recvfrom(69, 0x78b1ab9820, 2272, MSG_DONTWAIT, NULL, NULL) = -1 EAGAIN (Try again)
20458 1784115942.170562 recvfrom(44, 0x7fdfb6c660, 3200, MSG_DONTWAIT, NULL, NULL) = -1 EAGAIN (Try again)
20458 1784115942.176708 recvfrom(44, "nysv\0\0\0\0\0\0\0\0\0\0\0\0\241\200\237\345\376\0\0\0\264\377\0\0\0\0\0\0", 3200, MSG_DONTWAIT, NULL, NULL) = 32
20458 1784115942.176746 recvfrom(44, 0x7fdfb6c500, 3200, MSG_DONTWAIT, NULL, NULL) = -1 EAGAIN (Try again)
20458 1784115942.176804 recvfrom(44, 0x7fdfb6ba50, 3200, MSG_DONTWAIT, NULL, NULL) = -1 EAGAIN (Try again)
20458 1784115942.192230 recvfrom(44, "nysv\0\0\0\0\0\0\0\0\0\0\0\0\177\r\236\346\376\0\0\0\265\377\0\0\0\0\0\0", 3200, MSG_DONTWAIT, NULL, NULL) = 32
20458 1784115942.192269 recvfrom(44, 0x7fdfb6c500, 3200, MSG_DONTWAIT, NULL, NULL) = -1 EAGAIN (Try again)
20458 1784115942.192300 recvfrom(69, 0x78b1ab9820, 2272, MSG_DONTWAIT, NULL, NULL) = -1 EAGAIN (Try again)
20458 1784115942.321950 recvfrom(44, 0x7fdfb6c660, 3200, MSG_DONTWAIT, NULL, NULL) = -1 EAGAIN (Try again)
20458 1784115942.327567 recvfrom(44, "nysv\0\0\0\0\0\0\0\0\0\0\0\0\240I\220\356\376\0\0\0\275\377\0\0\0\0\0\0", 3200, MSG_DONTWAIT, NULL, NULL) = 32
20458 1784115942.327624 recvfrom(44, 0x7fdfb6c500, 3200, MSG_DONTWAIT, NULL, NULL) = -1 EAGAIN (Try again)
20458 1784115942.327707 recvfrom(44, 0x7fdfb6ba50, 3200, MSG_DONTWAIT, NULL, NULL) = -1 EAGAIN (Try again)
20458 1784115942.344385 recvfrom(44, "nysv\0\0\0\0\0\0\0\0\0\0\0\0\312\231\216\357\376\0\0\0\276\377\0\0\0\0\0\0", 3200, MSG_DONTWAIT, NULL, NULL) = 32
20458 1784115942.344418 recvfrom(44, 0x7fdfb6c500, 3200, MSG_DONTWAIT, NULL, NULL) = -1 EAGAIN (Try again)
20458 1784115942.344543 recvfrom(69, 0x78b1ab9820, 2272, MSG_DONTWAIT, NULL, NULL) = -1 EAGAIN (Try again)
20458 1784115942.468038 recvfrom(44, 0x7fdfb6c660, 3200, MSG_DONTWAIT, NULL, NULL) = -1 EAGAIN (Try again)
20458 1784115942.477803 recvfrom(44, "nysv\0\0\0\0\0\0\0\0\0\0\0\0\32\33\201\367\376\0\0\0\306\377\0\0\0\0\0\0", 3200, MSG_DONTWAIT, NULL, NULL) = 32
20458 1784115942.477886 recvfrom(44, 0x7fdfb6c500, 3200, MSG_DONTWAIT, NULL, NULL) = -1 EAGAIN (Try again)
20458 1784115942.478001 recvfrom(44, 0x7fdfb6ba50, 3200, MSG_DONTWAIT, NULL, NULL) = -1 EAGAIN (Try again)
20458 1784115942.492256 recvfrom(44, "nysv\0\0\0\0\0\0\0\0\0\0\0\0\t\275\177\370\376\0\0\0\307\377\0\0\0\0\0\0", 3200, MSG_DONTWAIT, NULL, NULL) = 32
20458 1784115942.492297 recvfrom(44, 0x7fdfb6c500, 3200, MSG_DONTWAIT, NULL, NULL) = -1 EAGAIN (Try again)
20458 1784115942.492338 recvfrom(69, 0x78b1ab9820, 2272, MSG_DONTWAIT, NULL, NULL) = -1 EAGAIN (Try again)
20458 1784115942.619908 recvfrom(44, 0x7fdfb6c660, 3200, MSG_DONTWAIT, NULL, NULL) = -1 EAGAIN (Try again)
20458 1784115942.628878 recvfrom(44, "nysv\0\0\0\0\0\0\0\0\0\0\0\0\224\354q\0\377\0\0\0\317\377\0\0\0\0\0\0", 3200, MSG_DONTWAIT, NULL, NULL) = 32
20458 1784115942.628936 recvfrom(44, 0x7fdfb6c500, 3200, MSG_DONTWAIT, NULL, NULL) = -1 EAGAIN (Try again)
20458 1784115942.629032 recvfrom(44, 0x7fdfb6ba50, 3200, MSG_DONTWAIT, NULL, NULL) = -1 EAGAIN (Try again)
20458 1784115942.641936 recvfrom(44, "nysv\0\0\0\0\0\0\0\0\0\0\0\0\3\217p\1\377\0\0\0\320\377\0\0\0\0\0\0", 3200, MSG_DONTWAIT, NULL, NULL) = 32
20458 1784115942.641974 recvfrom(44, 0x7fdfb6c500, 3200, MSG_DONTWAIT, NULL, NULL) = -1 EAGAIN (Try again)
20458 1784115942.642012 recvfrom(69, 0x78b1ab9820, 2272, MSG_DONTWAIT, NULL, NULL) = -1 EAGAIN (Try again)
20458 1784115942.769657 recvfrom(44, 0x7fdfb6c660, 3200, MSG_DONTWAIT, NULL, NULL) = -1 EAGAIN (Try again)
20458 1784115942.777224 recvfrom(44, "nysv\0\0\0\0\0\0\0\0\0\0\0\0\16\276b\t\377\0\0\0\330\377\0\0\0\0\0\0", 3200, MSG_DONTWAIT, NULL, NULL) = 32
20458 1784115942.777271 recvfrom(44, 0x7fdfb6c500, 3200, MSG_DONTWAIT, NULL, NULL) = -1 EAGAIN (Try again)
20458 1784115942.777362 recvfrom(44, 0x7fdfb6ba50, 3200, MSG_DONTWAIT, NULL, NULL) = -1 EAGAIN (Try again)
20458 1784115942.791731 recvfrom(44, "nysv\0\0\0\0\0\0\0\0\0\0\0\0\335ca\n\377\0\0\0\331\377\0\0\0\0\0\0", 3200, MSG_DONTWAIT, NULL, NULL) = 32
20458 1784115942.791764 recvfrom(44, 0x7fdfb6c500, 3200, MSG_DONTWAIT, NULL, NULL) = -1 EAGAIN (Try again)
20458 1784115942.791794 recvfrom(69, 0x78b1ab9820, 2272, MSG_DONTWAIT, NULL, NULL) = -1 EAGAIN (Try again)
20458 1784115942.918793 recvfrom(44, 0x7fdfb6c660, 3200, MSG_DONTWAIT, NULL, NULL) = -1 EAGAIN (Try again)
20458 1784115942.925412 recvfrom(44, "nysv\0\0\0\0\0\0\0\0\0\0\0\0\304\322S\22\377\0\0\0\341\377\0\0\0\0\0\0", 3200, MSG_DONTWAIT, NULL, NULL) = 32
20458 1784115942.925474 recvfrom(44, 0x7fdfb6c500, 3200, MSG_DONTWAIT, NULL, NULL) = -1 EAGAIN (Try again)
20458 1784115942.925566 recvfrom(44, 0x7fdfb6ba50, 3200, MSG_DONTWAIT, NULL, NULL) = -1 EAGAIN (Try again)
20458 1784115942.941798 recvfrom(44, "nysv\0\0\0\0\0\0\0\0\0\0\0\0buR\23\377\0\0\0\342\377\0\0\0\0\0\0", 3200, MSG_DONTWAIT, NULL, NULL) = 32
20458 1784115942.941869 recvfrom(44, 0x7fdfb6c500, 3200, MSG_DONTWAIT, NULL, NULL) = -1 EAGAIN (Try again)
20458 1784115942.941947 recvfrom(69, 0x78b1ab9820, 2272, MSG_DONTWAIT, NULL, NULL) = -1 EAGAIN (Try again)
20458 1784115943.066642 recvfrom(44, 0x7fdfb6c660, 3200, MSG_DONTWAIT, NULL, NULL) = -1 EAGAIN (Try again)
20458 1784115943.077704 recvfrom(44, "nysv\0\0\0\0\0\0\0\0\0\0\0\0\2aD\33\377\0\0\0\352\377\0\0\0\0\0\0", 3200, MSG_DONTWAIT, NULL, NULL) = 32
20458 1784115943.077746 recvfrom(44, 0x7fdfb6c500, 3200, MSG_DONTWAIT, NULL, NULL) = -1 EAGAIN (Try again)
20458 1784115943.077806 recvfrom(44, 0x7fdfb6ba50, 3200, MSG_DONTWAIT, NULL, NULL) = -1 EAGAIN (Try again)
20458 1784115943.091910 recvfrom(44, "nysv\0\0\0\0\0\0\0\0\0\0\0\0/\374B\34\377\0\0\0\353\377\0\0\0\0\0\0", 3200, MSG_DONTWAIT, NULL, NULL) = 32
20458 1784115943.091950 recvfrom(44, 0x7fdfb6c500, 3200, MSG_DONTWAIT, NULL, NULL) = -1 EAGAIN (Try again)
20458 1784115943.091983 recvfrom(69, 0x78b1ab9820, 2272, MSG_DONTWAIT, NULL, NULL) = -1 EAGAIN (Try again)
20458 1784115943.219128 recvfrom(44, 0x7fdfb6c660, 3200, MSG_DONTWAIT, NULL, NULL) = -1 EAGAIN (Try again)
20458 1784115943.227892 recvfrom(44, "nysv\0\0\0\0\0\0\0\0\0\0\0\0|25$\377\0\0\0\363\377\0\0\0\0\0\0", 3200, MSG_DONTWAIT, NULL, NULL) = 32
20458 1784115943.227993 recvfrom(44, 0x7fdfb6c500, 3200, MSG_DONTWAIT, NULL, NULL) = -1 EAGAIN (Try again)
20458 1784115943.228156 recvfrom(44, 0x7fdfb6ba50, 3200, MSG_DONTWAIT, NULL, NULL) = -1 EAGAIN (Try again)
20458 1784115943.242131 recvfrom(44, "nysv\0\0\0\0\0\0\0\0\0\0\0\0\366\3203%\377\0\0\0\364\377\0\0\0\0\0\0", 3200, MSG_DONTWAIT, NULL, NULL) = 32
20458 1784115943.242197 recvfrom(44, 0x7fdfb6c500, 3200, MSG_DONTWAIT, NULL, NULL) = -1 EAGAIN (Try again)
20458 1784115943.242268 recvfrom(69, 0x78b1ab9820, 2272, MSG_DONTWAIT, NULL, NULL) = -1 EAGAIN (Try again)
20458 1784115943.368929 recvfrom(44, 0x7fdfb6c660, 3200, MSG_DONTWAIT, NULL, NULL) = -1 EAGAIN (Try again)
20458 1784115943.376262 recvfrom(44, "nysv\0\0\0\0\0\0\0\0\0\0\0\0\242\35&-\377\0\0\0\374\377\0\0\0\0\0\0", 3200, MSG_DONTWAIT, NULL, NULL) = 32
20458 1784115943.376338 recvfrom(44, 0x7fdfb6c500, 3200, MSG_DONTWAIT, NULL, NULL) = -1 EAGAIN (Try again)
20458 1784115943.376438 recvfrom(44, 0x7fdfb6ba50, 3200, MSG_DONTWAIT, NULL, NULL) = -1 EAGAIN (Try again)
20458 1784115943.391843 recvfrom(44, "nysv\0\0\0\0\0\0\0\0\0\0\0\0\235\301$.\377\0\0\0\375\377\0\0\0\0\0\0", 3200, MSG_DONTWAIT, NULL, NULL) = 32
20458 1784115943.391948 recvfrom(44, 0x7fdfb6c500, 3200, MSG_DONTWAIT, NULL, NULL) = -1 EAGAIN (Try again)
20458 1784115943.392005 recvfrom(69, 0x78b1ab9820, 2272, MSG_DONTWAIT, NULL, NULL) = -1 EAGAIN (Try again)
20458 1784115943.517168 recvfrom(44, 0x7fdfb6c660, 3200, MSG_DONTWAIT, NULL, NULL) = -1 EAGAIN (Try again)
20458 1784115943.527478 recvfrom(44, "nysv\0\0\0\0\0\0\0\0\0\0\0\0p\325\0266\377\0\0\0\5\0\1\0\0\0\0\0", 3200, MSG_DONTWAIT, NULL, NULL) = 32
20458 1784115943.527580 recvfrom(44, 0x7fdfb6c500, 3200, MSG_DONTWAIT, NULL, NULL) = -1 EAGAIN (Try again)
20458 1784115943.527728 recvfrom(44, 0x7fdfb6ba50, 3200, MSG_DONTWAIT, NULL, NULL) = -1 EAGAIN (Try again)
20458 1784115943.541847 recvfrom(44, "nysv\0\0\0\0\0\0\0\0\0\0\0\0\0x\0257\377\0\0\0\6\0\1\0\0\0\0\0", 3200, MSG_DONTWAIT, NULL, NULL) = 32
20458 1784115943.541901 recvfrom(44, 0x7fdfb6c500, 3200, MSG_DONTWAIT, NULL, NULL) = -1 EAGAIN (Try again)
20458 1784115943.541947 recvfrom(69, 0x78b1ab9820, 2272, MSG_DONTWAIT, NULL, NULL) = -1 EAGAIN (Try again)
20458 1784115943.670658 recvfrom(44, 0x7fdfb6c660, 3200, MSG_DONTWAIT, NULL, NULL) = -1 EAGAIN (Try again)
20458 1784115943.676467 recvfrom(44, "nysv\0\0\0\0\0\0\0\0\0\0\0\0\352\246\7?\377\0\0\0\16\0\1\0\0\0\0\0", 3200, MSG_DONTWAIT, NULL, NULL) = 32
20458 1784115943.676531 recvfrom(44, 0x7fdfb6c500, 3200, MSG_DONTWAIT, NULL, NULL) = -1 EAGAIN (Try again)
20458 1784115943.676733 recvfrom(44, 0x7fdfb6ba50, 3200, MSG_DONTWAIT, NULL, NULL) = -1 EAGAIN (Try again)
20458 1784115943.691753 recvfrom(44, "nysv\0\0\0\0\0\0\0\0\0\0\0\0\372K\6@\377\0\0\0\17\0\1\0\0\0\0\0", 3200, MSG_DONTWAIT, NULL, NULL) = 32
20458 1784115943.691795 recvfrom(44, 0x7fdfb6c500, 3200, MSG_DONTWAIT, NULL, NULL) = -1 EAGAIN (Try again)
20458 1784115943.691888 recvfrom(69, 0x78b1ab9820, 2272, MSG_DONTWAIT, NULL, NULL) = -1 EAGAIN (Try again)
20458 1784115943.817940 recvfrom(44, 0x7fdfb6c660, 3200, MSG_DONTWAIT, NULL, NULL) = -1 EAGAIN (Try again)
20458 1784115943.827338 recvfrom(44, "nysv\0\0\0\0\0\0\0\0\0\0\0\0dx\370G\377\0\0\0\27\0\1\0\0\0\0\0", 3200, MSG_DONTWAIT, NULL, NULL) = 32
20458 1784115943.827370 recvfrom(44, 0x7fdfb6c500, 3200, MSG_DONTWAIT, NULL, NULL) = -1 EAGAIN (Try again)
20458 1784115943.827438 recvfrom(44, 0x7fdfb6ba50, 3200, MSG_DONTWAIT, NULL, NULL) = -1 EAGAIN (Try again)
20458 1784115943.842122 recvfrom(44, "nysv\0\0\0\0\0\0\0\0\0\0\0\0U\32\367H\377\0\0\0\30\0\1\0\0\0\0\0", 3200, MSG_DONTWAIT, NULL, NULL) = 32
20458 1784115943.842368 recvfrom(44, 0x7fdfb6c500, 3200, MSG_DONTWAIT, NULL, NULL) = -1 EAGAIN (Try again)
20458 1784115943.842430 recvfrom(69, 0x78b1ab9820, 2272, MSG_DONTWAIT, NULL, NULL) = -1 EAGAIN (Try again)
20458 1784115943.968892 recvfrom(44, 0x7fdfb6c660, 3200, MSG_DONTWAIT, NULL, NULL) = -1 EAGAIN (Try again)
20458 1784115943.976804 recvfrom(44, "nysv\0\0\0\0\0\0\0\0\0\0\0\0\336I\351P\377\0\0\0 \0\1\0\0\0\0\0", 3200, MSG_DONTWAIT, NULL, NULL) = 32
20458 1784115943.976844 recvfrom(44, 0x7fdfb6c500, 3200, MSG_DONTWAIT, NULL, NULL) = -1 EAGAIN (Try again)
20458 1784115943.976920 recvfrom(44, 0x7fdfb6ba50, 3200, MSG_DONTWAIT, NULL, NULL) = -1 EAGAIN (Try again)
20458 1784115943.992375 recvfrom(44, "nysv\0\0\0\0\0\0\0\0\0\0\0\0\364\317\347Q\377\0\0\0!\0\1\0\0\0\0\0", 3200, MSG_DONTWAIT, NULL, NULL) = 32
20458 1784115943.992666 recvfrom(44, 0x7fdfb6c500, 3200, MSG_DONTWAIT, NULL, NULL) = -1 EAGAIN (Try again)
20458 1784115943.992714 recvfrom(69, 0x78b1ab9820, 2272, MSG_DONTWAIT, NULL, NULL) = -1 EAGAIN (Try again)
20458 1784115944.118070 recvfrom(44, 0x7fdfb6c660, 3200, MSG_DONTWAIT, NULL, NULL) = -1 EAGAIN (Try again)
20458 1784115944.125923 recvfrom(44, "nysv\0\0\0\0\0\0\0\0\0\0\0\0\fH\332Y\377\0\0\0)\0\1\0\0\0\0\0", 3200, MSG_DONTWAIT, NULL, NULL) = 32
20458 1784115944.126114 recvfrom(44, 0x7fdfb6c500, 3200, MSG_DONTWAIT, NULL, NULL) = -1 EAGAIN (Try again)
20458 1784115944.126295 recvfrom(44, 0x7fdfb6ba50, 3200, MSG_DONTWAIT, NULL, NULL) = -1 EAGAIN (Try again)
20458 1784115944.142173 recvfrom(44, "nysv\0\0\0\0\0\0\0\0\0\0\0\0s\313\330Z\377\0\0\0*\0\1\0\0\0\0\0", 3200, MSG_DONTWAIT, NULL, NULL) = 32
20458 1784115944.142216 recvfrom(44, 0x7fdfb6c500, 3200, MSG_DONTWAIT, NULL, NULL) = -1 EAGAIN (Try again)
20458 1784115944.142271 recvfrom(69, 0x78b1ab9820, 2272, MSG_DONTWAIT, NULL, NULL) = -1 EAGAIN (Try again)
20458 1784115944.272710 recvfrom(44, 0x7fdfb6c660, 3200, MSG_DONTWAIT, NULL, NULL) = -1 EAGAIN (Try again)
20458 1784115944.276090 recvfrom(44, "nysv\0\0\0\0\0\0\0\0\0\0\0\0Q\37\313b\377\0\0\0002\0\1\0\0\0\0\0", 3200, MSG_DONTWAIT, NULL, NULL) = 32
20458 1784115944.276184 recvfrom(44, 0x7fdfb6c500, 3200, MSG_DONTWAIT, NULL, NULL) = -1 EAGAIN (Try again)
20458 1784115944.276331 recvfrom(44, 0x7fdfb6ba50, 3200, MSG_DONTWAIT, NULL, NULL) = -1 EAGAIN (Try again)
20458 1784115944.291900 recvfrom(44, "nysv\0\0\0\0\0\0\0\0\0\0\0\0f\277\311c\377\0\0\0003\0\1\0\0\0\0\0", 3200, MSG_DONTWAIT, NULL, NULL) = 32
20458 1784115944.291961 recvfrom(44, 0x7fdfb6c500, 3200, MSG_DONTWAIT, NULL, NULL) = -1 EAGAIN (Try again)
20458 1784115944.292045 recvfrom(69, 0x78b1ab9820, 2272, MSG_DONTWAIT, NULL, NULL) = -1 EAGAIN (Try again)
20458 1784115944.417261 recvfrom(44, 0x7fdfb6c660, 3200, MSG_DONTWAIT, NULL, NULL) = -1 EAGAIN (Try again)
20458 1784115944.426017 recvfrom(44, "nysv\0\0\0\0\0\0\0\0\0\0\0\0005\346\273k\377\0\0\0;\0\1\0\0\0\0\0", 3200, MSG_DONTWAIT, NULL, NULL) = 32
20458 1784115944.426110 recvfrom(44, 0x7fdfb6c500, 3200, MSG_DONTWAIT, NULL, NULL) = -1 EAGAIN (Try again)
20458 1784115944.426246 recvfrom(44, 0x7fdfb6ba50, 3200, MSG_DONTWAIT, NULL, NULL) = -1 EAGAIN (Try again)
20458 1784115944.442755 recvfrom(44, "nysv\0\0\0\0\0\0\0\0\0\0\0\0\253R\272l\377\0\0\0<\0\1\0\0\0\0\0", 3200, MSG_DONTWAIT, NULL, NULL) = 32
20458 1784115944.442919 recvfrom(44, 0x7fdfb6c500, 3200, MSG_DONTWAIT, NULL, NULL) = -1 EAGAIN (Try again)
20458 1784115944.443014 recvfrom(69, 0x78b1ab9820, 2272, MSG_DONTWAIT, NULL, NULL) = -1 EAGAIN (Try again)
20458 1784115944.567560 recvfrom(44, 0x7fdfb6c660, 3200, MSG_DONTWAIT, NULL, NULL) = -1 EAGAIN (Try again)
20458 1784115944.578166 recvfrom(44, "nysv\0\0\0\0\0\0\0\0\0\0\0\0\306\217\254t\377\0\0\0D\0\1\0\0\0\0\0", 3200, MSG_DONTWAIT, NULL, NULL) = 32
20458 1784115944.578275 recvfrom(44, 0x7fdfb6c500, 3200, MSG_DONTWAIT, NULL, NULL) = -1 EAGAIN (Try again)
20458 1784115944.578425 recvfrom(44, 0x7fdfb6ba50, 3200, MSG_DONTWAIT, NULL, NULL) = -1 EAGAIN (Try again)
20458 1784115944.591976 recvfrom(44, "nysv\0\0\0\0\0\0\0\0\0\0\0\0B2\253u\377\0\0\0E\0\1\0\0\0\0\0", 3200, MSG_DONTWAIT, NULL, NULL) = 32
20458 1784115944.592021 recvfrom(44, 0x7fdfb6c500, 3200, MSG_DONTWAIT, NULL, NULL) = -1 EAGAIN (Try again)
20458 1784115944.592078 recvfrom(69, 0x78b1ab9820, 2272, MSG_DONTWAIT, NULL, NULL) = -1 EAGAIN (Try again)
20458 1784115944.720908 recvfrom(44, 0x7fdfb6c660, 3200, MSG_DONTWAIT, NULL, NULL) = -1 EAGAIN (Try again)
20458 1784115944.726496 recvfrom(44, "nysv\0\0\0\0\0\0\0\0\0\0\0\0@a\235}\377\0\0\0M\0\1\0\0\0\0\0", 3200, MSG_DONTWAIT, NULL, NULL) = 32
20458 1784115944.726550 recvfrom(44, 0x7fdfb6c500, 3200, MSG_DONTWAIT, NULL, NULL) = -1 EAGAIN (Try again)
20458 1784115944.726626 recvfrom(44, 0x7fdfb6ba50, 3200, MSG_DONTWAIT, NULL, NULL) = -1 EAGAIN (Try again)
20458 1784115944.741691 recvfrom(44, "nysv\0\0\0\0\0\0\0\0\0\0\0\0\346\5\234~\377\0\0\0N\0\1\0\0\0\0\0", 3200, MSG_DONTWAIT, NULL, NULL) = 32
20458 1784115944.741733 recvfrom(44, 0x7fdfb6c500, 3200, MSG_DONTWAIT, NULL, NULL) = -1 EAGAIN (Try again)
20458 1784115944.741770 recvfrom(69, 0x78b1ab9820, 2272, MSG_DONTWAIT, NULL, NULL) = -1 EAGAIN (Try again)
20458 1784115944.869003 recvfrom(44, 0x7fdfb6c660, 3200, MSG_DONTWAIT, NULL, NULL) = -1 EAGAIN (Try again)
20458 1784115944.877256 recvfrom(44, "nysv\0\0\0\0\0\0\0\0\0\0\0\0\2722\216\206\377\0\0\0V\0\1\0\0\0\0\0", 3200, MSG_DONTWAIT, NULL, NULL) = 32
20458 1784115944.877316 recvfrom(44, 0x7fdfb6c500, 3200, MSG_DONTWAIT, NULL, NULL) = -1 EAGAIN (Try again)
20458 1784115944.877402 recvfrom(44, 0x7fdfb6ba50, 3200, MSG_DONTWAIT, NULL, NULL) = -1 EAGAIN (Try again)
20458 1784115944.891688 recvfrom(44, "nysv\0\0\0\0\0\0\0\0\0\0\0\0l\331\214\207\377\0\0\0W\0\1\0\0\0\0\0", 3200, MSG_DONTWAIT, NULL, NULL) = 32
20458 1784115944.891730 recvfrom(44, 0x7fdfb6c500, 3200, MSG_DONTWAIT, NULL, NULL) = -1 EAGAIN (Try again)
20458 1784115944.891765 recvfrom(69, 0x78b1ab9820, 2272, MSG_DONTWAIT, NULL, NULL) = -1 EAGAIN (Try again)
20458 1784115945.018158 recvfrom(44, 0x7fdfb6c660, 3200, MSG_DONTWAIT, NULL, NULL) = -1 EAGAIN (Try again)
20458 1784115945.031466 recvfrom(44, "nysv\0\0\0\0\0\0\0\0\0\0\0\0004\4\177\217\377\0\0\0_\0\1\0\0\0\0\0", 3200, MSG_DONTWAIT, NULL, NULL) = 32
20458 1784115945.031518 recvfrom(44, 0x7fdfb6c500, 3200, MSG_DONTWAIT, NULL, NULL) = -1 EAGAIN (Try again)
20458 1784115945.031611 recvfrom(44, 0x7fdfb6ba50, 3200, MSG_DONTWAIT, NULL, NULL) = -1 EAGAIN (Try again)
20458 1784115945.041839 recvfrom(44, "nysv\0\0\0\0\0\0\0\0\0\0\0\0d\250}\220\377\0\0\0`\0\1\0\0\0\0\0", 3200, MSG_DONTWAIT, NULL, NULL) = 32
20458 1784115945.041963 recvfrom(44, 0x7fdfb6c500, 3200, MSG_DONTWAIT, NULL, NULL) = -1 EAGAIN (Try again)
20458 1784115945.042017 recvfrom(69, 0x78b1ab9820, 2272, MSG_DONTWAIT, NULL, NULL) = -1 EAGAIN (Try again)
20458 1784115945.179422 recvfrom(44, 0x7fdfb6c660, 3200, MSG_DONTWAIT, NULL, NULL) = -1 EAGAIN (Try again)
20458 1784115945.179933 recvfrom(44, "nysv\0\0\0\0\0\0\0\0\0\0\0\0\256\325o\230\377\0\0\0h\0\1\0\0\0\0\0", 3200, MSG_DONTWAIT, NULL, NULL) = 32
20458 1784115945.179985 recvfrom(44, 0x7fdfb6c500, 3200, MSG_DONTWAIT, NULL, NULL) = -1 EAGAIN (Try again)
20458 1784115945.180070 recvfrom(44, 0x7fdfb6ba50, 3200, MSG_DONTWAIT, NULL, NULL) = -1 EAGAIN (Try again)
20458 1784115945.192355 recvfrom(44, "nysv\0\0\0\0\0\0\0\0\0\0\0\0\333vn\231\377\0\0\0i\0\1\0\0\0\0\0", 3200, MSG_DONTWAIT, NULL, NULL) = 32
20458 1784115945.192414 recvfrom(44, 0x7fdfb6c500, 3200, MSG_DONTWAIT, NULL, NULL) = -1 EAGAIN (Try again)
20458 1784115945.192546 recvfrom(69, 0x78b1ab9820, 2272, MSG_DONTWAIT, NULL, NULL) = -1 EAGAIN (Try again)
20458 1784115945.320442 recvfrom(44, 0x7fdfb6c660, 3200, MSG_DONTWAIT, NULL, NULL) = -1 EAGAIN (Try again)
20458 1784115945.327486 recvfrom(44, "nysv\0\0\0\0\0\0\0\0\0\0\0\0(\247`\241\377\0\0\0q\0\1\0\0\0\0\0", 3200, MSG_DONTWAIT, NULL, NULL) = 32
20458 1784115945.327555 recvfrom(44, 0x7fdfb6c500, 3200, MSG_DONTWAIT, NULL, NULL) = -1 EAGAIN (Try again)
20458 1784115945.327658 recvfrom(44, 0x7fdfb6ba50, 3200, MSG_DONTWAIT, NULL, NULL) = -1 EAGAIN (Try again)
20458 1784115945.341984 recvfrom(44, "nysv\0\0\0\0\0\0\0\0\0\0\0\0\312K_\242\377\0\0\0r\0\1\0\0\0\0\0", 3200, MSG_DONTWAIT, NULL, NULL) = 32
20458 1784115945.342056 recvfrom(44, 0x7fdfb6c500, 3200, MSG_DONTWAIT, NULL, NULL) = -1 EAGAIN (Try again)
20458 1784115945.342133 recvfrom(69, 0x78b1ab9820, 2272, MSG_DONTWAIT, NULL, NULL) = -1 EAGAIN (Try again)
20458 1784115945.469283 recvfrom(44, 0x7fdfb6c660, 3200, MSG_DONTWAIT, NULL, NULL) = -1 EAGAIN (Try again)
20458 1784115945.476421 recvfrom(44, "nysv\0\0\0\0\0\0\0\0\0\0\0\0\330-R\252\377\0\0\0z\0\1\0\0\0\0\0", 3200, MSG_DONTWAIT, NULL, NULL) = 32
20458 1784115945.476463 recvfrom(44, 0x7fdfb6c500, 3200, MSG_DONTWAIT, NULL, NULL) = -1 EAGAIN (Try again)
20458 1784115945.476541 recvfrom(44, 0x7fdfb6ba50, 3200, MSG_DONTWAIT, NULL, NULL) = -1 EAGAIN (Try again)
20458 1784115945.492539 recvfrom(44, "nysv\0\0\0\0\0\0\0\0\0\0\0\0/\244P\253\377\0\0\0{\0\1\0\0\0\0\0", 3200, MSG_DONTWAIT, NULL, NULL) = 32
20458 1784115945.492688 recvfrom(44, 0x7fdfb6c500, 3200, MSG_DONTWAIT, NULL, NULL) = -1 EAGAIN (Try again)
20458 1784115945.492806 recvfrom(69, 0x78b1ab9820, 2272, MSG_DONTWAIT, NULL, NULL) = -1 EAGAIN (Try again)
20458 1784115945.617257 recvfrom(44, 0x7fdfb6c660, 3200, MSG_DONTWAIT, NULL, NULL) = -1 EAGAIN (Try again)
20458 1784115945.626748 recvfrom(44, "nysv\0\0\0\0\0\0\0\0\0\0\0\0\34JB\263\377\0\0\0\203\0\1\0\0\0\0\0", 3200, MSG_DONTWAIT, NULL, NULL) = 32
20458 1784115945.626806 recvfrom(44, 0x7fdfb6c500, 3200, MSG_DONTWAIT, NULL, NULL) = -1 EAGAIN (Try again)
20458 1784115945.626891 recvfrom(44, 0x7fdfb6ba50, 3200, MSG_DONTWAIT, NULL, NULL) = -1 EAGAIN (Try again)
20458 1784115945.641689 recvfrom(44, "nysv\0\0\0\0\0\0\0\0\0\0\0\0\325\356@\264\377\0\0\0\204\0\1\0\0\0\0\0", 3200, MSG_DONTWAIT, NULL, NULL) = 32
20458 1784115945.641734 recvfrom(44, 0x7fdfb6c500, 3200, MSG_DONTWAIT, NULL, NULL) = -1 EAGAIN (Try again)
20458 1784115945.641794 recvfrom(69, 0x78b1ab9820, 2272, MSG_DONTWAIT, NULL, NULL) = -1 EAGAIN (Try again)
20458 1784115945.768985 recvfrom(44, 0x7fdfb6c660, 3200, MSG_DONTWAIT, NULL, NULL) = -1 EAGAIN (Try again)
20458 1784115945.775454 recvfrom(44, "nysv\0\0\0\0\0\0\0\0\0\0\0\0\243k3\274\377\0\0\0\214\0\1\0\0\0\0\0", 3200, MSG_DONTWAIT, NULL, NULL) = 32
20458 1784115945.775558 recvfrom(44, 0x7fdfb6c500, 3200, MSG_DONTWAIT, NULL, NULL) = -1 EAGAIN (Try again)
20458 1784115945.775708 recvfrom(44, 0x7fdfb6ba50, 3200, MSG_DONTWAIT, NULL, NULL) = -1 EAGAIN (Try again)
20458 1784115945.791978 recvfrom(44, "nysv\0\0\0\0\0\0\0\0\0\0\0\0\374\0162\275\377\0\0\0\215\0\1\0\0\0\0\0", 3200, MSG_DONTWAIT, NULL, NULL) = 32
20458 1784115945.792116 recvfrom(44, 0x7fdfb6c500, 3200, MSG_DONTWAIT, NULL, NULL) = -1 EAGAIN (Try again)
20458 1784115945.792152 recvfrom(69, 0x78b1ab9820, 2272, MSG_DONTWAIT, NULL, NULL) = -1 EAGAIN (Try again)
20458 1784115945.917063 recvfrom(44, 0x7fdfb6c660, 3200, MSG_DONTWAIT, NULL, NULL) = -1 EAGAIN (Try again)
20458 1784115945.928144 recvfrom(44, "nysv\0\0\0\0\0\0\0\0\0\0\0\0\20\355#\305\377\0\0\0\225\0\1\0\0\0\0\0", 3200, MSG_DONTWAIT, NULL, NULL) = 32
20458 1784115945.928216 recvfrom(44, 0x7fdfb6c500, 3200, MSG_DONTWAIT, NULL, NULL) = -1 EAGAIN (Try again)
20458 1784115945.928336 recvfrom(44, 0x7fdfb6ba50, 3200, MSG_DONTWAIT, NULL, NULL) = -1 EAGAIN (Try again)
20458 1784115945.941777 recvfrom(44, "nysv\0\0\0\0\0\0\0\0\0\0\0\0\345\222\"\306\377\0\0\0\226\0\1\0\0\0\0\0", 3200, MSG_DONTWAIT, NULL, NULL) = 32
20458 1784115945.941828 recvfrom(44, 0x7fdfb6c500, 3200, MSG_DONTWAIT, NULL, NULL) = -1 EAGAIN (Try again)
20458 1784115945.942041 recvfrom(69, 0x78b1ab9820, 2272, MSG_DONTWAIT, NULL, NULL) = -1 EAGAIN (Try again)
20458 1784115946.068747 recvfrom(44, 0x7fdfb6c660, 3200, MSG_DONTWAIT, NULL, NULL) = -1 EAGAIN (Try again)
20458 1784115946.075663 recvfrom(44, "nysv\0\0\0\0\0\0\0\0\0\0\0\0\241+\25\316\377\0\0\0\236\0\1\0\0\0\0\0", 3200, MSG_DONTWAIT, NULL, NULL) = 32
20458 1784115946.075729 recvfrom(44, 0x7fdfb6c500, 3200, MSG_DONTWAIT, NULL, NULL) = -1 EAGAIN (Try again)
20458 1784115946.075830 recvfrom(44, 0x7fdfb6ba50, 3200, MSG_DONTWAIT, NULL, NULL) = -1 EAGAIN (Try again)
20458 1784115946.092465 recvfrom(44, "nysv\0\0\0\0\0\0\0\0\0\0\0\0Z\275\23\317\377\0\0\0\237\0\1\0\0\0\0\0", 3200, MSG_DONTWAIT, NULL, NULL) = 32
20458 1784115946.092517 recvfrom(44, 0x7fdfb6c500, 3200, MSG_DONTWAIT, NULL, NULL) = -1 EAGAIN (Try again)
20458 1784115946.092825 recvfrom(69, 0x78b1ab9820, 2272, MSG_DONTWAIT, NULL, NULL) = -1 EAGAIN (Try again)
20458 1784115946.216934 recvfrom(44, 0x7fdfb6c660, 3200, MSG_DONTWAIT, NULL, NULL) = -1 EAGAIN (Try again)
20458 1784115946.227334 recvfrom(44, "nysv\0\0\0\0\0\0\0\0\0\0\0\0\4\220\5\327\377\0\0\0\247\0\1\0\0\0\0\0", 3200, MSG_DONTWAIT, NULL, NULL) = 32
20458 1784115946.227435 recvfrom(44, 0x7fdfb6c500, 3200, MSG_DONTWAIT, NULL, NULL) = -1 EAGAIN (Try again)
20458 1784115946.227589 recvfrom(44, 0x7fdfb6ba50, 3200, MSG_DONTWAIT, NULL, NULL) = -1 EAGAIN (Try again)
20458 1784115946.241782 recvfrom(44, "nysv\0\0\0\0\0\0\0\0\0\0\0\0*4\4\330\377\0\0\0\250\0\1\0\0\0\0\0", 3200, MSG_DONTWAIT, NULL, NULL) = 32
20458 1784115946.241848 recvfrom(44, 0x7fdfb6c500, 3200, MSG_DONTWAIT, NULL, NULL) = -1 EAGAIN (Try again)
20458 1784115946.241947 recvfrom(69, 0x78b1ab9820, 2272, MSG_DONTWAIT, NULL, NULL) = -1 EAGAIN (Try again)
20458 1784115946.369453 recvfrom(44, 0x7fdfb6c660, 3200, MSG_DONTWAIT, NULL, NULL) = -1 EAGAIN (Try again)
20458 1784115946.377229 recvfrom(44, "nysv\0\0\0\0\0\0\0\0\0\0\0\0>\257\366\337\377\0\0\0\260\0\1\0\0\0\0\0", 3200, MSG_DONTWAIT, NULL, NULL) = 32
20458 1784115946.377287 recvfrom(44, 0x7fdfb6c500, 3200, MSG_DONTWAIT, NULL, NULL) = -1 EAGAIN (Try again)
20458 1784115946.377368 recvfrom(44, 0x7fdfb6ba50, 3200, MSG_DONTWAIT, NULL, NULL) = -1 EAGAIN (Try again)
20458 1784115946.391928 recvfrom(44, "nysv\0\0\0\0\0\0\0\0\0\0\0\0\327M\365\340\377\0\0\0\261\0\1\0\0\0\0\0", 3200, MSG_DONTWAIT, NULL, NULL) = 32
20458 1784115946.392008 recvfrom(44, 0x7fdfb6c500, 3200, MSG_DONTWAIT, NULL, NULL) = -1 EAGAIN (Try again)
20458 1784115946.392099 recvfrom(69, 0x78b1ab9820, 2272, MSG_DONTWAIT, NULL, NULL) = -1 EAGAIN (Try again)
20458 1784115946.519727 recvfrom(44, 0x7fdfb6c660, 3200, MSG_DONTWAIT, NULL, NULL) = -1 EAGAIN (Try again)
20458 1784115946.526181 recvfrom(44, "nysv\0\0\0\0\0\0\0\0\0\0\0\0001`\347\350\377\0\0\0\271\0\1\0\0\0\0\0", 3200, MSG_DONTWAIT, NULL, NULL) = 32
20458 1784115946.526307 recvfrom(44, 0x7fdfb6c500, 3200, MSG_DONTWAIT, NULL, NULL) = -1 EAGAIN (Try again)
20458 1784115946.526512 recvfrom(44, 0x7fdfb6ba50, 3200, MSG_DONTWAIT, NULL, NULL) = -1 EAGAIN (Try again)
20458 1784115946.541864 recvfrom(44, "nysv\0\0\0\0\0\0\0\0\0\0\0\0\367\5\346\351\377\0\0\0\272\0\1\0\0\0\0\0", 3200, MSG_DONTWAIT, NULL, NULL) = 32
20458 1784115946.541922 recvfrom(44, 0x7fdfb6c500, 3200, MSG_DONTWAIT, NULL, NULL) = -1 EAGAIN (Try again)
20458 1784115946.541988 recvfrom(69, 0x78b1ab9820, 2272, MSG_DONTWAIT, NULL, NULL) = -1 EAGAIN (Try again)
20458 1784115946.667962 recvfrom(44, 0x7fdfb6c660, 3200, MSG_DONTWAIT, NULL, NULL) = -1 EAGAIN (Try again)
20458 1784115946.676219 recvfrom(44, "nysv\0\0\0\0\0\0\0\0\0\0\0\0r\4\330\361\377\0\0\0\302\0\1\0\0\0\0\0", 3200, MSG_DONTWAIT, NULL, NULL) = 32
20458 1784115946.676289 recvfrom(44, 0x7fdfb6c500, 3200, MSG_DONTWAIT, NULL, NULL) = -1 EAGAIN (Try again)
20458 1784115946.676389 recvfrom(44, 0x7fdfb6ba50, 3200, MSG_DONTWAIT, NULL, NULL) = -1 EAGAIN (Try again)
20458 1784115946.691620 recvfrom(44, "nysv\0\0\0\0\0\0\0\0\0\0\0\0y\250\326\362\377\0\0\0\303\0\1\0\0\0\0\0", 3200, MSG_DONTWAIT, NULL, NULL) = 32
20458 1784115946.691686 recvfrom(44, 0x7fdfb6c500, 3200, MSG_DONTWAIT, NULL, NULL) = -1 EAGAIN (Try again)
20458 1784115946.691739 recvfrom(69, 0x78b1ab9820, 2272, MSG_DONTWAIT, NULL, NULL) = -1 EAGAIN (Try again)
20458 1784115946.817320 recvfrom(44, 0x7fdfb6c660, 3200, MSG_DONTWAIT, NULL, NULL) = -1 EAGAIN (Try again)
20458 1784115946.825847 recvfrom(44, "nysv\0\0\0\0\0\0\0\0\0\0\0\0u\4\311\372\377\0\0\0\313\0\1\0\0\0\0\0", 3200, MSG_DONTWAIT, NULL, NULL) = 32
20458 1784115946.825943 recvfrom(44, 0x7fdfb6c500, 3200, MSG_DONTWAIT, NULL, NULL) = -1 EAGAIN (Try again)
20458 1784115946.826086 recvfrom(44, 0x7fdfb6ba50, 3200, MSG_DONTWAIT, NULL, NULL) = -1 EAGAIN (Try again)
20458 1784115946.841984 recvfrom(44, "nysv\0\0\0\0\0\0\0\0\0\0\0\0\5\246\307\373\377\0\0\0\314\0\1\0\0\0\0\0", 3200, MSG_DONTWAIT, NULL, NULL) = 32
20458 1784115946.842049 recvfrom(44, 0x7fdfb6c500, 3200, MSG_DONTWAIT, NULL, NULL) = -1 EAGAIN (Try again)
20458 1784115946.842124 recvfrom(69, 0x78b1ab9820, 2272, MSG_DONTWAIT, NULL, NULL) = -1 EAGAIN (Try again)
20458 1784115946.967080 recvfrom(44, 0x7fdfb6c660, 3200, MSG_DONTWAIT, NULL, NULL) = -1 EAGAIN (Try again)
20458 1784115946.976199 recvfrom(44, "nysv\0\0\0\0\0\0\0\0\0\0\0\0\357e\272\3\0\1\0\0\324\0\1\0\0\0\0\0", 3200, MSG_DONTWAIT, NULL, NULL) = 32
20458 1784115946.976280 recvfrom(44, 0x7fdfb6c500, 3200, MSG_DONTWAIT, NULL, NULL) = -1 EAGAIN (Try again)
20458 1784115946.976412 recvfrom(44, 0x7fdfb6ba50, 3200, MSG_DONTWAIT, NULL, NULL) = -1 EAGAIN (Try again)
20458 1784115946.991820 recvfrom(44, "nysv\0\0\0\0\0\0\0\0\0\0\0\0\31\266\270\4\0\1\0\0\325\0\1\0\0\0\0\0", 3200, MSG_DONTWAIT, NULL, NULL) = 32
20458 1784115946.991893 recvfrom(44, 0x7fdfb6c500, 3200, MSG_DONTWAIT, NULL, NULL) = -1 EAGAIN (Try again)
20458 1784115946.992300 recvfrom(69, 0x78b1ab9820, 2272, MSG_DONTWAIT, NULL, NULL) = -1 EAGAIN (Try again)
20458 1784115947.122640 recvfrom(44, 0x7fdfb6c660, 3200, MSG_DONTWAIT, NULL, NULL) = -1 EAGAIN (Try again)
20458 1784115947.127738 recvfrom(44, "nysv\0\0\0\0\0\0\0\0\0\0\0\0\340x\252\f\0\1\0\0\335\0\1\0\0\0\0\0", 3200, MSG_DONTWAIT, NULL, NULL) = 32
20458 1784115947.127810 recvfrom(44, 0x7fdfb6c500, 3200, MSG_DONTWAIT, NULL, NULL) = -1 EAGAIN (Try again)
20458 1784115947.127879 recvfrom(44, 0x7fdfb6ba50, 3200, MSG_DONTWAIT, NULL, NULL) = -1 EAGAIN (Try again)
20458 1784115947.141875 recvfrom(44, "nysv\0\0\0\0\0\0\0\0\0\0\0\0\n\311\250\r\0\1\0\0\336\0\1\0\0\0\0\0", 3200, MSG_DONTWAIT, NULL, NULL) = 32
20458 1784115947.142010 recvfrom(44, 0x7fdfb6c500, 3200, MSG_DONTWAIT, NULL, NULL) = -1 EAGAIN (Try again)
20458 1784115947.142066 recvfrom(69, 0x78b1ab9820, 2272, MSG_DONTWAIT, NULL, NULL) = -1 EAGAIN (Try again)
20458 1784115947.270030 recvfrom(44, 0x7fdfb6c660, 3200, MSG_DONTWAIT, NULL, NULL) = -1 EAGAIN (Try again)
20458 1784115947.277083 recvfrom(44, "nysv\0\0\0\0\0\0\0\0\0\0\0\0ZJ\233\25\0\1\0\0\346\0\1\0\0\0\0\0", 3200, MSG_DONTWAIT, NULL, NULL) = 32
20458 1784115947.277152 recvfrom(44, 0x7fdfb6c500, 3200, MSG_DONTWAIT, NULL, NULL) = -1 EAGAIN (Try again)
20458 1784115947.277261 recvfrom(44, 0x7fdfb6ba50, 3200, MSG_DONTWAIT, NULL, NULL) = -1 EAGAIN (Try again)
20458 1784115947.291761 recvfrom(44, "nysv\0\0\0\0\0\0\0\0\0\0\0\0\236\356\231\26\0\1\0\0\347\0\1\0\0\0\0\0", 3200, MSG_DONTWAIT, NULL, NULL) = 32
20458 1784115947.291801 recvfrom(44, 0x7fdfb6c500, 3200, MSG_DONTWAIT, NULL, NULL) = -1 EAGAIN (Try again)
20458 1784115947.291845 recvfrom(69, 0x78b1ab9820, 2272, MSG_DONTWAIT, NULL, NULL) = -1 EAGAIN (Try again)
20458 1784115947.417349 recvfrom(44, 0x7fdfb6c660, 3200, MSG_DONTWAIT, NULL, NULL) = -1 EAGAIN (Try again)
20458 1784115947.428646 recvfrom(44, "nysv\0\0\0\0\0\0\0\0\0\0\0\0\324\33\214\36\0\1\0\0\357\0\1\0\0\0\0\0", 3200, MSG_DONTWAIT, NULL, NULL) = 32
20458 1784115947.428759 recvfrom(44, 0x7fdfb6c500, 3200, MSG_DONTWAIT, NULL, NULL) = -1 EAGAIN (Try again)
20458 1784115947.428918 recvfrom(44, 0x7fdfb6ba50, 3200, MSG_DONTWAIT, NULL, NULL) = -1 EAGAIN (Try again)
20458 1784115947.441949 recvfrom(44, "nysv\0\0\0\0\0\0\0\0\0\0\0\0F\301\212\37\0\1\0\0\360\0\1\0\0\0\0\0", 3200, MSG_DONTWAIT, NULL, NULL) = 32
20458 1784115947.442005 recvfrom(44, 0x7fdfb6c500, 3200, MSG_DONTWAIT, NULL, NULL) = -1 EAGAIN (Try again)
20458 1784115947.442062 recvfrom(69, 0x78b1ab9820, 2272, MSG_DONTWAIT, NULL, NULL) = -1 EAGAIN (Try again)
20458 1784115947.570165 recvfrom(44, 0x7fdfb6c660, 3200, MSG_DONTWAIT, NULL, NULL) = -1 EAGAIN (Try again)
20458 1784115947.575861 recvfrom(44, "nysv\0\0\0\0\0\0\0\0\0\0\0\0N\355|'\0\1\0\0\370\0\1\0\0\0\0\0", 3200, MSG_DONTWAIT, NULL, NULL) = 32
20458 1784115947.575913 recvfrom(44, 0x7fdfb6c500, 3200, MSG_DONTWAIT, NULL, NULL) = -1 EAGAIN (Try again)
20458 1784115947.576019 recvfrom(44, 0x7fdfb6ba50, 3200, MSG_DONTWAIT, NULL, NULL) = -1 EAGAIN (Try again)
20458 1784115947.591852 recvfrom(44, "nysv\0\0\0\0\0\0\0\0\0\0\0\0\371\221{(\0\1\0\0\371\0\1\0\0\0\0\0", 3200, MSG_DONTWAIT, NULL, NULL) = 32
20458 1784115947.591915 recvfrom(44, 0x7fdfb6c500, 3200, MSG_DONTWAIT, NULL, NULL) = -1 EAGAIN (Try again)
20458 1784115947.591960 recvfrom(69, 0x78b1ab9820, 2272, MSG_DONTWAIT, NULL, NULL) = -1 EAGAIN (Try again)
20458 1784115947.717843 recvfrom(44, 0x7fdfb6c660, 3200, MSG_DONTWAIT, NULL, NULL) = -1 EAGAIN (Try again)
20458 1784115947.726498 recvfrom(44, "nysv\0\0\0\0\0\0\0\0\0\0\0\0)\325m0\0\1\0\0\1\1\1\0\0\0\0\0", 3200, MSG_DONTWAIT, NULL, NULL) = 32
20458 1784115947.726613 recvfrom(44, 0x7fdfb6c500, 3200, MSG_DONTWAIT, NULL, NULL) = -1 EAGAIN (Try again)
20458 1784115947.726779 recvfrom(44, 0x7fdfb6ba50, 3200, MSG_DONTWAIT, NULL, NULL) = -1 EAGAIN (Try again)
20458 1784115947.741782 recvfrom(44, "nysv\0\0\0\0\0\0\0\0\0\0\0\0dvl1\0\1\0\0\2\1\1\0\0\0\0\0", 3200, MSG_DONTWAIT, NULL, NULL) = 32
20458 1784115947.741940 recvfrom(44, 0x7fdfb6c500, 3200, MSG_DONTWAIT, NULL, NULL) = -1 EAGAIN (Try again)
20458 1784115947.742095 recvfrom(69, 0x78b1ab9820, 2272, MSG_DONTWAIT, NULL, NULL) = -1 EAGAIN (Try again)
20458 1784115947.868081 recvfrom(44, 0x7fdfb6c660, 3200, MSG_DONTWAIT, NULL, NULL) = -1 EAGAIN (Try again)
20458 1784115947.878120 recvfrom(44, "nysv\0\0\0\0\0\0\0\0\0\0\0\0B\220^9\0\1\0\0\n\1\1\0\0\0\0\0", 3200, MSG_DONTWAIT, NULL, NULL) = 32
20458 1784115947.878227 recvfrom(44, 0x7fdfb6c500, 3200, MSG_DONTWAIT, NULL, NULL) = -1 EAGAIN (Try again)
20458 1784115947.878381 recvfrom(44, 0x7fdfb6ba50, 3200, MSG_DONTWAIT, NULL, NULL) = -1 EAGAIN (Try again)
20458 1784115947.891951 recvfrom(44, "nysv\0\0\0\0\0\0\0\0\0\0\0\0\363/]:\0\1\0\0\v\1\1\0\0\0\0\0", 3200, MSG_DONTWAIT, NULL, NULL) = 32
20458 1784115947.892094 recvfrom(44, 0x7fdfb6c500, 3200, MSG_DONTWAIT, NULL, NULL) = -1 EAGAIN (Try again)
20458 1784115947.892218 recvfrom(69, 0x78b1ab9820, 2272, MSG_DONTWAIT, NULL, NULL) = -1 EAGAIN (Try again)
20458 1784115948.020097 recvfrom(44, 0x7fdfb6c660, 3200, MSG_DONTWAIT, NULL, NULL) = -1 EAGAIN (Try again)
20458 1784115948.028414 recvfrom(44, "nysv\0\0\0\0\0\0\0\0\0\0\0\0\274aOB\0\1\0\0\23\1\1\0\0\0\0\0", 3200, MSG_DONTWAIT, NULL, NULL) = 32
20458 1784115948.028465 recvfrom(44, 0x7fdfb6c500, 3200, MSG_DONTWAIT, NULL, NULL) = -1 EAGAIN (Try again)
20458 1784115948.028543 recvfrom(44, 0x7fdfb6ba50, 3200, MSG_DONTWAIT, NULL, NULL) = -1 EAGAIN (Try again)
20458 1784115948.042170 recvfrom(44, "nysv\0\0\0\0\0\0\0\0\0\0\0\0O\6NC\0\1\0\0\24\1\1\0\0\0\0\0", 3200, MSG_DONTWAIT, NULL, NULL) = 32
20458 1784115948.042214 recvfrom(44, 0x7fdfb6c500, 3200, MSG_DONTWAIT, NULL, NULL) = -1 EAGAIN (Try again)
20458 1784115948.042250 recvfrom(69, 0x78b1ab9820, 2272, MSG_DONTWAIT, NULL, NULL) = -1 EAGAIN (Try again)
20458 1784115948.169610 recvfrom(44, 0x7fdfb6c660, 3200, MSG_DONTWAIT, NULL, NULL) = -1 EAGAIN (Try again)
20458 1784115948.175836 recvfrom(44, "nysv\0\0\0\0\0\0\0\0\0\0\0\00063@K\0\1\0\0\34\1\1\0\0\0\0\0", 3200, MSG_DONTWAIT, NULL, NULL) = 32
20458 1784115948.175897 recvfrom(44, 0x7fdfb6c500, 3200, MSG_DONTWAIT, NULL, NULL) = -1 EAGAIN (Try again)
20458 1784115948.175984 recvfrom(44, 0x7fdfb6ba50, 3200, MSG_DONTWAIT, NULL, NULL) = -1 EAGAIN (Try again)
20458 1784115948.191562 recvfrom(44, "nysv\0\0\0\0\0\0\0\0\0\0\0\0`\203>L\0\1\0\0\35\1\1\0\0\0\0\0", 3200, MSG_DONTWAIT, NULL, NULL) = 32
20458 1784115948.191622 recvfrom(44, 0x7fdfb6c500, 3200, MSG_DONTWAIT, NULL, NULL) = -1 EAGAIN (Try again)
20458 1784115948.191872 recvfrom(69, 0x78b1ab9820, 2272, MSG_DONTWAIT, NULL, NULL) = -1 EAGAIN (Try again)
20458 1784115948.317428 recvfrom(44, 0x7fdfb6c660, 3200, MSG_DONTWAIT, NULL, NULL) = -1 EAGAIN (Try again)
20458 1784115948.326640 recvfrom(44, "nysv\0\0\0\0\0\0\0\0\0\0\0\0&j1T\0\1\0\0%\1\1\0\0\0\0\0", 3200, MSG_DONTWAIT, NULL, NULL) = 32
20458 1784115948.326738 recvfrom(44, 0x7fdfb6c500, 3200, MSG_DONTWAIT, NULL, NULL) = -1 EAGAIN (Try again)
20458 1784115948.326893 recvfrom(44, 0x7fdfb6ba50, 3200, MSG_DONTWAIT, NULL, NULL) = -1 EAGAIN (Try again)
20458 1784115948.341850 recvfrom(44, "nysv\0\0\0\0\0\0\0\0\0\0\0\0U\0160U\0\1\0\0&\1\1\0\0\0\0\0", 3200, MSG_DONTWAIT, NULL, NULL) = 32
20458 1784115948.341954 recvfrom(44, 0x7fdfb6c500, 3200, MSG_DONTWAIT, NULL, NULL) = -1 EAGAIN (Try again)
20458 1784115948.342010 recvfrom(69, 0x78b1ab9820, 2272, MSG_DONTWAIT, NULL, NULL) = -1 EAGAIN (Try again)
20458 1784115948.468663 recvfrom(44, 0x7fdfb6c660, 3200, MSG_DONTWAIT, NULL, NULL) = -1 EAGAIN (Try again)
20458 1784115948.477561 recvfrom(44, "nysv\0\0\0\0\0\0\0\0\0\0\0\0\271\231\"]\0\1\0\0.\1\1\0\0\0\0\0", 3200, MSG_DONTWAIT, NULL, NULL) = 32
20458 1784115948.477672 recvfrom(44, 0x7fdfb6c500, 3200, MSG_DONTWAIT, NULL, NULL) = -1 EAGAIN (Try again)
20458 1784115948.477839 recvfrom(44, 0x7fdfb6ba50, 3200, MSG_DONTWAIT, NULL, NULL) = -1 EAGAIN (Try again)
20458 1784115948.492230 recvfrom(44, "nysv\0\0\0\0\0\0\0\0\0\0\0\0Q8!^\0\1\0\0/\1\1\0\0\0\0\0", 3200, MSG_DONTWAIT, NULL, NULL) = 32
20458 1784115948.492298 recvfrom(44, 0x7fdfb6c500, 3200, MSG_DONTWAIT, NULL, NULL) = -1 EAGAIN (Try again)
20458 1784115948.492410 recvfrom(69, 0x78b1ab9820, 2272, MSG_DONTWAIT, NULL, NULL) = -1 EAGAIN (Try again)
20458 1784115948.618795 recvfrom(44, 0x7fdfb6c660, 3200, MSG_DONTWAIT, NULL, NULL) = -1 EAGAIN (Try again)
20458 1784115948.626953 recvfrom(44, "nysv\0\0\0\0\0\0\0\0\0\0\0\0\244\247\22f\0\1\0\0007\1\1\0\0\0\0\0", 3200, MSG_DONTWAIT, NULL, NULL) = 32
20458 1784115948.627016 recvfrom(44, 0x7fdfb6c500, 3200, MSG_DONTWAIT, NULL, NULL) = -1 EAGAIN (Try again)
20458 1784115948.627122 recvfrom(44, 0x7fdfb6ba50, 3200, MSG_DONTWAIT, NULL, NULL) = -1 EAGAIN (Try again)
20458 1784115948.641940 recvfrom(44, "nysv\0\0\0\0\0\0\0\0\0\0\0\0\10M\21g\0\1\0\08\1\1\0\0\0\0\0", 3200, MSG_DONTWAIT, NULL, NULL) = 32
20458 1784115948.642031 recvfrom(44, 0x7fdfb6c500, 3200, MSG_DONTWAIT, NULL, NULL) = -1 EAGAIN (Try again)
20458 1784115948.642087 recvfrom(69, 0x78b1ab9820, 2272, MSG_DONTWAIT, NULL, NULL) = -1 EAGAIN (Try again)
20458 1784115948.768219 recvfrom(44, 0x7fdfb6c660, 3200, MSG_DONTWAIT, NULL, NULL) = -1 EAGAIN (Try again)
20458 1784115948.777024 recvfrom(44, "nysv\0\0\0\0\0\0\0\0\0\0\0\0\36y\3o\0\1\0\0@\1\1\0\0\0\0\0", 3200, MSG_DONTWAIT, NULL, NULL) = 32
20458 1784115948.777061 recvfrom(44, 0x7fdfb6c500, 3200, MSG_DONTWAIT, NULL, NULL) = -1 EAGAIN (Try again)
20458 1784115948.777116 recvfrom(44, 0x7fdfb6ba50, 3200, MSG_DONTWAIT, NULL, NULL) = -1 EAGAIN (Try again)
20458 1784115948.791948 recvfrom(44, "nysv\0\0\0\0\0\0\0\0\0\0\0\0t\22\2p\0\1\0\0A\1\1\0\0\0\0\0", 3200, MSG_DONTWAIT, NULL, NULL) = 32
20458 1784115948.791982 recvfrom(44, 0x7fdfb6c500, 3200, MSG_DONTWAIT, NULL, NULL) = -1 EAGAIN (Try again)
20458 1784115948.792011 recvfrom(69, 0x78b1ab9820, 2272, MSG_DONTWAIT, NULL, NULL) = -1 EAGAIN (Try again)
20458 1784115948.919361 recvfrom(44, 0x7fdfb6c660, 3200, MSG_DONTWAIT, NULL, NULL) = -1 EAGAIN (Try again)
20458 1784115948.926480 recvfrom(44, "nysv\0\0\0\0\0\0\0\0\0\0\0\0\230J\364w\0\1\0\0I\1\1\0\0\0\0\0", 3200, MSG_DONTWAIT, NULL, NULL) = 32
20458 1784115948.926570 recvfrom(44, 0x7fdfb6c500, 3200, MSG_DONTWAIT, NULL, NULL) = -1 EAGAIN (Try again)
20458 1784115948.926725 recvfrom(44, 0x7fdfb6ba50, 3200, MSG_DONTWAIT, NULL, NULL) = -1 EAGAIN (Try again)
20458 1784115948.941635 recvfrom(44, "nysv\0\0\0\0\0\0\0\0\0\0\0\0\t\360\362x\0\1\0\0J\1\1\0\0\0\0\0", 3200, MSG_DONTWAIT, NULL, NULL) = 32
20458 1784115948.941693 recvfrom(44, 0x7fdfb6c500, 3200, MSG_DONTWAIT, NULL, NULL) = -1 EAGAIN (Try again)
20458 1784115948.941788 recvfrom(69, 0x78b1ab9820, 2272, MSG_DONTWAIT, NULL, NULL) = -1 EAGAIN (Try again)
20458 1784115949.068938 recvfrom(44, 0x7fdfb6c660, 3200, MSG_DONTWAIT, NULL, NULL) = -1 EAGAIN (Try again)
20458 1784115949.077547 recvfrom(44, "nysv\0\0\0\0\0\0\0\0\0\0\0\0\22\34\345\200\0\1\0\0R\1\1\0\0\0\0\0", 3200, MSG_DONTWAIT, NULL, NULL) = 32
20458 1784115949.077661 recvfrom(44, 0x7fdfb6c500, 3200, MSG_DONTWAIT, NULL, NULL) = -1 EAGAIN (Try again)
20458 1784115949.077830 recvfrom(44, 0x7fdfb6ba50, 3200, MSG_DONTWAIT, NULL, NULL) = -1 EAGAIN (Try again)
20458 1784115949.091765 recvfrom(44, "nysv\0\0\0\0\0\0\0\0\0\0\0\0h\301\343\201\0\1\0\0S\1\1\0\0\0\0\0", 3200, MSG_DONTWAIT, NULL, NULL) = 32
20458 1784115949.091812 recvfrom(44, 0x7fdfb6c500, 3200, MSG_DONTWAIT, NULL, NULL) = -1 EAGAIN (Try again)
20458 1784115949.091845 recvfrom(69, 0x78b1ab9820, 2272, MSG_DONTWAIT, NULL, NULL) = -1 EAGAIN (Try again)
20458 1784115949.219328 recvfrom(44, 0x7fdfb6c660, 3200, MSG_DONTWAIT, NULL, NULL) = -1 EAGAIN (Try again)
20458 1784115949.226224 recvfrom(44, "nysv\0\0\0\0\0\0\0\0\0\0\0\0\254\375\325\211\0\1\0\0[\1\1\0\0\0\0\0", 3200, MSG_DONTWAIT, NULL, NULL) = 32
20458 1784115949.226296 recvfrom(44, 0x7fdfb6c500, 3200, MSG_DONTWAIT, NULL, NULL) = -1 EAGAIN (Try again)
20458 1784115949.226393 recvfrom(44, 0x7fdfb6ba50, 3200, MSG_DONTWAIT, NULL, NULL) = -1 EAGAIN (Try again)
20458 1784115949.242286 recvfrom(44, "nysv\0\0\0\0\0\0\0\0\0\0\0\0,\234\324\212\0\1\0\0\\\1\1\0\0\0\0\0", 3200, MSG_DONTWAIT, NULL, NULL) = 32
20458 1784115949.242348 recvfrom(44, 0x7fdfb6c500, 3200, MSG_DONTWAIT, NULL, NULL) = -1 EAGAIN (Try again)
20458 1784115949.242423 recvfrom(69, 0x78b1ab9820, 2272, MSG_DONTWAIT, NULL, NULL) = -1 EAGAIN (Try again)
20458 1784115949.367404 recvfrom(44, 0x7fdfb6c660, 3200, MSG_DONTWAIT, NULL, NULL) = -1 EAGAIN (Try again)
20458 1784115949.376842 recvfrom(44, "nysv\0\0\0\0\0\0\0\0\0\0\0\0\6\277\306\222\0\1\0\0d\1\1\0\0\0\0\0", 3200, MSG_DONTWAIT, NULL, NULL) = 32
20458 1784115949.376938 recvfrom(44, 0x7fdfb6c500, 3200, MSG_DONTWAIT, NULL, NULL) = -1 EAGAIN (Try again)
20458 1784115949.377083 recvfrom(44, 0x7fdfb6ba50, 3200, MSG_DONTWAIT, NULL, NULL) = -1 EAGAIN (Try again)
20458 1784115949.392198 recvfrom(44, "nysv\0\0\0\0\0\0\0\0\0\0\0\0\231`\305\223\0\1\0\0e\1\1\0\0\0\0\0", 3200, MSG_DONTWAIT, NULL, NULL) = 32
20458 1784115949.392258 recvfrom(44, 0x7fdfb6c500, 3200, MSG_DONTWAIT, NULL, NULL) = -1 EAGAIN (Try again)
20458 1784115949.392357 recvfrom(69, 0x78b1ab9820, 2272, MSG_DONTWAIT, NULL, NULL) = -1 EAGAIN (Try again)
20458 1784115949.518285 recvfrom(44, 0x7fdfb6c660, 3200, MSG_DONTWAIT, NULL, NULL) = -1 EAGAIN (Try again)
20458 1784115949.526800 recvfrom(44, "nysv\0\0\0\0\0\0\0\0\0\0\0\0\t\226\267\233\0\1\0\0m\1\1\0\0\0\0\0", 3200, MSG_DONTWAIT, NULL, NULL) = 32
20458 1784115949.526896 recvfrom(44, 0x7fdfb6c500, 3200, MSG_DONTWAIT, NULL, NULL) = -1 EAGAIN (Try again)
20458 1784115949.527038 recvfrom(44, 0x7fdfb6ba50, 3200, MSG_DONTWAIT, NULL, NULL) = -1 EAGAIN (Try again)
20458 1784115949.542239 recvfrom(44, "nysv\0\0\0\0\0\0\0\0\0\0\0\0L:\266\234\0\1\0\0n\1\1\0\0\0\0\0", 3200, MSG_DONTWAIT, NULL, NULL) = 32
20458 1784115949.542301 recvfrom(44, 0x7fdfb6c500, 3200, MSG_DONTWAIT, NULL, NULL) = -1 EAGAIN (Try again)
20458 1784115949.542351 recvfrom(69, 0x78b1ab9820, 2272, MSG_DONTWAIT, NULL, NULL) = -1 EAGAIN (Try again)
20458 1784115949.668856 recvfrom(44, 0x7fdfb6c660, 3200, MSG_DONTWAIT, NULL, NULL) = -1 EAGAIN (Try again)
20458 1784115949.676431 recvfrom(44, "nysv\0\0\0\0\0\0\0\0\0\0\0\0\356\302\250\244\0\1\0\0v\1\1\0\0\0\0\0", 3200, MSG_DONTWAIT, NULL, NULL) = 32
20458 1784115949.676483 recvfrom(44, 0x7fdfb6c500, 3200, MSG_DONTWAIT, NULL, NULL) = -1 EAGAIN (Try again)
20458 1784115949.676677 recvfrom(44, 0x7fdfb6ba50, 3200, MSG_DONTWAIT, NULL, NULL) = -1 EAGAIN (Try again)
20458 1784115949.692117 recvfrom(44, "nysv\0\0\0\0\0\0\0\0\0\0\0\0?X\247\245\0\1\0\0w\1\1\0\0\0\0\0", 3200, MSG_DONTWAIT, NULL, NULL) = 32
20458 1784115949.692325 recvfrom(44, 0x7fdfb6c500, 3200, MSG_DONTWAIT, NULL, NULL) = -1 EAGAIN (Try again)
20458 1784115949.692357 recvfrom(69, 0x78b1ab9820, 2272, MSG_DONTWAIT, NULL, NULL) = -1 EAGAIN (Try again)
20458 1784115949.823288 recvfrom(44, 0x7fdfb6c660, 3200, MSG_DONTWAIT, NULL, NULL) = -1 EAGAIN (Try again)
20458 1784115949.826574 recvfrom(44, "nysv\0\0\0\0\0\0\0\0\0\0\0\0\28\231\255\0\1\0\0\177\1\1\0\0\0\0\0", 3200, MSG_DONTWAIT, NULL, NULL) = 32
20458 1784115949.826652 recvfrom(44, 0x7fdfb6c500, 3200, MSG_DONTWAIT, NULL, NULL) = -1 EAGAIN (Try again)
20458 1784115949.826761 recvfrom(44, 0x7fdfb6ba50, 3200, MSG_DONTWAIT, NULL, NULL) = -1 EAGAIN (Try again)
20458 1784115949.841726 recvfrom(44, "nysv\0\0\0\0\0\0\0\0\0\0\0\0\345\336\227\256\0\1\0\0\200\1\1\0\0\0\0\0", 3200, MSG_DONTWAIT, NULL, NULL) = 32
20458 1784115949.841777 recvfrom(44, 0x7fdfb6c500, 3200, MSG_DONTWAIT, NULL, NULL) = -1 EAGAIN (Try again)
20458 1784115949.841823 recvfrom(69, 0x78b1ab9820, 2272, MSG_DONTWAIT, NULL, NULL) = -1 EAGAIN (Try again)
20458 1784115949.968703 recvfrom(44, 0x7fdfb6c660, 3200, MSG_DONTWAIT, NULL, NULL) = -1 EAGAIN (Try again)
20458 1784115949.977472 recvfrom(44, "nysv\0\0\0\0\0\0\0\0\0\0\0\0I\243\212\266\0\1\0\0\210\1\1\0\0\0\0\0", 3200, MSG_DONTWAIT, NULL, NULL) = 32
20458 1784115949.977574 recvfrom(44, 0x7fdfb6c500, 3200, MSG_DONTWAIT, NULL, NULL) = -1 EAGAIN (Try again)
20458 1784115949.977732 recvfrom(44, 0x7fdfb6ba50, 3200, MSG_DONTWAIT, NULL, NULL) = -1 EAGAIN (Try again)
20458 1784115949.991953 recvfrom(44, "nysv\0\0\0\0\0\0\0\0\0\0\0\0\370A\211\267\0\1\0\0\211\1\1\0\0\0\0\0", 3200, MSG_DONTWAIT, NULL, NULL) = 32
20458 1784115949.992082 recvfrom(44, 0x7fdfb6c500, 3200, MSG_DONTWAIT, NULL, NULL) = -1 EAGAIN (Try again)
20458 1784115949.992260 recvfrom(69, 0x78b1ab9820, 2272, MSG_DONTWAIT, NULL, NULL) = -1 EAGAIN (Try again)
20458 1784115950.120678 recvfrom(44, 0x7fdfb6c660, 3200, MSG_DONTWAIT, NULL, NULL) = -1 EAGAIN (Try again)
20458 1784115950.127999 recvfrom(44, "nysv\0\0\0\0\0\0\0\0\0\0\0\0S\233{\277\0\1\0\0\221\1\1\0\0\0\0\0", 3200, MSG_DONTWAIT, NULL, NULL) = 32
20458 1784115950.128071 recvfrom(44, 0x7fdfb6c500, 3200, MSG_DONTWAIT, NULL, NULL) = -1 EAGAIN (Try again)
20458 1784115950.128178 recvfrom(44, 0x7fdfb6ba50, 3200, MSG_DONTWAIT, NULL, NULL) = -1 EAGAIN (Try again)
20458 1784115950.141824 recvfrom(44, "nysv\0\0\0\0\0\0\0\0\0\0\0\0\25=z\300\0\1\0\0\222\1\1\0\0\0\0\0", 3200, MSG_DONTWAIT, NULL, NULL) = 32
20458 1784115950.141877 recvfrom(44, 0x7fdfb6c500, 3200, MSG_DONTWAIT, NULL, NULL) = -1 EAGAIN (Try again)
20458 1784115950.141912 recvfrom(69, 0x78b1ab9820, 2272, MSG_DONTWAIT, NULL, NULL) = -1 EAGAIN (Try again)
20458 1784115950.268496 recvfrom(44, 0x7fdfb6c660, 3200, MSG_DONTWAIT, NULL, NULL) = -1 EAGAIN (Try again)
20458 1784115950.276052 recvfrom(44, "nysv\0\0\0\0\0\0\0\0\0\0\0\0'\347k\310\0\1\0\0\232\1\1\0\0\0\0\0", 3200, MSG_DONTWAIT, NULL, NULL) = 32
20458 1784115950.276144 recvfrom(44, 0x7fdfb6c500, 3200, MSG_DONTWAIT, NULL, NULL) = -1 EAGAIN (Try again)
20458 1784115950.276254 recvfrom(44, 0x7fdfb6ba50, 3200, MSG_DONTWAIT, NULL, NULL) = -1 EAGAIN (Try again)
20458 1784115950.291957 recvfrom(44, "nysv\0\0\0\0\0\0\0\0\0\0\0\0\321\201j\311\0\1\0\0\233\1\1\0\0\0\0\0", 3200, MSG_DONTWAIT, NULL, NULL) = 32
20458 1784115950.292014 recvfrom(44, 0x7fdfb6c500, 3200, MSG_DONTWAIT, NULL, NULL) = -1 EAGAIN (Try again)
20458 1784115950.292082 recvfrom(69, 0x78b1ab9820, 2272, MSG_DONTWAIT, NULL, NULL) = -1 EAGAIN (Try again)
