14047 1784095494.373287 exit(0)         = ?
14047 1784095494.373361 +++ exited with 0 +++
14045 1784095494.375810 exit(0)         = ?
14045 1784095494.376266 +++ exited with 0 +++
14048 1784095494.376776 exit(0 <unfinished ...>
14046 1784095494.376823 exit(0 <unfinished ...>
14048 1784095494.377107 <... exit resumed>) = ?
14046 1784095494.377151 <... exit resumed>) = ?
14048 1784095494.377282 +++ exited with 0 +++
14046 1784095494.377289 +++ exited with 0 +++
14058 1784095494.378820 newfstatat(AT_FDCWD, "/data", {st_mode=S_IFDIR|0771, st_size=4096, ...}, AT_SYMLINK_NOFOLLOW) = 0
14058 1784095494.379056 newfstatat(AT_FDCWD, "/data/app", {st_mode=S_IFDIR|0771, st_size=4096, ...}, AT_SYMLINK_NOFOLLOW) = 0
14058 1784095494.379283 newfstatat(AT_FDCWD, "/data/app/br.odb.knights-FJDQvSyUgSf5viIz_MnnlA==", {st_mode=S_IFDIR|0775, st_size=4096, ...}, AT_SYMLINK_NOFOLLOW) = 0
14058 1784095494.379575 newfstatat(AT_FDCWD, "/data/app/br.odb.knights-FJDQvSyUgSf5viIz_MnnlA==/base.apk", {st_mode=S_IFREG|0644, st_size=2120804, ...}, AT_SYMLINK_NOFOLLOW) = 0
14058 1784095494.379800 getcwd("/", 4096) = 2
14058 1784095494.380016 newfstatat(AT_FDCWD, "/base.apk", 0x758f279690, AT_SYMLINK_NOFOLLOW) = -1 ENOENT (No such file or directory)
14038 1784095502.583091 recvfrom(44, "\2\0\0\0\0\0\0\0\337\3\0\0\0\0\0\0\200\244\224\37\321\0\0\0\1\0\0\0\2\20\0\0"..., 2272, MSG_DONTWAIT, NULL, NULL) = 232
14038 1784095502.584296 recvfrom(42, 0x7feb33e8b0, 3200, MSG_DONTWAIT, NULL, NULL) = -1 EAGAIN (Try again)
14074 1784095502.600919 sendmsg(65, {msg_name=NULL, msg_namelen=0, msg_iov=[{iov_base="l\1\1\1\374\0\0\0L\0\0\0\235\0\0\0\1\1o\0;\0\0\0/re/frid"..., iov_len=428}], msg_iovlen=1, msg_controllen=0, msg_flags=0}, MSG_NOSIGNAL) = 428
14074 1784095502.608968 sendmsg(65, {msg_name=NULL, msg_namelen=0, msg_iov=[{iov_base="l\1\1\1\0\1\0\0M\0\0\0\235\0\0\0\1\1o\0;\0\0\0/re/frid"..., iov_len=432}], msg_iovlen=1, msg_controllen=0, msg_flags=0}, MSG_NOSIGNAL) = 432
14038 1784095502.609627 sendto(44, "\3\0\0\0\0\0\0\0\337\3\0\0\1\0\0\0", 16, MSG_DONTWAIT|MSG_NOSIGNAL, NULL, 0) = 16
14038 1784095502.609825 recvfrom(44, 0x7589fd2820, 2272, MSG_DONTWAIT, NULL, NULL) = -1 EAGAIN (Try again)
14038 1784095502.610243 recvfrom(44, "\2\0\0\0\0\0\0\0\341\3\0\0\0\0\0\0\200\244\224\37\321\0\0\0\1\0\0\0\2\20\0\0"..., 2272, MSG_DONTWAIT, NULL, NULL) = 232
14038 1784095502.610401 sendto(44, "\3\0\0\0\0\0\0\0\341\3\0\0\1\0\0\0", 16, MSG_DONTWAIT|MSG_NOSIGNAL, NULL, 0) = 16
14038 1784095502.610609 recvfrom(44, 0x7589fd2820, 2272, MSG_DONTWAIT, NULL, NULL) = -1 EAGAIN (Try again)
14038 1784095502.610757 recvfrom(42, "nysv\0\0\0\0\0\0\0\0\0\0\0\0\201K\360\37\321\0\0\0}\v\0\0\0\0\0\0", 3200, MSG_DONTWAIT, NULL, NULL) = 32
14038 1784095502.610907 recvfrom(42, 0x7feb340460, 3200, MSG_DONTWAIT, NULL, NULL) = -1 EAGAIN (Try again)
14038 1784095502.611171 recvfrom(44, 0x7589fd2820, 2272, MSG_DONTWAIT, NULL, NULL) = -1 EAGAIN (Try again)
14038 1784095502.611543 recvfrom(42, 0x7feb3403c0, 3200, MSG_DONTWAIT, NULL, NULL) = -1 EAGAIN (Try again)
14038 1784095502.614558 socket(AF_UNIX, SOCK_DGRAM|SOCK_CLOEXEC|SOCK_NONBLOCK, 0) = 64
14038 1784095502.614766 setsockopt(64, SOL_SOCKET, SO_SNDBUF, [1048576], 4) = 0
14038 1784095502.614983 connect(64, {sa_family=AF_UNIX, sun_path="/dev/socket/statsdw"}, 110) = 0
14038 1784095502.623128 recvfrom(42, "nysv\0\0\0\0\0\0\0\0\0\0\0\0\325\353\354!\321\0\0\0~\v\0\0\0\0\0\0", 3200, MSG_DONTWAIT, NULL, NULL) = 32
14038 1784095502.623803 recvfrom(42, 0x7feb340460, 3200, MSG_DONTWAIT, NULL, NULL) = -1 EAGAIN (Try again)
14074 1784095502.633736 sendmsg(65, {msg_name=NULL, msg_namelen=0, msg_iov=[{iov_base="l\1\1\1\374\0\0\0N\0\0\0\235\0\0\0\1\1o\0;\0\0\0/re/frid"..., iov_len=428}], msg_iovlen=1, msg_controllen=0, msg_flags=0}, MSG_NOSIGNAL) = 428
14059 1784095502.643821 recvfrom(41, 0x758f17eeb0, 3200, MSG_DONTWAIT, NULL, NULL) = -1 EAGAIN (Try again)
14059 1784095502.645397 recvfrom(41, 0x758f17eeb0, 3200, MSG_DONTWAIT, NULL, NULL) = -1 EAGAIN (Try again)
14074 1784095502.647436 sendmsg(65, {msg_name=NULL, msg_namelen=0, msg_iov=[{iov_base="l\1\1\1\0\1\0\0O\0\0\0\235\0\0\0\1\1o\0;\0\0\0/re/frid"..., iov_len=432}], msg_iovlen=1, msg_controllen=0, msg_flags=0}, MSG_NOSIGNAL) = 432
14038 1784095502.649630 recvfrom(44, 0x7589fd2820, 2272, MSG_DONTWAIT, NULL, NULL) = -1 EAGAIN (Try again)
14038 1784095502.649792 recvfrom(42, 0x7feb3403c0, 3200, MSG_DONTWAIT, NULL, NULL) = -1 EAGAIN (Try again)
14038 1784095502.655271 recvfrom(42, "nysv\0\0\0\0\0\0\0\0\0\0\0\0\37\240\351#\321\0\0\0\177\v\0\0\0\0\0\0", 3200, MSG_DONTWAIT, NULL, NULL) = 32
14038 1784095502.657115 recvfrom(42, 0x7feb340460, 3200, MSG_DONTWAIT, NULL, NULL) = -1 EAGAIN (Try again)
14038 1784095502.658844 recvfrom(42, 0x7feb3403c0, 3200, MSG_DONTWAIT, NULL, NULL) = -1 EAGAIN (Try again)
14038 1784095502.661629 newfstatat(AT_FDCWD, "/system/framework/framework-res.apk", {st_mode=S_IFREG|0644, st_size=45992421, ...}, 0) = 0
14038 1784095502.661780 newfstatat(AT_FDCWD, "/product/overlay/GoogleConfigOverlay.apk", {st_mode=S_IFREG|0644, st_size=25070, ...}, 0) = 0
14038 1784095502.662078 newfstatat(AT_FDCWD, "/product/overlay/GoogleWebViewOverlay.apk", {st_mode=S_IFREG|0644, st_size=16815, ...}, 0) = 0
14038 1784095502.662409 newfstatat(AT_FDCWD, "/product/overlay/PixelConfigOverlayCommon.apk", {st_mode=S_IFREG|0644, st_size=52833, ...}, 0) = 0
14038 1784095502.662741 newfstatat(AT_FDCWD, "/product/overlay/EmulatorConfigOverlay.apk", {st_mode=S_IFREG|0644, st_size=16734, ...}, 0) = 0
14038 1784095502.662972 newfstatat(AT_FDCWD, "/data/app/br.odb.knights-FJDQvSyUgSf5viIz_MnnlA==/base.apk", {st_mode=S_IFREG|0644, st_size=2120804, ...}, 0) = 0
14038 1784095502.664902 clone(child_stack=0x758b5abd40, flags=CLONE_VM|CLONE_FS|CLONE_FILES|CLONE_SIGHAND|CLONE_THREAD|CLONE_SYSVSEM|CLONE_SETTLS|CLONE_PARENT_SETTID|CLONE_CHILD_CLEARTID, parent_tidptr=0x758b5abd60, tls=0x758b5ac020, child_tidptr=0x758b5abd60) = 14130
14038 1784095502.666788 newfstatat(AT_FDCWD, "/system/framework/framework-res.apk", {st_mode=S_IFREG|0644, st_size=45992421, ...}, 0) = 0
14038 1784095502.667096 newfstatat(AT_FDCWD, "/product/overlay/GoogleConfigOverlay.apk", {st_mode=S_IFREG|0644, st_size=25070, ...}, 0) = 0
14059 1784095502.667448 recvfrom(41,  <unfinished ...>
14038 1784095502.667465 newfstatat(AT_FDCWD, "/product/overlay/GoogleWebViewOverlay.apk",  <unfinished ...>
14059 1784095502.667603 <... recvfrom resumed> "nysv\0\0\0\0\0\0\0\0\0\0\0\0\37\240\351#\321\0\0\0\177\v\0\0\0\0\0\0", 3200, MSG_DONTWAIT, NULL, NULL) = 32
14038 1784095502.667632 <... newfstatat resumed> {st_mode=S_IFREG|0644, st_size=16815, ...}, 0) = 0
14059 1784095502.667786 recvfrom(41,  <unfinished ...>
14038 1784095502.667818 newfstatat(AT_FDCWD, "/product/overlay/PixelConfigOverlayCommon.apk", {st_mode=S_IFREG|0644, st_size=52833, ...}, 0) = 0
14059 1784095502.667994 <... recvfrom resumed> 0x758f17eeb0, 3200, MSG_DONTWAIT, NULL, NULL) = -1 EAGAIN (Try again)
14038 1784095502.668130 newfstatat(AT_FDCWD, "/product/overlay/EmulatorConfigOverlay.apk", {st_mode=S_IFREG|0644, st_size=16734, ...}, 0) = 0
14038 1784095502.668552 newfstatat(AT_FDCWD, "/data/app/br.odb.knights-FJDQvSyUgSf5viIz_MnnlA==/base.apk", {st_mode=S_IFREG|0644, st_size=2120804, ...}, 0) = 0
14130 1784095502.669300 exit(0)         = ?
14038 1784095502.669489 newfstatat(AT_FDCWD, "/system/framework/framework-res.apk",  <unfinished ...>
14130 1784095502.669626 +++ exited with 0 +++
14038 1784095502.669638 <... newfstatat resumed> {st_mode=S_IFREG|0644, st_size=45992421, ...}, 0) = 0
14038 1784095502.669754 newfstatat(AT_FDCWD, "/product/overlay/GoogleConfigOverlay.apk", {st_mode=S_IFREG|0644, st_size=25070, ...}, 0) = 0
14059 1784095502.669968 clone( <unfinished ...>
14038 1784095502.669979 newfstatat(AT_FDCWD, "/product/overlay/GoogleWebViewOverlay.apk", {st_mode=S_IFREG|0644, st_size=16815, ...}, 0) = 0
14059 1784095502.670232 <... clone resumed> child_stack=0x758b4aed40, flags=CLONE_VM|CLONE_FS|CLONE_FILES|CLONE_SIGHAND|CLONE_THREAD|CLONE_SYSVSEM|CLONE_SETTLS|CLONE_PARENT_SETTID|CLONE_CHILD_CLEARTID, parent_tidptr=0x758b4aed60, tls=0x758b4af020, child_tidptr=0x758b4aed60) = 14131
14038 1784095502.670246 newfstatat(AT_FDCWD, "/product/overlay/PixelConfigOverlayCommon.apk", {st_mode=S_IFREG|0644, st_size=52833, ...}, 0) = 0
14038 1784095502.670717 newfstatat(AT_FDCWD, "/product/overlay/EmulatorConfigOverlay.apk",  <unfinished ...>
14131 1784095502.670794 exit(0)         = ?
14038 1784095502.670799 <... newfstatat resumed> {st_mode=S_IFREG|0644, st_size=16734, ...}, 0) = 0
14131 1784095502.670819 +++ exited with 0 +++
14038 1784095502.671112 newfstatat(AT_FDCWD, "/data/app/br.odb.knights-FJDQvSyUgSf5viIz_MnnlA==/base.apk", {st_mode=S_IFREG|0644, st_size=2120804, ...}, 0) = 0
14059 1784095502.671532 recvfrom(41, "nysv\0\0\0\0\0\0\0\0\0\0\0\0I\360\347$\321\0\0\0\200\v\0\0\0\0\0\0", 3200, MSG_DONTWAIT, NULL, NULL) = 32
14059 1784095502.671991 recvfrom(41, 0x758f17eeb0, 3200, MSG_DONTWAIT, NULL, NULL) = -1 EAGAIN (Try again)
14038 1784095502.674062 newfstatat(AT_FDCWD, "/system/framework/framework-res.apk", {st_mode=S_IFREG|0644, st_size=45992421, ...}, 0) = 0
14038 1784095502.674473 newfstatat(AT_FDCWD, "/product/overlay/GoogleConfigOverlay.apk", {st_mode=S_IFREG|0644, st_size=25070, ...}, 0) = 0
14038 1784095502.675005 newfstatat(AT_FDCWD, "/product/overlay/GoogleWebViewOverlay.apk", {st_mode=S_IFREG|0644, st_size=16815, ...}, 0) = 0
14038 1784095502.675484 newfstatat(AT_FDCWD, "/product/overlay/PixelConfigOverlayCommon.apk", {st_mode=S_IFREG|0644, st_size=52833, ...}, 0) = 0
14038 1784095502.675905 newfstatat(AT_FDCWD, "/product/overlay/EmulatorConfigOverlay.apk", {st_mode=S_IFREG|0644, st_size=16734, ...}, 0) = 0
14038 1784095502.676216 newfstatat(AT_FDCWD, "/data/app/br.odb.knights-FJDQvSyUgSf5viIz_MnnlA==/base.apk", {st_mode=S_IFREG|0644, st_size=2120804, ...}, 0) = 0
14059 1784095502.685883 recvfrom(41, 0x758f17eeb0, 3200, MSG_DONTWAIT, NULL, NULL) = -1 EAGAIN (Try again)
14059 1784095502.687749 recvfrom(41, "nysv\0\0\0\0\0\0\0\0\0\0\0\0s@\346%\321\0\0\0\201\v\0\0\0\0\0\0", 3200, MSG_DONTWAIT, NULL, NULL) = 32
14059 1784095502.688067 recvfrom(41, 0x758f17ec80, 3200, MSG_DONTWAIT, NULL, NULL) = -1 EAGAIN (Try again)
14059 1784095502.702924 recvfrom(41, 0x758f17eeb0, 3200, MSG_DONTWAIT, NULL, NULL) = -1 EAGAIN (Try again)
14059 1784095502.704512 recvfrom(41, "nysv\0\0\0\0\0\0\0\0\0\0\0\0\235\220\344&\321\0\0\0\202\v\0\0\0\0\0\0", 3200, MSG_DONTWAIT, NULL, NULL) = 32
14059 1784095502.704862 recvfrom(41, 0x758f17ec80, 3200, MSG_DONTWAIT, NULL, NULL) = -1 EAGAIN (Try again)
14059 1784095502.719539 recvfrom(41, 0x758f17eeb0, 3200, MSG_DONTWAIT, NULL, NULL) = -1 EAGAIN (Try again)
14059 1784095502.721250 recvfrom(41, "nysv\0\0\0\0\0\0\0\0\0\0\0\0\365\10\343'\321\0\0\0\203\v\0\0\0\0\0\0", 3200, MSG_DONTWAIT, NULL, NULL) = 32
14059 1784095502.721548 recvfrom(41, 0x758f17ec80, 3200, MSG_DONTWAIT, NULL, NULL) = -1 EAGAIN (Try again)
14059 1784095502.734983 recvfrom(41, 0x758f17eeb0, 3200, MSG_DONTWAIT, NULL, NULL) = -1 EAGAIN (Try again)
14059 1784095502.738206 recvfrom(41, "nysv\0\0\0\0\0\0\0\0\0\0\0\0\222M\341(\321\0\0\0\204\v\0\0\0\0\0\0", 3200, MSG_DONTWAIT, NULL, NULL) = 32
14059 1784095502.738629 recvfrom(41, 0x758f17ec80, 3200, MSG_DONTWAIT, NULL, NULL) = -1 EAGAIN (Try again)
14038 1784095502.740704 recvfrom(42, "nysv\0\0\0\0\0\0\0\0\0\0\0\0I\360\347$\321\0\0\0\200\v\0\0\0\0\0\0", 3200, MSG_DONTWAIT, NULL, NULL) = 32
14038 1784095502.740944 recvfrom(42, 0x7feb340460, 3200, MSG_DONTWAIT, NULL, NULL) = -1 EAGAIN (Try again)
14038 1784095502.742553 recvfrom(44, 0x7589fd2820, 2272, MSG_DONTWAIT, NULL, NULL) = -1 EAGAIN (Try again)
14038 1784095502.743060 recvfrom(68, 0x7533e73820, 2272, MSG_DONTWAIT, NULL, NULL) = -1 EAGAIN (Try again)
14038 1784095502.743430 recvfrom(42, 0x7feb3403c0, 3200, MSG_DONTWAIT, NULL, NULL) = -1 EAGAIN (Try again)
14059 1784095502.751797 recvfrom(41, 0x758f17eeb0, 3200, MSG_DONTWAIT, NULL, NULL) = -1 EAGAIN (Try again)
14059 1784095502.753097 recvfrom(41, 0x758f17eeb0, 3200, MSG_DONTWAIT, NULL, NULL) = -1 EAGAIN (Try again)
14059 1784095502.755852 recvfrom(41, "nysv\0\0\0\0\0\0\0\0\0\0\0\0\311\306\337)\321\0\0\0\205\v\0\0\0\0\0\0", 3200, MSG_DONTWAIT, NULL, NULL) = 32
14059 1784095502.756728 recvfrom(41, 0x758f17ec80, 3200, MSG_DONTWAIT, NULL, NULL) = -1 EAGAIN (Try again)
14059 1784095502.777647 recvfrom(41, "nysv\0\0\0\0\0\0\0\0\0\0\0\0,=\336*\321\0\0\0\206\v\0\0\0\0\0\0", 3200, MSG_DONTWAIT, NULL, NULL) = 32
14059 1784095502.777850 recvfrom(41, 0x758f17eeb0, 3200, MSG_DONTWAIT, NULL, NULL) = -1 EAGAIN (Try again)
14059 1784095502.790051 recvfrom(41, "nysv\0\0\0\0\0\0\0\0\0\0\0\0\27\240\334+\321\0\0\0\207\v\0\0\0\0\0\0", 3200, MSG_DONTWAIT, NULL, NULL) = 32
14059 1784095502.790313 recvfrom(41, 0x758f17eeb0, 3200, MSG_DONTWAIT, NULL, NULL) = -1 EAGAIN (Try again)
14059 1784095502.842399 recvfrom(41, "nysv\0\0\0\0\0\0\0\0\0\0\0\0\35\37\333,\321\0\0\0\210\v\0\0\0\0\0\0", 3200, MSG_DONTWAIT, NULL, NULL) = 32
14059 1784095502.842570 recvfrom(41, 0x758f17ec80, 3200, MSG_DONTWAIT, NULL, NULL) = -1 EAGAIN (Try again)
14038 1784095502.843850 recvfrom(42, "nysv\0\0\0\0\0\0\0\0\0\0\0\0\311\306\337)\321\0\0\0\205\v\0\0\0\0\0\0", 3200, MSG_DONTWAIT, NULL, NULL) = 32
14038 1784095502.844076 recvfrom(42, 0x7feb340460, 3200, MSG_DONTWAIT, NULL, NULL) = -1 EAGAIN (Try again)
14059 1784095502.858070 recvfrom(41, "nysv\0\0\0\0\0\0\0\0\0\0\0\0O\4\326/\321\0\0\0\211\v\0\0\0\0\0\0", 3200, MSG_DONTWAIT, NULL, NULL) = 32
14059 1784095502.858372 recvfrom(41, 0x758f17eeb0, 3200, MSG_DONTWAIT, NULL, NULL) = -1 EAGAIN (Try again)
14038 1784095502.861153 recvfrom(68, 0x7533e73820, 2272, MSG_DONTWAIT, NULL, NULL) = -1 EAGAIN (Try again)
14038 1784095502.861409 recvfrom(42, 0x7feb3403c0, 3200, MSG_DONTWAIT, NULL, NULL) = -1 EAGAIN (Try again)
14059 1784095502.876251 recvfrom(41, "nysv\0\0\0\0\0\0\0\0\0\0\0\0#2\3240\321\0\0\0\212\v\0\0\0\0\0\0", 3200, MSG_DONTWAIT, NULL, NULL) = 32
14059 1784095502.876436 recvfrom(41, 0x758f17eeb0, 3200, MSG_DONTWAIT, NULL, NULL) = -1 EAGAIN (Try again)
14038 1784095502.880225 recvfrom(42, "nysv\0\0\0\0\0\0\0\0\0\0\0\0#2\3240\321\0\0\0\212\v\0\0\0\0\0\0", 3200, MSG_DONTWAIT, NULL, NULL) = 32
14038 1784095502.880531 recvfrom(42, 0x7feb340460, 3200, MSG_DONTWAIT, NULL, NULL) = -1 EAGAIN (Try again)
14038 1784095502.886381 recvfrom(68, 0x7533e73820, 2272, MSG_DONTWAIT, NULL, NULL) = -1 EAGAIN (Try again)
14038 1784095502.887044 recvfrom(42, 0x7feb3403c0, 3200, MSG_DONTWAIT, NULL, NULL) = -1 EAGAIN (Try again)
14059 1784095502.911442 recvfrom(41, "nysv\0\0\0\0\0\0\0\0\0\0\0\0\5\255\3221\321\0\0\0\213\v\0\0\0\0\0\0", 3200, MSG_DONTWAIT, NULL, NULL) = 32
14059 1784095502.911759 recvfrom(41, 0x758f17eeb0, 3200, MSG_DONTWAIT, NULL, NULL) = -1 EAGAIN (Try again)
14038 1784095502.915530 recvfrom(42, "nysv\0\0\0\0\0\0\0\0\0\0\0\0f$\3212\321\0\0\0\214\v\0\0\0\0\0\0", 3200, MSG_DONTWAIT, NULL, NULL) = 32
14038 1784095502.915775 recvfrom(42, 0x7feb340460, 3200, MSG_DONTWAIT, NULL, NULL) = -1 EAGAIN (Try again)
14038 1784095502.916439 recvfrom(42, 0x7feb3403c0, 3200, MSG_DONTWAIT, NULL, NULL) = -1 EAGAIN (Try again)
14038 1784095502.921454 recvfrom(42, "nysv\0\0\0\0\0\0\0\0\0\0\0\0\354\227\3173\321\0\0\0\215\v\0\0\0\0\0\0", 3200, MSG_DONTWAIT, NULL, NULL) = 32
14038 1784095502.921834 recvfrom(42, 0x7feb340460, 3200, MSG_DONTWAIT, NULL, NULL) = -1 EAGAIN (Try again)
14038 1784095502.922403 recvfrom(42, 0x7feb3403c0, 3200, MSG_DONTWAIT, NULL, NULL) = -1 EAGAIN (Try again)
14038 1784095502.938339 recvfrom(42, "nysv\0\0\0\0\0\0\0\0\0\0\0\0\20\7\3164\321\0\0\0\216\v\0\0\0\0\0\0", 3200, MSG_DONTWAIT, NULL, NULL) = 32
14038 1784095502.938909 recvfrom(42, 0x7feb340460, 3200, MSG_DONTWAIT, NULL, NULL) = -1 EAGAIN (Try again)
14038 1784095502.939542 recvfrom(42, 0x7feb3403c0, 3200, MSG_DONTWAIT, NULL, NULL) = -1 EAGAIN (Try again)
14059 1784095502.945156 recvfrom(41, "nysv\0\0\0\0\0\0\0\0\0\0\0\0\354\227\3173\321\0\0\0\215\v\0\0\0\0\0\0", 3200, MSG_DONTWAIT, NULL, NULL) = 32
14059 1784095502.945393 recvfrom(41, 0x758f17eeb0, 3200, MSG_DONTWAIT, NULL, NULL) = -1 EAGAIN (Try again)
14038 1784095502.954789 recvfrom(42, "nysv\0\0\0\0\0\0\0\0\0\0\0\0it\3145\321\0\0\0\217\v\0\0\0\0\0\0", 3200, MSG_DONTWAIT, NULL, NULL) = 32
14038 1784095502.955110 recvfrom(42, 0x7feb340460, 3200, MSG_DONTWAIT, NULL, NULL) = -1 EAGAIN (Try again)
14038 1784095502.955766 recvfrom(42, 0x7feb3403c0, 3200, MSG_DONTWAIT, NULL, NULL) = -1 EAGAIN (Try again)
14059 1784095502.959973 recvfrom(41, "nysv\0\0\0\0\0\0\0\0\0\0\0\0it\3145\321\0\0\0\217\v\0\0\0\0\0\0", 3200, MSG_DONTWAIT, NULL, NULL) = 32
14059 1784095502.960128 recvfrom(41, 0x758f17eeb0, 3200, MSG_DONTWAIT, NULL, NULL) = -1 EAGAIN (Try again)
14038 1784095502.972266 recvfrom(42, "nysv\0\0\0\0\0\0\0\0\0\0\0\0\362\261\3126\321\0\0\0\220\v\0\0\0\0\0\0", 3200, MSG_DONTWAIT, NULL, NULL) = 32
14038 1784095502.972616 recvfrom(42, 0x7feb340460, 3200, MSG_DONTWAIT, NULL, NULL) = -1 EAGAIN (Try again)
14038 1784095502.973163 recvfrom(42, 0x7feb3403c0, 3200, MSG_DONTWAIT, NULL, NULL) = -1 EAGAIN (Try again)
14059 1784095502.975135 recvfrom(41, "nysv\0\0\0\0\0\0\0\0\0\0\0\0\362\261\3126\321\0\0\0\220\v\0\0\0\0\0\0", 3200, MSG_DONTWAIT, NULL, NULL) = 32
14059 1784095502.975272 recvfrom(41, 0x758f17eeb0, 3200, MSG_DONTWAIT, NULL, NULL) = -1 EAGAIN (Try again)
14038 1784095502.988587 recvfrom(42, "nysv\0\0\0\0\0\0\0\0\0\0\0\0\22\1\3117\321\0\0\0\221\v\0\0\0\0\0\0", 3200, MSG_DONTWAIT, NULL, NULL) = 32
14038 1784095502.988935 recvfrom(42, 0x7feb340460, 3200, MSG_DONTWAIT, NULL, NULL) = -1 EAGAIN (Try again)
14059 1784095502.991357 recvfrom(41, "nysv\0\0\0\0\0\0\0\0\0\0\0\0\22\1\3117\321\0\0\0\221\v\0\0\0\0\0\0", 3200, MSG_DONTWAIT, NULL, NULL) = 32
14059 1784095502.991494 recvfrom(41, 0x758f17eeb0, 3200, MSG_DONTWAIT, NULL, NULL) = -1 EAGAIN (Try again)
14059 1784095503.005808 recvfrom(41, "nysv\0\0\0\0\0\0\0\0\0\0\0\0\362{\3078\321\0\0\0\222\v\0\0\0\0\0\0", 3200, MSG_DONTWAIT, NULL, NULL) = 32
14059 1784095503.005950 recvfrom(41, 0x758f17ec80, 3200, MSG_DONTWAIT, NULL, NULL) = -1 EAGAIN (Try again)
14038 1784095504.339329 recvfrom(42, 0x7feb340270, 3200, MSG_DONTWAIT, NULL, NULL) = -1 EAGAIN (Try again)
14038 1784095504.355103 recvfrom(42, "nysv\0\0\0\0\0\0\0\0\0\0\0\0\330$?\211\321\0\0\0\223\v\0\0\0\0\0\0", 3200, MSG_DONTWAIT, NULL, NULL) = 32
14038 1784095504.355643 recvfrom(42, 0x7feb340460, 3200, MSG_DONTWAIT, NULL, NULL) = -1 EAGAIN (Try again)
14038 1784095504.360186 recvfrom(68, 0x7533e73820, 2272, MSG_DONTWAIT, NULL, NULL) = -1 EAGAIN (Try again)
14038 1784095504.362429 recvfrom(42, 0x7feb33f5a0, 3200, MSG_DONTWAIT, NULL, NULL) = -1 EAGAIN (Try again)
14038 1784095504.371726 recvfrom(42, "nysv\0\0\0\0\0\0\0\0\0\0\0\0{\230=\212\321\0\0\0\224\v\0\0\0\0\0\0", 3200, MSG_DONTWAIT, NULL, NULL) = 32
14038 1784095504.372213 recvfrom(42, 0x7feb340460, 3200, MSG_DONTWAIT, NULL, NULL) = -1 EAGAIN (Try again)
14038 1784095504.373708 recvfrom(68, 0x7533e73820, 2272, MSG_DONTWAIT, NULL, NULL) = -1 EAGAIN (Try again)
14038 1784095504.374734 recvfrom(42, 0x7feb33f5a0, 3200, MSG_DONTWAIT, NULL, NULL) = -1 EAGAIN (Try again)
14038 1784095504.388987 recvfrom(42, "nysv\0\0\0\0\0\0\0\0\0\0\0\0\245\350;\213\321\0\0\0\225\v\0\0\0\0\0\0", 3200, MSG_DONTWAIT, NULL, NULL) = 32
14038 1784095504.389316 recvfrom(42, 0x7feb340460, 3200, MSG_DONTWAIT, NULL, NULL) = -1 EAGAIN (Try again)
14038 1784095504.389989 recvfrom(68, 0x7533e73820, 2272, MSG_DONTWAIT, NULL, NULL) = -1 EAGAIN (Try again)
14038 1784095504.392155 recvfrom(42, 0x7feb33f5a0, 3200, MSG_DONTWAIT, NULL, NULL) = -1 EAGAIN (Try again)
14038 1784095504.404989 recvfrom(42, "nysv\0\0\0\0\0\0\0\0\0\0\0\0_F:\214\321\0\0\0\226\v\0\0\0\0\0\0", 3200, MSG_DONTWAIT, NULL, NULL) = 32
14038 1784095504.405255 recvfrom(42, 0x7feb340460, 3200, MSG_DONTWAIT, NULL, NULL) = -1 EAGAIN (Try again)
14038 1784095504.405791 recvfrom(68, 0x7533e73820, 2272, MSG_DONTWAIT, NULL, NULL) = -1 EAGAIN (Try again)
14038 1784095504.410897 recvfrom(42, 0x7feb33f5a0, 3200, MSG_DONTWAIT, NULL, NULL) = -1 EAGAIN (Try again)
14038 1784095504.421384 recvfrom(42, "nysv\0\0\0\0\0\0\0\0\0\0\0\0B\2718\215\321\0\0\0\227\v\0\0\0\0\0\0", 3200, MSG_DONTWAIT, NULL, NULL) = 32
14038 1784095504.421681 recvfrom(42, 0x7feb340460, 3200, MSG_DONTWAIT, NULL, NULL) = -1 EAGAIN (Try again)
14038 1784095504.422229 recvfrom(68, 0x7533e73820, 2272, MSG_DONTWAIT, NULL, NULL) = -1 EAGAIN (Try again)
14038 1784095504.424208 recvfrom(42, 0x7feb33f5a0, 3200, MSG_DONTWAIT, NULL, NULL) = -1 EAGAIN (Try again)
14038 1784095504.438350 recvfrom(42, "nysv\0\0\0\0\0\0\0\0\0\0\0\0#\0237\216\321\0\0\0\230\v\0\0\0\0\0\0", 3200, MSG_DONTWAIT, NULL, NULL) = 32
14038 1784095504.438781 recvfrom(42, 0x7feb340460, 3200, MSG_DONTWAIT, NULL, NULL) = -1 EAGAIN (Try again)
14038 1784095504.439264 recvfrom(68, 0x7533e73820, 2272, MSG_DONTWAIT, NULL, NULL) = -1 EAGAIN (Try again)
14038 1784095504.439947 recvfrom(42, 0x7feb33f5a0, 3200, MSG_DONTWAIT, NULL, NULL) = -1 EAGAIN (Try again)
14038 1784095504.454889 recvfrom(42, "nysv\0\0\0\0\0\0\0\0\0\0\0\0\337v5\217\321\0\0\0\231\v\0\0\0\0\0\0", 3200, MSG_DONTWAIT, NULL, NULL) = 32
14038 1784095504.455125 recvfrom(42, 0x7feb340460, 3200, MSG_DONTWAIT, NULL, NULL) = -1 EAGAIN (Try again)
14038 1784095504.455720 recvfrom(68, 0x7533e73820, 2272, MSG_DONTWAIT, NULL, NULL) = -1 EAGAIN (Try again)
14038 1784095504.459250 recvfrom(42, 0x7feb33f5a0, 3200, MSG_DONTWAIT, NULL, NULL) = -1 EAGAIN (Try again)
14038 1784095504.471486 recvfrom(42, "nysv\0\0\0\0\0\0\0\0\0\0\0\0c\3353\220\321\0\0\0\232\v\0\0\0\0\0\0", 3200, MSG_DONTWAIT, NULL, NULL) = 32
14038 1784095504.471699 recvfrom(42, 0x7feb340460, 3200, MSG_DONTWAIT, NULL, NULL) = -1 EAGAIN (Try again)
14038 1784095504.472263 recvfrom(68, 0x7533e73820, 2272, MSG_DONTWAIT, NULL, NULL) = -1 EAGAIN (Try again)
14038 1784095504.472698 recvfrom(42, 0x7feb33f5a0, 3200, MSG_DONTWAIT, NULL, NULL) = -1 EAGAIN (Try again)
14038 1784095504.488383 recvfrom(42, "nysv\0\0\0\0\0\0\0\0\0\0\0\0{A2\221\321\0\0\0\233\v\0\0\0\0\0\0", 3200, MSG_DONTWAIT, NULL, NULL) = 32
14038 1784095504.488728 recvfrom(42, 0x7feb340460, 3200, MSG_DONTWAIT, NULL, NULL) = -1 EAGAIN (Try again)
14038 1784095504.489115 recvfrom(68, 0x7533e73820, 2272, MSG_DONTWAIT, NULL, NULL) = -1 EAGAIN (Try again)
14038 1784095504.492470 recvfrom(42, 0x7feb33f5a0, 3200, MSG_DONTWAIT, NULL, NULL) = -1 EAGAIN (Try again)
14038 1784095504.504571 recvfrom(42, "nysv\0\0\0\0\0\0\0\0\0\0\0\0\270|0\222\321\0\0\0\234\v\0\0\0\0\0\0", 3200, MSG_DONTWAIT, NULL, NULL) = 32
14038 1784095504.504834 recvfrom(42, 0x7feb340460, 3200, MSG_DONTWAIT, NULL, NULL) = -1 EAGAIN (Try again)
14038 1784095504.505467 recvfrom(68, 0x7533e73820, 2272, MSG_DONTWAIT, NULL, NULL) = -1 EAGAIN (Try again)
14038 1784095504.505888 recvfrom(42, 0x7feb33f5a0, 3200, MSG_DONTWAIT, NULL, NULL) = -1 EAGAIN (Try again)
14038 1784095504.521276 recvfrom(42, "nysv\0\0\0\0\0\0\0\0\0\0\0\0Z\361.\223\321\0\0\0\235\v\0\0\0\0\0\0", 3200, MSG_DONTWAIT, NULL, NULL) = 32
14038 1784095504.521756 recvfrom(42, 0x7feb340460, 3200, MSG_DONTWAIT, NULL, NULL) = -1 EAGAIN (Try again)
14038 1784095504.522248 recvfrom(68, 0x7533e73820, 2272, MSG_DONTWAIT, NULL, NULL) = -1 EAGAIN (Try again)
14038 1784095504.525022 recvfrom(42, 0x7feb33f5a0, 3200, MSG_DONTWAIT, NULL, NULL) = -1 EAGAIN (Try again)
14038 1784095504.538159 recvfrom(42, "nysv\0\0\0\0\0\0\0\0\0\0\0\0-T-\224\321\0\0\0\236\v\0\0\0\0\0\0", 3200, MSG_DONTWAIT, NULL, NULL) = 32
14038 1784095504.538430 recvfrom(42, 0x7feb340460, 3200, MSG_DONTWAIT, NULL, NULL) = -1 EAGAIN (Try again)
14038 1784095504.538928 recvfrom(68, 0x7533e73820, 2272, MSG_DONTWAIT, NULL, NULL) = -1 EAGAIN (Try again)
14038 1784095504.540975 recvfrom(42, 0x7feb33f5a0, 3200, MSG_DONTWAIT, NULL, NULL) = -1 EAGAIN (Try again)
14038 1784095504.554715 recvfrom(42, "nysv\0\0\0\0\0\0\0\0\0\0\0\0\f\304+\225\321\0\0\0\237\v\0\0\0\0\0\0", 3200, MSG_DONTWAIT, NULL, NULL) = 32
14038 1784095504.554983 recvfrom(42, 0x7feb340460, 3200, MSG_DONTWAIT, NULL, NULL) = -1 EAGAIN (Try again)
14038 1784095504.561519 recvfrom(68, 0x7533e73820, 2272, MSG_DONTWAIT, NULL, NULL) = -1 EAGAIN (Try again)
14038 1784095504.562746 recvfrom(42, 0x7feb33f5a0, 3200, MSG_DONTWAIT, NULL, NULL) = -1 EAGAIN (Try again)
14038 1784095504.571600 recvfrom(42, "nysv\0\0\0\0\0\0\0\0\0\0\0\0\3341*\226\321\0\0\0\240\v\0\0\0\0\0\0", 3200, MSG_DONTWAIT, NULL, NULL) = 32
14038 1784095504.572067 recvfrom(42, 0x7feb340460, 3200, MSG_DONTWAIT, NULL, NULL) = -1 EAGAIN (Try again)
14038 1784095504.572791 recvfrom(68, 0x7533e73820, 2272, MSG_DONTWAIT, NULL, NULL) = -1 EAGAIN (Try again)
14038 1784095504.578539 recvfrom(42, 0x7feb33f5a0, 3200, MSG_DONTWAIT, NULL, NULL) = -1 EAGAIN (Try again)
14038 1784095504.595427 recvfrom(42, "nysv\0\0\0\0\0\0\0\0\0\0\0\0\211\241(\227\321\0\0\0\241\v\0\0\0\0\0\0", 3200, MSG_DONTWAIT, NULL, NULL) = 32
14038 1784095504.595644 recvfrom(42, 0x7feb340460, 3200, MSG_DONTWAIT, NULL, NULL) = -1 EAGAIN (Try again)
14038 1784095504.596450 recvfrom(68, 0x7533e73820, 2272, MSG_DONTWAIT, NULL, NULL) = -1 EAGAIN (Try again)
14038 1784095504.596996 recvfrom(42, 0x7feb33f5a0, 3200, MSG_DONTWAIT, NULL, NULL) = -1 EAGAIN (Try again)
14038 1784095504.611079 recvfrom(42, "nysv\0\0\0\0\0\0\0\0\0\0\0\0U\17'\230\321\0\0\0\242\v\0\0\0\0\0\0", 3200, MSG_DONTWAIT, NULL, NULL) = 32
14038 1784095504.611460 recvfrom(42, 0x7feb340460, 3200, MSG_DONTWAIT, NULL, NULL) = -1 EAGAIN (Try again)
14038 1784095504.613526 recvfrom(68, 0x7533e73820, 2272, MSG_DONTWAIT, NULL, NULL) = -1 EAGAIN (Try again)
14038 1784095504.861383 recvfrom(42, 0x7feb3404b0, 3200, MSG_DONTWAIT, NULL, NULL) = -1 EAGAIN (Try again)
14038 1784095504.865898 clone(child_stack=0x7540ba3d40, flags=CLONE_VM|CLONE_FS|CLONE_FILES|CLONE_SIGHAND|CLONE_THREAD|CLONE_SYSVSEM|CLONE_SETTLS|CLONE_PARENT_SETTID|CLONE_CHILD_CLEARTID, parent_tidptr=0x7540ba3d60, tls=0x7540ba4020, child_tidptr=0x7540ba3d60) = 14157
14038 1784095504.872841 recvfrom(42, "nysv\0\0\0\0\0\0\0\0\0\0\0\0\377\302\n\250\321\0\0\0\243\v\0\0\0\0\0\0", 3200, MSG_DONTWAIT, NULL, NULL) = 32
14038 1784095504.873296 recvfrom(42, 0x7feb340460, 3200, MSG_DONTWAIT, NULL, NULL) = -1 EAGAIN (Try again)
14038 1784095504.873867 recvfrom(44, 0x7589fd2820, 2272, MSG_DONTWAIT, NULL, NULL) = -1 EAGAIN (Try again)
14073 1784095506.657594 exit(0)         = ?
14073 1784095506.657912 +++ exited with 0 +++
14071 1784095506.708640 faccessat(AT_FDCWD, "/proc/self/task/14073", F_OK) = -1 ENOENT (No such file or directory)
