8584  1784057369.401134 recvfrom(43, 0x7fc50e6bd0, 3200, MSG_DONTWAIT, NULL, NULL) = -1 EAGAIN (Try again)
8584  1784057369.405838 recvfrom(43, "nysv\0\0\0\0\0\0\0\0\0\0\0\0L\365\377\277f\0\0\0\250e\0\0\0\0\0\0", 3200, MSG_DONTWAIT, NULL, NULL) = 32
8584  1784057369.406155 recvfrom(43, 0x7fc50e81b0, 3200, MSG_DONTWAIT, NULL, NULL) = -1 EAGAIN (Try again)
8584  1784057369.406597 recvfrom(45, 0x74ef3b7c20, 2272, MSG_DONTWAIT, NULL, NULL) = -1 EAGAIN (Try again)
8593  1784057370.794134 exit(0)         = ?
8593  1784057370.794235 +++ exited with 0 +++
8592  1784057370.794267 exit(0)         = ?
8592  1784057370.794294 +++ exited with 0 +++
8594  1784057370.795698 exit(0 <unfinished ...>
8591  1784057370.795723 exit(0 <unfinished ...>
8594  1784057370.795847 <... exit resumed>) = ?
8591  1784057370.795868 <... exit resumed>) = ?
8594  1784057370.796004 +++ exited with 0 +++
8591  1784057370.796013 +++ exited with 0 +++
8604  1784057370.798540 newfstatat(AT_FDCWD, "/data", {st_mode=S_IFDIR|0771, st_size=4096, ...}, AT_SYMLINK_NOFOLLOW) = 0
8604  1784057370.798960 newfstatat(AT_FDCWD, "/data/app", {st_mode=S_IFDIR|0771, st_size=4096, ...}, AT_SYMLINK_NOFOLLOW) = 0
8604  1784057370.799325 newfstatat(AT_FDCWD, "/data/app/at.manuelbichler.octalsuntime-jUu5uuFavXLZxULPZQIerw==", {st_mode=S_IFDIR|0775, st_size=4096, ...}, AT_SYMLINK_NOFOLLOW) = 0
8604  1784057370.799682 newfstatat(AT_FDCWD, "/data/app/at.manuelbichler.octalsuntime-jUu5uuFavXLZxULPZQIerw==/base.apk", {st_mode=S_IFREG|0644, st_size=4615159, ...}, AT_SYMLINK_NOFOLLOW) = 0
8604  1784057370.800044 getcwd("/", 4096) = 2
8604  1784057370.800452 newfstatat(AT_FDCWD, "/base.apk", 0x745efb0690, AT_SYMLINK_NOFOLLOW) = -1 ENOENT (No such file or directory)
8584  1784057372.041523 recvfrom(43, 0x7fc50e6bd0, 3200, MSG_DONTWAIT, NULL, NULL) = -1 EAGAIN (Try again)
8584  1784057372.056544 recvfrom(43, "nysv\0\0\0\0\0\0\0\0\0\0\0\0N;\364]g\0\0\0Gf\0\0\0\0\0\0", 3200, MSG_DONTWAIT, NULL, NULL) = 32
8584  1784057372.057450 recvfrom(43, 0x7fc50e81b0, 3200, MSG_DONTWAIT, NULL, NULL) = -1 EAGAIN (Try again)
8584  1784057372.058596 recvfrom(45, 0x74ef3b7c20, 2272, MSG_DONTWAIT, NULL, NULL) = -1 EAGAIN (Try again)
8584  1784057374.676984 recvfrom(43, 0x7fc50e6bd0, 3200, MSG_DONTWAIT, NULL, NULL) = -1 EAGAIN (Try again)
8584  1784057374.690729 recvfrom(43, "nysv\0\0\0\0\0\0\0\0\0\0\0\0\367\23\351\372g\0\0\0\344f\0\0\0\0\0\0", 3200, MSG_DONTWAIT, NULL, NULL) = 32
8584  1784057374.691147 recvfrom(43, 0x7fc50e81b0, 3200, MSG_DONTWAIT, NULL, NULL) = -1 EAGAIN (Try again)
8584  1784057374.691836 recvfrom(45, 0x74ef3b7c20, 2272, MSG_DONTWAIT, NULL, NULL) = -1 EAGAIN (Try again)
8584  1784057377.314077 recvfrom(43, 0x7fc50e6bd0, 3200, MSG_DONTWAIT, NULL, NULL) = -1 EAGAIN (Try again)
8584  1784057377.323605 recvfrom(43, "nysv\0\0\0\0\0\0\0\0\0\0\0\0\33\346\336\227h\0\0\0\201g\0\0\0\0\0\0", 3200, MSG_DONTWAIT, NULL, NULL) = 32
8584  1784057377.324049 recvfrom(43, 0x7fc50e81b0, 3200, MSG_DONTWAIT, NULL, NULL) = -1 EAGAIN (Try again)
8584  1784057377.324796 recvfrom(45, 0x74ef3b7c20, 2272, MSG_DONTWAIT, NULL, NULL) = -1 EAGAIN (Try again)
8584  1784057379.951677 recvfrom(43, 0x7fc50e6bd0, 3200, MSG_DONTWAIT, NULL, NULL) = -1 EAGAIN (Try again)
8584  1784057379.955931 recvfrom(43, "nysv\0\0\0\0\0\0\0\0\0\0\0\0\0201\3244i\0\0\0\36h\0\0\0\0\0\0", 3200, MSG_DONTWAIT, NULL, NULL) = 32
8584  1784057379.956214 recvfrom(43, 0x7fc50e81b0, 3200, MSG_DONTWAIT, NULL, NULL) = -1 EAGAIN (Try again)
8584  1784057379.956752 recvfrom(45, 0x74ef3b7c20, 2272, MSG_DONTWAIT, NULL, NULL) = -1 EAGAIN (Try again)
8584  1784057380.577949 recvfrom(45, "\2\0\0\0\0\0\0\0\31\1\0\0\0\0\0\0\300\235\331Yi\0\0\0\1\0\0\0\2\20\0\0"..., 2272, MSG_DONTWAIT, NULL, NULL) = 232
8584  1784057380.579239 sendto(45, "\3\0\0\0\0\0\0\0\31\1\0\0\1\0\0\0", 16, MSG_DONTWAIT|MSG_NOSIGNAL, NULL, 0) = 16
8584  1784057380.579559 recvfrom(45, 0x74ef3b7c20, 2272, MSG_DONTWAIT, NULL, NULL) = -1 EAGAIN (Try again)
8584  1784057380.580279 recvfrom(45, "\2\0\0\0\0\0\0\0\33\1\0\0\0\0\0\0\300\235\331Yi\0\0\0\1\0\0\0\2\20\0\0"..., 2272, MSG_DONTWAIT, NULL, NULL) = 232
8584  1784057380.580476 recvfrom(43, 0x7fc50e4e30, 3200, MSG_DONTWAIT, NULL, NULL) = -1 EAGAIN (Try again)
8584  1784057380.581147 sendto(45, "\3\0\0\0\0\0\0\0\33\1\0\0\1\0\0\0", 16, MSG_DONTWAIT|MSG_NOSIGNAL, NULL, 0) = 16
8584  1784057380.581433 recvfrom(45, 0x74ef3b7c20, 2272, MSG_DONTWAIT, NULL, NULL) = -1 EAGAIN (Try again)
8584  1784057380.589062 recvfrom(43, "nysv\0\0\0\0\0\0\0\0\0\0\0\0\362\217\224Zi\0\0\0Ch\0\0\0\0\0\0", 3200, MSG_DONTWAIT, NULL, NULL) = 32
8584  1784057380.589208 recvfrom(43, 0x7fc50e81b0, 3200, MSG_DONTWAIT, NULL, NULL) = -1 EAGAIN (Try again)
8584  1784057380.589507 recvfrom(45, 0x74ef3b7c20, 2272, MSG_DONTWAIT, NULL, NULL) = -1 EAGAIN (Try again)
8584  1784057380.589667 recvfrom(43, 0x7fc50e8110, 3200, MSG_DONTWAIT, NULL, NULL) = -1 EAGAIN (Try again)
8584  1784057380.592095 socket(AF_UNIX, SOCK_DGRAM|SOCK_CLOEXEC|SOCK_NONBLOCK, 0) = 64
8584  1784057380.592478 setsockopt(64, SOL_SOCKET, SO_SNDBUF, [1048576], 4) = 0
8584  1784057380.592822 connect(64, {sa_family=AF_UNIX, sun_path="/dev/socket/statsdw"}, 110) = 0
8605  1784057380.600266 recvfrom(40, 0x745ededeb0, 3200, MSG_DONTWAIT, NULL, NULL) = -1 EAGAIN (Try again)
8605  1784057380.606679 recvfrom(40, "nysv\0\0\0\0\0\0\0\0\0\0\0\0x*\223[i\0\0\0Dh\0\0\0\0\0\0", 3200, MSG_DONTWAIT, NULL, NULL) = 32
8605  1784057380.607212 recvfrom(40, 0x745ededc80, 3200, MSG_DONTWAIT, NULL, NULL) = -1 EAGAIN (Try again)
8584  1784057380.607656 recvfrom(43, "nysv\0\0\0\0\0\0\0\0\0\0\0\0x*\223[i\0\0\0Dh\0\0\0\0\0\0", 3200, MSG_DONTWAIT, NULL, NULL) = 32
8584  1784057380.608270 recvfrom(43, 0x7fc50e81b0, 3200, MSG_DONTWAIT, NULL, NULL) = -1 EAGAIN (Try again)
8584  1784057380.608646 recvfrom(43, 0x7fc50e8110, 3200, MSG_DONTWAIT, NULL, NULL) = -1 EAGAIN (Try again)
8602  1784057380.612050 clone(child_stack=0x745aa9bd40, flags=CLONE_VM|CLONE_FS|CLONE_FILES|CLONE_SIGHAND|CLONE_THREAD|CLONE_SYSVSEM|CLONE_SETTLS|CLONE_PARENT_SETTID|CLONE_CHILD_CLEARTID, parent_tidptr=0x745aa9bd60, tls=0x745aa9c020, child_tidptr=0x745aa9bd60) = 8674
8674  1784057380.614718 openat(AT_FDCWD, "/proc/8674/timerslack_ns", O_WRONLY|O_CREAT|O_TRUNC|O_NOFOLLOW|O_CLOEXEC, 0666) = 67
8584  1784057380.622038 recvfrom(43, "nysv\0\0\0\0\0\0\0\0\0\0\0\0\320\273\221\\i\0\0\0Eh\0\0\0\0\0\0", 3200, MSG_DONTWAIT, NULL, NULL) = 32
8584  1784057380.625228 recvfrom(43, 0x7fc50e81b0, 3200, MSG_DONTWAIT, NULL, NULL) = -1 EAGAIN (Try again)
8584  1784057380.627756 recvfrom(45, 0x74ef3b7c20, 2272, MSG_DONTWAIT, NULL, NULL) = -1 EAGAIN (Try again)
8584  1784057380.628308 recvfrom(43, 0x7fc50e8110, 3200, MSG_DONTWAIT, NULL, NULL) = -1 EAGAIN (Try again)
8605  1784057380.630353 recvfrom(40, "nysv\0\0\0\0\0\0\0\0\0\0\0\0\320\273\221\\i\0\0\0Eh\0\0\0\0\0\0", 3200, MSG_DONTWAIT, NULL, NULL) = 32
8605  1784057380.630522 recvfrom(40, 0x745ededeb0, 3200, MSG_DONTWAIT, NULL, NULL) = -1 EAGAIN (Try again)
8584  1784057380.633154 newfstatat(AT_FDCWD, "/system/framework/framework-res.apk", {st_mode=S_IFREG|0644, st_size=45992421, ...}, 0) = 0
8584  1784057380.633372 newfstatat(AT_FDCWD, "/product/overlay/GoogleConfigOverlay.apk", {st_mode=S_IFREG|0644, st_size=25070, ...}, 0) = 0
8584  1784057380.633589 newfstatat(AT_FDCWD, "/product/overlay/GoogleWebViewOverlay.apk", {st_mode=S_IFREG|0644, st_size=16815, ...}, 0) = 0
8584  1784057380.633829 newfstatat(AT_FDCWD, "/product/overlay/PixelConfigOverlayCommon.apk", {st_mode=S_IFREG|0644, st_size=52833, ...}, 0) = 0
8584  1784057380.634058 newfstatat(AT_FDCWD, "/product/overlay/EmulatorConfigOverlay.apk", {st_mode=S_IFREG|0644, st_size=16734, ...}, 0) = 0
8584  1784057380.634284 newfstatat(AT_FDCWD, "/data/app/at.manuelbichler.octalsuntime-jUu5uuFavXLZxULPZQIerw==/base.apk", {st_mode=S_IFREG|0644, st_size=4615159, ...}, 0) = 0
8584  1784057380.635508 clone(child_stack=0x745a99ed40, flags=CLONE_VM|CLONE_FS|CLONE_FILES|CLONE_SIGHAND|CLONE_THREAD|CLONE_SYSVSEM|CLONE_SETTLS|CLONE_PARENT_SETTID|CLONE_CHILD_CLEARTID, parent_tidptr=0x745a99ed60, tls=0x745a99f020, child_tidptr=0x745a99ed60) = 8675
8675  1784057380.636444 exit(0)         = ?
8675  1784057380.636463 +++ exited with 0 +++
8584  1784057380.638305 newfstatat(AT_FDCWD, "/system/framework/framework-res.apk", {st_mode=S_IFREG|0644, st_size=45992421, ...}, 0) = 0
8584  1784057380.638822 newfstatat(AT_FDCWD, "/product/overlay/GoogleConfigOverlay.apk", {st_mode=S_IFREG|0644, st_size=25070, ...}, 0) = 0
8584  1784057380.639568 newfstatat(AT_FDCWD, "/product/overlay/GoogleWebViewOverlay.apk", {st_mode=S_IFREG|0644, st_size=16815, ...}, 0) = 0
8584  1784057380.640054 newfstatat(AT_FDCWD, "/product/overlay/PixelConfigOverlayCommon.apk", {st_mode=S_IFREG|0644, st_size=52833, ...}, 0) = 0
8584  1784057380.640556 newfstatat(AT_FDCWD, "/product/overlay/EmulatorConfigOverlay.apk", {st_mode=S_IFREG|0644, st_size=16734, ...}, 0) = 0
8584  1784057380.641140 newfstatat(AT_FDCWD, "/data/app/at.manuelbichler.octalsuntime-jUu5uuFavXLZxULPZQIerw==/base.apk", {st_mode=S_IFREG|0644, st_size=4615159, ...}, 0) = 0
8605  1784057380.642241 recvfrom(40, "nysv\0\0\0\0\0\0\0\0\0\0\0\0\27H\220]i\0\0\0Fh\0\0\0\0\0\0", 3200, MSG_DONTWAIT, NULL, NULL) = 32
8605  1784057380.642608 recvfrom(40, 0x745ededeb0, 3200, MSG_DONTWAIT, NULL, NULL) = -1 EAGAIN (Try again)
8584  1784057380.643533 --- SIGSEGV {si_signo=SIGSEGV, si_code=SEGV_MAPERR, si_addr=NULL} ---
8605  1784057380.644566 clone(child_stack=0x745a99ed40, flags=CLONE_VM|CLONE_FS|CLONE_FILES|CLONE_SIGHAND|CLONE_THREAD|CLONE_SYSVSEM|CLONE_SETTLS|CLONE_PARENT_SETTID|CLONE_CHILD_CLEARTID, parent_tidptr=0x745a99ed60, tls=0x745a99f020, child_tidptr=0x745a99ed60) = 8676
8676  1784057380.645601 exit(0)         = ?
8676  1784057380.645616 +++ exited with 0 +++
8584  1784057380.649370 newfstatat(AT_FDCWD, "/system/framework/framework-res.apk", {st_mode=S_IFREG|0644, st_size=45992421, ...}, 0) = 0
8584  1784057380.649564 newfstatat(AT_FDCWD, "/product/overlay/GoogleConfigOverlay.apk", {st_mode=S_IFREG|0644, st_size=25070, ...}, 0) = 0
8584  1784057380.650126 newfstatat(AT_FDCWD, "/product/overlay/GoogleWebViewOverlay.apk", {st_mode=S_IFREG|0644, st_size=16815, ...}, 0) = 0
8584  1784057380.650470 newfstatat(AT_FDCWD, "/product/overlay/PixelConfigOverlayCommon.apk", {st_mode=S_IFREG|0644, st_size=52833, ...}, 0) = 0
8584  1784057380.650733 newfstatat(AT_FDCWD, "/product/overlay/EmulatorConfigOverlay.apk", {st_mode=S_IFREG|0644, st_size=16734, ...}, 0) = 0
8584  1784057380.651893 newfstatat(AT_FDCWD, "/data/app/at.manuelbichler.octalsuntime-jUu5uuFavXLZxULPZQIerw==/base.apk", {st_mode=S_IFREG|0644, st_size=4615159, ...}, 0) = 0
8605  1784057380.660421 recvfrom(40, "nysv\0\0\0\0\0\0\0\0\0\0\0\0A\230\216^i\0\0\0Gh\0\0\0\0\0\0", 3200, MSG_DONTWAIT, NULL, NULL) = 32
8605  1784057380.660775 recvfrom(40, 0x745ededeb0, 3200, MSG_DONTWAIT, NULL, NULL) = -1 EAGAIN (Try again)
8605  1784057380.676184 recvfrom(40, "nysv\0\0\0\0\0\0\0\0\0\0\0\0\7%\215_i\0\0\0Hh\0\0\0\0\0\0", 3200, MSG_DONTWAIT, NULL, NULL) = 32
8605  1784057380.676605 recvfrom(40, 0x745ededeb0, 3200, MSG_DONTWAIT, NULL, NULL) = -1 EAGAIN (Try again)
8619  1784057380.685955 sendmsg(65, {msg_name=NULL, msg_namelen=0, msg_iov=[{iov_base="l\1\1\1\24\1\0\0L\0\0\0\235\0\0\0\1\1o\0;\0\0\0/re/frid"..., iov_len=452}], msg_iovlen=1, msg_controllen=0, msg_flags=0}, MSG_NOSIGNAL) = 452
8605  1784057380.693177 recvfrom(40, "nysv\0\0\0\0\0\0\0\0\0\0\0\0\205\226\213`i\0\0\0Ih\0\0\0\0\0\0", 3200, MSG_DONTWAIT, NULL, NULL) = 32
8605  1784057380.693430 recvfrom(40, 0x745ededeb0, 3200, MSG_DONTWAIT, NULL, NULL) = -1 EAGAIN (Try again)
8584  1784057380.698138 openat(AT_FDCWD, "/sys/devices/system/cpu", O_RDONLY|O_CLOEXEC|O_DIRECTORY) = 67
8619  1784057380.706640 sendmsg(65, {msg_name=NULL, msg_namelen=0, msg_iov=[{iov_base="l\1\1\1\374\0\0\0M\0\0\0\235\0\0\0\1\1o\0;\0\0\0/re/frid"..., iov_len=428}], msg_iovlen=1, msg_controllen=0, msg_flags=0}, MSG_NOSIGNAL) = 428
8605  1784057380.710141 recvfrom(40, "nysv\0\0\0\0\0\0\0\0\0\0\0\0\2471\212ai\0\0\0Jh\0\0\0\0\0\0", 3200, MSG_DONTWAIT, NULL, NULL) = 32
8605  1784057380.710381 recvfrom(40, 0x745ededeb0, 3200, MSG_DONTWAIT, NULL, NULL) = -1 EAGAIN (Try again)
8619  1784057380.716067 sendmsg(65, {msg_name=NULL, msg_namelen=0, msg_iov=[{iov_base="l\1\1\1\374\0\0\0N\0\0\0\235\0\0\0\1\1o\0;\0\0\0/re/frid"..., iov_len=428}], msg_iovlen=1, msg_controllen=0, msg_flags=0}, MSG_NOSIGNAL) = 428
8605  1784057380.724221 recvfrom(40, "nysv\0\0\0\0\0\0\0\0\0\0\0\0e\307\210bi\0\0\0Kh\0\0\0\0\0\0", 3200, MSG_DONTWAIT, NULL, NULL) = 32
8605  1784057380.724620 recvfrom(40, 0x745ededeb0, 3200, MSG_DONTWAIT, NULL, NULL) = -1 EAGAIN (Try again)
8584  1784057380.727025 clone(child_stack=0x745a94ed40, flags=CLONE_VM|CLONE_FS|CLONE_FILES|CLONE_SIGHAND|CLONE_THREAD|CLONE_SYSVSEM|CLONE_SETTLS|CLONE_PARENT_SETTID|CLONE_CHILD_CLEARTID, parent_tidptr=0x745a94ed60, tls=0x745a94f020, child_tidptr=0x745a94ed60) = 8677
8677  1784057380.731599 faccessat(AT_FDCWD, "/data/user/0/at.manuelbichler.octalsuntime", F_OK) = 0
8677  1784057380.732034 faccessat(AT_FDCWD, "/data/user/0/at.manuelbichler.octalsuntime/databases", F_OK) = 0
8677  1784057380.735049 newfstatat(AT_FDCWD, "/data/user/0/at.manuelbichler.octalsuntime/databases/app_database", {st_mode=S_IFREG|0660, st_size=4096, ...}, AT_SYMLINK_NOFOLLOW) = 0
8677  1784057380.735245 openat(AT_FDCWD, "/data/user/0/at.manuelbichler.octalsuntime/databases/app_database", O_RDWR|O_CREAT|O_LARGEFILE|O_CLOEXEC, 0600) = 67
8677  1784057380.735685 newfstatat(AT_FDCWD, "/data/user/0/at.manuelbichler.octalsuntime/databases/app_database", {st_mode=S_IFREG|0660, st_size=4096, ...}, 0) = 0
8677  1784057380.736913 statfs("/data", {f_type=EXT2_SUPER_MAGIC, f_bsize=4096, f_blocks=1523600, f_bfree=1029479, f_bavail=1025383, f_files=393216, f_ffree=376207, f_fsid={val=[3546324968, 77008235]}, f_namelen=255, f_frsize=4096, f_flags=ST_VALID|ST_NOSUID|ST_NODEV|ST_NOATIME}) = 0
8677  1784057380.737685 newfstatat(AT_FDCWD, "/data/user/0/at.manuelbichler.octalsuntime/databases/app_database-journal", 0x745a94b238, 0) = -1 ENOENT (No such file or directory)
8677  1784057380.737835 newfstatat(AT_FDCWD, "/data/user/0/at.manuelbichler.octalsuntime/databases/app_database-wal", {st_mode=S_IFREG|0600, st_size=41232, ...}, 0) = 0
8677  1784057380.738264 newfstatat(AT_FDCWD, "/data/user/0/at.manuelbichler.octalsuntime/databases/app_database", {st_mode=S_IFREG|0660, st_size=4096, ...}, 0) = 0
8677  1784057380.738571 openat(AT_FDCWD, "/data/user/0/at.manuelbichler.octalsuntime/databases/app_database-wal", O_RDWR|O_CREAT|O_LARGEFILE|O_CLOEXEC, 0660) = 68
8677  1784057380.739565 openat(AT_FDCWD, "/data/user/0/at.manuelbichler.octalsuntime/databases/app_database-shm", O_RDWR|O_CREAT|O_CLOEXEC, 0660) = 71
8605  1784057380.741231 recvfrom(40, "nysv\0\0\0\0\0\0\0\0\0\0\0\0\274d\207ci\0\0\0Lh\0\0\0\0\0\0", 3200, MSG_DONTWAIT, NULL, NULL) = 32
8605  1784057380.741520 recvfrom(40, 0x745ededeb0, 3200, MSG_DONTWAIT, NULL, NULL) = -1 EAGAIN (Try again)
8677  1784057380.750153 newfstatat(AT_FDCWD, "/data/user/0/at.manuelbichler.octalsuntime/databases/app_database-wal", {st_mode=S_IFREG|0600, st_size=41232, ...}, 0) = 0
8677  1784057380.750608 newfstatat(AT_FDCWD, "/data/user/0/at.manuelbichler.octalsuntime/databases/app_database-wal", {st_mode=S_IFREG|0600, st_size=41232, ...}, 0) = 0
8677  1784057380.751811 fchmodat(AT_FDCWD, "/data/user/0/at.manuelbichler.octalsuntime/databases/app_database", 0660) = 0
8677  1784057380.752222 newfstatat(AT_FDCWD, "/data/user/0/at.manuelbichler.octalsuntime/databases/app_database", {st_mode=S_IFREG|0660, st_size=4096, ...}, AT_SYMLINK_NOFOLLOW) = 0
8677  1784057380.752378 openat(AT_FDCWD, "/data/user/0/at.manuelbichler.octalsuntime/databases/app_database", O_RDWR|O_CREAT|O_LARGEFILE|O_CLOEXEC, 0600) = 69
8677  1784057380.752847 newfstatat(AT_FDCWD, "/data/user/0/at.manuelbichler.octalsuntime/databases/app_database", {st_mode=S_IFREG|0660, st_size=4096, ...}, 0) = 0
8677  1784057380.753343 newfstatat(AT_FDCWD, "/data/user/0/at.manuelbichler.octalsuntime/databases/app_database-journal", 0x745a94b118, 0) = -1 ENOENT (No such file or directory)
8677  1784057380.753494 newfstatat(AT_FDCWD, "/data/user/0/at.manuelbichler.octalsuntime/databases/app_database-wal", {st_mode=S_IFREG|0600, st_size=41232, ...}, 0) = 0
8677  1784057380.753780 newfstatat(AT_FDCWD, "/data/user/0/at.manuelbichler.octalsuntime/databases/app_database", {st_mode=S_IFREG|0660, st_size=4096, ...}, 0) = 0
8677  1784057380.753935 openat(AT_FDCWD, "/data/user/0/at.manuelbichler.octalsuntime/databases/app_database-wal", O_RDWR|O_CREAT|O_LARGEFILE|O_CLOEXEC, 0660) = 70
8677  1784057380.755009 newfstatat(AT_FDCWD, "/data/user/0/at.manuelbichler.octalsuntime/databases/app_database-wal", {st_mode=S_IFREG|0600, st_size=41232, ...}, 0) = 0
8677  1784057380.755371 newfstatat(AT_FDCWD, "/data/user/0/at.manuelbichler.octalsuntime/databases/app_database-wal", {st_mode=S_IFREG|0600, st_size=41232, ...}, 0) = 0
8605  1784057380.758432 recvfrom(40, "nysv\0\0\0\0\0\0\0\0\0\0\0\0\241\377\205di\0\0\0Mh\0\0\0\0\0\0", 3200, MSG_DONTWAIT, NULL, NULL) = 32
8605  1784057380.759046 recvfrom(40, 0x745ededeb0, 3200, MSG_DONTWAIT, NULL, NULL) = -1 EAGAIN (Try again)
8584  1784057380.765144 recvfrom(43, "nysv\0\0\0\0\0\0\0\0\0\0\0\0\27H\220]i\0\0\0Fh\0\0\0\0\0\0", 3200, MSG_DONTWAIT, NULL, NULL) = 32
8584  1784057380.765424 recvfrom(43, 0x7fc50e81b0, 3200, MSG_DONTWAIT, NULL, NULL) = -1 EAGAIN (Try again)
8584  1784057380.767736 recvfrom(74, 0x74ef3b8820, 2272, MSG_DONTWAIT, NULL, NULL) = -1 EAGAIN (Try again)
8584  1784057380.768220 recvfrom(43, 0x7fc50e8110, 3200, MSG_DONTWAIT, NULL, NULL) = -1 EAGAIN (Try again)
8619  1784057380.771384 sendmsg(65, {msg_name=NULL, msg_namelen=0, msg_iov=[{iov_base="l\1\1\1\360\0\0\0O\0\0\0\235\0\0\0\1\1o\0;\0\0\0/re/frid"..., iov_len=416}], msg_iovlen=1, msg_controllen=0, msg_flags=0}, MSG_NOSIGNAL) = 416
8619  1784057380.775965 sendmsg(65, {msg_name=NULL, msg_namelen=0, msg_iov=[{iov_base="l\1\1\1\364\0\0\0P\0\0\0\235\0\0\0\1\1o\0;\0\0\0/re/frid"..., iov_len=420}], msg_iovlen=1, msg_controllen=0, msg_flags=0}, MSG_NOSIGNAL <unfinished ...>
8605  1784057380.775986 recvfrom(40,  <unfinished ...>
8619  1784057380.776214 <... sendmsg resumed> ) = 420
8605  1784057380.776231 <... recvfrom resumed> "nysv\0\0\0\0\0\0\0\0\0\0\0\0A\231\204ei\0\0\0Nh\0\0\0\0\0\0", 3200, MSG_DONTWAIT, NULL, NULL) = 32
8605  1784057380.776557 recvfrom(40, 0x745ededeb0, 3200, MSG_DONTWAIT, NULL, NULL) = -1 EAGAIN (Try again)
8677  1784057380.779171 openat(AT_FDCWD, "/dev/urandom", O_RDONLY|O_CLOEXEC <unfinished ...>
8619  1784057380.779337 sendmsg(65, {msg_name=NULL, msg_namelen=0, msg_iov=[{iov_base="l\1\1\1H\1\0\0Q\0\0\0\235\0\0\0\1\1o\0;\0\0\0/re/frid"..., iov_len=504}], msg_iovlen=1, msg_controllen=0, msg_flags=0}, MSG_NOSIGNAL <unfinished ...>
8677  1784057380.779346 <... openat resumed> ) = 72
8619  1784057380.779505 <... sendmsg resumed> ) = 504
8677  1784057380.781681 newfstatat(AT_FDCWD, "/data/user/0/at.manuelbichler.octalsuntime/databases/app_database", {st_mode=S_IFREG|0660, st_size=4096, ...}, 0) = 0
8619  1784057380.785548 sendmsg(65, {msg_name=NULL, msg_namelen=0, msg_iov=[{iov_base="l\1\1\1\24\1\0\0R\0\0\0\235\0\0\0\1\1o\0;\0\0\0/re/frid"..., iov_len=452}], msg_iovlen=1, msg_controllen=0, msg_flags=0}, MSG_NOSIGNAL) = 452
8619  1784057380.788238 sendmsg(65, {msg_name=NULL, msg_namelen=0, msg_iov=[{iov_base="l\1\1\1\234\1\0\0S\0\0\0\235\0\0\0\1\1o\0;\0\0\0/re/frid"..., iov_len=588}], msg_iovlen=1, msg_controllen=0, msg_flags=0}, MSG_NOSIGNAL) = 588
8619  1784057380.794757 sendmsg(65, {msg_name=NULL, msg_namelen=0, msg_iov=[{iov_base="l\1\1\1\234\1\0\0T\0\0\0\235\0\0\0\1\1o\0;\0\0\0/re/frid"..., iov_len=588}], msg_iovlen=1, msg_controllen=0, msg_flags=0}, MSG_NOSIGNAL) = 588
8605  1784057380.795671 recvfrom(40, "nysv\0\0\0\0\0\0\0\0\0\0\0\0\351/\203fi\0\0\0Oh\0\0\0\0\0\0", 3200, MSG_DONTWAIT, NULL, NULL) = 32
8605  1784057380.795927 recvfrom(40, 0x745ededeb0, 3200, MSG_DONTWAIT, NULL, NULL) = -1 EAGAIN (Try again)
8619  1784057380.797271 sendmsg(65, {msg_name=NULL, msg_namelen=0, msg_iov=[{iov_base="l\1\1\1\234\1\0\0U\0\0\0\235\0\0\0\1\1o\0;\0\0\0/re/frid"..., iov_len=588}], msg_iovlen=1, msg_controllen=0, msg_flags=0}, MSG_NOSIGNAL) = 588
8677  1784057380.797956 newfstatat(AT_FDCWD, "/data/user/0/at.manuelbichler.octalsuntime/databases/app_database", {st_mode=S_IFREG|0660, st_size=4096, ...}, AT_SYMLINK_NOFOLLOW) = 0
8677  1784057380.798663 newfstatat(AT_FDCWD, "/data/user/0/at.manuelbichler.octalsuntime/databases/app_database", {st_mode=S_IFREG|0660, st_size=4096, ...}, 0) = 0
8677  1784057380.799293 newfstatat(AT_FDCWD, "/data/user/0/at.manuelbichler.octalsuntime/databases/app_database", {st_mode=S_IFREG|0660, st_size=4096, ...}, 0) = 0
8677  1784057380.800034 newfstatat(AT_FDCWD, "/data/user/0/at.manuelbichler.octalsuntime/databases/app_database-journal", 0x745a94b238, 0) = -1 ENOENT (No such file or directory)
8677  1784057380.800249 newfstatat(AT_FDCWD, "/data/user/0/at.manuelbichler.octalsuntime/databases/app_database-wal", {st_mode=S_IFREG|0600, st_size=41232, ...}, 0) = 0
8677  1784057380.800779 newfstatat(AT_FDCWD, "/data/user/0/at.manuelbichler.octalsuntime/databases/app_database", {st_mode=S_IFREG|0660, st_size=4096, ...}, 0) = 0
8677  1784057380.801006 openat(AT_FDCWD, "/data/user/0/at.manuelbichler.octalsuntime/databases/app_database-wal", O_RDWR|O_CREAT|O_LARGEFILE|O_CLOEXEC, 0660) = 70
8677  1784057380.802338 newfstatat(AT_FDCWD, "/data/user/0/at.manuelbichler.octalsuntime/databases/app_database-wal", {st_mode=S_IFREG|0600, st_size=41232, ...}, 0) = 0
8677  1784057380.802570 newfstatat(AT_FDCWD, "/data/user/0/at.manuelbichler.octalsuntime/databases/app_database-wal", {st_mode=S_IFREG|0600, st_size=41232, ...}, 0) = 0
8605  1784057380.814404 recvfrom(40, "nysv\0\0\0\0\0\0\0\0\0\0\0\0\234\304\201gi\0\0\0Ph\0\0\0\0\0\0", 3200, MSG_DONTWAIT, NULL, NULL) = 32
8605  1784057380.814572 recvfrom(40, 0x745ededeb0, 3200, MSG_DONTWAIT, NULL, NULL) = -1 EAGAIN (Try again)
8605  1784057380.862311 recvfrom(40, "nysv\0\0\0\0\0\0\0\0\0\0\0\0\345\r\200hi\0\0\0Qh\0\0\0\0\0\0", 3200, MSG_DONTWAIT, NULL, NULL) = 32
8605  1784057380.862497 recvfrom(40, 0x745ededeb0, 3200, MSG_DONTWAIT, NULL, NULL) = -1 EAGAIN (Try again)
8584  1784057380.863641 recvfrom(43, "nysv\0\0\0\0\0\0\0\0\0\0\0\0A\231\204ei\0\0\0Nh\0\0\0\0\0\0", 3200, MSG_DONTWAIT, NULL, NULL) = 32
8584  1784057380.863800 recvfrom(43, 0x7fc50e81b0, 3200, MSG_DONTWAIT, NULL, NULL) = -1 EAGAIN (Try again)
8584  1784057380.870037 recvfrom(74, 0x74ef3b8820, 2272, MSG_DONTWAIT, NULL, NULL) = -1 EAGAIN (Try again)
8584  1784057380.870208 recvfrom(43, 0x7fc50e8110, 3200, MSG_DONTWAIT, NULL, NULL) = -1 EAGAIN (Try again)
8584  1784057380.877950 recvfrom(43, "nysv\0\0\0\0\0\0\0\0\0\0\0\0\202#{ki\0\0\0Th\0\0\0\0\0\0", 3200, MSG_DONTWAIT, NULL, NULL) = 32
8584  1784057380.878163 recvfrom(43, 0x7fc50e81b0, 3200, MSG_DONTWAIT, NULL, NULL) = -1 EAGAIN (Try again)
8584  1784057380.884287 recvfrom(74, 0x74ef3b8820, 2272, MSG_DONTWAIT, NULL, NULL) = -1 EAGAIN (Try again)
8584  1784057380.884538 recvfrom(43, 0x7fc50e8110, 3200, MSG_DONTWAIT, NULL, NULL) = -1 EAGAIN (Try again)
8605  1784057380.885885 recvfrom(40, "nysv\0\0\0\0\0\0\0\0\0\0\0\0\202#{ki\0\0\0Th\0\0\0\0\0\0", 3200, MSG_DONTWAIT, NULL, NULL) = 32
8605  1784057380.886045 recvfrom(40, 0x745ededc80, 3200, MSG_DONTWAIT, NULL, NULL) = -1 EAGAIN (Try again)
8584  1784057380.889553 recvfrom(43, "nysv\0\0\0\0\0\0\0\0\0\0\0\0;\237yli\0\0\0Uh\0\0\0\0\0\0", 3200, MSG_DONTWAIT, NULL, NULL) = 32
8584  1784057380.890390 recvfrom(43, 0x7fc50e81b0, 3200, MSG_DONTWAIT, NULL, NULL) = -1 EAGAIN (Try again)
8584  1784057380.890571 recvfrom(43, 0x7fc50e8110, 3200, MSG_DONTWAIT, NULL, NULL) = -1 EAGAIN (Try again)
8584  1784057380.906324 recvfrom(43, "nysv\0\0\0\0\0\0\0\0\0\0\0\0e\357wmi\0\0\0Vh\0\0\0\0\0\0", 3200, MSG_DONTWAIT, NULL, NULL) = 32
8584  1784057380.906726 recvfrom(43, 0x7fc50e81b0, 3200, MSG_DONTWAIT, NULL, NULL) = -1 EAGAIN (Try again)
8584  1784057380.907339 recvfrom(43, 0x7fc50e8110, 3200, MSG_DONTWAIT, NULL, NULL) = -1 EAGAIN (Try again)
8605  1784057380.910502 recvfrom(40, "nysv\0\0\0\0\0\0\0\0\0\0\0\0e\357wmi\0\0\0Vh\0\0\0\0\0\0", 3200, MSG_DONTWAIT, NULL, NULL) = 32
8605  1784057380.910659 recvfrom(40, 0x745ededeb0, 3200, MSG_DONTWAIT, NULL, NULL) = -1 EAGAIN (Try again)
8584  1784057380.922409 recvfrom(43, "nysv\0\0\0\0\0\0\0\0\0\0\0\0\235}vni\0\0\0Wh\0\0\0\0\0\0", 3200, MSG_DONTWAIT, NULL, NULL) = 32
8584  1784057380.922709 recvfrom(43, 0x7fc50e81b0, 3200, MSG_DONTWAIT, NULL, NULL) = -1 EAGAIN (Try again)
8584  1784057380.923294 recvfrom(43, 0x7fc50e8110, 3200, MSG_DONTWAIT, NULL, NULL) = -1 EAGAIN (Try again)
8605  1784057380.925159 recvfrom(40, "nysv\0\0\0\0\0\0\0\0\0\0\0\0\235}vni\0\0\0Wh\0\0\0\0\0\0", 3200, MSG_DONTWAIT, NULL, NULL) = 32
8605  1784057380.925542 recvfrom(40, 0x745ededeb0, 3200, MSG_DONTWAIT, NULL, NULL) = -1 EAGAIN (Try again)
8584  1784057380.941462 recvfrom(43, "nysv\0\0\0\0\0\0\0\0\0\0\0\0;ptoi\0\0\0Xh\0\0\0\0\0\0", 3200, MSG_DONTWAIT, NULL, NULL) = 32
8584  1784057380.941717 recvfrom(43, 0x7fc50e81b0, 3200, MSG_DONTWAIT, NULL, NULL) = -1 EAGAIN (Try again)
8584  1784057380.942297 recvfrom(43, 0x7fc50e8110, 3200, MSG_DONTWAIT, NULL, NULL) = -1 EAGAIN (Try again)
8605  1784057380.947579 recvfrom(40, "nysv\0\0\0\0\0\0\0\0\0\0\0\0;ptoi\0\0\0Xh\0\0\0\0\0\0", 3200, MSG_DONTWAIT, NULL, NULL) = 32
8605  1784057380.947739 recvfrom(40, 0x745ededeb0, 3200, MSG_DONTWAIT, NULL, NULL) = -1 EAGAIN (Try again)
8584  1784057380.955624 recvfrom(43, "nysv\0\0\0\0\0\0\0\0\0\0\0\0)\377rpi\0\0\0Yh\0\0\0\0\0\0", 3200, MSG_DONTWAIT, NULL, NULL) = 32
8584  1784057380.956039 recvfrom(43, 0x7fc50e81b0, 3200, MSG_DONTWAIT, NULL, NULL) = -1 EAGAIN (Try again)
8584  1784057380.956644 recvfrom(43, 0x7fc50e8110, 3200, MSG_DONTWAIT, NULL, NULL) = -1 EAGAIN (Try again)
8605  1784057380.960156 recvfrom(40, "nysv\0\0\0\0\0\0\0\0\0\0\0\0)\377rpi\0\0\0Yh\0\0\0\0\0\0", 3200, MSG_DONTWAIT, NULL, NULL) = 32
8605  1784057380.960291 recvfrom(40, 0x745ededeb0, 3200, MSG_DONTWAIT, NULL, NULL) = -1 EAGAIN (Try again)
8584  1784057380.973885 recvfrom(43, "nysv\0\0\0\0\0\0\0\0\0\0\0\0SOqqi\0\0\0Zh\0\0\0\0\0\0", 3200, MSG_DONTWAIT, NULL, NULL) = 32
8584  1784057380.974233 recvfrom(43, 0x7fc50e81b0, 3200, MSG_DONTWAIT, NULL, NULL) = -1 EAGAIN (Try again)
8605  1784057380.976640 recvfrom(40, "nysv\0\0\0\0\0\0\0\0\0\0\0\0SOqqi\0\0\0Zh\0\0\0\0\0\0", 3200, MSG_DONTWAIT, NULL, NULL) = 32
8605  1784057380.976789 recvfrom(40, 0x745ededeb0, 3200, MSG_DONTWAIT, NULL, NULL) = -1 EAGAIN (Try again)
8605  1784057380.992611 recvfrom(40, "nysv\0\0\0\0\0\0\0\0\0\0\0\0L{ori\0\0\0[h\0\0\0\0\0\0", 3200, MSG_DONTWAIT, NULL, NULL) = 32
8605  1784057380.994209 recvfrom(40, 0x745ededc80, 3200, MSG_DONTWAIT, NULL, NULL) = -1 EAGAIN (Try again)
8584  1784057381.261984 recvfrom(43, 0x7fc50e8200, 3200, MSG_DONTWAIT, NULL, NULL) = -1 EAGAIN (Try again)
8584  1784057381.273270 recvfrom(43, "nysv\0\0\0\0\0\0\0\0\0\0\0\0\245ZS\203i\0\0\0lh\0\0\0\0\0\0", 3200, MSG_DONTWAIT, NULL, NULL) = 32
8584  1784057381.273857 recvfrom(43, 0x7fc50e81b0, 3200, MSG_DONTWAIT, NULL, NULL) = -1 EAGAIN (Try again)
8584  1784057381.274400 recvfrom(45, 0x74ef3b7c20, 2272, MSG_DONTWAIT, NULL, NULL) = -1 EAGAIN (Try again)
8584  1784057381.290209 recvfrom(43, 0x7fc50e7f30, 3200, MSG_DONTWAIT, NULL, NULL) = -1 EAGAIN (Try again)
8584  1784057381.293758 clone(child_stack=0x7401b0ad40, flags=CLONE_VM|CLONE_FS|CLONE_FILES|CLONE_SIGHAND|CLONE_THREAD|CLONE_SYSVSEM|CLONE_SETTLS|CLONE_PARENT_SETTID|CLONE_CHILD_CLEARTID, parent_tidptr=0x7401b0ad60, tls=0x7401b0b020, child_tidptr=0x7401b0ad60) = 8679
8584  1784057381.305558 recvfrom(43, "nysv\0\0\0\0\0\0\0\0\0\0\0\0`=P\205i\0\0\0nh\0\0\0\0\0\0", 3200, MSG_DONTWAIT, NULL, NULL) = 32
8584  1784057381.305932 recvfrom(43, 0x7fc50e81b0, 3200, MSG_DONTWAIT, NULL, NULL) = -1 EAGAIN (Try again)
8584  1784057381.306291 recvfrom(45, 0x74ef3b7c20, 2272, MSG_DONTWAIT, NULL, NULL) = -1 EAGAIN (Try again)
8619  1784057381.312681 sendmsg(65, {msg_name=NULL, msg_namelen=0, msg_iov=[{iov_base="l\1\1\1\374\0\0\0V\0\0\0\235\0\0\0\1\1o\0;\0\0\0/re/frid"..., iov_len=428}], msg_iovlen=1, msg_controllen=0, msg_flags=0}, MSG_NOSIGNAL) = 428
8584  1784057382.584048 recvfrom(43, 0x7fc50e6bd0, 3200, MSG_DONTWAIT, NULL, NULL) = -1 EAGAIN (Try again)
8584  1784057382.589916 recvfrom(43, "nysv\0\0\0\0\0\0\0\0\0\0\0\0000\263\312\321i\0\0\0\273h\0\0\0\0\0\0", 3200, MSG_DONTWAIT, NULL, NULL) = 32
8584  1784057382.590235 recvfrom(43, 0x7fc50e81b0, 3200, MSG_DONTWAIT, NULL, NULL) = -1 EAGAIN (Try again)
8584  1784057382.590641 recvfrom(45, 0x74ef3b7c20, 2272, MSG_DONTWAIT, NULL, NULL) = -1 EAGAIN (Try again)
8618  1784057383.583620 exit(0)         = ?
8618  1784057383.583873 +++ exited with 0 +++
8616  1784057383.637623 faccessat(AT_FDCWD, "/proc/self/task/8618", F_OK) = -1 ENOENT (No such file or directory)
