9984  1784162126.042462 recvfrom(48, "h\0\0\0\2\0\0\0\2\0\0\0\0\0\0\0\344\21-\200\276\5\0\0\0\0\0\0\3333\36A"..., 26624, MSG_DONTWAIT, NULL, NULL) = 208
9984  1784162126.042856 recvfrom(48, 0x7b4b1cafc0, 26624, MSG_DONTWAIT, NULL, NULL) = -1 EAGAIN (Try again)
9984  1784162126.248687 recvfrom(48, "h\0\0\0\2\0\0\0\2\0\0\0\0\0\0\0\370gw\214\276\5\0\0\0\0\0\0\3333\36A"..., 26624, MSG_DONTWAIT, NULL, NULL) = 208
9984  1784162126.248760 recvfrom(48, 0x7b4b1cafc0, 26624, MSG_DONTWAIT, NULL, NULL) = -1 EAGAIN (Try again)
9984  1784162126.456949 recvfrom(48, "h\0\0\0\2\0\0\0\2\0\0\0\0\0\0\0uV\333\230\276\5\0\0\0\0\0\0\3333\36A"..., 26624, MSG_DONTWAIT, NULL, NULL) = 208
9984  1784162126.457082 recvfrom(48, 0x7b4b1cafc0, 26624, MSG_DONTWAIT, NULL, NULL) = -1 EAGAIN (Try again)
9984  1784162126.658749 recvfrom(48, "h\0\0\0\2\0\0\0\2\0\0\0\0\0\0\0L\323\344\244\276\5\0\0\0\0\0\0\3333\36A"..., 26624, MSG_DONTWAIT, NULL, NULL) = 208
9984  1784162126.659670 recvfrom(48, 0x7b4b1cafc0, 26624, MSG_DONTWAIT, NULL, NULL) = -1 EAGAIN (Try again)
9984  1784162126.868375 recvfrom(48, "h\0\0\0\2\0\0\0\2\0\0\0\0\0\0\0\335w]\261\276\5\0\0\0\0\0\0\3333\36A"..., 26624, MSG_DONTWAIT, NULL, NULL) = 208
9984  1784162126.868585 recvfrom(48, 0x7b4b1cafc0, 26624, MSG_DONTWAIT, NULL, NULL) = -1 EAGAIN (Try again)
9984  1784162127.068268 recvfrom(48, "h\0\0\0\2\0\0\0\2\0\0\0\0\0\0\0'\350O\275\276\5\0\0\0\0\0\0\3333\36A"..., 26624, MSG_DONTWAIT, NULL, NULL) = 208
9984  1784162127.068376 recvfrom(48, 0x7b4b1cafc0, 26624, MSG_DONTWAIT, NULL, NULL) = -1 EAGAIN (Try again)
9984  1784162127.271627 recvfrom(48, "h\0\0\0\2\0\0\0\2\0\0\0\0\0\0\0003\341p\311\276\5\0\0\0\0\0\0\3333\36A"..., 26624, MSG_DONTWAIT, NULL, NULL) = 208
9984  1784162127.272276 recvfrom(48, 0x7b4b1cafc0, 26624, MSG_DONTWAIT, NULL, NULL) = -1 EAGAIN (Try again)
9984  1784162127.478301 recvfrom(48, "h\0\0\0\2\0\0\0\2\0\0\0\0\0\0\0j\302\272\325\276\5\0\0\0\0\0\0\3333\36A"..., 26624, MSG_DONTWAIT, NULL, NULL) = 208
9984  1784162127.478486 recvfrom(48, 0x7b4b1cafc0, 26624, MSG_DONTWAIT, NULL, NULL) = -1 EAGAIN (Try again)
9984  1784162127.684702 recvfrom(48, "h\0\0\0\2\0\0\0\2\0\0\0\0\0\0\0\v\237\n\342\276\5\0\0\0\0\0\0\3333\36A"..., 26624, MSG_DONTWAIT, NULL, NULL) = 208
9984  1784162127.684907 recvfrom(48, 0x7b4b1cafc0, 26624, MSG_DONTWAIT, NULL, NULL) = -1 EAGAIN (Try again)
9984  1784162127.891804 recvfrom(48, "h\0\0\0\2\0\0\0\2\0\0\0\0\0\0\0\354Vc\356\276\5\0\0\0\0\0\0\3333\36A"..., 26624, MSG_DONTWAIT, NULL, NULL) = 208
9984  1784162127.892394 recvfrom(48, 0x7b4b1cafc0, 26624, MSG_DONTWAIT, NULL, NULL) = -1 EAGAIN (Try again)
9984  1784162128.092504 recvfrom(48, "h\0\0\0\2\0\0\0\2\0\0\0\0\0\0\0\256\224Y\372\276\5\0\0\0\0\0\0\3333\36A"..., 26624, MSG_DONTWAIT, NULL, NULL) = 208
9984  1784162128.092672 recvfrom(48, 0x7b4b1cafc0, 26624, MSG_DONTWAIT, NULL, NULL) = -1 EAGAIN (Try again)
9984  1784162128.300173 recvfrom(48, "h\0\0\0\2\0\0\0\2\0\0\0\0\0\0\0}-\272\6\277\5\0\0\0\0\0\0\3333\36A"..., 26624, MSG_DONTWAIT, NULL, NULL) = 208
9984  1784162128.300350 recvfrom(48, 0x7b4b1cafc0, 26624, MSG_DONTWAIT, NULL, NULL) = -1 EAGAIN (Try again)
9992  1784162128.358898 exit(0 <unfinished ...>
9993  1784162128.359076 exit(0 <unfinished ...>
9992  1784162128.359102 <... exit resumed>) = ?
9994  1784162128.359203 exit(0 <unfinished ...>
9993  1784162128.359226 <... exit resumed>) = ?
9992  1784162128.359318 +++ exited with 0 +++
9994  1784162128.359410 <... exit resumed>) = ?
9993  1784162128.359441 +++ exited with 0 +++
9994  1784162128.359616 +++ exited with 0 +++
9989  1784162128.360231 exit(0)         = ?
9989  1784162128.360639 +++ exited with 0 +++
10005 1784162128.363906 newfstatat(AT_FDCWD, "/data", {st_mode=S_IFDIR|0771, st_size=4096, ...}, AT_SYMLINK_NOFOLLOW) = 0
10005 1784162128.364245 newfstatat(AT_FDCWD, "/data/app", {st_mode=S_IFDIR|0771, st_size=4096, ...}, AT_SYMLINK_NOFOLLOW) = 0
10005 1784162128.364570 newfstatat(AT_FDCWD, "/data/app/ca.rmen.nounours-E4lFjH-U2MV-iFpB-P3e1A==", {st_mode=S_IFDIR|0775, st_size=4096, ...}, AT_SYMLINK_NOFOLLOW) = 0
10005 1784162128.364875 newfstatat(AT_FDCWD, "/data/app/ca.rmen.nounours-E4lFjH-U2MV-iFpB-P3e1A==/base.apk", {st_mode=S_IFREG|0644, st_size=4092366, ...}, AT_SYMLINK_NOFOLLOW) = 0
10005 1784162128.365215 getcwd("/", 4096) = 2
10005 1784162128.365508 newfstatat(AT_FDCWD, "/base.apk", 0x7b501c8690, AT_SYMLINK_NOFOLLOW) = -1 ENOENT (No such file or directory)
9984  1784162128.504021 recvfrom(48, "h\0\0\0\2\0\0\0\2\0\0\0\0\0\0\0\263 \334\22\277\5\0\0\0\0\0\0\3333\36A"..., 26624, MSG_DONTWAIT, NULL, NULL) = 208
9984  1784162128.504772 recvfrom(48, 0x7b4b1cafc0, 26624, MSG_DONTWAIT, NULL, NULL) = -1 EAGAIN (Try again)
9984  1784162128.710718 recvfrom(48, "h\0\0\0\2\0\0\0\2\0\0\0\0\0\0\0/\\2\37\277\5\0\0\0\0\0\0\3333\36A"..., 26624, MSG_DONTWAIT, NULL, NULL) = 208
9984  1784162128.710913 recvfrom(48, 0x7b4b1cafc0, 26624, MSG_DONTWAIT, NULL, NULL) = -1 EAGAIN (Try again)
9984  1784162128.912503 recvfrom(48, "h\0\0\0\2\0\0\0\2\0\0\0\0\0\0\0\341\2336+\277\5\0\0\0\0\0\0\3333\36A"..., 26624, MSG_DONTWAIT, NULL, NULL) = 208
9984  1784162128.912685 recvfrom(48, 0x7b4b1cafc0, 26624, MSG_DONTWAIT, NULL, NULL) = -1 EAGAIN (Try again)
9984  1784162129.117150 recvfrom(48, "h\0\0\0\2\0\0\0\2\0\0\0\0\0\0\0\264\347j7\277\5\0\0\0\0\0\0\3333\36A"..., 26624, MSG_DONTWAIT, NULL, NULL) = 208
9984  1784162129.117646 recvfrom(48, 0x7b4b1cafc0, 26624, MSG_DONTWAIT, NULL, NULL) = -1 EAGAIN (Try again)
9984  1784162129.319095 recvfrom(48, "h\0\0\0\2\0\0\0\2\0\0\0\0\0\0\0\304\210xC\277\5\0\0\0\0\0\0\3333\36A"..., 26624, MSG_DONTWAIT, NULL, NULL) = 208
9984  1784162129.319260 recvfrom(48, 0x7b4b1cafc0, 26624, MSG_DONTWAIT, NULL, NULL) = -1 EAGAIN (Try again)
9984  1784162129.360680 recvfrom(48, "h\0\0\0\2\0\0\0\2\0\0\0\0\0\0\0\17!\357E\277\5\0\0\0\0\0\0\3333\36A"..., 26624, MSG_DONTWAIT, NULL, NULL) = 104
9984  1784162129.360746 recvfrom(48, 0x7b4b1cafc0, 26624, MSG_DONTWAIT, NULL, NULL) = -1 EAGAIN (Try again)
9984  1784162129.381511 recvfrom(48, "h\0\0\0\2\0\0\0\2\0\0\0\0\0\0\0Ui3G\277\5\0\0\0\0\0\0\3333\36A"..., 26624, MSG_DONTWAIT, NULL, NULL) = 208
9984  1784162129.381559 recvfrom(48, 0x7b4b1cafc0, 26624, MSG_DONTWAIT, NULL, NULL) = -1 EAGAIN (Try again)
9984  1784162129.404074 recvfrom(48, "h\0\0\0\2\0\0\0\2\0\0\0\0\0\0\0\211J\213H\277\5\0\0\0\0\0\0\3333\36A"..., 26624, MSG_DONTWAIT, NULL, NULL) = 208
9984  1784162129.404105 recvfrom(48, 0x7b4b1cafc0, 26624, MSG_DONTWAIT, NULL, NULL) = -1 EAGAIN (Try again)
9984  1784162129.426601 recvfrom(48, "h\0\0\0\2\0\0\0\2\0\0\0\0\0\0\0\220\364\342I\277\5\0\0\0\0\0\0\3333\36A"..., 26624, MSG_DONTWAIT, NULL, NULL) = 208
9984  1784162129.426632 recvfrom(48, 0x7b4b1cafc0, 26624, MSG_DONTWAIT, NULL, NULL) = -1 EAGAIN (Try again)
9984  1784162129.448632 recvfrom(48, "h\0\0\0\2\0\0\0\2\0\0\0\0\0\0\0\6\3732K\277\5\0\0\0\0\0\0\3333\36A"..., 26624, MSG_DONTWAIT, NULL, NULL) = 208
9984  1784162129.448661 recvfrom(48, 0x7b4b1cafc0, 26624, MSG_DONTWAIT, NULL, NULL) = -1 EAGAIN (Try again)
9984  1784162129.476688 recvfrom(48, "h\0\0\0\2\0\0\0\2\0\0\0\0\0\0\0V\215\335L\277\5\0\0\0\0\0\0\3333\36A"..., 26624, MSG_DONTWAIT, NULL, NULL) = 208
9984  1784162129.476723 recvfrom(48, 0x7b4b1cafc0, 26624, MSG_DONTWAIT, NULL, NULL) = -1 EAGAIN (Try again)
9984  1784162129.498863 recvfrom(48, "h\0\0\0\2\0\0\0\2\0\0\0\0\0\0\0\241!1N\277\5\0\0\0\0\0\0\3333\36A"..., 26624, MSG_DONTWAIT, NULL, NULL) = 208
9984  1784162129.498896 recvfrom(48, 0x7b4b1cafc0, 26624, MSG_DONTWAIT, NULL, NULL) = -1 EAGAIN (Try again)
9984  1784162129.523275 recvfrom(48, "h\0\0\0\2\0\0\0\2\0\0\0\0\0\0\0\301\223\242O\277\5\0\0\0\0\0\0\3333\36A"..., 26624, MSG_DONTWAIT, NULL, NULL) = 208
9984  1784162129.523320 recvfrom(48, 0x7b4b1cafc0, 26624, MSG_DONTWAIT, NULL, NULL) = -1 EAGAIN (Try again)
9984  1784162129.542576 recvfrom(48, "h\0\0\0\2\0\0\0\2\0\0\0\0\0\0\0\322\212\311P\277\5\0\0\0\0\0\0\3333\36A"..., 26624, MSG_DONTWAIT, NULL, NULL) = 208
9984  1784162129.542615 recvfrom(48, 0x7b4b1cafc0, 26624, MSG_DONTWAIT, NULL, NULL) = -1 EAGAIN (Try again)
9984  1784162129.572906 recvfrom(48, "h\0\0\0\2\0\0\0\2\0\0\0\0\0\0\0l\205\227R\277\5\0\0\0\0\0\0\3333\36A"..., 26624, MSG_DONTWAIT, NULL, NULL) = 208
9984  1784162129.573195 recvfrom(48, 0x7b4b1cafc0, 26624, MSG_DONTWAIT, NULL, NULL) = -1 EAGAIN (Try again)
9984  1784162129.601914 recvfrom(48, "h\0\0\0\2\0\0\0\2\0\0\0\0\0\0\0\254\fQT\277\5\0\0\0\0\0\0\3333\36A"..., 26624, MSG_DONTWAIT, NULL, NULL) = 208
9984  1784162129.601968 recvfrom(48, 0x7b4b1cafc0, 26624, MSG_DONTWAIT, NULL, NULL) = -1 EAGAIN (Try again)
9984  1784162129.627449 recvfrom(48, "h\0\0\0\2\0\0\0\2\0\0\0\0\0\0\0tK\334U\277\5\0\0\0\0\0\0\3333\36A"..., 26624, MSG_DONTWAIT, NULL, NULL) = 208
9984  1784162129.627976 recvfrom(48, 0x7b4b1cafc0, 26624, MSG_DONTWAIT, NULL, NULL) = -1 EAGAIN (Try again)
9984  1784162129.654908 recvfrom(48, "h\0\0\0\2\0\0\0\2\0\0\0\0\0\0\0\310QwW\277\5\0\0\0\0\0\0\3333\36A"..., 26624, MSG_DONTWAIT, NULL, NULL) = 208
9984  1784162129.654950 recvfrom(48, 0x7b4b1cafc0, 26624, MSG_DONTWAIT, NULL, NULL) = -1 EAGAIN (Try again)
9984  1784162129.675812 recvfrom(48, "h\0\0\0\2\0\0\0\2\0\0\0\0\0\0\0\334\331\273X\277\5\0\0\0\0\0\0\3333\36A"..., 26624, MSG_DONTWAIT, NULL, NULL) = 208
9984  1784162129.675862 recvfrom(48, 0x7b4b1cafc0, 26624, MSG_DONTWAIT, NULL, NULL) = -1 EAGAIN (Try again)
9984  1784162129.700307 recvfrom(48, "h\0\0\0\2\0\0\0\2\0\0\0\0\0\0\0\222\0353Z\277\5\0\0\0\0\0\0\3333\36A"..., 26624, MSG_DONTWAIT, NULL, NULL) = 208
9984  1784162129.700362 recvfrom(48, 0x7b4b1cafc0, 26624, MSG_DONTWAIT, NULL, NULL) = -1 EAGAIN (Try again)
9984  1784162129.728325 recvfrom(48, "h\0\0\0\2\0\0\0\2\0\0\0\0\0\0\0\0102\324[\277\5\0\0\0\0\0\0\3333\36A"..., 26624, MSG_DONTWAIT, NULL, NULL) = 208
9984  1784162129.728465 recvfrom(48, 0x7b4b1cafc0, 26624, MSG_DONTWAIT, NULL, NULL) = -1 EAGAIN (Try again)
9984  1784162129.756004 recvfrom(48, "h\0\0\0\2\0\0\0\2\0\0\0\0\0\0\0]\304\177]\277\5\0\0\0\0\0\0\3333\36A"..., 26624, MSG_DONTWAIT, NULL, NULL) = 208
9984  1784162129.756127 recvfrom(48, 0x7b4b1cafc0, 26624, MSG_DONTWAIT, NULL, NULL) = -1 EAGAIN (Try again)
9984  1784162129.779489 recvfrom(48, "h\0\0\0\2\0\0\0\2\0\0\0\0\0\0\0%u\342^\277\5\0\0\0\0\0\0\3333\36A"..., 26624, MSG_DONTWAIT, NULL, NULL) = 208
9984  1784162129.779594 recvfrom(48, 0x7b4b1cafc0, 26624, MSG_DONTWAIT, NULL, NULL) = -1 EAGAIN (Try again)
9984  1784162129.799246 recvfrom(48, "h\0\0\0\2\0\0\0\2\0\0\0\0\0\0\0Lz\r`\277\5\0\0\0\0\0\0\3333\36A"..., 26624, MSG_DONTWAIT, NULL, NULL) = 208
9984  1784162129.799394 recvfrom(48, 0x7b4b1cafc0, 26624, MSG_DONTWAIT, NULL, NULL) = -1 EAGAIN (Try again)
9984  1784162129.821339 recvfrom(48, "h\0\0\0\2\0\0\0\2\0\0\0\0\0\0\09\327fa\277\5\0\0\0\0\0\0\3333\36A"..., 26624, MSG_DONTWAIT, NULL, NULL) = 208
9984  1784162129.821400 recvfrom(48, 0x7b4b1cafc0, 26624, MSG_DONTWAIT, NULL, NULL) = -1 EAGAIN (Try again)
9984  1784162129.845638 recvfrom(48, "h\0\0\0\2\0\0\0\2\0\0\0\0\0\0\0*5\330b\277\5\0\0\0\0\0\0\3333\36A"..., 26624, MSG_DONTWAIT, NULL, NULL) = 208
9984  1784162129.845726 recvfrom(48, 0x7b4b1cafc0, 26624, MSG_DONTWAIT, NULL, NULL) = -1 EAGAIN (Try again)
9984  1784162129.866495 recvfrom(48, "h\0\0\0\2\0\0\0\2\0\0\0\0\0\0\0Ri\20d\277\5\0\0\0\0\0\0\3333\36A"..., 26624, MSG_DONTWAIT, NULL, NULL) = 208
9984  1784162129.866614 recvfrom(48, 0x7b4b1cafc0, 26624, MSG_DONTWAIT, NULL, NULL) = -1 EAGAIN (Try again)
9984  1784162129.887771 recvfrom(48, "h\0\0\0\2\0\0\0\2\0\0\0\0\0\0\0\5\375We\277\5\0\0\0\0\0\0\3333\36A"..., 26624, MSG_DONTWAIT, NULL, NULL) = 208
9984  1784162129.887859 recvfrom(48, 0x7b4b1cafc0, 26624, MSG_DONTWAIT, NULL, NULL) = -1 EAGAIN (Try again)
9984  1784162129.908462 recvfrom(48, "h\0\0\0\2\0\0\0\2\0\0\0\0\0\0\0\331%\223f\277\5\0\0\0\0\0\0\3333\36A"..., 26624, MSG_DONTWAIT, NULL, NULL) = 208
9984  1784162129.908565 recvfrom(48, 0x7b4b1cafc0, 26624, MSG_DONTWAIT, NULL, NULL) = -1 EAGAIN (Try again)
9984  1784162129.910226 recvfrom(48, "h\0\0\0\2\0\0\0\2\0\0\0\0\0\0\0\327\201\262f\277\5\0\0\0\0\0\0\3333\36A"..., 26624, MSG_DONTWAIT, NULL, NULL) = 208
9984  1784162129.910323 recvfrom(48, 0x7b4b1cafc0, 26624, MSG_DONTWAIT, NULL, NULL) = -1 EAGAIN (Try again)
9984  1784162129.977773 recvfrom(48, "h\0\0\0\2\0\0\0\2\0\0\0\0\0\0\0\253\f\270j\277\5\0\0\0\0\0\0\3333\36A"..., 26624, MSG_DONTWAIT, NULL, NULL) = 208
9984  1784162129.978150 recvfrom(48, 0x7b4b1cafc0, 26624, MSG_DONTWAIT, NULL, NULL) = -1 EAGAIN (Try again)
9984  1784162130.049378 recvfrom(48, "h\0\0\0\2\0\0\0\2\0\0\0\0\0\0\0\331\340\375n\277\5\0\0\0\0\0\0\3333\36A"..., 26624, MSG_DONTWAIT, NULL, NULL) = 208
9984  1784162130.049481 recvfrom(48, 0x7b4b1cafc0, 26624, MSG_DONTWAIT, NULL, NULL) = -1 EAGAIN (Try again)
9984  1784162130.119838 recvfrom(48, "h\0\0\0\2\0\0\0\2\0\0\0\0\0\0\0(\206-s\277\5\0\0\0\0\0\0\3333\36A"..., 26624, MSG_DONTWAIT, NULL, NULL) = 208
9984  1784162130.119917 recvfrom(48, 0x7b4b1cafc0, 26624, MSG_DONTWAIT, NULL, NULL) = -1 EAGAIN (Try again)
9984  1784162130.191994 recvfrom(48, "h\0\0\0\2\0\0\0\2\0\0\0\0\0\0\0\277\365yw\277\5\0\0\0\0\0\0\3333\36A"..., 26624, MSG_DONTWAIT, NULL, NULL) = 208
9984  1784162130.193028 recvfrom(48, 0x7b4b1cafc0, 26624, MSG_DONTWAIT, NULL, NULL) = -1 EAGAIN (Try again)
9984  1784162130.260730 recvfrom(48, "h\0\0\0\2\0\0\0\2\0\0\0\0\0\0\0\330\301\216{\277\5\0\0\0\0\0\0\3333\36A"..., 26624, MSG_DONTWAIT, NULL, NULL) = 208
9984  1784162130.260860 recvfrom(48, 0x7b4b1cafc0, 26624, MSG_DONTWAIT, NULL, NULL) = -1 EAGAIN (Try again)
9984  1784162130.326883 recvfrom(48, "h\0\0\0\2\0\0\0\2\0\0\0\0\0\0\0\f\24\206\177\277\5\0\0\0\0\0\0\3333\36A"..., 26624, MSG_DONTWAIT, NULL, NULL) = 208
9984  1784162130.327009 recvfrom(48, 0x7b4b1cafc0, 26624, MSG_DONTWAIT, NULL, NULL) = -1 EAGAIN (Try again)
9984  1784162130.394020 recvfrom(48, "h\0\0\0\2\0\0\0\2\0\0\0\0\0\0\0\376\233\206\203\277\5\0\0\0\0\0\0\3333\36A"..., 26624, MSG_DONTWAIT, NULL, NULL) = 208
9984  1784162130.394143 recvfrom(48, 0x7b4b1cafc0, 26624, MSG_DONTWAIT, NULL, NULL) = -1 EAGAIN (Try again)
9984  1784162130.459463 recvfrom(48, "h\0\0\0\2\0\0\0\2\0\0\0\0\0\0\0\265!s\207\277\5\0\0\0\0\0\0\3333\36A"..., 26624, MSG_DONTWAIT, NULL, NULL) = 208
9984  1784162130.459529 recvfrom(48, 0x7b4b1cafc0, 26624, MSG_DONTWAIT, NULL, NULL) = -1 EAGAIN (Try again)
9984  1784162130.525227 recvfrom(48, "h\0\0\0\2\0\0\0\2\0\0\0\0\0\0\0\310\202^\213\277\5\0\0\0\0\0\0\3333\36A"..., 26624, MSG_DONTWAIT, NULL, NULL) = 208
9984  1784162130.525275 recvfrom(48, 0x7b4b1cafc0, 26624, MSG_DONTWAIT, NULL, NULL) = -1 EAGAIN (Try again)
9984  1784162130.592833 recvfrom(48, "h\0\0\0\2\0\0\0\2\0\0\0\0\0\0\0U\243\\\217\277\5\0\0\0\0\0\0\3333\36A"..., 26624, MSG_DONTWAIT, NULL, NULL) = 208
9984  1784162130.593060 recvfrom(48, 0x7b4b1cafc0, 26624, MSG_DONTWAIT, NULL, NULL) = -1 EAGAIN (Try again)
9984  1784162130.663719 recvfrom(48, "h\0\0\0\2\0\0\0\2\0\0\0\0\0\0\0\305\274\227\223\277\5\0\0\0\0\0\0\3333\36A"..., 26624, MSG_DONTWAIT, NULL, NULL) = 208
9984  1784162130.663833 recvfrom(48, 0x7b4b1cafc0, 26624, MSG_DONTWAIT, NULL, NULL) = -1 EAGAIN (Try again)
9984  1784162130.739618 recvfrom(48, "h\0\0\0\2\0\0\0\2\0\0\0\0\0\0\0F\212\37\230\277\5\0\0\0\0\0\0\3333\36A"..., 26624, MSG_DONTWAIT, NULL, NULL) = 208
9984  1784162130.741232 recvfrom(48, 0x7b4b1cafc0, 26624, MSG_DONTWAIT, NULL, NULL) = -1 EAGAIN (Try again)
9984  1784162130.805932 recvfrom(48, "h\0\0\0\2\0\0\0\2\0\0\0\0\0\0\0Fb\20\234\277\5\0\0\0\0\0\0\3333\36A"..., 26624, MSG_DONTWAIT, NULL, NULL) = 208
9984  1784162130.806040 recvfrom(48, 0x7b4b1cafc0, 26624, MSG_DONTWAIT, NULL, NULL) = -1 EAGAIN (Try again)
9984  1784162130.873911 recvfrom(48, "h\0\0\0\2\0\0\0\2\0\0\0\0\0\0\0\241\267 \240\277\5\0\0\0\0\0\0\3333\36A"..., 26624, MSG_DONTWAIT, NULL, NULL) = 208
9984  1784162130.874019 recvfrom(48, 0x7b4b1cafc0, 26624, MSG_DONTWAIT, NULL, NULL) = -1 EAGAIN (Try again)
9984  1784162130.942877 recvfrom(48, "h\0\0\0\2\0\0\0\2\0\0\0\0\0\0\0D\301=\244\277\5\0\0\0\0\0\0\3333\36A"..., 26624, MSG_DONTWAIT, NULL, NULL) = 208
9984  1784162130.942989 recvfrom(48, 0x7b4b1cafc0, 26624, MSG_DONTWAIT, NULL, NULL) = -1 EAGAIN (Try again)
9984  1784162131.015255 recvfrom(48, "h\0\0\0\2\0\0\0\2\0\0\0\0\0\0\0@\254\213\250\277\5\0\0\0\0\0\0\3333\36A"..., 26624, MSG_DONTWAIT, NULL, NULL) = 208
9984  1784162131.015357 recvfrom(48, 0x7b4b1cafc0, 26624, MSG_DONTWAIT, NULL, NULL) = -1 EAGAIN (Try again)
9984  1784162131.082829 recvfrom(48, "h\0\0\0\2\0\0\0\2\0\0\0\0\0\0\0\3\4\223\254\277\5\0\0\0\0\0\0\3333\36A"..., 26624, MSG_DONTWAIT, NULL, NULL) = 208
9984  1784162131.082972 recvfrom(48, 0x7b4b1cafc0, 26624, MSG_DONTWAIT, NULL, NULL) = -1 EAGAIN (Try again)
9984  1784162131.154424 recvfrom(48, "h\0\0\0\2\0\0\0\2\0\0\0\0\0\0\0\242\212\324\260\277\5\0\0\0\0\0\0\3333\36A"..., 26624, MSG_DONTWAIT, NULL, NULL) = 208
9984  1784162131.154563 recvfrom(48, 0x7b4b1cafc0, 26624, MSG_DONTWAIT, NULL, NULL) = -1 EAGAIN (Try again)
9984  1784162131.226079 recvfrom(48, "h\0\0\0\2\0\0\0\2\0\0\0\0\0\0\0\30\331\34\265\277\5\0\0\0\0\0\0\3333\36A"..., 26624, MSG_DONTWAIT, NULL, NULL) = 208
9984  1784162131.226147 recvfrom(48, 0x7b4b1cafc0, 26624, MSG_DONTWAIT, NULL, NULL) = -1 EAGAIN (Try again)
9984  1784162131.300474 recvfrom(48, "h\0\0\0\2\0\0\0\2\0\0\0\0\0\0\0\4\215\224\271\277\5\0\0\0\0\0\0\3333\36A"..., 26624, MSG_DONTWAIT, NULL, NULL) = 208
9984  1784162131.300961 recvfrom(48, 0x7b4b1cafc0, 26624, MSG_DONTWAIT, NULL, NULL) = -1 EAGAIN (Try again)
9984  1784162131.374854 recvfrom(48, "h\0\0\0\2\0\0\0\2\0\0\0\0\0\0\0\342\273\0\276\277\5\0\0\0\0\0\0\3333\36A"..., 26624, MSG_DONTWAIT, NULL, NULL) = 208
9984  1784162131.374897 recvfrom(48, 0x7b4b1cafc0, 26624, MSG_DONTWAIT, NULL, NULL) = -1 EAGAIN (Try again)
9984  1784162131.445151 recvfrom(48, "h\0\0\0\2\0\0\0\2\0\0\0\0\0\0\0W\332+\302\277\5\0\0\0\0\0\0\3333\36A"..., 26624, MSG_DONTWAIT, NULL, NULL) = 208
9984  1784162131.445314 recvfrom(48, 0x7b4b1cafc0, 26624, MSG_DONTWAIT, NULL, NULL) = -1 EAGAIN (Try again)
9984  1784162131.516227 recvfrom(48, "h\0\0\0\2\0\0\0\2\0\0\0\0\0\0\0Upi\306\277\5\0\0\0\0\0\0\3333\36A"..., 26624, MSG_DONTWAIT, NULL, NULL) = 208
9984  1784162131.516368 recvfrom(48, 0x7b4b1cafc0, 26624, MSG_DONTWAIT, NULL, NULL) = -1 EAGAIN (Try again)
9984  1784162131.584903 recvfrom(48, "h\0\0\0\2\0\0\0\2\0\0\0\0\0\0\0OL\202\312\277\5\0\0\0\0\0\0\3333\36A"..., 26624, MSG_DONTWAIT, NULL, NULL) = 208
9984  1784162131.585023 recvfrom(48, 0x7b4b1cafc0, 26624, MSG_DONTWAIT, NULL, NULL) = -1 EAGAIN (Try again)
9984  1784162131.652371 recvfrom(48, "h\0\0\0\2\0\0\0\2\0\0\0\0\0\0\0\204\226\207\316\277\5\0\0\0\0\0\0\3333\36A"..., 26624, MSG_DONTWAIT, NULL, NULL) = 208
9984  1784162131.652609 recvfrom(48, 0x7b4b1cafc0, 26624, MSG_DONTWAIT, NULL, NULL) = -1 EAGAIN (Try again)
9984  1784162131.721431 recvfrom(48, "h\0\0\0\2\0\0\0\2\0\0\0\0\0\0\0$j\245\322\277\5\0\0\0\0\0\0\3333\36A"..., 26624, MSG_DONTWAIT, NULL, NULL) = 208
9984  1784162131.721542 recvfrom(48, 0x7b4b1cafc0, 26624, MSG_DONTWAIT, NULL, NULL) = -1 EAGAIN (Try again)
9984  1784162131.797628 recvfrom(48, "h\0\0\0\2\0\0\0\2\0\0\0\0\0\0\0\5\236-\327\277\5\0\0\0\0\0\0\3333\36A"..., 26624, MSG_DONTWAIT, NULL, NULL) = 208
9984  1784162131.797748 recvfrom(48, 0x7b4b1cafc0, 26624, MSG_DONTWAIT, NULL, NULL) = -1 EAGAIN (Try again)
9984  1784162131.872338 recvfrom(48, "h\0\0\0\2\0\0\0\2\0\0\0\0\0\0\0\340`\243\333\277\5\0\0\0\0\0\0\3333\36A"..., 26624, MSG_DONTWAIT, NULL, NULL) = 208
9984  1784162131.873511 recvfrom(48, 0x7b4b1cafc0, 26624, MSG_DONTWAIT, NULL, NULL) = -1 EAGAIN (Try again)
9984  1784162131.940179 recvfrom(48, "h\0\0\0\2\0\0\0\2\0\0\0\0\0\0\0\231\375\257\337\277\5\0\0\0\0\0\0\3333\36A"..., 26624, MSG_DONTWAIT, NULL, NULL) = 208
9984  1784162131.940288 recvfrom(48, 0x7b4b1cafc0, 26624, MSG_DONTWAIT, NULL, NULL) = -1 EAGAIN (Try again)
9984  1784162132.005412 recvfrom(48, "h\0\0\0\2\0\0\0\2\0\0\0\0\0\0\0\352J\221\343\277\5\0\0\0\0\0\0\3333\36A"..., 26624, MSG_DONTWAIT, NULL, NULL) = 208
9984  1784162132.005544 recvfrom(48, 0x7b4b1cafc0, 26624, MSG_DONTWAIT, NULL, NULL) = -1 EAGAIN (Try again)
9984  1784162132.074812 recvfrom(48, "h\0\0\0\2\0\0\0\2\0\0\0\0\0\0\0&\377\257\347\277\5\0\0\0\0\0\0\3333\36A"..., 26624, MSG_DONTWAIT, NULL, NULL) = 208
9984  1784162132.074916 recvfrom(48, 0x7b4b1cafc0, 26624, MSG_DONTWAIT, NULL, NULL) = -1 EAGAIN (Try again)
9984  1784162132.141212 recvfrom(48, "h\0\0\0\2\0\0\0\2\0\0\0\0\0\0\0$\223\260\353\277\5\0\0\0\0\0\0\3333\36A"..., 26624, MSG_DONTWAIT, NULL, NULL) = 208
9984  1784162132.141267 recvfrom(48, 0x7b4b1cafc0, 26624, MSG_DONTWAIT, NULL, NULL) = -1 EAGAIN (Try again)
9984  1784162132.217729 recvfrom(48, "h\0\0\0\2\0\0\0\2\0\0\0\0\0\0\0<\205>\360\277\5\0\0\0\0\0\0\3333\36A"..., 26624, MSG_DONTWAIT, NULL, NULL) = 208
9984  1784162132.217867 recvfrom(48, 0x7b4b1cafc0, 26624, MSG_DONTWAIT, NULL, NULL) = -1 EAGAIN (Try again)
9984  1784162132.289237 recvfrom(48, "h\0\0\0\2\0\0\0\2\0\0\0\0\0\0\0\322\5x\364\277\5\0\0\0\0\0\0\3333\36A"..., 26624, MSG_DONTWAIT, NULL, NULL) = 208
9984  1784162132.289384 recvfrom(48, 0x7b4b1cafc0, 26624, MSG_DONTWAIT, NULL, NULL) = -1 EAGAIN (Try again)
9984  1784162132.355850 recvfrom(48, "h\0\0\0\2\0\0\0\2\0\0\0\0\0\0\0\r\227q\370\277\5\0\0\0\0\0\0\3333\36A"..., 26624, MSG_DONTWAIT, NULL, NULL) = 208
9984  1784162132.355988 recvfrom(48, 0x7b4b1cafc0, 26624, MSG_DONTWAIT, NULL, NULL) = -1 EAGAIN (Try again)
9984  1784162132.427162 recvfrom(48, "h\0\0\0\2\0\0\0\2\0\0\0\0\0\0\0\5\23\267\374\277\5\0\0\0\0\0\0\3333\36A"..., 26624, MSG_DONTWAIT, NULL, NULL) = 208
9984  1784162132.428437 recvfrom(48, 0x7b4b1cafc0, 26624, MSG_DONTWAIT, NULL, NULL) = -1 EAGAIN (Try again)
9984  1784162132.494655 recvfrom(48, "h\0\0\0\2\0\0\0\2\0\0\0\0\0\0\0\342\313\273\0\300\5\0\0\0\0\0\0\3333\36A"..., 26624, MSG_DONTWAIT, NULL, NULL) = 208
9984  1784162132.494774 recvfrom(48, 0x7b4b1cafc0, 26624, MSG_DONTWAIT, NULL, NULL) = -1 EAGAIN (Try again)
9984  1784162132.562549 recvfrom(48, "h\0\0\0\2\0\0\0\2\0\0\0\0\0\0\0\304\4\305\4\300\5\0\0\0\0\0\0\3333\36A"..., 26624, MSG_DONTWAIT, NULL, NULL) = 208
9984  1784162132.562641 recvfrom(48, 0x7b4b1cafc0, 26624, MSG_DONTWAIT, NULL, NULL) = -1 EAGAIN (Try again)
9984  1784162132.628869 recvfrom(48, "h\0\0\0\2\0\0\0\2\0\0\0\0\0\0\0\177x\274\10\300\5\0\0\0\0\0\0\3333\36A"..., 26624, MSG_DONTWAIT, NULL, NULL) = 208
9984  1784162132.628999 recvfrom(48, 0x7b4b1cafc0, 26624, MSG_DONTWAIT, NULL, NULL) = -1 EAGAIN (Try again)
9984  1784162132.698883 recvfrom(48, "h\0\0\0\2\0\0\0\2\0\0\0\0\0\0\0002P\351\f\300\5\0\0\0\0\0\0\3333\36A"..., 26624, MSG_DONTWAIT, NULL, NULL) = 208
9984  1784162132.698993 recvfrom(48, 0x7b4b1cafc0, 26624, MSG_DONTWAIT, NULL, NULL) = -1 EAGAIN (Try again)
9984  1784162132.766841 recvfrom(48, "h\0\0\0\2\0\0\0\2\0\0\0\0\0\0\0\343\177\366\20\300\5\0\0\0\0\0\0\3333\36A"..., 26624, MSG_DONTWAIT, NULL, NULL) = 208
9984  1784162132.766945 recvfrom(48, 0x7b4b1cafc0, 26624, MSG_DONTWAIT, NULL, NULL) = -1 EAGAIN (Try again)
9984  1784162132.834526 recvfrom(48, "h\0\0\0\2\0\0\0\2\0\0\0\0\0\0\0\205\215\1\25\300\5\0\0\0\0\0\0\3333\36A"..., 26624, MSG_DONTWAIT, NULL, NULL) = 208
9984  1784162132.834600 recvfrom(48, 0x7b4b1cafc0, 26624, MSG_DONTWAIT, NULL, NULL) = -1 EAGAIN (Try again)
9984  1784162132.908536 recvfrom(48, "h\0\0\0\2\0\0\0\2\0\0\0\0\0\0\0x\254g\31\300\5\0\0\0\0\0\0\3333\36A"..., 26624, MSG_DONTWAIT, NULL, NULL) = 208
9984  1784162132.908639 recvfrom(48, 0x7b4b1cafc0, 26624, MSG_DONTWAIT, NULL, NULL) = -1 EAGAIN (Try again)
9984  1784162132.976372 recvfrom(48, "h\0\0\0\2\0\0\0\2\0\0\0\0\0\0\0p\324x\35\300\5\0\0\0\0\0\0\3333\36A"..., 26624, MSG_DONTWAIT, NULL, NULL) = 208
9984  1784162132.976682 recvfrom(48, 0x7b4b1cafc0, 26624, MSG_DONTWAIT, NULL, NULL) = -1 EAGAIN (Try again)
9984  1784162133.044535 recvfrom(48, "h\0\0\0\2\0\0\0\2\0\0\0\0\0\0\0\350`\206!\300\5\0\0\0\0\0\0\3333\36A"..., 26624, MSG_DONTWAIT, NULL, NULL) = 208
9984  1784162133.044644 recvfrom(48, 0x7b4b1cafc0, 26624, MSG_DONTWAIT, NULL, NULL) = -1 EAGAIN (Try again)
9984  1784162133.113585 recvfrom(48, "h\0\0\0\2\0\0\0\2\0\0\0\0\0\0\0a\210\236%\300\5\0\0\0\0\0\0\3333\36A"..., 26624, MSG_DONTWAIT, NULL, NULL) = 208
9984  1784162133.113738 recvfrom(48, 0x7b4b1cafc0, 26624, MSG_DONTWAIT, NULL, NULL) = -1 EAGAIN (Try again)
9984  1784162133.186016 recvfrom(48, "h\0\0\0\2\0\0\0\2\0\0\0\0\0\0\0\251\5\354)\300\5\0\0\0\0\0\0\3333\36A"..., 26624, MSG_DONTWAIT, NULL, NULL) = 208
9984  1784162133.186196 recvfrom(48, 0x7b4b1cafc0, 26624, MSG_DONTWAIT, NULL, NULL) = -1 EAGAIN (Try again)
9984  1784162133.252679 recvfrom(48, "h\0\0\0\2\0\0\0\2\0\0\0\0\0\0\0\17\1\350-\300\5\0\0\0\0\0\0\3333\36A"..., 26624, MSG_DONTWAIT, NULL, NULL) = 208
9984  1784162133.252835 recvfrom(48, 0x7b4b1cafc0, 26624, MSG_DONTWAIT, NULL, NULL) = -1 EAGAIN (Try again)
9984  1784162133.318323 recvfrom(48, "h\0\0\0\2\0\0\0\2\0\0\0\0\0\0\0\36?\3221\300\5\0\0\0\0\0\0\3333\36A"..., 26624, MSG_DONTWAIT, NULL, NULL) = 208
9984  1784162133.318454 recvfrom(48, 0x7b4b1cafc0, 26624, MSG_DONTWAIT, NULL, NULL) = -1 EAGAIN (Try again)
9984  1784162133.385576 recvfrom(48, "h\0\0\0\2\0\0\0\2\0\0\0\0\0\0\0X.\3275\300\5\0\0\0\0\0\0\3333\36A"..., 26624, MSG_DONTWAIT, NULL, NULL) = 208
9984  1784162133.385656 recvfrom(48, 0x7b4b1cafc0, 26624, MSG_DONTWAIT, NULL, NULL) = -1 EAGAIN (Try again)
9984  1784162133.454552 recvfrom(48, "h\0\0\0\2\0\0\0\2\0\0\0\0\0\0\0Z\262\3639\300\5\0\0\0\0\0\0\3333\36A"..., 26624, MSG_DONTWAIT, NULL, NULL) = 208
9984  1784162133.454671 recvfrom(48, 0x7b4b1cafc0, 26624, MSG_DONTWAIT, NULL, NULL) = -1 EAGAIN (Try again)
9984  1784162133.526360 recvfrom(48, "h\0\0\0\2\0\0\0\2\0\0\0\0\0\0\0\240'8>\300\5\0\0\0\0\0\0\3333\36A"..., 26624, MSG_DONTWAIT, NULL, NULL) = 208
9984  1784162133.527570 recvfrom(48, 0x7b4b1cafc0, 26624, MSG_DONTWAIT, NULL, NULL) = -1 EAGAIN (Try again)
9984  1784162133.595610 recvfrom(48, "h\0\0\0\2\0\0\0\2\0\0\0\0\0\0\0Uz\\B\300\5\0\0\0\0\0\0\3333\36A"..., 26624, MSG_DONTWAIT, NULL, NULL) = 208
9984  1784162133.595717 recvfrom(48, 0x7b4b1cafc0, 26624, MSG_DONTWAIT, NULL, NULL) = -1 EAGAIN (Try again)
9984  1784162133.669653 recvfrom(48, "h\0\0\0\2\0\0\0\2\0\0\0\0\0\0\0\311\241\304F\300\5\0\0\0\0\0\0\3333\36A"..., 26624, MSG_DONTWAIT, NULL, NULL) = 208
9984  1784162133.669758 recvfrom(48, 0x7b4b1cafc0, 26624, MSG_DONTWAIT, NULL, NULL) = -1 EAGAIN (Try again)
9984  1784162133.742837 recvfrom(48, "h\0\0\0\2\0\0\0\2\0\0\0\0\0\0\0H\256 K\300\5\0\0\0\0\0\0\3333\36A"..., 26624, MSG_DONTWAIT, NULL, NULL) = 208
9984  1784162133.742950 recvfrom(48, 0x7b4b1cafc0, 26624, MSG_DONTWAIT, NULL, NULL) = -1 EAGAIN (Try again)
10025 1784162133.786416 sendmsg(74, {msg_name=NULL, msg_namelen=0, msg_iov=[{iov_base="l\1\1\1\350\0\0\0L\0\0\0\235\0\0\0\1\1o\0;\0\0\0/re/frid"..., iov_len=408}], msg_iovlen=1, msg_controllen=0, msg_flags=0}, MSG_NOSIGNAL) = 408
9984  1784162133.811078 recvfrom(48, "h\0\0\0\2\0\0\0\2\0\0\0\0\0\0\0\323@)O\300\5\0\0\0\0\0\0\3333\36A"..., 26624, MSG_DONTWAIT, NULL, NULL) = 208
9984  1784162133.811171 recvfrom(48, 0x7b4b1cafc0, 26624, MSG_DONTWAIT, NULL, NULL) = -1 EAGAIN (Try again)
9984  1784162133.877675 recvfrom(48, "h\0\0\0\2\0\0\0\2\0\0\0\0\0\0\0\24102S\300\5\0\0\0\0\0\0\3333\36A"..., 26624, MSG_DONTWAIT, NULL, NULL) = 208
9984  1784162133.877715 recvfrom(48, 0x7b4b1cafc0, 26624, MSG_DONTWAIT, NULL, NULL) = -1 EAGAIN (Try again)
9984  1784162133.943853 recvfrom(48, "h\0\0\0\2\0\0\0\2\0\0\0\0\0\0\0Zy W\300\5\0\0\0\0\0\0\3333\36A"..., 26624, MSG_DONTWAIT, NULL, NULL) = 208
9984  1784162133.943935 recvfrom(48, 0x7b4b1cafc0, 26624, MSG_DONTWAIT, NULL, NULL) = -1 EAGAIN (Try again)
9984  1784162134.012209 recvfrom(48, "h\0\0\0\2\0\0\0\2\0\0\0\0\0\0\0b\363+[\300\5\0\0\0\0\0\0\3333\36A"..., 26624, MSG_DONTWAIT, NULL, NULL) = 208
9984  1784162134.012379 recvfrom(48, 0x7b4b1cafc0, 26624, MSG_DONTWAIT, NULL, NULL) = -1 EAGAIN (Try again)
9984  1784162134.088278 recvfrom(48, "h\0\0\0\2\0\0\0\2\0\0\0\0\0\0\0\270\344\264_\300\5\0\0\0\0\0\0\3333\36A"..., 26624, MSG_DONTWAIT, NULL, NULL) = 208
9984  1784162134.089940 recvfrom(48, 0x7b4b1cafc0, 26624, MSG_DONTWAIT, NULL, NULL) = -1 EAGAIN (Try again)
9984  1784162134.160760 recvfrom(48, "h\0\0\0\2\0\0\0\2\0\0\0\0\0\0\0\352\6\fd\300\5\0\0\0\0\0\0\3333\36A"..., 26624, MSG_DONTWAIT, NULL, NULL) = 208
9984  1784162134.160909 recvfrom(48, 0x7b4b1cafc0, 26624, MSG_DONTWAIT, NULL, NULL) = -1 EAGAIN (Try again)
9984  1784162134.227798 recvfrom(48, "h\0\0\0\2\0\0\0\2\0\0\0\0\0\0\0\301o\vh\300\5\0\0\0\0\0\0\3333\36A"..., 26624, MSG_DONTWAIT, NULL, NULL) = 208
9984  1784162134.227925 recvfrom(48, 0x7b4b1cafc0, 26624, MSG_DONTWAIT, NULL, NULL) = -1 EAGAIN (Try again)
9984  1784162134.305020 recvfrom(48, "h\0\0\0\2\0\0\0\2\0\0\0\0\0\0\0\270\f\240l\300\5\0\0\0\0\0\0\3333\36A"..., 26624, MSG_DONTWAIT, NULL, NULL) = 208
9984  1784162134.305154 recvfrom(48, 0x7b4b1cafc0, 26624, MSG_DONTWAIT, NULL, NULL) = -1 EAGAIN (Try again)
9984  1784162134.372552 recvfrom(48, "h\0\0\0\2\0\0\0\2\0\0\0\0\0\0\0\224\311\250p\300\5\0\0\0\0\0\0\3333\36A"..., 26624, MSG_DONTWAIT, NULL, NULL) = 208
9984  1784162134.372672 recvfrom(48, 0x7b4b1cafc0, 26624, MSG_DONTWAIT, NULL, NULL) = -1 EAGAIN (Try again)
9984  1784162134.441570 recvfrom(48, "h\0\0\0\2\0\0\0\2\0\0\0\0\0\0\0\273\340\276t\300\5\0\0\0\0\0\0\3333\36A"..., 26624, MSG_DONTWAIT, NULL, NULL) = 208
9984  1784162134.441712 recvfrom(48, 0x7b4b1cafc0, 26624, MSG_DONTWAIT, NULL, NULL) = -1 EAGAIN (Try again)
9984  1784162134.513734 recvfrom(48, "h\0\0\0\2\0\0\0\2\0\0\0\0\0\0\0\31\323\26y\300\5\0\0\0\0\0\0\3333\36A"..., 26624, MSG_DONTWAIT, NULL, NULL) = 208
9984  1784162134.514079 recvfrom(48, 0x7b4b1cafc0, 26624, MSG_DONTWAIT, NULL, NULL) = -1 EAGAIN (Try again)
9984  1784162134.583088 recvfrom(48, "h\0\0\0\2\0\0\0\2\0\0\0\0\0\0\0\372\79}\300\5\0\0\0\0\0\0\3333\36A"..., 26624, MSG_DONTWAIT, NULL, NULL) = 208
9984  1784162134.583207 recvfrom(48, 0x7b4b1cafc0, 26624, MSG_DONTWAIT, NULL, NULL) = -1 EAGAIN (Try again)
9984  1784162134.650318 recvfrom(48, "h\0\0\0\2\0\0\0\2\0\0\0\0\0\0\0\240\335<\201\300\5\0\0\0\0\0\0\3333\36A"..., 26624, MSG_DONTWAIT, NULL, NULL) = 208
9984  1784162134.650815 recvfrom(48, 0x7b4b1cafc0, 26624, MSG_DONTWAIT, NULL, NULL) = -1 EAGAIN (Try again)
9984  1784162134.723358 recvfrom(48, "h\0\0\0\2\0\0\0\2\0\0\0\0\0\0\0\204\264\216\205\300\5\0\0\0\0\0\0\3333\36A"..., 26624, MSG_DONTWAIT, NULL, NULL) = 208
9984  1784162134.723562 recvfrom(48, 0x7b4b1cafc0, 26624, MSG_DONTWAIT, NULL, NULL) = -1 EAGAIN (Try again)
9984  1784162134.791366 recvfrom(48, "h\0\0\0\2\0\0\0\2\0\0\0\0\0\0\0\26\205\237\211\300\5\0\0\0\0\0\0\3333\36A"..., 26624, MSG_DONTWAIT, NULL, NULL) = 208
9984  1784162134.791528 recvfrom(48, 0x7b4b1cafc0, 26624, MSG_DONTWAIT, NULL, NULL) = -1 EAGAIN (Try again)
9984  1784162134.859864 recvfrom(48, "h\0\0\0\2\0\0\0\2\0\0\0\0\0\0\0\250{\273\215\300\5\0\0\0\0\0\0\3333\36A"..., 26624, MSG_DONTWAIT, NULL, NULL) = 208
9984  1784162134.859958 recvfrom(48, 0x7b4b1cafc0, 26624, MSG_DONTWAIT, NULL, NULL) = -1 EAGAIN (Try again)
9984  1784162134.926487 recvfrom(48, "h\0\0\0\2\0\0\0\2\0\0\0\0\0\0\0\311w\254\221\300\5\0\0\0\0\0\0\3333\36A"..., 26624, MSG_DONTWAIT, NULL, NULL) = 208
9984  1784162134.926636 recvfrom(48, 0x7b4b1cafc0, 26624, MSG_DONTWAIT, NULL, NULL) = -1 EAGAIN (Try again)
9984  1784162134.995984 recvfrom(48, "h\0\0\0\2\0\0\0\2\0\0\0\0\0\0\0\330@\322\225\300\5\0\0\0\0\0\0\3333\36A"..., 26624, MSG_DONTWAIT, NULL, NULL) = 208
9984  1784162134.996162 recvfrom(48, 0x7b4b1cafc0, 26624, MSG_DONTWAIT, NULL, NULL) = -1 EAGAIN (Try again)
9984  1784162135.062783 recvfrom(48, "h\0\0\0\2\0\0\0\2\0\0\0\0\0\0\0N\332\317\231\300\5\0\0\0\0\0\0\3333\36A"..., 26624, MSG_DONTWAIT, NULL, NULL) = 208
9984  1784162135.062915 recvfrom(48, 0x7b4b1cafc0, 26624, MSG_DONTWAIT, NULL, NULL) = -1 EAGAIN (Try again)
9984  1784162135.131981 recvfrom(48, "h\0\0\0\2\0\0\0\2\0\0\0\0\0\0\0\306\201\353\235\300\5\0\0\0\0\0\0\3333\36A"..., 26624, MSG_DONTWAIT, NULL, NULL) = 208
9984  1784162135.132199 recvfrom(48, 0x7b4b1cafc0, 26624, MSG_DONTWAIT, NULL, NULL) = -1 EAGAIN (Try again)
9984  1784162135.200707 recvfrom(48, "h\0\0\0\2\0\0\0\2\0\0\0\0\0\0\0\334\210\3\242\300\5\0\0\0\0\0\0\3333\36A"..., 26624, MSG_DONTWAIT, NULL, NULL) = 208
9984  1784162135.201932 recvfrom(48, 0x7b4b1cafc0, 26624, MSG_DONTWAIT, NULL, NULL) = -1 EAGAIN (Try again)
9984  1784162135.266824 recvfrom(48, "h\0\0\0\2\0\0\0\2\0\0\0\0\0\0\0\24w\370\245\300\5\0\0\0\0\0\0\3333\36A"..., 26624, MSG_DONTWAIT, NULL, NULL) = 208
9984  1784162135.266947 recvfrom(48, 0x7b4b1cafc0, 26624, MSG_DONTWAIT, NULL, NULL) = -1 EAGAIN (Try again)
9984  1784162135.338636 recvfrom(48, "h\0\0\0\2\0\0\0\2\0\0\0\0\0\0\0>+@\252\300\5\0\0\0\0\0\0\3333\36A"..., 26624, MSG_DONTWAIT, NULL, NULL) = 208
9984  1784162135.338749 recvfrom(48, 0x7b4b1cafc0, 26624, MSG_DONTWAIT, NULL, NULL) = -1 EAGAIN (Try again)
9984  1784162135.415164 recvfrom(48, "h\0\0\0\2\0\0\0\2\0\0\0\0\0\0\0\212\276\321\256\300\5\0\0\0\0\0\0\3333\36A"..., 26624, MSG_DONTWAIT, NULL, NULL) = 208
9984  1784162135.415260 recvfrom(48, 0x7b4b1cafc0, 26624, MSG_DONTWAIT, NULL, NULL) = -1 EAGAIN (Try again)
9984  1784162135.481773 recvfrom(48, "h\0\0\0\2\0\0\0\2\0\0\0\0\0\0\0\325\2\315\262\300\5\0\0\0\0\0\0\3333\36A"..., 26624, MSG_DONTWAIT, NULL, NULL) = 208
9984  1784162135.481939 recvfrom(48, 0x7b4b1cafc0, 26624, MSG_DONTWAIT, NULL, NULL) = -1 EAGAIN (Try again)
9984  1784162135.556469 recvfrom(48, "h\0\0\0\2\0\0\0\2\0\0\0\0\0\0\0\350\247;\267\300\5\0\0\0\0\0\0\3333\36A"..., 26624, MSG_DONTWAIT, NULL, NULL) = 208
9984  1784162135.556681 recvfrom(48, 0x7b4b1cafc0, 26624, MSG_DONTWAIT, NULL, NULL) = -1 EAGAIN (Try again)
9984  1784162135.627624 recvfrom(48, "h\0\0\0\2\0\0\0\2\0\0\0\0\0\0\0\240\227{\273\300\5\0\0\0\0\0\0\3333\36A"..., 26624, MSG_DONTWAIT, NULL, NULL) = 208
9984  1784162135.627758 recvfrom(48, 0x7b4b1cafc0, 26624, MSG_DONTWAIT, NULL, NULL) = -1 EAGAIN (Try again)
9984  1784162135.698649 recvfrom(48, "h\0\0\0\2\0\0\0\2\0\0\0\0\0\0\0\311*\266\277\300\5\0\0\0\0\0\0\3333\36A"..., 26624, MSG_DONTWAIT, NULL, NULL) = 208
9984  1784162135.698756 recvfrom(48, 0x7b4b1cafc0, 26624, MSG_DONTWAIT, NULL, NULL) = -1 EAGAIN (Try again)
9984  1784162135.767041 recvfrom(48, "h\0\0\0\2\0\0\0\2\0\0\0\0\0\0\0\206<\312\303\300\5\0\0\0\0\0\0\3333\36A"..., 26624, MSG_DONTWAIT, NULL, NULL) = 208
9984  1784162135.768349 recvfrom(48, 0x7b4b1cafc0, 26624, MSG_DONTWAIT, NULL, NULL) = -1 EAGAIN (Try again)
9984  1784162135.833108 recvfrom(48, "h\0\0\0\2\0\0\0\2\0\0\0\0\0\0\0(\347\274\307\300\5\0\0\0\0\0\0\3333\36A"..., 26624, MSG_DONTWAIT, NULL, NULL) = 208
9984  1784162135.833166 recvfrom(48, 0x7b4b1cafc0, 26624, MSG_DONTWAIT, NULL, NULL) = -1 EAGAIN (Try again)
9984  1784162135.900725 recvfrom(48, "h\0\0\0\2\0\0\0\2\0\0\0\0\0\0\0:\255\302\313\300\5\0\0\0\0\0\0\3333\36A"..., 26624, MSG_DONTWAIT, NULL, NULL) = 208
9984  1784162135.900820 recvfrom(48, 0x7b4b1cafc0, 26624, MSG_DONTWAIT, NULL, NULL) = -1 EAGAIN (Try again)
9984  1784162135.970637 recvfrom(48, "h\0\0\0\2\0\0\0\2\0\0\0\0\0\0\0\223\306\343\317\300\5\0\0\0\0\0\0\3333\36A"..., 26624, MSG_DONTWAIT, NULL, NULL) = 208
9984  1784162135.970732 recvfrom(48, 0x7b4b1cafc0, 26624, MSG_DONTWAIT, NULL, NULL) = -1 EAGAIN (Try again)
9984  1784162136.036217 recvfrom(48, "h\0\0\0\2\0\0\0\2\0\0\0\0\0\0\0\362\217\325\323\300\5\0\0\0\0\0\0\3333\36A"..., 26624, MSG_DONTWAIT, NULL, NULL) = 208
9984  1784162136.036299 recvfrom(48, 0x7b4b1cafc0, 26624, MSG_DONTWAIT, NULL, NULL) = -1 EAGAIN (Try again)
9984  1784162136.104609 recvfrom(48, "h\0\0\0\2\0\0\0\2\0\0\0\0\0\0\0{\20\350\327\300\5\0\0\0\0\0\0\3333\36A"..., 26624, MSG_DONTWAIT, NULL, NULL) = 208
9984  1784162136.104716 recvfrom(48, 0x7b4b1cafc0, 26624, MSG_DONTWAIT, NULL, NULL) = -1 EAGAIN (Try again)
9984  1784162136.170887 recvfrom(48, "h\0\0\0\2\0\0\0\2\0\0\0\0\0\0\0y\346\335\333\300\5\0\0\0\0\0\0\3333\36A"..., 26624, MSG_DONTWAIT, NULL, NULL) = 208
9984  1784162136.170974 recvfrom(48, 0x7b4b1cafc0, 26624, MSG_DONTWAIT, NULL, NULL) = -1 EAGAIN (Try again)
9984  1784162136.244223 recvfrom(48, "h\0\0\0\2\0\0\0\2\0\0\0\0\0\0\0\f\264<\340\300\5\0\0\0\0\0\0\3333\36A"..., 26624, MSG_DONTWAIT, NULL, NULL) = 208
9984  1784162136.244365 recvfrom(48, 0x7b4b1cafc0, 26624, MSG_DONTWAIT, NULL, NULL) = -1 EAGAIN (Try again)
9984  1784162136.319632 recvfrom(48, "h\0\0\0\2\0\0\0\2\0\0\0\0\0\0\0{\302\274\344\300\5\0\0\0\0\0\0\3333\36A"..., 26624, MSG_DONTWAIT, NULL, NULL) = 208
9984  1784162136.320088 recvfrom(48, 0x7b4b1cafc0, 26624, MSG_DONTWAIT, NULL, NULL) = -1 EAGAIN (Try again)
9984  1784162136.393471 recvfrom(48, "h\0\0\0\2\0\0\0\2\0\0\0\0\0\0\0\36\245\36\351\300\5\0\0\0\0\0\0\3333\36A"..., 26624, MSG_DONTWAIT, NULL, NULL) = 208
9984  1784162136.393593 recvfrom(48, 0x7b4b1cafc0, 26624, MSG_DONTWAIT, NULL, NULL) = -1 EAGAIN (Try again)
9984  1784162136.459096 recvfrom(48, "h\0\0\0\2\0\0\0\2\0\0\0\0\0\0\0\320\246\t\355\300\5\0\0\0\0\0\0\3333\36A"..., 26624, MSG_DONTWAIT, NULL, NULL) = 208
9984  1784162136.459209 recvfrom(48, 0x7b4b1cafc0, 26624, MSG_DONTWAIT, NULL, NULL) = -1 EAGAIN (Try again)
9984  1784162136.535220 recvfrom(48, "h\0\0\0\2\0\0\0\2\0\0\0\0\0\0\0\3503\223\361\300\5\0\0\0\0\0\0\3333\36A"..., 26624, MSG_DONTWAIT, NULL, NULL) = 208
9984  1784162136.535328 recvfrom(48, 0x7b4b1cafc0, 26624, MSG_DONTWAIT, NULL, NULL) = -1 EAGAIN (Try again)
9984  1784162136.611232 recvfrom(48, "h\0\0\0\2\0\0\0\2\0\0\0\0\0\0\0\374\271\33\366\300\5\0\0\0\0\0\0\3333\36A"..., 26624, MSG_DONTWAIT, NULL, NULL) = 208
9984  1784162136.611356 recvfrom(48, 0x7b4b1cafc0, 26624, MSG_DONTWAIT, NULL, NULL) = -1 EAGAIN (Try again)
9984  1784162136.676880 recvfrom(48, "h\0\0\0\2\0\0\0\2\0\0\0\0\0\0\0\220.\6\372\300\5\0\0\0\0\0\0\3333\36A"..., 26624, MSG_DONTWAIT, NULL, NULL) = 208
9984  1784162136.676967 recvfrom(48, 0x7b4b1cafc0, 26624, MSG_DONTWAIT, NULL, NULL) = -1 EAGAIN (Try again)
9984  1784162136.743855 recvfrom(48, "h\0\0\0\2\0\0\0\2\0\0\0\0\0\0\0\267\213\377\375\300\5\0\0\0\0\0\0\3333\36A"..., 26624, MSG_DONTWAIT, NULL, NULL) = 208
9984  1784162136.743945 recvfrom(48, 0x7b4b1cafc0, 26624, MSG_DONTWAIT, NULL, NULL) = -1 EAGAIN (Try again)
9984  1784162136.811838 recvfrom(48, "h\0\0\0\2\0\0\0\2\0\0\0\0\0\0\0j\201\21\2\301\5\0\0\0\0\0\0\3333\36A"..., 26624, MSG_DONTWAIT, NULL, NULL) = 208
9984  1784162136.811935 recvfrom(48, 0x7b4b1cafc0, 26624, MSG_DONTWAIT, NULL, NULL) = -1 EAGAIN (Try again)
9984  1784162136.888153 recvfrom(48, "h\0\0\0\2\0\0\0\2\0\0\0\0\0\0\0\270\22\232\6\301\5\0\0\0\0\0\0\3333\36A"..., 26624, MSG_DONTWAIT, NULL, NULL) = 208
9984  1784162136.889430 recvfrom(48, 0x7b4b1cafc0, 26624, MSG_DONTWAIT, NULL, NULL) = -1 EAGAIN (Try again)
9984  1784162136.958287 recvfrom(48, "h\0\0\0\2\0\0\0\2\0\0\0\0\0\0\0e\324\313\n\301\5\0\0\0\0\0\0\3333\36A"..., 26624, MSG_DONTWAIT, NULL, NULL) = 208
9984  1784162136.958372 recvfrom(48, 0x7b4b1cafc0, 26624, MSG_DONTWAIT, NULL, NULL) = -1 EAGAIN (Try again)
9984  1784162137.025073 recvfrom(48, "h\0\0\0\2\0\0\0\2\0\0\0\0\0\0\0\364\324\305\16\301\5\0\0\0\0\0\0\3333\36A"..., 26624, MSG_DONTWAIT, NULL, NULL) = 208
9984  1784162137.025151 recvfrom(48, 0x7b4b1cafc0, 26624, MSG_DONTWAIT, NULL, NULL) = -1 EAGAIN (Try again)
9984  1784162137.098045 recvfrom(48, "h\0\0\0\2\0\0\0\2\0\0\0\0\0\0\0N\376#\23\301\5\0\0\0\0\0\0\3333\36A"..., 26624, MSG_DONTWAIT, NULL, NULL) = 208
9984  1784162137.098081 recvfrom(48, 0x7b4b1cafc0, 26624, MSG_DONTWAIT, NULL, NULL) = -1 EAGAIN (Try again)
9984  1784162137.169098 recvfrom(48, "h\0\0\0\2\0\0\0\2\0\0\0\0\0\0\0\261\253_\27\301\5\0\0\0\0\0\0\3333\36A"..., 26624, MSG_DONTWAIT, NULL, NULL) = 208
9984  1784162137.169238 recvfrom(48, 0x7b4b1cafc0, 26624, MSG_DONTWAIT, NULL, NULL) = -1 EAGAIN (Try again)
9984  1784162137.242746 recvfrom(48, "h\0\0\0\2\0\0\0\2\0\0\0\0\0\0\0\203@\271\33\301\5\0\0\0\0\0\0\3333\36A"..., 26624, MSG_DONTWAIT, NULL, NULL) = 208
9984  1784162137.242827 recvfrom(48, 0x7b4b1cafc0, 26624, MSG_DONTWAIT, NULL, NULL) = -1 EAGAIN (Try again)
9984  1784162137.308473 recvfrom(48, "h\0\0\0\2\0\0\0\2\0\0\0\0\0\0\0\367\354\245\37\301\5\0\0\0\0\0\0\3333\36A"..., 26624, MSG_DONTWAIT, NULL, NULL) = 208
9984  1784162137.308565 recvfrom(48, 0x7b4b1cafc0, 26624, MSG_DONTWAIT, NULL, NULL) = -1 EAGAIN (Try again)
9984  1784162137.375016 recvfrom(48, "h\0\0\0\2\0\0\0\2\0\0\0\0\0\0\0\207\337\237#\301\5\0\0\0\0\0\0\3333\36A"..., 26624, MSG_DONTWAIT, NULL, NULL) = 208
9984  1784162137.375109 recvfrom(48, 0x7b4b1cafc0, 26624, MSG_DONTWAIT, NULL, NULL) = -1 EAGAIN (Try again)
9984  1784162137.441949 recvfrom(48, "h\0\0\0\2\0\0\0\2\0\0\0\0\0\0\0\v\304\236'\301\5\0\0\0\0\0\0\3333\36A"..., 26624, MSG_DONTWAIT, NULL, NULL) = 208
9984  1784162137.443327 recvfrom(48, 0x7b4b1cafc0, 26624, MSG_DONTWAIT, NULL, NULL) = -1 EAGAIN (Try again)
9984  1784162137.507342 recvfrom(48, "h\0\0\0\2\0\0\0\2\0\0\0\0\0\0\0q\321\201+\301\5\0\0\0\0\0\0\3333\36A"..., 26624, MSG_DONTWAIT, NULL, NULL) = 208
9984  1784162137.507443 recvfrom(48, 0x7b4b1cafc0, 26624, MSG_DONTWAIT, NULL, NULL) = -1 EAGAIN (Try again)
9984  1784162137.576546 recvfrom(48, "h\0\0\0\2\0\0\0\2\0\0\0\0\0\0\0\2069\241/\301\5\0\0\0\0\0\0\3333\36A"..., 26624, MSG_DONTWAIT, NULL, NULL) = 208
9984  1784162137.576651 recvfrom(48, 0x7b4b1cafc0, 26624, MSG_DONTWAIT, NULL, NULL) = -1 EAGAIN (Try again)
9984  1784162137.645275 recvfrom(48, "h\0\0\0\2\0\0\0\2\0\0\0\0\0\0\0\254I\2763\301\5\0\0\0\0\0\0\3333\36A"..., 26624, MSG_DONTWAIT, NULL, NULL) = 208
9984  1784162137.645366 recvfrom(48, 0x7b4b1cafc0, 26624, MSG_DONTWAIT, NULL, NULL) = -1 EAGAIN (Try again)
9984  1784162137.716192 recvfrom(48, "h\0\0\0\2\0\0\0\2\0\0\0\0\0\0\0Fg\3667\301\5\0\0\0\0\0\0\3333\36A"..., 26624, MSG_DONTWAIT, NULL, NULL) = 208
9984  1784162137.716283 recvfrom(48, 0x7b4b1cafc0, 26624, MSG_DONTWAIT, NULL, NULL) = -1 EAGAIN (Try again)
9984  1784162137.783725 recvfrom(48, "h\0\0\0\2\0\0\0\2\0\0\0\0\0\0\0\304\20\377;\301\5\0\0\0\0\0\0\3333\36A"..., 26624, MSG_DONTWAIT, NULL, NULL) = 208
9984  1784162137.783807 recvfrom(48, 0x7b4b1cafc0, 26624, MSG_DONTWAIT, NULL, NULL) = -1 EAGAIN (Try again)
9984  1784162137.850931 recvfrom(48, "h\0\0\0\2\0\0\0\2\0\0\0\0\0\0\0\234i\374?\301\5\0\0\0\0\0\0\3333\36A"..., 26624, MSG_DONTWAIT, NULL, NULL) = 208
9984  1784162137.851019 recvfrom(48, 0x7b4b1cafc0, 26624, MSG_DONTWAIT, NULL, NULL) = -1 EAGAIN (Try again)
9984  1784162137.920033 recvfrom(48, "h\0\0\0\2\0\0\0\2\0\0\0\0\0\0\0\345\315 D\301\5\0\0\0\0\0\0\3333\36A"..., 26624, MSG_DONTWAIT, NULL, NULL) = 208
9984  1784162137.920086 recvfrom(48, 0x7b4b1cafc0, 26624, MSG_DONTWAIT, NULL, NULL) = -1 EAGAIN (Try again)
9984  1784162137.986062 recvfrom(48, "h\0\0\0\2\0\0\0\2\0\0\0\0\0\0\0\365M\17H\301\5\0\0\0\0\0\0\3333\36A"..., 26624, MSG_DONTWAIT, NULL, NULL) = 208
9984  1784162137.986947 recvfrom(48, 0x7b4b1cafc0, 26624, MSG_DONTWAIT, NULL, NULL) = -1 EAGAIN (Try again)
9984  1784162138.057901 recvfrom(48, "h\0\0\0\2\0\0\0\2\0\0\0\0\0\0\0H'RL\301\5\0\0\0\0\0\0\3333\36A"..., 26624, MSG_DONTWAIT, NULL, NULL) = 208
9984  1784162138.058037 recvfrom(48, 0x7b4b1cafc0, 26624, MSG_DONTWAIT, NULL, NULL) = -1 EAGAIN (Try again)
9984  1784162138.125604 recvfrom(48, "h\0\0\0\2\0\0\0\2\0\0\0\0\0\0\0\212\340YP\301\5\0\0\0\0\0\0\3333\36A"..., 26624, MSG_DONTWAIT, NULL, NULL) = 208
9984  1784162138.125719 recvfrom(48, 0x7b4b1cafc0, 26624, MSG_DONTWAIT, NULL, NULL) = -1 EAGAIN (Try again)
9984  1784162138.190782 recvfrom(48, "h\0\0\0\2\0\0\0\2\0\0\0\0\0\0\0\247\361BT\301\5\0\0\0\0\0\0\3333\36A"..., 26624, MSG_DONTWAIT, NULL, NULL) = 208
9984  1784162138.190881 recvfrom(48, 0x7b4b1cafc0, 26624, MSG_DONTWAIT, NULL, NULL) = -1 EAGAIN (Try again)
9984  1784162138.261697 recvfrom(48, "h\0\0\0\2\0\0\0\2\0\0\0\0\0\0\0\361\311{X\301\5\0\0\0\0\0\0\3333\36A"..., 26624, MSG_DONTWAIT, NULL, NULL) = 208
9984  1784162138.261996 recvfrom(48, 0x7b4b1cafc0, 26624, MSG_DONTWAIT, NULL, NULL) = -1 EAGAIN (Try again)
9984  1784162138.334035 recvfrom(48, "h\0\0\0\2\0\0\0\2\0\0\0\0\0\0\0J\320\312\\\301\5\0\0\0\0\0\0\3333\36A"..., 26624, MSG_DONTWAIT, NULL, NULL) = 208
9984  1784162138.334133 recvfrom(48, 0x7b4b1cafc0, 26624, MSG_DONTWAIT, NULL, NULL) = -1 EAGAIN (Try again)
9984  1784162138.402325 recvfrom(48, "h\0\0\0\2\0\0\0\2\0\0\0\0\0\0\0n\316\333`\301\5\0\0\0\0\0\0\3333\36A"..., 26624, MSG_DONTWAIT, NULL, NULL) = 208
9984  1784162138.402421 recvfrom(48, 0x7b4b1cafc0, 26624, MSG_DONTWAIT, NULL, NULL) = -1 EAGAIN (Try again)
9984  1784162138.477523 recvfrom(48, "h\0\0\0\2\0\0\0\2\0\0\0\0\0\0\0\v\247Ve\301\5\0\0\0\0\0\0\3333\36A"..., 26624, MSG_DONTWAIT, NULL, NULL) = 208
9984  1784162138.477619 recvfrom(48, 0x7b4b1cafc0, 26624, MSG_DONTWAIT, NULL, NULL) = -1 EAGAIN (Try again)
9984  1784162138.543233 recvfrom(48, "h\0\0\0\2\0\0\0\2\0\0\0\0\0\0\0~[Di\301\5\0\0\0\0\0\0\3333\36A"..., 26624, MSG_DONTWAIT, NULL, NULL) = 208
9984  1784162138.544469 recvfrom(48, 0x7b4b1cafc0, 26624, MSG_DONTWAIT, NULL, NULL) = -1 EAGAIN (Try again)
9984  1784162138.616300 recvfrom(48, "h\0\0\0\2\0\0\0\2\0\0\0\0\0\0\0`\30\237m\301\5\0\0\0\0\0\0\3333\36A"..., 26624, MSG_DONTWAIT, NULL, NULL) = 208
9984  1784162138.616384 recvfrom(48, 0x7b4b1cafc0, 26624, MSG_DONTWAIT, NULL, NULL) = -1 EAGAIN (Try again)
9984  1784162138.692480 recvfrom(48, "h\0\0\0\2\0\0\0\2\0\0\0\0\0\0\0c\364'r\301\5\0\0\0\0\0\0\3333\36A"..., 26624, MSG_DONTWAIT, NULL, NULL) = 208
9984  1784162138.692595 recvfrom(48, 0x7b4b1cafc0, 26624, MSG_DONTWAIT, NULL, NULL) = -1 EAGAIN (Try again)
9984  1784162138.760249 recvfrom(48, "h\0\0\0\2\0\0\0\2\0\0\0\0\0\0\0\272`2v\301\5\0\0\0\0\0\0\3333\36A"..., 26624, MSG_DONTWAIT, NULL, NULL) = 208
9984  1784162138.760318 recvfrom(48, 0x7b4b1cafc0, 26624, MSG_DONTWAIT, NULL, NULL) = -1 EAGAIN (Try again)
10025 1784162138.765411 sendmsg(74, {msg_name=NULL, msg_namelen=0, msg_iov=[{iov_base="l\1\1\1\350\0\0\0M\0\0\0\235\0\0\0\1\1o\0;\0\0\0/re/frid"..., iov_len=408}], msg_iovlen=1, msg_controllen=0, msg_flags=0}, MSG_NOSIGNAL) = 408
9984  1784162138.825695 recvfrom(48, "h\0\0\0\2\0\0\0\2\0\0\0\0\0\0\0\342\347\35z\301\5\0\0\0\0\0\0\3333\36A"..., 26624, MSG_DONTWAIT, NULL, NULL) = 208
9984  1784162138.825738 recvfrom(48, 0x7b4b1cafc0, 26624, MSG_DONTWAIT, NULL, NULL) = -1 EAGAIN (Try again)
9984  1784162138.895797 recvfrom(48, "h\0\0\0\2\0\0\0\2\0\0\0\0\0\0\0\353gM~\301\5\0\0\0\0\0\0\3333\36A"..., 26624, MSG_DONTWAIT, NULL, NULL) = 208
9984  1784162138.895849 recvfrom(48, 0x7b4b1cafc0, 26624, MSG_DONTWAIT, NULL, NULL) = -1 EAGAIN (Try again)
9984  1784162138.965717 recvfrom(48, "h\0\0\0\2\0\0\0\2\0\0\0\0\0\0\0\355\2l\202\301\5\0\0\0\0\0\0\3333\36A"..., 26624, MSG_DONTWAIT, NULL, NULL) = 208
9984  1784162138.965962 recvfrom(48, 0x7b4b1cafc0, 26624, MSG_DONTWAIT, NULL, NULL) = -1 EAGAIN (Try again)
9984  1784162139.034251 recvfrom(48, "h\0\0\0\2\0\0\0\2\0\0\0\0\0\0\0\320\255\207\206\301\5\0\0\0\0\0\0\3333\36A"..., 26624, MSG_DONTWAIT, NULL, NULL) = 208
9984  1784162139.034365 recvfrom(48, 0x7b4b1cafc0, 26624, MSG_DONTWAIT, NULL, NULL) = -1 EAGAIN (Try again)
9984  1784162139.101495 recvfrom(48, "h\0\0\0\2\0\0\0\2\0\0\0\0\0\0\0\221`\210\212\301\5\0\0\0\0\0\0\3333\36A"..., 26624, MSG_DONTWAIT, NULL, NULL) = 208
9984  1784162139.102951 recvfrom(48, 0x7b4b1cafc0, 26624, MSG_DONTWAIT, NULL, NULL) = -1 EAGAIN (Try again)
10025 1784162139.151416 sendmsg(74, {msg_name=NULL, msg_namelen=0, msg_iov=[{iov_base="l\1\1\1\350\0\0\0N\0\0\0\235\0\0\0\1\1o\0;\0\0\0/re/frid"..., iov_len=408}], msg_iovlen=1, msg_controllen=0, msg_flags=0}, MSG_NOSIGNAL) = 408
9984  1784162139.167231 recvfrom(48, "h\0\0\0\2\0\0\0\2\0\0\0\0\0\0\0\237ty\216\301\5\0\0\0\0\0\0\3333\36A"..., 26624, MSG_DONTWAIT, NULL, NULL) = 208
9984  1784162139.167276 recvfrom(48, 0x7b4b1cafc0, 26624, MSG_DONTWAIT, NULL, NULL) = -1 EAGAIN (Try again)
9984  1784162139.235624 recvfrom(48, "h\0\0\0\2\0\0\0\2\0\0\0\0\0\0\0~\266\213\222\301\5\0\0\0\0\0\0\3333\36A"..., 26624, MSG_DONTWAIT, NULL, NULL) = 208
9984  1784162139.235680 recvfrom(48, 0x7b4b1cafc0, 26624, MSG_DONTWAIT, NULL, NULL) = -1 EAGAIN (Try again)
9984  1784162139.303359 recvfrom(48, "h\0\0\0\2\0\0\0\2\0\0\0\0\0\0\0/\301\216\226\301\5\0\0\0\0\0\0\3333\36A"..., 26624, MSG_DONTWAIT, NULL, NULL) = 208
9984  1784162139.303490 recvfrom(48, 0x7b4b1cafc0, 26624, MSG_DONTWAIT, NULL, NULL) = -1 EAGAIN (Try again)
9984  1784162139.371442 recvfrom(48, "h\0\0\0\2\0\0\0\2\0\0\0\0\0\0\0cz\233\232\301\5\0\0\0\0\0\0\3333\36A"..., 26624, MSG_DONTWAIT, NULL, NULL) = 208
9984  1784162139.371595 recvfrom(48, 0x7b4b1cafc0, 26624, MSG_DONTWAIT, NULL, NULL) = -1 EAGAIN (Try again)
9984  1784162139.438201 recvfrom(48, "h\0\0\0\2\0\0\0\2\0\0\0\0\0\0\0\307\245\226\236\301\5\0\0\0\0\0\0\3333\36A"..., 26624, MSG_DONTWAIT, NULL, NULL) = 208
9984  1784162139.438282 recvfrom(48, 0x7b4b1cafc0, 26624, MSG_DONTWAIT, NULL, NULL) = -1 EAGAIN (Try again)
9984  1784162139.504415 recvfrom(48, "h\0\0\0\2\0\0\0\2\0\0\0\0\0\0\0b\302\213\242\301\5\0\0\0\0\0\0\3333\36A"..., 26624, MSG_DONTWAIT, NULL, NULL) = 208
9984  1784162139.504512 recvfrom(48, 0x7b4b1cafc0, 26624, MSG_DONTWAIT, NULL, NULL) = -1 EAGAIN (Try again)
9984  1784162139.573330 recvfrom(48, "h\0\0\0\2\0\0\0\2\0\0\0\0\0\0\0t\371\251\246\301\5\0\0\0\0\0\0\3333\36A"..., 26624, MSG_DONTWAIT, NULL, NULL) = 208
9984  1784162139.573410 recvfrom(48, 0x7b4b1cafc0, 26624, MSG_DONTWAIT, NULL, NULL) = -1 EAGAIN (Try again)
9984  1784162139.648808 recvfrom(48, "h\0\0\0\2\0\0\0\2\0\0\0\0\0\0\0\216\f/\253\301\5\0\0\0\0\0\0\3333\36A"..., 26624, MSG_DONTWAIT, NULL, NULL) = 208
9984  1784162139.649202 recvfrom(48, 0x7b4b1cafc0, 26624, MSG_DONTWAIT, NULL, NULL) = -1 EAGAIN (Try again)
9984  1784162139.722648 recvfrom(48, "h\0\0\0\2\0\0\0\2\0\0\0\0\0\0\0\177\225\210\257\301\5\0\0\0\0\0\0\3333\36A"..., 26624, MSG_DONTWAIT, NULL, NULL) = 208
9984  1784162139.722762 recvfrom(48, 0x7b4b1cafc0, 26624, MSG_DONTWAIT, NULL, NULL) = -1 EAGAIN (Try again)
9984  1784162139.791410 recvfrom(48, "h\0\0\0\2\0\0\0\2\0\0\0\0\0\0\0\200\270\244\263\301\5\0\0\0\0\0\0\3333\36A"..., 26624, MSG_DONTWAIT, NULL, NULL) = 208
9984  1784162139.791510 recvfrom(48, 0x7b4b1cafc0, 26624, MSG_DONTWAIT, NULL, NULL) = -1 EAGAIN (Try again)
9984  1784162139.866847 recvfrom(48, "h\0\0\0\2\0\0\0\2\0\0\0\0\0\0\0\236\f&\270\301\5\0\0\0\0\0\0\3333\36A"..., 26624, MSG_DONTWAIT, NULL, NULL) = 208
9984  1784162139.866955 recvfrom(48, 0x7b4b1cafc0, 26624, MSG_DONTWAIT, NULL, NULL) = -1 EAGAIN (Try again)
9984  1784162139.934880 recvfrom(48, "h\0\0\0\2\0\0\0\2\0\0\0\0\0\0\0\237\0027\274\301\5\0\0\0\0\0\0\3333\36A"..., 26624, MSG_DONTWAIT, NULL, NULL) = 208
9984  1784162139.934988 recvfrom(48, 0x7b4b1cafc0, 26624, MSG_DONTWAIT, NULL, NULL) = -1 EAGAIN (Try again)
9984  1784162140.008150 recvfrom(48, "h\0\0\0\2\0\0\0\2\0\0\0\0\0\0\0\352b\222\300\301\5\0\0\0\0\0\0\3333\36A"..., 26624, MSG_DONTWAIT, NULL, NULL) = 208
9984  1784162140.008258 recvfrom(48, 0x7b4b1cafc0, 26624, MSG_DONTWAIT, NULL, NULL) = -1 EAGAIN (Try again)
9984  1784162140.074882 recvfrom(48, "h\0\0\0\2\0\0\0\2\0\0\0\0\0\0\0\314\367\216\304\301\5\0\0\0\0\0\0\3333\36A"..., 26624, MSG_DONTWAIT, NULL, NULL) = 208
9984  1784162140.074983 recvfrom(48, 0x7b4b1cafc0, 26624, MSG_DONTWAIT, NULL, NULL) = -1 EAGAIN (Try again)
9984  1784162140.150427 recvfrom(48, "h\0\0\0\2\0\0\0\2\0\0\0\0\0\0\0\320~\16\311\301\5\0\0\0\0\0\0\3333\36A"..., 26624, MSG_DONTWAIT, NULL, NULL) = 208
9984  1784162140.151672 recvfrom(48, 0x7b4b1cafc0, 26624, MSG_DONTWAIT, NULL, NULL) = -1 EAGAIN (Try again)
9984  1784162140.216595 recvfrom(48, "h\0\0\0\2\0\0\0\2\0\0\0\0\0\0\0\374\n\0\315\301\5\0\0\0\0\0\0\3333\36A"..., 26624, MSG_DONTWAIT, NULL, NULL) = 208
9984  1784162140.216719 recvfrom(48, 0x7b4b1cafc0, 26624, MSG_DONTWAIT, NULL, NULL) = -1 EAGAIN (Try again)
9984  1784162140.283707 recvfrom(48, "h\0\0\0\2\0\0\0\2\0\0\0\0\0\0\0\365\16\1\321\301\5\0\0\0\0\0\0\3333\36A"..., 26624, MSG_DONTWAIT, NULL, NULL) = 208
9984  1784162140.283837 recvfrom(48, 0x7b4b1cafc0, 26624, MSG_DONTWAIT, NULL, NULL) = -1 EAGAIN (Try again)
9984  1784162140.351873 recvfrom(48, "h\0\0\0\2\0\0\0\2\0\0\0\0\0\0\0\314\237\r\325\301\5\0\0\0\0\0\0\3333\36A"..., 26624, MSG_DONTWAIT, NULL, NULL) = 208
9984  1784162140.352003 recvfrom(48, 0x7b4b1cafc0, 26624, MSG_DONTWAIT, NULL, NULL) = -1 EAGAIN (Try again)
9984  1784162140.424364 recvfrom(48, "h\0\0\0\2\0\0\0\2\0\0\0\0\0\0\0\215\255g\331\301\5\0\0\0\0\0\0\3333\36A"..., 26624, MSG_DONTWAIT, NULL, NULL) = 208
9984  1784162140.424413 recvfrom(48, 0x7b4b1cafc0, 26624, MSG_DONTWAIT, NULL, NULL) = -1 EAGAIN (Try again)
9984  1784162140.499268 recvfrom(48, "h\0\0\0\2\0\0\0\2\0\0\0\0\0\0\0\235z\333\335\301\5\0\0\0\0\0\0\3333\36A"..., 26624, MSG_DONTWAIT, NULL, NULL) = 208
9984  1784162140.499322 recvfrom(48, 0x7b4b1cafc0, 26624, MSG_DONTWAIT, NULL, NULL) = -1 EAGAIN (Try again)
9984  1784162140.576229 recvfrom(48, "h\0\0\0\2\0\0\0\2\0\0\0\0\0\0\0002\223e\342\301\5\0\0\0\0\0\0\3333\36A"..., 26624, MSG_DONTWAIT, NULL, NULL) = 208
9984  1784162140.576357 recvfrom(48, 0x7b4b1cafc0, 26624, MSG_DONTWAIT, NULL, NULL) = -1 EAGAIN (Try again)
9984  1784162140.644555 recvfrom(48, "h\0\0\0\2\0\0\0\2\0\0\0\0\0\0\0\22\217~\346\301\5\0\0\0\0\0\0\3333\36A"..., 26624, MSG_DONTWAIT, NULL, NULL) = 208
9984  1784162140.644667 recvfrom(48, 0x7b4b1cafc0, 26624, MSG_DONTWAIT, NULL, NULL) = -1 EAGAIN (Try again)
9984  1784162140.718543 recvfrom(48, "h\0\0\0\2\0\0\0\2\0\0\0\0\0\0\0m\35\360\352\301\5\0\0\0\0\0\0\3333\36A"..., 26624, MSG_DONTWAIT, NULL, NULL) = 208
9984  1784162140.719212 recvfrom(48, 0x7b4b1cafc0, 26624, MSG_DONTWAIT, NULL, NULL) = -1 EAGAIN (Try again)
9984  1784162140.793155 recvfrom(48, "h\0\0\0\2\0\0\0\2\0\0\0\0\0\0\0\376-b\357\301\5\0\0\0\0\0\0\3333\36A"..., 26624, MSG_DONTWAIT, NULL, NULL) = 208
9984  1784162140.793296 recvfrom(48, 0x7b4b1cafc0, 26624, MSG_DONTWAIT, NULL, NULL) = -1 EAGAIN (Try again)
9984  1784162140.866824 recvfrom(48, "h\0\0\0\2\0\0\0\2\0\0\0\0\0\0\0\v\4\311\363\301\5\0\0\0\0\0\0\3333\36A"..., 26624, MSG_DONTWAIT, NULL, NULL) = 208
9984  1784162140.866846 recvfrom(48, 0x7b4b1cafc0, 26624, MSG_DONTWAIT, NULL, NULL) = -1 EAGAIN (Try again)
9984  1784162140.937055 recvfrom(48, "h\0\0\0\2\0\0\0\2\0\0\0\0\0\0\0\274\261\355\367\301\5\0\0\0\0\0\0\3333\36A"..., 26624, MSG_DONTWAIT, NULL, NULL) = 208
9984  1784162140.937186 recvfrom(48, 0x7b4b1cafc0, 26624, MSG_DONTWAIT, NULL, NULL) = -1 EAGAIN (Try again)
9984  1784162141.003082 recvfrom(48, "h\0\0\0\2\0\0\0\2\0\0\0\0\0\0\0P\216\337\373\301\5\0\0\0\0\0\0\3333\36A"..., 26624, MSG_DONTWAIT, NULL, NULL) = 208
9984  1784162141.003182 recvfrom(48, 0x7b4b1cafc0, 26624, MSG_DONTWAIT, NULL, NULL) = -1 EAGAIN (Try again)
9984  1784162141.069661 recvfrom(48, "h\0\0\0\2\0\0\0\2\0\0\0\0\0\0\0\336\356\320\377\301\5\0\0\0\0\0\0\3333\36A"..., 26624, MSG_DONTWAIT, NULL, NULL) = 208
9984  1784162141.069788 recvfrom(48, 0x7b4b1cafc0, 26624, MSG_DONTWAIT, NULL, NULL) = -1 EAGAIN (Try again)
9984  1784162141.139927 recvfrom(48, "h\0\0\0\2\0\0\0\2\0\0\0\0\0\0\0W{\3\4\302\5\0\0\0\0\0\0\3333\36A"..., 26624, MSG_DONTWAIT, NULL, NULL) = 208
9984  1784162141.139991 recvfrom(48, 0x7b4b1cafc0, 26624, MSG_DONTWAIT, NULL, NULL) = -1 EAGAIN (Try again)
10024 1784162141.171913 exit(0)         = ?
10024 1784162141.172260 +++ exited with 0 +++
9984  1784162141.210785 recvfrom(48, "h\0\0\0\2\0\0\0\2\0\0\0\0\0\0\0j\334?\10\302\5\0\0\0\0\0\0\3333\36A"..., 26624, MSG_DONTWAIT, NULL, NULL) = 208
9984  1784162141.210895 recvfrom(48, 0x7b4b1cafc0, 26624, MSG_DONTWAIT, NULL, NULL) = -1 EAGAIN (Try again)
10022 1784162141.221368 faccessat(AT_FDCWD, "/proc/self/task/10024", F_OK) = -1 ENOENT (No such file or directory)
9984  1784162141.276107 recvfrom(48, "h\0\0\0\2\0\0\0\2\0\0\0\0\0\0\0\373\0-\f\302\5\0\0\0\0\0\0\3333\36A"..., 26624, MSG_DONTWAIT, NULL, NULL) = 208
9984  1784162141.276556 recvfrom(48, 0x7b4b1cafc0, 26624, MSG_DONTWAIT, NULL, NULL) = -1 EAGAIN (Try again)
9984  1784162141.347290 recvfrom(48, "h\0\0\0\2\0\0\0\2\0\0\0\0\0\0\0$\250f\20\302\5\0\0\0\0\0\0\3333\36A"..., 26624, MSG_DONTWAIT, NULL, NULL) = 208
9984  1784162141.347382 recvfrom(48, 0x7b4b1cafc0, 26624, MSG_DONTWAIT, NULL, NULL) = -1 EAGAIN (Try again)
9984  1784162141.421293 recvfrom(48, "h\0\0\0\2\0\0\0\2\0\0\0\0\0\0\0d\327\306\24\302\5\0\0\0\0\0\0\3333\36A"..., 26624, MSG_DONTWAIT, NULL, NULL) = 208
9984  1784162141.421405 recvfrom(48, 0x7b4b1cafc0, 26624, MSG_DONTWAIT, NULL, NULL) = -1 EAGAIN (Try again)
9984  1784162141.491444 recvfrom(48, "h\0\0\0\2\0\0\0\2\0\0\0\0\0\0\0\273\261\374\30\302\5\0\0\0\0\0\0\3333\36A"..., 26624, MSG_DONTWAIT, NULL, NULL) = 208
9984  1784162141.491564 recvfrom(48, 0x7b4b1cafc0, 26624, MSG_DONTWAIT, NULL, NULL) = -1 EAGAIN (Try again)
9984  1784162141.565682 recvfrom(48, "h\0\0\0\2\0\0\0\2\0\0\0\0\0\0\0\244\377f\35\302\5\0\0\0\0\0\0\3333\36A"..., 26624, MSG_DONTWAIT, NULL, NULL) = 208
9984  1784162141.565795 recvfrom(48, 0x7b4b1cafc0, 26624, MSG_DONTWAIT, NULL, NULL) = -1 EAGAIN (Try again)
9984  1784162141.635932 recvfrom(48, "h\0\0\0\2\0\0\0\2\0\0\0\0\0\0\0\234s\225!\302\5\0\0\0\0\0\0\3333\36A"..., 26624, MSG_DONTWAIT, NULL, NULL) = 208
9984  1784162141.636017 recvfrom(48, 0x7b4b1cafc0, 26624, MSG_DONTWAIT, NULL, NULL) = -1 EAGAIN (Try again)
9984  1784162141.705696 recvfrom(48, "h\0\0\0\2\0\0\0\2\0\0\0\0\0\0\0h&\304%\302\5\0\0\0\0\0\0\3333\36A"..., 26624, MSG_DONTWAIT, NULL, NULL) = 208
9984  1784162141.705887 recvfrom(48, 0x7b4b1cafc0, 26624, MSG_DONTWAIT, NULL, NULL) = -1 EAGAIN (Try again)
9984  1784162141.774194 recvfrom(48, "h\0\0\0\2\0\0\0\2\0\0\0\0\0\0\0\350c\327)\302\5\0\0\0\0\0\0\3333\36A"..., 26624, MSG_DONTWAIT, NULL, NULL) = 208
9984  1784162141.774279 recvfrom(48, 0x7b4b1cafc0, 26624, MSG_DONTWAIT, NULL, NULL) = -1 EAGAIN (Try again)
9984  1784162141.841351 recvfrom(48, "h\0\0\0\2\0\0\0\2\0\0\0\0\0\0\0\261\10\322-\302\5\0\0\0\0\0\0\3333\36A"..., 26624, MSG_DONTWAIT, NULL, NULL) = 208
9984  1784162141.842332 recvfrom(48, 0x7b4b1cafc0, 26624, MSG_DONTWAIT, NULL, NULL) = -1 EAGAIN (Try again)
9984  1784162141.916521 recvfrom(48, "h\0\0\0\2\0\0\0\2\0\0\0\0\0\0\0\376\331T2\302\5\0\0\0\0\0\0\3333\36A"..., 26624, MSG_DONTWAIT, NULL, NULL) = 208
9984  1784162141.916603 recvfrom(48, 0x7b4b1cafc0, 26624, MSG_DONTWAIT, NULL, NULL) = -1 EAGAIN (Try again)
9984  1784162141.986013 recvfrom(48, "h\0\0\0\2\0\0\0\2\0\0\0\0\0\0\0\207\212u6\302\5\0\0\0\0\0\0\3333\36A"..., 26624, MSG_DONTWAIT, NULL, NULL) = 208
9984  1784162141.986102 recvfrom(48, 0x7b4b1cafc0, 26624, MSG_DONTWAIT, NULL, NULL) = -1 EAGAIN (Try again)
9984  1784162142.060587 recvfrom(48, "h\0\0\0\2\0\0\0\2\0\0\0\0\0\0\0\232\231\346:\302\5\0\0\0\0\0\0\3333\36A"..., 26624, MSG_DONTWAIT, NULL, NULL) = 208
9984  1784162142.060720 recvfrom(48, 0x7b4b1cafc0, 26624, MSG_DONTWAIT, NULL, NULL) = -1 EAGAIN (Try again)
9984  1784162142.126272 recvfrom(48, "h\0\0\0\2\0\0\0\2\0\0\0\0\0\0\0\354\376\331>\302\5\0\0\0\0\0\0\3333\36A"..., 26624, MSG_DONTWAIT, NULL, NULL) = 208
9984  1784162142.126331 recvfrom(48, 0x7b4b1cafc0, 26624, MSG_DONTWAIT, NULL, NULL) = -1 EAGAIN (Try again)
9984  1784162142.194927 recvfrom(48, "h\0\0\0\2\0\0\0\2\0\0\0\0\0\0\0\364M\353B\302\5\0\0\0\0\0\0\3333\36A"..., 26624, MSG_DONTWAIT, NULL, NULL) = 208
9984  1784162142.195017 recvfrom(48, 0x7b4b1cafc0, 26624, MSG_DONTWAIT, NULL, NULL) = -1 EAGAIN (Try again)
9984  1784162142.266686 recvfrom(48, "h\0\0\0\2\0\0\0\2\0\0\0\0\0\0\0C\376-G\302\5\0\0\0\0\0\0\3333\36A"..., 26624, MSG_DONTWAIT, NULL, NULL) = 208
9984  1784162142.266819 recvfrom(48, 0x7b4b1cafc0, 26624, MSG_DONTWAIT, NULL, NULL) = -1 EAGAIN (Try again)
9984  1784162142.332537 recvfrom(48, "h\0\0\0\2\0\0\0\2\0\0\0\0\0\0\0\30\374\32K\302\5\0\0\0\0\0\0\3333\36A"..., 26624, MSG_DONTWAIT, NULL, NULL) = 208
9984  1784162142.332686 recvfrom(48, 0x7b4b1cafc0, 26624, MSG_DONTWAIT, NULL, NULL) = -1 EAGAIN (Try again)
9984  1784162142.398564 recvfrom(48, "h\0\0\0\2\0\0\0\2\0\0\0\0\0\0\0y\273\tO\302\5\0\0\0\0\0\0\3333\36A"..., 26624, MSG_DONTWAIT, NULL, NULL) = 208
9984  1784162142.399143 recvfrom(48, 0x7b4b1cafc0, 26624, MSG_DONTWAIT, NULL, NULL) = -1 EAGAIN (Try again)
9984  1784162142.466366 recvfrom(48, "h\0\0\0\2\0\0\0\2\0\0\0\0\0\0\0)\32\25S\302\5\0\0\0\0\0\0\3333\36A"..., 26624, MSG_DONTWAIT, NULL, NULL) = 208
9984  1784162142.466460 recvfrom(48, 0x7b4b1cafc0, 26624, MSG_DONTWAIT, NULL, NULL) = -1 EAGAIN (Try again)
9984  1784162142.537904 recvfrom(48, "h\0\0\0\2\0\0\0\2\0\0\0\0\0\0\0\377I\\W\302\5\0\0\0\0\0\0\3333\36A"..., 26624, MSG_DONTWAIT, NULL, NULL) = 208
9984  1784162142.537961 recvfrom(48, 0x7b4b1cafc0, 26624, MSG_DONTWAIT, NULL, NULL) = -1 EAGAIN (Try again)
9984  1784162142.607327 recvfrom(48, "h\0\0\0\2\0\0\0\2\0\0\0\0\0\0\0\211\\~[\302\5\0\0\0\0\0\0\3333\36A"..., 26624, MSG_DONTWAIT, NULL, NULL) = 208
9984  1784162142.607416 recvfrom(48, 0x7b4b1cafc0, 26624, MSG_DONTWAIT, NULL, NULL) = -1 EAGAIN (Try again)
9984  1784162142.677608 recvfrom(48, "h\0\0\0\2\0\0\0\2\0\0\0\0\0\0\0004\261\261_\302\5\0\0\0\0\0\0\3333\36A"..., 26624, MSG_DONTWAIT, NULL, NULL) = 208
9984  1784162142.677710 recvfrom(48, 0x7b4b1cafc0, 26624, MSG_DONTWAIT, NULL, NULL) = -1 EAGAIN (Try again)
9984  1784162142.745320 recvfrom(48, "h\0\0\0\2\0\0\0\2\0\0\0\0\0\0\0\331&\266c\302\5\0\0\0\0\0\0\3333\36A"..., 26624, MSG_DONTWAIT, NULL, NULL) = 208
9984  1784162142.745499 recvfrom(48, 0x7b4b1cafc0, 26624, MSG_DONTWAIT, NULL, NULL) = -1 EAGAIN (Try again)
9984  1784162142.814524 recvfrom(48, "h\0\0\0\2\0\0\0\2\0\0\0\0\0\0\0\37F\332g\302\5\0\0\0\0\0\0\3333\36A"..., 26624, MSG_DONTWAIT, NULL, NULL) = 208
9984  1784162142.814629 recvfrom(48, 0x7b4b1cafc0, 26624, MSG_DONTWAIT, NULL, NULL) = -1 EAGAIN (Try again)
9984  1784162142.882791 recvfrom(48, "h\0\0\0\2\0\0\0\2\0\0\0\0\0\0\0\345\247\354k\302\5\0\0\0\0\0\0\3333\36A"..., 26624, MSG_DONTWAIT, NULL, NULL) = 208
9984  1784162142.882880 recvfrom(48, 0x7b4b1cafc0, 26624, MSG_DONTWAIT, NULL, NULL) = -1 EAGAIN (Try again)
9984  1784162142.953177 recvfrom(48, "h\0\0\0\2\0\0\0\2\0\0\0\0\0\0\0.)!p\302\5\0\0\0\0\0\0\3333\36A"..., 26624, MSG_DONTWAIT, NULL, NULL) = 208
9984  1784162142.953474 recvfrom(48, 0x7b4b1cafc0, 26624, MSG_DONTWAIT, NULL, NULL) = -1 EAGAIN (Try again)
9984  1784162143.021115 recvfrom(48, "h\0\0\0\2\0\0\0\2\0\0\0\0\0\0\0\371\346't\302\5\0\0\0\0\0\0\3333\36A"..., 26624, MSG_DONTWAIT, NULL, NULL) = 208
9984  1784162143.021227 recvfrom(48, 0x7b4b1cafc0, 26624, MSG_DONTWAIT, NULL, NULL) = -1 EAGAIN (Try again)
9984  1784162143.091644 recvfrom(48, "h\0\0\0\2\0\0\0\2\0\0\0\0\0\0\0\256\340[x\302\5\0\0\0\0\0\0\3333\36A"..., 26624, MSG_DONTWAIT, NULL, NULL) = 208
9984  1784162143.091787 recvfrom(48, 0x7b4b1cafc0, 26624, MSG_DONTWAIT, NULL, NULL) = -1 EAGAIN (Try again)
9984  1784162143.160379 recvfrom(48, "h\0\0\0\2\0\0\0\2\0\0\0\0\0\0\0\r\314q|\302\5\0\0\0\0\0\0\3333\36A"..., 26624, MSG_DONTWAIT, NULL, NULL) = 208
9984  1784162143.160491 recvfrom(48, 0x7b4b1cafc0, 26624, MSG_DONTWAIT, NULL, NULL) = -1 EAGAIN (Try again)
9984  1784162143.228033 recvfrom(48, "h\0\0\0\2\0\0\0\2\0\0\0\0\0\0\0Cu|\200\302\5\0\0\0\0\0\0\3333\36A"..., 26624, MSG_DONTWAIT, NULL, NULL) = 208
9984  1784162143.228157 recvfrom(48, 0x7b4b1cafc0, 26624, MSG_DONTWAIT, NULL, NULL) = -1 EAGAIN (Try again)
9984  1784162143.296198 recvfrom(48, "h\0\0\0\2\0\0\0\2\0\0\0\0\0\0\0Y\237\215\204\302\5\0\0\0\0\0\0\3333\36A"..., 26624, MSG_DONTWAIT, NULL, NULL) = 208
9984  1784162143.296303 recvfrom(48, 0x7b4b1cafc0, 26624, MSG_DONTWAIT, NULL, NULL) = -1 EAGAIN (Try again)
9984  1784162143.363986 recvfrom(48, "h\0\0\0\2\0\0\0\2\0\0\0\0\0\0\0\374\213\232\210\302\5\0\0\0\0\0\0\3333\36A"..., 26624, MSG_DONTWAIT, NULL, NULL) = 208
9984  1784162143.364094 recvfrom(48, 0x7b4b1cafc0, 26624, MSG_DONTWAIT, NULL, NULL) = -1 EAGAIN (Try again)
9984  1784162143.432747 recvfrom(48, "h\0\0\0\2\0\0\0\2\0\0\0\0\0\0\0G\245\261\214\302\5\0\0\0\0\0\0\3333\36A"..., 26624, MSG_DONTWAIT, NULL, NULL) = 208
9984  1784162143.432849 recvfrom(48, 0x7b4b1cafc0, 26624, MSG_DONTWAIT, NULL, NULL) = -1 EAGAIN (Try again)
9984  1784162143.499196 recvfrom(48, "h\0\0\0\2\0\0\0\2\0\0\0\0\0\0\0\266\340\251\220\302\5\0\0\0\0\0\0\3333\36A"..., 26624, MSG_DONTWAIT, NULL, NULL) = 208
9984  1784162143.499779 recvfrom(48, 0x7b4b1cafc0, 26624, MSG_DONTWAIT, NULL, NULL) = -1 EAGAIN (Try again)
9984  1784162143.565389 recvfrom(48, "h\0\0\0\2\0\0\0\2\0\0\0\0\0\0\0\25;\233\224\302\5\0\0\0\0\0\0\3333\36A"..., 26624, MSG_DONTWAIT, NULL, NULL) = 208
9984  1784162143.565486 recvfrom(48, 0x7b4b1cafc0, 26624, MSG_DONTWAIT, NULL, NULL) = -1 EAGAIN (Try again)
9984  1784162143.636788 recvfrom(48, "h\0\0\0\2\0\0\0\2\0\0\0\0\0\0\0/N\336\230\302\5\0\0\0\0\0\0\3333\36A"..., 26624, MSG_DONTWAIT, NULL, NULL) = 208
9984  1784162143.636846 recvfrom(48, 0x7b4b1cafc0, 26624, MSG_DONTWAIT, NULL, NULL) = -1 EAGAIN (Try again)
9984  1784162143.705436 recvfrom(48, "h\0\0\0\2\0\0\0\2\0\0\0\0\0\0\0\330\253\356\234\302\5\0\0\0\0\0\0\3333\36A"..., 26624, MSG_DONTWAIT, NULL, NULL) = 208
9984  1784162143.705537 recvfrom(48, 0x7b4b1cafc0, 26624, MSG_DONTWAIT, NULL, NULL) = -1 EAGAIN (Try again)
10025 1784162143.728450 sendmsg(74, {msg_name=NULL, msg_namelen=0, msg_iov=[{iov_base="l\1\1\1\350\0\0\0O\0\0\0\235\0\0\0\1\1o\0;\0\0\0/re/frid"..., iov_len=408}], msg_iovlen=1, msg_controllen=0, msg_flags=0}, MSG_NOSIGNAL) = 408
9984  1784162143.770327 recvfrom(48, "h\0\0\0\2\0\0\0\2\0\0\0\0\0\0\0\265 \327\240\302\5\0\0\0\0\0\0\3333\36A"..., 26624, MSG_DONTWAIT, NULL, NULL) = 208
9984  1784162143.770380 recvfrom(48, 0x7b4b1cafc0, 26624, MSG_DONTWAIT, NULL, NULL) = -1 EAGAIN (Try again)
9984  1784162143.843906 recvfrom(48, "h\0\0\0\2\0\0\0\2\0\0\0\0\0\0\0t/9\245\302\5\0\0\0\0\0\0\3333\36A"..., 26624, MSG_DONTWAIT, NULL, NULL) = 208
9984  1784162143.843958 recvfrom(48, 0x7b4b1cafc0, 26624, MSG_DONTWAIT, NULL, NULL) = -1 EAGAIN (Try again)
10025 1784162143.870265 sendmsg(74, {msg_name=NULL, msg_namelen=0, msg_iov=[{iov_base="l\1\1\1\350\0\0\0P\0\0\0\235\0\0\0\1\1o\0;\0\0\0/re/frid"..., iov_len=408}], msg_iovlen=1, msg_controllen=0, msg_flags=0}, MSG_NOSIGNAL) = 408
9984  1784162143.910652 recvfrom(48, "h\0\0\0\2\0\0\0\2\0\0\0\0\0\0\0\375\3012\251\302\5\0\0\0\0\0\0\3333\36A"..., 26624, MSG_DONTWAIT, NULL, NULL) = 208
9984  1784162143.910711 recvfrom(48, 0x7b4b1cafc0, 26624, MSG_DONTWAIT, NULL, NULL) = -1 EAGAIN (Try again)
10025 1784162143.968219 sendmsg(74, {msg_name=NULL, msg_namelen=0, msg_iov=[{iov_base="l\1\1\1\350\0\0\0Q\0\0\0\235\0\0\0\1\1o\0;\0\0\0/re/frid"..., iov_len=408}], msg_iovlen=1, msg_controllen=0, msg_flags=0}, MSG_NOSIGNAL) = 408
9984  1784162143.978438 recvfrom(48, "h\0\0\0\2\0\0\0\2\0\0\0\0\0\0\0\341\276>\255\302\5\0\0\0\0\0\0\3333\36A"..., 26624, MSG_DONTWAIT, NULL, NULL) = 208
9984  1784162143.978469 recvfrom(48, 0x7b4b1cafc0, 26624, MSG_DONTWAIT, NULL, NULL) = -1 EAGAIN (Try again)
9984  1784162144.044085 recvfrom(48, "h\0\0\0\2\0\0\0\2\0\0\0\0\0\0\0l\177'\261\302\5\0\0\0\0\0\0\3333\36A"..., 26624, MSG_DONTWAIT, NULL, NULL) = 208
9984  1784162144.044401 recvfrom(48, 0x7b4b1cafc0, 26624, MSG_DONTWAIT, NULL, NULL) = -1 EAGAIN (Try again)
9984  1784162144.112069 recvfrom(48, "h\0\0\0\2\0\0\0\2\0\0\0\0\0\0\0\207\377-\265\302\5\0\0\0\0\0\0\3333\36A"..., 26624, MSG_DONTWAIT, NULL, NULL) = 208
9984  1784162144.112188 recvfrom(48, 0x7b4b1cafc0, 26624, MSG_DONTWAIT, NULL, NULL) = -1 EAGAIN (Try again)
10025 1784162144.174973 sendmsg(74, {msg_name=NULL, msg_namelen=0, msg_iov=[{iov_base="l\1\1\1\350\0\0\0R\0\0\0\235\0\0\0\1\1o\0;\0\0\0/re/frid"..., iov_len=408}], msg_iovlen=1, msg_controllen=0, msg_flags=0}, MSG_NOSIGNAL) = 408
9984  1784162144.177952 recvfrom(48, "h\0\0\0\2\0\0\0\2\0\0\0\0\0\0\0\370\313\36\271\302\5\0\0\0\0\0\0\3333\36A"..., 26624, MSG_DONTWAIT, NULL, NULL) = 208
9984  1784162144.177981 recvfrom(48, 0x7b4b1cafc0, 26624, MSG_DONTWAIT, NULL, NULL) = -1 EAGAIN (Try again)
9984  1784162144.244279 recvfrom(48, "h\0\0\0\2\0\0\0\2\0\0\0\0\0\0\0 &\25\275\302\5\0\0\0\0\0\0\3333\36A"..., 26624, MSG_DONTWAIT, NULL, NULL) = 208
9984  1784162144.244344 recvfrom(48, 0x7b4b1cafc0, 26624, MSG_DONTWAIT, NULL, NULL) = -1 EAGAIN (Try again)
10025 1784162144.309387 sendmsg(74, {msg_name=NULL, msg_namelen=0, msg_iov=[{iov_base="l\1\1\1\350\0\0\0S\0\0\0\235\0\0\0\1\1o\0;\0\0\0/re/frid"..., iov_len=408}], msg_iovlen=1, msg_controllen=0, msg_flags=0}, MSG_NOSIGNAL) = 408
9984  1784162144.310402 recvfrom(48, "h\0\0\0\2\0\0\0\2\0\0\0\0\0\0\0v\230\10\301\302\5\0\0\0\0\0\0\3333\36A"..., 26624, MSG_DONTWAIT, NULL, NULL) = 208
9984  1784162144.310421 recvfrom(48, 0x7b4b1cafc0, 26624, MSG_DONTWAIT, NULL, NULL) = -1 EAGAIN (Try again)
9984  1784162144.379542 recvfrom(48, "h\0\0\0\2\0\0\0\2\0\0\0\0\0\0\0\321*&\305\302\5\0\0\0\0\0\0\3333\36A"..., 26624, MSG_DONTWAIT, NULL, NULL) = 208
9984  1784162144.379594 recvfrom(48, 0x7b4b1cafc0, 26624, MSG_DONTWAIT, NULL, NULL) = -1 EAGAIN (Try again)
9984  1784162144.448111 recvfrom(48, "h\0\0\0\2\0\0\0\2\0\0\0\0\0\0\0\225\2747\311\302\5\0\0\0\0\0\0\3333\36A"..., 26624, MSG_DONTWAIT, NULL, NULL) = 208
9984  1784162144.448287 recvfrom(48, 0x7b4b1cafc0, 26624, MSG_DONTWAIT, NULL, NULL) = -1 EAGAIN (Try again)
9984  1784162144.518883 recvfrom(48, "h\0\0\0\2\0\0\0\2\0\0\0\0\0\0\0lkk\315\302\5\0\0\0\0\0\0\3333\36A"..., 26624, MSG_DONTWAIT, NULL, NULL) = 208
9984  1784162144.519010 recvfrom(48, 0x7b4b1cafc0, 26624, MSG_DONTWAIT, NULL, NULL) = -1 EAGAIN (Try again)
10025 1784162144.535580 sendmsg(74, {msg_name=NULL, msg_namelen=0, msg_iov=[{iov_base="l\1\1\1\350\0\0\0T\0\0\0\235\0\0\0\1\1o\0;\0\0\0/re/frid"..., iov_len=408}], msg_iovlen=1, msg_controllen=0, msg_flags=0}, MSG_NOSIGNAL) = 408
9984  1784162144.593603 recvfrom(48, "h\0\0\0\2\0\0\0\2\0\0\0\0\0\0\0\f\335\347\321\302\5\0\0\0\0\0\0\3333\36A"..., 26624, MSG_DONTWAIT, NULL, NULL) = 208
9984  1784162144.593886 recvfrom(48, 0x7b4b1cafc0, 26624, MSG_DONTWAIT, NULL, NULL) = -1 EAGAIN (Try again)
9984  1784162144.660648 recvfrom(48, "h\0\0\0\2\0\0\0\2\0\0\0\0\0\0\0\266\t\351\325\302\5\0\0\0\0\0\0\3333\36A"..., 26624, MSG_DONTWAIT, NULL, NULL) = 208
9984  1784162144.660694 recvfrom(48, 0x7b4b1cafc0, 26624, MSG_DONTWAIT, NULL, NULL) = -1 EAGAIN (Try again)
