10749 1783889790.385613 exit(0)         = ?
10749 1783889790.385892 +++ exited with 0 +++
10748 1783889790.385899 exit(0)         = ?
10748 1783889790.386227 +++ exited with 0 +++
10747 1783889790.386231 exit(0)         = ?
10747 1783889790.386551 +++ exited with 0 +++
10743 1783889790.386656 exit(0)         = ?
10743 1783889790.386891 +++ exited with 0 +++
10760 1783889790.388723 newfstatat(AT_FDCWD, "/data", {st_mode=S_IFDIR|0771, st_size=4096, ...}, AT_SYMLINK_NOFOLLOW) = 0
10760 1783889790.388956 newfstatat(AT_FDCWD, "/data/app", {st_mode=S_IFDIR|0771, st_size=4096, ...}, AT_SYMLINK_NOFOLLOW) = 0
10760 1783889790.389169 newfstatat(AT_FDCWD, "/data/app/agrigolo.opendrummer-zOq8LJOsKBP_ozjpkthCSA==", {st_mode=S_IFDIR|0775, st_size=4096, ...}, AT_SYMLINK_NOFOLLOW) = 0
10760 1783889790.389442 newfstatat(AT_FDCWD, "/data/app/agrigolo.opendrummer-zOq8LJOsKBP_ozjpkthCSA==/base.apk", {st_mode=S_IFREG|0644, st_size=6671757, ...}, AT_SYMLINK_NOFOLLOW) = 0
10760 1783889790.389707 getcwd("/", 4096) = 2
10760 1783889790.389917 newfstatat(AT_FDCWD, "/base.apk", 0x7ea7638690, AT_SYMLINK_NOFOLLOW) = -1 ENOENT (No such file or directory)
10739 1783889791.307448 clone(child_stack=0x7ea379bd40, flags=CLONE_VM|CLONE_FS|CLONE_FILES|CLONE_SIGHAND|CLONE_THREAD|CLONE_SYSVSEM|CLONE_SETTLS|CLONE_PARENT_SETTID|CLONE_CHILD_CLEARTID, parent_tidptr=0x7ea379bd60, tls=0x7ea379c020, child_tidptr=0x7ea379bd60) = 10816
10816 1783889791.311391 faccessat(AT_FDCWD, "/data/user/0/agrigolo.opendrummer", F_OK) = 0
10816 1783889791.311575 faccessat(AT_FDCWD, "/data/user/0/agrigolo.opendrummer/files", F_OK) = 0
10816 1783889791.311760 faccessat(AT_FDCWD, "/data/user/0/agrigolo.opendrummer/files/profileinstaller_profileWrittenFor_lastUpdateTime.dat", F_OK) = 0
10816 1783889791.311932 openat(AT_FDCWD, "/data/user/0/agrigolo.opendrummer/files/profileinstaller_profileWrittenFor_lastUpdateTime.dat", O_RDONLY) = 64
10816 1783889791.312442 getsockopt(64, SOL_SOCKET, SO_ERROR, 0x7ea379a254, [4]) = -1 ENOTSOCK (Socket operation on non-socket)
10816 1783889791.313830 openat(AT_FDCWD, "/data/app/agrigolo.opendrummer-zOq8LJOsKBP_ozjpkthCSA==/base.apk", O_RDONLY) = 64
10816 1783889791.314153 getsockopt(64, SOL_SOCKET, SO_ERROR, 0x7ea3799c74, [4]) = -1 ENOTSOCK (Socket operation on non-socket)
10816 1783889791.314470 newfstatat(AT_FDCWD, "/data/misc/profiles/ref/agrigolo.opendrummer/primary.prof", 0x7ea3799c18, 0) = -1 ENOENT (No such file or directory)
10816 1783889791.314654 faccessat(AT_FDCWD, "/data/misc/profiles/ref/agrigolo.opendrummer/primary.prof", F_OK) = -1 ENOENT (No such file or directory)
10816 1783889791.314827 newfstatat(AT_FDCWD, "/data/misc/profiles/cur/0/agrigolo.opendrummer/primary.prof", {st_mode=S_IFREG|0600, st_size=11154, ...}, 0) = 0
10816 1783889791.314992 faccessat(AT_FDCWD, "/data/misc/profiles/cur/0/agrigolo.opendrummer/primary.prof", F_OK) = 0
10816 1783889791.315412 faccessat(AT_FDCWD, "/data/user/0/agrigolo.opendrummer/files", F_OK) = 0
10816 1783889791.315571 faccessat(AT_FDCWD, "/data/user/0/agrigolo.opendrummer/files/profileInstalled", F_OK) = 0
10816 1783889791.315743 openat(AT_FDCWD, "/data/user/0/agrigolo.opendrummer/files/profileInstalled", O_RDONLY) = 64
10816 1783889791.316644 getsockopt(64, SOL_SOCKET, SO_ERROR, 0x7ea3799594, [4]) = -1 ENOTSOCK (Socket operation on non-socket)
10816 1783889791.318881 exit(0)         = ?
10816 1783889791.319031 +++ exited with 0 +++
10774 1783889791.368171 faccessat(AT_FDCWD, "/proc/self/task/10816", F_OK) = -1 ENOENT (No such file or directory)
10776 1783889803.217528 exit(0)         = ?
10776 1783889803.217891 +++ exited with 0 +++
10774 1783889803.266009 faccessat(AT_FDCWD, "/proc/self/task/10776", F_OK) = -1 ENOENT (No such file or directory)
10739 1783889803.391324 recvfrom(45, "\2\0\0\0\0\0\0\0\221\16\0\0\0\0\0\0\0\231\374zo\2\0\0\1\0\0\0\2\20\0\0"..., 2272, MSG_DONTWAIT, NULL, NULL) = 232
10739 1783889803.392934 sendto(45, "\3\0\0\0\0\0\0\0\221\16\0\0\1\0\0\0", 16, MSG_DONTWAIT|MSG_NOSIGNAL, NULL, 0) = 16
10739 1783889803.393143 recvfrom(45, "\2\0\0\0\0\0\0\0\223\16\0\0\0\0\0\0\0\231\374zo\2\0\0\1\0\0\0\2\20\0\0"..., 2272, MSG_DONTWAIT, NULL, NULL) = 232
10739 1783889803.393693 recvfrom(38, 0x7fd6defd50, 3200, MSG_DONTWAIT, NULL, NULL) = -1 EAGAIN (Try again)
10739 1783889803.394290 sendto(45, "\3\0\0\0\0\0\0\0\223\16\0\0\1\0\0\0", 16, MSG_DONTWAIT|MSG_NOSIGNAL, NULL, 0) = 16
10739 1783889803.394696 recvfrom(45, 0x7f37ba5420, 2272, MSG_DONTWAIT, NULL, NULL) = -1 EAGAIN (Try again)
10739 1783889803.410676 recvfrom(38, "nysv\0\0\0\0\0\0\0\0\0\0\0\0\211{:|o\2\0\0\214p\2\0\0\0\0\0", 3200, MSG_DONTWAIT, NULL, NULL) = 32
10739 1783889803.410850 recvfrom(38, 0x7fd6df3350, 3200, MSG_DONTWAIT, NULL, NULL) = -1 EAGAIN (Try again)
10739 1783889803.411145 recvfrom(45, 0x7f37ba5420, 2272, MSG_DONTWAIT, NULL, NULL) = -1 EAGAIN (Try again)
10739 1783889803.411308 recvfrom(38, 0x7fd6df32b0, 3200, MSG_DONTWAIT, NULL, NULL) = -1 EAGAIN (Try again)
10761 1783889803.415129 recvfrom(42, 0x7ea743ceb0, 3200, MSG_DONTWAIT, NULL, NULL) = -1 EAGAIN (Try again)
10739 1783889803.416032 socket(AF_UNIX, SOCK_DGRAM|SOCK_CLOEXEC|SOCK_NONBLOCK, 0) = 64
10739 1783889803.416179 setsockopt(64, SOL_SOCKET, SO_SNDBUF, [1048576], 4) = 0
10739 1783889803.416340 connect(64, {sa_family=AF_UNIX, sun_path="/dev/socket/statsdw"}, 110) = 0
10761 1783889803.426929 recvfrom(42, "nysv\0\0\0\0\0\0\0\0\0\0\0\0\242\319}o\2\0\0\215p\2\0\0\0\0\0", 3200, MSG_DONTWAIT, NULL, NULL) = 32
10761 1783889803.427054 recvfrom(42, 0x7ea743cc80, 3200, MSG_DONTWAIT, NULL, NULL) = -1 EAGAIN (Try again)
10761 1783889803.437712 recvfrom(42, 0x7ea743ceb0, 3200, MSG_DONTWAIT, NULL, NULL) = -1 EAGAIN (Try again)
10761 1783889803.443690 recvfrom(42, "nysv\0\0\0\0\0\0\0\0\0\0\0\0H\2657~o\2\0\0\216p\2\0\0\0\0\0", 3200, MSG_DONTWAIT, NULL, NULL) = 32
10761 1783889803.443724 recvfrom(42, 0x7ea743cc80, 3200, MSG_DONTWAIT, NULL, NULL) = -1 EAGAIN (Try again)
10761 1783889803.451488 recvfrom(42, 0x7ea743ceb0, 3200, MSG_DONTWAIT, NULL, NULL) = -1 EAGAIN (Try again)
10777 1783889803.457895 sendmsg(65, {msg_name=NULL, msg_namelen=0, msg_iov=[{iov_base="l\1\1\1\24\1\0\0L\0\0\0\235\0\0\0\1\1o\0;\0\0\0/re/frid"..., iov_len=452}], msg_iovlen=1, msg_controllen=0, msg_flags=0}, MSG_NOSIGNAL) = 452
10761 1783889803.460444 recvfrom(42, "nysv\0\0\0\0\0\0\0\0\0\0\0\0\216Q6\177o\2\0\0\217p\2\0\0\0\0\0", 3200, MSG_DONTWAIT, NULL, NULL) = 32
10761 1783889803.460466 recvfrom(42, 0x7ea743cc80, 3200, MSG_DONTWAIT, NULL, NULL) = -1 EAGAIN (Try again)
10761 1783889803.468770 recvfrom(42, 0x7ea743ceb0, 3200, MSG_DONTWAIT, NULL, NULL) = -1 EAGAIN (Try again)
10761 1783889803.477145 recvfrom(42, "nysv\0\0\0\0\0\0\0\0\0\0\0\0f\3554\200o\2\0\0\220p\2\0\0\0\0\0", 3200, MSG_DONTWAIT, NULL, NULL) = 32
10761 1783889803.477164 recvfrom(42, 0x7ea743cc80, 3200, MSG_DONTWAIT, NULL, NULL) = -1 EAGAIN (Try again)
10761 1783889803.485468 recvfrom(42, 0x7ea743ceb0, 3200, MSG_DONTWAIT, NULL, NULL) = -1 EAGAIN (Try again)
10739 1783889803.488489 recvfrom(38, "nysv\0\0\0\0\0\0\0\0\0\0\0\0\242\319}o\2\0\0\215p\2\0\0\0\0\0", 3200, MSG_DONTWAIT, NULL, NULL) = 32
10739 1783889803.488653 recvfrom(38, 0x7fd6df3350, 3200, MSG_DONTWAIT, NULL, NULL) = -1 EAGAIN (Try again)
10739 1783889803.488811 recvfrom(68, 0x7ea2375020, 2272, MSG_DONTWAIT, NULL, NULL) = -1 EAGAIN (Try again)
10739 1783889803.488974 recvfrom(38, 0x7fd6df32b0, 3200, MSG_DONTWAIT, NULL, NULL) = -1 EAGAIN (Try again)
10761 1783889803.494114 recvfrom(42, "nysv\0\0\0\0\0\0\0\0\0\0\0\0\251\2073\201o\2\0\0\221p\2\0\0\0\0\0", 3200, MSG_DONTWAIT, NULL, NULL) = 32
10761 1783889803.494139 recvfrom(42, 0x7ea743cc80, 3200, MSG_DONTWAIT, NULL, NULL) = -1 EAGAIN (Try again)
10761 1783889803.501054 recvfrom(42, 0x7ea743ceb0, 3200, MSG_DONTWAIT, NULL, NULL) = -1 EAGAIN (Try again)
10761 1783889803.511413 recvfrom(42, "nysv\0\0\0\0\0\0\0\0\0\0\0\0\266\3601\202o\2\0\0\222p\2\0\0\0\0\0", 3200, MSG_DONTWAIT, NULL, NULL) = 32
10761 1783889803.511491 recvfrom(42, 0x7ea743cc80, 3200, MSG_DONTWAIT, NULL, NULL) = -1 EAGAIN (Try again)
10739 1783889803.512426 recvfrom(38, "nysv\0\0\0\0\0\0\0\0\0\0\0\0\251\2073\201o\2\0\0\221p\2\0\0\0\0\0", 3200, MSG_DONTWAIT, NULL, NULL) = 32
10739 1783889803.512785 recvfrom(38, 0x7fd6df3350, 3200, MSG_DONTWAIT, NULL, NULL) = -1 EAGAIN (Try again)
10761 1783889803.519778 recvfrom(42, 0x7ea743ceb0, 3200, MSG_DONTWAIT, NULL, NULL) = -1 EAGAIN (Try again)
10761 1783889803.520551 recvfrom(42, 0x7ea743ceb0, 3200, MSG_DONTWAIT, NULL, NULL) = -1 EAGAIN (Try again)
10739 1783889803.523468 recvfrom(68, 0x7ea2375020, 2272, MSG_DONTWAIT, NULL, NULL) = -1 EAGAIN (Try again)
10739 1783889803.523616 recvfrom(45, 0x7f37ba5420, 2272, MSG_DONTWAIT, NULL, NULL) = -1 EAGAIN (Try again)
10739 1783889803.523780 recvfrom(38, 0x7fd6df32b0, 3200, MSG_DONTWAIT, NULL, NULL) = -1 EAGAIN (Try again)
10761 1783889803.529550 recvfrom(42, "nysv\0\0\0\0\0\0\0\0\0\0\0\0007\2060\203o\2\0\0\223p\2\0\0\0\0\0", 3200, MSG_DONTWAIT, NULL, NULL) = 32
10761 1783889803.529583 recvfrom(42, 0x7ea743cc80, 3200, MSG_DONTWAIT, NULL, NULL) = -1 EAGAIN (Try again)
10761 1783889803.537932 recvfrom(42, 0x7ea743ceb0, 3200, MSG_DONTWAIT, NULL, NULL) = -1 EAGAIN (Try again)
10739 1783889803.538541 recvfrom(38, "nysv\0\0\0\0\0\0\0\0\0\0\0\0007\2060\203o\2\0\0\223p\2\0\0\0\0\0", 3200, MSG_DONTWAIT, NULL, NULL) = 32
10739 1783889803.538706 recvfrom(38, 0x7fd6df3350, 3200, MSG_DONTWAIT, NULL, NULL) = -1 EAGAIN (Try again)
10761 1783889803.539380 recvfrom(42, 0x7ea743ceb0, 3200, MSG_DONTWAIT, NULL, NULL) = -1 EAGAIN (Try again)
10739 1783889803.540271 recvfrom(45, 0x7f37ba5420, 2272, MSG_DONTWAIT, NULL, NULL) = -1 EAGAIN (Try again)
10739 1783889803.540400 recvfrom(68, 0x7ea2375020, 2272, MSG_DONTWAIT, NULL, NULL) = -1 EAGAIN (Try again)
10739 1783889803.540535 recvfrom(38, 0x7fd6df32b0, 3200, MSG_DONTWAIT, NULL, NULL) = -1 EAGAIN (Try again)
10761 1783889803.541237 recvfrom(42, 0x7ea743ceb0, 3200, MSG_DONTWAIT, NULL, NULL) = -1 EAGAIN (Try again)
10761 1783889803.544177 recvfrom(42, "nysv\0\0\0\0\0\0\0\0\0\0\0\0^\35/\204o\2\0\0\224p\2\0\0\0\0\0", 3200, MSG_DONTWAIT, NULL, NULL) = 32
10761 1783889803.544191 recvfrom(42, 0x7ea743cc80, 3200, MSG_DONTWAIT, NULL, NULL) = -1 EAGAIN (Try again)
10739 1783889803.544423 recvfrom(38, "nysv\0\0\0\0\0\0\0\0\0\0\0\0^\35/\204o\2\0\0\224p\2\0\0\0\0\0", 3200, MSG_DONTWAIT, NULL, NULL) = 32
10739 1783889803.544762 recvfrom(38, 0x7fd6df3350, 3200, MSG_DONTWAIT, NULL, NULL) = -1 EAGAIN (Try again)
10739 1783889803.546760 recvfrom(38, 0x7fd6df32b0, 3200, MSG_DONTWAIT, NULL, NULL) = -1 EAGAIN (Try again)
10761 1783889803.551510 recvfrom(42, 0x7ea743ceb0, 3200, MSG_DONTWAIT, NULL, NULL) = -1 EAGAIN (Try again)
10761 1783889803.560532 recvfrom(42, "nysv\0\0\0\0\0\0\0\0\0\0\0\0\320\263-\205o\2\0\0\225p\2\0\0\0\0\0", 3200, MSG_DONTWAIT, NULL, NULL) = 32
10761 1783889803.560550 recvfrom(42, 0x7ea743cc80, 3200, MSG_DONTWAIT, NULL, NULL) = -1 EAGAIN (Try again)
10739 1783889803.560792 recvfrom(38, "nysv\0\0\0\0\0\0\0\0\0\0\0\0\320\263-\205o\2\0\0\225p\2\0\0\0\0\0", 3200, MSG_DONTWAIT, NULL, NULL) = 32
10739 1783889803.561060 recvfrom(38, 0x7fd6df3350, 3200, MSG_DONTWAIT, NULL, NULL) = -1 EAGAIN (Try again)
10739 1783889803.561583 recvfrom(38, 0x7fd6df32b0, 3200, MSG_DONTWAIT, NULL, NULL) = -1 EAGAIN (Try again)
10761 1783889803.574679 recvfrom(42, 0x7ea743ceb0, 3200, MSG_DONTWAIT, NULL, NULL) = -1 EAGAIN (Try again)
10761 1783889803.577265 recvfrom(42, "nysv\0\0\0\0\0\0\0\0\0\0\0\0eG,\206o\2\0\0\226p\2\0\0\0\0\0", 3200, MSG_DONTWAIT, NULL, NULL) = 32
10761 1783889803.577286 recvfrom(42, 0x7ea743cc80, 3200, MSG_DONTWAIT, NULL, NULL) = -1 EAGAIN (Try again)
10739 1783889803.577527 recvfrom(38, "nysv\0\0\0\0\0\0\0\0\0\0\0\0eG,\206o\2\0\0\226p\2\0\0\0\0\0", 3200, MSG_DONTWAIT, NULL, NULL) = 32
10739 1783889803.577946 recvfrom(38, 0x7fd6df3350, 3200, MSG_DONTWAIT, NULL, NULL) = -1 EAGAIN (Try again)
10739 1783889803.578451 recvfrom(38, 0x7fd6df32b0, 3200, MSG_DONTWAIT, NULL, NULL) = -1 EAGAIN (Try again)
10761 1783889803.589505 recvfrom(42, 0x7ea743ceb0, 3200, MSG_DONTWAIT, NULL, NULL) = -1 EAGAIN (Try again)
10761 1783889803.595045 recvfrom(42, "nysv\0\0\0\0\0\0\0\0\0\0\0\0\357\224*\207o\2\0\0\227p\2\0\0\0\0\0", 3200, MSG_DONTWAIT, NULL, NULL) = 32
10761 1783889803.595066 recvfrom(42, 0x7ea743cc80, 3200, MSG_DONTWAIT, NULL, NULL) = -1 EAGAIN (Try again)
10739 1783889803.595206 recvfrom(38, "nysv\0\0\0\0\0\0\0\0\0\0\0\0\357\224*\207o\2\0\0\227p\2\0\0\0\0\0", 3200, MSG_DONTWAIT, NULL, NULL) = 32
10739 1783889803.595843 recvfrom(38, 0x7fd6df3350, 3200, MSG_DONTWAIT, NULL, NULL) = -1 EAGAIN (Try again)
10739 1783889803.596236 recvfrom(38,  <unfinished ...>
10761 1783889803.607941 recvfrom(42, 0x7ea743ceb0, 3200, MSG_DONTWAIT, NULL, NULL) = -1 EAGAIN (Try again)
10739 1783889803.607956 <... recvfrom resumed> 0x7fd6df32b0, 3200, MSG_DONTWAIT, NULL, NULL) = -1 EAGAIN (Try again)
10761 1783889803.610732 recvfrom(42, "nysv\0\0\0\0\0\0\0\0\0\0\0\0\355\35)\210o\2\0\0\230p\2\0\0\0\0\0", 3200, MSG_DONTWAIT, NULL, NULL) = 32
10761 1783889803.610960 recvfrom(42, 0x7ea743cc80, 3200, MSG_DONTWAIT, NULL, NULL) = -1 EAGAIN (Try again)
10739 1783889803.611117 recvfrom(38, "nysv\0\0\0\0\0\0\0\0\0\0\0\0\355\35)\210o\2\0\0\230p\2\0\0\0\0\0", 3200, MSG_DONTWAIT, NULL, NULL) = 32
10739 1783889803.611477 recvfrom(38, 0x7fd6df3350, 3200, MSG_DONTWAIT, NULL, NULL) = -1 EAGAIN (Try again)
10739 1783889803.611831 recvfrom(38, 0x7fd6df32b0, 3200, MSG_DONTWAIT, NULL, NULL) = -1 EAGAIN (Try again)
10761 1783889803.623548 recvfrom(42, 0x7ea743ceb0, 3200, MSG_DONTWAIT, NULL, NULL) = -1 EAGAIN (Try again)
10761 1783889803.627454 recvfrom(42, "nysv\0\0\0\0\0\0\0\0\0\0\0\0\27n'\211o\2\0\0\231p\2\0\0\0\0\0", 3200, MSG_DONTWAIT, NULL, NULL) = 32
10761 1783889803.627473 recvfrom(42, 0x7ea743cc80, 3200, MSG_DONTWAIT, NULL, NULL) = -1 EAGAIN (Try again)
10739 1783889803.627567 recvfrom(38, "nysv\0\0\0\0\0\0\0\0\0\0\0\0\27n'\211o\2\0\0\231p\2\0\0\0\0\0", 3200, MSG_DONTWAIT, NULL, NULL) = 32
10739 1783889803.628075 recvfrom(38, 0x7fd6df3350, 3200, MSG_DONTWAIT, NULL, NULL) = -1 EAGAIN (Try again)
10739 1783889803.628494 recvfrom(38, 0x7fd6df32b0, 3200, MSG_DONTWAIT, NULL, NULL) = -1 EAGAIN (Try again)
10761 1783889803.640289 recvfrom(42, 0x7ea743ceb0, 3200, MSG_DONTWAIT, NULL, NULL) = -1 EAGAIN (Try again)
10761 1783889803.644058 recvfrom(42, "nysv\0\0\0\0\0\0\0\0\0\0\0\0P\r&\212o\2\0\0\232p\2\0\0\0\0\0", 3200, MSG_DONTWAIT, NULL, NULL) = 32
10761 1783889803.644074 recvfrom(42, 0x7ea743cc80, 3200, MSG_DONTWAIT, NULL, NULL) = -1 EAGAIN (Try again)
10739 1783889803.644211 recvfrom(38, "nysv\0\0\0\0\0\0\0\0\0\0\0\0P\r&\212o\2\0\0\232p\2\0\0\0\0\0", 3200, MSG_DONTWAIT, NULL, NULL) = 32
10739 1783889803.644541 recvfrom(38, 0x7fd6df3350, 3200, MSG_DONTWAIT, NULL, NULL) = -1 EAGAIN (Try again)
10739 1783889803.644879 recvfrom(38, 0x7fd6df32b0, 3200, MSG_DONTWAIT, NULL, NULL) = -1 EAGAIN (Try again)
10761 1783889803.655782 recvfrom(42, 0x7ea743ceb0, 3200, MSG_DONTWAIT, NULL, NULL) = -1 EAGAIN (Try again)
10761 1783889803.661572 recvfrom(42, "nysv\0\0\0\0\0\0\0\0\0\0\0\0z]$\213o\2\0\0\233p\2\0\0\0\0\0", 3200, MSG_DONTWAIT, NULL, NULL) = 32
10761 1783889803.661765 recvfrom(42, 0x7ea743cc80, 3200, MSG_DONTWAIT, NULL, NULL) = -1 EAGAIN (Try again)
10739 1783889803.661906 recvfrom(38, "nysv\0\0\0\0\0\0\0\0\0\0\0\0z]$\213o\2\0\0\233p\2\0\0\0\0\0", 3200, MSG_DONTWAIT, NULL, NULL) = 32
10739 1783889803.662238 recvfrom(38, 0x7fd6df3350, 3200, MSG_DONTWAIT, NULL, NULL) = -1 EAGAIN (Try again)
10739 1783889803.662769 recvfrom(38,  <unfinished ...>
10761 1783889803.674333 recvfrom(42, 0x7ea743ceb0, 3200, MSG_DONTWAIT, NULL, NULL) = -1 EAGAIN (Try again)
10739 1783889803.674346 <... recvfrom resumed> 0x7fd6df32b0, 3200, MSG_DONTWAIT, NULL, NULL) = -1 EAGAIN (Try again)
10761 1783889803.678198 recvfrom(42, "nysv\0\0\0\0\0\0\0\0\0\0\0\0\312\263\"\214o\2\0\0\234p\2\0\0\0\0\0", 3200, MSG_DONTWAIT, NULL, NULL) = 32
10761 1783889803.678213 recvfrom(42, 0x7ea743cc80, 3200, MSG_DONTWAIT, NULL, NULL) = -1 EAGAIN (Try again)
10739 1783889803.678722 recvfrom(38, "nysv\0\0\0\0\0\0\0\0\0\0\0\0\312\263\"\214o\2\0\0\234p\2\0\0\0\0\0", 3200, MSG_DONTWAIT, NULL, NULL) = 32
10739 1783889803.679151 recvfrom(38, 0x7fd6df3350, 3200, MSG_DONTWAIT, NULL, NULL) = -1 EAGAIN (Try again)
10739 1783889803.690715 recvfrom(38,  <unfinished ...>
10761 1783889803.690879 recvfrom(42, 0x7ea743ceb0, 3200, MSG_DONTWAIT, NULL, NULL) = -1 EAGAIN (Try again)
10739 1783889803.690895 <... recvfrom resumed> 0x7fd6df32b0, 3200, MSG_DONTWAIT, NULL, NULL) = -1 EAGAIN (Try again)
10761 1783889803.694977 recvfrom(42, "nysv\0\0\0\0\0\0\0\0\0\0\0\0\364\3!\215o\2\0\0\235p\2\0\0\0\0\0", 3200, MSG_DONTWAIT, NULL, NULL) = 32
10761 1783889803.694993 recvfrom(42, 0x7ea743cc80, 3200, MSG_DONTWAIT, NULL, NULL) = -1 EAGAIN (Try again)
10739 1783889803.695193 recvfrom(38, "nysv\0\0\0\0\0\0\0\0\0\0\0\0\364\3!\215o\2\0\0\235p\2\0\0\0\0\0", 3200, MSG_DONTWAIT, NULL, NULL) = 32
10739 1783889803.695480 recvfrom(38,  <unfinished ...>
10761 1783889803.706830 recvfrom(42, 0x7ea743ceb0, 3200, MSG_DONTWAIT, NULL, NULL) = -1 EAGAIN (Try again)
10739 1783889803.706847 <... recvfrom resumed> 0x7fd6df3350, 3200, MSG_DONTWAIT, NULL, NULL) = -1 EAGAIN (Try again)
10739 1783889803.707140 recvfrom(38, 0x7fd6df32b0, 3200, MSG_DONTWAIT, NULL, NULL) = -1 EAGAIN (Try again)
10761 1783889803.710983 recvfrom(42, "nysv\0\0\0\0\0\0\0\0\0\0\0\0\366\212\37\216o\2\0\0\236p\2\0\0\0\0\0", 3200, MSG_DONTWAIT, NULL, NULL) = 32
10761 1783889803.711011 recvfrom(42, 0x7ea743cc80, 3200, MSG_DONTWAIT, NULL, NULL) = -1 EAGAIN (Try again)
10739 1783889803.711217 recvfrom(38, "nysv\0\0\0\0\0\0\0\0\0\0\0\0\366\212\37\216o\2\0\0\236p\2\0\0\0\0\0", 3200, MSG_DONTWAIT, NULL, NULL) = 32
10739 1783889803.711524 recvfrom(38, 0x7fd6df3350, 3200, MSG_DONTWAIT, NULL, NULL) = -1 EAGAIN (Try again)
10739 1783889803.711950 recvfrom(38, 0x7fd6df32b0, 3200, MSG_DONTWAIT, NULL, NULL) = -1 EAGAIN (Try again)
10761 1783889803.725811 recvfrom(42, 0x7ea743ceb0, 3200, MSG_DONTWAIT, NULL, NULL) = -1 EAGAIN (Try again)
10761 1783889803.727555 recvfrom(42, "nysv\0\0\0\0\0\0\0\0\0\0\0\0\321\10\36\217o\2\0\0\237p\2\0\0\0\0\0", 3200, MSG_DONTWAIT, NULL, NULL) = 32
10761 1783889803.727577 recvfrom(42, 0x7ea743cc80, 3200, MSG_DONTWAIT, NULL, NULL) = -1 EAGAIN (Try again)
10739 1783889803.727678 recvfrom(38, "nysv\0\0\0\0\0\0\0\0\0\0\0\0\321\10\36\217o\2\0\0\237p\2\0\0\0\0\0", 3200, MSG_DONTWAIT, NULL, NULL) = 32
10739 1783889803.727980 recvfrom(38, 0x7fd6df3350, 3200, MSG_DONTWAIT, NULL, NULL) = -1 EAGAIN (Try again)
10739 1783889803.728595 recvfrom(38, 0x7fd6df32b0, 3200, MSG_DONTWAIT, NULL, NULL) = -1 EAGAIN (Try again)
10761 1783889803.740822 recvfrom(42, 0x7ea743ceb0, 3200, MSG_DONTWAIT, NULL, NULL) = -1 EAGAIN (Try again)
10761 1783889803.745197 recvfrom(42, "nysv\0\0\0\0\0\0\0\0\0\0\0\0yJ\34\220o\2\0\0\240p\2\0\0\0\0\0", 3200, MSG_DONTWAIT, NULL, NULL) = 32
10761 1783889803.745332 recvfrom(42, 0x7ea743cc80, 3200, MSG_DONTWAIT, NULL, NULL) = -1 EAGAIN (Try again)
10739 1783889803.745502 recvfrom(38, "nysv\0\0\0\0\0\0\0\0\0\0\0\0yJ\34\220o\2\0\0\240p\2\0\0\0\0\0", 3200, MSG_DONTWAIT, NULL, NULL) = 32
10739 1783889803.746053 recvfrom(38, 0x7fd6df3350, 3200, MSG_DONTWAIT, NULL, NULL) = -1 EAGAIN (Try again)
10739 1783889803.746489 recvfrom(38, 0x7fd6df32b0, 3200, MSG_DONTWAIT, NULL, NULL) = -1 EAGAIN (Try again)
10761 1783889803.759614 recvfrom(42, 0x7ea743ceb0, 3200, MSG_DONTWAIT, NULL, NULL) = -1 EAGAIN (Try again)
10761 1783889803.760575 recvfrom(42, "nysv\0\0\0\0\0\0\0\0\0\0\0\0\376\325\32\221o\2\0\0\241p\2\0\0\0\0\0", 3200, MSG_DONTWAIT, NULL, NULL) = 32
10761 1783889803.760594 recvfrom(42, 0x7ea743cc80, 3200, MSG_DONTWAIT, NULL, NULL) = -1 EAGAIN (Try again)
10739 1783889803.760936 recvfrom(38, "nysv\0\0\0\0\0\0\0\0\0\0\0\0\376\325\32\221o\2\0\0\241p\2\0\0\0\0\0", 3200, MSG_DONTWAIT, NULL, NULL) = 32
10739 1783889803.761387 recvfrom(38, 0x7fd6df3350, 3200, MSG_DONTWAIT, NULL, NULL) = -1 EAGAIN (Try again)
10761 1783889803.774166 recvfrom(42, 0x7ea743ceb0, 3200, MSG_DONTWAIT, NULL, NULL) = -1 EAGAIN (Try again)
10761 1783889803.778428 recvfrom(42, "nysv\0\0\0\0\0\0\0\0\0\0\0\0\232\31\31\222o\2\0\0\242p\2\0\0\0\0\0", 3200, MSG_DONTWAIT, NULL, NULL) = 32
10761 1783889803.778559 recvfrom(42, 0x7ea743cc80, 3200, MSG_DONTWAIT, NULL, NULL) = -1 EAGAIN (Try again)
10761 1783889803.794148 recvfrom(42, "nysv\0\0\0\0\0\0\0\0\0\0\0\0i\236\27\223o\2\0\0\243p\2\0\0\0\0\0", 3200, MSG_DONTWAIT, NULL, NULL) = 32
10761 1783889803.794171 recvfrom(42, 0x7ea743cc80, 3200, MSG_DONTWAIT, NULL, NULL) = -1 EAGAIN (Try again)
10739 1783889805.080254 recvfrom(38, 0x7fd6df3120, 3200, MSG_DONTWAIT, NULL, NULL) = -1 EAGAIN (Try again)
10739 1783889805.095871 recvfrom(38, "nysv\0\0\0\0\0\0\0\0\0\0\0\0\250\"\216\340o\2\0\0\360p\2\0\0\0\0\0", 3200, MSG_DONTWAIT, NULL, NULL) = 32
10739 1783889805.096791 recvfrom(38, 0x7fd6df3350, 3200, MSG_DONTWAIT, NULL, NULL) = -1 EAGAIN (Try again)
10739 1783889805.097608 recvfrom(68, 0x7ea2375020, 2272, MSG_DONTWAIT, NULL, NULL) = -1 EAGAIN (Try again)
10739 1783889805.098464 recvfrom(38, 0x7fd6df2350, 3200, MSG_DONTWAIT, NULL, NULL) = -1 EAGAIN (Try again)
10739 1783889805.113567 recvfrom(38, "nysv\0\0\0\0\0\0\0\0\0\0\0\0\304\206\214\341o\2\0\0\361p\2\0\0\0\0\0", 3200, MSG_DONTWAIT, NULL, NULL) = 32
10739 1783889805.113856 recvfrom(38, 0x7fd6df3350, 3200, MSG_DONTWAIT, NULL, NULL) = -1 EAGAIN (Try again)
10739 1783889805.114218 recvfrom(68, 0x7ea2375020, 2272, MSG_DONTWAIT, NULL, NULL) = -1 EAGAIN (Try again)
10739 1783889805.121374 recvfrom(38, 0x7fd6df2350, 3200, MSG_DONTWAIT, NULL, NULL) = -1 EAGAIN (Try again)
10739 1783889805.132403 recvfrom(38, "nysv\0\0\0\0\0\0\0\0\0\0\0\0\356\326\212\342o\2\0\0\362p\2\0\0\0\0\0", 3200, MSG_DONTWAIT, NULL, NULL) = 32
10739 1783889805.132613 recvfrom(38, 0x7fd6df3350, 3200, MSG_DONTWAIT, NULL, NULL) = -1 EAGAIN (Try again)
10739 1783889805.132821 recvfrom(68, 0x7ea2375020, 2272, MSG_DONTWAIT, NULL, NULL) = -1 EAGAIN (Try again)
10739 1783889805.133245 recvfrom(38, 0x7fd6df2350, 3200, MSG_DONTWAIT, NULL, NULL) = -1 EAGAIN (Try again)
10739 1783889805.146303 recvfrom(38, "nysv\0\0\0\0\0\0\0\0\0\0\0\0&\23\211\343o\2\0\0\363p\2\0\0\0\0\0", 3200, MSG_DONTWAIT, NULL, NULL) = 32
10739 1783889805.146670 recvfrom(38, 0x7fd6df3350, 3200, MSG_DONTWAIT, NULL, NULL) = -1 EAGAIN (Try again)
10739 1783889805.147411 recvfrom(68, 0x7ea2375020, 2272, MSG_DONTWAIT, NULL, NULL) = -1 EAGAIN (Try again)
10739 1783889805.149895 recvfrom(38, 0x7fd6df2350, 3200, MSG_DONTWAIT, NULL, NULL) = -1 EAGAIN (Try again)
10739 1783889805.163544 recvfrom(38, "nysv\0\0\0\0\0\0\0\0\0\0\0\0Pc\207\344o\2\0\0\364p\2\0\0\0\0\0", 3200, MSG_DONTWAIT, NULL, NULL) = 32
10739 1783889805.166035 recvfrom(38, 0x7fd6df3350, 3200, MSG_DONTWAIT, NULL, NULL) = -1 EAGAIN (Try again)
10739 1783889805.166399 recvfrom(68, 0x7ea2375020, 2272, MSG_DONTWAIT, NULL, NULL) = -1 EAGAIN (Try again)
10739 1783889805.166963 recvfrom(38, 0x7fd6df2350, 3200, MSG_DONTWAIT, NULL, NULL) = -1 EAGAIN (Try again)
10739 1783889805.179038 recvfrom(38, "nysv\0\0\0\0\0\0\0\0\0\0\0\0z\263\205\345o\2\0\0\365p\2\0\0\0\0\0", 3200, MSG_DONTWAIT, NULL, NULL) = 32
10739 1783889805.179332 recvfrom(38, 0x7fd6df3350, 3200, MSG_DONTWAIT, NULL, NULL) = -1 EAGAIN (Try again)
10739 1783889805.179889 recvfrom(68, 0x7ea2375020, 2272, MSG_DONTWAIT, NULL, NULL) = -1 EAGAIN (Try again)
10739 1783889805.182143 recvfrom(38, 0x7fd6df2350, 3200, MSG_DONTWAIT, NULL, NULL) = -1 EAGAIN (Try again)
10739 1783889805.195510 recvfrom(38, "nysv\0\0\0\0\0\0\0\0\0\0\0\0\244\3\204\346o\2\0\0\366p\2\0\0\0\0\0", 3200, MSG_DONTWAIT, NULL, NULL) = 32
10739 1783889805.196083 recvfrom(38, 0x7fd6df3350, 3200, MSG_DONTWAIT, NULL, NULL) = -1 EAGAIN (Try again)
10739 1783889805.196411 recvfrom(68, 0x7ea2375020, 2272, MSG_DONTWAIT, NULL, NULL) = -1 EAGAIN (Try again)
10739 1783889805.196773 recvfrom(38, 0x7fd6df2350, 3200, MSG_DONTWAIT, NULL, NULL) = -1 EAGAIN (Try again)
10739 1783889805.211008 recvfrom(38, "nysv\0\0\0\0\0\0\0\0\0\0\0\0\316S\202\347o\2\0\0\367p\2\0\0\0\0\0", 3200, MSG_DONTWAIT, NULL, NULL) = 32
10739 1783889805.211488 recvfrom(38, 0x7fd6df3350, 3200, MSG_DONTWAIT, NULL, NULL) = -1 EAGAIN (Try again)
10739 1783889805.212030 recvfrom(68, 0x7ea2375020, 2272, MSG_DONTWAIT, NULL, NULL) = -1 EAGAIN (Try again)
10739 1783889805.212677 recvfrom(38, 0x7fd6df2350, 3200, MSG_DONTWAIT, NULL, NULL) = -1 EAGAIN (Try again)
10739 1783889805.229936 recvfrom(38, "nysv\0\0\0\0\0\0\0\0\0\0\0\0\370\243\200\350o\2\0\0\370p\2\0\0\0\0\0", 3200, MSG_DONTWAIT, NULL, NULL) = 32
10739 1783889805.230341 recvfrom(38, 0x7fd6df3350, 3200, MSG_DONTWAIT, NULL, NULL) = -1 EAGAIN (Try again)
10739 1783889805.231042 recvfrom(68, 0x7ea2375020, 2272, MSG_DONTWAIT, NULL, NULL) = -1 EAGAIN (Try again)
10739 1783889805.231632 recvfrom(38, 0x7fd6df2350, 3200, MSG_DONTWAIT, NULL, NULL) = -1 EAGAIN (Try again)
10739 1783889805.245659 recvfrom(38, "nysv\0\0\0\0\0\0\0\0\0\0\0\0\"\364~\351o\2\0\0\371p\2\0\0\0\0\0", 3200, MSG_DONTWAIT, NULL, NULL) = 32
10739 1783889805.246056 recvfrom(38, 0x7fd6df3350, 3200, MSG_DONTWAIT, NULL, NULL) = -1 EAGAIN (Try again)
10739 1783889805.246245 recvfrom(68, 0x7ea2375020, 2272, MSG_DONTWAIT, NULL, NULL) = -1 EAGAIN (Try again)
10739 1783889805.248257 recvfrom(38, 0x7fd6df2350, 3200, MSG_DONTWAIT, NULL, NULL) = -1 EAGAIN (Try again)
10739 1783889805.262260 recvfrom(38, "nysv\0\0\0\0\0\0\0\0\0\0\0\0iK}\352o\2\0\0\372p\2\0\0\0\0\0", 3200, MSG_DONTWAIT, NULL, NULL) = 32
10739 1783889805.262696 recvfrom(38, 0x7fd6df3350, 3200, MSG_DONTWAIT, NULL, NULL) = -1 EAGAIN (Try again)
10739 1783889805.262888 recvfrom(68, 0x7ea2375020, 2272, MSG_DONTWAIT, NULL, NULL) = -1 EAGAIN (Try again)
10739 1783889805.263330 recvfrom(38, 0x7fd6df2350, 3200, MSG_DONTWAIT, NULL, NULL) = -1 EAGAIN (Try again)
10739 1783889805.278075 recvfrom(38, "nysv\0\0\0\0\0\0\0\0\0\0\0\0@\264{\353o\2\0\0\373p\2\0\0\0\0\0", 3200, MSG_DONTWAIT, NULL, NULL) = 32
10739 1783889805.278365 recvfrom(38, 0x7fd6df3350, 3200, MSG_DONTWAIT, NULL, NULL) = -1 EAGAIN (Try again)
10739 1783889805.279066 recvfrom(68, 0x7ea2375020, 2272, MSG_DONTWAIT, NULL, NULL) = -1 EAGAIN (Try again)
10739 1783889805.279512 recvfrom(38, 0x7fd6df2350, 3200, MSG_DONTWAIT, NULL, NULL) = -1 EAGAIN (Try again)
10739 1783889805.296840 recvfrom(38, "nysv\0\0\0\0\0\0\0\0\0\0\0\0j\4z\354o\2\0\0\374p\2\0\0\0\0\0", 3200, MSG_DONTWAIT, NULL, NULL) = 32
10739 1783889805.297441 recvfrom(38, 0x7fd6df3350, 3200, MSG_DONTWAIT, NULL, NULL) = -1 EAGAIN (Try again)
10739 1783889805.297773 recvfrom(68, 0x7ea2375020, 2272, MSG_DONTWAIT, NULL, NULL) = -1 EAGAIN (Try again)
10739 1783889805.298452 recvfrom(38, 0x7fd6df2350, 3200, MSG_DONTWAIT, NULL, NULL) = -1 EAGAIN (Try again)
10739 1783889805.312861 recvfrom(38, "nysv\0\0\0\0\0\0\0\0\0\0\0\0\224Tx\355o\2\0\0\375p\2\0\0\0\0\0", 3200, MSG_DONTWAIT, NULL, NULL) = 32
10739 1783889805.314979 recvfrom(38, 0x7fd6df3350, 3200, MSG_DONTWAIT, NULL, NULL) = -1 EAGAIN (Try again)
10739 1783889805.315300 recvfrom(68, 0x7ea2375020, 2272, MSG_DONTWAIT, NULL, NULL) = -1 EAGAIN (Try again)
10739 1783889805.315947 recvfrom(38, 0x7fd6df2350, 3200, MSG_DONTWAIT, NULL, NULL) = -1 EAGAIN (Try again)
10739 1783889805.327785 recvfrom(38, "nysv\0\0\0\0\0\0\0\0\0\0\0\0\276\244v\356o\2\0\0\376p\2\0\0\0\0\0", 3200, MSG_DONTWAIT, NULL, NULL) = 32
10739 1783889805.328250 recvfrom(38, 0x7fd6df3350, 3200, MSG_DONTWAIT, NULL, NULL) = -1 EAGAIN (Try again)
10739 1783889805.328667 recvfrom(68, 0x7ea2375020, 2272, MSG_DONTWAIT, NULL, NULL) = -1 EAGAIN (Try again)
10739 1783889805.331342 recvfrom(38, 0x7fd6df2350, 3200, MSG_DONTWAIT, NULL, NULL) = -1 EAGAIN (Try again)
10739 1783889805.344134 recvfrom(38, "nysv\0\0\0\0\0\0\0\0\0\0\0\0\343xu\357o\2\0\0\377p\2\0\0\0\0\0", 3200, MSG_DONTWAIT, NULL, NULL) = 32
10739 1783889805.344539 recvfrom(38, 0x7fd6df3350, 3200, MSG_DONTWAIT, NULL, NULL) = -1 EAGAIN (Try again)
10739 1783889805.345318 recvfrom(68, 0x7ea2375020, 2272, MSG_DONTWAIT, NULL, NULL) = -1 EAGAIN (Try again)
10739 1783889819.529823 recvfrom(68, "\2\0\0\0\0\0\0\0\227\16\0\0\0\0\0\0\200\357\342<s\2\0\0\1\0\0\0\2\20\0\0"..., 2272, MSG_DONTWAIT, NULL, NULL) = 232
10739 1783889819.530434 sendto(68, "\3\0\0\0\0\0\0\0\227\16\0\0\1\0\0\0", 16, MSG_DONTWAIT|MSG_NOSIGNAL, NULL, 0) = 16
10739 1783889819.530620 recvfrom(68, 0x7ea2375020, 2272, MSG_DONTWAIT, NULL, NULL) = -1 EAGAIN (Try again)
10739 1783889819.531185 recvfrom(68, "\2\0\0\0\0\0\0\0\231\16\0\0\0\0\0\0\200\357\342<s\2\0\0\1\0\0\0\2\20\0\0"..., 2272, MSG_DONTWAIT, NULL, NULL) = 232
10739 1783889819.531478 recvfrom(38, 0x7fd6def8e0, 3200, MSG_DONTWAIT, NULL, NULL) = -1 EAGAIN (Try again)
10739 1783889819.533002 sendto(68, "\3\0\0\0\0\0\0\0\231\16\0\0\1\0\0\0", 16, MSG_DONTWAIT|MSG_NOSIGNAL, NULL, 0) = 16
10739 1783889819.533694 recvfrom(68, 0x7ea2375020, 2272, MSG_DONTWAIT, NULL, NULL) = -1 EAGAIN (Try again)
10739 1783889819.544671 recvfrom(38, "nysv\0\0\0\0\0\0\0\0\0\0\0\0R{\331=s\2\0\0Pt\2\0\0\0\0\0", 3200, MSG_DONTWAIT, NULL, NULL) = 32
10739 1783889819.544823 recvfrom(38, 0x7fd6df3350, 3200, MSG_DONTWAIT, NULL, NULL) = -1 EAGAIN (Try again)
10739 1783889819.545120 recvfrom(68, 0x7ea2375020, 2272, MSG_DONTWAIT, NULL, NULL) = -1 EAGAIN (Try again)
10739 1783889819.545364 recvfrom(38, 0x7fd6df32b0, 3200, MSG_DONTWAIT, NULL, NULL) = -1 EAGAIN (Try again)
10761 1783889819.553752 recvfrom(42, 0x7ea743ceb0, 3200, MSG_DONTWAIT, NULL, NULL) = -1 EAGAIN (Try again)
10761 1783889819.556762 recvfrom(42, 0x7ea743ceb0, 3200, MSG_DONTWAIT, NULL, NULL) = -1 EAGAIN (Try again)
10761 1783889819.560440 recvfrom(42, "nysv\0\0\0\0\0\0\0\0\0\0\0\0000\26\330>s\2\0\0Qt\2\0\0\0\0\0", 3200, MSG_DONTWAIT, NULL, NULL) = 32
10761 1783889819.560471 recvfrom(42, 0x7ea743cc80, 3200, MSG_DONTWAIT, NULL, NULL) = -1 EAGAIN (Try again)
10739 1783889819.562574 recvfrom(38, "nysv\0\0\0\0\0\0\0\0\0\0\0\0000\26\330>s\2\0\0Qt\2\0\0\0\0\0", 3200, MSG_DONTWAIT, NULL, NULL) = 32
10739 1783889819.566600 recvfrom(38, 0x7fd6df3350, 3200, MSG_DONTWAIT, NULL, NULL) = -1 EAGAIN (Try again)
10739 1783889819.571144 recvfrom(38, 0x7fd6df32b0, 3200, MSG_DONTWAIT, NULL, NULL) = -1 EAGAIN (Try again)
10739 1783889819.579615 recvfrom(38, "nysv\0\0\0\0\0\0\0\0\0\0\0\0?C\326?s\2\0\0Rt\2\0\0\0\0\0", 3200, MSG_DONTWAIT, NULL, NULL) = 32
10739 1783889819.580144 recvfrom(38, 0x7fd6df3350, 3200, MSG_DONTWAIT, NULL, NULL) = -1 EAGAIN (Try again)
10739 1783889819.586870 recvfrom(45, 0x7f37ba5420, 2272, MSG_DONTWAIT, NULL, NULL) = -1 EAGAIN (Try again)
10739 1783889819.587033 recvfrom(38, 0x7fd6df32b0, 3200, MSG_DONTWAIT, NULL, NULL) = -1 EAGAIN (Try again)
10739 1783889819.594915 recvfrom(38, "nysv\0\0\0\0\0\0\0\0\0\0\0\0t\321\324@s\2\0\0St\2\0\0\0\0\0", 3200, MSG_DONTWAIT, NULL, NULL) = 32
10739 1783889819.595088 recvfrom(38, 0x7fd6df3350, 3200, MSG_DONTWAIT, NULL, NULL) = -1 EAGAIN (Try again)
10739 1783889819.598765 recvfrom(38, 0x7fd6df32b0, 3200, MSG_DONTWAIT, NULL, NULL) = -1 EAGAIN (Try again)
10739 1783889819.611316 recvfrom(38, "nysv\0\0\0\0\0\0\0\0\0\0\0\0\236!\323As\2\0\0Tt\2\0\0\0\0\0", 3200, MSG_DONTWAIT, NULL, NULL) = 32
10739 1783889819.611961 recvfrom(38, 0x7fd6df3350, 3200, MSG_DONTWAIT, NULL, NULL) = -1 EAGAIN (Try again)
10739 1783889819.617274 recvfrom(38, 0x7fd6df32b0, 3200, MSG_DONTWAIT, NULL, NULL) = -1 EAGAIN (Try again)
10739 1783889819.627551 recvfrom(38, "nysv\0\0\0\0\0\0\0\0\0\0\0\0\372\263\321Bs\2\0\0Ut\2\0\0\0\0\0", 3200, MSG_DONTWAIT, NULL, NULL) = 32
10739 1783889819.627843 recvfrom(38, 0x7fd6df3350, 3200, MSG_DONTWAIT, NULL, NULL) = -1 EAGAIN (Try again)
10739 1783889819.628223 recvfrom(38, 0x7fd6df32b0, 3200, MSG_DONTWAIT, NULL, NULL) = -1 EAGAIN (Try again)
10739 1783889819.645437 recvfrom(38, "nysv\0\0\0\0\0\0\0\0\0\0\0\08\373\317Cs\2\0\0Vt\2\0\0\0\0\0", 3200, MSG_DONTWAIT, NULL, NULL) = 32
10739 1783889819.645747 recvfrom(38, 0x7fd6df3350, 3200, MSG_DONTWAIT, NULL, NULL) = -1 EAGAIN (Try again)
10739 1783889819.646128 recvfrom(38, 0x7fd6df32b0, 3200, MSG_DONTWAIT, NULL, NULL) = -1 EAGAIN (Try again)
10739 1783889819.661828 recvfrom(38, "nysv\0\0\0\0\0\0\0\0\0\0\0\0bK\316Ds\2\0\0Wt\2\0\0\0\0\0", 3200, MSG_DONTWAIT, NULL, NULL) = 32
10739 1783889819.662104 recvfrom(38, 0x7fd6df3350, 3200, MSG_DONTWAIT, NULL, NULL) = -1 EAGAIN (Try again)
10739 1783889819.662401 recvfrom(38, 0x7fd6df32b0, 3200, MSG_DONTWAIT, NULL, NULL) = -1 EAGAIN (Try again)
10739 1783889819.678820 recvfrom(38, "nysv\0\0\0\0\0\0\0\0\0\0\0\0\214\233\314Es\2\0\0Xt\2\0\0\0\0\0", 3200, MSG_DONTWAIT, NULL, NULL) = 32
10739 1783889819.679386 recvfrom(38, 0x7fd6df3350, 3200, MSG_DONTWAIT, NULL, NULL) = -1 EAGAIN (Try again)
10739 1783889819.683230 recvfrom(38, 0x7fd6df32b0, 3200, MSG_DONTWAIT, NULL, NULL) = -1 EAGAIN (Try again)
10739 1783889819.697642 recvfrom(38, "nysv\0\0\0\0\0\0\0\0\0\0\0\0Km\312Fs\2\0\0Yt\2\0\0\0\0\0", 3200, MSG_DONTWAIT, NULL, NULL) = 32
10739 1783889819.697862 recvfrom(38, 0x7fd6df3350, 3200, MSG_DONTWAIT, NULL, NULL) = -1 EAGAIN (Try again)
10739 1783889819.698248 recvfrom(38, 0x7fd6df32b0, 3200, MSG_DONTWAIT, NULL, NULL) = -1 EAGAIN (Try again)
10739 1783889819.711742 recvfrom(38, "nysv\0\0\0\0\0\0\0\0\0\0\0\0\205\345\310Gs\2\0\0Zt\2\0\0\0\0\0", 3200, MSG_DONTWAIT, NULL, NULL) = 32
10739 1783889819.716009 recvfrom(38, 0x7fd6df3350, 3200, MSG_DONTWAIT, NULL, NULL) = -1 EAGAIN (Try again)
10739 1783889819.716308 recvfrom(38, 0x7fd6df32b0, 3200, MSG_DONTWAIT, NULL, NULL) = -1 EAGAIN (Try again)
10739 1783889819.727879 recvfrom(38, "nysv\0\0\0\0\0\0\0\0\0\0\0\0\327\202\307Hs\2\0\0[t\2\0\0\0\0\0", 3200, MSG_DONTWAIT, NULL, NULL) = 32
10739 1783889819.728283 recvfrom(38, 0x7fd6df3350, 3200, MSG_DONTWAIT, NULL, NULL) = -1 EAGAIN (Try again)
10739 1783889819.728590 recvfrom(38, 0x7fd6df32b0, 3200, MSG_DONTWAIT, NULL, NULL) = -1 EAGAIN (Try again)
10739 1783889819.744247 recvfrom(38, "nysv\0\0\0\0\0\0\0\0\0\0\0\0\343\25\306Is\2\0\0\\t\2\0\0\0\0\0", 3200, MSG_DONTWAIT, NULL, NULL) = 32
10739 1783889819.744581 recvfrom(38, 0x7fd6df3350, 3200, MSG_DONTWAIT, NULL, NULL) = -1 EAGAIN (Try again)
10739 1783889819.744917 recvfrom(38, 0x7fd6df32b0, 3200, MSG_DONTWAIT, NULL, NULL) = -1 EAGAIN (Try again)
10739 1783889819.763194 recvfrom(38, "nysv\0\0\0\0\0\0\0\0\0\0\0\0\275\26\304Js\2\0\0]t\2\0\0\0\0\0", 3200, MSG_DONTWAIT, NULL, NULL) = 32
10739 1783889819.763551 recvfrom(38, 0x7fd6df3350, 3200, MSG_DONTWAIT, NULL, NULL) = -1 EAGAIN (Try again)
10739 1783889819.763872 recvfrom(38, 0x7fd6df32b0, 3200, MSG_DONTWAIT, NULL, NULL) = -1 EAGAIN (Try again)
10739 1783889819.778188 recvfrom(38, "nysv\0\0\0\0\0\0\0\0\0\0\0\0\373u\302Ks\2\0\0^t\2\0\0\0\0\0", 3200, MSG_DONTWAIT, NULL, NULL) = 32
10739 1783889819.778339 recvfrom(38, 0x7fd6df3350, 3200, MSG_DONTWAIT, NULL, NULL) = -1 EAGAIN (Try again)
10739 1783889819.778668 recvfrom(38, 0x7fd6df32b0, 3200, MSG_DONTWAIT, NULL, NULL) = -1 EAGAIN (Try again)
10739 1783889819.796697 recvfrom(38, "nysv\0\0\0\0\0\0\0\0\0\0\0\0%\306\300Ls\2\0\0_t\2\0\0\0\0\0", 3200, MSG_DONTWAIT, NULL, NULL) = 32
10739 1783889819.797519 recvfrom(38, 0x7fd6df3350, 3200, MSG_DONTWAIT, NULL, NULL) = -1 EAGAIN (Try again)
10739 1783889819.798134 recvfrom(38, 0x7fd6df32b0, 3200, MSG_DONTWAIT, NULL, NULL) = -1 EAGAIN (Try again)
10739 1783889819.810791 recvfrom(38, "nysv\0\0\0\0\0\0\0\0\0\0\0\0uo\277Ms\2\0\0`t\2\0\0\0\0\0", 3200, MSG_DONTWAIT, NULL, NULL) = 32
10739 1783889819.810969 recvfrom(38, 0x7fd6df3350, 3200, MSG_DONTWAIT, NULL, NULL) = -1 EAGAIN (Try again)
10739 1783889819.811310 recvfrom(38, 0x7fd6df32b0, 3200, MSG_DONTWAIT, NULL, NULL) = -1 EAGAIN (Try again)
10739 1783889819.827962 recvfrom(38, "nysv\0\0\0\0\0\0\0\0\0\0\0\0G\2\276Ns\2\0\0at\2\0\0\0\0\0", 3200, MSG_DONTWAIT, NULL, NULL) = 32
10739 1783889819.828151 recvfrom(38, 0x7fd6df3350, 3200, MSG_DONTWAIT, NULL, NULL) = -1 EAGAIN (Try again)
10739 1783889819.828527 recvfrom(38, 0x7fd6df32b0, 3200, MSG_DONTWAIT, NULL, NULL) = -1 EAGAIN (Try again)
10739 1783889819.846049 recvfrom(38, "nysv\0\0\0\0\0\0\0\0\0\0\0\0qR\274Os\2\0\0bt\2\0\0\0\0\0", 3200, MSG_DONTWAIT, NULL, NULL) = 32
10739 1783889819.846347 recvfrom(38, 0x7fd6df3350, 3200, MSG_DONTWAIT, NULL, NULL) = -1 EAGAIN (Try again)
10739 1783889819.846783 recvfrom(38, 0x7fd6df32b0, 3200, MSG_DONTWAIT, NULL, NULL) = -1 EAGAIN (Try again)
10739 1783889819.867817 recvfrom(38, "nysv\0\0\0\0\0\0\0\0\0\0\0\0\233\242\272Ps\2\0\0ct\2\0\0\0\0\0", 3200, MSG_DONTWAIT, NULL, NULL) = 32
10739 1783889819.868055 recvfrom(38, 0x7fd6df3350, 3200, MSG_DONTWAIT, NULL, NULL) = -1 EAGAIN (Try again)
10739 1783889819.868539 recvfrom(38, 0x7fd6df32b0, 3200, MSG_DONTWAIT, NULL, NULL) = -1 EAGAIN (Try again)
10739 1783889819.878505 recvfrom(38, "nysv\0\0\0\0\0\0\0\0\0\0\0\0\26\376\270Qs\2\0\0dt\2\0\0\0\0\0", 3200, MSG_DONTWAIT, NULL, NULL) = 32
10739 1783889819.878762 recvfrom(38, 0x7fd6df3350, 3200, MSG_DONTWAIT, NULL, NULL) = -1 EAGAIN (Try again)
10739 1783889819.879247 recvfrom(38, 0x7fd6df32b0, 3200, MSG_DONTWAIT, NULL, NULL) = -1 EAGAIN (Try again)
10739 1783889819.901367 recvfrom(38, "nysv\0\0\0\0\0\0\0\0\0\0\0\0(\321\265Rs\2\0\0et\2\0\0\0\0\0", 3200, MSG_DONTWAIT, NULL, NULL) = 32
10739 1783889819.901821 recvfrom(38, 0x7fd6df3350, 3200, MSG_DONTWAIT, NULL, NULL) = -1 EAGAIN (Try again)
10739 1783889819.902372 recvfrom(38, 0x7fd6df32b0, 3200, MSG_DONTWAIT, NULL, NULL) = -1 EAGAIN (Try again)
10739 1783889819.914290 recvfrom(38, "nysv\0\0\0\0\0\0\0\0\0\0\0\0\1\216\263Ss\2\0\0ft\2\0\0\0\0\0", 3200, MSG_DONTWAIT, NULL, NULL) = 32
10739 1783889819.914638 recvfrom(38, 0x7fd6df3350, 3200, MSG_DONTWAIT, NULL, NULL) = -1 EAGAIN (Try again)
10739 1783889819.915162 recvfrom(38, 0x7fd6df32b0, 3200, MSG_DONTWAIT, NULL, NULL) = -1 EAGAIN (Try again)
10739 1783889819.933443 recvfrom(38, "nysv\0\0\0\0\0\0\0\0\0\0\0\0\254\324\260Ts\2\0\0gt\2\0\0\0\0\0", 3200, MSG_DONTWAIT, NULL, NULL) = 32
10739 1783889819.933810 recvfrom(38, 0x7fd6df3350, 3200, MSG_DONTWAIT, NULL, NULL) = -1 EAGAIN (Try again)
10760 1783889830.402926 openat(AT_FDCWD, "/data/misc/profiles/cur/0/agrigolo.opendrummer/primary.prof", O_RDWR|O_NOFOLLOW|O_CLOEXEC) = 67
10760 1783889830.403700 newfstatat(AT_FDCWD, "/data/misc/profiles/cur/0/agrigolo.opendrummer/primary.prof", {st_mode=S_IFREG|0600, st_size=11154, ...}, 0) = 0
10739 1783889834.459689 recvfrom(45, "\2\0\0\0\0\0\0\0\235\16\0\0\0\0\0\0@\352\327\266v\2\0\0\1\0\0\0\2\20\0\0"..., 2272, MSG_DONTWAIT, NULL, NULL) = 232
10739 1783889834.460318 sendto(45, "\3\0\0\0\0\0\0\0\235\16\0\0\1\0\0\0", 16, MSG_DONTWAIT|MSG_NOSIGNAL, NULL, 0) = 16
10739 1783889834.460536 recvfrom(45, 0x7f37ba5420, 2272, MSG_DONTWAIT, NULL, NULL) = -1 EAGAIN (Try again)
10739 1783889834.461051 recvfrom(45, "\2\0\0\0\0\0\0\0\237\16\0\0\0\0\0\0@\352\327\266v\2\0\0\1\0\0\0\2\20\0\0"..., 2272, MSG_DONTWAIT, NULL, NULL) = 232
10739 1783889834.461308 recvfrom(38, 0x7fd6defd50, 3200, MSG_DONTWAIT, NULL, NULL) = -1 EAGAIN (Try again)
10739 1783889834.461984 sendto(45, "\3\0\0\0\0\0\0\0\237\16\0\0\1\0\0\0", 16, MSG_DONTWAIT|MSG_NOSIGNAL, NULL, 0) = 16
10739 1783889834.462172 recvfrom(45, 0x7f37ba5420, 2272, MSG_DONTWAIT, NULL, NULL) = -1 EAGAIN (Try again)
10739 1783889834.478027 recvfrom(38, "nysv\0\0\0\0\0\0\0\0\0\0\0\0\223\347\361\267v\2\0\0\314w\2\0\0\0\0\0", 3200, MSG_DONTWAIT, NULL, NULL) = 32
10739 1783889834.478182 recvfrom(38, 0x7fd6df3350, 3200, MSG_DONTWAIT, NULL, NULL) = -1 EAGAIN (Try again)
10739 1783889834.478475 recvfrom(45, 0x7f37ba5420, 2272, MSG_DONTWAIT, NULL, NULL) = -1 EAGAIN (Try again)
10739 1783889834.478631 recvfrom(38, 0x7fd6df32b0, 3200, MSG_DONTWAIT, NULL, NULL) = -1 EAGAIN (Try again)
10761 1783889834.482718 recvfrom(42, 0x7ea743ceb0, 3200, MSG_DONTWAIT, NULL, NULL) = -1 EAGAIN (Try again)
10761 1783889834.493628 recvfrom(42, "nysv\0\0\0\0\0\0\0\0\0\0\0\0\366\206\360\270v\2\0\0\315w\2\0\0\0\0\0", 3200, MSG_DONTWAIT, NULL, NULL) = 32
10761 1783889834.493732 recvfrom(42, 0x7ea743cc80, 3200, MSG_DONTWAIT, NULL, NULL) = -1 EAGAIN (Try again)
10761 1783889834.501049 recvfrom(42, 0x7ea743ceb0, 3200, MSG_DONTWAIT, NULL, NULL) = -1 EAGAIN (Try again)
10777 1783889834.503360 sendmsg(65, {msg_name=NULL, msg_namelen=0, msg_iov=[{iov_base="l\1\1\1\24\1\0\0M\0\0\0\235\0\0\0\1\1o\0;\0\0\0/re/frid"..., iov_len=452}], msg_iovlen=1, msg_controllen=0, msg_flags=0}, MSG_NOSIGNAL) = 452
10761 1783889834.510212 recvfrom(42, "nysv\0\0\0\0\0\0\0\0\0\0\0\0D&\357\271v\2\0\0\316w\2\0\0\0\0\0", 3200, MSG_DONTWAIT, NULL, NULL) = 32
10761 1783889834.510230 recvfrom(42, 0x7ea743cc80, 3200, MSG_DONTWAIT, NULL, NULL) = -1 EAGAIN (Try again)
10761 1783889834.517538 recvfrom(42, 0x7ea743ceb0, 3200, MSG_DONTWAIT, NULL, NULL) = -1 EAGAIN (Try again)
10739 1783889834.520881 recvfrom(38, "nysv\0\0\0\0\0\0\0\0\0\0\0\0\366\206\360\270v\2\0\0\315w\2\0\0\0\0\0", 3200, MSG_DONTWAIT, NULL, NULL) = 32
10739 1783889834.521025 recvfrom(38, 0x7fd6df3350, 3200, MSG_DONTWAIT, NULL, NULL) = -1 EAGAIN (Try again)
10739 1783889834.521188 recvfrom(68, 0x7ea22dc420, 2272, MSG_DONTWAIT, NULL, NULL) = -1 EAGAIN (Try again)
10739 1783889834.521351 recvfrom(38, 0x7fd6df32b0, 3200, MSG_DONTWAIT, NULL, NULL) = -1 EAGAIN (Try again)
10761 1783889834.527223 recvfrom(42, "nysv\0\0\0\0\0\0\0\0\0\0\0\0\214\303\355\272v\2\0\0\317w\2\0\0\0\0\0", 3200, MSG_DONTWAIT, NULL, NULL) = 32
10761 1783889834.527363 recvfrom(42, 0x7ea743cc80, 3200, MSG_DONTWAIT, NULL, NULL) = -1 EAGAIN (Try again)
10761 1783889834.535561 recvfrom(42, 0x7ea743ceb0, 3200, MSG_DONTWAIT, NULL, NULL) = -1 EAGAIN (Try again)
10739 1783889834.542987 recvfrom(38, "nysv\0\0\0\0\0\0\0\0\0\0\0\0\214\303\355\272v\2\0\0\317w\2\0\0\0\0\0", 3200, MSG_DONTWAIT, NULL, NULL) = 32
10739 1783889834.543143 recvfrom(38, 0x7fd6df3350, 3200, MSG_DONTWAIT, NULL, NULL) = -1 EAGAIN (Try again)
10761 1783889834.543920 recvfrom(42, "nysv\0\0\0\0\0\0\0\0\0\0\0\0\26^\354\273v\2\0\0\320w\2\0\0\0\0\0", 3200, MSG_DONTWAIT, NULL, NULL) = 32
10761 1783889834.543934 recvfrom(42, 0x7ea743cc80, 3200, MSG_DONTWAIT, NULL, NULL) = -1 EAGAIN (Try again)
10761 1783889834.553861 recvfrom(42, 0x7ea743ceb0, 3200, MSG_DONTWAIT, NULL, NULL) = -1 EAGAIN (Try again)
10761 1783889834.555694 recvfrom(42, 0x7ea743ceb0, 3200, MSG_DONTWAIT, NULL, NULL) = -1 EAGAIN (Try again)
10739 1783889834.556095 recvfrom(68, 0x7ea22dc420, 2272, MSG_DONTWAIT, NULL, NULL) = -1 EAGAIN (Try again)
10739 1783889834.556240 recvfrom(45, 0x7f37ba5420, 2272, MSG_DONTWAIT, NULL, NULL) = -1 EAGAIN (Try again)
10739 1783889834.556398 recvfrom(38, 0x7fd6df32b0, 3200, MSG_DONTWAIT, NULL, NULL) = -1 EAGAIN (Try again)
10761 1783889834.562849 recvfrom(42, "nysv\0\0\0\0\0\0\0\0\0\0\0\0\246\254\352\274v\2\0\0\321w\2\0\0\0\0\0", 3200, MSG_DONTWAIT, NULL, NULL) = 32
10761 1783889834.562878 recvfrom(42, 0x7ea743cc80, 3200, MSG_DONTWAIT, NULL, NULL) = -1 EAGAIN (Try again)
10761 1783889834.570561 recvfrom(42, 0x7ea743ceb0, 3200, MSG_DONTWAIT, NULL, NULL) = -1 EAGAIN (Try again)
10739 1783889834.571284 recvfrom(38, "nysv\0\0\0\0\0\0\0\0\0\0\0\0\246\254\352\274v\2\0\0\321w\2\0\0\0\0\0", 3200, MSG_DONTWAIT, NULL, NULL) = 32
10739 1783889834.571455 recvfrom(38, 0x7fd6df3350, 3200, MSG_DONTWAIT, NULL, NULL) = -1 EAGAIN (Try again)
10761 1783889834.572286 recvfrom(42, 0x7ea743ceb0, 3200, MSG_DONTWAIT, NULL, NULL) = -1 EAGAIN (Try again)
10739 1783889834.572672 recvfrom(68, 0x7ea22dc420, 2272, MSG_DONTWAIT, NULL, NULL) = -1 EAGAIN (Try again)
10739 1783889834.572801 recvfrom(45, 0x7f37ba5420, 2272, MSG_DONTWAIT, NULL, NULL) = -1 EAGAIN (Try again)
10739 1783889834.572943 recvfrom(38, 0x7fd6df32b0, 3200, MSG_DONTWAIT, NULL, NULL) = -1 EAGAIN (Try again)
10761 1783889834.573731 recvfrom(42, 0x7ea743ceb0, 3200, MSG_DONTWAIT, NULL, NULL) = -1 EAGAIN (Try again)
10761 1783889834.577110 recvfrom(42, "nysv\0\0\0\0\0\0\0\0\0\0\0\0\23H\351\275v\2\0\0\322w\2\0\0\0\0\0", 3200, MSG_DONTWAIT, NULL, NULL) = 32
10761 1783889834.577125 recvfrom(42, 0x7ea743cc80, 3200, MSG_DONTWAIT, NULL, NULL) = -1 EAGAIN (Try again)
10739 1783889834.577247 recvfrom(38, "nysv\0\0\0\0\0\0\0\0\0\0\0\0\23H\351\275v\2\0\0\322w\2\0\0\0\0\0", 3200, MSG_DONTWAIT, NULL, NULL) = 32
10739 1783889834.577578 recvfrom(38, 0x7fd6df3350, 3200, MSG_DONTWAIT, NULL, NULL) = -1 EAGAIN (Try again)
10739 1783889834.578166 recvfrom(38, 0x7fd6df32b0, 3200, MSG_DONTWAIT, NULL, NULL) = -1 EAGAIN (Try again)
10761 1783889834.585416 recvfrom(42, 0x7ea743ceb0, 3200, MSG_DONTWAIT, NULL, NULL) = -1 EAGAIN (Try again)
10761 1783889834.593870 recvfrom(42, "nysv\0\0\0\0\0\0\0\0\0\0\0\0\231\340\347\276v\2\0\0\323w\2\0\0\0\0\0", 3200, MSG_DONTWAIT, NULL, NULL) = 32
10761 1783889834.593887 recvfrom(42, 0x7ea743cc80, 3200, MSG_DONTWAIT, NULL, NULL) = -1 EAGAIN (Try again)
10739 1783889834.594009 recvfrom(38, "nysv\0\0\0\0\0\0\0\0\0\0\0\0\231\340\347\276v\2\0\0\323w\2\0\0\0\0\0", 3200, MSG_DONTWAIT, NULL, NULL) = 32
10739 1783889834.594228 recvfrom(38, 0x7fd6df3350, 3200, MSG_DONTWAIT, NULL, NULL) = -1 EAGAIN (Try again)
10739 1783889834.595063 recvfrom(38, 0x7fd6df32b0, 3200, MSG_DONTWAIT, NULL, NULL) = -1 EAGAIN (Try again)
10761 1783889834.606791 recvfrom(42, 0x7ea743ceb0, 3200, MSG_DONTWAIT, NULL, NULL) = -1 EAGAIN (Try again)
10761 1783889834.610749 recvfrom(42, "nysv\0\0\0\0\0\0\0\0\0\0\0\0\3030\346\277v\2\0\0\324w\2\0\0\0\0\0", 3200, MSG_DONTWAIT, NULL, NULL) = 32
10761 1783889834.610782 recvfrom(42, 0x7ea743cc80, 3200, MSG_DONTWAIT, NULL, NULL) = -1 EAGAIN (Try again)
10739 1783889834.611051 recvfrom(38, "nysv\0\0\0\0\0\0\0\0\0\0\0\0\3030\346\277v\2\0\0\324w\2\0\0\0\0\0", 3200, MSG_DONTWAIT, NULL, NULL) = 32
10739 1783889834.611367 recvfrom(38, 0x7fd6df3350, 3200, MSG_DONTWAIT, NULL, NULL) = -1 EAGAIN (Try again)
10739 1783889834.611720 recvfrom(38, 0x7fd6df32b0, 3200, MSG_DONTWAIT, NULL, NULL) = -1 EAGAIN (Try again)
10761 1783889834.622248 recvfrom(42, 0x7ea743ceb0, 3200, MSG_DONTWAIT, NULL, NULL) = -1 EAGAIN (Try again)
10761 1783889834.628492 recvfrom(42, "nysv\0\0\0\0\0\0\0\0\0\0\0\0\311v\344\300v\2\0\0\325w\2\0\0\0\0\0", 3200, MSG_DONTWAIT, NULL, NULL) = 32
10761 1783889834.628511 recvfrom(42, 0x7ea743cc80, 3200, MSG_DONTWAIT, NULL, NULL) = -1 EAGAIN (Try again)
10739 1783889834.628678 recvfrom(38, "nysv\0\0\0\0\0\0\0\0\0\0\0\0\311v\344\300v\2\0\0\325w\2\0\0\0\0\0", 3200, MSG_DONTWAIT, NULL, NULL) = 32
10739 1783889834.628990 recvfrom(38, 0x7fd6df3350, 3200, MSG_DONTWAIT, NULL, NULL) = -1 EAGAIN (Try again)
10739 1783889834.629423 recvfrom(38, 0x7fd6df32b0, 3200, MSG_DONTWAIT, NULL, NULL) = -1 EAGAIN (Try again)
10761 1783889834.640492 recvfrom(42, 0x7ea743ceb0, 3200, MSG_DONTWAIT, NULL, NULL) = -1 EAGAIN (Try again)
10761 1783889834.644899 recvfrom(42, "nysv\0\0\0\0\0\0\0\0\0\0\0\0\376\306\342\301v\2\0\0\326w\2\0\0\0\0\0", 3200, MSG_DONTWAIT, NULL, NULL) = 32
10761 1783889834.644921 recvfrom(42, 0x7ea743cc80, 3200, MSG_DONTWAIT, NULL, NULL) = -1 EAGAIN (Try again)
10739 1783889834.645157 recvfrom(38, "nysv\0\0\0\0\0\0\0\0\0\0\0\0\376\306\342\301v\2\0\0\326w\2\0\0\0\0\0", 3200, MSG_DONTWAIT, NULL, NULL) = 32
10739 1783889834.645440 recvfrom(38, 0x7fd6df3350, 3200, MSG_DONTWAIT, NULL, NULL) = -1 EAGAIN (Try again)
10739 1783889834.645865 recvfrom(38, 0x7fd6df32b0, 3200, MSG_DONTWAIT, NULL, NULL) = -1 EAGAIN (Try again)
10761 1783889834.656930 recvfrom(42, 0x7ea743ceb0, 3200, MSG_DONTWAIT, NULL, NULL) = -1 EAGAIN (Try again)
10761 1783889834.661780 recvfrom(42, "nysv\0\0\0\0\0\0\0\0\0\0\0\0\202\v\341\302v\2\0\0\327w\2\0\0\0\0\0", 3200, MSG_DONTWAIT, NULL, NULL) = 32
10761 1783889834.661806 recvfrom(42, 0x7ea743cc80, 3200, MSG_DONTWAIT, NULL, NULL) = -1 EAGAIN (Try again)
10739 1783889834.661906 recvfrom(38, "nysv\0\0\0\0\0\0\0\0\0\0\0\0\202\v\341\302v\2\0\0\327w\2\0\0\0\0\0", 3200, MSG_DONTWAIT, NULL, NULL) = 32
10739 1783889834.662290 recvfrom(38, 0x7fd6df3350, 3200, MSG_DONTWAIT, NULL, NULL) = -1 EAGAIN (Try again)
10739 1783889834.662708 recvfrom(38, 0x7fd6df32b0, 3200, MSG_DONTWAIT, NULL, NULL) = -1 EAGAIN (Try again)
10761 1783889834.674563 recvfrom(42, 0x7ea743ceb0, 3200, MSG_DONTWAIT, NULL, NULL) = -1 EAGAIN (Try again)
10761 1783889834.677718 recvfrom(42, "nysv\0\0\0\0\0\0\0\0\0\0\0\0\254[\337\303v\2\0\0\330w\2\0\0\0\0\0", 3200, MSG_DONTWAIT, NULL, NULL) = 32
10761 1783889834.677733 recvfrom(42, 0x7ea743cc80, 3200, MSG_DONTWAIT, NULL, NULL) = -1 EAGAIN (Try again)
10739 1783889834.677841 recvfrom(38, "nysv\0\0\0\0\0\0\0\0\0\0\0\0\254[\337\303v\2\0\0\330w\2\0\0\0\0\0", 3200, MSG_DONTWAIT, NULL, NULL) = 32
10739 1783889834.678134 recvfrom(38, 0x7fd6df3350, 3200, MSG_DONTWAIT, NULL, NULL) = -1 EAGAIN (Try again)
10739 1783889834.678581 recvfrom(38, 0x7fd6df32b0, 3200, MSG_DONTWAIT, NULL, NULL) = -1 EAGAIN (Try again)
10761 1783889834.689615 recvfrom(42, 0x7ea743ceb0, 3200, MSG_DONTWAIT, NULL, NULL) = -1 EAGAIN (Try again)
10761 1783889834.694823 recvfrom(42, "nysv\0\0\0\0\0\0\0\0\0\0\0\0\327\265\335\304v\2\0\0\331w\2\0\0\0\0\0", 3200, MSG_DONTWAIT, NULL, NULL) = 32
10761 1783889834.694868 recvfrom(42, 0x7ea743cc80, 3200, MSG_DONTWAIT, NULL, NULL) = -1 EAGAIN (Try again)
10739 1783889834.695064 recvfrom(38, "nysv\0\0\0\0\0\0\0\0\0\0\0\0\327\265\335\304v\2\0\0\331w\2\0\0\0\0\0", 3200, MSG_DONTWAIT, NULL, NULL) = 32
10739 1783889834.695396 recvfrom(38, 0x7fd6df3350, 3200, MSG_DONTWAIT, NULL, NULL) = -1 EAGAIN (Try again)
10739 1783889834.695794 recvfrom(38, 0x7fd6df32b0, 3200, MSG_DONTWAIT, NULL, NULL) = -1 EAGAIN (Try again)
10761 1783889834.706962 recvfrom(42, 0x7ea743ceb0, 3200, MSG_DONTWAIT, NULL, NULL) = -1 EAGAIN (Try again)
10761 1783889834.711551 recvfrom(42, "nysv\0\0\0\0\0\0\0\0\0\0\0\0\1\6\334\305v\2\0\0\332w\2\0\0\0\0\0", 3200, MSG_DONTWAIT, NULL, NULL) = 32
10761 1783889834.711567 recvfrom(42, 0x7ea743cc80, 3200, MSG_DONTWAIT, NULL, NULL) = -1 EAGAIN (Try again)
10739 1783889834.711703 recvfrom(38, "nysv\0\0\0\0\0\0\0\0\0\0\0\0\1\6\334\305v\2\0\0\332w\2\0\0\0\0\0", 3200, MSG_DONTWAIT, NULL, NULL) = 32
10739 1783889834.711836 recvfrom(38, 0x7fd6df3350, 3200, MSG_DONTWAIT, NULL, NULL) = -1 EAGAIN (Try again)
10739 1783889834.712221 recvfrom(38,  <unfinished ...>
10761 1783889834.722862 recvfrom(42, 0x7ea743ceb0, 3200, MSG_DONTWAIT, NULL, NULL) = -1 EAGAIN (Try again)
10739 1783889834.722877 <... recvfrom resumed> 0x7fd6df32b0, 3200, MSG_DONTWAIT, NULL, NULL) = -1 EAGAIN (Try again)
10761 1783889834.728300 recvfrom(42, "nysv\0\0\0\0\0\0\0\0\0\0\0\0-t\332\306v\2\0\0\333w\2\0\0\0\0\0", 3200, MSG_DONTWAIT, NULL, NULL) = 32
10761 1783889834.728317 recvfrom(42, 0x7ea743cc80, 3200, MSG_DONTWAIT, NULL, NULL) = -1 EAGAIN (Try again)
10739 1783889834.728557 recvfrom(38, "nysv\0\0\0\0\0\0\0\0\0\0\0\0-t\332\306v\2\0\0\333w\2\0\0\0\0\0", 3200, MSG_DONTWAIT, NULL, NULL) = 32
10739 1783889834.728724 recvfrom(38, 0x7fd6df3350, 3200, MSG_DONTWAIT, NULL, NULL) = -1 EAGAIN (Try again)
10739 1783889834.729592 recvfrom(38,  <unfinished ...>
10761 1783889834.740604 recvfrom(42, 0x7ea743ceb0, 3200, MSG_DONTWAIT, NULL, NULL) = -1 EAGAIN (Try again)
10739 1783889834.740619 <... recvfrom resumed> 0x7fd6df32b0, 3200, MSG_DONTWAIT, NULL, NULL) = -1 EAGAIN (Try again)
10761 1783889834.744999 recvfrom(42, "nysv\0\0\0\0\0\0\0\0\0\0\0\0l\313\330\307v\2\0\0\334w\2\0\0\0\0\0", 3200, MSG_DONTWAIT, NULL, NULL) = 32
10761 1783889834.745021 recvfrom(42, 0x7ea743cc80, 3200, MSG_DONTWAIT, NULL, NULL) = -1 EAGAIN (Try again)
10739 1783889834.745191 recvfrom(38, "nysv\0\0\0\0\0\0\0\0\0\0\0\0l\313\330\307v\2\0\0\334w\2\0\0\0\0\0", 3200, MSG_DONTWAIT, NULL, NULL) = 32
10739 1783889834.745743 recvfrom(38, 0x7fd6df3350, 3200, MSG_DONTWAIT, NULL, NULL) = -1 EAGAIN (Try again)
10739 1783889834.746055 recvfrom(38, 0x7fd6df32b0, 3200, MSG_DONTWAIT, NULL, NULL) = -1 EAGAIN (Try again)
10761 1783889834.758664 recvfrom(42, 0x7ea743ceb0, 3200, MSG_DONTWAIT, NULL, NULL) = -1 EAGAIN (Try again)
10761 1783889834.760946 recvfrom(42, "nysv\0\0\0\0\0\0\0\0\0\0\0\0\21D\327\310v\2\0\0\335w\2\0\0\0\0\0", 3200, MSG_DONTWAIT, NULL, NULL) = 32
10761 1783889834.760966 recvfrom(42, 0x7ea743cc80, 3200, MSG_DONTWAIT, NULL, NULL) = -1 EAGAIN (Try again)
10739 1783889834.761099 recvfrom(38, "nysv\0\0\0\0\0\0\0\0\0\0\0\0\21D\327\310v\2\0\0\335w\2\0\0\0\0\0", 3200, MSG_DONTWAIT, NULL, NULL) = 32
10739 1783889834.761535 recvfrom(38, 0x7fd6df3350, 3200, MSG_DONTWAIT, NULL, NULL) = -1 EAGAIN (Try again)
10739 1783889834.761857 recvfrom(38, 0x7fd6df32b0, 3200, MSG_DONTWAIT, NULL, NULL) = -1 EAGAIN (Try again)
10761 1783889834.773416 recvfrom(42, 0x7ea743ceb0, 3200, MSG_DONTWAIT, NULL, NULL) = -1 EAGAIN (Try again)
10761 1783889834.778881 recvfrom(42, "nysv\0\0\0\0\0\0\0\0\0\0\0\0W|\325\311v\2\0\0\336w\2\0\0\0\0\0", 3200, MSG_DONTWAIT, NULL, NULL) = 32
10761 1783889834.778900 recvfrom(42, 0x7ea743cc80, 3200, MSG_DONTWAIT, NULL, NULL) = -1 EAGAIN (Try again)
10739 1783889834.779156 recvfrom(38, "nysv\0\0\0\0\0\0\0\0\0\0\0\0W|\325\311v\2\0\0\336w\2\0\0\0\0\0", 3200, MSG_DONTWAIT, NULL, NULL) = 32
10739 1783889834.779331 recvfrom(38, 0x7fd6df3350, 3200, MSG_DONTWAIT, NULL, NULL) = -1 EAGAIN (Try again)
10739 1783889834.779627 recvfrom(38, 0x7fd6df32b0, 3200, MSG_DONTWAIT, NULL, NULL) = -1 EAGAIN (Try again)
10761 1783889834.792375 recvfrom(42, 0x7ea743ceb0, 3200, MSG_DONTWAIT, NULL, NULL) = -1 EAGAIN (Try again)
10761 1783889834.794336 recvfrom(42, "nysv\0\0\0\0\0\0\0\0\0\0\0\0V\374\323\312v\2\0\0\337w\2\0\0\0\0\0", 3200, MSG_DONTWAIT, NULL, NULL) = 32
10761 1783889834.794353 recvfrom(42, 0x7ea743cc80, 3200, MSG_DONTWAIT, NULL, NULL) = -1 EAGAIN (Try again)
10739 1783889834.794660 recvfrom(38, "nysv\0\0\0\0\0\0\0\0\0\0\0\0V\374\323\312v\2\0\0\337w\2\0\0\0\0\0", 3200, MSG_DONTWAIT, NULL, NULL) = 32
10739 1783889834.794856 recvfrom(38, 0x7fd6df3350, 3200, MSG_DONTWAIT, NULL, NULL) = -1 EAGAIN (Try again)
10739 1783889834.795158 recvfrom(38, 0x7fd6df32b0, 3200, MSG_DONTWAIT, NULL, NULL) = -1 EAGAIN (Try again)
10761 1783889834.807017 recvfrom(42, 0x7ea743ceb0, 3200, MSG_DONTWAIT, NULL, NULL) = -1 EAGAIN (Try again)
10761 1783889834.810507 recvfrom(42, "nysv\0\0\0\0\0\0\0\0\0\0\0\0\17\243\322\313v\2\0\0\340w\2\0\0\0\0\0", 3200, MSG_DONTWAIT, NULL, NULL) = 32
10761 1783889834.810525 recvfrom(42, 0x7ea743cc80, 3200, MSG_DONTWAIT, NULL, NULL) = -1 EAGAIN (Try again)
10739 1783889834.810737 recvfrom(38, "nysv\0\0\0\0\0\0\0\0\0\0\0\0\17\243\322\313v\2\0\0\340w\2\0\0\0\0\0", 3200, MSG_DONTWAIT, NULL, NULL) = 32
10739 1783889834.811142 recvfrom(38, 0x7fd6df3350, 3200, MSG_DONTWAIT, NULL, NULL) = -1 EAGAIN (Try again)
10739 1783889834.811455 recvfrom(38, 0x7fd6df32b0, 3200, MSG_DONTWAIT, NULL, NULL) = -1 EAGAIN (Try again)
10761 1783889834.823911 recvfrom(42, 0x7ea743ceb0, 3200, MSG_DONTWAIT, NULL, NULL) = -1 EAGAIN (Try again)
10761 1783889834.828529 recvfrom(42, "nysv\0\0\0\0\0\0\0\0\0\0\0\09\363\320\314v\2\0\0\341w\2\0\0\0\0\0", 3200, MSG_DONTWAIT, NULL, NULL) = 32
10761 1783889834.828660 recvfrom(42, 0x7ea743cc80, 3200, MSG_DONTWAIT, NULL, NULL) = -1 EAGAIN (Try again)
10739 1783889834.829005 recvfrom(38, "nysv\0\0\0\0\0\0\0\0\0\0\0\09\363\320\314v\2\0\0\341w\2\0\0\0\0\0", 3200, MSG_DONTWAIT, NULL, NULL) = 32
10739 1783889834.829198 recvfrom(38, 0x7fd6df3350, 3200, MSG_DONTWAIT, NULL, NULL) = -1 EAGAIN (Try again)
10761 1783889834.840937 recvfrom(42, 0x7ea743ceb0, 3200, MSG_DONTWAIT, NULL, NULL) = -1 EAGAIN (Try again)
10761 1783889834.844879 recvfrom(42, "nysv\0\0\0\0\0\0\0\0\0\0\0\0*H\317\315v\2\0\0\342w\2\0\0\0\0\0", 3200, MSG_DONTWAIT, NULL, NULL) = 32
10761 1783889834.845065 recvfrom(42, 0x7ea743cc80, 3200, MSG_DONTWAIT, NULL, NULL) = -1 EAGAIN (Try again)
10761 1783889834.861312 recvfrom(42, "nysv\0\0\0\0\0\0\0\0\0\0\0\0\245\262\315\316v\2\0\0\343w\2\0\0\0\0\0", 3200, MSG_DONTWAIT, NULL, NULL) = 32
10761 1783889834.861491 recvfrom(42, 0x7ea743cc80, 3200, MSG_DONTWAIT, NULL, NULL) = -1 EAGAIN (Try again)
10739 1783889836.117865 recvfrom(38, 0x7fd6df3120, 3200, MSG_DONTWAIT, NULL, NULL) = -1 EAGAIN (Try again)
10739 1783889836.129266 recvfrom(38, "nysv\0\0\0\0\0\0\0\0\0\0\0\0$4I\32w\2\0\0/x\2\0\0\0\0\0", 3200, MSG_DONTWAIT, NULL, NULL) = 32
10739 1783889836.129854 recvfrom(38, 0x7fd6df3350, 3200, MSG_DONTWAIT, NULL, NULL) = -1 EAGAIN (Try again)
10739 1783889836.130779 recvfrom(68, 0x7ea22dc420, 2272, MSG_DONTWAIT, NULL, NULL) = -1 EAGAIN (Try again)
10739 1783889836.131659 recvfrom(38, 0x7fd6df2350, 3200, MSG_DONTWAIT, NULL, NULL) = -1 EAGAIN (Try again)
10739 1783889836.146710 recvfrom(38, "nysv\0\0\0\0\0\0\0\0\0\0\0\0N\204G\33w\2\0\0000x\2\0\0\0\0\0", 3200, MSG_DONTWAIT, NULL, NULL) = 32
10739 1783889836.147016 recvfrom(38, 0x7fd6df3350, 3200, MSG_DONTWAIT, NULL, NULL) = -1 EAGAIN (Try again)
10739 1783889836.147568 recvfrom(68, 0x7ea22dc420, 2272, MSG_DONTWAIT, NULL, NULL) = -1 EAGAIN (Try again)
10739 1783889836.156868 recvfrom(38, 0x7fd6df2350, 3200, MSG_DONTWAIT, NULL, NULL) = -1 EAGAIN (Try again)
10739 1783889836.166373 recvfrom(38, "nysv\0\0\0\0\0\0\0\0\0\0\0\0\225\0F\34w\2\0\0001x\2\0\0\0\0\0", 3200, MSG_DONTWAIT, NULL, NULL) = 32
10739 1783889836.166591 recvfrom(38, 0x7fd6df3350, 3200, MSG_DONTWAIT, NULL, NULL) = -1 EAGAIN (Try again)
10739 1783889836.166805 recvfrom(68, 0x7ea22dc420, 2272, MSG_DONTWAIT, NULL, NULL) = -1 EAGAIN (Try again)
10739 1783889836.167241 recvfrom(38, 0x7fd6df2350, 3200, MSG_DONTWAIT, NULL, NULL) = -1 EAGAIN (Try again)
10739 1783889836.177326 recvfrom(38, "nysv\0\0\0\0\0\0\0\0\0\0\0\0'\242D\35w\2\0\0002x\2\0\0\0\0\0", 3200, MSG_DONTWAIT, NULL, NULL) = 32
10739 1783889836.177861 recvfrom(38, 0x7fd6df3350, 3200, MSG_DONTWAIT, NULL, NULL) = -1 EAGAIN (Try again)
10739 1783889836.187807 recvfrom(68, 0x7ea22dc420, 2272, MSG_DONTWAIT, NULL, NULL) = -1 EAGAIN (Try again)
10739 1783889836.188609 recvfrom(38, 0x7fd6df2350, 3200, MSG_DONTWAIT, NULL, NULL) = -1 EAGAIN (Try again)
10739 1783889836.198006 recvfrom(38, "nysv\0\0\0\0\0\0\0\0\0\0\0\0?8C\36w\2\0\0003x\2\0\0\0\0\0", 3200, MSG_DONTWAIT, NULL, NULL) = 32
10739 1783889836.198390 recvfrom(38, 0x7fd6df3350, 3200, MSG_DONTWAIT, NULL, NULL) = -1 EAGAIN (Try again)
10739 1783889836.198680 recvfrom(68, 0x7ea22dc420, 2272, MSG_DONTWAIT, NULL, NULL) = -1 EAGAIN (Try again)
10739 1783889836.199244 recvfrom(38, 0x7fd6df2350, 3200, MSG_DONTWAIT, NULL, NULL) = -1 EAGAIN (Try again)
10739 1783889836.210907 recvfrom(38, "nysv\0\0\0\0\0\0\0\0\0\0\0\0\233\315A\37w\2\0\0004x\2\0\0\0\0\0", 3200, MSG_DONTWAIT, NULL, NULL) = 32
10739 1783889836.211259 recvfrom(38, 0x7fd6df3350, 3200, MSG_DONTWAIT, NULL, NULL) = -1 EAGAIN (Try again)
10739 1783889836.211620 recvfrom(68, 0x7ea22dc420, 2272, MSG_DONTWAIT, NULL, NULL) = -1 EAGAIN (Try again)
10739 1783889836.214344 recvfrom(38, 0x7fd6df2350, 3200, MSG_DONTWAIT, NULL, NULL) = -1 EAGAIN (Try again)
10739 1783889836.227595 recvfrom(38, "nysv\0\0\0\0\0\0\0\0\0\0\0\0\354V@ w\2\0\0005x\2\0\0\0\0\0", 3200, MSG_DONTWAIT, NULL, NULL) = 32
10739 1783889836.228058 recvfrom(38, 0x7fd6df3350, 3200, MSG_DONTWAIT, NULL, NULL) = -1 EAGAIN (Try again)
10739 1783889836.230902 recvfrom(68, 0x7ea22dc420, 2272, MSG_DONTWAIT, NULL, NULL) = -1 EAGAIN (Try again)
10739 1783889836.231503 recvfrom(38, 0x7fd6df2350, 3200, MSG_DONTWAIT, NULL, NULL) = -1 EAGAIN (Try again)
10739 1783889836.244864 recvfrom(38, "nysv\0\0\0\0\0\0\0\0\0\0\0\0<\300>!w\2\0\0006x\2\0\0\0\0\0", 3200, MSG_DONTWAIT, NULL, NULL) = 32
10739 1783889836.245365 recvfrom(38, 0x7fd6df3350, 3200, MSG_DONTWAIT, NULL, NULL) = -1 EAGAIN (Try again)
10739 1783889836.246111 recvfrom(68, 0x7ea22dc420, 2272, MSG_DONTWAIT, NULL, NULL) = -1 EAGAIN (Try again)
10739 1783889836.249690 recvfrom(38, 0x7fd6df2350, 3200, MSG_DONTWAIT, NULL, NULL) = -1 EAGAIN (Try again)
10739 1783889836.260896 recvfrom(38, "nysv\0\0\0\0\0\0\0\0\0\0\0\0\22\231=\"w\2\0\0007x\2\0\0\0\0\0", 3200, MSG_DONTWAIT, NULL, NULL) = 32
10739 1783889836.261353 recvfrom(38, 0x7fd6df3350, 3200, MSG_DONTWAIT, NULL, NULL) = -1 EAGAIN (Try again)
10739 1783889836.261876 recvfrom(68, 0x7ea22dc420, 2272, MSG_DONTWAIT, NULL, NULL) = -1 EAGAIN (Try again)
10739 1783889836.265389 recvfrom(38, 0x7fd6df2350, 3200, MSG_DONTWAIT, NULL, NULL) = -1 EAGAIN (Try again)
10739 1783889836.277686 recvfrom(38, "nysv\0\0\0\0\0\0\0\0\0\0\0\0\351\33<#w\2\0\08x\2\0\0\0\0\0", 3200, MSG_DONTWAIT, NULL, NULL) = 32
10739 1783889836.278045 recvfrom(38, 0x7fd6df3350, 3200, MSG_DONTWAIT, NULL, NULL) = -1 EAGAIN (Try again)
10739 1783889836.278504 recvfrom(68, 0x7ea22dc420, 2272, MSG_DONTWAIT, NULL, NULL) = -1 EAGAIN (Try again)
10739 1783889836.281575 recvfrom(38, 0x7fd6df2350, 3200, MSG_DONTWAIT, NULL, NULL) = -1 EAGAIN (Try again)
10739 1783889836.294972 recvfrom(38, "nysv\0\0\0\0\0\0\0\0\0\0\0\0\3\261:$w\2\0\09x\2\0\0\0\0\0", 3200, MSG_DONTWAIT, NULL, NULL) = 32
10739 1783889836.295214 recvfrom(38, 0x7fd6df3350, 3200, MSG_DONTWAIT, NULL, NULL) = -1 EAGAIN (Try again)
10739 1783889836.298179 recvfrom(68, 0x7ea22dc420, 2272, MSG_DONTWAIT, NULL, NULL) = -1 EAGAIN (Try again)
10739 1783889836.298614 recvfrom(38, 0x7fd6df2350, 3200, MSG_DONTWAIT, NULL, NULL) = -1 EAGAIN (Try again)
10739 1783889836.311346 recvfrom(38, "nysv\0\0\0\0\0\0\0\0\0\0\0\0\235$9%w\2\0\0:x\2\0\0\0\0\0", 3200, MSG_DONTWAIT, NULL, NULL) = 32
10739 1783889836.311750 recvfrom(38, 0x7fd6df3350, 3200, MSG_DONTWAIT, NULL, NULL) = -1 EAGAIN (Try again)
10739 1783889836.312116 recvfrom(68, 0x7ea22dc420, 2272, MSG_DONTWAIT, NULL, NULL) = -1 EAGAIN (Try again)
10739 1783889836.315427 recvfrom(38, 0x7fd6df2350, 3200, MSG_DONTWAIT, NULL, NULL) = -1 EAGAIN (Try again)
10739 1783889836.329252 recvfrom(38, "nysv\0\0\0\0\0\0\0\0\0\0\0\0\243Q7&w\2\0\0;x\2\0\0\0\0\0", 3200, MSG_DONTWAIT, NULL, NULL) = 32
10739 1783889836.329690 recvfrom(38, 0x7fd6df3350, 3200, MSG_DONTWAIT, NULL, NULL) = -1 EAGAIN (Try again)
10739 1783889836.330005 recvfrom(68, 0x7ea22dc420, 2272, MSG_DONTWAIT, NULL, NULL) = -1 EAGAIN (Try again)
10739 1783889836.334780 recvfrom(38, 0x7fd6df2350, 3200, MSG_DONTWAIT, NULL, NULL) = -1 EAGAIN (Try again)
10739 1783889836.347925 recvfrom(38, "nysv\0\0\0\0\0\0\0\0\0\0\0\0>\3075'w\2\0\0<x\2\0\0\0\0\0", 3200, MSG_DONTWAIT, NULL, NULL) = 32
10739 1783889836.348213 recvfrom(38, 0x7fd6df3350, 3200, MSG_DONTWAIT, NULL, NULL) = -1 EAGAIN (Try again)
10739 1783889836.348522 recvfrom(68, 0x7ea22dc420, 2272, MSG_DONTWAIT, NULL, NULL) = -1 EAGAIN (Try again)
10739 1783889836.349127 recvfrom(38, 0x7fd6df2350, 3200, MSG_DONTWAIT, NULL, NULL) = -1 EAGAIN (Try again)
10739 1783889836.360979 recvfrom(38, "nysv\0\0\0\0\0\0\0\0\0\0\0\0\377W4(w\2\0\0=x\2\0\0\0\0\0", 3200, MSG_DONTWAIT, NULL, NULL) = 32
10739 1783889836.361562 recvfrom(38, 0x7fd6df3350, 3200, MSG_DONTWAIT, NULL, NULL) = -1 EAGAIN (Try again)
10739 1783889836.364251 recvfrom(68, 0x7ea22dc420, 2272, MSG_DONTWAIT, NULL, NULL) = -1 EAGAIN (Try again)
10739 1783889836.365756 recvfrom(38, 0x7fd6df2350, 3200, MSG_DONTWAIT, NULL, NULL) = -1 EAGAIN (Try again)
10739 1783889836.377813 recvfrom(38, "nysv\0\0\0\0\0\0\0\0\0\0\0\0\214\3422)w\2\0\0>x\2\0\0\0\0\0", 3200, MSG_DONTWAIT, NULL, NULL) = 32
10739 1783889836.378298 recvfrom(38, 0x7fd6df3350, 3200, MSG_DONTWAIT, NULL, NULL) = -1 EAGAIN (Try again)
10739 1783889836.378624 recvfrom(68, 0x7ea22dc420, 2272, MSG_DONTWAIT, NULL, NULL) = -1 EAGAIN (Try again)
10739 1783889836.382186 recvfrom(38, 0x7fd6df2350, 3200, MSG_DONTWAIT, NULL, NULL) = -1 EAGAIN (Try again)
10739 1783889836.395587 recvfrom(38, "nysv\0\0\0\0\0\0\0\0\0\0\0\0\360'1*w\2\0\0?x\2\0\0\0\0\0", 3200, MSG_DONTWAIT, NULL, NULL) = 32
10739 1783889836.396026 recvfrom(38, 0x7fd6df3350, 3200, MSG_DONTWAIT, NULL, NULL) = -1 EAGAIN (Try again)
10739 1783889836.396343 recvfrom(68, 0x7ea22dc420, 2272, MSG_DONTWAIT, NULL, NULL) = -1 EAGAIN (Try again)
