15766 1784155762.539996 exit(0)         = ?
15766 1784155762.540271 +++ exited with 0 +++
15769 1784155762.543647 exit(0 <unfinished ...>
15767 1784155762.543699 exit(0 <unfinished ...>
15769 1784155762.543860 <... exit resumed>) = ?
15767 1784155762.543904 <... exit resumed>) = ?
15769 1784155762.544098 +++ exited with 0 +++
15768 1784155762.544105 exit(0 <unfinished ...>
15767 1784155762.544132 +++ exited with 0 +++
15768 1784155762.544219 <... exit resumed>) = ?
15768 1784155762.544402 +++ exited with 0 +++
15780 1784155762.544515 newfstatat(AT_FDCWD, "/data", {st_mode=S_IFDIR|0771, st_size=4096, ...}, AT_SYMLINK_NOFOLLOW) = 0
15780 1784155762.544582 newfstatat(AT_FDCWD, "/data/app", {st_mode=S_IFDIR|0771, st_size=4096, ...}, AT_SYMLINK_NOFOLLOW) = 0
15780 1784155762.544599 newfstatat(AT_FDCWD, "/data/app/ca.ramzan.delist-vxx3hXPScpNbuJVhE43moA==", {st_mode=S_IFDIR|0775, st_size=4096, ...}, AT_SYMLINK_NOFOLLOW) = 0
15780 1784155762.544614 newfstatat(AT_FDCWD, "/data/app/ca.ramzan.delist-vxx3hXPScpNbuJVhE43moA==/base.apk", {st_mode=S_IFREG|0644, st_size=2202238, ...}, AT_SYMLINK_NOFOLLOW) = 0
15780 1784155762.544644 getcwd("/", 4096) = 2
15780 1784155762.544656 newfstatat(AT_FDCWD, "/base.apk", 0x75970fb690, AT_SYMLINK_NOFOLLOW) = -1 ENOENT (No such file or directory)
15800 1784155775.349684 exit(0)         = ?
15800 1784155775.350013 +++ exited with 0 +++
15798 1784155775.398740 faccessat(AT_FDCWD, "/proc/self/task/15800", F_OK) = -1 ENOENT (No such file or directory)
15760 1784155782.493697 recvfrom(46, "\2\0\0\0\0\0\0\0\355\n\0\0\0\0\0\0\200\36\207\240@\3\0\0\1\0\0\0\2\20\0\0"..., 2272, MSG_DONTWAIT, NULL, NULL) = 232
15760 1784155782.495846 sendto(46, "\3\0\0\0\0\0\0\0\355\n\0\0\1\0\0\0", 16, MSG_DONTWAIT|MSG_NOSIGNAL, NULL, 0) = 16
15760 1784155782.496161 recvfrom(46, 0x7627796820, 2272, MSG_DONTWAIT, NULL, NULL) = -1 EAGAIN (Try again)
15760 1784155782.496933 recvfrom(46, "\2\0\0\0\0\0\0\0\357\n\0\0\0\0\0\0\200\36\207\240@\3\0\0\1\0\0\0\2\20\0\0"..., 2272, MSG_DONTWAIT, NULL, NULL) = 232
15760 1784155782.497283 recvfrom(44, 0x7fe0223cb0, 3200, MSG_DONTWAIT, NULL, NULL) = -1 EAGAIN (Try again)
15801 1784155782.516320 sendmsg(67, {msg_name=NULL, msg_namelen=0, msg_iov=[{iov_base="l\1\1\1\374\0\0\0L\0\0\0\235\0\0\0\1\1o\0;\0\0\0/re/frid"..., iov_len=428}], msg_iovlen=1, msg_controllen=0, msg_flags=0}, MSG_NOSIGNAL) = 428
15760 1784155782.518255 sendto(46, "\3\0\0\0\0\0\0\0\357\n\0\0\1\0\0\0", 16, MSG_DONTWAIT|MSG_NOSIGNAL, NULL, 0) = 16
15760 1784155782.518629 recvfrom(46, 0x7627796820, 2272, MSG_DONTWAIT, NULL, NULL) = -1 EAGAIN (Try again)
15760 1784155782.519326 recvfrom(44, "nysv\0\0\0\0\0\0\0\0\0\0\0\0\375/T\241@\3\0\0D?\3\0\0\0\0\0", 3200, MSG_DONTWAIT, NULL, NULL) = 32
15760 1784155782.519542 recvfrom(44, 0x7fe0226f80, 3200, MSG_DONTWAIT, NULL, NULL) = -1 EAGAIN (Try again)
15760 1784155782.519858 recvfrom(46, 0x7627796820, 2272, MSG_DONTWAIT, NULL, NULL) = -1 EAGAIN (Try again)
15760 1784155782.520056 recvfrom(44, 0x7fe0226ee0, 3200, MSG_DONTWAIT, NULL, NULL) = -1 EAGAIN (Try again)
15760 1784155782.524805 recvfrom(44, "nysv\0\0\0\0\0\0\0\0\0\0\0\0\215\315R\242@\3\0\0E?\3\0\0\0\0\0", 3200, MSG_DONTWAIT, NULL, NULL) = 32
15760 1784155782.525010 recvfrom(44, 0x7fe0226f80, 3200, MSG_DONTWAIT, NULL, NULL) = -1 EAGAIN (Try again)
15760 1784155782.525670 socket(AF_UNIX, SOCK_DGRAM|SOCK_CLOEXEC|SOCK_NONBLOCK, 0) = 66
15760 1784155782.526122 setsockopt(66, SOL_SOCKET, SO_SNDBUF, [1048576], 4) = 0
15760 1784155782.526495 connect(66, {sa_family=AF_UNIX, sun_path="/dev/socket/statsdw"}, 110) = 0
15760 1784155782.535439 recvfrom(44, 0x7fe0226250, 3200, MSG_DONTWAIT, NULL, NULL) = -1 EAGAIN (Try again)
15781 1784155782.549817 recvfrom(41, 0x759253feb0, 3200, MSG_DONTWAIT, NULL, NULL) = -1 EAGAIN (Try again)
15760 1784155782.551861 recvfrom(44, "nysv\0\0\0\0\0\0\0\0\0\0\0\0004lQ\243@\3\0\0F?\3\0\0\0\0\0", 3200, MSG_DONTWAIT, NULL, NULL) = 32
15760 1784155782.552173 recvfrom(44, 0x7fe0226f80, 3200, MSG_DONTWAIT, NULL, NULL) = -1 EAGAIN (Try again)
15781 1784155782.564579 recvfrom(41, "nysv\0\0\0\0\0\0\0\0\0\0\0\0\201\4P\244@\3\0\0G?\3\0\0\0\0\0", 3200, MSG_DONTWAIT, NULL, NULL) = 32
15781 1784155782.564818 recvfrom(41, 0x759253feb0, 3200, MSG_DONTWAIT, NULL, NULL) = -1 EAGAIN (Try again)
15781 1784155782.578304 recvfrom(41, "nysv\0\0\0\0\0\0\0\0\0\0\0\0\214\1N\245@\3\0\0H?\3\0\0\0\0\0", 3200, MSG_DONTWAIT, NULL, NULL) = 32
15781 1784155782.578871 recvfrom(41, 0x759253feb0, 3200, MSG_DONTWAIT, NULL, NULL) = -1 EAGAIN (Try again)
15781 1784155782.594551 recvfrom(41, "nysv\0\0\0\0\0\0\0\0\0\0\0\0\265\206L\246@\3\0\0I?\3\0\0\0\0\0", 3200, MSG_DONTWAIT, NULL, NULL) = 32
15781 1784155782.594876 recvfrom(41, 0x759253feb0, 3200, MSG_DONTWAIT, NULL, NULL) = -1 EAGAIN (Try again)
15781 1784155782.610042 recvfrom(41, "nysv\0\0\0\0\0\0\0\0\0\0\0\0\7 K\247@\3\0\0J?\3\0\0\0\0\0", 3200, MSG_DONTWAIT, NULL, NULL) = 32
15781 1784155782.610222 recvfrom(41, 0x759253feb0, 3200, MSG_DONTWAIT, NULL, NULL) = -1 EAGAIN (Try again)
15760 1784155782.612117 clone(child_stack=0x75935bbd40, flags=CLONE_VM|CLONE_FS|CLONE_FILES|CLONE_SIGHAND|CLONE_THREAD|CLONE_SYSVSEM|CLONE_SETTLS|CLONE_PARENT_SETTID|CLONE_CHILD_CLEARTID, parent_tidptr=0x75935bbd60, tls=0x75935bc020, child_tidptr=0x75935bbd60) = 15860
15781 1784155782.626683 recvfrom(41, "nysv\0\0\0\0\0\0\0\0\0\0\0\0\366\257I\250@\3\0\0K?\3\0\0\0\0\0", 3200, MSG_DONTWAIT, NULL, NULL) = 32
15781 1784155782.627121 recvfrom(41, 0x759253feb0, 3200, MSG_DONTWAIT, NULL, NULL) = -1 EAGAIN (Try again)
15781 1784155782.643498 recvfrom(41, "nysv\0\0\0\0\0\0\0\0\0\0\0\0N,H\251@\3\0\0L?\3\0\0\0\0\0", 3200, MSG_DONTWAIT, NULL, NULL) = 32
15781 1784155782.643841 recvfrom(41, 0x759253feb0, 3200, MSG_DONTWAIT, NULL, NULL) = -1 EAGAIN (Try again)
15781 1784155782.661108 recvfrom(41, "nysv\0\0\0\0\0\0\0\0\0\0\0\0\372\261F\252@\3\0\0M?\3\0\0\0\0\0", 3200, MSG_DONTWAIT, NULL, NULL) = 32
15781 1784155782.661414 recvfrom(41, 0x759253feb0, 3200, MSG_DONTWAIT, NULL, NULL) = -1 EAGAIN (Try again)
15781 1784155782.662495 recvfrom(41, 0x759253feb0, 3200, MSG_DONTWAIT, NULL, NULL) = -1 EAGAIN (Try again)
15801 1784155782.665684 sendmsg(67, {msg_name=NULL, msg_namelen=0, msg_iov=[{iov_base="l\1\1\1\374\0\0\0M\0\0\0\235\0\0\0\1\1o\0;\0\0\0/re/frid"..., iov_len=428}], msg_iovlen=1, msg_controllen=0, msg_flags=0}, MSG_NOSIGNAL) = 428
15781 1784155782.672496 recvfrom(41, "nysv\0\0\0\0\0\0\0\0\0\0\0\0tvE\253@\3\0\0N?\3\0\0\0\0\0", 3200, MSG_DONTWAIT, NULL, NULL) = 32
15781 1784155782.673091 recvfrom(41, 0x759253fc80, 3200, MSG_DONTWAIT, NULL, NULL) = -1 EAGAIN (Try again)
15760 1784155782.677030 clone(child_stack=0x7593472d40, flags=CLONE_VM|CLONE_FS|CLONE_FILES|CLONE_SIGHAND|CLONE_THREAD|CLONE_SYSVSEM|CLONE_SETTLS|CLONE_PARENT_SETTID|CLONE_CHILD_CLEARTID, parent_tidptr=0x7593472d60, tls=0x7593473020, child_tidptr=0x7593472d60) = 15861
15861 1784155782.680566 clone(child_stack=0x7593369d40, flags=CLONE_VM|CLONE_FS|CLONE_FILES|CLONE_SIGHAND|CLONE_THREAD|CLONE_SYSVSEM|CLONE_SETTLS|CLONE_PARENT_SETTID|CLONE_CHILD_CLEARTID, parent_tidptr=0x7593369d60, tls=0x759336a020, child_tidptr=0x7593369d60) = 15862
15781 1784155782.688665 recvfrom(41, 0x759253feb0, 3200, MSG_DONTWAIT, NULL, NULL) = -1 EAGAIN (Try again)
15781 1784155782.689644 recvfrom(41, "nysv\0\0\0\0\0\0\0\0\0\0\0\0\21\352C\254@\3\0\0O?\3\0\0\0\0\0", 3200, MSG_DONTWAIT, NULL, NULL) = 32
15781 1784155782.690844 recvfrom(41, 0x759253fc80, 3200, MSG_DONTWAIT, NULL, NULL) = -1 EAGAIN (Try again)
15760 1784155782.704900 recvfrom(46, 0x7627796820, 2272, MSG_DONTWAIT, NULL, NULL) = -1 EAGAIN (Try again)
15760 1784155782.705144 recvfrom(44, 0x7fe0226ee0, 3200, MSG_DONTWAIT, NULL, NULL) = -1 EAGAIN (Try again)
15781 1784155782.705579 recvfrom(41, "nysv\0\0\0\0\0\0\0\0\0\0\0\0\337fB\255@\3\0\0P?\3\0\0\0\0\0", 3200, MSG_DONTWAIT, NULL, NULL) = 32
15781 1784155782.705944 recvfrom(41, 0x759253feb0, 3200, MSG_DONTWAIT, NULL, NULL) = -1 EAGAIN (Try again)
15801 1784155782.719541 sendmsg(67, {msg_name=NULL, msg_namelen=0, msg_iov=[{iov_base="l\1\1\1\0\1\0\0N\0\0\0\235\0\0\0\1\1o\0;\0\0\0/re/frid"..., iov_len=432}], msg_iovlen=1, msg_controllen=0, msg_flags=0}, MSG_NOSIGNAL) = 432
15781 1784155782.727429 recvfrom(41, "nysv\0\0\0\0\0\0\0\0\0\0\0\0v\366@\256@\3\0\0Q?\3\0\0\0\0\0", 3200, MSG_DONTWAIT, NULL, NULL) = 32
15781 1784155782.727738 recvfrom(41, 0x759253feb0, 3200, MSG_DONTWAIT, NULL, NULL) = -1 EAGAIN (Try again)
15801 1784155782.733182 sendmsg(67, {msg_name=NULL, msg_namelen=0, msg_iov=[{iov_base="l\1\1\1\0\1\0\0O\0\0\0\235\0\0\0\1\1o\0;\0\0\0/re/frid"..., iov_len=432}], msg_iovlen=1, msg_controllen=0, msg_flags=0}, MSG_NOSIGNAL) = 432
15781 1784155782.745310 recvfrom(41, "nysv\0\0\0\0\0\0\0\0\0\0\0\0/c?\257@\3\0\0R?\3\0\0\0\0\0", 3200, MSG_DONTWAIT, NULL, NULL) = 32
15781 1784155782.745594 recvfrom(41, 0x759253feb0, 3200, MSG_DONTWAIT, NULL, NULL) = -1 EAGAIN (Try again)
15781 1784155782.746647 recvfrom(41, 0x759253feb0, 3200, MSG_DONTWAIT, NULL, NULL) = -1 EAGAIN (Try again)
15801 1784155782.747850 sendmsg(67, {msg_name=NULL, msg_namelen=0, msg_iov=[{iov_base="l\1\1\1\0\1\0\0P\0\0\0\235\0\0\0\1\1o\0;\0\0\0/re/frid"..., iov_len=432}], msg_iovlen=1, msg_controllen=0, msg_flags=0}, MSG_NOSIGNAL) = 432
15801 1784155782.758352 sendmsg(67, {msg_name=NULL, msg_namelen=0, msg_iov=[{iov_base="l\1\1\1\0\1\0\0Q\0\0\0\235\0\0\0\1\1o\0;\0\0\0/re/frid"..., iov_len=432}], msg_iovlen=1, msg_controllen=0, msg_flags=0}, MSG_NOSIGNAL <unfinished ...>
15781 1784155782.758363 recvfrom(41,  <unfinished ...>
15801 1784155782.758583 <... sendmsg resumed> ) = 432
15781 1784155782.758587 <... recvfrom resumed> "nysv\0\0\0\0\0\0\0\0\0\0\0\0AU=\260@\3\0\0S?\3\0\0\0\0\0", 3200, MSG_DONTWAIT, NULL, NULL) = 32
15781 1784155782.759150 recvfrom(41, 0x759253fc80, 3200, MSG_DONTWAIT, NULL, NULL) = -1 EAGAIN (Try again)
15801 1784155782.770523 sendmsg(67, {msg_name=NULL, msg_namelen=0, msg_iov=[{iov_base="l\1\1\1\0\1\0\0R\0\0\0\235\0\0\0\1\1o\0;\0\0\0/re/frid"..., iov_len=432}], msg_iovlen=1, msg_controllen=0, msg_flags=0}, MSG_NOSIGNAL) = 432
15781 1784155782.773815 recvfrom(41, "nysv\0\0\0\0\0\0\0\0\0\0\0\0*\351;\261@\3\0\0T?\3\0\0\0\0\0", 3200, MSG_DONTWAIT, NULL, NULL) = 32
15781 1784155782.781902 recvfrom(41, 0x759253fc80, 3200, MSG_DONTWAIT, NULL, NULL) = -1 EAGAIN (Try again)
15801 1784155782.788181 sendmsg(67, {msg_name=NULL, msg_namelen=0, msg_iov=[{iov_base="l\1\1\1\0\1\0\0S\0\0\0\235\0\0\0\1\1o\0;\0\0\0/re/frid"..., iov_len=432}], msg_iovlen=1, msg_controllen=0, msg_flags=0}, MSG_NOSIGNAL) = 432
15760 1784155782.795048 recvfrom(44, "nysv\0\0\0\0\0\0\0\0\0\0\0\0v\366@\256@\3\0\0Q?\3\0\0\0\0\0", 3200, MSG_DONTWAIT, NULL, NULL) = 32
15760 1784155782.795310 recvfrom(44, 0x7fe0226f80, 3200, MSG_DONTWAIT, NULL, NULL) = -1 EAGAIN (Try again)
15801 1784155782.804933 sendmsg(67, {msg_name=NULL, msg_namelen=0, msg_iov=[{iov_base="l\1\1\1\374\0\0\0T\0\0\0\235\0\0\0\1\1o\0;\0\0\0/re/frid"..., iov_len=428}], msg_iovlen=1, msg_controllen=0, msg_flags=0}, MSG_NOSIGNAL) = 428
15760 1784155782.816114 recvfrom(46, 0x7627796820, 2272, MSG_DONTWAIT, NULL, NULL) = -1 EAGAIN (Try again)
15760 1784155782.816438 recvfrom(44,  <unfinished ...>
15781 1784155782.816566 recvfrom(41,  <unfinished ...>
15760 1784155782.816580 <... recvfrom resumed> 0x7fe0226ee0, 3200, MSG_DONTWAIT, NULL, NULL) = -1 EAGAIN (Try again)
15781 1784155782.816691 <... recvfrom resumed> 0x759253feb0, 3200, MSG_DONTWAIT, NULL, NULL) = -1 EAGAIN (Try again)
15801 1784155782.821669 sendmsg(67, {msg_name=NULL, msg_namelen=0, msg_iov=[{iov_base="l\1\1\1\0\1\0\0U\0\0\0\235\0\0\0\1\1o\0;\0\0\0/re/frid"..., iov_len=432}], msg_iovlen=1, msg_controllen=0, msg_flags=0}, MSG_NOSIGNAL) = 432
15781 1784155782.822250 recvfrom(41, "nysv\0\0\0\0\0\0\0\0\0\0\0\0\377T7\264@\3\0\0W?\3\0\0\0\0\0", 3200, MSG_DONTWAIT, NULL, NULL) = 32
15781 1784155782.823313 recvfrom(41, 0x759253fc80, 3200, MSG_DONTWAIT, NULL, NULL) = -1 EAGAIN (Try again)
15801 1784155782.835793 sendmsg(67, {msg_name=NULL, msg_namelen=0, msg_iov=[{iov_base="l\1\1\1\0\1\0\0V\0\0\0\235\0\0\0\1\1o\0;\0\0\0/re/frid"..., iov_len=432}], msg_iovlen=1, msg_controllen=0, msg_flags=0}, MSG_NOSIGNAL) = 432
15781 1784155782.845784 recvfrom(41, "nysv\0\0\0\0\0\0\0\0\0\0\0\0\300\3215\265@\3\0\0X?\3\0\0\0\0\0", 3200, MSG_DONTWAIT, NULL, NULL) = 32
15781 1784155782.846023 recvfrom(41, 0x759253feb0, 3200, MSG_DONTWAIT, NULL, NULL) = -1 EAGAIN (Try again)
15801 1784155782.852291 sendmsg(67, {msg_name=NULL, msg_namelen=0, msg_iov=[{iov_base="l\1\1\1\0\1\0\0W\0\0\0\235\0\0\0\1\1o\0;\0\0\0/re/frid"..., iov_len=432}], msg_iovlen=1, msg_controllen=0, msg_flags=0}, MSG_NOSIGNAL) = 432
15781 1784155782.862132 recvfrom(41, "nysv\0\0\0\0\0\0\0\0\0\0\0\0'&4\266@\3\0\0Y?\3\0\0\0\0\0", 3200, MSG_DONTWAIT, NULL, NULL) = 32
15781 1784155782.862320 recvfrom(41, 0x759253feb0, 3200, MSG_DONTWAIT, NULL, NULL) = -1 EAGAIN (Try again)
15801 1784155782.867876 sendmsg(67, {msg_name=NULL, msg_namelen=0, msg_iov=[{iov_base="l\1\1\1\0\1\0\0X\0\0\0\235\0\0\0\1\1o\0;\0\0\0/re/frid"..., iov_len=432}], msg_iovlen=1, msg_controllen=0, msg_flags=0}, MSG_NOSIGNAL) = 432
15781 1784155782.879545 recvfrom(41, "nysv\0\0\0\0\0\0\0\0\0\0\0\0000_2\267@\3\0\0Z?\3\0\0\0\0\0", 3200, MSG_DONTWAIT, NULL, NULL) = 32
15781 1784155782.879854 recvfrom(41, 0x759253feb0, 3200, MSG_DONTWAIT, NULL, NULL) = -1 EAGAIN (Try again)
15801 1784155782.883942 sendmsg(67, {msg_name=NULL, msg_namelen=0, msg_iov=[{iov_base="l\1\1\1\0\1\0\0Y\0\0\0\235\0\0\0\1\1o\0;\0\0\0/re/frid"..., iov_len=432}], msg_iovlen=1, msg_controllen=0, msg_flags=0}, MSG_NOSIGNAL) = 432
15781 1784155782.898534 recvfrom(41, "nysv\0\0\0\0\0\0\0\0\0\0\0\0\211\2270\270@\3\0\0[?\3\0\0\0\0\0", 3200, MSG_DONTWAIT, NULL, NULL) = 32
15781 1784155782.898712 recvfrom(41, 0x759253feb0, 3200, MSG_DONTWAIT, NULL, NULL) = -1 EAGAIN (Try again)
15801 1784155782.901646 sendmsg(67, {msg_name=NULL, msg_namelen=0, msg_iov=[{iov_base="l\1\1\1\0\1\0\0Z\0\0\0\235\0\0\0\1\1o\0;\0\0\0/re/frid"..., iov_len=432}], msg_iovlen=1, msg_controllen=0, msg_flags=0}, MSG_NOSIGNAL) = 432
15781 1784155782.916687 recvfrom(41, "nysv\0\0\0\0\0\0\0\0\0\0\0\0r(/\271@\3\0\0\\?\3\0\0\0\0\0", 3200, MSG_DONTWAIT, NULL, NULL) = 32
15781 1784155782.916903 recvfrom(41, 0x759253feb0, 3200, MSG_DONTWAIT, NULL, NULL) = -1 EAGAIN (Try again)
15760 1784155782.921979 recvfrom(44, "nysv\0\0\0\0\0\0\0\0\0\0\0\0\377T7\264@\3\0\0W?\3\0\0\0\0\0", 3200, MSG_DONTWAIT, NULL, NULL) = 32
15760 1784155782.922528 recvfrom(44, 0x7fe0226f80, 3200, MSG_DONTWAIT, NULL, NULL) = -1 EAGAIN (Try again)
15760 1784155782.927022 recvfrom(46, 0x7627796820, 2272, MSG_DONTWAIT, NULL, NULL) = -1 EAGAIN (Try again)
15760 1784155782.927541 recvfrom(44, 0x7fe0226ee0, 3200, MSG_DONTWAIT, NULL, NULL) = -1 EAGAIN (Try again)
15781 1784155782.968873 recvfrom(41, "nysv\0\0\0\0\0\0\0\0\0\0\0\0>\270-\272@\3\0\0]?\3\0\0\0\0\0", 3200, MSG_DONTWAIT, NULL, NULL) = 32
15781 1784155782.969090 recvfrom(41, 0x759253feb0, 3200, MSG_DONTWAIT, NULL, NULL) = -1 EAGAIN (Try again)
15760 1784155782.971856 recvfrom(44, "nysv\0\0\0\0\0\0\0\0\0\0\0\0\333J,\273@\3\0\0^?\3\0\0\0\0\0", 3200, MSG_DONTWAIT, NULL, NULL) = 32
15760 1784155782.972491 recvfrom(44, 0x7fe0226f80, 3200, MSG_DONTWAIT, NULL, NULL) = -1 EAGAIN (Try again)
15760 1784155782.977421 recvfrom(46, 0x7627796820, 2272, MSG_DONTWAIT, NULL, NULL) = -1 EAGAIN (Try again)
15760 1784155782.978301 recvfrom(44, 0x7fe02258f0, 3200, MSG_DONTWAIT, NULL, NULL) = -1 EAGAIN (Try again)
15781 1784155782.990418 recvfrom(41, "nysv\0\0\0\0\0\0\0\0\0\0\0\0\300l)\275@\3\0\0`?\3\0\0\0\0\0", 3200, MSG_DONTWAIT, NULL, NULL) = 32
15781 1784155782.990699 recvfrom(41, 0x759253feb0, 3200, MSG_DONTWAIT, NULL, NULL) = -1 EAGAIN (Try again)
15760 1784155782.995337 recvfrom(44, "nysv\0\0\0\0\0\0\0\0\0\0\0\0'\373'\276@\3\0\0a?\3\0\0\0\0\0", 3200, MSG_DONTWAIT, NULL, NULL) = 32
15760 1784155782.995681 recvfrom(44, 0x7fe0226f80, 3200, MSG_DONTWAIT, NULL, NULL) = -1 EAGAIN (Try again)
15760 1784155782.997213 recvfrom(46, 0x7627796820, 2272, MSG_DONTWAIT, NULL, NULL) = -1 EAGAIN (Try again)
15760 1784155782.997941 recvfrom(44, 0x7fe02258f0, 3200, MSG_DONTWAIT, NULL, NULL) = -1 EAGAIN (Try again)
15781 1784155783.008726 recvfrom(41, "nysv\0\0\0\0\0\0\0\0\0\0\0\0\356\211&\277@\3\0\0b?\3\0\0\0\0\0", 3200, MSG_DONTWAIT, NULL, NULL) = 32
15781 1784155783.008909 recvfrom(41, 0x759253feb0, 3200, MSG_DONTWAIT, NULL, NULL) = -1 EAGAIN (Try again)
15760 1784155783.011377 recvfrom(44, "nysv\0\0\0\0\0\0\0\0\0\0\0\0\356\211&\277@\3\0\0b?\3\0\0\0\0\0", 3200, MSG_DONTWAIT, NULL, NULL) = 32
15760 1784155783.011657 recvfrom(44, 0x7fe0226f80, 3200, MSG_DONTWAIT, NULL, NULL) = -1 EAGAIN (Try again)
15760 1784155783.013228 recvfrom(46, 0x7627796820, 2272, MSG_DONTWAIT, NULL, NULL) = -1 EAGAIN (Try again)
15760 1784155783.014494 recvfrom(44, 0x7fe02258f0, 3200, MSG_DONTWAIT, NULL, NULL) = -1 EAGAIN (Try again)
15781 1784155783.029849 recvfrom(41, "nysv\0\0\0\0\0\0\0\0\0\0\0\0006K%\300@\3\0\0c?\3\0\0\0\0\0", 3200, MSG_DONTWAIT, NULL, NULL) = 32
15781 1784155783.030047 recvfrom(41, 0x759253feb0, 3200, MSG_DONTWAIT, NULL, NULL) = -1 EAGAIN (Try again)
15760 1784155783.032537 recvfrom(44, "nysv\0\0\0\0\0\0\0\0\0\0\0\0006K%\300@\3\0\0c?\3\0\0\0\0\0", 3200, MSG_DONTWAIT, NULL, NULL) = 32
15760 1784155783.032806 recvfrom(44, 0x7fe0226f80, 3200, MSG_DONTWAIT, NULL, NULL) = -1 EAGAIN (Try again)
15760 1784155783.034389 recvfrom(46, 0x7627796820, 2272, MSG_DONTWAIT, NULL, NULL) = -1 EAGAIN (Try again)
15760 1784155783.035016 recvfrom(44, 0x7fe02258f0, 3200, MSG_DONTWAIT, NULL, NULL) = -1 EAGAIN (Try again)
15781 1784155783.050310 recvfrom(41, "nysv\0\0\0\0\0\0\0\0\0\0\0\0w\326#\301@\3\0\0d?\3\0\0\0\0\0", 3200, MSG_DONTWAIT, NULL, NULL) = 32
15781 1784155783.050501 recvfrom(41, 0x759253feb0, 3200, MSG_DONTWAIT, NULL, NULL) = -1 EAGAIN (Try again)
15760 1784155783.052898 recvfrom(44, "nysv\0\0\0\0\0\0\0\0\0\0\0\0w\326#\301@\3\0\0d?\3\0\0\0\0\0", 3200, MSG_DONTWAIT, NULL, NULL) = 32
15760 1784155783.053143 recvfrom(44, 0x7fe0226f80, 3200, MSG_DONTWAIT, NULL, NULL) = -1 EAGAIN (Try again)
15760 1784155783.054621 recvfrom(46, 0x7627796820, 2272, MSG_DONTWAIT, NULL, NULL) = -1 EAGAIN (Try again)
15760 1784155783.055254 recvfrom(44, 0x7fe02258f0, 3200, MSG_DONTWAIT, NULL, NULL) = -1 EAGAIN (Try again)
15781 1784155783.070458 recvfrom(41, "nysv\0\0\0\0\0\0\0\0\0\0\0\0F`\"\302@\3\0\0e?\3\0\0\0\0\0", 3200, MSG_DONTWAIT, NULL, NULL) = 32
15781 1784155783.070639 recvfrom(41, 0x759253feb0, 3200, MSG_DONTWAIT, NULL, NULL) = -1 EAGAIN (Try again)
15760 1784155783.077149 recvfrom(44, "nysv\0\0\0\0\0\0\0\0\0\0\0\0\37\351 \303@\3\0\0f?\3\0\0\0\0\0", 3200, MSG_DONTWAIT, NULL, NULL) = 32
15760 1784155783.077661 recvfrom(44, 0x7fe0226f80, 3200, MSG_DONTWAIT, NULL, NULL) = -1 EAGAIN (Try again)
15760 1784155783.079889 recvfrom(46, 0x7627796820, 2272, MSG_DONTWAIT, NULL, NULL) = -1 EAGAIN (Try again)
15760 1784155783.081100 recvfrom(44, 0x7fe02258f0, 3200, MSG_DONTWAIT, NULL, NULL) = -1 EAGAIN (Try again)
15781 1784155783.091556 recvfrom(41, "nysv\0\0\0\0\0\0\0\0\0\0\0\0\37\351 \303@\3\0\0f?\3\0\0\0\0\0", 3200, MSG_DONTWAIT, NULL, NULL) = 32
15781 1784155783.091733 recvfrom(41, 0x759253feb0, 3200, MSG_DONTWAIT, NULL, NULL) = -1 EAGAIN (Try again)
15760 1784155783.094705 recvfrom(44, "nysv\0\0\0\0\0\0\0\0\0\0\0\0\366n\37\304@\3\0\0g?\3\0\0\0\0\0", 3200, MSG_DONTWAIT, NULL, NULL) = 32
15760 1784155783.095096 recvfrom(44, 0x7fe0226f80, 3200, MSG_DONTWAIT, NULL, NULL) = -1 EAGAIN (Try again)
15760 1784155783.096557 recvfrom(46, 0x7627796820, 2272, MSG_DONTWAIT, NULL, NULL) = -1 EAGAIN (Try again)
15760 1784155783.097246 recvfrom(44, 0x7fe02258f0, 3200, MSG_DONTWAIT, NULL, NULL) = -1 EAGAIN (Try again)
15781 1784155783.110300 recvfrom(41, "nysv\0\0\0\0\0\0\0\0\0\0\0\0\200\365\35\305@\3\0\0h?\3\0\0\0\0\0", 3200, MSG_DONTWAIT, NULL, NULL) = 32
15781 1784155783.110575 recvfrom(41, 0x759253feb0, 3200, MSG_DONTWAIT, NULL, NULL) = -1 EAGAIN (Try again)
15760 1784155783.113428 recvfrom(44, "nysv\0\0\0\0\0\0\0\0\0\0\0\0\200\365\35\305@\3\0\0h?\3\0\0\0\0\0", 3200, MSG_DONTWAIT, NULL, NULL) = 32
15760 1784155783.113752 recvfrom(44, 0x7fe0226f80, 3200, MSG_DONTWAIT, NULL, NULL) = -1 EAGAIN (Try again)
15760 1784155783.115349 recvfrom(46, 0x7627796820, 2272, MSG_DONTWAIT, NULL, NULL) = -1 EAGAIN (Try again)
15760 1784155783.116050 recvfrom(44, 0x7fe02258f0, 3200, MSG_DONTWAIT, NULL, NULL) = -1 EAGAIN (Try again)
15781 1784155783.130320 recvfrom(41, "nysv\0\0\0\0\0\0\0\0\0\0\0\0\377E\34\306@\3\0\0i?\3\0\0\0\0\0", 3200, MSG_DONTWAIT, NULL, NULL) = 32
15781 1784155783.130534 recvfrom(41, 0x759253feb0, 3200, MSG_DONTWAIT, NULL, NULL) = -1 EAGAIN (Try again)
15760 1784155783.133136 recvfrom(44, "nysv\0\0\0\0\0\0\0\0\0\0\0\0\377E\34\306@\3\0\0i?\3\0\0\0\0\0", 3200, MSG_DONTWAIT, NULL, NULL) = 32
15760 1784155783.133521 recvfrom(44, 0x7fe0226f80, 3200, MSG_DONTWAIT, NULL, NULL) = -1 EAGAIN (Try again)
15781 1784155783.150063 recvfrom(41, "nysv\0\0\0\0\0\0\0\0\0\0\0\0\300\305\31\307@\3\0\0j?\3\0\0\0\0\0", 3200, MSG_DONTWAIT, NULL, NULL) = 32
15781 1784155783.150366 recvfrom(41, 0x759253feb0, 3200, MSG_DONTWAIT, NULL, NULL) = -1 EAGAIN (Try again)
15760 1784155783.152007 recvfrom(46, 0x7627796820, 2272, MSG_DONTWAIT, NULL, NULL) = -1 EAGAIN (Try again)
15760 1784155783.152617 recvfrom(44, 0x7fe0225150, 3200, MSG_DONTWAIT, NULL, NULL) = -1 EAGAIN (Try again)
15781 1784155783.166973 recvfrom(41, "nysv\0\0\0\0\0\0\0\0\0\0\0\0\333\273\27\310@\3\0\0k?\3\0\0\0\0\0", 3200, MSG_DONTWAIT, NULL, NULL) = 32
15781 1784155783.167304 recvfrom(41, 0x759253feb0, 3200, MSG_DONTWAIT, NULL, NULL) = -1 EAGAIN (Try again)
15760 1784155783.178621 recvfrom(44, "nysv\0\0\0\0\0\0\0\0\0\0\0\0\333\273\27\310@\3\0\0k?\3\0\0\0\0\0", 3200, MSG_DONTWAIT, NULL, NULL) = 32
15760 1784155783.179046 recvfrom(44, 0x7fe0226f80, 3200, MSG_DONTWAIT, NULL, NULL) = -1 EAGAIN (Try again)
15760 1784155783.180884 recvfrom(46, 0x7627796820, 2272, MSG_DONTWAIT, NULL, NULL) = -1 EAGAIN (Try again)
15760 1784155783.181943 recvfrom(44, 0x7fe0225150, 3200, MSG_DONTWAIT, NULL, NULL) = -1 EAGAIN (Try again)
15781 1784155783.193056 recvfrom(41, "nysv\0\0\0\0\0\0\0\0\0\0\0\0\214'\26\311@\3\0\0l?\3\0\0\0\0\0", 3200, MSG_DONTWAIT, NULL, NULL) = 32
15781 1784155783.193305 recvfrom(41, 0x759253feb0, 3200, MSG_DONTWAIT, NULL, NULL) = -1 EAGAIN (Try again)
15760 1784155783.196440 recvfrom(44, "nysv\0\0\0\0\0\0\0\0\0\0\0\0\266w\24\312@\3\0\0m?\3\0\0\0\0\0", 3200, MSG_DONTWAIT, NULL, NULL) = 32
15760 1784155783.196847 recvfrom(44, 0x7fe0226f80, 3200, MSG_DONTWAIT, NULL, NULL) = -1 EAGAIN (Try again)
15760 1784155783.197812 recvfrom(46, 0x7627796820, 2272, MSG_DONTWAIT, NULL, NULL) = -1 EAGAIN (Try again)
15760 1784155783.198609 recvfrom(44, 0x7fe0225150, 3200, MSG_DONTWAIT, NULL, NULL) = -1 EAGAIN (Try again)
15781 1784155783.209832 recvfrom(41, "nysv\0\0\0\0\0\0\0\0\0\0\0\0\231\3\23\313@\3\0\0n?\3\0\0\0\0\0", 3200, MSG_DONTWAIT, NULL, NULL) = 32
15781 1784155783.210027 recvfrom(41, 0x759253feb0, 3200, MSG_DONTWAIT, NULL, NULL) = -1 EAGAIN (Try again)
15760 1784155783.213024 recvfrom(44, "nysv\0\0\0\0\0\0\0\0\0\0\0\0\231\3\23\313@\3\0\0n?\3\0\0\0\0\0", 3200, MSG_DONTWAIT, NULL, NULL) = 32
15760 1784155783.213389 recvfrom(44, 0x7fe0226f80, 3200, MSG_DONTWAIT, NULL, NULL) = -1 EAGAIN (Try again)
15760 1784155783.214456 recvfrom(46, 0x7627796820, 2272, MSG_DONTWAIT, NULL, NULL) = -1 EAGAIN (Try again)
15760 1784155783.215083 recvfrom(44, 0x7fe0225150, 3200, MSG_DONTWAIT, NULL, NULL) = -1 EAGAIN (Try again)
15781 1784155783.224604 recvfrom(41, "nysv\0\0\0\0\0\0\0\0\0\0\0\0\204\216\21\314@\3\0\0o?\3\0\0\0\0\0", 3200, MSG_DONTWAIT, NULL, NULL) = 32
15781 1784155783.225003 recvfrom(41, 0x759253feb0, 3200, MSG_DONTWAIT, NULL, NULL) = -1 EAGAIN (Try again)
15760 1784155783.229084 recvfrom(44, "nysv\0\0\0\0\0\0\0\0\0\0\0\0\204\216\21\314@\3\0\0o?\3\0\0\0\0\0", 3200, MSG_DONTWAIT, NULL, NULL) = 32
15760 1784155783.229435 recvfrom(44, 0x7fe0226f80, 3200, MSG_DONTWAIT, NULL, NULL) = -1 EAGAIN (Try again)
15760 1784155783.230352 recvfrom(46, 0x7627796820, 2272, MSG_DONTWAIT, NULL, NULL) = -1 EAGAIN (Try again)
15760 1784155783.230978 recvfrom(44, 0x7fe0225130, 3200, MSG_DONTWAIT, NULL, NULL) = -1 EAGAIN (Try again)
15781 1784155783.244470 recvfrom(41, "nysv\0\0\0\0\0\0\0\0\0\0\0\0\264L\20\315@\3\0\0p?\3\0\0\0\0\0", 3200, MSG_DONTWAIT, NULL, NULL) = 32
15781 1784155783.244692 recvfrom(41, 0x759253feb0, 3200, MSG_DONTWAIT, NULL, NULL) = -1 EAGAIN (Try again)
15760 1784155783.248572 recvfrom(44, "nysv\0\0\0\0\0\0\0\0\0\0\0\0\264L\20\315@\3\0\0p?\3\0\0\0\0\0", 3200, MSG_DONTWAIT, NULL, NULL) = 32
15760 1784155783.248924 recvfrom(44, 0x7fe0226f80, 3200, MSG_DONTWAIT, NULL, NULL) = -1 EAGAIN (Try again)
15760 1784155783.250068 recvfrom(46, 0x7627796820, 2272, MSG_DONTWAIT, NULL, NULL) = -1 EAGAIN (Try again)
15781 1784155783.260172 recvfrom(41, "nysv\0\0\0\0\0\0\0\0\0\0\0\0\336\234\16\316@\3\0\0q?\3\0\0\0\0\0", 3200, MSG_DONTWAIT, NULL, NULL) = 32
15781 1784155783.260397 recvfrom(41, 0x759253feb0, 3200, MSG_DONTWAIT, NULL, NULL) = -1 EAGAIN (Try again)
15781 1784155783.274733 recvfrom(41, "nysv\0\0\0\0\0\0\0\0\0\0\0\0\22\"\r\317@\3\0\0r?\3\0\0\0\0\0", 3200, MSG_DONTWAIT, NULL, NULL) = 32
15781 1784155783.274966 recvfrom(41, 0x759253feb0, 3200, MSG_DONTWAIT, NULL, NULL) = -1 EAGAIN (Try again)
15760 1784155783.278616 recvfrom(44, 0x7fe0226b20, 3200, MSG_DONTWAIT, NULL, NULL) = -1 EAGAIN (Try again)
15760 1784155783.289230 recvfrom(44, "nysv\0\0\0\0\0\0\0\0\0\0\0\0\353\247\v\320@\3\0\0s?\3\0\0\0\0\0", 3200, MSG_DONTWAIT, NULL, NULL) = 32
15760 1784155783.289735 recvfrom(44, 0x7fe0226f80, 3200, MSG_DONTWAIT, NULL, NULL) = -1 EAGAIN (Try again)
15760 1784155783.290551 recvfrom(46, 0x7627796820, 2272, MSG_DONTWAIT, NULL, NULL) = -1 EAGAIN (Try again)
15781 1784155783.296103 recvfrom(41, "nysv\0\0\0\0\0\0\0\0\0\0\0\0\353\247\v\320@\3\0\0s?\3\0\0\0\0\0", 3200, MSG_DONTWAIT, NULL, NULL) = 32
15781 1784155783.296325 recvfrom(41, 0x759253fc80, 3200, MSG_DONTWAIT, NULL, NULL) = -1 EAGAIN (Try again)
15862 1784155785.694932 exit(0)         = ?
15862 1784155785.695231 +++ exited with 0 +++
15798 1784155785.753504 faccessat(AT_FDCWD, "/proc/self/task/15862", F_OK) = -1 ENOENT (No such file or directory)
15780 1784155802.551991 openat(AT_FDCWD, "/data/misc/profiles/cur/0/ca.ramzan.delist/primary.prof", O_RDWR|O_NOFOLLOW|O_CLOEXEC) = 71
15780 1784155802.553165 newfstatat(AT_FDCWD, "/data/misc/profiles/cur/0/ca.ramzan.delist/primary.prof", {st_mode=S_IFREG|0600, st_size=6969, ...}, 0) = 0
