25751 1784112963.661106 accept4(54, NULL, NULL, SOCK_CLOEXEC <unfinished ...>
25731 1784112966.056092 exit(0)         = ?
25731 1784112966.056290 +++ exited with 0 +++
25733 1784112966.060186 exit(0 <unfinished ...>
25734 1784112966.060247 exit(0)         = ?
25733 1784112966.060432 <... exit resumed>) = ?
25734 1784112966.060510 +++ exited with 0 +++
25732 1784112966.060515 exit(0 <unfinished ...>
25733 1784112966.060579 +++ exited with 0 +++
25732 1784112966.060685 <... exit resumed>) = ?
25732 1784112966.060976 +++ exited with 0 +++
25744 1784112966.063223 newfstatat(AT_FDCWD, "/data", {st_mode=S_IFDIR|0771, st_size=4096, ...}, AT_SYMLINK_NOFOLLOW) = 0
25744 1784112966.063583 newfstatat(AT_FDCWD, "/data/app", {st_mode=S_IFDIR|0771, st_size=4096, ...}, AT_SYMLINK_NOFOLLOW) = 0
25744 1784112966.063730 newfstatat(AT_FDCWD, "/data/app/at.tomtasche.reader-ofENsuNnMZAwDiiWWOwLmw==", {st_mode=S_IFDIR|0775, st_size=4096, ...}, AT_SYMLINK_NOFOLLOW) = 0
25744 1784112966.063878 newfstatat(AT_FDCWD, "/data/app/at.tomtasche.reader-ofENsuNnMZAwDiiWWOwLmw==/base.apk", {st_mode=S_IFREG|0644, st_size=95555992, ...}, AT_SYMLINK_NOFOLLOW) = 0
25744 1784112966.064140 getcwd("/", 4096) = 2
25744 1784112966.064498 newfstatat(AT_FDCWD, "/base.apk", 0x70abf7b690, AT_SYMLINK_NOFOLLOW) = -1 ENOENT (No such file or directory)
25724 1784112966.115562 clone(child_stack=0x70a81fbd40, flags=CLONE_VM|CLONE_FS|CLONE_FILES|CLONE_SIGHAND|CLONE_THREAD|CLONE_SYSVSEM|CLONE_SETTLS|CLONE_PARENT_SETTID|CLONE_CHILD_CLEARTID, parent_tidptr=0x70a81fbd60, tls=0x70a81fc020, child_tidptr=0x70a81fbd60) = 25807
25807 1784112966.121760 faccessat(AT_FDCWD, "/data/user/0/at.tomtasche.reader", F_OK) = 0
25807 1784112966.122167 faccessat(AT_FDCWD, "/data/user/0/at.tomtasche.reader/files", F_OK) = 0
25807 1784112966.122576 faccessat(AT_FDCWD, "/data/user/0/at.tomtasche.reader/files/profileinstaller_profileWrittenFor_lastUpdateTime.dat", F_OK) = 0
25807 1784112966.122986 openat(AT_FDCWD, "/data/user/0/at.tomtasche.reader/files/profileinstaller_profileWrittenFor_lastUpdateTime.dat", O_RDONLY) = 71
25807 1784112966.124138 getsockopt(71, SOL_SOCKET, SO_ERROR, 0x70a81fad24, [4]) = -1 ENOTSOCK (Socket operation on non-socket)
25807 1784112966.126051 newfstatat(AT_FDCWD, "/data/misc/profiles/ref/at.tomtasche.reader/primary.prof", 0x70a81fa558, 0) = -1 ENOENT (No such file or directory)
25807 1784112966.126422 faccessat(AT_FDCWD, "/data/misc/profiles/ref/at.tomtasche.reader/primary.prof", F_OK) = -1 ENOENT (No such file or directory)
25807 1784112966.126781 newfstatat(AT_FDCWD, "/data/misc/profiles/cur/0/at.tomtasche.reader/primary.prof", {st_mode=S_IFREG|0600, st_size=2800, ...}, 0) = 0
25807 1784112966.127095 faccessat(AT_FDCWD, "/data/misc/profiles/cur/0/at.tomtasche.reader/primary.prof", F_OK) = 0
25807 1784112966.127988 faccessat(AT_FDCWD, "/data/user/0/at.tomtasche.reader/files", F_OK) = 0
25807 1784112966.128293 faccessat(AT_FDCWD, "/data/user/0/at.tomtasche.reader/files/profileInstalled", F_OK) = 0
25807 1784112966.128583 openat(AT_FDCWD, "/data/user/0/at.tomtasche.reader/files/profileInstalled", O_RDONLY) = 71
25807 1784112966.130166 getsockopt(71, SOL_SOCKET, SO_ERROR, 0x70a81f9ed4, [4]) = -1 ENOTSOCK (Socket operation on non-socket)
25807 1784112966.134479 exit(0)         = ?
25807 1784112966.134756 +++ exited with 0 +++
25767 1784112966.183503 faccessat(AT_FDCWD, "/proc/self/task/25807", F_OK) = -1 ENOENT (No such file or directory)
25724 1784112976.310912 recvfrom(47, "\2\0\0\0\0\0\0\0\2\5\0\0\0\0\0\0\200\211\261\237\224\1\0\0\1\0\0\0\2\20\0\0"..., 2272, MSG_DONTWAIT, NULL, NULL) = 232
25724 1784112976.311653 sendto(47, "\3\0\0\0\0\0\0\0\2\5\0\0\1\0\0\0", 16, MSG_DONTWAIT|MSG_NOSIGNAL, NULL, 0) = 16
25724 1784112976.311933 recvfrom(47, 0x70a6cdb820, 2272, MSG_DONTWAIT, NULL, NULL) = -1 EAGAIN (Try again)
25724 1784112976.312520 recvfrom(47, "\2\0\0\0\0\0\0\0\4\5\0\0\0\0\0\0\200\211\261\237\224\1\0\0\1\0\0\0\2\20\0\0"..., 2272, MSG_DONTWAIT, NULL, NULL) = 232
25724 1784112976.312706 recvfrom(38, 0x7fdaaa0440, 3200, MSG_DONTWAIT, NULL, NULL) = -1 EAGAIN (Try again)
25724 1784112976.313277 sendto(47, "\3\0\0\0\0\0\0\0\4\5\0\0\1\0\0\0", 16, MSG_DONTWAIT|MSG_NOSIGNAL, NULL, 0) = 16
25724 1784112976.313553 recvfrom(47, 0x70a6cdb820, 2272, MSG_DONTWAIT, NULL, NULL) = -1 EAGAIN (Try again)
25724 1784112976.324046 recvfrom(38, "nysv\0\0\0\0\0\0\0\0\0\0\0\0\t\305x\240\224\1\0\0\n\223\1\0\0\0\0\0", 3200, MSG_DONTWAIT, NULL, NULL) = 32
25724 1784112976.324231 recvfrom(38, 0x7fdaaa3760, 3200, MSG_DONTWAIT, NULL, NULL) = -1 EAGAIN (Try again)
25724 1784112976.324524 recvfrom(47, 0x70a6cdb820, 2272, MSG_DONTWAIT, NULL, NULL) = -1 EAGAIN (Try again)
25724 1784112976.324683 recvfrom(38, 0x7fdaaa36c0, 3200, MSG_DONTWAIT, NULL, NULL) = -1 EAGAIN (Try again)
25724 1784112976.327206 socket(AF_UNIX, SOCK_DGRAM|SOCK_CLOEXEC|SOCK_NONBLOCK, 0) = 71
25724 1784112976.327598 setsockopt(71, SOL_SOCKET, SO_SNDBUF, [1048576], 4) = 0
25724 1784112976.327815 connect(71, {sa_family=AF_UNIX, sun_path="/dev/socket/statsdw"}, 110) = 0
25745 1784112976.335926 recvfrom(44, 0x70abdc9eb0, 3200, MSG_DONTWAIT, NULL, NULL) = -1 EAGAIN (Try again)
25724 1784112976.336335 openat(AT_FDCWD, "/system/priv-app/DocumentsUI/DocumentsUI.apk", O_RDONLY|O_CLOEXEC) = 74
25724 1784112976.337130 newfstatat(AT_FDCWD, "/system/priv-app/DocumentsUI/DocumentsUI.apk", {st_mode=S_IFREG|0644, st_size=5028639, ...}, 0) = 0
25745 1784112976.340681 recvfrom(44, "nysv\0\0\0\0\0\0\0\0\0\0\0\0/\24w\241\224\1\0\0\v\223\1\0\0\0\0\0", 3200, MSG_DONTWAIT, NULL, NULL) = 32
25745 1784112976.340939 recvfrom(44, 0x70abdc9c80, 3200, MSG_DONTWAIT, NULL, NULL) = -1 EAGAIN (Try again)
25745 1784112976.353889 recvfrom(44, 0x70abdc9eb0, 3200, MSG_DONTWAIT, NULL, NULL) = -1 EAGAIN (Try again)
25745 1784112976.355980 recvfrom(44, "nysv\0\0\0\0\0\0\0\0\0\0\0\0`\265u\242\224\1\0\0\f\223\1\0\0\0\0\0", 3200, MSG_DONTWAIT, NULL, NULL) = 32
25745 1784112976.356392 recvfrom(44, 0x70abdc9c80, 3200, MSG_DONTWAIT, NULL, NULL) = -1 EAGAIN (Try again)
25745 1784112976.370837 recvfrom(44, 0x70abdc9eb0, 3200, MSG_DONTWAIT, NULL, NULL) = -1 EAGAIN (Try again)
25745 1784112976.373454 recvfrom(44, "nysv\0\0\0\0\0\0\0\0\0\0\0\0\212\5t\243\224\1\0\0\r\223\1\0\0\0\0\0", 3200, MSG_DONTWAIT, NULL, NULL) = 32
25745 1784112976.373678 recvfrom(44, 0x70abdc9c80, 3200, MSG_DONTWAIT, NULL, NULL) = -1 EAGAIN (Try again)
25770 1784112976.380841 sendmsg(72, {msg_name=NULL, msg_namelen=0, msg_iov=[{iov_base="l\1\1\1\24\1\0\0L\0\0\0\235\0\0\0\1\1o\0;\0\0\0/re/frid"..., iov_len=452}], msg_iovlen=1, msg_controllen=0, msg_flags=0}, MSG_NOSIGNAL) = 452
25745 1784112976.387569 recvfrom(44, 0x70abdc9eb0, 3200, MSG_DONTWAIT, NULL, NULL) = -1 EAGAIN (Try again)
25745 1784112976.390287 recvfrom(44, "nysv\0\0\0\0\0\0\0\0\0\0\0\0\270\202r\244\224\1\0\0\16\223\1\0\0\0\0\0", 3200, MSG_DONTWAIT, NULL, NULL) = 32
25745 1784112976.390466 recvfrom(44, 0x70abdc9c80, 3200, MSG_DONTWAIT, NULL, NULL) = -1 EAGAIN (Try again)
25745 1784112976.404753 recvfrom(44, 0x70abdc9eb0, 3200, MSG_DONTWAIT, NULL, NULL) = -1 EAGAIN (Try again)
25745 1784112976.406228 recvfrom(44, "nysv\0\0\0\0\0\0\0\0\0\0\0\0\234 q\245\224\1\0\0\17\223\1\0\0\0\0\0", 3200, MSG_DONTWAIT, NULL, NULL) = 32
25745 1784112976.406602 recvfrom(44, 0x70abdc9c80, 3200, MSG_DONTWAIT, NULL, NULL) = -1 EAGAIN (Try again)
25724 1784112976.411255 recvfrom(38, "nysv\0\0\0\0\0\0\0\0\0\0\0\0/\24w\241\224\1\0\0\v\223\1\0\0\0\0\0", 3200, MSG_DONTWAIT, NULL, NULL) = 32
25724 1784112976.411505 recvfrom(38, 0x7fdaaa3760, 3200, MSG_DONTWAIT, NULL, NULL) = -1 EAGAIN (Try again)
25724 1784112976.411683 recvfrom(75, 0x70a6d75020, 2272, MSG_DONTWAIT, NULL, NULL) = -1 EAGAIN (Try again)
25724 1784112976.411924 recvfrom(38, 0x7fdaaa36c0, 3200, MSG_DONTWAIT, NULL, NULL) = -1 EAGAIN (Try again)
25745 1784112976.419785 recvfrom(44, 0x70abdc9eb0, 3200, MSG_DONTWAIT, NULL, NULL) = -1 EAGAIN (Try again)
25745 1784112976.432518 recvfrom(44, "nysv\0\0\0\0\0\0\0\0\0\0\0\0\34\277o\246\224\1\0\0\20\223\1\0\0\0\0\0", 3200, MSG_DONTWAIT, NULL, NULL) = 32
25745 1784112976.432690 recvfrom(44, 0x70abdc9c80, 3200, MSG_DONTWAIT, NULL, NULL) = -1 EAGAIN (Try again)
25745 1784112976.441708 recvfrom(44, "nysv\0\0\0\0\0\0\0\0\0\0\0\0\273[n\247\224\1\0\0\21\223\1\0\0\0\0\0", 3200, MSG_DONTWAIT, NULL, NULL) = 32
25745 1784112976.441994 recvfrom(44, 0x70abdc9eb0, 3200, MSG_DONTWAIT, NULL, NULL) = -1 EAGAIN (Try again)
25745 1784112976.469865 recvfrom(44, "nysv\0\0\0\0\0\0\0\0\0\0\0\0\31Am\250\224\1\0\0\22\223\1\0\0\0\0\0", 3200, MSG_DONTWAIT, NULL, NULL) = 32
25745 1784112976.470050 recvfrom(44, 0x70abdc9c80, 3200, MSG_DONTWAIT, NULL, NULL) = -1 EAGAIN (Try again)
25724 1784112976.470924 recvfrom(38, "nysv\0\0\0\0\0\0\0\0\0\0\0\0\34\277o\246\224\1\0\0\20\223\1\0\0\0\0\0", 3200, MSG_DONTWAIT, NULL, NULL) = 32
25724 1784112976.471160 recvfrom(38, 0x7fdaaa3760, 3200, MSG_DONTWAIT, NULL, NULL) = -1 EAGAIN (Try again)
25745 1784112976.486349 recvfrom(44, "nysv\0\0\0\0\0\0\0\0\0\0\0\0\\\332k\251\224\1\0\0\23\223\1\0\0\0\0\0", 3200, MSG_DONTWAIT, NULL, NULL) = 32
25745 1784112976.486521 recvfrom(44, 0x70abdc9eb0, 3200, MSG_DONTWAIT, NULL, NULL) = -1 EAGAIN (Try again)
25745 1784112976.487317 recvfrom(44, 0x70abdc9eb0, 3200, MSG_DONTWAIT, NULL, NULL) = -1 EAGAIN (Try again)
25724 1784112976.489038 recvfrom(47, 0x70a6cdb820, 2272, MSG_DONTWAIT, NULL, NULL) = -1 EAGAIN (Try again)
25724 1784112976.489199 recvfrom(38, 0x7fdaaa36c0, 3200, MSG_DONTWAIT, NULL, NULL) = -1 EAGAIN (Try again)
25745 1784112976.502650 recvfrom(44, "nysv\0\0\0\0\0\0\0\0\0\0\0\0IUj\252\224\1\0\0\24\223\1\0\0\0\0\0", 3200, MSG_DONTWAIT, NULL, NULL) = 32
25745 1784112976.502822 recvfrom(44, 0x70abdc9eb0, 3200, MSG_DONTWAIT, NULL, NULL) = -1 EAGAIN (Try again)
25724 1784112976.507190 recvfrom(38, "nysv\0\0\0\0\0\0\0\0\0\0\0\0IUj\252\224\1\0\0\24\223\1\0\0\0\0\0", 3200, MSG_DONTWAIT, NULL, NULL) = 32
25724 1784112976.507715 recvfrom(38, 0x7fdaaa3760, 3200, MSG_DONTWAIT, NULL, NULL) = -1 EAGAIN (Try again)
25724 1784112976.514383 recvfrom(75, 0x70a6d75020, 2272, MSG_DONTWAIT, NULL, NULL) = -1 EAGAIN (Try again)
25724 1784112976.514641 recvfrom(47, 0x70a6cdb820, 2272, MSG_DONTWAIT, NULL, NULL) = -1 EAGAIN (Try again)
25724 1784112976.514939 recvfrom(38, 0x7fdaaa36c0, 3200, MSG_DONTWAIT, NULL, NULL) = -1 EAGAIN (Try again)
25745 1784112976.530575 recvfrom(44, "nysv\0\0\0\0\0\0\0\0\0\0\0\0\265\354h\253\224\1\0\0\25\223\1\0\0\0\0\0", 3200, MSG_DONTWAIT, NULL, NULL) = 32
25745 1784112976.530805 recvfrom(44, 0x70abdc9eb0, 3200, MSG_DONTWAIT, NULL, NULL) = -1 EAGAIN (Try again)
25745 1784112976.539979 recvfrom(44, "nysv\0\0\0\0\0\0\0\0\0\0\0\0v\22f\255\224\1\0\0\27\223\1\0\0\0\0\0", 3200, MSG_DONTWAIT, NULL, NULL) = 32
25745 1784112976.540317 recvfrom(44, 0x70abdc9eb0, 3200, MSG_DONTWAIT, NULL, NULL) = -1 EAGAIN (Try again)
25724 1784112976.549862 recvfrom(38, "nysv\0\0\0\0\0\0\0\0\0\0\0\0\313|g\254\224\1\0\0\26\223\1\0\0\0\0\0", 3200, MSG_DONTWAIT, NULL, NULL) = 32
25724 1784112976.550137 recvfrom(38, 0x7fdaaa3760, 3200, MSG_DONTWAIT, NULL, NULL) = -1 EAGAIN (Try again)
25724 1784112976.550887 recvfrom(38, 0x7fdaaa36c0, 3200, MSG_DONTWAIT, NULL, NULL) = -1 EAGAIN (Try again)
25745 1784112976.561509 recvfrom(44, "nysv\0\0\0\0\0\0\0\0\0\0\0\0\f\243d\256\224\1\0\0\30\223\1\0\0\0\0\0", 3200, MSG_DONTWAIT, NULL, NULL) = 32
25745 1784112976.562273 recvfrom(44, 0x70abdc9c80, 3200, MSG_DONTWAIT, NULL, NULL) = -1 EAGAIN (Try again)
25724 1784112976.567639 recvfrom(38, "nysv\0\0\0\0\0\0\0\0\0\0\0\0\f\243d\256\224\1\0\0\30\223\1\0\0\0\0\0", 3200, MSG_DONTWAIT, NULL, NULL) = 32
25724 1784112976.567899 recvfrom(38, 0x7fdaaa3760, 3200, MSG_DONTWAIT, NULL, NULL) = -1 EAGAIN (Try again)
25724 1784112976.568140 recvfrom(75, 0x70a6d75020, 2272, MSG_DONTWAIT, NULL, NULL) = -1 EAGAIN (Try again)
25724 1784112976.568366 recvfrom(38, 0x7fdaaa36c0, 3200, MSG_DONTWAIT, NULL, NULL) = -1 EAGAIN (Try again)
25745 1784112976.573098 recvfrom(44, 0x70abdc9eb0, 3200, MSG_DONTWAIT, NULL, NULL) = -1 EAGAIN (Try again)
25724 1784112976.573215 recvfrom(38, "nysv\0\0\0\0\0\0\0\0\0\0\0\0)7c\257\224\1\0\0\31\223\1\0\0\0\0\0", 3200, MSG_DONTWAIT, NULL, NULL) = 32
25724 1784112976.573565 recvfrom(38, 0x7fdaaa3760, 3200, MSG_DONTWAIT, NULL, NULL) = -1 EAGAIN (Try again)
25724 1784112976.574085 recvfrom(38, 0x7fdaaa36c0, 3200, MSG_DONTWAIT, NULL, NULL) = -1 EAGAIN (Try again)
25745 1784112976.597430 recvfrom(44, "nysv\0\0\0\0\0\0\0\0\0\0\0\0{\362_\260\224\1\0\0\32\223\1\0\0\0\0\0", 3200, MSG_DONTWAIT, NULL, NULL) = 32
25745 1784112976.597727 recvfrom(44, 0x70abdc9c80, 3200, MSG_DONTWAIT, NULL, NULL) = -1 EAGAIN (Try again)
25724 1784112976.597905 recvfrom(38, "nysv\0\0\0\0\0\0\0\0\0\0\0\0{\362_\260\224\1\0\0\32\223\1\0\0\0\0\0", 3200, MSG_DONTWAIT, NULL, NULL) = 32
25724 1784112976.598178 recvfrom(38, 0x7fdaaa3760, 3200, MSG_DONTWAIT, NULL, NULL) = -1 EAGAIN (Try again)
25724 1784112976.599811 recvfrom(38, 0x7fdaaa36c0, 3200, MSG_DONTWAIT, NULL, NULL) = -1 EAGAIN (Try again)
25745 1784112976.614085 recvfrom(44, 0x70abdc9eb0, 3200, MSG_DONTWAIT, NULL, NULL) = -1 EAGAIN (Try again)
25745 1784112976.624315 recvfrom(44, "nysv\0\0\0\0\0\0\0\0\0\0\0\0\265\333\\\262\224\1\0\0\33\223\1\0\0\0\0\0", 3200, MSG_DONTWAIT, NULL, NULL) = 32
25745 1784112976.624668 recvfrom(44,  <unfinished ...>
25724 1784112976.624697 recvfrom(38,  <unfinished ...>
25745 1784112976.624804 <... recvfrom resumed> 0x70abdc9c80, 3200, MSG_DONTWAIT, NULL, NULL) = -1 EAGAIN (Try again)
25724 1784112976.624815 <... recvfrom resumed> "nysv\0\0\0\0\0\0\0\0\0\0\0\0\265\333\\\262\224\1\0\0\33\223\1\0\0\0\0\0", 3200, MSG_DONTWAIT, NULL, NULL) = 32
25724 1784112976.624932 recvfrom(38, 0x7fdaaa3760, 3200, MSG_DONTWAIT, NULL, NULL) = -1 EAGAIN (Try again)
25724 1784112976.626846 recvfrom(38, 0x7fdaaa36c0, 3200, MSG_DONTWAIT, NULL, NULL) = -1 EAGAIN (Try again)
25745 1784112976.638277 recvfrom(44, 0x70abdc9eb0, 3200, MSG_DONTWAIT, NULL, NULL) = -1 EAGAIN (Try again)
25745 1784112976.640124 recvfrom(44, "nysv\0\0\0\0\0\0\0\0\0\0\0\0002X[\263\224\1\0\0\34\223\1\0\0\0\0\0", 3200, MSG_DONTWAIT, NULL, NULL) = 32
25724 1784112976.640251 recvfrom(38,  <unfinished ...>
25745 1784112976.640408 recvfrom(44, 0x70abdc9c80, 3200, MSG_DONTWAIT, NULL, NULL) = -1 EAGAIN (Try again)
25724 1784112976.640727 <... recvfrom resumed> "nysv\0\0\0\0\0\0\0\0\0\0\0\0002X[\263\224\1\0\0\34\223\1\0\0\0\0\0", 3200, MSG_DONTWAIT, NULL, NULL) = 32
25724 1784112976.640934 recvfrom(38, 0x7fdaaa3760, 3200, MSG_DONTWAIT, NULL, NULL) = -1 EAGAIN (Try again)
25724 1784112976.641848 recvfrom(38, 0x7fdaaa36c0, 3200, MSG_DONTWAIT, NULL, NULL) = -1 EAGAIN (Try again)
25745 1784112976.652773 recvfrom(44, 0x70abdc9eb0, 3200, MSG_DONTWAIT, NULL, NULL) = -1 EAGAIN (Try again)
25745 1784112976.656838 recvfrom(44, "nysv\0\0\0\0\0\0\0\0\0\0\0\0\331\320Y\264\224\1\0\0\35\223\1\0\0\0\0\0", 3200, MSG_DONTWAIT, NULL, NULL) = 32
25745 1784112976.657267 recvfrom(44, 0x70abdc9c80, 3200, MSG_DONTWAIT, NULL, NULL) = -1 EAGAIN (Try again)
25724 1784112976.657858 recvfrom(38, "nysv\0\0\0\0\0\0\0\0\0\0\0\0\331\320Y\264\224\1\0\0\35\223\1\0\0\0\0\0", 3200, MSG_DONTWAIT, NULL, NULL) = 32
25724 1784112976.658106 recvfrom(38, 0x7fdaaa3760, 3200, MSG_DONTWAIT, NULL, NULL) = -1 EAGAIN (Try again)
25724 1784112976.661938 recvfrom(38, 0x7fdaaa36c0, 3200, MSG_DONTWAIT, NULL, NULL) = -1 EAGAIN (Try again)
25745 1784112976.670891 recvfrom(44, 0x70abdc9eb0, 3200, MSG_DONTWAIT, NULL, NULL) = -1 EAGAIN (Try again)
25745 1784112976.673625 recvfrom(44, "nysv\0\0\0\0\0\0\0\0\0\0\0\0>CX\265\224\1\0\0\36\223\1\0\0\0\0\0", 3200, MSG_DONTWAIT, NULL, NULL) = 32
25745 1784112976.673860 recvfrom(44, 0x70abdc9c80, 3200, MSG_DONTWAIT, NULL, NULL) = -1 EAGAIN (Try again)
25724 1784112976.674049 recvfrom(38, "nysv\0\0\0\0\0\0\0\0\0\0\0\0>CX\265\224\1\0\0\36\223\1\0\0\0\0\0", 3200, MSG_DONTWAIT, NULL, NULL) = 32
25724 1784112976.674451 recvfrom(38, 0x7fdaaa3760, 3200, MSG_DONTWAIT, NULL, NULL) = -1 EAGAIN (Try again)
25724 1784112976.676408 recvfrom(38, 0x7fdaaa36c0, 3200, MSG_DONTWAIT, NULL, NULL) = -1 EAGAIN (Try again)
25745 1784112976.686480 recvfrom(44, 0x70abdc9eb0, 3200, MSG_DONTWAIT, NULL, NULL) = -1 EAGAIN (Try again)
25745 1784112976.690917 recvfrom(44, "nysv\0\0\0\0\0\0\0\0\0\0\0\0E\213V\266\224\1\0\0\37\223\1\0\0\0\0\0", 3200, MSG_DONTWAIT, NULL, NULL) = 32
25745 1784112976.691178 recvfrom(44, 0x70abdc9c80, 3200, MSG_DONTWAIT, NULL, NULL) = -1 EAGAIN (Try again)
25724 1784112976.691740 recvfrom(38, "nysv\0\0\0\0\0\0\0\0\0\0\0\0E\213V\266\224\1\0\0\37\223\1\0\0\0\0\0", 3200, MSG_DONTWAIT, NULL, NULL) = 32
25724 1784112976.692009 recvfrom(38, 0x7fdaaa3760, 3200, MSG_DONTWAIT, NULL, NULL) = -1 EAGAIN (Try again)
25745 1784112976.706983 recvfrom(44, "nysv\0\0\0\0\0\0\0\0\0\0\0\0[\371T\267\224\1\0\0 \223\1\0\0\0\0\0", 3200, MSG_DONTWAIT, NULL, NULL) = 32
25745 1784112976.707207 recvfrom(44, 0x70abdc9c80, 3200, MSG_DONTWAIT, NULL, NULL) = -1 EAGAIN (Try again)
25724 1784112978.110687 recvfrom(38, 0x7fdaaa34f0, 3200, MSG_DONTWAIT, NULL, NULL) = -1 EAGAIN (Try again)
25724 1784112978.124116 recvfrom(38, "nysv\0\0\0\0\0\0\0\0\0\0\0\0\217m\301\v\225\1\0\0t\223\1\0\0\0\0\0", 3200, MSG_DONTWAIT, NULL, NULL) = 32
25724 1784112978.124875 recvfrom(38, 0x7fdaaa3760, 3200, MSG_DONTWAIT, NULL, NULL) = -1 EAGAIN (Try again)
25724 1784112978.127231 recvfrom(75, 0x70a6d75020, 2272, MSG_DONTWAIT, NULL, NULL) = -1 EAGAIN (Try again)
25724 1784112978.128178 recvfrom(38, 0x7fdaaa2610, 3200, MSG_DONTWAIT, NULL, NULL) = -1 EAGAIN (Try again)
25724 1784112978.140642 recvfrom(38, "nysv\0\0\0\0\0\0\0\0\0\0\0\0W\365\277\f\225\1\0\0u\223\1\0\0\0\0\0", 3200, MSG_DONTWAIT, NULL, NULL) = 32
25724 1784112978.141467 recvfrom(38, 0x7fdaaa3760, 3200, MSG_DONTWAIT, NULL, NULL) = -1 EAGAIN (Try again)
25724 1784112978.145184 recvfrom(75, 0x70a6d75020, 2272, MSG_DONTWAIT, NULL, NULL) = -1 EAGAIN (Try again)
25724 1784112978.148109 recvfrom(38, 0x7fdaaa2610, 3200, MSG_DONTWAIT, NULL, NULL) = -1 EAGAIN (Try again)
25724 1784112978.157273 recvfrom(38, "nysv\0\0\0\0\0\0\0\0\0\0\0\0\377\224\276\r\225\1\0\0v\223\1\0\0\0\0\0", 3200, MSG_DONTWAIT, NULL, NULL) = 32
25724 1784112978.157763 recvfrom(38, 0x7fdaaa3760, 3200, MSG_DONTWAIT, NULL, NULL) = -1 EAGAIN (Try again)
25724 1784112978.160436 recvfrom(75, 0x70a6d75020, 2272, MSG_DONTWAIT, NULL, NULL) = -1 EAGAIN (Try again)
25724 1784112978.160872 recvfrom(38, 0x7fdaaa2610, 3200, MSG_DONTWAIT, NULL, NULL) = -1 EAGAIN (Try again)
25724 1784112978.173074 recvfrom(38, "nysv\0\0\0\0\0\0\0\0\0\0\0\0\3221\275\16\225\1\0\0w\223\1\0\0\0\0\0", 3200, MSG_DONTWAIT, NULL, NULL) = 32
25724 1784112978.173459 recvfrom(38, 0x7fdaaa3760, 3200, MSG_DONTWAIT, NULL, NULL) = -1 EAGAIN (Try again)
25724 1784112978.173878 recvfrom(75, 0x70a6d75020, 2272, MSG_DONTWAIT, NULL, NULL) = -1 EAGAIN (Try again)
25724 1784112978.176054 recvfrom(38, 0x7fdaaa2610, 3200, MSG_DONTWAIT, NULL, NULL) = -1 EAGAIN (Try again)
25724 1784112978.191378 recvfrom(38, "nysv\0\0\0\0\0\0\0\0\0\0\0\0Eh\273\17\225\1\0\0x\223\1\0\0\0\0\0", 3200, MSG_DONTWAIT, NULL, NULL) = 32
25724 1784112978.191663 recvfrom(38, 0x7fdaaa3760, 3200, MSG_DONTWAIT, NULL, NULL) = -1 EAGAIN (Try again)
25724 1784112978.192222 recvfrom(75, 0x70a6d75020, 2272, MSG_DONTWAIT, NULL, NULL) = -1 EAGAIN (Try again)
25724 1784112978.194553 recvfrom(38, 0x7fdaaa2610, 3200, MSG_DONTWAIT, NULL, NULL) = -1 EAGAIN (Try again)
25724 1784112978.207795 recvfrom(38, "nysv\0\0\0\0\0\0\0\0\0\0\0\0\343\262\271\20\225\1\0\0y\223\1\0\0\0\0\0", 3200, MSG_DONTWAIT, NULL, NULL) = 32
25724 1784112978.208170 recvfrom(38, 0x7fdaaa3760, 3200, MSG_DONTWAIT, NULL, NULL) = -1 EAGAIN (Try again)
25724 1784112978.208539 recvfrom(75, 0x70a6d75020, 2272, MSG_DONTWAIT, NULL, NULL) = -1 EAGAIN (Try again)
25724 1784112978.210646 recvfrom(38, 0x7fdaaa2610, 3200, MSG_DONTWAIT, NULL, NULL) = -1 EAGAIN (Try again)
25724 1784112978.224497 recvfrom(38, "nysv\0\0\0\0\0\0\0\0\0\0\0\0\356\370\267\21\225\1\0\0z\223\1\0\0\0\0\0", 3200, MSG_DONTWAIT, NULL, NULL) = 32
25724 1784112978.224818 recvfrom(38, 0x7fdaaa3760, 3200, MSG_DONTWAIT, NULL, NULL) = -1 EAGAIN (Try again)
25724 1784112978.225138 recvfrom(75, 0x70a6d75020, 2272, MSG_DONTWAIT, NULL, NULL) = -1 EAGAIN (Try again)
25724 1784112978.225505 recvfrom(38, 0x7fdaaa2610, 3200, MSG_DONTWAIT, NULL, NULL) = -1 EAGAIN (Try again)
25724 1784112978.241428 recvfrom(38, "nysv\0\0\0\0\0\0\0\0\0\0\0\0\10*\266\22\225\1\0\0{\223\1\0\0\0\0\0", 3200, MSG_DONTWAIT, NULL, NULL) = 32
25724 1784112978.241735 recvfrom(38, 0x7fdaaa3760, 3200, MSG_DONTWAIT, NULL, NULL) = -1 EAGAIN (Try again)
25724 1784112978.242213 recvfrom(75, 0x70a6d75020, 2272, MSG_DONTWAIT, NULL, NULL) = -1 EAGAIN (Try again)
25724 1784112978.245121 recvfrom(38, 0x7fdaaa2610, 3200, MSG_DONTWAIT, NULL, NULL) = -1 EAGAIN (Try again)
25724 1784112978.257505 recvfrom(38, "nysv\0\0\0\0\0\0\0\0\0\0\0\0002z\264\23\225\1\0\0|\223\1\0\0\0\0\0", 3200, MSG_DONTWAIT, NULL, NULL) = 32
25724 1784112978.257809 recvfrom(38, 0x7fdaaa3760, 3200, MSG_DONTWAIT, NULL, NULL) = -1 EAGAIN (Try again)
25724 1784112978.258354 recvfrom(75, 0x70a6d75020, 2272, MSG_DONTWAIT, NULL, NULL) = -1 EAGAIN (Try again)
25724 1784112978.258736 recvfrom(38, 0x7fdaaa2610, 3200, MSG_DONTWAIT, NULL, NULL) = -1 EAGAIN (Try again)
25724 1784112978.272818 recvfrom(38, "nysv\0\0\0\0\0\0\0\0\0\0\0\0\330\27\263\24\225\1\0\0}\223\1\0\0\0\0\0", 3200, MSG_DONTWAIT, NULL, NULL) = 32
25724 1784112978.273189 recvfrom(38, 0x7fdaaa3760, 3200, MSG_DONTWAIT, NULL, NULL) = -1 EAGAIN (Try again)
25724 1784112978.273727 recvfrom(75, 0x70a6d75020, 2272, MSG_DONTWAIT, NULL, NULL) = -1 EAGAIN (Try again)
25724 1784112978.274452 recvfrom(38, 0x7fdaaa2610, 3200, MSG_DONTWAIT, NULL, NULL) = -1 EAGAIN (Try again)
25724 1784112978.290193 recvfrom(38, "nysv\0\0\0\0\0\0\0\0\0\0\0\0\336\264\261\25\225\1\0\0~\223\1\0\0\0\0\0", 3200, MSG_DONTWAIT, NULL, NULL) = 32
25724 1784112978.290427 recvfrom(38, 0x7fdaaa3760, 3200, MSG_DONTWAIT, NULL, NULL) = -1 EAGAIN (Try again)
25724 1784112978.292617 recvfrom(75, 0x70a6d75020, 2272, MSG_DONTWAIT, NULL, NULL) = -1 EAGAIN (Try again)
25724 1784112978.294297 recvfrom(38, 0x7fdaaa2610, 3200, MSG_DONTWAIT, NULL, NULL) = -1 EAGAIN (Try again)
25724 1784112978.306758 recvfrom(38, "nysv\0\0\0\0\0\0\0\0\0\0\0\0s:\260\26\225\1\0\0\177\223\1\0\0\0\0\0", 3200, MSG_DONTWAIT, NULL, NULL) = 32
25724 1784112978.307381 recvfrom(38, 0x7fdaaa3760, 3200, MSG_DONTWAIT, NULL, NULL) = -1 EAGAIN (Try again)
25724 1784112978.307688 recvfrom(75, 0x70a6d75020, 2272, MSG_DONTWAIT, NULL, NULL) = -1 EAGAIN (Try again)
25724 1784112978.308964 recvfrom(38, 0x7fdaaa2610, 3200, MSG_DONTWAIT, NULL, NULL) = -1 EAGAIN (Try again)
25724 1784112978.324522 recvfrom(38, "nysv\0\0\0\0\0\0\0\0\0\0\0\0\337u\256\27\225\1\0\0\200\223\1\0\0\0\0\0", 3200, MSG_DONTWAIT, NULL, NULL) = 32
25724 1784112978.324954 recvfrom(38, 0x7fdaaa3760, 3200, MSG_DONTWAIT, NULL, NULL) = -1 EAGAIN (Try again)
25724 1784112978.325270 recvfrom(75, 0x70a6d75020, 2272, MSG_DONTWAIT, NULL, NULL) = -1 EAGAIN (Try again)
25724 1784112978.329937 recvfrom(38, 0x7fdaaa2610, 3200, MSG_DONTWAIT, NULL, NULL) = -1 EAGAIN (Try again)
25724 1784112978.341376 recvfrom(38, "nysv\0\0\0\0\0\0\0\0\0\0\0\0D\236\254\30\225\1\0\0\201\223\1\0\0\0\0\0", 3200, MSG_DONTWAIT, NULL, NULL) = 32
25724 1784112978.341788 recvfrom(38, 0x7fdaaa3760, 3200, MSG_DONTWAIT, NULL, NULL) = -1 EAGAIN (Try again)
25724 1784112978.342190 recvfrom(75, 0x70a6d75020, 2272, MSG_DONTWAIT, NULL, NULL) = -1 EAGAIN (Try again)
25724 1784112978.346072 recvfrom(38, 0x7fdaaa2610, 3200, MSG_DONTWAIT, NULL, NULL) = -1 EAGAIN (Try again)
25724 1784112978.357269 recvfrom(38, "nysv\0\0\0\0\0\0\0\0\0\0\0\0Z\370\252\31\225\1\0\0\202\223\1\0\0\0\0\0", 3200, MSG_DONTWAIT, NULL, NULL) = 32
25724 1784112978.357615 recvfrom(38, 0x7fdaaa3760, 3200, MSG_DONTWAIT, NULL, NULL) = -1 EAGAIN (Try again)
25724 1784112978.357890 recvfrom(75, 0x70a6d75020, 2272, MSG_DONTWAIT, NULL, NULL) = -1 EAGAIN (Try again)
25724 1784112978.362228 recvfrom(38, 0x7fdaaa2610, 3200, MSG_DONTWAIT, NULL, NULL) = -1 EAGAIN (Try again)
25724 1784112978.375095 recvfrom(38, "nysv\0\0\0\0\0\0\0\0\0\0\0\0D\22\251\32\225\1\0\0\203\223\1\0\0\0\0\0", 3200, MSG_DONTWAIT, NULL, NULL) = 32
25724 1784112978.375435 recvfrom(38, 0x7fdaaa3760, 3200, MSG_DONTWAIT, NULL, NULL) = -1 EAGAIN (Try again)
25724 1784112978.378289 recvfrom(75, 0x70a6d75020, 2272, MSG_DONTWAIT, NULL, NULL) = -1 EAGAIN (Try again)
25769 1784112978.879606 exit(0)         = ?
25769 1784112978.879906 +++ exited with 0 +++
25767 1784112978.928838 faccessat(AT_FDCWD, "/proc/self/task/25769", F_OK) = -1 ENOENT (No such file or directory)
25724 1784112990.515726 recvfrom(75, "\1\0\0\0\0\0\0\0\6\5\0\0\0\0\0\0\300\242`\356\227\1\0\0\377\377\377\377\0\0\0\0"..., 2272, MSG_DONTWAIT, NULL, NULL) = 72
25724 1784112990.516070 sendto(75, "\3\0\0\0\0\0\0\0\6\5\0\0\1\0\0\0", 16, MSG_DONTWAIT|MSG_NOSIGNAL, NULL, 0) = 16
25724 1784112990.516404 recvfrom(75, "\1\0\0\0\0\0\0\0\10\5\0\0\0\0\0\0\300\242`\356\227\1\0\0\377\377\377\377\0\0\0\0"..., 2272, MSG_DONTWAIT, NULL, NULL) = 72
25724 1784112990.516821 recvfrom(38, 0x7fdaa9fe90, 3200, MSG_DONTWAIT, NULL, NULL) = -1 EAGAIN (Try again)
25724 1784112990.521662 recvfrom(75, "", 2272, MSG_DONTWAIT, NULL, NULL) = 0
25724 1784112990.524297 recvfrom(38, "nysv\0\0\0\0\0\0\0\0\0\0\0\0t\232\332\356\227\1\0\0V\226\1\0\0\0\0\0", 3200, MSG_DONTWAIT, NULL, NULL) = 32
25724 1784112990.524439 recvfrom(38, 0x7fdaaa3760, 3200, MSG_DONTWAIT, NULL, NULL) = -1 EAGAIN (Try again)
25724 1784112990.524576 recvfrom(47, 0x70a6cdb820, 2272, MSG_DONTWAIT, NULL, NULL) = -1 EAGAIN (Try again)
