8853  1784166915.578059 recvfrom(42, "nysv\0\0\0\0\0\0\0\0\0\0\0\0006\333\221on\0\0\0006m\0\0\0\0\0\0", 3200, MSG_DONTWAIT, NULL, NULL) = 32
8853  1784166915.578624 recvfrom(42, 0x7fda6f6e30, 3200, MSG_DONTWAIT, NULL, NULL) = -1 EAGAIN (Try again)
8853  1784166915.579111 recvfrom(45, 0x7d0bfc7c20, 2272, MSG_DONTWAIT, NULL, NULL) = -1 EAGAIN (Try again)
8853  1784166915.592725 recvfrom(42, 0x7fda6f6b80, 3200, MSG_DONTWAIT, NULL, NULL) = -1 EAGAIN (Try again)
8853  1784166915.598384 clone(child_stack=0x7c1decfd40, flags=CLONE_VM|CLONE_FS|CLONE_FILES|CLONE_SIGHAND|CLONE_THREAD|CLONE_SYSVSEM|CLONE_SETTLS|CLONE_PARENT_SETTID|CLONE_CHILD_CLEARTID, parent_tidptr=0x7c1decfd60, tls=0x7c1ded0020, child_tidptr=0x7c1decfd60) = 8911
8853  1784166915.608278 recvfrom(42, "nysv\0\0\0\0\0\0\0\0\0\0\0\0\341l\220pn\0\0\0007m\0\0\0\0\0\0", 3200, MSG_DONTWAIT, NULL, NULL) = 32
8853  1784166915.608439 recvfrom(42, 0x7fda6f6e30, 3200, MSG_DONTWAIT, NULL, NULL) = -1 EAGAIN (Try again)
8853  1784166917.168134 recvfrom(42, 0x7fda6f6950, 3200, MSG_DONTWAIT, NULL, NULL) = -1 EAGAIN (Try again)
8853  1784166917.181409 recvfrom(42, "nysv\0\0\0\0\0\0\0\0\0\0\0\0)\335\352\316n\0\0\0\225m\0\0\0\0\0\0", 3200, MSG_DONTWAIT, NULL, NULL) = 32
8853  1784166917.181927 recvfrom(42, 0x7fda6f6e30, 3200, MSG_DONTWAIT, NULL, NULL) = -1 EAGAIN (Try again)
8853  1784166917.185567 recvfrom(50, 0x7c1f84e020, 2272, MSG_DONTWAIT, NULL, NULL) = -1 EAGAIN (Try again)
8853  1784166917.241584 recvfrom(42, 0x7fda6f6e80, 3200, MSG_DONTWAIT, NULL, NULL) = -1 EAGAIN (Try again)
8853  1784166917.244992 recvfrom(42, "nysv\0\0\0\0\0\0\0\0\0\0\0\0+\350\344\322n\0\0\0\231m\0\0\0\0\0\0", 3200, MSG_DONTWAIT, NULL, NULL) = 32
8853  1784166917.245771 recvfrom(42, 0x7fda6f6e30, 3200, MSG_DONTWAIT, NULL, NULL) = -1 EAGAIN (Try again)
8853  1784166917.248219 recvfrom(50, 0x7c1f84e020, 2272, MSG_DONTWAIT, NULL, NULL) = -1 EAGAIN (Try again)
8862  1784166917.973552 exit(0)         = ?
8862  1784166917.973646 +++ exited with 0 +++
8860  1784166917.973785 exit(0)         = ?
8860  1784166917.973945 +++ exited with 0 +++
8863  1784166917.976168 exit(0 <unfinished ...>
8861  1784166917.976190 exit(0 <unfinished ...>
8863  1784166917.976293 <... exit resumed>) = ?
8861  1784166917.976310 <... exit resumed>) = ?
8863  1784166917.976524 +++ exited with 0 +++
8861  1784166917.976533 +++ exited with 0 +++
8873  1784166917.978984 newfstatat(AT_FDCWD, "/data", {st_mode=S_IFDIR|0771, st_size=4096, ...}, AT_SYMLINK_NOFOLLOW) = 0
8873  1784166917.979431 newfstatat(AT_FDCWD, "/data/app", {st_mode=S_IFDIR|0771, st_size=4096, ...}, AT_SYMLINK_NOFOLLOW) = 0
8873  1784166917.979831 newfstatat(AT_FDCWD, "/data/app/cat.jordihernandez.cinecat-I80n-Q-fGMQ7yywpgJ-Avw==", {st_mode=S_IFDIR|0775, st_size=4096, ...}, AT_SYMLINK_NOFOLLOW) = 0
8873  1784166917.980188 newfstatat(AT_FDCWD, "/data/app/cat.jordihernandez.cinecat-I80n-Q-fGMQ7yywpgJ-Avw==/base.apk", {st_mode=S_IFREG|0644, st_size=647775, ...}, AT_SYMLINK_NOFOLLOW) = 0
8873  1784166917.980561 getcwd("/", 4096) = 2
8873  1784166917.980918 newfstatat(AT_FDCWD, "/base.apk", 0x7c7b94b690, AT_SYMLINK_NOFOLLOW) = -1 ENOENT (No such file or directory)
8889  1784166918.172378 exit(0)         = ?
8889  1784166918.172440 +++ exited with 0 +++
8853  1784166919.174585 recvfrom(42, 0x7fda6f6950, 3200, MSG_DONTWAIT, NULL, NULL) = -1 EAGAIN (Try again)
8853  1784166919.203223 recvfrom(42, "nysv\0\0\0\0\0\0\0\0\0\0\0\0\215\221 Fo\0\0\0\nn\0\0\0\0\0\0", 3200, MSG_DONTWAIT, NULL, NULL) = 32
8853  1784166919.203462 recvfrom(42, 0x7fda6f6e30, 3200, MSG_DONTWAIT, NULL, NULL) = -1 EAGAIN (Try again)
8853  1784166919.208910 recvfrom(50, 0x7c1f84e020, 2272, MSG_DONTWAIT, NULL, NULL) = -1 EAGAIN (Try again)
8853  1784166919.239466 recvfrom(42, 0x7fda6f6e80, 3200, MSG_DONTWAIT, NULL, NULL) = -1 EAGAIN (Try again)
8853  1784166919.244385 recvfrom(42, "nysv\0\0\0\0\0\0\0\0\0\0\0\0\232\234\32Jo\0\0\0\16n\0\0\0\0\0\0", 3200, MSG_DONTWAIT, NULL, NULL) = 32
8853  1784166919.244897 recvfrom(42, 0x7fda6f6e30, 3200, MSG_DONTWAIT, NULL, NULL) = -1 EAGAIN (Try again)
8853  1784166919.245370 recvfrom(50, 0x7c1f84e020, 2272, MSG_DONTWAIT, NULL, NULL) = -1 EAGAIN (Try again)
8853  1784166921.182491 recvfrom(42, 0x7fda6f6950, 3200, MSG_DONTWAIT, NULL, NULL) = -1 EAGAIN (Try again)
8853  1784166921.203980 recvfrom(42, "nysv\0\0\0\0\0\0\0\0\0\0\0\0\332lT\276o\0\0\0\202n\0\0\0\0\0\0", 3200, MSG_DONTWAIT, NULL, NULL) = 32
8853  1784166921.204241 recvfrom(42, 0x7fda6f6e30, 3200, MSG_DONTWAIT, NULL, NULL) = -1 EAGAIN (Try again)
8853  1784166921.215284 recvfrom(50, 0x7c1f84e020, 2272, MSG_DONTWAIT, NULL, NULL) = -1 EAGAIN (Try again)
8853  1784166921.252727 recvfrom(42, 0x7fda6f6e80, 3200, MSG_DONTWAIT, NULL, NULL) = -1 EAGAIN (Try again)
8853  1784166921.260722 recvfrom(42, "nysv\0\0\0\0\0\0\0\0\0\0\0\0Y\232N\302o\0\0\0\206n\0\0\0\0\0\0", 3200, MSG_DONTWAIT, NULL, NULL) = 32
8853  1784166921.261218 recvfrom(42, 0x7fda6f6e30, 3200, MSG_DONTWAIT, NULL, NULL) = -1 EAGAIN (Try again)
8853  1784166921.261570 recvfrom(50, 0x7c1f84e020, 2272, MSG_DONTWAIT, NULL, NULL) = -1 EAGAIN (Try again)
8853  1784166923.188214 recvfrom(42, 0x7fda6f6950, 3200, MSG_DONTWAIT, NULL, NULL) = -1 EAGAIN (Try again)
8853  1784166923.204139 recvfrom(42, "nysv\0\0\0\0\0\0\0\0\0\0\0\0F\372\2115p\0\0\0\372n\0\0\0\0\0\0", 3200, MSG_DONTWAIT, NULL, NULL) = 32
8853  1784166923.204371 recvfrom(42, 0x7fda6f6e30, 3200, MSG_DONTWAIT, NULL, NULL) = -1 EAGAIN (Try again)
