17891 1783880107.949135 recvfrom(45, 0x7ffb999250, 3200, MSG_DONTWAIT, NULL, NULL) = -1 EAGAIN (Try again)
17891 1783880107.968835 recvfrom(45, "nysv\0\0\0\0\0\0\0\0\0\0\0\0007\0165\16\362\\\0\0rF]\0\0\0\0\0", 3200, MSG_DONTWAIT, NULL, NULL) = 32
17891 1783880107.969158 recvfrom(45, 0x7ffb999730, 3200, MSG_DONTWAIT, NULL, NULL) = -1 EAGAIN (Try again)
17905 1783880109.395224 exit(0)         = ?
17905 1783880109.395728 +++ exited with 0 +++
17906 1783880109.395736 exit(0)         = ?
17906 1783880109.396157 +++ exited with 0 +++
17904 1783880109.396163 exit(0)         = ?
17904 1783880109.396573 +++ exited with 0 +++
17903 1783880109.396707 exit(0)         = ?
17903 1783880109.396980 +++ exited with 0 +++
17917 1783880109.400598 newfstatat(AT_FDCWD, "/data", {st_mode=S_IFDIR|0771, st_size=4096, ...}, AT_SYMLINK_NOFOLLOW) = 0
17917 1783880109.401084 newfstatat(AT_FDCWD, "/data/app", {st_mode=S_IFDIR|0771, st_size=4096, ...}, AT_SYMLINK_NOFOLLOW) = 0
17917 1783880109.401474 newfstatat(AT_FDCWD, "/data/app/a2dp.Vol-7WD0rTy6K0YbOsp6jFztlQ==", {st_mode=S_IFDIR|0775, st_size=4096, ...}, AT_SYMLINK_NOFOLLOW) = 0
17917 1783880109.401832 newfstatat(AT_FDCWD, "/data/app/a2dp.Vol-7WD0rTy6K0YbOsp6jFztlQ==/base.apk", {st_mode=S_IFREG|0644, st_size=2748737, ...}, AT_SYMLINK_NOFOLLOW) = 0
17917 1783880109.402207 getcwd("/", 4096) = 2
17917 1783880109.402531 newfstatat(AT_FDCWD, "/base.apk", 0x73d3949690, AT_SYMLINK_NOFOLLOW) = -1 ENOENT (No such file or directory)
17891 1783880118.875760 recvfrom(47, "\2\0\0\0\0\0\0\0\337\23\1\0\0\0\0\0@\274\4\231\364\\\0\0\1\0\0\0\2\20\0\0"..., 2272, MSG_DONTWAIT, NULL, NULL) = 232
17891 1783880118.877428 recvfrom(45, 0x7ffb997b80, 3200, MSG_DONTWAIT, NULL, NULL) = -1 EAGAIN (Try again)
17938 1783880118.891577 sendmsg(77, {msg_name=NULL, msg_namelen=0, msg_iov=[{iov_base="l\1\1\1\374\0\0\0L\0\0\0\235\0\0\0\1\1o\0;\0\0\0/re/frid"..., iov_len=428}], msg_iovlen=1, msg_controllen=0, msg_flags=0}, MSG_NOSIGNAL) = 428
17938 1783880118.896810 sendmsg(77, {msg_name=NULL, msg_namelen=0, msg_iov=[{iov_base="l\1\1\1\0\1\0\0M\0\0\0\235\0\0\0\1\1o\0;\0\0\0/re/frid"..., iov_len=432}], msg_iovlen=1, msg_controllen=0, msg_flags=0}, MSG_NOSIGNAL) = 432
17891 1783880118.897669 sendto(47, "\3\0\0\0\0\0\0\0\337\23\1\0\1\0\0\0", 16, MSG_DONTWAIT|MSG_NOSIGNAL, NULL, 0) = 16
17891 1783880118.897884 recvfrom(47, 0x7463e92420, 2272, MSG_DONTWAIT, NULL, NULL) = -1 EAGAIN (Try again)
17891 1783880118.898347 recvfrom(45, "nysv\0\0\0\0\0\0\0\0\0\0\0\0Z&\342\231\364\\\0\0\0I]\0\200\0\0\0", 3200, MSG_DONTWAIT, NULL, NULL) = 32
17891 1783880118.898545 recvfrom(45, 0x7ffb999730, 3200, MSG_DONTWAIT, NULL, NULL) = -1 EAGAIN (Try again)
17891 1783880118.898902 recvfrom(47, "\2\0\0\0\0\0\0\0\341\23\1\0\0\0\0\0@\274\4\231\364\\\0\0\1\0\0\0\2\20\0\0"..., 2272, MSG_DONTWAIT, NULL, NULL) = 232
17891 1783880118.899114 sendto(47, "\3\0\0\0\0\0\0\0\341\23\1\0\1\0\0\0", 16, MSG_DONTWAIT|MSG_NOSIGNAL, NULL, 0) = 16
17891 1783880118.899331 recvfrom(47, 0x7463e92420, 2272, MSG_DONTWAIT, NULL, NULL) = -1 EAGAIN (Try again)
17891 1783880118.899709 recvfrom(45, 0x7ffb999690, 3200, MSG_DONTWAIT, NULL, NULL) = -1 EAGAIN (Try again)
17891 1783880118.903480 socket(AF_UNIX, SOCK_DGRAM|SOCK_CLOEXEC|SOCK_NONBLOCK, 0) = 57
17891 1783880118.903718 setsockopt(57, SOL_SOCKET, SO_SNDBUF, [1048576], 4) = 0
17891 1783880118.903925 connect(57, {sa_family=AF_UNIX, sun_path="/dev/socket/statsdw"}, 110) = 0
17891 1783880118.910963 recvfrom(45, "nysv\0\0\0\0\0\0\0\0\0\0\0\0\r\313\340\232\364\\\0\0\1I]\0\0\0\0\0", 3200, MSG_DONTWAIT, NULL, NULL) = 32
17891 1783880118.911500 recvfrom(45, 0x7ffb999730, 3200, MSG_DONTWAIT, NULL, NULL) = -1 EAGAIN (Try again)
17938 1783880118.917996 sendmsg(77, {msg_name=NULL, msg_namelen=0, msg_iov=[{iov_base="l\1\1\1\374\0\0\0N\0\0\0\235\0\0\0\1\1o\0;\0\0\0/re/frid"..., iov_len=428}], msg_iovlen=1, msg_controllen=0, msg_flags=0}, MSG_NOSIGNAL) = 428
17938 1783880118.929782 sendmsg(77, {msg_name=NULL, msg_namelen=0, msg_iov=[{iov_base="l\1\1\1\0\1\0\0O\0\0\0\235\0\0\0\1\1o\0;\0\0\0/re/frid"..., iov_len=432}], msg_iovlen=1, msg_controllen=0, msg_flags=0}, MSG_NOSIGNAL) = 432
17891 1783880118.931134 recvfrom(47, 0x7463e92420, 2272, MSG_DONTWAIT, NULL, NULL) = -1 EAGAIN (Try again)
17891 1783880118.931412 recvfrom(45, 0x7ffb999690, 3200, MSG_DONTWAIT, NULL, NULL) = -1 EAGAIN (Try again)
17918 1783880118.932658 recvfrom(43, 0x73d37e5eb0, 3200, MSG_DONTWAIT, NULL, NULL) = -1 EAGAIN (Try again)
17891 1783880118.948377 newfstatat(AT_FDCWD, "/data/user/0/a2dp.Vol/databases/btdevices.db", {st_mode=S_IFREG|0660, st_size=20480, ...}, 0) = 0
17918 1783880118.951037 recvfrom(43, "nysv\0\0\0\0\0\0\0\0\0\0\0\0_\370\335\234\364\\\0\0\3I]\0\0\0\0\0", 3200, MSG_DONTWAIT, NULL, NULL) = 32
17918 1783880118.951285 recvfrom(43, 0x73d37e5eb0, 3200, MSG_DONTWAIT, NULL, NULL) = -1 EAGAIN (Try again)
17918 1783880118.968250 recvfrom(43, "nysv\0\0\0\0\0\0\0\0\0\0\0\0\365Z\334\235\364\\\0\0\4I]\0\0\0\0\0", 3200, MSG_DONTWAIT, NULL, NULL) = 32
17918 1783880118.968501 recvfrom(43, 0x73d37e5eb0, 3200, MSG_DONTWAIT, NULL, NULL) = -1 EAGAIN (Try again)
17938 1783880118.969724 sendmsg(77, {msg_name=NULL, msg_namelen=0, msg_iov=[{iov_base="l\1\1\1,\1\0\0P\0\0\0\235\0\0\0\1\1o\0;\0\0\0/re/frid"..., iov_len=476}], msg_iovlen=1, msg_controllen=0, msg_flags=0}, MSG_NOSIGNAL) = 476
17891 1783880118.979781 recvfrom(45, "nysv\0\0\0\0\0\0\0\0\0\0\0\0_\370\335\234\364\\\0\0\3I]\0\0\0\0\0", 3200, MSG_DONTWAIT, NULL, NULL) = 32
17891 1783880118.980029 recvfrom(45, 0x7ffb999730, 3200, MSG_DONTWAIT, NULL, NULL) = -1 EAGAIN (Try again)
17891 1783880118.980230 recvfrom(45, 0x7ffb999690, 3200, MSG_DONTWAIT, NULL, NULL) = -1 EAGAIN (Try again)
17891 1783880118.983167 newfstatat(AT_FDCWD, "/data/user/0/a2dp.Vol/databases/btdevices.db", {st_mode=S_IFREG|0660, st_size=20480, ...}, 0) = 0
17891 1783880118.983758 faccessat(AT_FDCWD, "/data/user/0/a2dp.Vol/databases", F_OK) = 0
17891 1783880118.984072 newfstatat(AT_FDCWD, "/data/user/0/a2dp.Vol/databases/btdevices.db", {st_mode=S_IFREG|0660, st_size=20480, ...}, AT_SYMLINK_NOFOLLOW) = 0
17891 1783880118.984301 openat(AT_FDCWD, "/data/user/0/a2dp.Vol/databases/btdevices.db", O_RDWR|O_CREAT|O_LARGEFILE|O_CLOEXEC, 0600) = 42
17891 1783880118.984957 newfstatat(AT_FDCWD, "/data/user/0/a2dp.Vol/databases/btdevices.db", {st_mode=S_IFREG|0660, st_size=20480, ...}, 0) = 0
17918 1783880118.985372 recvfrom(43, "nysv\0\0\0\0\0\0\0\0\0\0\0\0\202\365\332\236\364\\\0\0\5I]\0\0\0\0\0", 3200, MSG_DONTWAIT, NULL, NULL) = 32
17918 1783880118.985608 recvfrom(43, 0x73d37e5eb0, 3200, MSG_DONTWAIT, NULL, NULL) = -1 EAGAIN (Try again)
17918 1783880118.986413 recvfrom(43,  <unfinished ...>
17891 1783880118.986426 newfstatat(AT_FDCWD, "/data/user/0/a2dp.Vol/databases/btdevices.db-journal",  <unfinished ...>
17918 1783880118.986526 <... recvfrom resumed> 0x73d37e5eb0, 3200, MSG_DONTWAIT, NULL, NULL) = -1 EAGAIN (Try again)
17891 1783880118.986537 <... newfstatat resumed> {st_mode=S_IFREG|0660, st_size=0, ...}, 0) = 0
17891 1783880118.986645 newfstatat(AT_FDCWD, "/data/user/0/a2dp.Vol/databases/btdevices.db-wal", 0x7ffb998218, 0) = -1 ENOENT (No such file or directory)
17918 1783880118.990380 recvfrom(43, "nysv\0\0\0\0\0\0\0\0\0\0\0\0\254E\331\237\364\\\0\0\6I]\0\0\0\0\0", 3200, MSG_DONTWAIT, NULL, NULL) = 32
17918 1783880118.991678 recvfrom(43, 0x73d37e5c80, 3200, MSG_DONTWAIT, NULL, NULL) = -1 EAGAIN (Try again)
17891 1783880118.992987 newfstatat(AT_FDCWD, "/data/user/0/a2dp.Vol/databases/btdevices.db-journal", {st_mode=S_IFREG|0660, st_size=0, ...}, 0) = 0
17891 1783880118.993583 newfstatat(AT_FDCWD, "/data/user/0/a2dp.Vol/databases/btdevices.db-wal", 0x7ffb998ff8, 0) = -1 ENOENT (No such file or directory)
17891 1783880118.995091 newfstatat(AT_FDCWD, "/data/user/0/a2dp.Vol/databases/btdevices.db-journal", {st_mode=S_IFREG|0660, st_size=0, ...}, 0) = 0
17891 1783880118.995542 newfstatat(AT_FDCWD, "/data/user/0/a2dp.Vol/databases/btdevices.db-wal", 0x7ffb998fe8, 0) = -1 ENOENT (No such file or directory)
17891 1783880118.996387 fchmodat(AT_FDCWD, "/data/user/0/a2dp.Vol/databases/btdevices.db", 0660) = 0
17891 1783880118.997341 newfstatat(AT_FDCWD, "/data/user/0/a2dp.Vol/databases/btdevices.db-journal", {st_mode=S_IFREG|0660, st_size=0, ...}, 0) = 0
17891 1783880118.998021 newfstatat(AT_FDCWD, "/data/user/0/a2dp.Vol/databases/btdevices.db-wal", 0x7ffb999178, 0) = -1 ENOENT (No such file or directory)
17918 1783880119.002630 recvfrom(43, 0x73d37e5eb0, 3200, MSG_DONTWAIT, NULL, NULL) = -1 EAGAIN (Try again)
17891 1783880119.003527 newfstatat(AT_FDCWD, "/data/user/0/a2dp.Vol/databases/btdevices.db-journal", {st_mode=S_IFREG|0660, st_size=0, ...}, 0) = 0
17918 1783880119.004672 recvfrom(43, "nysv\0\0\0\0\0\0\0\0\0\0\0\0 \314\327\240\364\\\0\0\7I]\0\0\0\0\0", 3200, MSG_DONTWAIT, NULL, NULL) = 32
17891 1783880119.004897 newfstatat(AT_FDCWD, "/data/user/0/a2dp.Vol/databases/btdevices.db-wal",  <unfinished ...>
17918 1783880119.004998 recvfrom(43, 0x73d37e5c80, 3200, MSG_DONTWAIT, NULL, NULL) = -1 EAGAIN (Try again)
17891 1783880119.007219 <... newfstatat resumed> 0x7ffb999008, 0) = -1 ENOENT (No such file or directory)
17891 1783880119.010525 recvfrom(45, "nysv\0\0\0\0\0\0\0\0\0\0\0\0\254E\331\237\364\\\0\0\6I]\0\0\0\0\0", 3200, MSG_DONTWAIT, NULL, NULL) = 32
17891 1783880119.010784 recvfrom(45, 0x7ffb999730, 3200, MSG_DONTWAIT, NULL, NULL) = -1 EAGAIN (Try again)
17918 1783880119.017757 recvfrom(43, 0x73d37e5eb0, 3200, MSG_DONTWAIT, NULL, NULL) = -1 EAGAIN (Try again)
17918 1783880119.021411 recvfrom(43, "nysv\0\0\0\0\0\0\0\0\0\0\0\0\361X\326\241\364\\\0\0\10I]\0\0\0\0\0", 3200, MSG_DONTWAIT, NULL, NULL) = 32
17918 1783880119.024564 recvfrom(43, 0x73d37e5c80, 3200, MSG_DONTWAIT, NULL, NULL) = -1 EAGAIN (Try again)
17891 1783880119.026785 recvfrom(47, 0x7463e92420, 2272, MSG_DONTWAIT, NULL, NULL) = -1 EAGAIN (Try again)
17891 1783880119.027127 recvfrom(71, 0x73ce5d2820, 2272, MSG_DONTWAIT, NULL, NULL) = -1 EAGAIN (Try again)
17891 1783880119.027370 recvfrom(45, 0x7ffb999690, 3200, MSG_DONTWAIT, NULL, NULL) = -1 EAGAIN (Try again)
17918 1783880119.033911 recvfrom(43, 0x73d37e5eb0, 3200, MSG_DONTWAIT, NULL, NULL) = -1 EAGAIN (Try again)
17918 1783880119.035230 recvfrom(43, 0x73d37e5eb0, 3200, MSG_DONTWAIT, NULL, NULL) = -1 EAGAIN (Try again)
17918 1783880119.038151 recvfrom(43, "nysv\0\0\0\0\0\0\0\0\0\0\0\0\270\360\324\242\364\\\0\0\tI]\0\0\0\0\0", 3200, MSG_DONTWAIT, NULL, NULL) = 32
17918 1783880119.041341 recvfrom(43, 0x73d37e5c80, 3200, MSG_DONTWAIT, NULL, NULL) = -1 EAGAIN (Try again)
17918 1783880119.061059 recvfrom(43, "nysv\0\0\0\0\0\0\0\0\0\0\0\0\204\213\323\243\364\\\0\0\nI]\0\0\0\0\0", 3200, MSG_DONTWAIT, NULL, NULL) = 32
17918 1783880119.061265 recvfrom(43, 0x73d37e5c80, 3200, MSG_DONTWAIT, NULL, NULL) = -1 EAGAIN (Try again)
17891 1783880119.069135 recvfrom(45, "nysv\0\0\0\0\0\0\0\0\0\0\0\0\270\360\324\242\364\\\0\0\tI]\0\0\0\0\0", 3200, MSG_DONTWAIT, NULL, NULL) = 32
17891 1783880119.069290 recvfrom(45, 0x7ffb999730, 3200, MSG_DONTWAIT, NULL, NULL) = -1 EAGAIN (Try again)
17891 1783880119.076689 recvfrom(47, 0x7463e92420, 2272, MSG_DONTWAIT, NULL, NULL) = -1 EAGAIN (Try again)
17891 1783880119.076864 recvfrom(45, 0x7ffb999690, 3200, MSG_DONTWAIT, NULL, NULL) = -1 EAGAIN (Try again)
17891 1783880119.089355 recvfrom(45, "nysv\0\0\0\0\0\0\0\0\0\0\0\0\361a\320\245\364\\\0\0\fI]\0\0\0\0\0", 3200, MSG_DONTWAIT, NULL, NULL) = 32
17891 1783880119.091077 recvfrom(45, 0x7ffb999730, 3200, MSG_DONTWAIT, NULL, NULL) = -1 EAGAIN (Try again)
17891 1783880119.092511 recvfrom(71, 0x73ce5d2820, 2272, MSG_DONTWAIT, NULL, NULL) = -1 EAGAIN (Try again)
17891 1783880119.092679 recvfrom(45, 0x7ffb9990e0, 3200, MSG_DONTWAIT, NULL, NULL) = -1 EAGAIN (Try again)
17891 1783880119.104800 recvfrom(45, "nysv\0\0\0\0\0\0\0\0\0\0\0\0,\331\316\246\364\\\0\0\rI]\0\0\0\0\0", 3200, MSG_DONTWAIT, NULL, NULL) = 32
17891 1783880119.104962 recvfrom(45, 0x7ffb999730, 3200, MSG_DONTWAIT, NULL, NULL) = -1 EAGAIN (Try again)
17891 1783880119.105231 recvfrom(47, 0x7463e92420, 2272, MSG_DONTWAIT, NULL, NULL) = -1 EAGAIN (Try again)
17891 1783880119.108234 recvfrom(45, 0x7ffb9990e0, 3200, MSG_DONTWAIT, NULL, NULL) = -1 EAGAIN (Try again)
17891 1783880119.120745 recvfrom(45, "nysv\0\0\0\0\0\0\0\0\0\0\0\0Yt\315\247\364\\\0\0\16I]\0\0\0\0\0", 3200, MSG_DONTWAIT, NULL, NULL) = 32
17891 1783880119.121170 recvfrom(45, 0x7ffb999730, 3200, MSG_DONTWAIT, NULL, NULL) = -1 EAGAIN (Try again)
17891 1783880119.121459 recvfrom(47, 0x7463e92420, 2272, MSG_DONTWAIT, NULL, NULL) = -1 EAGAIN (Try again)
17891 1783880119.121598 recvfrom(45, 0x7ffb9990e0, 3200, MSG_DONTWAIT, NULL, NULL) = -1 EAGAIN (Try again)
17891 1783880119.138572 recvfrom(45, "nysv\0\0\0\0\0\0\0\0\0\0\0\0\363\331\313\250\364\\\0\0\17I]\0\0\0\0\0", 3200, MSG_DONTWAIT, NULL, NULL) = 32
17891 1783880119.138734 recvfrom(45, 0x7ffb999730, 3200, MSG_DONTWAIT, NULL, NULL) = -1 EAGAIN (Try again)
17891 1783880119.139035 recvfrom(47, 0x7463e92420, 2272, MSG_DONTWAIT, NULL, NULL) = -1 EAGAIN (Try again)
17891 1783880119.142002 recvfrom(45, 0x7ffb9990e0, 3200, MSG_DONTWAIT, NULL, NULL) = -1 EAGAIN (Try again)
17891 1783880119.154375 recvfrom(45, "nysv\0\0\0\0\0\0\0\0\0\0\0\0~\214\312\251\364\\\0\0\20I]\0\0\0\0\0", 3200, MSG_DONTWAIT, NULL, NULL) = 32
17891 1783880119.154814 recvfrom(45, 0x7ffb999730, 3200, MSG_DONTWAIT, NULL, NULL) = -1 EAGAIN (Try again)
17891 1783880119.155129 recvfrom(47, 0x7463e92420, 2272, MSG_DONTWAIT, NULL, NULL) = -1 EAGAIN (Try again)
17891 1783880119.157664 recvfrom(45, 0x7ffb9990e0, 3200, MSG_DONTWAIT, NULL, NULL) = -1 EAGAIN (Try again)
17891 1783880119.171540 recvfrom(45, "nysv\0\0\0\0\0\0\0\0\0\0\0\0\234\v\311\252\364\\\0\0\21I]\0\0\0\0\0", 3200, MSG_DONTWAIT, NULL, NULL) = 32
17891 1783880119.171784 recvfrom(45, 0x7ffb999730, 3200, MSG_DONTWAIT, NULL, NULL) = -1 EAGAIN (Try again)
17891 1783880119.172152 recvfrom(47, 0x7463e92420, 2272, MSG_DONTWAIT, NULL, NULL) = -1 EAGAIN (Try again)
17891 1783880119.175209 recvfrom(45, 0x7ffb9990e0, 3200, MSG_DONTWAIT, NULL, NULL) = -1 EAGAIN (Try again)
17891 1783880119.188531 recvfrom(45, "nysv\0\0\0\0\0\0\0\0\0\0\0\0\200^\307\253\364\\\0\0\22I]\0\0\0\0\0", 3200, MSG_DONTWAIT, NULL, NULL) = 32
17891 1783880119.188886 recvfrom(45, 0x7ffb999730, 3200, MSG_DONTWAIT, NULL, NULL) = -1 EAGAIN (Try again)
17891 1783880119.189171 recvfrom(47, 0x7463e92420, 2272, MSG_DONTWAIT, NULL, NULL) = -1 EAGAIN (Try again)
17891 1783880119.191896 recvfrom(45, 0x7ffb9990e0, 3200, MSG_DONTWAIT, NULL, NULL) = -1 EAGAIN (Try again)
17891 1783880119.205269 recvfrom(45, "nysv\0\0\0\0\0\0\0\0\0\0\0\0(\246\305\254\364\\\0\0\23I]\0\0\0\0\0", 3200, MSG_DONTWAIT, NULL, NULL) = 32
17891 1783880119.205733 recvfrom(45, 0x7ffb999730, 3200, MSG_DONTWAIT, NULL, NULL) = -1 EAGAIN (Try again)
17891 1783880119.206030 recvfrom(47, 0x7463e92420, 2272, MSG_DONTWAIT, NULL, NULL) = -1 EAGAIN (Try again)
17891 1783880119.206170 recvfrom(45, 0x7ffb9990e0, 3200, MSG_DONTWAIT, NULL, NULL) = -1 EAGAIN (Try again)
17891 1783880119.220694 recvfrom(45, "nysv\0\0\0\0\0\0\0\0\0\0\0\0L;\304\255\364\\\0\0\24I]\0\0\0\0\0", 3200, MSG_DONTWAIT, NULL, NULL) = 32
17891 1783880119.221150 recvfrom(45, 0x7ffb999730, 3200, MSG_DONTWAIT, NULL, NULL) = -1 EAGAIN (Try again)
17891 1783880119.221435 recvfrom(47, 0x7463e92420, 2272, MSG_DONTWAIT, NULL, NULL) = -1 EAGAIN (Try again)
17891 1783880119.221582 recvfrom(45, 0x7ffb9990e0, 3200, MSG_DONTWAIT, NULL, NULL) = -1 EAGAIN (Try again)
17891 1783880119.237939 recvfrom(45, "nysv\0\0\0\0\0\0\0\0\0\0\0\0\243\313\302\256\364\\\0\0\25I]\0\0\0\0\0", 3200, MSG_DONTWAIT, NULL, NULL) = 32
17891 1783880119.238105 recvfrom(45, 0x7ffb999730, 3200, MSG_DONTWAIT, NULL, NULL) = -1 EAGAIN (Try again)
17891 1783880119.238378 recvfrom(47, 0x7463e92420, 2272, MSG_DONTWAIT, NULL, NULL) = -1 EAGAIN (Try again)
17891 1783880119.238783 recvfrom(45, 0x7ffb9990e0, 3200, MSG_DONTWAIT, NULL, NULL) = -1 EAGAIN (Try again)
17891 1783880119.256571 recvfrom(45, "nysv\0\0\0\0\0\0\0\0\0\0\0\0>\322\300\257\364\\\0\0\26I]\0\0\0\0\0", 3200, MSG_DONTWAIT, NULL, NULL) = 32
17891 1783880119.256943 recvfrom(45, 0x7ffb999730, 3200, MSG_DONTWAIT, NULL, NULL) = -1 EAGAIN (Try again)
17891 1783880119.257241 recvfrom(47, 0x7463e92420, 2272, MSG_DONTWAIT, NULL, NULL) = -1 EAGAIN (Try again)
17891 1783880119.257575 recvfrom(45, 0x7ffb9990e0, 3200, MSG_DONTWAIT, NULL, NULL) = -1 EAGAIN (Try again)
17891 1783880119.271574 recvfrom(45, "nysv\0\0\0\0\0\0\0\0\0\0\0\0\211A\277\260\364\\\0\0\27I]\0\0\0\0\0", 3200, MSG_DONTWAIT, NULL, NULL) = 32
17891 1783880119.271912 recvfrom(45, 0x7ffb999730, 3200, MSG_DONTWAIT, NULL, NULL) = -1 EAGAIN (Try again)
17891 1783880119.272181 recvfrom(47, 0x7463e92420, 2272, MSG_DONTWAIT, NULL, NULL) = -1 EAGAIN (Try again)
17891 1783880119.272424 recvfrom(45, 0x7ffb9990e0, 3200, MSG_DONTWAIT, NULL, NULL) = -1 EAGAIN (Try again)
17891 1783880119.289444 recvfrom(45, "nysv\0\0\0\0\0\0\0\0\0\0\0\0\305r\275\261\364\\\0\0\30I]\0\0\0\0\0", 3200, MSG_DONTWAIT, NULL, NULL) = 32
17891 1783880119.289680 recvfrom(45, 0x7ffb999730, 3200, MSG_DONTWAIT, NULL, NULL) = -1 EAGAIN (Try again)
17891 1783880119.291728 recvfrom(47, 0x7463e92420, 2272, MSG_DONTWAIT, NULL, NULL) = -1 EAGAIN (Try again)
17922 1783880119.785197 clone(child_stack=0x73cfb0bd40, flags=CLONE_VM|CLONE_FS|CLONE_FILES|CLONE_SIGHAND|CLONE_THREAD|CLONE_SYSVSEM|CLONE_SETTLS|CLONE_PARENT_SETTID|CLONE_CHILD_CLEARTID, parent_tidptr=0x73cfb0bd60, tls=0x73cfb0c020, child_tidptr=0x73cfb0bd60) = 18002
18002 1783880119.789452 openat(AT_FDCWD, "/proc/18002/timerslack_ns", O_WRONLY|O_CREAT|O_TRUNC|O_NOFOLLOW|O_CLOEXEC, 0666) = 44
17937 1783880122.248636 exit(0)         = ?
17937 1783880122.248902 +++ exited with 0 +++
17935 1783880122.303941 faccessat(AT_FDCWD, "/proc/self/task/17937", F_OK) = -1 ENOENT (No such file or directory)
17891 1783880122.484555 recvfrom(45, 0x7ffb999250, 3200, MSG_DONTWAIT, NULL, NULL) = -1 EAGAIN (Try again)
17891 1783880122.510804 recvfrom(45, "nysv\0\0\0\0\0\0\0\0\0\0\0\0\202\352up\365\\\0\0\327I]\0\0\0\0\0", 3200, MSG_DONTWAIT, NULL, NULL) = 32
17891 1783880122.511156 recvfrom(45, 0x7ffb999730, 3200, MSG_DONTWAIT, NULL, NULL) = -1 EAGAIN (Try again)
17891 1783880135.202254 recvfrom(47, "\2\0\0\0\0\0\0\0\345\23\1\0\0\0\0\0\200\200Mf\370\\\0\0\1\0\0\0\2\20\0\0"..., 2272, MSG_DONTWAIT, NULL, NULL) = 232
17891 1783880135.202802 sendto(47, "\3\0\0\0\0\0\0\0\345\23\1\0\1\0\0\0", 16, MSG_DONTWAIT|MSG_NOSIGNAL, NULL, 0) = 16
17891 1783880135.203080 recvfrom(47, "\2\0\0\0\0\0\0\0\347\23\1\0\0\0\0\0\200\200Mf\370\\\0\0\1\0\0\0\2\20\0\0"..., 2272, MSG_DONTWAIT, NULL, NULL) = 232
17891 1783880135.203538 recvfrom(45, 0x7ffb997f60, 3200, MSG_DONTWAIT, NULL, NULL) = -1 EAGAIN (Try again)
17891 1783880135.204193 sendto(47, "\3\0\0\0\0\0\0\0\347\23\1\0\1\0\0\0", 16, MSG_DONTWAIT|MSG_NOSIGNAL, NULL, 0) = 16
17891 1783880135.204548 recvfrom(47, 0x7463e92420, 2272, MSG_DONTWAIT, NULL, NULL) = -1 EAGAIN (Try again)
17891 1783880135.220246 recvfrom(45, "nysv\0\0\0\0\0\0\0\0\0\0\0\0A\303ng\370\\\0\0\317L]\0\0\0\0\0", 3200, MSG_DONTWAIT, NULL, NULL) = 32
17891 1783880135.220410 recvfrom(45, 0x7ffb999730, 3200, MSG_DONTWAIT, NULL, NULL) = -1 EAGAIN (Try again)
17891 1783880135.220699 recvfrom(47, 0x7463e92420, 2272, MSG_DONTWAIT, NULL, NULL) = -1 EAGAIN (Try again)
17891 1783880135.220859 recvfrom(45, 0x7ffb999690, 3200, MSG_DONTWAIT, NULL, NULL) = -1 EAGAIN (Try again)
17918 1783880135.231912 recvfrom(43, 0x73d37e5eb0, 3200, MSG_DONTWAIT, NULL, NULL) = -1 EAGAIN (Try again)
17918 1783880135.237292 recvfrom(43,  <unfinished ...>
17891 1783880135.242253 recvfrom(45,  <unfinished ...>
17918 1783880135.242282 <... recvfrom resumed> "nysv\0\0\0\0\0\0\0\0\0\0\0\0\347[mh\370\\\0\0\320L]\0\0\0\0\0", 3200, MSG_DONTWAIT, NULL, NULL) = 32
17891 1783880135.242310 <... recvfrom resumed> "nysv\0\0\0\0\0\0\0\0\0\0\0\0\347[mh\370\\\0\0\320L]\0\0\0\0\0", 3200, MSG_DONTWAIT, NULL, NULL) = 32
17918 1783880135.242406 recvfrom(43,  <unfinished ...>
17891 1783880135.242417 recvfrom(45,  <unfinished ...>
17918 1783880135.242514 <... recvfrom resumed> 0x73d37e5c80, 3200, MSG_DONTWAIT, NULL, NULL) = -1 EAGAIN (Try again)
17891 1783880135.242526 <... recvfrom resumed> 0x7ffb999730, 3200, MSG_DONTWAIT, NULL, NULL) = -1 EAGAIN (Try again)
17891 1783880135.243002 recvfrom(45, 0x7ffb999690, 3200, MSG_DONTWAIT, NULL, NULL) = -1 EAGAIN (Try again)
17891 1783880135.254095 recvfrom(45, "nysv\0\0\0\0\0\0\0\0\0\0\0\0006\370ki\370\\\0\0\321L]\0\0\0\0\0", 3200, MSG_DONTWAIT, NULL, NULL) = 32
17891 1783880135.254506 recvfrom(45, 0x7ffb999730, 3200, MSG_DONTWAIT, NULL, NULL) = -1 EAGAIN (Try again)
17891 1783880135.255295 recvfrom(45, 0x7ffb999690, 3200, MSG_DONTWAIT, NULL, NULL) = -1 EAGAIN (Try again)
17918 1783880135.257255 recvfrom(43, "nysv\0\0\0\0\0\0\0\0\0\0\0\0006\370ki\370\\\0\0\321L]\0\0\0\0\0", 3200, MSG_DONTWAIT, NULL, NULL) = 32
17918 1783880135.257409 recvfrom(43, 0x73d37e5eb0, 3200, MSG_DONTWAIT, NULL, NULL) = -1 EAGAIN (Try again)
17891 1783880135.272269 recvfrom(45, "nysv\0\0\0\0\0\0\0\0\0\0\0\0\252\36jj\370\\\0\0\322L]\0\0\0\0\0", 3200, MSG_DONTWAIT, NULL, NULL) = 32
17891 1783880135.272667 recvfrom(45, 0x7ffb999730, 3200, MSG_DONTWAIT, NULL, NULL) = -1 EAGAIN (Try again)
17918 1783880135.277059 recvfrom(43, "nysv\0\0\0\0\0\0\0\0\0\0\0\0\252\36jj\370\\\0\0\322L]\0\0\0\0\0", 3200, MSG_DONTWAIT, NULL, NULL) = 32
17918 1783880135.277309 recvfrom(43, 0x73d37e5eb0, 3200, MSG_DONTWAIT, NULL, NULL) = -1 EAGAIN (Try again)
17918 1783880135.278344 recvfrom(43, 0x73d37e5eb0, 3200, MSG_DONTWAIT, NULL, NULL) = -1 EAGAIN (Try again)
17891 1783880135.280998 newfstatat(AT_FDCWD, "/data/user/0/a2dp.Vol/databases/btdevices.db-journal", {st_mode=S_IFREG|0660, st_size=0, ...}, 0) = 0
17891 1783880135.281303 newfstatat(AT_FDCWD, "/data/user/0/a2dp.Vol/databases/btdevices.db-wal", 0x7ffb998ce8, 0) = -1 ENOENT (No such file or directory)
17918 1783880135.287518 recvfrom(43, "nysv\0\0\0\0\0\0\0\0\0\0\0\0\324nhk\370\\\0\0\323L]\0\0\0\0\0", 3200, MSG_DONTWAIT, NULL, NULL) = 32
17918 1783880135.288014 recvfrom(43, 0x73d37e5c80, 3200, MSG_DONTWAIT, NULL, NULL) = -1 EAGAIN (Try again)
17918 1783880135.301305 recvfrom(43, 0x73d37e5eb0, 3200, MSG_DONTWAIT, NULL, NULL) = -1 EAGAIN (Try again)
17918 1783880135.304786 recvfrom(43, "nysv\0\0\0\0\0\0\0\0\0\0\0\0\376\276fl\370\\\0\0\324L]\0\0\0\0\0", 3200, MSG_DONTWAIT, NULL, NULL) = 32
17918 1783880135.304977 recvfrom(43, 0x73d37e5c80, 3200, MSG_DONTWAIT, NULL, NULL) = -1 EAGAIN (Try again)
17891 1783880135.309192 recvfrom(47, 0x7463e92420, 2272, MSG_DONTWAIT, NULL, NULL) = -1 EAGAIN (Try again)
17891 1783880135.309444 recvfrom(71, 0x73ce66c020, 2272, MSG_DONTWAIT, NULL, NULL) = -1 EAGAIN (Try again)
17891 1783880135.309822 recvfrom(45, 0x7ffb999690, 3200, MSG_DONTWAIT, NULL, NULL) = -1 EAGAIN (Try again)
17918 1783880135.316503 recvfrom(43, 0x73d37e5eb0, 3200, MSG_DONTWAIT, NULL, NULL) = -1 EAGAIN (Try again)
17918 1783880135.317423 recvfrom(43, 0x73d37e5eb0, 3200, MSG_DONTWAIT, NULL, NULL) = -1 EAGAIN (Try again)
17918 1783880135.322361 recvfrom(43, "nysv\0\0\0\0\0\0\0\0\0\0\0\0(\17em\370\\\0\0\325L]\0\0\0\0\0", 3200, MSG_DONTWAIT, NULL, NULL) = 32
17918 1783880135.324758 recvfrom(43, 0x73d37e5c80, 3200, MSG_DONTWAIT, NULL, NULL) = -1 EAGAIN (Try again)
17918 1783880135.345263 recvfrom(43, "nysv\0\0\0\0\0\0\0\0\0\0\0\0R_cn\370\\\0\0\326L]\0\0\0\0\0", 3200, MSG_DONTWAIT, NULL, NULL) = 32
17918 1783880135.345433 recvfrom(43, 0x73d37e5eb0, 3200, MSG_DONTWAIT, NULL, NULL) = -1 EAGAIN (Try again)
17918 1783880135.357294 recvfrom(43, "nysv\0\0\0\0\0\0\0\0\0\0\0\0D\374ao\370\\\0\0\327L]\0\0\0\0\0", 3200, MSG_DONTWAIT, NULL, NULL) = 32
17918 1783880135.357603 recvfrom(43, 0x73d37e5eb0, 3200, MSG_DONTWAIT, NULL, NULL) = -1 EAGAIN (Try again)
17918 1783880135.402814 recvfrom(43, "nysv\0\0\0\0\0\0\0\0\0\0\0\0A\230`p\370\\\0\0\330L]\0\0\0\0\0", 3200, MSG_DONTWAIT, NULL, NULL) = 32
17918 1783880135.403008 recvfrom(43, 0x73d37e5eb0, 3200, MSG_DONTWAIT, NULL, NULL) = -1 EAGAIN (Try again)
17918 1783880135.403926 recvfrom(43, "nysv\0\0\0\0\0\0\0\0\0\0\0\0\203\313]r\370\\\0\0\332L]\0\0\0\0\0", 3200, MSG_DONTWAIT, NULL, NULL) = 32
17918 1783880135.404310 recvfrom(43, 0x73d37e5c80, 3200, MSG_DONTWAIT, NULL, NULL) = -1 EAGAIN (Try again)
17891 1783880135.405588 recvfrom(45, "nysv\0\0\0\0\0\0\0\0\0\0\0\0(\17em\370\\\0\0\325L]\0\0\0\0\0", 3200, MSG_DONTWAIT, NULL, NULL) = 32
17891 1783880135.405902 recvfrom(45, 0x7ffb999730, 3200, MSG_DONTWAIT, NULL, NULL) = -1 EAGAIN (Try again)
17918 1783880135.416978 recvfrom(43, 0x73d37e5eb0, 3200, MSG_DONTWAIT, NULL, NULL) = -1 EAGAIN (Try again)
17891 1783880135.418620 recvfrom(71, 0x73ce66c020, 2272, MSG_DONTWAIT, NULL, NULL) = -1 EAGAIN (Try again)
17891 1783880135.418795 recvfrom(45, 0x7ffb999690, 3200, MSG_DONTWAIT, NULL, NULL) = -1 EAGAIN (Try again)
17891 1783880135.427215 recvfrom(45, "nysv\0\0\0\0\0\0\0\0\0\0\0\0'd\\s\370\\\0\0\333L]\0\0\0\0\0", 3200, MSG_DONTWAIT, NULL, NULL) = 32
17891 1783880135.427467 recvfrom(45, 0x7ffb999730, 3200, MSG_DONTWAIT, NULL, NULL) = -1 EAGAIN (Try again)
17891 1783880135.429073 recvfrom(71, 0x73ce66c020, 2272, MSG_DONTWAIT, NULL, NULL) = -1 EAGAIN (Try again)
17891 1783880135.429294 recvfrom(47, 0x7463e92420, 2272, MSG_DONTWAIT, NULL, NULL) = -1 EAGAIN (Try again)
17891 1783880135.429572 recvfrom(45, 0x7ffb999690, 3200, MSG_DONTWAIT, NULL, NULL) = -1 EAGAIN (Try again)
17918 1783880135.434232 recvfrom(43, "nysv\0\0\0\0\0\0\0\0\0\0\0\0'd\\s\370\\\0\0\333L]\0\0\0\0\0", 3200, MSG_DONTWAIT, NULL, NULL) = 32
17918 1783880135.434384 recvfrom(43, 0x73d37e5c80, 3200, MSG_DONTWAIT, NULL, NULL) = -1 EAGAIN (Try again)
17891 1783880135.441465 recvfrom(45, "nysv\0\0\0\0\0\0\0\0\0\0\0\0\235\373Zt\370\\\0\0\334L]\0\0\0\0\0", 3200, MSG_DONTWAIT, NULL, NULL) = 32
17891 1783880135.441804 recvfrom(45, 0x7ffb999730, 3200, MSG_DONTWAIT, NULL, NULL) = -1 EAGAIN (Try again)
17891 1783880135.442038 recvfrom(45, 0x7ffb999690, 3200, MSG_DONTWAIT, NULL, NULL) = -1 EAGAIN (Try again)
17918 1783880135.448804 recvfrom(43, 0x73d37e5eb0, 3200, MSG_DONTWAIT, NULL, NULL) = -1 EAGAIN (Try again)
17918 1783880135.454563 recvfrom(43,  <unfinished ...>
17891 1783880135.454575 recvfrom(45,  <unfinished ...>
17918 1783880135.454717 <... recvfrom resumed> "nysv\0\0\0\0\0\0\0\0\0\0\0\0\356/Yu\370\\\0\0\335L]\0\0\0\0\0", 3200, MSG_DONTWAIT, NULL, NULL) = 32
17891 1783880135.454741 <... recvfrom resumed> "nysv\0\0\0\0\0\0\0\0\0\0\0\0\356/Yu\370\\\0\0\335L]\0\0\0\0\0", 3200, MSG_DONTWAIT, NULL, NULL) = 32
17918 1783880135.454903 recvfrom(43,  <unfinished ...>
17891 1783880135.454917 recvfrom(45,  <unfinished ...>
17918 1783880135.455235 <... recvfrom resumed> 0x73d37e5c80, 3200, MSG_DONTWAIT, NULL, NULL) = -1 EAGAIN (Try again)
17891 1783880135.455258 <... recvfrom resumed> 0x7ffb999730, 3200, MSG_DONTWAIT, NULL, NULL) = -1 EAGAIN (Try again)
17891 1783880135.455630 recvfrom(45, 0x7ffb999690, 3200, MSG_DONTWAIT, NULL, NULL) = -1 EAGAIN (Try again)
17918 1783880135.469424 recvfrom(43, 0x73d37e5eb0, 3200, MSG_DONTWAIT, NULL, NULL) = -1 EAGAIN (Try again)
17918 1783880135.470600 recvfrom(43, "nysv\0\0\0\0\0\0\0\0\0\0\0\0\10\272Wv\370\\\0\0\336L]\0\0\0\0\0", 3200, MSG_DONTWAIT, NULL, NULL) = 32
17891 1783880135.470810 recvfrom(45,  <unfinished ...>
17918 1783880135.471026 recvfrom(43,  <unfinished ...>
17891 1783880135.471039 <... recvfrom resumed> "nysv\0\0\0\0\0\0\0\0\0\0\0\0\10\272Wv\370\\\0\0\336L]\0\0\0\0\0", 3200, MSG_DONTWAIT, NULL, NULL) = 32
17891 1783880135.471180 recvfrom(45,  <unfinished ...>
17918 1783880135.471191 <... recvfrom resumed> 0x73d37e5c80, 3200, MSG_DONTWAIT, NULL, NULL) = -1 EAGAIN (Try again)
17891 1783880135.471361 <... recvfrom resumed> 0x7ffb999730, 3200, MSG_DONTWAIT, NULL, NULL) = -1 EAGAIN (Try again)
17891 1783880135.471662 recvfrom(45, 0x7ffb999690, 3200, MSG_DONTWAIT, NULL, NULL) = -1 EAGAIN (Try again)
17918 1783880135.485074 recvfrom(43, 0x73d37e5eb0, 3200, MSG_DONTWAIT, NULL, NULL) = -1 EAGAIN (Try again)
17918 1783880135.487972 recvfrom(43,  <unfinished ...>
17891 1783880135.487976 recvfrom(45, "nysv\0\0\0\0\0\0\0\0\0\0\0\0\321#Vw\370\\\0\0\337L]\0\0\0\0\0", 3200, MSG_DONTWAIT, NULL, NULL) = 32
17918 1783880135.488419 <... recvfrom resumed> "nysv\0\0\0\0\0\0\0\0\0\0\0\0\321#Vw\370\\\0\0\337L]\0\0\0\0\0", 3200, MSG_DONTWAIT, NULL, NULL) = 32
17891 1783880135.488439 recvfrom(45,  <unfinished ...>
17918 1783880135.488557 recvfrom(43, 0x73d37e5c80, 3200, MSG_DONTWAIT, NULL, NULL) = -1 EAGAIN (Try again)
17891 1783880135.488645 <... recvfrom resumed> 0x7ffb999730, 3200, MSG_DONTWAIT, NULL, NULL) = -1 EAGAIN (Try again)
17891 1783880135.491917 recvfrom(45, 0x7ffb999690, 3200, MSG_DONTWAIT, NULL, NULL) = -1 EAGAIN (Try again)
17918 1783880135.501867 recvfrom(43, 0x73d37e5eb0, 3200, MSG_DONTWAIT, NULL, NULL) = -1 EAGAIN (Try again)
17918 1783880135.504370 recvfrom(43,  <unfinished ...>
17891 1783880135.504395 recvfrom(45,  <unfinished ...>
17918 1783880135.504535 <... recvfrom resumed> "nysv\0\0\0\0\0\0\0\0\0\0\0\0{\231Tx\370\\\0\0\340L]\0\0\0\0\0", 3200, MSG_DONTWAIT, NULL, NULL) = 32
17891 1783880135.504567 <... recvfrom resumed> "nysv\0\0\0\0\0\0\0\0\0\0\0\0{\231Tx\370\\\0\0\340L]\0\0\0\0\0", 3200, MSG_DONTWAIT, NULL, NULL) = 32
17918 1783880135.504854 recvfrom(43,  <unfinished ...>
17891 1783880135.504866 recvfrom(45,  <unfinished ...>
17918 1783880135.504984 <... recvfrom resumed> 0x73d37e5c80, 3200, MSG_DONTWAIT, NULL, NULL) = -1 EAGAIN (Try again)
17891 1783880135.504995 <... recvfrom resumed> 0x7ffb999730, 3200, MSG_DONTWAIT, NULL, NULL) = -1 EAGAIN (Try again)
17891 1783880135.505299 recvfrom(45, 0x7ffb999690, 3200, MSG_DONTWAIT, NULL, NULL) = -1 EAGAIN (Try again)
17918 1783880135.519284 recvfrom(43, 0x73d37e5eb0, 3200, MSG_DONTWAIT, NULL, NULL) = -1 EAGAIN (Try again)
17918 1783880135.520644 recvfrom(43, "nysv\0\0\0\0\0\0\0\0\0\0\0\0\376\34Sy\370\\\0\0\341L]\0\0\0\0\0", 3200, MSG_DONTWAIT, NULL, NULL) = 32
17918 1783880135.520962 recvfrom(43, 0x73d37e5c80, 3200, MSG_DONTWAIT, NULL, NULL) = -1 EAGAIN (Try again)
17891 1783880135.521184 recvfrom(45, "nysv\0\0\0\0\0\0\0\0\0\0\0\0\376\34Sy\370\\\0\0\341L]\0\0\0\0\0", 3200, MSG_DONTWAIT, NULL, NULL) = 32
17891 1783880135.521580 recvfrom(45, 0x7ffb999730, 3200, MSG_DONTWAIT, NULL, NULL) = -1 EAGAIN (Try again)
17891 1783880135.522346 recvfrom(45, 0x7ffb999690, 3200, MSG_DONTWAIT, NULL, NULL) = -1 EAGAIN (Try again)
17918 1783880135.536078 recvfrom(43, 0x73d37e5eb0, 3200, MSG_DONTWAIT, NULL, NULL) = -1 EAGAIN (Try again)
17918 1783880135.537422 recvfrom(43,  <unfinished ...>
17891 1783880135.537426 recvfrom(45,  <unfinished ...>
17918 1783880135.537544 <... recvfrom resumed> "nysv\0\0\0\0\0\0\0\0\0\0\0\0o\243Qz\370\\\0\0\342L]\0\0\0\0\0", 3200, MSG_DONTWAIT, NULL, NULL) = 32
17891 1783880135.537585 <... recvfrom resumed> "nysv\0\0\0\0\0\0\0\0\0\0\0\0o\243Qz\370\\\0\0\342L]\0\0\0\0\0", 3200, MSG_DONTWAIT, NULL, NULL) = 32
17918 1783880135.537760 recvfrom(43,  <unfinished ...>
17891 1783880135.537763 recvfrom(45,  <unfinished ...>
17918 1783880135.538173 <... recvfrom resumed> 0x73d37e5c80, 3200, MSG_DONTWAIT, NULL, NULL) = -1 EAGAIN (Try again)
17891 1783880135.538186 <... recvfrom resumed> 0x7ffb999730, 3200, MSG_DONTWAIT, NULL, NULL) = -1 EAGAIN (Try again)
17891 1783880135.539525 recvfrom(45, 0x7ffb999690, 3200, MSG_DONTWAIT, NULL, NULL) = -1 EAGAIN (Try again)
17918 1783880135.552777 recvfrom(43, 0x73d37e5eb0, 3200, MSG_DONTWAIT, NULL, NULL) = -1 EAGAIN (Try again)
17918 1783880135.554056 recvfrom(43,  <unfinished ...>
17891 1783880135.554245 recvfrom(45,  <unfinished ...>
17918 1783880135.554257 <... recvfrom resumed> "nysv\0\0\0\0\0\0\0\0\0\0\0\0])P{\370\\\0\0\343L]\0\0\0\0\0", 3200, MSG_DONTWAIT, NULL, NULL) = 32
17891 1783880135.554287 <... recvfrom resumed> "nysv\0\0\0\0\0\0\0\0\0\0\0\0])P{\370\\\0\0\343L]\0\0\0\0\0", 3200, MSG_DONTWAIT, NULL, NULL) = 32
17918 1783880135.554436 recvfrom(43, 0x73d37e5c80, 3200, MSG_DONTWAIT, NULL, NULL) = -1 EAGAIN (Try again)
17891 1783880135.554688 recvfrom(45, 0x7ffb999730, 3200, MSG_DONTWAIT, NULL, NULL) = -1 EAGAIN (Try again)
17891 1783880135.558343 recvfrom(45, 0x7ffb999690, 3200, MSG_DONTWAIT, NULL, NULL) = -1 EAGAIN (Try again)
17918 1783880135.567329 recvfrom(43, 0x73d37e5eb0, 3200, MSG_DONTWAIT, NULL, NULL) = -1 EAGAIN (Try again)
17918 1783880135.571434 recvfrom(43, "nysv\0\0\0\0\0\0\0\0\0\0\0\0\\\310N|\370\\\0\0\344L]\0\0\0\0\0", 3200, MSG_DONTWAIT, NULL, NULL) = 32
17891 1783880135.571578 recvfrom(45,  <unfinished ...>
17918 1783880135.571757 recvfrom(43,  <unfinished ...>
17891 1783880135.571806 <... recvfrom resumed> "nysv\0\0\0\0\0\0\0\0\0\0\0\0\\\310N|\370\\\0\0\344L]\0\0\0\0\0", 3200, MSG_DONTWAIT, NULL, NULL) = 32
17891 1783880135.571967 recvfrom(45, 0x7ffb999730, 3200, MSG_DONTWAIT, NULL, NULL) = -1 EAGAIN (Try again)
17891 1783880135.572526 recvfrom(45, 0x7ffb999690, 3200, MSG_DONTWAIT, NULL, NULL) = -1 EAGAIN (Try again)
17918 1783880135.573378 <... recvfrom resumed> 0x73d37e5c80, 3200, MSG_DONTWAIT, NULL, NULL) = -1 EAGAIN (Try again)
17918 1783880135.583745 recvfrom(43, 0x73d37e5eb0, 3200, MSG_DONTWAIT, NULL, NULL) = -1 EAGAIN (Try again)
17918 1783880135.588791 recvfrom(43,  <unfinished ...>
17891 1783880135.588806 recvfrom(45,  <unfinished ...>
17918 1783880135.591992 <... recvfrom resumed> "nysv\0\0\0\0\0\0\0\0\0\0\0\00006M}\370\\\0\0\345L]\0\0\0\0\0", 3200, MSG_DONTWAIT, NULL, NULL) = 32
17891 1783880135.592148 <... recvfrom resumed> "nysv\0\0\0\0\0\0\0\0\0\0\0\00006M}\370\\\0\0\345L]\0\0\0\0\0", 3200, MSG_DONTWAIT, NULL, NULL) = 32
17918 1783880135.592220 recvfrom(43, 0x73d37e5c80, 3200, MSG_DONTWAIT, NULL, NULL) = -1 EAGAIN (Try again)
17891 1783880135.592487 recvfrom(45, 0x7ffb999730, 3200, MSG_DONTWAIT, NULL, NULL) = -1 EAGAIN (Try again)
17891 1783880135.593256 recvfrom(45, 0x7ffb999690, 3200, MSG_DONTWAIT, NULL, NULL) = -1 EAGAIN (Try again)
17918 1783880135.602269 recvfrom(43, 0x73d37e5eb0, 3200, MSG_DONTWAIT, NULL, NULL) = -1 EAGAIN (Try again)
17918 1783880135.604954 recvfrom(43,  <unfinished ...>
17891 1783880135.604967 recvfrom(45,  <unfinished ...>
17918 1783880135.605057 <... recvfrom resumed> "nysv\0\0\0\0\0\0\0\0\0\0\0\0\315\270K~\370\\\0\0\346L]\0\0\0\0\0", 3200, MSG_DONTWAIT, NULL, NULL) = 32
17891 1783880135.605082 <... recvfrom resumed> "nysv\0\0\0\0\0\0\0\0\0\0\0\0\315\270K~\370\\\0\0\346L]\0\0\0\0\0", 3200, MSG_DONTWAIT, NULL, NULL) = 32
17918 1783880135.605120 recvfrom(43,  <unfinished ...>
17891 1783880135.608122 recvfrom(45, 0x7ffb999730, 3200, MSG_DONTWAIT, NULL, NULL) = -1 EAGAIN (Try again)
17918 1783880135.610662 <... recvfrom resumed> 0x73d37e5c80, 3200, MSG_DONTWAIT, NULL, NULL) = -1 EAGAIN (Try again)
17891 1783880135.610985 recvfrom(45, 0x7ffb999690, 3200, MSG_DONTWAIT, NULL, NULL) = -1 EAGAIN (Try again)
17918 1783880135.619412 recvfrom(43, 0x73d37e5eb0, 3200, MSG_DONTWAIT, NULL, NULL) = -1 EAGAIN (Try again)
17891 1783880135.620719 recvfrom(45,  <unfinished ...>
17918 1783880135.621199 recvfrom(43,  <unfinished ...>
17891 1783880135.621225 <... recvfrom resumed> "nysv\0\0\0\0\0\0\0\0\0\0\0\0\215AJ\177\370\\\0\0\347L]\0\0\0\0\0", 3200, MSG_DONTWAIT, NULL, NULL) = 32
17918 1783880135.621332 <... recvfrom resumed> "nysv\0\0\0\0\0\0\0\0\0\0\0\0\215AJ\177\370\\\0\0\347L]\0\0\0\0\0", 3200, MSG_DONTWAIT, NULL, NULL) = 32
17891 1783880135.621454 recvfrom(45,  <unfinished ...>
17918 1783880135.621569 recvfrom(43,  <unfinished ...>
17891 1783880135.621581 <... recvfrom resumed> 0x7ffb999730, 3200, MSG_DONTWAIT, NULL, NULL) = -1 EAGAIN (Try again)
17918 1783880135.621685 <... recvfrom resumed> 0x73d37e5c80, 3200, MSG_DONTWAIT, NULL, NULL) = -1 EAGAIN (Try again)
17918 1783880135.637649 recvfrom(43, "nysv\0\0\0\0\0\0\0\0\0\0\0\0\327\270H\200\370\\\0\0\350L]\0\0\0\0\0", 3200, MSG_DONTWAIT, NULL, NULL) = 32
17918 1783880135.638237 recvfrom(43, 0x73d37e5c80, 3200, MSG_DONTWAIT, NULL, NULL) = -1 EAGAIN (Try again)
17891 1783880136.808904 recvfrom(45, 0x7ffb999580, 3200, MSG_DONTWAIT, NULL, NULL) = -1 EAGAIN (Try again)
17891 1783880136.824686 recvfrom(45, "nysv\0\0\0\0\0\0\0\0\0\0\0\0\6\350\312\306\370\\\0\0.M]\0\0\0\0\0", 3200, MSG_DONTWAIT, NULL, NULL) = 32
17891 1783880136.825190 recvfrom(45, 0x7ffb999730, 3200, MSG_DONTWAIT, NULL, NULL) = -1 EAGAIN (Try again)
17891 1783880136.825839 recvfrom(47, 0x7463e92420, 2272, MSG_DONTWAIT, NULL, NULL) = -1 EAGAIN (Try again)
17891 1783880136.826554 recvfrom(45, 0x7ffb9989a0, 3200, MSG_DONTWAIT, NULL, NULL) = -1 EAGAIN (Try again)
17891 1783880136.842340 recvfrom(45, "nysv\0\0\0\0\0\0\0\0\0\0\0\00008\311\307\370\\\0\0/M]\0\0\0\0\0", 3200, MSG_DONTWAIT, NULL, NULL) = 32
17891 1783880136.843104 recvfrom(45, 0x7ffb999730, 3200, MSG_DONTWAIT, NULL, NULL) = -1 EAGAIN (Try again)
17891 1783880136.844108 recvfrom(47, 0x7463e92420, 2272, MSG_DONTWAIT, NULL, NULL) = -1 EAGAIN (Try again)
17891 1783880136.844899 recvfrom(45, 0x7ffb9989a0, 3200, MSG_DONTWAIT, NULL, NULL) = -1 EAGAIN (Try again)
17891 1783880136.858054 recvfrom(45, "nysv\0\0\0\0\0\0\0\0\0\0\0\0Z\210\307\310\370\\\0\0000M]\0\0\0\0\0", 3200, MSG_DONTWAIT, NULL, NULL) = 32
17891 1783880136.864891 recvfrom(45, 0x7ffb999730, 3200, MSG_DONTWAIT, NULL, NULL) = -1 EAGAIN (Try again)
17891 1783880136.866113 recvfrom(47, 0x7463e92420, 2272, MSG_DONTWAIT, NULL, NULL) = -1 EAGAIN (Try again)
17891 1783880136.867497 recvfrom(45, 0x7ffb9989a0, 3200, MSG_DONTWAIT, NULL, NULL) = -1 EAGAIN (Try again)
17891 1783880136.879006 recvfrom(45, "nysv\0\0\0\0\0\0\0\0\0\0\0\0@/\306\311\370\\\0\0001M]\0\0\0\0\0", 3200, MSG_DONTWAIT, NULL, NULL) = 32
17891 1783880136.879541 recvfrom(45, 0x7ffb999730, 3200, MSG_DONTWAIT, NULL, NULL) = -1 EAGAIN (Try again)
17891 1783880136.880225 recvfrom(47, 0x7463e92420, 2272, MSG_DONTWAIT, NULL, NULL) = -1 EAGAIN (Try again)
17891 1783880136.880808 recvfrom(45, 0x7ffb9989a0, 3200, MSG_DONTWAIT, NULL, NULL) = -1 EAGAIN (Try again)
17891 1783880136.894933 recvfrom(45, "nysv\0\0\0\0\0\0\0\0\0\0\0\0r\301\304\312\370\\\0\0002M]\0\0\0\0\0", 3200, MSG_DONTWAIT, NULL, NULL) = 32
17891 1783880136.895293 recvfrom(45, 0x7ffb999730, 3200, MSG_DONTWAIT, NULL, NULL) = -1 EAGAIN (Try again)
17891 1783880136.895642 recvfrom(47, 0x7463e92420, 2272, MSG_DONTWAIT, NULL, NULL) = -1 EAGAIN (Try again)
17891 1783880136.896123 recvfrom(45, 0x7ffb9989a0, 3200, MSG_DONTWAIT, NULL, NULL) = -1 EAGAIN (Try again)
17891 1783880136.904446 recvfrom(45, "nysv\0\0\0\0\0\0\0\0\0\0\0\0\307X\303\313\370\\\0\0003M]\0\0\0\0\0", 3200, MSG_DONTWAIT, NULL, NULL) = 32
17891 1783880136.904718 recvfrom(45, 0x7ffb999730, 3200, MSG_DONTWAIT, NULL, NULL) = -1 EAGAIN (Try again)
17891 1783880136.904954 recvfrom(47, 0x7463e92420, 2272, MSG_DONTWAIT, NULL, NULL) = -1 EAGAIN (Try again)
17891 1783880136.910404 recvfrom(45, 0x7ffb9989a0, 3200, MSG_DONTWAIT, NULL, NULL) = -1 EAGAIN (Try again)
17891 1783880136.921474 recvfrom(45, "nysv\0\0\0\0\0\0\0\0\0\0\0\0$\306\301\314\370\\\0\0004M]\0\0\0\0\0", 3200, MSG_DONTWAIT, NULL, NULL) = 32
17891 1783880136.923995 recvfrom(45, 0x7ffb999730, 3200, MSG_DONTWAIT, NULL, NULL) = -1 EAGAIN (Try again)
17891 1783880136.925858 recvfrom(47, 0x7463e92420, 2272, MSG_DONTWAIT, NULL, NULL) = -1 EAGAIN (Try again)
17891 1783880136.929685 recvfrom(71, 0x73ce66c020, 2272, MSG_DONTWAIT, NULL, NULL) = -1 EAGAIN (Try again)
17891 1783880136.930160 recvfrom(45, 0x7ffb9989a0, 3200, MSG_DONTWAIT, NULL, NULL) = -1 EAGAIN (Try again)
17891 1783880136.948629 recvfrom(45, "nysv\0\0\0\0\0\0\0\0\0\0\0\0\7l\300\315\370\\\0\0005M]\0\0\0\0\0", 3200, MSG_DONTWAIT, NULL, NULL) = 32
17891 1783880136.948902 recvfrom(45, 0x7ffb999730, 3200, MSG_DONTWAIT, NULL, NULL) = -1 EAGAIN (Try again)
17891 1783880136.949127 recvfrom(47, 0x7463e92420, 2272, MSG_DONTWAIT, NULL, NULL) = -1 EAGAIN (Try again)
17891 1783880136.949359 recvfrom(71, 0x73ce66c020, 2272, MSG_DONTWAIT, NULL, NULL) = -1 EAGAIN (Try again)
17891 1783880136.949663 recvfrom(45, 0x7ffb9989a0, 3200, MSG_DONTWAIT, NULL, NULL) = -1 EAGAIN (Try again)
17891 1783880136.981203 recvfrom(45, "nysv\0\0\0\0\0\0\0\0\0\0\0\08\307\276\316\370\\\0\0006M]\0\0\0\0\0", 3200, MSG_DONTWAIT, NULL, NULL) = 32
17891 1783880136.981472 recvfrom(45, 0x7ffb999730, 3200, MSG_DONTWAIT, NULL, NULL) = -1 EAGAIN (Try again)
17891 1783880136.981772 recvfrom(47, 0x7463e92420, 2272, MSG_DONTWAIT, NULL, NULL) = -1 EAGAIN (Try again)
17891 1783880136.982021 recvfrom(71, 0x73ce66c020, 2272, MSG_DONTWAIT, NULL, NULL) = -1 EAGAIN (Try again)
17891 1783880136.982321 recvfrom(45, 0x7ffb9989a0, 3200, MSG_DONTWAIT, NULL, NULL) = -1 EAGAIN (Try again)
17891 1783880137.014222 recvfrom(45, "nysv\0\0\0\0\0\0\0\0\0\0\0\0\5\355\273\320\370\\\0\08M]\0\0\0\0\0", 3200, MSG_DONTWAIT, NULL, NULL) = 32
17891 1783880137.014416 recvfrom(45, 0x7ffb999730, 3200, MSG_DONTWAIT, NULL, NULL) = -1 EAGAIN (Try again)
17891 1783880137.014724 recvfrom(47, 0x7463e92420, 2272, MSG_DONTWAIT, NULL, NULL) = -1 EAGAIN (Try again)
17891 1783880137.015035 recvfrom(71, 0x73ce66c020, 2272, MSG_DONTWAIT, NULL, NULL) = -1 EAGAIN (Try again)
17891 1783880137.015425 recvfrom(45, 0x7ffb9989a0, 3200, MSG_DONTWAIT, NULL, NULL) = -1 EAGAIN (Try again)
17891 1783880137.046842 recvfrom(45, "nysv\0\0\0\0\0\0\0\0\0\0\0\0\374\t\271\322\370\\\0\0:M]\0\0\0\0\0", 3200, MSG_DONTWAIT, NULL, NULL) = 32
17891 1783880137.047161 recvfrom(45, 0x7ffb999730, 3200, MSG_DONTWAIT, NULL, NULL) = -1 EAGAIN (Try again)
17891 1783880137.047445 recvfrom(47, 0x7463e92420, 2272, MSG_DONTWAIT, NULL, NULL) = -1 EAGAIN (Try again)
17891 1783880137.047667 recvfrom(71, 0x73ce66c020, 2272, MSG_DONTWAIT, NULL, NULL) = -1 EAGAIN (Try again)
17891 1783880137.047987 recvfrom(45, 0x7ffb9989a0, 3200, MSG_DONTWAIT, NULL, NULL) = -1 EAGAIN (Try again)
17891 1783880137.072066 recvfrom(45, "nysv\0\0\0\0\0\0\0\0\0\0\0\0\351\361\265\324\370\\\0\0<M]\0\0\0\0\0", 3200, MSG_DONTWAIT, NULL, NULL) = 32
17891 1783880137.075140 recvfrom(45, 0x7ffb999730, 3200, MSG_DONTWAIT, NULL, NULL) = -1 EAGAIN (Try again)
17891 1783880137.077344 recvfrom(47, 0x7463e92420, 2272, MSG_DONTWAIT, NULL, NULL) = -1 EAGAIN (Try again)
17891 1783880137.077962 recvfrom(71, 0x73ce66c020, 2272, MSG_DONTWAIT, NULL, NULL) = -1 EAGAIN (Try again)
17891 1783880137.078231 recvfrom(45, 0x7ffb9989a0, 3200, MSG_DONTWAIT, NULL, NULL) = -1 EAGAIN (Try again)
17891 1783880137.103863 recvfrom(45, "nysv\0\0\0\0\0\0\0\0\0\0\0\0=\222\262\326\370\\\0\0>M]\0\0\0\0\0", 3200, MSG_DONTWAIT, NULL, NULL) = 32
17891 1783880137.104124 recvfrom(45, 0x7ffb999730, 3200, MSG_DONTWAIT, NULL, NULL) = -1 EAGAIN (Try again)
17891 1783880137.104417 recvfrom(47, 0x7463e92420, 2272, MSG_DONTWAIT, NULL, NULL) = -1 EAGAIN (Try again)
17891 1783880137.104625 recvfrom(71, 0x73ce66c020, 2272, MSG_DONTWAIT, NULL, NULL) = -1 EAGAIN (Try again)
17891 1783880137.119439 recvfrom(45, 0x7ffb998870, 3200, MSG_DONTWAIT, NULL, NULL) = -1 EAGAIN (Try again)
17891 1783880137.138139 recvfrom(45, "nysv\0\0\0\0\0\0\0\0\0\0\0\0\fY\257\330\370\\\0\0@M]\0\0\0\0\0", 3200, MSG_DONTWAIT, NULL, NULL) = 32
17891 1783880137.141495 recvfrom(45, 0x7ffb999730, 3200, MSG_DONTWAIT, NULL, NULL) = -1 EAGAIN (Try again)
17891 1783880137.141860 recvfrom(71, 0x73ce66c020, 2272, MSG_DONTWAIT, NULL, NULL) = -1 EAGAIN (Try again)
17891 1783880137.144086 recvfrom(45, 0x7ffb998870, 3200, MSG_DONTWAIT, NULL, NULL) = -1 EAGAIN (Try again)
17891 1783880137.153882 recvfrom(45, "nysv\0\0\0\0\0\0\0\0\0\0\0\0\370@\254\332\370\\\0\0BM]\0\0\0\0\0", 3200, MSG_DONTWAIT, NULL, NULL) = 32
17891 1783880137.154425 recvfrom(45, 0x7ffb999730, 3200, MSG_DONTWAIT, NULL, NULL) = -1 EAGAIN (Try again)
17891 1783880137.158384 recvfrom(71, 0x73ce66c020, 2272, MSG_DONTWAIT, NULL, NULL) = -1 EAGAIN (Try again)
17891 1783880137.160539 recvfrom(45, 0x7ffb998870, 3200, MSG_DONTWAIT, NULL, NULL) = -1 EAGAIN (Try again)
17891 1783880137.176122 recvfrom(45, "nysv\0\0\0\0\0\0\0\0\0\0\0\0\2\332\252\333\370\\\0\0CM]\0\0\0\0\0", 3200, MSG_DONTWAIT, NULL, NULL) = 32
17891 1783880137.177054 recvfrom(45, 0x7ffb999730, 3200, MSG_DONTWAIT, NULL, NULL) = -1 EAGAIN (Try again)
17891 1783880137.178587 recvfrom(71, 0x73ce66c020, 2272, MSG_DONTWAIT, NULL, NULL) = -1 EAGAIN (Try again)
17891 1783880137.180115 recvfrom(45, 0x7ffb998870, 3200, MSG_DONTWAIT, NULL, NULL) = -1 EAGAIN (Try again)
17891 1783880137.188322 recvfrom(45, "nysv\0\0\0\0\0\0\0\0\0\0\0\0k\266\251\334\370\\\0\0DM]\0\0\0\0\0", 3200, MSG_DONTWAIT, NULL, NULL) = 32
17891 1783880137.192680 recvfrom(45, 0x7ffb999730, 3200, MSG_DONTWAIT, NULL, NULL) = -1 EAGAIN (Try again)
17891 1783880137.194275 recvfrom(71, 0x73ce66c020, 2272, MSG_DONTWAIT, NULL, NULL) = -1 EAGAIN (Try again)
17891 1783880151.639619 recvfrom(71, "\2\0\0\0\0\0\0\0\353\23\1\0\0\0\0\0\200\365\3669\374\\\0\0\1\0\0\0\2\20\0\0"..., 2272, MSG_DONTWAIT, NULL, NULL) = 232
17891 1783880151.640476 sendto(71, "\3\0\0\0\0\0\0\0\353\23\1\0\1\0\0\0", 16, MSG_DONTWAIT|MSG_NOSIGNAL, NULL, 0) = 16
17891 1783880151.640730 recvfrom(71, 0x73ce66c020, 2272, MSG_DONTWAIT, NULL, NULL) = -1 EAGAIN (Try again)
17891 1783880151.641384 recvfrom(71, "\2\0\0\0\0\0\0\0\355\23\1\0\0\0\0\0\200\365\3669\374\\\0\0\1\0\0\0\2\20\0\0"..., 2272, MSG_DONTWAIT, NULL, NULL) = 232
17891 1783880151.641683 recvfrom(45, 0x7ffb997a10, 3200, MSG_DONTWAIT, NULL, NULL) = -1 EAGAIN (Try again)
17891 1783880151.642705 sendto(71, "\3\0\0\0\0\0\0\0\355\23\1\0\1\0\0\0", 16, MSG_DONTWAIT|MSG_NOSIGNAL, NULL, 0) = 16
17891 1783880151.643005 recvfrom(71, 0x73ce66c020, 2272, MSG_DONTWAIT, NULL, NULL) = -1 EAGAIN (Try again)
17891 1783880151.654473 recvfrom(45, "nysv\0\0\0\0\0\0\0\0\0\0\0\0\354+\360:\374\\\0\0\244P]\0\0\0\0\0", 3200, MSG_DONTWAIT, NULL, NULL) = 32
17891 1783880151.654670 recvfrom(45, 0x7ffb999730, 3200, MSG_DONTWAIT, NULL, NULL) = -1 EAGAIN (Try again)
17891 1783880151.655084 recvfrom(71, 0x73ce66c020, 2272, MSG_DONTWAIT, NULL, NULL) = -1 EAGAIN (Try again)
17891 1783880151.655249 recvfrom(45, 0x7ffb999690, 3200, MSG_DONTWAIT, NULL, NULL) = -1 EAGAIN (Try again)
17918 1783880151.665339 recvfrom(43, 0x73d37e5eb0, 3200, MSG_DONTWAIT, NULL, NULL) = -1 EAGAIN (Try again)
17918 1783880151.673170 recvfrom(43, "nysv\0\0\0\0\0\0\0\0\0\0\0\0\307\215\356;\374\\\0\0\245P]\0\0\0\0\0", 3200, MSG_DONTWAIT, NULL, NULL) = 32
17918 1783880151.673405 recvfrom(43, 0x73d37e5c80, 3200, MSG_DONTWAIT, NULL, NULL) = -1 EAGAIN (Try again)
17891 1783880151.681020 recvfrom(45, "nysv\0\0\0\0\0\0\0\0\0\0\0\0\307\215\356;\374\\\0\0\245P]\0\0\0\0\0", 3200, MSG_DONTWAIT, NULL, NULL) = 32
17891 1783880151.681290 recvfrom(45, 0x7ffb999730, 3200, MSG_DONTWAIT, NULL, NULL) = -1 EAGAIN (Try again)
17891 1783880151.683076 recvfrom(45, 0x7ffb998dd0, 3200, MSG_DONTWAIT, NULL, NULL) = -1 EAGAIN (Try again)
17891 1783880151.688847 recvfrom(45, "nysv\0\0\0\0\0\0\0\0\0\0\0\0\6'\355<\374\\\0\0\246P]\0\0\0\0\0", 3200, MSG_DONTWAIT, NULL, NULL) = 32
17891 1783880151.693679 recvfrom(45, 0x7ffb999730, 3200, MSG_DONTWAIT, NULL, NULL) = -1 EAGAIN (Try again)
17891 1783880151.694263 recvfrom(47, 0x7463e92420, 2272, MSG_DONTWAIT, NULL, NULL) = -1 EAGAIN (Try again)
