15553 1783885487.233363 exit(0)         = ?
15553 1783885487.233912 +++ exited with 0 +++
15552 1783885487.236671 exit(0)         = ?
15552 1783885487.236911 +++ exited with 0 +++
15554 1783885487.236976 exit(0)         = ?
15551 1783885487.237058 exit(0 <unfinished ...>
15554 1783885487.237125 +++ exited with 0 +++
15551 1783885487.237126 <... exit resumed>) = ?
15551 1783885487.237218 +++ exited with 0 +++
15564 1783885487.238751 newfstatat(AT_FDCWD, "/data", {st_mode=S_IFDIR|0771, st_size=4096, ...}, AT_SYMLINK_NOFOLLOW) = 0
15564 1783885487.239083 newfstatat(AT_FDCWD, "/data/app", {st_mode=S_IFDIR|0771, st_size=4096, ...}, AT_SYMLINK_NOFOLLOW) = 0
15564 1783885487.239409 newfstatat(AT_FDCWD, "/data/app/ademar.bitac-_kp3yzmOQvSwzKSs5Hamow==", {st_mode=S_IFDIR|0775, st_size=4096, ...}, AT_SYMLINK_NOFOLLOW) = 0
15564 1783885487.239736 newfstatat(AT_FDCWD, "/data/app/ademar.bitac-_kp3yzmOQvSwzKSs5Hamow==/base.apk", {st_mode=S_IFREG|0644, st_size=3047286, ...}, AT_SYMLINK_NOFOLLOW) = 0
15564 1783885487.240043 getcwd("/", 4096) = 2
15564 1783885487.240349 newfstatat(AT_FDCWD, "/base.apk", 0x71ea832690, AT_SYMLINK_NOFOLLOW) = -1 ENOENT (No such file or directory)
15544 1783885487.599743 clone(child_stack=0x71e79bbd40, flags=CLONE_VM|CLONE_FS|CLONE_FILES|CLONE_SIGHAND|CLONE_THREAD|CLONE_SYSVSEM|CLONE_SETTLS|CLONE_PARENT_SETTID|CLONE_CHILD_CLEARTID, parent_tidptr=0x71e79bbd60, tls=0x71e79bc020, child_tidptr=0x71e79bbd60) = 15622
15622 1783885487.600866 faccessat(AT_FDCWD, "/data/user/0/ademar.bitac", F_OK) = 0
15622 1783885487.600881 faccessat(AT_FDCWD, "/data/user/0/ademar.bitac/files", F_OK) = 0
15622 1783885487.600908 faccessat(AT_FDCWD, "/data/user/0/ademar.bitac/files/profileinstaller_profileWrittenFor_lastUpdateTime.dat", F_OK) = 0
15622 1783885487.600921 openat(AT_FDCWD, "/data/user/0/ademar.bitac/files/profileinstaller_profileWrittenFor_lastUpdateTime.dat", O_RDONLY) = 66
15622 1783885487.600956 getsockopt(66, SOL_SOCKET, SO_ERROR, 0x71e79ba0e4, [4]) = -1 ENOTSOCK (Socket operation on non-socket)
15622 1783885487.601095 newfstatat(AT_FDCWD, "/data/misc/profiles/ref/ademar.bitac/primary.prof", 0x71e79b9ab8, 0) = -1 ENOENT (No such file or directory)
15622 1783885487.601317 faccessat(AT_FDCWD, "/data/misc/profiles/ref/ademar.bitac/primary.prof", F_OK) = -1 ENOENT (No such file or directory)
15622 1783885487.601355 newfstatat(AT_FDCWD, "/data/misc/profiles/cur/0/ademar.bitac/primary.prof", {st_mode=S_IFREG|0600, st_size=9136, ...}, 0) = 0
15622 1783885487.601513 faccessat(AT_FDCWD, "/data/misc/profiles/cur/0/ademar.bitac/primary.prof", F_OK) = 0
15622 1783885487.601705 faccessat(AT_FDCWD, "/data/user/0/ademar.bitac/files", F_OK) = 0
15622 1783885487.601725 faccessat(AT_FDCWD, "/data/user/0/ademar.bitac/files/profileInstalled", F_OK) = 0
15622 1783885487.601750 openat(AT_FDCWD, "/data/user/0/ademar.bitac/files/profileInstalled", O_RDONLY) = 66
15622 1783885487.601790 getsockopt(66, SOL_SOCKET, SO_ERROR, 0x71e79b9434, [4]) = -1 ENOTSOCK (Socket operation on non-socket)
15622 1783885487.601909 exit(0)         = ?
15622 1783885487.601923 +++ exited with 0 +++
15582 1783885487.652757 faccessat(AT_FDCWD, "/proc/self/task/15622", F_OK) = -1 ENOENT (No such file or directory)
15584 1783885500.020217 exit(0)         = ?
15584 1783885500.020604 +++ exited with 0 +++
15582 1783885500.074835 faccessat(AT_FDCWD, "/proc/self/task/15584", F_OK) = -1 ENOENT (No such file or directory)
15544 1783885506.233696 recvfrom(45, "\2\0\0\0\0\0\0\0k\21\0\0\0\0\0\0\200\313\225\224r\3\0\0\1\0\0\0\2\20\0\0"..., 2272, MSG_DONTWAIT, NULL, NULL) = 232
15544 1783885506.234554 sendto(45, "\3\0\0\0\0\0\0\0k\21\0\0\1\0\0\0", 16, MSG_DONTWAIT|MSG_NOSIGNAL, NULL, 0) = 16
15544 1783885506.234581 recvfrom(45, 0x727ac2f420, 2272, MSG_DONTWAIT, NULL, NULL) = -1 EAGAIN (Try again)
15544 1783885506.234885 recvfrom(45, "\2\0\0\0\0\0\0\0m\21\0\0\0\0\0\0\200\313\225\224r\3\0\0\1\0\0\0\2\20\0\0"..., 2272, MSG_DONTWAIT, NULL, NULL) = 232
15544 1783885506.235007 recvfrom(38, 0x7ff7a6d280, 3200, MSG_DONTWAIT, NULL, NULL) = -1 EAGAIN (Try again)
15544 1783885506.238045 sendto(45, "\3\0\0\0\0\0\0\0m\21\0\0\1\0\0\0", 16, MSG_DONTWAIT|MSG_NOSIGNAL, NULL, 0) = 16
15544 1783885506.238104 recvfrom(45, 0x727ac2f420, 2272, MSG_DONTWAIT, NULL, NULL) = -1 EAGAIN (Try again)
15585 1783885506.239259 sendmsg(67, {msg_name=NULL, msg_namelen=0, msg_iov=[{iov_base="l\1\1\1\374\0\0\0L\0\0\0\235\0\0\0\1\1o\0;\0\0\0/re/frid"..., iov_len=428}], msg_iovlen=1, msg_controllen=0, msg_flags=0}, MSG_NOSIGNAL) = 428
15585 1783885506.240956 sendmsg(67, {msg_name=NULL, msg_namelen=0, msg_iov=[{iov_base="l\1\1\1\0\1\0\0M\0\0\0\235\0\0\0\1\1o\0;\0\0\0/re/frid"..., iov_len=432}], msg_iovlen=1, msg_controllen=0, msg_flags=0}, MSG_NOSIGNAL) = 432
15544 1783885506.250192 recvfrom(38, "nysv\0\0\0\0\0\0\0\0\0\0\0\0o\26\232\225r\3\0\0\26s\3\0\0\0\0\0", 3200, MSG_DONTWAIT, NULL, NULL) = 32
15544 1783885506.250231 recvfrom(38, 0x7ff7a6fc30, 3200, MSG_DONTWAIT, NULL, NULL) = -1 EAGAIN (Try again)
15544 1783885506.250394 recvfrom(45, 0x727ac2f420, 2272, MSG_DONTWAIT, NULL, NULL) = -1 EAGAIN (Try again)
15544 1783885506.250427 recvfrom(38, 0x7ff7a6fb90, 3200, MSG_DONTWAIT, NULL, NULL) = -1 EAGAIN (Try again)
15544 1783885506.251558 socket(AF_UNIX, SOCK_DGRAM|SOCK_CLOEXEC|SOCK_NONBLOCK, 0) = 66
15544 1783885506.251572 setsockopt(66, SOL_SOCKET, SO_SNDBUF, [1048576], 4) = 0
15544 1783885506.251585 connect(66, {sa_family=AF_UNIX, sun_path="/dev/socket/statsdw"}, 110) = 0
15585 1783885506.255515 sendmsg(67, {msg_name=NULL, msg_namelen=0, msg_iov=[{iov_base="l\1\1\1\340\0\0\0N\0\0\0\235\0\0\0\1\1o\0;\0\0\0/re/frid"..., iov_len=400}], msg_iovlen=1, msg_controllen=0, msg_flags=0}, MSG_NOSIGNAL) = 400
15565 1783885506.262660 recvfrom(42, 0x71ea67aeb0, 3200, MSG_DONTWAIT, NULL, NULL) = -1 EAGAIN (Try again)
15565 1783885506.264031 recvfrom(42, 0x71ea67aeb0, 3200, MSG_DONTWAIT, NULL, NULL) = -1 EAGAIN (Try again)
15585 1783885506.265354 sendmsg(67, {msg_name=NULL, msg_namelen=0, msg_iov=[{iov_base="l\1\1\1\374\0\0\0O\0\0\0\235\0\0\0\1\1o\0;\0\0\0/re/frid"..., iov_len=428}], msg_iovlen=1, msg_controllen=0, msg_flags=0}, MSG_NOSIGNAL) = 428
15544 1783885506.266457 recvfrom(38, "nysv\0\0\0\0\0\0\0\0\0\0\0\0y\264\230\226r\3\0\0\27s\3\0\0\0\0\0", 3200, MSG_DONTWAIT, NULL, NULL) = 32
15544 1783885506.266663 recvfrom(38, 0x7ff7a6fc30, 3200, MSG_DONTWAIT, NULL, NULL) = -1 EAGAIN (Try again)
15544 1783885506.266682 recvfrom(45, 0x727ac2f420, 2272, MSG_DONTWAIT, NULL, NULL) = -1 EAGAIN (Try again)
15565 1783885506.266770 recvfrom(42,  <unfinished ...>
15544 1783885506.266784 recvfrom(38,  <unfinished ...>
15565 1783885506.266895 <... recvfrom resumed> "nysv\0\0\0\0\0\0\0\0\0\0\0\0y\264\230\226r\3\0\0\27s\3\0\0\0\0\0", 3200, MSG_DONTWAIT, NULL, NULL) = 32
15544 1783885506.266910 <... recvfrom resumed> 0x7ff7a6fb90, 3200, MSG_DONTWAIT, NULL, NULL) = -1 EAGAIN (Try again)
15565 1783885506.267062 recvfrom(42, 0x71ea67ac80, 3200, MSG_DONTWAIT, NULL, NULL) = -1 EAGAIN (Try again)
15585 1783885506.267881 sendmsg(67, {msg_name=NULL, msg_namelen=0, msg_iov=[{iov_base="l\1\1\1\0\1\0\0P\0\0\0\235\0\0\0\1\1o\0;\0\0\0/re/frid"..., iov_len=432}], msg_iovlen=1, msg_controllen=0, msg_flags=0}, MSG_NOSIGNAL) = 432
15544 1783885506.269873 newfstatat(AT_FDCWD, "/system/framework/framework-res.apk", {st_mode=S_IFREG|0644, st_size=45992421, ...}, 0) = 0
15544 1783885506.269892 newfstatat(AT_FDCWD, "/product/overlay/GoogleConfigOverlay.apk", {st_mode=S_IFREG|0644, st_size=25070, ...}, 0) = 0
15544 1783885506.269915 newfstatat(AT_FDCWD, "/product/overlay/GoogleWebViewOverlay.apk", {st_mode=S_IFREG|0644, st_size=16815, ...}, 0) = 0
15544 1783885506.269922 newfstatat(AT_FDCWD, "/product/overlay/PixelConfigOverlayCommon.apk", {st_mode=S_IFREG|0644, st_size=52833, ...}, 0) = 0
15544 1783885506.269929 newfstatat(AT_FDCWD, "/product/overlay/EmulatorConfigOverlay.apk", {st_mode=S_IFREG|0644, st_size=16734, ...}, 0) = 0
15544 1783885506.269944 newfstatat(AT_FDCWD, "/data/app/ademar.bitac-_kp3yzmOQvSwzKSs5Hamow==/base.apk", {st_mode=S_IFREG|0644, st_size=3047286, ...}, 0) = 0
15544 1783885506.270025 clone(child_stack=0x71e79bbd40, flags=CLONE_VM|CLONE_FS|CLONE_FILES|CLONE_SIGHAND|CLONE_THREAD|CLONE_SYSVSEM|CLONE_SETTLS|CLONE_PARENT_SETTID|CLONE_CHILD_CLEARTID, parent_tidptr=0x71e79bbd60, tls=0x71e79bc020, child_tidptr=0x71e79bbd60) = 15639
15544 1783885506.270928 newfstatat(AT_FDCWD, "/system/framework/framework-res.apk", {st_mode=S_IFREG|0644, st_size=45992421, ...}, 0) = 0
15544 1783885506.270964 newfstatat(AT_FDCWD, "/product/overlay/GoogleConfigOverlay.apk", {st_mode=S_IFREG|0644, st_size=25070, ...}, 0) = 0
15544 1783885506.270974 newfstatat(AT_FDCWD, "/product/overlay/GoogleWebViewOverlay.apk", {st_mode=S_IFREG|0644, st_size=16815, ...}, 0) = 0
15544 1783885506.270981 newfstatat(AT_FDCWD, "/product/overlay/PixelConfigOverlayCommon.apk", {st_mode=S_IFREG|0644, st_size=52833, ...}, 0) = 0
15544 1783885506.270988 newfstatat(AT_FDCWD, "/product/overlay/EmulatorConfigOverlay.apk", {st_mode=S_IFREG|0644, st_size=16734, ...}, 0) = 0
15544 1783885506.270994 newfstatat(AT_FDCWD, "/data/app/ademar.bitac-_kp3yzmOQvSwzKSs5Hamow==/base.apk", {st_mode=S_IFREG|0644, st_size=3047286, ...}, 0) = 0
15544 1783885506.274881 --- SIGSEGV {si_signo=SIGSEGV, si_code=SEGV_MAPERR, si_addr=NULL} ---
15544 1783885506.277081 newfstatat(AT_FDCWD, "/system/framework/framework-res.apk", {st_mode=S_IFREG|0644, st_size=45992421, ...}, 0) = 0
15544 1783885506.277100 newfstatat(AT_FDCWD, "/product/overlay/GoogleConfigOverlay.apk", {st_mode=S_IFREG|0644, st_size=25070, ...}, 0) = 0
15544 1783885506.277111 newfstatat(AT_FDCWD, "/product/overlay/GoogleWebViewOverlay.apk", {st_mode=S_IFREG|0644, st_size=16815, ...}, 0) = 0
15544 1783885506.277119 newfstatat(AT_FDCWD, "/product/overlay/PixelConfigOverlayCommon.apk", {st_mode=S_IFREG|0644, st_size=52833, ...}, 0) = 0
15544 1783885506.277174 newfstatat(AT_FDCWD, "/product/overlay/EmulatorConfigOverlay.apk", {st_mode=S_IFREG|0644, st_size=16734, ...}, 0) = 0
15544 1783885506.277189 newfstatat(AT_FDCWD, "/data/app/ademar.bitac-_kp3yzmOQvSwzKSs5Hamow==/base.apk", {st_mode=S_IFREG|0644, st_size=3047286, ...}, 0) = 0
15639 1783885506.277618 exit(0)         = ?
15639 1783885506.277948 +++ exited with 0 +++
15585 1783885506.282354 sendmsg(67, {msg_name=NULL, msg_namelen=0, msg_iov=[{iov_base="l\1\1\1\24\1\0\0Q\0\0\0\235\0\0\0\1\1o\0;\0\0\0/re/frid"..., iov_len=452}], msg_iovlen=1, msg_controllen=0, msg_flags=0}, MSG_NOSIGNAL) = 452
15544 1783885506.285432 clone(child_stack=0x71e799bd40, flags=CLONE_VM|CLONE_FS|CLONE_FILES|CLONE_SIGHAND|CLONE_THREAD|CLONE_SYSVSEM|CLONE_SETTLS|CLONE_PARENT_SETTID|CLONE_CHILD_CLEARTID, parent_tidptr=0x71e799bd60, tls=0x71e799c020, child_tidptr=0x71e799bd60) = 15640
15565 1783885506.304373 clone(child_stack=0x71e6d72d40, flags=CLONE_VM|CLONE_FS|CLONE_FILES|CLONE_SIGHAND|CLONE_THREAD|CLONE_SYSVSEM|CLONE_SETTLS|CLONE_PARENT_SETTID|CLONE_CHILD_CLEARTID, parent_tidptr=0x71e6d72d60, tls=0x71e6d73020, child_tidptr=0x71e6d72d60) = 15641
15565 1783885506.305562 recvfrom(42, 0x71ea67aeb0, 3200, MSG_DONTWAIT, NULL, NULL) = -1 EAGAIN (Try again)
15641 1783885506.307586 exit(0)         = ?
15641 1783885506.307741 +++ exited with 0 +++
15544 1783885506.309582 recvfrom(38, "nysv\0\0\0\0\0\0\0\0\0\0\0\0EQ\227\227r\3\0\0\30s\3\0\0\0\0\0", 3200, MSG_DONTWAIT, NULL, NULL) = 32
15544 1783885506.309603 recvfrom(38, 0x7ff7a6fc30, 3200, MSG_DONTWAIT, NULL, NULL) = -1 EAGAIN (Try again)
15544 1783885506.309674 recvfrom(73, 0x71e53d3420, 2272, MSG_DONTWAIT, NULL, NULL) = -1 EAGAIN (Try again)
15544 1783885506.309693 recvfrom(38, 0x7ff7a6fb90, 3200, MSG_DONTWAIT, NULL, NULL) = -1 EAGAIN (Try again)
15544 1783885506.309972 clone(child_stack=0x71e6d72d40, flags=CLONE_VM|CLONE_FS|CLONE_FILES|CLONE_SIGHAND|CLONE_THREAD|CLONE_SYSVSEM|CLONE_SETTLS|CLONE_PARENT_SETTID|CLONE_CHILD_CLEARTID, parent_tidptr=0x71e6d72d60, tls=0x71e6d73020, child_tidptr=0x71e6d72d60) = 15642
15585 1783885506.312600 sendmsg(67, {msg_name=NULL, msg_namelen=0, msg_iov=[{iov_base="l\1\1\1\374\0\0\0R\0\0\0\235\0\0\0\1\1o\0;\0\0\0/re/frid"..., iov_len=428}], msg_iovlen=1, msg_controllen=0, msg_flags=0}, MSG_NOSIGNAL) = 428
15585 1783885506.314688 sendmsg(67, {msg_name=NULL, msg_namelen=0, msg_iov=[{iov_base="l\1\1\1\0\1\0\0S\0\0\0\235\0\0\0\1\1o\0;\0\0\0/re/frid"..., iov_len=432}], msg_iovlen=1, msg_controllen=0, msg_flags=0}, MSG_NOSIGNAL) = 432
15642 1783885506.315943 clone(child_stack=0x71e6c69d40, flags=CLONE_VM|CLONE_FS|CLONE_FILES|CLONE_SIGHAND|CLONE_THREAD|CLONE_SYSVSEM|CLONE_SETTLS|CLONE_PARENT_SETTID|CLONE_CHILD_CLEARTID, parent_tidptr=0x71e6c69d60, tls=0x71e6c6a020, child_tidptr=0x71e6c69d60) = 15643
15585 1783885506.317011 sendmsg(67, {msg_name=NULL, msg_namelen=0, msg_iov=[{iov_base="l\1\1\1\374\0\0\0T\0\0\0\235\0\0\0\1\1o\0;\0\0\0/re/frid"..., iov_len=428}], msg_iovlen=1, msg_controllen=0, msg_flags=0}, MSG_NOSIGNAL) = 428
15585 1783885506.323347 sendmsg(67, {msg_name=NULL, msg_namelen=0, msg_iov=[{iov_base="l\1\1\1\0\1\0\0U\0\0\0\235\0\0\0\1\1o\0;\0\0\0/re/frid"..., iov_len=432}], msg_iovlen=1, msg_controllen=0, msg_flags=0}, MSG_NOSIGNAL) = 432
15565 1783885506.329296 recvfrom(42, "nysv\0\0\0\0\0\0\0\0\0\0\0\0\204:\224\231r\3\0\0\32s\3\0\0\0\0\0", 3200, MSG_DONTWAIT, NULL, NULL) = 32
15565 1783885506.329452 recvfrom(42, 0x71ea67ac80, 3200, MSG_DONTWAIT, NULL, NULL) = -1 EAGAIN (Try again)
15565 1783885506.393813 recvfrom(42, "nysv\0\0\0\0\0\0\0\0\0\0\0\0\177\364\216\235r\3\0\0\36s\3\0\0\0\0\0", 3200, MSG_DONTWAIT, NULL, NULL) = 32
15565 1783885506.393990 recvfrom(42, 0x71ea67aeb0, 3200, MSG_DONTWAIT, NULL, NULL) = -1 EAGAIN (Try again)
15544 1783885506.394859 recvfrom(38, "nysv\0\0\0\0\0\0\0\0\0\0\0\0\204:\224\231r\3\0\0\32s\3\0\0\0\0\0", 3200, MSG_DONTWAIT, NULL, NULL) = 32
15544 1783885506.394875 recvfrom(38, 0x7ff7a6fc30, 3200, MSG_DONTWAIT, NULL, NULL) = -1 EAGAIN (Try again)
15565 1783885506.427791 recvfrom(42, "nysv\0\0\0\0\0\0\0\0\0\0\0\0\356\215\215\236r\3\0\0\37s\3\0\0\0\0\0", 3200, MSG_DONTWAIT, NULL, NULL) = 32
15565 1783885506.427973 recvfrom(42, 0x71ea67aeb0, 3200, MSG_DONTWAIT, NULL, NULL) = -1 EAGAIN (Try again)
15544 1783885506.429434 recvfrom(73, 0x71e53d3420, 2272, MSG_DONTWAIT, NULL, NULL) = -1 EAGAIN (Try again)
15544 1783885506.429519 recvfrom(38, 0x7ff7a6fb90, 3200, MSG_DONTWAIT, NULL, NULL) = -1 EAGAIN (Try again)
15565 1783885506.465292 recvfrom(42, "nysv\0\0\0\0\0\0\0\0\0\0\0\0\f\272\212\240r\3\0\0!s\3\0\0\0\0\0", 3200, MSG_DONTWAIT, NULL, NULL) = 32
15565 1783885506.465463 recvfrom(42, 0x71ea67aeb0, 3200, MSG_DONTWAIT, NULL, NULL) = -1 EAGAIN (Try again)
15565 1783885506.483075 recvfrom(42, "nysv\0\0\0\0\0\0\0\0\0\0\0\0\320\342\207\242r\3\0\0#s\3\0\0\0\0\0", 3200, MSG_DONTWAIT, NULL, NULL) = 32
15565 1783885506.483759 recvfrom(42, 0x71ea67aeb0, 3200, MSG_DONTWAIT, NULL, NULL) = -1 EAGAIN (Try again)
15544 1783885506.507240 recvfrom(38, "nysv\0\0\0\0\0\0\0\0\0\0\0\0\f\272\212\240r\3\0\0!s\3\0\0\0\0\0", 3200, MSG_DONTWAIT, NULL, NULL) = 32
15544 1783885506.507263 recvfrom(38, 0x7ff7a6fc30, 3200, MSG_DONTWAIT, NULL, NULL) = -1 EAGAIN (Try again)
15544 1783885506.508597 recvfrom(73, 0x71e53d3420, 2272, MSG_DONTWAIT, NULL, NULL) = -1 EAGAIN (Try again)
15544 1783885506.508670 recvfrom(38, 0x7ff7a6fb90, 3200, MSG_DONTWAIT, NULL, NULL) = -1 EAGAIN (Try again)
15565 1783885506.590909 recvfrom(42, "nysv\0\0\0\0\0\0\0\0\0\0\0\0\27K\205\244r\3\0\0%s\3\0\0\0\0\0", 3200, MSG_DONTWAIT, NULL, NULL) = 32
15565 1783885506.591233 recvfrom(42, 0x71ea67aeb0, 3200, MSG_DONTWAIT, NULL, NULL) = -1 EAGAIN (Try again)
15544 1783885506.597533 recvfrom(38, "nysv\0\0\0\0\0\0\0\0\0\0\0\0#\332\203\245r\3\0\0&s\3\0\0\0\0\0", 3200, MSG_DONTWAIT, NULL, NULL) = 32
15544 1783885506.597562 recvfrom(38, 0x7ff7a6fc30, 3200, MSG_DONTWAIT, NULL, NULL) = -1 EAGAIN (Try again)
15544 1783885506.597778 recvfrom(73, 0x71e53d3420, 2272, MSG_DONTWAIT, NULL, NULL) = -1 EAGAIN (Try again)
15544 1783885506.597816 recvfrom(38, 0x7ff7a6fb90, 3200, MSG_DONTWAIT, NULL, NULL) = -1 EAGAIN (Try again)
15565 1783885506.612077 recvfrom(42, "nysv\0\0\0\0\0\0\0\0\0\0\0\0\6\233|\252r\3\0\0+s\3\0\0\0\0\0", 3200, MSG_DONTWAIT, NULL, NULL) = 32
15565 1783885506.612239 recvfrom(42, 0x71ea67ac80, 3200, MSG_DONTWAIT, NULL, NULL) = -1 EAGAIN (Try again)
15544 1783885506.612933 recvfrom(38, "nysv\0\0\0\0\0\0\0\0\0\0\0\0\6\233|\252r\3\0\0+s\3\0\0\0\0\0", 3200, MSG_DONTWAIT, NULL, NULL) = 32
15544 1783885506.612950 recvfrom(38, 0x7ff7a6fc30, 3200, MSG_DONTWAIT, NULL, NULL) = -1 EAGAIN (Try again)
15544 1783885506.613042 recvfrom(38, 0x7ff7a6fb90, 3200, MSG_DONTWAIT, NULL, NULL) = -1 EAGAIN (Try again)
15544 1783885506.616660 recvfrom(38, "nysv\0\0\0\0\0\0\0\0\0\0\0\0d&{\253r\3\0\0,s\3\0\0\0\0\0", 3200, MSG_DONTWAIT, NULL, NULL) = 32
15544 1783885506.616673 recvfrom(38, 0x7ff7a6fc30, 3200, MSG_DONTWAIT, NULL, NULL) = -1 EAGAIN (Try again)
15565 1783885506.638704 recvfrom(42, "nysv\0\0\0\0\0\0\0\0\0\0\0\0\222\257y\254r\3\0\0-s\3\0\0\0\0\0", 3200, MSG_DONTWAIT, NULL, NULL) = 32
15565 1783885506.639314 recvfrom(42, 0x71ea67ac80, 3200, MSG_DONTWAIT, NULL, NULL) = -1 EAGAIN (Try again)
15544 1783885507.902716 recvfrom(38, 0x7ff7a6fa00, 3200, MSG_DONTWAIT, NULL, NULL) = -1 EAGAIN (Try again)
15544 1783885507.916814 recvfrom(38, "nysv\0\0\0\0\0\0\0\0\0\0\0\0\206\260\362\370r\3\0\0zs\3\0\0\0\0\0", 3200, MSG_DONTWAIT, NULL, NULL) = 32
15544 1783885507.916982 recvfrom(38, 0x7ff7a6fc30, 3200, MSG_DONTWAIT, NULL, NULL) = -1 EAGAIN (Try again)
15544 1783885507.917244 recvfrom(73, 0x71e53d3420, 2272, MSG_DONTWAIT, NULL, NULL) = -1 EAGAIN (Try again)
15544 1783885507.917898 recvfrom(38, 0x7ff7a6e3c0, 3200, MSG_DONTWAIT, NULL, NULL) = -1 EAGAIN (Try again)
15544 1783885507.933520 recvfrom(38, "nysv\0\0\0\0\0\0\0\0\0\0\0\0NG\361\371r\3\0\0{s\3\0\0\0\0\0", 3200, MSG_DONTWAIT, NULL, NULL) = 32
15544 1783885507.933593 recvfrom(38, 0x7ff7a6fc30, 3200, MSG_DONTWAIT, NULL, NULL) = -1 EAGAIN (Try again)
15544 1783885507.933677 recvfrom(73, 0x71e53d3420, 2272, MSG_DONTWAIT, NULL, NULL) = -1 EAGAIN (Try again)
15544 1783885507.933896 recvfrom(38, 0x7ff7a6e3c0, 3200, MSG_DONTWAIT, NULL, NULL) = -1 EAGAIN (Try again)
15544 1783885507.950694 recvfrom(38, "nysv\0\0\0\0\0\0\0\0\0\0\0\0\240\267\357\372r\3\0\0|s\3\0\0\0\0\0", 3200, MSG_DONTWAIT, NULL, NULL) = 32
15544 1783885507.950719 recvfrom(38, 0x7ff7a6fc30, 3200, MSG_DONTWAIT, NULL, NULL) = -1 EAGAIN (Try again)
15544 1783885507.950740 recvfrom(73, 0x71e53d3420, 2272, MSG_DONTWAIT, NULL, NULL) = -1 EAGAIN (Try again)
15544 1783885507.950933 recvfrom(38, 0x7ff7a6e3c0, 3200, MSG_DONTWAIT, NULL, NULL) = -1 EAGAIN (Try again)
15544 1783885507.966584 recvfrom(38, "nysv\0\0\0\0\0\0\0\0\0\0\0\0\334F\356\373r\3\0\0}s\3\0\0\0\0\0", 3200, MSG_DONTWAIT, NULL, NULL) = 32
15544 1783885507.966616 recvfrom(38, 0x7ff7a6fc30, 3200, MSG_DONTWAIT, NULL, NULL) = -1 EAGAIN (Try again)
15544 1783885507.966639 recvfrom(73, 0x71e53d3420, 2272, MSG_DONTWAIT, NULL, NULL) = -1 EAGAIN (Try again)
15544 1783885507.966861 recvfrom(38, 0x7ff7a6e3c0, 3200, MSG_DONTWAIT, NULL, NULL) = -1 EAGAIN (Try again)
15544 1783885507.983031 recvfrom(38, "nysv\0\0\0\0\0\0\0\0\0\0\0\0n\342\354\374r\3\0\0~s\3\0\0\0\0\0", 3200, MSG_DONTWAIT, NULL, NULL) = 32
15544 1783885507.983065 recvfrom(38, 0x7ff7a6fc30, 3200, MSG_DONTWAIT, NULL, NULL) = -1 EAGAIN (Try again)
15544 1783885507.983089 recvfrom(73, 0x71e53d3420, 2272, MSG_DONTWAIT, NULL, NULL) = -1 EAGAIN (Try again)
15544 1783885507.983536 recvfrom(38, 0x7ff7a6e3c0, 3200, MSG_DONTWAIT, NULL, NULL) = -1 EAGAIN (Try again)
15544 1783885507.999791 recvfrom(38, "nysv\0\0\0\0\0\0\0\0\0\0\0\0\"u\353\375r\3\0\0\177s\3\0\0\0\0\0", 3200, MSG_DONTWAIT, NULL, NULL) = 32
15544 1783885507.999883 recvfrom(38, 0x7ff7a6fc30, 3200, MSG_DONTWAIT, NULL, NULL) = -1 EAGAIN (Try again)
15544 1783885507.999914 recvfrom(73, 0x71e53d3420, 2272, MSG_DONTWAIT, NULL, NULL) = -1 EAGAIN (Try again)
15544 1783885508.000080 recvfrom(38, 0x7ff7a6e3c0, 3200, MSG_DONTWAIT, NULL, NULL) = -1 EAGAIN (Try again)
15544 1783885508.017193 recvfrom(38, "nysv\0\0\0\0\0\0\0\0\0\0\0\0L\305\351\376r\3\0\0\200s\3\0\0\0\0\0", 3200, MSG_DONTWAIT, NULL, NULL) = 32
15544 1783885508.017219 recvfrom(38, 0x7ff7a6fc30, 3200, MSG_DONTWAIT, NULL, NULL) = -1 EAGAIN (Try again)
15544 1783885508.017241 recvfrom(73, 0x71e53d3420, 2272, MSG_DONTWAIT, NULL, NULL) = -1 EAGAIN (Try again)
15544 1783885508.017621 recvfrom(38, 0x7ff7a6e3c0, 3200, MSG_DONTWAIT, NULL, NULL) = -1 EAGAIN (Try again)
15544 1783885508.034009 recvfrom(38, "nysv\0\0\0\0\0\0\0\0\0\0\0\0v\25\350\377r\3\0\0\201s\3\0\0\0\0\0", 3200, MSG_DONTWAIT, NULL, NULL) = 32
15544 1783885508.034037 recvfrom(38, 0x7ff7a6fc30, 3200, MSG_DONTWAIT, NULL, NULL) = -1 EAGAIN (Try again)
15544 1783885508.034158 recvfrom(73, 0x71e53d3420, 2272, MSG_DONTWAIT, NULL, NULL) = -1 EAGAIN (Try again)
15544 1783885508.034687 recvfrom(38, 0x7ff7a6e3c0, 3200, MSG_DONTWAIT, NULL, NULL) = -1 EAGAIN (Try again)
15544 1783885508.050583 recvfrom(38, "nysv\0\0\0\0\0\0\0\0\0\0\0\0|z\346\0s\3\0\0\202s\3\0\0\0\0\0", 3200, MSG_DONTWAIT, NULL, NULL) = 32
15544 1783885508.050617 recvfrom(38, 0x7ff7a6fc30, 3200, MSG_DONTWAIT, NULL, NULL) = -1 EAGAIN (Try again)
15544 1783885508.050639 recvfrom(73, 0x71e53d3420, 2272, MSG_DONTWAIT, NULL, NULL) = -1 EAGAIN (Try again)
15544 1783885508.050816 recvfrom(38, 0x7ff7a6e3c0, 3200, MSG_DONTWAIT, NULL, NULL) = -1 EAGAIN (Try again)
15544 1783885508.066589 recvfrom(38, "nysv\0\0\0\0\0\0\0\0\0\0\0\0'-\345\1s\3\0\0\203s\3\0\0\0\0\0", 3200, MSG_DONTWAIT, NULL, NULL) = 32
15544 1783885508.066759 recvfrom(38, 0x7ff7a6fc30, 3200, MSG_DONTWAIT, NULL, NULL) = -1 EAGAIN (Try again)
15544 1783885508.066778 recvfrom(73, 0x71e53d3420, 2272, MSG_DONTWAIT, NULL, NULL) = -1 EAGAIN (Try again)
15544 1783885508.067231 recvfrom(38, 0x7ff7a6e3c0, 3200, MSG_DONTWAIT, NULL, NULL) = -1 EAGAIN (Try again)
15544 1783885508.083572 recvfrom(38, "nysv\0\0\0\0\0\0\0\0\0\0\0\0\344\244\343\2s\3\0\0\204s\3\0\0\0\0\0", 3200, MSG_DONTWAIT, NULL, NULL) = 32
15544 1783885508.083598 recvfrom(38, 0x7ff7a6fc30, 3200, MSG_DONTWAIT, NULL, NULL) = -1 EAGAIN (Try again)
15544 1783885508.083625 recvfrom(73, 0x71e53d3420, 2272, MSG_DONTWAIT, NULL, NULL) = -1 EAGAIN (Try again)
15544 1783885508.084223 recvfrom(38, 0x7ff7a6e3c0, 3200, MSG_DONTWAIT, NULL, NULL) = -1 EAGAIN (Try again)
15544 1783885508.100359 recvfrom(38, "nysv\0\0\0\0\0\0\0\0\0\0\0\0c\27\342\3s\3\0\0\205s\3\0\0\0\0\0", 3200, MSG_DONTWAIT, NULL, NULL) = 32
15544 1783885508.100433 recvfrom(38, 0x7ff7a6fc30, 3200, MSG_DONTWAIT, NULL, NULL) = -1 EAGAIN (Try again)
15544 1783885508.100458 recvfrom(73, 0x71e53d3420, 2272, MSG_DONTWAIT, NULL, NULL) = -1 EAGAIN (Try again)
15544 1783885508.100548 recvfrom(38, 0x7ff7a6e3c0, 3200, MSG_DONTWAIT, NULL, NULL) = -1 EAGAIN (Try again)
15544 1783885508.117409 recvfrom(38, "nysv\0\0\0\0\0\0\0\0\0\0\0\0\314\204\340\4s\3\0\0\206s\3\0\0\0\0\0", 3200, MSG_DONTWAIT, NULL, NULL) = 32
15544 1783885508.117435 recvfrom(38, 0x7ff7a6fc30, 3200, MSG_DONTWAIT, NULL, NULL) = -1 EAGAIN (Try again)
15544 1783885508.117460 recvfrom(73, 0x71e53d3420, 2272, MSG_DONTWAIT, NULL, NULL) = -1 EAGAIN (Try again)
15544 1783885508.117754 recvfrom(38, 0x7ff7a6e3c0, 3200, MSG_DONTWAIT, NULL, NULL) = -1 EAGAIN (Try again)
15544 1783885508.134064 recvfrom(38, "nysv\0\0\0\0\0\0\0\0\0\0\0\0,\342\336\5s\3\0\0\207s\3\0\0\0\0\0", 3200, MSG_DONTWAIT, NULL, NULL) = 32
15544 1783885508.134092 recvfrom(38, 0x7ff7a6fc30, 3200, MSG_DONTWAIT, NULL, NULL) = -1 EAGAIN (Try again)
15544 1783885508.134111 recvfrom(73, 0x71e53d3420, 2272, MSG_DONTWAIT, NULL, NULL) = -1 EAGAIN (Try again)
15544 1783885508.134417 recvfrom(38, 0x7ff7a6e3c0, 3200, MSG_DONTWAIT, NULL, NULL) = -1 EAGAIN (Try again)
15544 1783885508.150653 recvfrom(38, "nysv\0\0\0\0\0\0\0\0\0\0\0\0iD\335\6s\3\0\0\210s\3\0\0\0\0\0", 3200, MSG_DONTWAIT, NULL, NULL) = 32
15544 1783885508.150678 recvfrom(38, 0x7ff7a6fc30, 3200, MSG_DONTWAIT, NULL, NULL) = -1 EAGAIN (Try again)
15544 1783885508.150796 recvfrom(73, 0x71e53d3420, 2272, MSG_DONTWAIT, NULL, NULL) = -1 EAGAIN (Try again)
15544 1783885508.150971 recvfrom(38, 0x7ff7a6e3c0, 3200, MSG_DONTWAIT, NULL, NULL) = -1 EAGAIN (Try again)
15544 1783885508.167381 recvfrom(38, "nysv\0\0\0\0\0\0\0\0\0\0\0\0\220\241\333\7s\3\0\0\211s\3\0\0\0\0\0", 3200, MSG_DONTWAIT, NULL, NULL) = 32
15544 1783885508.167401 recvfrom(38, 0x7ff7a6fc30, 3200, MSG_DONTWAIT, NULL, NULL) = -1 EAGAIN (Try again)
15544 1783885508.167424 recvfrom(73, 0x71e53d3420, 2272, MSG_DONTWAIT, NULL, NULL) = -1 EAGAIN (Try again)
15544 1783885508.167641 recvfrom(38, 0x7ff7a6e3c0, 3200, MSG_DONTWAIT, NULL, NULL) = -1 EAGAIN (Try again)
15544 1783885508.183338 recvfrom(38, "nysv\0\0\0\0\0\0\0\0\0\0\0\0\302-\332\10s\3\0\0\212s\3\0\0\0\0\0", 3200, MSG_DONTWAIT, NULL, NULL) = 32
15544 1783885508.183463 recvfrom(38, 0x7ff7a6fc30, 3200, MSG_DONTWAIT, NULL, NULL) = -1 EAGAIN (Try again)
15544 1783885508.183483 recvfrom(73, 0x71e53d3420, 2272, MSG_DONTWAIT, NULL, NULL) = -1 EAGAIN (Try again)
15643 1783885509.440040 exit(0)         = ?
15643 1783885509.440409 +++ exited with 0 +++
15582 1783885509.489088 faccessat(AT_FDCWD, "/proc/self/task/15643", F_OK) = -1 ENOENT (No such file or directory)
15544 1783885526.728001 recvfrom(73, "\2\0\0\0\0\0\0\0q\21\0\0\0\0\0\0\0k\37Zw\3\0\0\1\0\0\0\2\20\0\0"..., 2272, MSG_DONTWAIT, NULL, NULL) = 232
15544 1783885526.728587 sendto(73, "\3\0\0\0\0\0\0\0q\21\0\0\1\0\0\0", 16, MSG_DONTWAIT|MSG_NOSIGNAL, NULL, 0) = 16
15544 1783885526.728812 recvfrom(73, 0x71e53d3420, 2272, MSG_DONTWAIT, NULL, NULL) = -1 EAGAIN (Try again)
15544 1783885526.729326 recvfrom(73, "\2\0\0\0\0\0\0\0s\21\0\0\0\0\0\0\0k\37Zw\3\0\0\1\0\0\0\2\20\0\0"..., 2272, MSG_DONTWAIT, NULL, NULL) = 232
15544 1783885526.729532 recvfrom(38, 0x7ff7a6cce0, 3200, MSG_DONTWAIT, NULL, NULL) = -1 EAGAIN (Try again)
15585 1783885526.734876 sendmsg(67, {msg_name=NULL, msg_namelen=0, msg_iov=[{iov_base="l\1\1\1\374\0\0\0V\0\0\0\235\0\0\0\1\1o\0;\0\0\0/re/frid"..., iov_len=428}], msg_iovlen=1, msg_controllen=0, msg_flags=0}, MSG_NOSIGNAL) = 428
15585 1783885526.742862 sendmsg(67, {msg_name=NULL, msg_namelen=0, msg_iov=[{iov_base="l\1\1\1\0\1\0\0W\0\0\0\235\0\0\0\1\1o\0;\0\0\0/re/frid"..., iov_len=432}], msg_iovlen=1, msg_controllen=0, msg_flags=0}, MSG_NOSIGNAL) = 432
15544 1783885526.744455 sendto(73, "\3\0\0\0\0\0\0\0s\21\0\0\1\0\0\0", 16, MSG_DONTWAIT|MSG_NOSIGNAL, NULL, 0) = 16
15544 1783885526.744773 recvfrom(73, 0x71e53d3420, 2272, MSG_DONTWAIT, NULL, NULL) = -1 EAGAIN (Try again)
15544 1783885526.745356 recvfrom(38, "nysv\0\0\0\0\0\0\0\0\0\0\0\0\330Q\200Zw\3\0\0\343w\3\0\0\0\0\0", 3200, MSG_DONTWAIT, NULL, NULL) = 32
15544 1783885526.745657 recvfrom(38, 0x7ff7a6fc30, 3200, MSG_DONTWAIT, NULL, NULL) = -1 EAGAIN (Try again)
15544 1783885526.746125 recvfrom(73, 0x71e53d3420, 2272, MSG_DONTWAIT, NULL, NULL) = -1 EAGAIN (Try again)
15544 1783885526.746348 recvfrom(38, 0x7ff7a6fb90, 3200, MSG_DONTWAIT, NULL, NULL) = -1 EAGAIN (Try again)
15585 1783885526.767715 sendmsg(67, {msg_name=NULL, msg_namelen=0, msg_iov=[{iov_base="l\1\1\1\24\1\0\0X\0\0\0\235\0\0\0\1\1o\0;\0\0\0/re/frid"..., iov_len=452}], msg_iovlen=1, msg_controllen=0, msg_flags=0}, MSG_NOSIGNAL) = 452
15565 1783885526.771137 recvfrom(42, 0x71ea67aeb0, 3200, MSG_DONTWAIT, NULL, NULL) = -1 EAGAIN (Try again)
15565 1783885526.783449 recvfrom(42,  <unfinished ...>
15544 1783885526.783475 recvfrom(38,  <unfinished ...>
15565 1783885526.783631 <... recvfrom resumed> "nysv\0\0\0\0\0\0\0\0\0\0\0\0\3413|]w\3\0\0\346w\3\0\0\0\0\0", 3200, MSG_DONTWAIT, NULL, NULL) = 32
15544 1783885526.783672 <... recvfrom resumed> "nysv\0\0\0\0\0\0\0\0\0\0\0\0`\363~[w\3\0\0\344w\3\0\0\0\0\0", 3200, MSG_DONTWAIT, NULL, NULL) = 32
15565 1783885526.783784 recvfrom(42,  <unfinished ...>
15544 1783885526.783808 recvfrom(38,  <unfinished ...>
15565 1783885526.784032 <... recvfrom resumed> 0x71ea67ac80, 3200, MSG_DONTWAIT, NULL, NULL) = -1 EAGAIN (Try again)
15544 1783885526.784100 <... recvfrom resumed> 0x7ff7a6fc30, 3200, MSG_DONTWAIT, NULL, NULL) = -1 EAGAIN (Try again)
15544 1783885526.789724 recvfrom(72, 0x71e546d820, 2272, MSG_DONTWAIT, NULL, NULL) = -1 EAGAIN (Try again)
15544 1783885526.790000 recvfrom(38, 0x7ff7a6f060, 3200, MSG_DONTWAIT, NULL, NULL) = -1 EAGAIN (Try again)
15565 1783885526.796198 recvfrom(42, 0x71ea67aeb0, 3200, MSG_DONTWAIT, NULL, NULL) = -1 EAGAIN (Try again)
15565 1783885526.796841 recvfrom(42, 0x71ea67aeb0, 3200, MSG_DONTWAIT, NULL, NULL) = -1 EAGAIN (Try again)
15565 1783885526.814113 recvfrom(42, "nysv\0\0\0\0\0\0\0\0\0\0\0\0\373\324z^w\3\0\0\347w\3\0\0\0\0\0", 3200, MSG_DONTWAIT, NULL, NULL) = 32
15565 1783885526.814298 recvfrom(42, 0x71ea67ac80, 3200, MSG_DONTWAIT, NULL, NULL) = -1 EAGAIN (Try again)
15565 1783885526.828283 recvfrom(42, "nysv\0\0\0\0\0\0\0\0\0\0\0\0Hty_w\3\0\0\350w\3\0\0\0\0\0", 3200, MSG_DONTWAIT, NULL, NULL) = 32
15565 1783885526.828459 recvfrom(42, 0x71ea67aeb0, 3200, MSG_DONTWAIT, NULL, NULL) = -1 EAGAIN (Try again)
15565 1783885526.861573 recvfrom(42, "nysv\0\0\0\0\0\0\0\0\0\0\0\0\265\23x`w\3\0\0\351w\3\0\0\0\0\0", 3200, MSG_DONTWAIT, NULL, NULL) = 32
15565 1783885526.861753 recvfrom(42, 0x71ea67aeb0, 3200, MSG_DONTWAIT, NULL, NULL) = -1 EAGAIN (Try again)
15565 1783885526.869560 recvfrom(42, "nysv\0\0\0\0\0\0\0\0\0\0\0\0\352Lubw\3\0\0\353w\3\0\0\0\0\0", 3200, MSG_DONTWAIT, NULL, NULL) = 32
15565 1783885526.869742 recvfrom(42, 0x71ea67aeb0, 3200, MSG_DONTWAIT, NULL, NULL) = -1 EAGAIN (Try again)
15544 1783885526.871600 recvfrom(38, "nysv\0\0\0\0\0\0\0\0\0\0\0\0\373\324z^w\3\0\0\347w\3\0\0\0\0\0", 3200, MSG_DONTWAIT, NULL, NULL) = 32
15544 1783885526.871784 recvfrom(38, 0x7ff7a6fc30, 3200, MSG_DONTWAIT, NULL, NULL) = -1 EAGAIN (Try again)
15565 1783885526.888828 recvfrom(42, "nysv\0\0\0\0\0\0\0\0\0\0\0\0\24\235scw\3\0\0\354w\3\0\0\0\0\0", 3200, MSG_DONTWAIT, NULL, NULL) = 32
15565 1783885526.889163 recvfrom(42, 0x71ea67aeb0, 3200, MSG_DONTWAIT, NULL, NULL) = -1 EAGAIN (Try again)
15544 1783885526.892198 recvfrom(73, 0x71e53d3420, 2272, MSG_DONTWAIT, NULL, NULL) = -1 EAGAIN (Try again)
15544 1783885526.892404 recvfrom(72, 0x71e546d820, 2272, MSG_DONTWAIT, NULL, NULL) = -1 EAGAIN (Try again)
15544 1783885526.892618 recvfrom(38, 0x7ff7a6efd0, 3200, MSG_DONTWAIT, NULL, NULL) = -1 EAGAIN (Try again)
15565 1783885526.902689 recvfrom(42, "nysv\0\0\0\0\0\0\0\0\0\0\0\0f.rdw\3\0\0\355w\3\0\0\0\0\0", 3200, MSG_DONTWAIT, NULL, NULL) = 32
15565 1783885526.902999 recvfrom(42, 0x71ea67aeb0, 3200, MSG_DONTWAIT, NULL, NULL) = -1 EAGAIN (Try again)
15565 1783885526.916626 recvfrom(42, "nysv\0\0\0\0\0\0\0\0\0\0\0\0\345\310pew\3\0\0\356w\3\0\0\0\0\0", 3200, MSG_DONTWAIT, NULL, NULL) = 32
15565 1783885526.917121 recvfrom(42, 0x71ea67aeb0, 3200, MSG_DONTWAIT, NULL, NULL) = -1 EAGAIN (Try again)
15544 1783885526.928903 recvfrom(38, "nysv\0\0\0\0\0\0\0\0\0\0\0\0f.rdw\3\0\0\355w\3\0\0\0\0\0", 3200, MSG_DONTWAIT, NULL, NULL) = 32
15544 1783885526.929124 recvfrom(38, 0x7ff7a6fc30, 3200, MSG_DONTWAIT, NULL, NULL) = -1 EAGAIN (Try again)
15585 1783885526.943058 sendmsg(67, {msg_name=NULL, msg_namelen=0, msg_iov=[{iov_base="l\1\1\1\374\0\0\0Y\0\0\0\235\0\0\0\1\1o\0;\0\0\0/re/frid"..., iov_len=428}], msg_iovlen=1, msg_controllen=0, msg_flags=0}, MSG_NOSIGNAL) = 428
15565 1783885526.944116 recvfrom(42, "nysv\0\0\0\0\0\0\0\0\0\0\0\0\16[ofw\3\0\0\357w\3\0\0\0\0\0", 3200, MSG_DONTWAIT, NULL, NULL) = 32
15565 1783885526.944355 recvfrom(42, 0x71ea67ac80, 3200, MSG_DONTWAIT, NULL, NULL) = -1 EAGAIN (Try again)
15565 1783885526.944579 recvfrom(42, 0x71ea67aeb0, 3200, MSG_DONTWAIT, NULL, NULL) = -1 EAGAIN (Try again)
15585 1783885526.948089 sendmsg(67, {msg_name=NULL, msg_namelen=0, msg_iov=[{iov_base="l\1\1\1\0\1\0\0Z\0\0\0\235\0\0\0\1\1o\0;\0\0\0/re/frid"..., iov_len=432}], msg_iovlen=1, msg_controllen=0, msg_flags=0}, MSG_NOSIGNAL) = 432
15565 1783885526.950233 recvfrom(42, "nysv\0\0\0\0\0\0\0\0\0\0\0\0~\343mgw\3\0\0\360w\3\0\0\0\0\0", 3200, MSG_DONTWAIT, NULL, NULL) = 32
15565 1783885526.950669 recvfrom(42, 0x71ea67ac80, 3200, MSG_DONTWAIT, NULL, NULL) = -1 EAGAIN (Try again)
15544 1783885526.959931 recvfrom(73, 0x71e53d3420, 2272, MSG_DONTWAIT, NULL, NULL) = -1 EAGAIN (Try again)
15544 1783885526.960157 recvfrom(72, 0x71e546d820, 2272, MSG_DONTWAIT, NULL, NULL) = -1 EAGAIN (Try again)
15544 1783885526.960442 recvfrom(38, 0x7ff7a6fb90, 3200, MSG_DONTWAIT, NULL, NULL) = -1 EAGAIN (Try again)
15565 1783885526.967869 recvfrom(42, "nysv\0\0\0\0\0\0\0\0\0\0\0\0\361wlhw\3\0\0\361w\3\0\0\0\0\0", 3200, MSG_DONTWAIT, NULL, NULL) = 32
15565 1783885526.968029 recvfrom(42, 0x71ea67aeb0, 3200, MSG_DONTWAIT, NULL, NULL) = -1 EAGAIN (Try again)
15544 1783885526.976377 recvfrom(38, "nysv\0\0\0\0\0\0\0\0\0\0\0\0\361wlhw\3\0\0\361w\3\0\0\0\0\0", 3200, MSG_DONTWAIT, NULL, NULL) = 32
15544 1783885526.976710 recvfrom(38, 0x7ff7a6fc30, 3200, MSG_DONTWAIT, NULL, NULL) = -1 EAGAIN (Try again)
15544 1783885526.978827 recvfrom(38, 0x7ff7a6f060, 3200, MSG_DONTWAIT, NULL, NULL) = -1 EAGAIN (Try again)
15565 1783885526.982884 recvfrom(42, 0x71ea67aeb0, 3200, MSG_DONTWAIT, NULL, NULL) = -1 EAGAIN (Try again)
15565 1783885526.984176 recvfrom(42, "nysv\0\0\0\0\0\0\0\0\0\0\0\0,\rkiw\3\0\0\362w\3\0\0\0\0\0", 3200, MSG_DONTWAIT, NULL, NULL) = 32
15565 1783885526.984340 recvfrom(42, 0x71ea67ac80, 3200, MSG_DONTWAIT, NULL, NULL) = -1 EAGAIN (Try again)
15544 1783885526.992253 recvfrom(38, "nysv\0\0\0\0\0\0\0\0\0\0\0\0,\rkiw\3\0\0\362w\3\0\0\0\0\0", 3200, MSG_DONTWAIT, NULL, NULL) = 32
15544 1783885526.992495 recvfrom(38, 0x7ff7a6fc30, 3200, MSG_DONTWAIT, NULL, NULL) = -1 EAGAIN (Try again)
15544 1783885526.995519 recvfrom(73, 0x71e53d3420, 2272, MSG_DONTWAIT, NULL, NULL) = -1 EAGAIN (Try again)
15544 1783885526.995946 recvfrom(38, 0x7ff7a6f060, 3200, MSG_DONTWAIT, NULL, NULL) = -1 EAGAIN (Try again)
15565 1783885526.999183 recvfrom(42, 0x71ea67aeb0, 3200, MSG_DONTWAIT, NULL, NULL) = -1 EAGAIN (Try again)
15565 1783885527.000418 recvfrom(42, "nysv\0\0\0\0\0\0\0\0\0\0\0\0\325\340ijw\3\0\0\363w\3\0\0\0\0\0", 3200, MSG_DONTWAIT, NULL, NULL) = 32
15565 1783885527.000679 recvfrom(42, 0x71ea67ac80, 3200, MSG_DONTWAIT, NULL, NULL) = -1 EAGAIN (Try again)
15544 1783885527.001257 recvfrom(38, "nysv\0\0\0\0\0\0\0\0\0\0\0\0\325\340ijw\3\0\0\363w\3\0\0\0\0\0", 3200, MSG_DONTWAIT, NULL, NULL) = 32
15544 1783885527.001572 recvfrom(38, 0x7ff7a6fc30, 3200, MSG_DONTWAIT, NULL, NULL) = -1 EAGAIN (Try again)
15544 1783885527.006959 recvfrom(73, 0x71e53d3420, 2272, MSG_DONTWAIT, NULL, NULL) = -1 EAGAIN (Try again)
15544 1783885527.007689 recvfrom(38, 0x7ff7a6f060, 3200, MSG_DONTWAIT, NULL, NULL) = -1 EAGAIN (Try again)
15565 1783885527.008746 recvfrom(42, 0x71ea67aeb0, 3200, MSG_DONTWAIT, NULL, NULL) = -1 EAGAIN (Try again)
15544 1783885527.017139 recvfrom(38, "nysv\0\0\0\0\0\0\0\0\0\0\0\0\371qhkw\3\0\0\364w\3\0\0\0\0\0", 3200, MSG_DONTWAIT, NULL, NULL) = 32
15544 1783885527.017498 recvfrom(38, 0x7ff7a6fc30, 3200, MSG_DONTWAIT, NULL, NULL) = -1 EAGAIN (Try again)
15544 1783885527.018080 recvfrom(73, 0x71e53d3420, 2272, MSG_DONTWAIT, NULL, NULL) = -1 EAGAIN (Try again)
15544 1783885527.018621 recvfrom(38, 0x7ff7a6f060, 3200, MSG_DONTWAIT, NULL, NULL) = -1 EAGAIN (Try again)
15565 1783885527.021256 recvfrom(42, "nysv\0\0\0\0\0\0\0\0\0\0\0\0\371qhkw\3\0\0\364w\3\0\0\0\0\0", 3200, MSG_DONTWAIT, NULL, NULL) = 32
15565 1783885527.021993 recvfrom(42, 0x71ea67aeb0, 3200, MSG_DONTWAIT, NULL, NULL) = -1 EAGAIN (Try again)
15565 1783885527.032476 recvfrom(42, 0x71ea67aeb0, 3200, MSG_DONTWAIT, NULL, NULL) = -1 EAGAIN (Try again)
15565 1783885527.033976 recvfrom(42,  <unfinished ...>
15544 1783885527.033997 recvfrom(38,  <unfinished ...>
15565 1783885527.034409 <... recvfrom resumed> "nysv\0\0\0\0\0\0\0\0\0\0\0\0\234\376flw\3\0\0\365w\3\0\0\0\0\0", 3200, MSG_DONTWAIT, NULL, NULL) = 32
15544 1783885527.034433 <... recvfrom resumed> "nysv\0\0\0\0\0\0\0\0\0\0\0\0\234\376flw\3\0\0\365w\3\0\0\0\0\0", 3200, MSG_DONTWAIT, NULL, NULL) = 32
15565 1783885527.034633 recvfrom(42,  <unfinished ...>
15544 1783885527.034648 recvfrom(38,  <unfinished ...>
15565 1783885527.036274 <... recvfrom resumed> 0x71ea67ac80, 3200, MSG_DONTWAIT, NULL, NULL) = -1 EAGAIN (Try again)
15544 1783885527.036288 <... recvfrom resumed> 0x7ff7a6fc30, 3200, MSG_DONTWAIT, NULL, NULL) = -1 EAGAIN (Try again)
15544 1783885527.038309 recvfrom(73, 0x71e53d3420, 2272, MSG_DONTWAIT, NULL, NULL) = -1 EAGAIN (Try again)
15544 1783885527.038886 recvfrom(38, 0x7ff7a6f060, 3200, MSG_DONTWAIT, NULL, NULL) = -1 EAGAIN (Try again)
15565 1783885527.048941 recvfrom(42, 0x71ea67aeb0, 3200, MSG_DONTWAIT, NULL, NULL) = -1 EAGAIN (Try again)
15565 1783885527.050273 recvfrom(42, "nysv\0\0\0\0\0\0\0\0\0\0\0\0\24\216emw\3\0\0\366w\3\0\0\0\0\0", 3200, MSG_DONTWAIT, NULL, NULL) = 32
15544 1783885527.050516 recvfrom(38,  <unfinished ...>
15565 1783885527.050942 recvfrom(42,  <unfinished ...>
15544 1783885527.050954 <... recvfrom resumed> "nysv\0\0\0\0\0\0\0\0\0\0\0\0\24\216emw\3\0\0\366w\3\0\0\0\0\0", 3200, MSG_DONTWAIT, NULL, NULL) = 32
15565 1783885527.051242 <... recvfrom resumed> 0x71ea67ac80, 3200, MSG_DONTWAIT, NULL, NULL) = -1 EAGAIN (Try again)
15544 1783885527.051256 recvfrom(38, 0x7ff7a6fc30, 3200, MSG_DONTWAIT, NULL, NULL) = -1 EAGAIN (Try again)
15544 1783885527.051843 recvfrom(73, 0x71e53d3420, 2272, MSG_DONTWAIT, NULL, NULL) = -1 EAGAIN (Try again)
15544 1783885527.052168 recvfrom(38, 0x7ff7a6efd0, 3200, MSG_DONTWAIT, NULL, NULL) = -1 EAGAIN (Try again)
15565 1783885527.066349 recvfrom(42, 0x71ea67aeb0, 3200, MSG_DONTWAIT, NULL, NULL) = -1 EAGAIN (Try again)
15544 1783885527.067342 recvfrom(38, "nysv\0\0\0\0\0\0\0\0\0\0\0\09\33dnw\3\0\0\367w\3\0\0\0\0\0", 3200, MSG_DONTWAIT, NULL, NULL) = 32
15544 1783885527.067690 recvfrom(38, 0x7ff7a6fc30, 3200, MSG_DONTWAIT, NULL, NULL) = -1 EAGAIN (Try again)
15544 1783885527.068148 recvfrom(73, 0x71e53d3420, 2272, MSG_DONTWAIT, NULL, NULL) = -1 EAGAIN (Try again)
15544 1783885527.068318 recvfrom(38, 0x7ff7a6fb90, 3200, MSG_DONTWAIT, NULL, NULL) = -1 EAGAIN (Try again)
15565 1783885527.083731 recvfrom(42,  <unfinished ...>
15544 1783885527.083737 recvfrom(38,  <unfinished ...>
15565 1783885527.083928 <... recvfrom resumed> "nysv\0\0\0\0\0\0\0\0\0\0\0\0.\241bow\3\0\0\370w\3\0\0\0\0\0", 3200, MSG_DONTWAIT, NULL, NULL) = 32
15565 1783885527.084163 recvfrom(42,  <unfinished ...>
15544 1783885527.084178 <... recvfrom resumed> "nysv\0\0\0\0\0\0\0\0\0\0\0\0.\241bow\3\0\0\370w\3\0\0\0\0\0", 3200, MSG_DONTWAIT, NULL, NULL) = 32
15565 1783885527.084351 <... recvfrom resumed> 0x71ea67ac80, 3200, MSG_DONTWAIT, NULL, NULL) = -1 EAGAIN (Try again)
15544 1783885527.084365 recvfrom(38, 0x7ff7a6fc30, 3200, MSG_DONTWAIT, NULL, NULL) = -1 EAGAIN (Try again)
15544 1783885527.084881 recvfrom(38, 0x7ff7a6fb90, 3200, MSG_DONTWAIT, NULL, NULL) = -1 EAGAIN (Try again)
15565 1783885527.098476 recvfrom(42, 0x71ea67aeb0, 3200, MSG_DONTWAIT, NULL, NULL) = -1 EAGAIN (Try again)
15565 1783885527.100472 recvfrom(42,  <unfinished ...>
15544 1783885527.100476 recvfrom(38,  <unfinished ...>
15565 1783885527.100640 <... recvfrom resumed> "nysv\0\0\0\0\0\0\0\0\0\0\0\0y\37apw\3\0\0\371w\3\0\0\0\0\0", 3200, MSG_DONTWAIT, NULL, NULL) = 32
15544 1783885527.100665 <... recvfrom resumed> "nysv\0\0\0\0\0\0\0\0\0\0\0\0y\37apw\3\0\0\371w\3\0\0\0\0\0", 3200, MSG_DONTWAIT, NULL, NULL) = 32
15565 1783885527.100937 recvfrom(42,  <unfinished ...>
15544 1783885527.100942 recvfrom(38,  <unfinished ...>
15565 1783885527.101048 <... recvfrom resumed> 0x71ea67ac80, 3200, MSG_DONTWAIT, NULL, NULL) = -1 EAGAIN (Try again)
15544 1783885527.101060 <... recvfrom resumed> 0x7ff7a6fc30, 3200, MSG_DONTWAIT, NULL, NULL) = -1 EAGAIN (Try again)
15544 1783885527.101469 recvfrom(38, 0x7ff7a6fb90, 3200, MSG_DONTWAIT, NULL, NULL) = -1 EAGAIN (Try again)
15565 1783885527.115162 recvfrom(42, 0x71ea67aeb0, 3200, MSG_DONTWAIT, NULL, NULL) = -1 EAGAIN (Try again)
15565 1783885527.117200 recvfrom(42,  <unfinished ...>
15544 1783885527.117205 recvfrom(38,  <unfinished ...>
15565 1783885527.117367 <... recvfrom resumed> "nysv\0\0\0\0\0\0\0\0\0\0\0\0\332\330_qw\3\0\0\372w\3\0\0\0\0\0", 3200, MSG_DONTWAIT, NULL, NULL) = 32
15544 1783885527.117398 <... recvfrom resumed> "nysv\0\0\0\0\0\0\0\0\0\0\0\0\332\330_qw\3\0\0\372w\3\0\0\0\0\0", 3200, MSG_DONTWAIT, NULL, NULL) = 32
15565 1783885527.117526 recvfrom(42,  <unfinished ...>
15544 1783885527.117576 recvfrom(38, 0x7ff7a6fc30, 3200, MSG_DONTWAIT, NULL, NULL) = -1 EAGAIN (Try again)
15565 1783885527.117941 <... recvfrom resumed> 0x71ea67ac80, 3200, MSG_DONTWAIT, NULL, NULL) = -1 EAGAIN (Try again)
15544 1783885527.119933 recvfrom(38, 0x7ff7a6fb90, 3200, MSG_DONTWAIT, NULL, NULL) = -1 EAGAIN (Try again)
15544 1783885527.133825 recvfrom(38, "nysv\0\0\0\0\0\0\0\0\0\0\0\0\360b^rw\3\0\0\373w\3\0\0\0\0\0", 3200, MSG_DONTWAIT, NULL, NULL) = 32
15544 1783885527.134308 recvfrom(38, 0x7ff7a6fc30, 3200, MSG_DONTWAIT, NULL, NULL) = -1 EAGAIN (Try again)
15565 1783885527.134966 recvfrom(42, "nysv\0\0\0\0\0\0\0\0\0\0\0\0\360b^rw\3\0\0\373w\3\0\0\0\0\0", 3200, MSG_DONTWAIT, NULL, NULL) = 32
15565 1783885527.135252 recvfrom(42, 0x71ea67aeb0, 3200, MSG_DONTWAIT, NULL, NULL) = -1 EAGAIN (Try again)
15565 1783885527.149146 recvfrom(42, 0x71ea67aeb0, 3200, MSG_DONTWAIT, NULL, NULL) = -1 EAGAIN (Try again)
15565 1783885527.150452 recvfrom(42, "nysv\0\0\0\0\0\0\0\0\0\0\0\0\255\344\\sw\3\0\0\374w\3\0\0\0\0\0", 3200, MSG_DONTWAIT, NULL, NULL) = 32
15565 1783885527.150818 recvfrom(42, 0x71ea67ac80, 3200, MSG_DONTWAIT, NULL, NULL) = -1 EAGAIN (Try again)
15565 1783885527.167152 recvfrom(42, "nysv\0\0\0\0\0\0\0\0\0\0\0\0\231b[tw\3\0\0\375w\3\0\0\0\0\0", 3200, MSG_DONTWAIT, NULL, NULL) = 32
15565 1783885527.167555 recvfrom(42, 0x71ea67ac80, 3200, MSG_DONTWAIT, NULL, NULL) = -1 EAGAIN (Try again)
15564 1783885527.247723 openat(AT_FDCWD, "/data/misc/profiles/cur/0/ademar.bitac/primary.prof", O_RDWR|O_NOFOLLOW|O_CLOEXEC) = 50
15564 1783885527.247803 newfstatat(AT_FDCWD, "/data/misc/profiles/cur/0/ademar.bitac/primary.prof", {st_mode=S_IFREG|0600, st_size=9136, ...}, 0) = 0
15544 1783885528.387875 recvfrom(38, 0x7ff7a6fa00, 3200, MSG_DONTWAIT, NULL, NULL) = -1 EAGAIN (Try again)
15544 1783885528.402220 recvfrom(38, "nysv\0\0\0\0\0\0\0\0\0\0\0\0,6\327\275w\3\0\0Gx\3\0\0\0\0\0", 3200, MSG_DONTWAIT, NULL, NULL) = 32
15544 1783885528.402817 recvfrom(38, 0x7ff7a6fc30, 3200, MSG_DONTWAIT, NULL, NULL) = -1 EAGAIN (Try again)
15544 1783885528.403873 recvfrom(72, 0x71e546d820, 2272, MSG_DONTWAIT, NULL, NULL) = -1 EAGAIN (Try again)
15544 1783885528.404743 recvfrom(38, 0x7ff7a6ec30, 3200, MSG_DONTWAIT, NULL, NULL) = -1 EAGAIN (Try again)
15544 1783885528.417144 recvfrom(38, "nysv\0\0\0\0\0\0\0\0\0\0\0\0\274\320\325\276w\3\0\0Hx\3\0\0\0\0\0", 3200, MSG_DONTWAIT, NULL, NULL) = 32
15544 1783885528.417688 recvfrom(38, 0x7ff7a6fc30, 3200, MSG_DONTWAIT, NULL, NULL) = -1 EAGAIN (Try again)
15544 1783885528.418589 recvfrom(72, 0x71e546d820, 2272, MSG_DONTWAIT, NULL, NULL) = -1 EAGAIN (Try again)
15544 1783885528.419618 recvfrom(38, 0x7ff7a6ec30, 3200, MSG_DONTWAIT, NULL, NULL) = -1 EAGAIN (Try again)
15544 1783885528.433383 recvfrom(38, "nysv\0\0\0\0\0\0\0\0\0\0\0\0\203u\324\277w\3\0\0Ix\3\0\0\0\0\0", 3200, MSG_DONTWAIT, NULL, NULL) = 32
15544 1783885528.433916 recvfrom(38, 0x7ff7a6fc30, 3200, MSG_DONTWAIT, NULL, NULL) = -1 EAGAIN (Try again)
15544 1783885528.434981 recvfrom(72, 0x71e546d820, 2272, MSG_DONTWAIT, NULL, NULL) = -1 EAGAIN (Try again)
15544 1783885528.440175 recvfrom(38, 0x7ff7a6ec30, 3200, MSG_DONTWAIT, NULL, NULL) = -1 EAGAIN (Try again)
15544 1783885528.450619 recvfrom(38, "nysv\0\0\0\0\0\0\0\0\0\0\0\0\335\30\323\300w\3\0\0Jx\3\0\0\0\0\0", 3200, MSG_DONTWAIT, NULL, NULL) = 32
15544 1783885528.450986 recvfrom(38, 0x7ff7a6fc30, 3200, MSG_DONTWAIT, NULL, NULL) = -1 EAGAIN (Try again)
15544 1783885528.457074 recvfrom(72, 0x71e546d820, 2272, MSG_DONTWAIT, NULL, NULL) = -1 EAGAIN (Try again)
15544 1783885528.458164 recvfrom(38, 0x7ff7a6ec30, 3200, MSG_DONTWAIT, NULL, NULL) = -1 EAGAIN (Try again)
15544 1783885528.467021 recvfrom(38, "nysv\0\0\0\0\0\0\0\0\0\0\0\0x\262\321\301w\3\0\0Kx\3\0\0\0\0\0", 3200, MSG_DONTWAIT, NULL, NULL) = 32
15544 1783885528.467507 recvfrom(38, 0x7ff7a6fc30, 3200, MSG_DONTWAIT, NULL, NULL) = -1 EAGAIN (Try again)
15544 1783885528.468100 recvfrom(72, 0x71e546d820, 2272, MSG_DONTWAIT, NULL, NULL) = -1 EAGAIN (Try again)
15544 1783885528.473081 recvfrom(38, 0x7ff7a6ec30, 3200, MSG_DONTWAIT, NULL, NULL) = -1 EAGAIN (Try again)
15544 1783885528.483655 recvfrom(38, "nysv\0\0\0\0\0\0\0\0\0\0\0\0\305P\320\302w\3\0\0Lx\3\0\0\0\0\0", 3200, MSG_DONTWAIT, NULL, NULL) = 32
15544 1783885528.484054 recvfrom(38, 0x7ff7a6fc30, 3200, MSG_DONTWAIT, NULL, NULL) = -1 EAGAIN (Try again)
15544 1783885528.484622 recvfrom(72, 0x71e546d820, 2272, MSG_DONTWAIT, NULL, NULL) = -1 EAGAIN (Try again)
15544 1783885528.485169 recvfrom(38, 0x7ff7a6ec30, 3200, MSG_DONTWAIT, NULL, NULL) = -1 EAGAIN (Try again)
15544 1783885528.501152 recvfrom(38, "nysv\0\0\0\0\0\0\0\0\0\0\0\0\357\240\316\303w\3\0\0Mx\3\0\0\0\0\0", 3200, MSG_DONTWAIT, NULL, NULL) = 32
15544 1783885528.501557 recvfrom(38, 0x7ff7a6fc30, 3200, MSG_DONTWAIT, NULL, NULL) = -1 EAGAIN (Try again)
15544 1783885528.502119 recvfrom(72, 0x71e546d820, 2272, MSG_DONTWAIT, NULL, NULL) = -1 EAGAIN (Try again)
15544 1783885528.505183 recvfrom(38, 0x7ff7a6ec30, 3200, MSG_DONTWAIT, NULL, NULL) = -1 EAGAIN (Try again)
15544 1783885528.517649 recvfrom(38, "nysv\0\0\0\0\0\0\0\0\0\0\0\0\31\361\314\304w\3\0\0Nx\3\0\0\0\0\0", 3200, MSG_DONTWAIT, NULL, NULL) = 32
15544 1783885528.518070 recvfrom(38, 0x7ff7a6fc30, 3200, MSG_DONTWAIT, NULL, NULL) = -1 EAGAIN (Try again)
15544 1783885528.518733 recvfrom(72, 0x71e546d820, 2272, MSG_DONTWAIT, NULL, NULL) = -1 EAGAIN (Try again)
15544 1783885528.519534 recvfrom(38, 0x7ff7a6ec30, 3200, MSG_DONTWAIT, NULL, NULL) = -1 EAGAIN (Try again)
15544 1783885528.534091 recvfrom(38, "nysv\0\0\0\0\0\0\0\0\0\0\0\0Pp\313\305w\3\0\0Ox\3\0\0\0\0\0", 3200, MSG_DONTWAIT, NULL, NULL) = 32
15544 1783885528.534660 recvfrom(38, 0x7ff7a6fc30, 3200, MSG_DONTWAIT, NULL, NULL) = -1 EAGAIN (Try again)
15544 1783885528.537623 recvfrom(72, 0x71e546d820, 2272, MSG_DONTWAIT, NULL, NULL) = -1 EAGAIN (Try again)
15544 1783885528.538087 recvfrom(38, 0x7ff7a6ec30, 3200, MSG_DONTWAIT, NULL, NULL) = -1 EAGAIN (Try again)
15544 1783885528.550425 recvfrom(38, "nysv\0\0\0\0\0\0\0\0\0\0\0\0h\325\311\306w\3\0\0Px\3\0\0\0\0\0", 3200, MSG_DONTWAIT, NULL, NULL) = 32
15544 1783885528.551031 recvfrom(38, 0x7ff7a6fc30, 3200, MSG_DONTWAIT, NULL, NULL) = -1 EAGAIN (Try again)
15544 1783885528.555016 recvfrom(72, 0x71e546d820, 2272, MSG_DONTWAIT, NULL, NULL) = -1 EAGAIN (Try again)
15544 1783885528.555423 recvfrom(38, 0x7ff7a6ec30, 3200, MSG_DONTWAIT, NULL, NULL) = -1 EAGAIN (Try again)
15544 1783885528.567687 recvfrom(38, "nysv\0\0\0\0\0\0\0\0\0\0\0\0\222%\310\307w\3\0\0Qx\3\0\0\0\0\0", 3200, MSG_DONTWAIT, NULL, NULL) = 32
15544 1783885528.568040 recvfrom(38, 0x7ff7a6fc30, 3200, MSG_DONTWAIT, NULL, NULL) = -1 EAGAIN (Try again)
15544 1783885528.568550 recvfrom(72, 0x71e546d820, 2272, MSG_DONTWAIT, NULL, NULL) = -1 EAGAIN (Try again)
15544 1783885528.570731 recvfrom(38, 0x7ff7a6ec30, 3200, MSG_DONTWAIT, NULL, NULL) = -1 EAGAIN (Try again)
15544 1783885528.583859 recvfrom(38, "nysv\0\0\0\0\0\0\0\0\0\0\0\0E\246\306\310w\3\0\0Rx\3\0\0\0\0\0", 3200, MSG_DONTWAIT, NULL, NULL) = 32
15544 1783885528.584141 recvfrom(38, 0x7ff7a6fc30, 3200, MSG_DONTWAIT, NULL, NULL) = -1 EAGAIN (Try again)
15544 1783885528.584683 recvfrom(72, 0x71e546d820, 2272, MSG_DONTWAIT, NULL, NULL) = -1 EAGAIN (Try again)
15544 1783885528.588456 recvfrom(38, 0x7ff7a6ec30, 3200, MSG_DONTWAIT, NULL, NULL) = -1 EAGAIN (Try again)
15544 1783885528.601035 recvfrom(38, "nysv\0\0\0\0\0\0\0\0\0\0\0\0o\366\304\311w\3\0\0Sx\3\0\0\0\0\0", 3200, MSG_DONTWAIT, NULL, NULL) = 32
15544 1783885528.601375 recvfrom(38, 0x7ff7a6fc30, 3200, MSG_DONTWAIT, NULL, NULL) = -1 EAGAIN (Try again)
15544 1783885528.601926 recvfrom(72, 0x71e546d820, 2272, MSG_DONTWAIT, NULL, NULL) = -1 EAGAIN (Try again)
15544 1783885528.606154 recvfrom(38, 0x7ff7a6ec30, 3200, MSG_DONTWAIT, NULL, NULL) = -1 EAGAIN (Try again)
15544 1783885528.617488 recvfrom(38, "nysv\0\0\0\0\0\0\0\0\0\0\0\0\305r\303\312w\3\0\0Tx\3\0\0\0\0\0", 3200, MSG_DONTWAIT, NULL, NULL) = 32
15544 1783885528.617766 recvfrom(38, 0x7ff7a6fc30, 3200, MSG_DONTWAIT, NULL, NULL) = -1 EAGAIN (Try again)
15544 1783885528.618499 recvfrom(72, 0x71e546d820, 2272, MSG_DONTWAIT, NULL, NULL) = -1 EAGAIN (Try again)
15544 1783885528.619284 recvfrom(38, 0x7ff7a6ec30, 3200, MSG_DONTWAIT, NULL, NULL) = -1 EAGAIN (Try again)
15544 1783885528.634675 recvfrom(38, "nysv\0\0\0\0\0\0\0\0\0\0\0\0\357\302\301\313w\3\0\0Ux\3\0\0\0\0\0", 3200, MSG_DONTWAIT, NULL, NULL) = 32
15544 1783885528.635070 recvfrom(38, 0x7ff7a6fc30, 3200, MSG_DONTWAIT, NULL, NULL) = -1 EAGAIN (Try again)
15544 1783885528.635568 recvfrom(72, 0x71e546d820, 2272, MSG_DONTWAIT, NULL, NULL) = -1 EAGAIN (Try again)
15544 1783885528.639937 recvfrom(38, 0x7ff7a6ec30, 3200, MSG_DONTWAIT, NULL, NULL) = -1 EAGAIN (Try again)
15544 1783885528.650909 recvfrom(38, "nysv\0\0\0\0\0\0\0\0\0\0\0\0\3513\300\314w\3\0\0Vx\3\0\0\0\0\0", 3200, MSG_DONTWAIT, NULL, NULL) = 32
15544 1783885528.651256 recvfrom(38, 0x7ff7a6fc30, 3200, MSG_DONTWAIT, NULL, NULL) = -1 EAGAIN (Try again)
15544 1783885528.651933 recvfrom(72, 0x71e546d820, 2272, MSG_DONTWAIT, NULL, NULL) = -1 EAGAIN (Try again)
15574 1783885542.284691 exit(0 <unfinished ...>
15572 1783885542.284761 exit(0 <unfinished ...>
15574 1783885542.284921 <... exit resumed>) = ?
15572 1783885542.284948 <... exit resumed>) = ?
15574 1783885542.285063 +++ exited with 0 +++
15572 1783885542.285071 +++ exited with 0 +++
15582 1783885542.337889 faccessat(AT_FDCWD, "/proc/self/task/15574", F_OK) = -1 ENOENT (No such file or directory)
15582 1783885542.338968 faccessat(AT_FDCWD, "/proc/self/task/15572", F_OK) = -1 ENOENT (No such file or directory)
