10460 1783885034.610525 exit(0)         = ?
10460 1783885034.611108 +++ exited with 0 +++
10462 1783885034.611203 exit(0)         = ?
10461 1783885034.611457 exit(0)         = ?
10462 1783885034.611658 +++ exited with 0 +++
10461 1783885034.611719 +++ exited with 0 +++
10459 1783885034.611818 exit(0)         = ?
10459 1783885034.612229 +++ exited with 0 +++
10471 1783885034.615508 newfstatat(AT_FDCWD, "/data", {st_mode=S_IFDIR|0771, st_size=4096, ...}, AT_SYMLINK_NOFOLLOW) = 0
10471 1783885034.615914 newfstatat(AT_FDCWD, "/data/app", {st_mode=S_IFDIR|0771, st_size=4096, ...}, AT_SYMLINK_NOFOLLOW) = 0
10471 1783885034.616230 newfstatat(AT_FDCWD, "/data/app/ademar.bitac-CrK4oS_a19T3pQMSlTZw9w==", {st_mode=S_IFDIR|0775, st_size=4096, ...}, AT_SYMLINK_NOFOLLOW) = 0
10471 1783885034.616688 newfstatat(AT_FDCWD, "/data/app/ademar.bitac-CrK4oS_a19T3pQMSlTZw9w==/base.apk", {st_mode=S_IFREG|0644, st_size=3047286, ...}, AT_SYMLINK_NOFOLLOW) = 0
10471 1783885034.617227 getcwd("/", 4096) = 2
10471 1783885034.617540 newfstatat(AT_FDCWD, "/base.apk", 0x71e59f8690, AT_SYMLINK_NOFOLLOW) = -1 ENOENT (No such file or directory)
10452 1783885034.832587 clone(child_stack=0x71e69bbd40, flags=CLONE_VM|CLONE_FS|CLONE_FILES|CLONE_SIGHAND|CLONE_THREAD|CLONE_SYSVSEM|CLONE_SETTLS|CLONE_PARENT_SETTID|CLONE_CHILD_CLEARTID, parent_tidptr=0x71e69bbd60, tls=0x71e69bc020, child_tidptr=0x71e69bbd60) = 10530
10530 1783885034.835263 faccessat(AT_FDCWD, "/data/user/0/ademar.bitac", F_OK) = 0
10530 1783885034.835321 faccessat(AT_FDCWD, "/data/user/0/ademar.bitac/files", F_OK) = 0
10530 1783885034.835364 faccessat(AT_FDCWD, "/data/user/0/ademar.bitac/files/profileinstaller_profileWrittenFor_lastUpdateTime.dat", F_OK) = 0
10530 1783885034.835399 openat(AT_FDCWD, "/data/user/0/ademar.bitac/files/profileinstaller_profileWrittenFor_lastUpdateTime.dat", O_RDONLY) = 66
10530 1783885034.835516 getsockopt(66, SOL_SOCKET, SO_ERROR, 0x71e69ba0e4, [4]) = -1 ENOTSOCK (Socket operation on non-socket)
10530 1783885034.835944 newfstatat(AT_FDCWD, "/data/misc/profiles/ref/ademar.bitac/primary.prof", 0x71e69b9ab8, 0) = -1 ENOENT (No such file or directory)
10530 1783885034.836043 faccessat(AT_FDCWD, "/data/misc/profiles/ref/ademar.bitac/primary.prof", F_OK) = -1 ENOENT (No such file or directory)
10530 1783885034.836098 newfstatat(AT_FDCWD, "/data/misc/profiles/cur/0/ademar.bitac/primary.prof", {st_mode=S_IFREG|0600, st_size=9354, ...}, 0) = 0
10530 1783885034.836135 faccessat(AT_FDCWD, "/data/misc/profiles/cur/0/ademar.bitac/primary.prof", F_OK) = 0
10530 1783885034.836396 faccessat(AT_FDCWD, "/data/user/0/ademar.bitac/files", F_OK) = 0
10530 1783885034.836425 faccessat(AT_FDCWD, "/data/user/0/ademar.bitac/files/profileInstalled", F_OK) = 0
10530 1783885034.836467 openat(AT_FDCWD, "/data/user/0/ademar.bitac/files/profileInstalled", O_RDONLY) = 66
10530 1783885034.836543 getsockopt(66, SOL_SOCKET, SO_ERROR, 0x71e69b9434, [4]) = -1 ENOTSOCK (Socket operation on non-socket)
10530 1783885034.836810 exit(0)         = ?
10530 1783885034.836872 +++ exited with 0 +++
10491 1783885034.887979 faccessat(AT_FDCWD, "/proc/self/task/10530", F_OK) = -1 ENOENT (No such file or directory)
10493 1783885047.430888 exit(0)         = ?
10493 1783885047.431296 +++ exited with 0 +++
10491 1783885047.480590 faccessat(AT_FDCWD, "/proc/self/task/10493", F_OK) = -1 ENOENT (No such file or directory)
10452 1783885054.445675 recvfrom(44, "\2\0\0\0\0\0\0\0[\r\0\0\0\0\0\0@\276\334c\t\3\0\0\1\0\0\0\2\20\0\0"..., 2272, MSG_DONTWAIT, NULL, NULL) = 232
10452 1783885054.447471 sendto(44, "\3\0\0\0\0\0\0\0[\r\0\0\1\0\0\0", 16, MSG_DONTWAIT|MSG_NOSIGNAL, NULL, 0) = 16
10452 1783885054.447715 recvfrom(44, 0x727ac2f420, 2272, MSG_DONTWAIT, NULL, NULL) = -1 EAGAIN (Try again)
10452 1783885054.448432 recvfrom(44, "\2\0\0\0\0\0\0\0]\r\0\0\0\0\0\0@\276\334c\t\3\0\0\1\0\0\0\2\20\0\0"..., 2272, MSG_DONTWAIT, NULL, NULL) = 232
10452 1783885054.448674 recvfrom(38, 0x7ff7a6d280, 3200, MSG_DONTWAIT, NULL, NULL) = -1 EAGAIN (Try again)
10494 1783885054.465953 sendmsg(67, {msg_name=NULL, msg_namelen=0, msg_iov=[{iov_base="l\1\1\1\374\0\0\0L\0\0\0\235\0\0\0\1\1o\0;\0\0\0/re/frid"..., iov_len=428}], msg_iovlen=1, msg_controllen=0, msg_flags=0}, MSG_NOSIGNAL) = 428
10494 1783885054.473674 sendmsg(67, {msg_name=NULL, msg_namelen=0, msg_iov=[{iov_base="l\1\1\1\0\1\0\0M\0\0\0\235\0\0\0\1\1o\0;\0\0\0/re/frid"..., iov_len=432}], msg_iovlen=1, msg_controllen=0, msg_flags=0}, MSG_NOSIGNAL) = 432
10452 1783885054.476759 sendto(44, "\3\0\0\0\0\0\0\0]\r\0\0\1\0\0\0", 16, MSG_DONTWAIT|MSG_NOSIGNAL, NULL, 0) = 16
10452 1783885054.477296 recvfrom(44, 0x727ac2f420, 2272, MSG_DONTWAIT, NULL, NULL) = -1 EAGAIN (Try again)
10452 1783885054.478040 recvfrom(38, "nysv\0\0\0\0\0\0\0\0\0\0\0\0\243;:d\t\3\0\0p\t\3\0\0\0\0\0", 3200, MSG_DONTWAIT, NULL, NULL) = 32
10452 1783885054.478310 recvfrom(38, 0x7ff7a6fc30, 3200, MSG_DONTWAIT, NULL, NULL) = -1 EAGAIN (Try again)
10452 1783885054.478648 recvfrom(44, 0x727ac2f420, 2272, MSG_DONTWAIT, NULL, NULL) = -1 EAGAIN (Try again)
10452 1783885054.478815 recvfrom(38, 0x7ff7a6fb90, 3200, MSG_DONTWAIT, NULL, NULL) = -1 EAGAIN (Try again)
10474 1783885054.487262 recvfrom(42, 0x718f81ceb0, 3200, MSG_DONTWAIT, NULL, NULL) = -1 EAGAIN (Try again)
10452 1783885054.487676 recvfrom(38, "nysv\0\0\0\0\0\0\0\0\0\0\0\0\23c7f\t\3\0\0r\t\3\0\0\0\0\0", 3200, MSG_DONTWAIT, NULL, NULL) = 32
10452 1783885054.487823 recvfrom(38, 0x7ff7a6fc30, 3200, MSG_DONTWAIT, NULL, NULL) = -1 EAGAIN (Try again)
10452 1783885054.488114 socket(AF_UNIX, SOCK_DGRAM|SOCK_CLOEXEC|SOCK_NONBLOCK, 0) = 66
10452 1783885054.488264 setsockopt(66, SOL_SOCKET, SO_SNDBUF, [1048576], 4) = 0
10452 1783885054.488402 connect(66, {sa_family=AF_UNIX, sun_path="/dev/socket/statsdw"}, 110) = 0
10494 1783885054.495230 sendmsg(67, {msg_name=NULL, msg_namelen=0, msg_iov=[{iov_base="l\1\1\1\340\0\0\0N\0\0\0\235\0\0\0\1\1o\0;\0\0\0/re/frid"..., iov_len=400}], msg_iovlen=1, msg_controllen=0, msg_flags=0}, MSG_NOSIGNAL) = 400
10452 1783885054.499558 recvfrom(38, 0x7ff7a6f120, 3200, MSG_DONTWAIT, NULL, NULL) = -1 EAGAIN (Try again)
10474 1783885054.500058 recvfrom(42, "nysv\0\0\0\0\0\0\0\0\0\0\0\0\262\3565g\t\3\0\0s\t\3\0\0\0\0\0", 3200, MSG_DONTWAIT, NULL, NULL) = 32
10474 1783885054.500089 recvfrom(42, 0x718f81cc80, 3200, MSG_DONTWAIT, NULL, NULL) = -1 EAGAIN (Try again)
10474 1783885054.511322 recvfrom(42, 0x718f81ceb0, 3200, MSG_DONTWAIT, NULL, NULL) = -1 EAGAIN (Try again)
10474 1783885054.516919 recvfrom(42, "nysv\0\0\0\0\0\0\0\0\0\0\0\0\261h4h\t\3\0\0t\t\3\0\0\0\0\0", 3200, MSG_DONTWAIT, NULL, NULL) = 32
10474 1783885054.516941 recvfrom(42, 0x718f81cc80, 3200, MSG_DONTWAIT, NULL, NULL) = -1 EAGAIN (Try again)
10452 1783885054.517353 recvfrom(38, "nysv\0\0\0\0\0\0\0\0\0\0\0\0\261h4h\t\3\0\0t\t\3\0\0\0\0\0", 3200, MSG_DONTWAIT, NULL, NULL) = 32
10452 1783885054.517607 recvfrom(38, 0x7ff7a6fc30, 3200, MSG_DONTWAIT, NULL, NULL) = -1 EAGAIN (Try again)
10452 1783885054.518093 recvfrom(44, 0x727ac2f420, 2272, MSG_DONTWAIT, NULL, NULL) = -1 EAGAIN (Try again)
10452 1783885054.518423 recvfrom(38, 0x7ff7a6f120, 3200, MSG_DONTWAIT, NULL, NULL) = -1 EAGAIN (Try again)
10474 1783885054.528062 recvfrom(42, 0x718f81ceb0, 3200, MSG_DONTWAIT, NULL, NULL) = -1 EAGAIN (Try again)
10474 1783885054.528347 recvfrom(42, 0x718f81ceb0, 3200, MSG_DONTWAIT, NULL, NULL) = -1 EAGAIN (Try again)
10474 1783885054.529264 recvfrom(42, 0x718f81ceb0, 3200, MSG_DONTWAIT, NULL, NULL) = -1 EAGAIN (Try again)
10474 1783885054.534116 recvfrom(42, "nysv\0\0\0\0\0\0\0\0\0\0\0\0(\3032i\t\3\0\0u\t\3\0\0\0\0\0", 3200, MSG_DONTWAIT, NULL, NULL) = 32
10474 1783885054.534141 recvfrom(42, 0x718f81cc80, 3200, MSG_DONTWAIT, NULL, NULL) = -1 EAGAIN (Try again)
10494 1783885054.534700 sendmsg(67, {msg_name=NULL, msg_namelen=0, msg_iov=[{iov_base="l\1\1\1\374\0\0\0O\0\0\0\235\0\0\0\1\1o\0;\0\0\0/re/frid"..., iov_len=428}], msg_iovlen=1, msg_controllen=0, msg_flags=0}, MSG_NOSIGNAL) = 428
10474 1783885054.544795 recvfrom(42, 0x718f81ceb0, 3200, MSG_DONTWAIT, NULL, NULL) = -1 EAGAIN (Try again)
10494 1783885054.549805 sendmsg(67, {msg_name=NULL, msg_namelen=0, msg_iov=[{iov_base="l\1\1\1\0\1\0\0P\0\0\0\235\0\0\0\1\1o\0;\0\0\0/re/frid"..., iov_len=432}], msg_iovlen=1, msg_controllen=0, msg_flags=0}, MSG_NOSIGNAL <unfinished ...>
10474 1783885054.549836 recvfrom(42, "nysv\0\0\0\0\0\0\0\0\0\0\0\0\355X1j\t\3\0\0v\t\3\0\0\0\0\0", 3200, MSG_DONTWAIT, NULL, NULL) = 32
10474 1783885054.549854 recvfrom(42, 0x718f81cc80, 3200, MSG_DONTWAIT, NULL, NULL) = -1 EAGAIN (Try again)
10494 1783885054.550021 <... sendmsg resumed> ) = 432
10474 1783885054.561279 recvfrom(42, 0x718f81ceb0, 3200, MSG_DONTWAIT, NULL, NULL) = -1 EAGAIN (Try again)
10452 1783885054.561997 recvfrom(38, "nysv\0\0\0\0\0\0\0\0\0\0\0\0(\3032i\t\3\0\0u\t\3\0\0\0\0\0", 3200, MSG_DONTWAIT, NULL, NULL) = 32
10452 1783885054.562251 recvfrom(38, 0x7ff7a6fc30, 3200, MSG_DONTWAIT, NULL, NULL) = -1 EAGAIN (Try again)
10452 1783885054.562628 newfstatat(AT_FDCWD, "/system/framework/framework-res.apk", {st_mode=S_IFREG|0644, st_size=45992421, ...}, 0) = 0
10452 1783885054.562813 newfstatat(AT_FDCWD, "/product/overlay/GoogleConfigOverlay.apk", {st_mode=S_IFREG|0644, st_size=25070, ...}, 0) = 0
10452 1783885054.562993 newfstatat(AT_FDCWD, "/product/overlay/GoogleWebViewOverlay.apk", {st_mode=S_IFREG|0644, st_size=16815, ...}, 0) = 0
10452 1783885054.563141 newfstatat(AT_FDCWD, "/product/overlay/PixelConfigOverlayCommon.apk", {st_mode=S_IFREG|0644, st_size=52833, ...}, 0) = 0
10452 1783885054.563293 newfstatat(AT_FDCWD, "/product/overlay/EmulatorConfigOverlay.apk", {st_mode=S_IFREG|0644, st_size=16734, ...}, 0) = 0
10452 1783885054.563444 newfstatat(AT_FDCWD, "/data/app/ademar.bitac-CrK4oS_a19T3pQMSlTZw9w==/base.apk", {st_mode=S_IFREG|0644, st_size=3047286, ...}, 0) = 0
10474 1783885054.563741 clone(child_stack=0x71e69bbd40, flags=CLONE_VM|CLONE_FS|CLONE_FILES|CLONE_SIGHAND|CLONE_THREAD|CLONE_SYSVSEM|CLONE_SETTLS|CLONE_PARENT_SETTID|CLONE_CHILD_CLEARTID, parent_tidptr=0x71e69bbd60, tls=0x71e69bc020, child_tidptr=0x71e69bbd60) = 10549
10452 1783885054.565108 clone(child_stack=0x71e6882d40, flags=CLONE_VM|CLONE_FS|CLONE_FILES|CLONE_SIGHAND|CLONE_THREAD|CLONE_SYSVSEM|CLONE_SETTLS|CLONE_PARENT_SETTID|CLONE_CHILD_CLEARTID, parent_tidptr=0x71e6882d60, tls=0x71e6883020, child_tidptr=0x71e6882d60) = 10550
10474 1783885054.566793 recvfrom(42, "nysv\0\0\0\0\0\0\0\0\0\0\0\0005\360/k\t\3\0\0w\t\3\0\0\0\0\0", 3200, MSG_DONTWAIT, NULL, NULL) = 32
10474 1783885054.566809 recvfrom(42, 0x718f81cc80, 3200, MSG_DONTWAIT, NULL, NULL) = -1 EAGAIN (Try again)
10452 1783885054.567544 newfstatat(AT_FDCWD, "/system/framework/framework-res.apk", {st_mode=S_IFREG|0644, st_size=45992421, ...}, 0) = 0
10452 1783885054.568165 newfstatat(AT_FDCWD, "/product/overlay/GoogleConfigOverlay.apk", {st_mode=S_IFREG|0644, st_size=25070, ...}, 0) = 0
10549 1783885054.568491 exit(0 <unfinished ...>
10452 1783885054.568516 newfstatat(AT_FDCWD, "/product/overlay/GoogleWebViewOverlay.apk",  <unfinished ...>
10549 1783885054.570334 <... exit resumed>) = ?
10452 1783885054.570381 <... newfstatat resumed> {st_mode=S_IFREG|0644, st_size=16815, ...}, 0) = 0
10549 1783885054.571036 +++ exited with 0 +++
10452 1783885054.571039 newfstatat(AT_FDCWD, "/product/overlay/PixelConfigOverlayCommon.apk", {st_mode=S_IFREG|0644, st_size=52833, ...}, 0) = 0
10550 1783885054.572208 exit(0)         = ?
10550 1783885054.572320 +++ exited with 0 +++
10452 1783885054.577506 newfstatat(AT_FDCWD, "/product/overlay/EmulatorConfigOverlay.apk", {st_mode=S_IFREG|0644, st_size=16734, ...}, 0) = 0
10474 1783885054.577842 recvfrom(42, 0x718f81ceb0, 3200, MSG_DONTWAIT, NULL, NULL) = -1 EAGAIN (Try again)
10452 1783885054.577851 newfstatat(AT_FDCWD, "/data/app/ademar.bitac-CrK4oS_a19T3pQMSlTZw9w==/base.apk", {st_mode=S_IFREG|0644, st_size=3047286, ...}, 0) = 0
10452 1783885054.579498 --- SIGSEGV {si_signo=SIGSEGV, si_code=SEGV_MAPERR, si_addr=NULL} ---
10452 1783885054.583374 newfstatat(AT_FDCWD, "/system/framework/framework-res.apk", {st_mode=S_IFREG|0644, st_size=45992421, ...}, 0) = 0
10452 1783885054.583521 newfstatat(AT_FDCWD, "/product/overlay/GoogleConfigOverlay.apk", {st_mode=S_IFREG|0644, st_size=25070, ...}, 0) = 0
10452 1783885054.583667 newfstatat(AT_FDCWD, "/product/overlay/GoogleWebViewOverlay.apk", {st_mode=S_IFREG|0644, st_size=16815, ...}, 0) = 0
10452 1783885054.583817 newfstatat(AT_FDCWD, "/product/overlay/PixelConfigOverlayCommon.apk", {st_mode=S_IFREG|0644, st_size=52833, ...}, 0) = 0
10452 1783885054.583958 newfstatat(AT_FDCWD, "/product/overlay/EmulatorConfigOverlay.apk", {st_mode=S_IFREG|0644, st_size=16734, ...}, 0) = 0
10452 1783885054.584100 newfstatat(AT_FDCWD, "/data/app/ademar.bitac-CrK4oS_a19T3pQMSlTZw9w==/base.apk", {st_mode=S_IFREG|0644, st_size=3047286, ...}, 0) = 0
10474 1783885054.584457 recvfrom(42, "nysv\0\0\0\0\0\0\0\0\0\0\0\0000:.l\t\3\0\0x\t\3\0\0\0\0\0", 3200, MSG_DONTWAIT, NULL, NULL) = 32
10474 1783885054.584479 recvfrom(42, 0x718f81cc80, 3200, MSG_DONTWAIT, NULL, NULL) = -1 EAGAIN (Try again)
10474 1783885054.594588 recvfrom(42, 0x718f81ceb0, 3200, MSG_DONTWAIT, NULL, NULL) = -1 EAGAIN (Try again)
10474 1783885054.600164 recvfrom(42, "nysv\0\0\0\0\0\0\0\0\0\0\0\0=\301,m\t\3\0\0y\t\3\0\0\0\0\0", 3200, MSG_DONTWAIT, NULL, NULL) = 32
10474 1783885054.600182 recvfrom(42, 0x718f81cc80, 3200, MSG_DONTWAIT, NULL, NULL) = -1 EAGAIN (Try again)
10474 1783885054.611164 recvfrom(42, 0x718f81ceb0, 3200, MSG_DONTWAIT, NULL, NULL) = -1 EAGAIN (Try again)
10494 1783885054.613203 sendmsg(67, {msg_name=NULL, msg_namelen=0, msg_iov=[{iov_base="l\1\1\1\24\1\0\0Q\0\0\0\235\0\0\0\1\1o\0;\0\0\0/re/frid"..., iov_len=452}], msg_iovlen=1, msg_controllen=0, msg_flags=0}, MSG_NOSIGNAL) = 452
10474 1783885054.616806 recvfrom(42, "nysv\0\0\0\0\0\0\0\0\0\0\0\0z\203+n\t\3\0\0z\t\3\0\0\0\0\0", 3200, MSG_DONTWAIT, NULL, NULL) = 32
10474 1783885054.616829 recvfrom(42, 0x718f81cc80, 3200, MSG_DONTWAIT, NULL, NULL) = -1 EAGAIN (Try again)
10474 1783885054.627060 recvfrom(42, 0x718f81ceb0, 3200, MSG_DONTWAIT, NULL, NULL) = -1 EAGAIN (Try again)
10474 1783885054.633741 recvfrom(42, "nysv\0\0\0\0\0\0\0\0\0\0\0\0\342\367)o\t\3\0\0{\t\3\0\0\0\0\0", 3200, MSG_DONTWAIT, NULL, NULL) = 32
10474 1783885054.633767 recvfrom(42, 0x718f81cc80, 3200, MSG_DONTWAIT, NULL, NULL) = -1 EAGAIN (Try again)
10474 1783885054.643900 recvfrom(42, 0x718f81ceb0, 3200, MSG_DONTWAIT, NULL, NULL) = -1 EAGAIN (Try again)
10474 1783885054.650585 recvfrom(42, "nysv\0\0\0\0\0\0\0\0\0\0\0\0\223d(p\t\3\0\0|\t\3\0\0\0\0\0", 3200, MSG_DONTWAIT, NULL, NULL) = 32
10474 1783885054.650613 recvfrom(42, 0x718f81cc80, 3200, MSG_DONTWAIT, NULL, NULL) = -1 EAGAIN (Try again)
10474 1783885054.661736 recvfrom(42, 0x718f81ceb0, 3200, MSG_DONTWAIT, NULL, NULL) = -1 EAGAIN (Try again)
10452 1783885054.663266 clone(child_stack=0x71e6882d40, flags=CLONE_VM|CLONE_FS|CLONE_FILES|CLONE_SIGHAND|CLONE_THREAD|CLONE_SYSVSEM|CLONE_SETTLS|CLONE_PARENT_SETTID|CLONE_CHILD_CLEARTID, parent_tidptr=0x71e6882d60, tls=0x71e6883020, child_tidptr=0x71e6882d60) = 10551
10474 1783885054.666749 recvfrom(42, "nysv\0\0\0\0\0\0\0\0\0\0\0\0\f\372&q\t\3\0\0}\t\3\0\0\0\0\0", 3200, MSG_DONTWAIT, NULL, NULL) = 32
10474 1783885054.666777 recvfrom(42, 0x718f81cc80, 3200, MSG_DONTWAIT, NULL, NULL) = -1 EAGAIN (Try again)
10474 1783885054.677785 recvfrom(42, 0x718f81ceb0, 3200, MSG_DONTWAIT, NULL, NULL) = -1 EAGAIN (Try again)
10474 1783885054.683403 recvfrom(42, "nysv\0\0\0\0\0\0\0\0\0\0\0\0\344\204%r\t\3\0\0~\t\3\0\0\0\0\0", 3200, MSG_DONTWAIT, NULL, NULL) = 32
10474 1783885054.683424 recvfrom(42, 0x718f81cc80, 3200, MSG_DONTWAIT, NULL, NULL) = -1 EAGAIN (Try again)
10474 1783885054.694837 recvfrom(42, 0x718f81ceb0, 3200, MSG_DONTWAIT, NULL, NULL) = -1 EAGAIN (Try again)
10474 1783885054.700159 recvfrom(42, "nysv\0\0\0\0\0\0\0\0\0\0\0\0s\n$s\t\3\0\0\177\t\3\0\0\0\0\0", 3200, MSG_DONTWAIT, NULL, NULL) = 32
10474 1783885054.700184 recvfrom(42, 0x718f81cc80, 3200, MSG_DONTWAIT, NULL, NULL) = -1 EAGAIN (Try again)
10474 1783885054.716797 recvfrom(42, "nysv\0\0\0\0\0\0\0\0\0\0\0\0\322\223\"t\t\3\0\0\200\t\3\0\0\0\0\0", 3200, MSG_DONTWAIT, NULL, NULL) = 32
10474 1783885054.716819 recvfrom(42, 0x718f81cc80, 3200, MSG_DONTWAIT, NULL, NULL) = -1 EAGAIN (Try again)
10452 1783885054.738967 recvfrom(44, 0x727ac2f420, 2272, MSG_DONTWAIT, NULL, NULL) = -1 EAGAIN (Try again)
10452 1783885054.739373 recvfrom(73, 0x71e53d3420, 2272, MSG_DONTWAIT, NULL, NULL) = -1 EAGAIN (Try again)
10452 1783885054.739608 recvfrom(38, 0x7ff7a6fb90, 3200, MSG_DONTWAIT, NULL, NULL) = -1 EAGAIN (Try again)
10474 1783885054.747487 recvfrom(42, 0x718f81ceb0, 3200, MSG_DONTWAIT, NULL, NULL) = -1 EAGAIN (Try again)
10452 1783885054.749111 clone(child_stack=0x71e5bf9d40, flags=CLONE_VM|CLONE_FS|CLONE_FILES|CLONE_SIGHAND|CLONE_THREAD|CLONE_SYSVSEM|CLONE_SETTLS|CLONE_PARENT_SETTID|CLONE_CHILD_CLEARTID, parent_tidptr=0x71e5bf9d60, tls=0x71e5bfa020, child_tidptr=0x71e5bf9d60) = 10552
10474 1783885054.750358 recvfrom(42, "nysv\0\0\0\0\0\0\0\0\0\0\0\0$\274\37v\t\3\0\0\202\t\3\0\0\0\0\0", 3200, MSG_DONTWAIT, NULL, NULL) = 32
10474 1783885054.750381 recvfrom(42, 0x718f81cc80, 3200, MSG_DONTWAIT, NULL, NULL) = -1 EAGAIN (Try again)
10552 1783885054.761139 clone(child_stack=0x719a81dd40, flags=CLONE_VM|CLONE_FS|CLONE_FILES|CLONE_SIGHAND|CLONE_THREAD|CLONE_SYSVSEM|CLONE_SETTLS|CLONE_PARENT_SETTID|CLONE_CHILD_CLEARTID, parent_tidptr=0x719a81dd60, tls=0x719a81e020, child_tidptr=0x719a81dd60) = 10553
10474 1783885054.762108 recvfrom(42, 0x718f81ceb0, 3200, MSG_DONTWAIT, NULL, NULL) = -1 EAGAIN (Try again)
10474 1783885054.766764 recvfrom(42, "nysv\0\0\0\0\0\0\0\0\0\0\0\0\344G\36w\t\3\0\0\203\t\3\0\0\0\0\0", 3200, MSG_DONTWAIT, NULL, NULL) = 32
10474 1783885054.766788 recvfrom(42, 0x718f81cc80, 3200, MSG_DONTWAIT, NULL, NULL) = -1 EAGAIN (Try again)
10494 1783885054.770508 sendmsg(67, {msg_name=NULL, msg_namelen=0, msg_iov=[{iov_base="l\1\1\1\374\0\0\0R\0\0\0\235\0\0\0\1\1o\0;\0\0\0/re/frid"..., iov_len=428}], msg_iovlen=1, msg_controllen=0, msg_flags=0}, MSG_NOSIGNAL) = 428
10474 1783885054.779026 recvfrom(42, 0x718f81ceb0, 3200, MSG_DONTWAIT, NULL, NULL) = -1 EAGAIN (Try again)
10474 1783885054.784388 recvfrom(42, "nysv\0\0\0\0\0\0\0\0\0\0\0\0\364\223\34x\t\3\0\0\204\t\3\0\0\0\0\0", 3200, MSG_DONTWAIT, NULL, NULL) = 32
10474 1783885054.784416 recvfrom(42, 0x718f81cc80, 3200, MSG_DONTWAIT, NULL, NULL) = -1 EAGAIN (Try again)
10494 1783885054.789734 sendmsg(67, {msg_name=NULL, msg_namelen=0, msg_iov=[{iov_base="l\1\1\1\0\1\0\0S\0\0\0\235\0\0\0\1\1o\0;\0\0\0/re/frid"..., iov_len=432}], msg_iovlen=1, msg_controllen=0, msg_flags=0}, MSG_NOSIGNAL) = 432
10474 1783885054.797520 recvfrom(42, 0x718f81ceb0, 3200, MSG_DONTWAIT, NULL, NULL) = -1 EAGAIN (Try again)
10474 1783885054.800109 recvfrom(42, "nysv\0\0\0\0\0\0\0\0\0\0\0\0}\32\33y\t\3\0\0\205\t\3\0\0\0\0\0", 3200, MSG_DONTWAIT, NULL, NULL) = 32
10474 1783885054.800132 recvfrom(42, 0x718f81cc80, 3200, MSG_DONTWAIT, NULL, NULL) = -1 EAGAIN (Try again)
10474 1783885054.813273 recvfrom(42, 0x718f81ceb0, 3200, MSG_DONTWAIT, NULL, NULL) = -1 EAGAIN (Try again)
10474 1783885054.817264 recvfrom(42, "nysv\0\0\0\0\0\0\0\0\0\0\0\0\220\215\31z\t\3\0\0\206\t\3\0\0\0\0\0", 3200, MSG_DONTWAIT, NULL, NULL) = 32
10474 1783885054.817286 recvfrom(42, 0x718f81cc80, 3200, MSG_DONTWAIT, NULL, NULL) = -1 EAGAIN (Try again)
10494 1783885054.817679 sendmsg(67, {msg_name=NULL, msg_namelen=0, msg_iov=[{iov_base="l\1\1\1\374\0\0\0T\0\0\0\235\0\0\0\1\1o\0;\0\0\0/re/frid"..., iov_len=428}], msg_iovlen=1, msg_controllen=0, msg_flags=0}, MSG_NOSIGNAL) = 428
10474 1783885054.830066 recvfrom(42, 0x718f81ceb0, 3200, MSG_DONTWAIT, NULL, NULL) = -1 EAGAIN (Try again)
10474 1783885054.834135 recvfrom(42, "nysv\0\0\0\0\0\0\0\0\0\0\0\0\341\350\27{\t\3\0\0\207\t\3\0\0\0\0\0", 3200, MSG_DONTWAIT, NULL, NULL) = 32
10474 1783885054.834177 recvfrom(42, 0x718f81cc80, 3200, MSG_DONTWAIT, NULL, NULL) = -1 EAGAIN (Try again)
10474 1783885054.848445 recvfrom(42, 0x718f81ceb0, 3200, MSG_DONTWAIT, NULL, NULL) = -1 EAGAIN (Try again)
10474 1783885054.850515 recvfrom(42, "nysv\0\0\0\0\0\0\0\0\0\0\0\0\262\235\26|\t\3\0\0\210\t\3\0\0\0\0\0", 3200, MSG_DONTWAIT, NULL, NULL) = 32
10474 1783885054.850579 recvfrom(42, 0x718f81cc80, 3200, MSG_DONTWAIT, NULL, NULL) = -1 EAGAIN (Try again)
10494 1783885054.850912 sendmsg(67, {msg_name=NULL, msg_namelen=0, msg_iov=[{iov_base="l\1\1\1\0\1\0\0U\0\0\0\235\0\0\0\1\1o\0;\0\0\0/re/frid"..., iov_len=432}], msg_iovlen=1, msg_controllen=0, msg_flags=0}, MSG_NOSIGNAL) = 432
10474 1783885054.868025 recvfrom(42, "nysv\0\0\0\0\0\0\0\0\0\0\0\0\334\355\24}\t\3\0\0\211\t\3\0\0\0\0\0", 3200, MSG_DONTWAIT, NULL, NULL) = 32
10474 1783885054.868077 recvfrom(42, 0x718f81ceb0, 3200, MSG_DONTWAIT, NULL, NULL) = -1 EAGAIN (Try again)
10474 1783885054.879943 recvfrom(42, 0x718f81ceb0, 3200, MSG_DONTWAIT, NULL, NULL) = -1 EAGAIN (Try again)
10474 1783885054.883927 recvfrom(42, "nysv\0\0\0\0\0\0\0\0\0\0\0\0\303h\23~\t\3\0\0\212\t\3\0\0\0\0\0", 3200, MSG_DONTWAIT, NULL, NULL) = 32
10474 1783885054.883955 recvfrom(42, 0x718f81cc80, 3200, MSG_DONTWAIT, NULL, NULL) = -1 EAGAIN (Try again)
10474 1783885054.898721 recvfrom(42, 0x718f81ceb0, 3200, MSG_DONTWAIT, NULL, NULL) = -1 EAGAIN (Try again)
10474 1783885054.916483 recvfrom(42, "nysv\0\0\0\0\0\0\0\0\0\0\0\0\234l\21\177\t\3\0\0\213\t\3\0\0\0\0\0", 3200, MSG_DONTWAIT, NULL, NULL) = 32
10474 1783885054.916515 recvfrom(42, 0x718f81ceb0, 3200, MSG_DONTWAIT, NULL, NULL) = -1 EAGAIN (Try again)
10452 1783885054.932020 recvfrom(38,  <unfinished ...>
10474 1783885054.932192 recvfrom(42, "nysv\0\0\0\0\0\0\0\0\0\0\0\0\375\356\17\200\t\3\0\0\214\t\3\0\0\0\0\0", 3200, MSG_DONTWAIT, NULL, NULL) = 32
10474 1783885054.932217 recvfrom(42, 0x718f81ceb0, 3200, MSG_DONTWAIT, NULL, NULL) = -1 EAGAIN (Try again)
10452 1783885054.932297 <... recvfrom resumed> "nysv\0\0\0\0\0\0\0\0\0\0\0\0$\274\37v\t\3\0\0\202\t\3\0\0\0\0\0", 3200, MSG_DONTWAIT, NULL, NULL) = 32
10452 1783885054.932475 recvfrom(38, 0x7ff7a6fc30, 3200, MSG_DONTWAIT, NULL, NULL) = -1 EAGAIN (Try again)
10474 1783885054.932931 recvfrom(42, 0x718f81ceb0, 3200, MSG_DONTWAIT, NULL, NULL) = -1 EAGAIN (Try again)
10474 1783885054.933787 recvfrom(42, "nysv\0\0\0\0\0\0\0\0\0\0\0\0\360f\16\201\t\3\0\0\215\t\3\0\0\0\0\0", 3200, MSG_DONTWAIT, NULL, NULL) = 32
10474 1783885054.933801 recvfrom(42, 0x718f81cc80, 3200, MSG_DONTWAIT, NULL, NULL) = -1 EAGAIN (Try again)
10474 1783885054.953405 recvfrom(42, "nysv\0\0\0\0\0\0\0\0\0\0\0\0\32\267\f\202\t\3\0\0\216\t\3\0\0\0\0\0", 3200, MSG_DONTWAIT, NULL, NULL) = 32
10474 1783885054.953441 recvfrom(42, 0x718f81ceb0, 3200, MSG_DONTWAIT, NULL, NULL) = -1 EAGAIN (Try again)
10474 1783885054.975567 recvfrom(42, "nysv\0\0\0\0\0\0\0\0\0\0\0\08\36\v\203\t\3\0\0\217\t\3\0\0\0\0\0", 3200, MSG_DONTWAIT, NULL, NULL) = 32
10474 1783885054.975611 recvfrom(42, 0x718f81ceb0, 3200, MSG_DONTWAIT, NULL, NULL) = -1 EAGAIN (Try again)
10474 1783885054.998015 recvfrom(42, "nysv\0\0\0\0\0\0\0\0\0\0\0\0L`\t\204\t\3\0\0\220\t\3\0\0\0\0\0", 3200, MSG_DONTWAIT, NULL, NULL) = 32
10474 1783885054.998052 recvfrom(42, 0x718f81ceb0, 3200, MSG_DONTWAIT, NULL, NULL) = -1 EAGAIN (Try again)
10474 1783885055.020848 recvfrom(42, "nysv\0\0\0\0\0\0\0\0\0\0\0\0\342\337\7\205\t\3\0\0\221\t\3\0\0\0\0\0", 3200, MSG_DONTWAIT, NULL, NULL) = 32
10474 1783885055.020885 recvfrom(42, 0x718f81ceb0, 3200, MSG_DONTWAIT, NULL, NULL) = -1 EAGAIN (Try again)
10474 1783885055.078828 recvfrom(42, "nysv\0\0\0\0\0\0\0\0\0\0\0\0\304E\4\207\t\3\0\0\223\t\3\0\0\0\0\0", 3200, MSG_DONTWAIT, NULL, NULL) = 32
10474 1783885055.079304 recvfrom(42, 0x718f81ceb0, 3200, MSG_DONTWAIT, NULL, NULL) = -1 EAGAIN (Try again)
10474 1783885055.084387 recvfrom(42, "nysv\0\0\0\0\0\0\0\0\0\0\0\0\242\16\0\212\t\3\0\0\226\t\3\0\0\0\0\0", 3200, MSG_DONTWAIT, NULL, NULL) = 32
10474 1783885055.085026 recvfrom(42, 0x718f81cc80, 3200, MSG_DONTWAIT, NULL, NULL) = -1 EAGAIN (Try again)
10452 1783885055.085549 recvfrom(73, 0x71e53d3420, 2272, MSG_DONTWAIT, NULL, NULL) = -1 EAGAIN (Try again)
10452 1783885055.086713 recvfrom(38, 0x7ff7a6f090, 3200, MSG_DONTWAIT, NULL, NULL) = -1 EAGAIN (Try again)
10474 1783885055.118821 recvfrom(42, "nysv\0\0\0\0\0\0\0\0\0\0\0\0\355\225\376\212\t\3\0\0\227\t\3\0\0\0\0\0", 3200, MSG_DONTWAIT, NULL, NULL) = 32
10474 1783885055.119293 recvfrom(42, 0x718f81ceb0, 3200, MSG_DONTWAIT, NULL, NULL) = -1 EAGAIN (Try again)
10474 1783885055.158606 recvfrom(42, "nysv\0\0\0\0\0\0\0\0\0\0\0\0\211\243\373\214\t\3\0\0\231\t\3\0\0\0\0\0", 3200, MSG_DONTWAIT, NULL, NULL) = 32
10474 1783885055.158948 recvfrom(42, 0x718f81cc80, 3200, MSG_DONTWAIT, NULL, NULL) = -1 EAGAIN (Try again)
10452 1783885055.302654 recvfrom(38, "nysv\0\0\0\0\0\0\0\0\0\0\0\0\355\225\376\212\t\3\0\0\227\t\3\0\0\0\0\0", 3200, MSG_DONTWAIT, NULL, NULL) = 32
10452 1783885055.310353 recvfrom(38, 0x7ff7a6fc30, 3200, MSG_DONTWAIT, NULL, NULL) = -1 EAGAIN (Try again)
10452 1783885055.344110 recvfrom(44, 0x727ac2f420, 2272, MSG_DONTWAIT, NULL, NULL) = -1 EAGAIN (Try again)
10452 1783885055.344384 recvfrom(73, 0x71e53d3420, 2272, MSG_DONTWAIT, NULL, NULL) = -1 EAGAIN (Try again)
10452 1783885055.351919 recvfrom(38, 0x7ff7a6db00, 3200, MSG_DONTWAIT, NULL, NULL) = -1 EAGAIN (Try again)
10452 1783885055.373600 recvfrom(38, "nysv\0\0\0\0\0\0\0\0\0\0\0\0x\31\346\232\t\3\0\0\247\t\3\0\0\0\0\0", 3200, MSG_DONTWAIT, NULL, NULL) = 32
10452 1783885055.374148 recvfrom(38, 0x7ff7a6fc30, 3200, MSG_DONTWAIT, NULL, NULL) = -1 EAGAIN (Try again)
10452 1783885055.385589 recvfrom(73, 0x71e53d3420, 2272, MSG_DONTWAIT, NULL, NULL) = -1 EAGAIN (Try again)
10452 1783885056.337083 recvfrom(38, 0x7ff7a6fa00, 3200, MSG_DONTWAIT, NULL, NULL) = -1 EAGAIN (Try again)
10452 1783885056.350527 recvfrom(38, "nysv\0\0\0\0\0\0\0\0\0\0\0\0\344]z\325\t\3\0\0\342\t\3\0\0\0\0\0", 3200, MSG_DONTWAIT, NULL, NULL) = 32
10452 1783885056.351029 recvfrom(38, 0x7ff7a6fc30, 3200, MSG_DONTWAIT, NULL, NULL) = -1 EAGAIN (Try again)
10452 1783885056.351610 recvfrom(73, 0x71e53d3420, 2272, MSG_DONTWAIT, NULL, NULL) = -1 EAGAIN (Try again)
10452 1783885056.352708 recvfrom(38, 0x7ff7a6e3c0, 3200, MSG_DONTWAIT, NULL, NULL) = -1 EAGAIN (Try again)
10452 1783885056.368332 recvfrom(38, "nysv\0\0\0\0\0\0\0\0\0\0\0\0\16\256x\326\t\3\0\0\343\t\3\0\0\0\0\0", 3200, MSG_DONTWAIT, NULL, NULL) = 32
10452 1783885056.368784 recvfrom(38, 0x7ff7a6fc30, 3200, MSG_DONTWAIT, NULL, NULL) = -1 EAGAIN (Try again)
10452 1783885056.381888 recvfrom(73, 0x71e53d3420, 2272, MSG_DONTWAIT, NULL, NULL) = -1 EAGAIN (Try again)
10452 1783885056.383034 recvfrom(38, 0x7ff7a6e3c0, 3200, MSG_DONTWAIT, NULL, NULL) = -1 EAGAIN (Try again)
10452 1783885056.401718 recvfrom(38, "nysv\0\0\0\0\0\0\0\0\0\0\0\0\21\237u\330\t\3\0\0\345\t\3\0\0\0\0\0", 3200, MSG_DONTWAIT, NULL, NULL) = 32
10452 1783885056.402114 recvfrom(38, 0x7ff7a6fc30, 3200, MSG_DONTWAIT, NULL, NULL) = -1 EAGAIN (Try again)
10452 1783885056.412969 recvfrom(73, 0x71e53d3420, 2272, MSG_DONTWAIT, NULL, NULL) = -1 EAGAIN (Try again)
10452 1783885056.413774 recvfrom(38, 0x7ff7a6e3c0, 3200, MSG_DONTWAIT, NULL, NULL) = -1 EAGAIN (Try again)
10452 1783885056.420611 recvfrom(38, "nysv\0\0\0\0\0\0\0\0\0\0\0\0;\357s\331\t\3\0\0\346\t\3\0\0\0\0\0", 3200, MSG_DONTWAIT, NULL, NULL) = 32
10452 1783885056.420985 recvfrom(38, 0x7ff7a6fc30, 3200, MSG_DONTWAIT, NULL, NULL) = -1 EAGAIN (Try again)
10452 1783885056.422679 recvfrom(73, 0x71e53d3420, 2272, MSG_DONTWAIT, NULL, NULL) = -1 EAGAIN (Try again)
10452 1783885056.423432 recvfrom(38, 0x7ff7a6e3c0, 3200, MSG_DONTWAIT, NULL, NULL) = -1 EAGAIN (Try again)
10452 1783885056.448180 recvfrom(38, "nysv\0\0\0\0\0\0\0\0\0\0\0\0\203pr\332\t\3\0\0\347\t\3\0\0\0\0\0", 3200, MSG_DONTWAIT, NULL, NULL) = 32
10452 1783885056.448529 recvfrom(38, 0x7ff7a6fc30, 3200, MSG_DONTWAIT, NULL, NULL) = -1 EAGAIN (Try again)
10452 1783885056.451176 recvfrom(73, 0x71e53d3420, 2272, MSG_DONTWAIT, NULL, NULL) = -1 EAGAIN (Try again)
10452 1783885056.452049 recvfrom(38, 0x7ff7a6e3c0, 3200, MSG_DONTWAIT, NULL, NULL) = -1 EAGAIN (Try again)
10452 1783885056.468353 recvfrom(38, "nysv\0\0\0\0\0\0\0\0\0\0\0\0\327\20o\334\t\3\0\0\351\t\3\0\0\0\0\0", 3200, MSG_DONTWAIT, NULL, NULL) = 32
10452 1783885056.468813 recvfrom(38, 0x7ff7a6fc30, 3200, MSG_DONTWAIT, NULL, NULL) = -1 EAGAIN (Try again)
10452 1783885056.473531 recvfrom(73, 0x71e53d3420, 2272, MSG_DONTWAIT, NULL, NULL) = -1 EAGAIN (Try again)
10452 1783885056.474316 recvfrom(38, 0x7ff7a6e3c0, 3200, MSG_DONTWAIT, NULL, NULL) = -1 EAGAIN (Try again)
10452 1783885056.494890 recvfrom(38, "nysv\0\0\0\0\0\0\0\0\0\0\0\0\1am\335\t\3\0\0\352\t\3\0\0\0\0\0", 3200, MSG_DONTWAIT, NULL, NULL) = 32
10452 1783885056.495266 recvfrom(38, 0x7ff7a6fc30, 3200, MSG_DONTWAIT, NULL, NULL) = -1 EAGAIN (Try again)
10452 1783885056.496876 recvfrom(73, 0x71e53d3420, 2272, MSG_DONTWAIT, NULL, NULL) = -1 EAGAIN (Try again)
10452 1783885056.497651 recvfrom(38, 0x7ff7a6e3c0, 3200, MSG_DONTWAIT, NULL, NULL) = -1 EAGAIN (Try again)
10452 1783885056.516225 recvfrom(38, "nysv\0\0\0\0\0\0\0\0\0\0\0\0+\261k\336\t\3\0\0\353\t\3\0\0\0\0\0", 3200, MSG_DONTWAIT, NULL, NULL) = 32
10452 1783885056.516892 recvfrom(38, 0x7ff7a6fc30, 3200, MSG_DONTWAIT, NULL, NULL) = -1 EAGAIN (Try again)
10452 1783885056.518684 recvfrom(73, 0x71e53d3420, 2272, MSG_DONTWAIT, NULL, NULL) = -1 EAGAIN (Try again)
10452 1783885056.521541 recvfrom(38, 0x7ff7a6e3c0, 3200, MSG_DONTWAIT, NULL, NULL) = -1 EAGAIN (Try again)
10452 1783885056.551583 recvfrom(38, "nysv\0\0\0\0\0\0\0\0\0\0\0\0\204\217g\340\t\3\0\0\355\t\3\0\0\0\0\0", 3200, MSG_DONTWAIT, NULL, NULL) = 32
10452 1783885056.551913 recvfrom(38, 0x7ff7a6fc30, 3200, MSG_DONTWAIT, NULL, NULL) = -1 EAGAIN (Try again)
10452 1783885056.567708 recvfrom(73, 0x71e53d3420, 2272, MSG_DONTWAIT, NULL, NULL) = -1 EAGAIN (Try again)
10452 1783885056.572669 recvfrom(38, 0x7ff7a6e3c0, 3200, MSG_DONTWAIT, NULL, NULL) = -1 EAGAIN (Try again)
10452 1783885056.596382 recvfrom(38, "nysv\0\0\0\0\0\0\0\0\0\0\0\0\301\34c\343\t\3\0\0\360\t\3\0\0\0\0\0", 3200, MSG_DONTWAIT, NULL, NULL) = 32
10452 1783885056.596670 recvfrom(38, 0x7ff7a6fc30, 3200, MSG_DONTWAIT, NULL, NULL) = -1 EAGAIN (Try again)
10452 1783885056.603854 recvfrom(73, 0x71e53d3420, 2272, MSG_DONTWAIT, NULL, NULL) = -1 EAGAIN (Try again)
10452 1783885056.605106 recvfrom(38, 0x7ff7a6e3c0, 3200, MSG_DONTWAIT, NULL, NULL) = -1 EAGAIN (Try again)
10452 1783885056.640310 recvfrom(38, "nysv\0\0\0\0\0\0\0\0\0\0\0\0VG`\345\t\3\0\0\362\t\3\0\0\0\0\0", 3200, MSG_DONTWAIT, NULL, NULL) = 32
10452 1783885056.640798 recvfrom(38, 0x7ff7a6fc30, 3200, MSG_DONTWAIT, NULL, NULL) = -1 EAGAIN (Try again)
10452 1783885056.645199 recvfrom(73, 0x71e53d3420, 2272, MSG_DONTWAIT, NULL, NULL) = -1 EAGAIN (Try again)
10553 1783885058.086072 exit(0)         = ?
10553 1783885058.086183 +++ exited with 0 +++
10491 1783885058.137486 faccessat(AT_FDCWD, "/proc/self/task/10553", F_OK) = -1 ENOENT (No such file or directory)
10471 1783885074.623349 openat(AT_FDCWD, "/data/misc/profiles/cur/0/ademar.bitac/primary.prof", O_RDWR|O_NOFOLLOW|O_CLOEXEC) = 50
10471 1783885074.623431 newfstatat(AT_FDCWD, "/data/misc/profiles/cur/0/ademar.bitac/primary.prof", {st_mode=S_IFREG|0600, st_size=9354, ...}, 0) = 0
10452 1783885078.366956 recvfrom(73, "\2\0\0\0\0\0\0\0a\r\0\0\0\0\0\0\300~\271\365\16\3\0\0\1\0\0\0\2\20\0\0"..., 2272, MSG_DONTWAIT, NULL, NULL) = 232
10452 1783885078.367499 sendto(73, "\3\0\0\0\0\0\0\0a\r\0\0\1\0\0\0", 16, MSG_DONTWAIT|MSG_NOSIGNAL, NULL, 0) = 16
10452 1783885078.367639 recvfrom(73, 0x71e53d3420, 2272, MSG_DONTWAIT, NULL, NULL) = -1 EAGAIN (Try again)
10452 1783885078.368229 recvfrom(73, "\2\0\0\0\0\0\0\0c\r\0\0\0\0\0\0\300~\271\365\16\3\0\0\1\0\0\0\2\20\0\0"..., 2272, MSG_DONTWAIT, NULL, NULL) = 232
10452 1783885078.368449 recvfrom(38, 0x7ff7a6cce0, 3200, MSG_DONTWAIT, NULL, NULL) = -1 EAGAIN (Try again)
10494 1783885078.375755 sendmsg(67, {msg_name=NULL, msg_namelen=0, msg_iov=[{iov_base="l\1\1\1\374\0\0\0V\0\0\0\235\0\0\0\1\1o\0;\0\0\0/re/frid"..., iov_len=428}], msg_iovlen=1, msg_controllen=0, msg_flags=0}, MSG_NOSIGNAL) = 428
10452 1783885078.381812 sendto(73, "\3\0\0\0\0\0\0\0c\r\0\0\1\0\0\0", 16, MSG_DONTWAIT|MSG_NOSIGNAL, NULL, 0 <unfinished ...>
10494 1783885078.382008 sendmsg(67, {msg_name=NULL, msg_namelen=0, msg_iov=[{iov_base="l\1\1\1\0\1\0\0W\0\0\0\235\0\0\0\1\1o\0;\0\0\0/re/frid"..., iov_len=432}], msg_iovlen=1, msg_controllen=0, msg_flags=0}, MSG_NOSIGNAL) = 432
10452 1783885078.382073 <... sendto resumed> ) = 16
10452 1783885078.382638 recvfrom(73, 0x71e53d3420, 2272, MSG_DONTWAIT, NULL, NULL) = -1 EAGAIN (Try again)
10452 1783885078.383381 recvfrom(38, "nysv\0\0\0\0\0\0\0\0\0\0\0\0\1\22\304\366\16\3\0\0\f\17\3\0\0\0\0\0", 3200, MSG_DONTWAIT, NULL, NULL) = 32
10452 1783885078.383551 recvfrom(38, 0x7ff7a6fc30, 3200, MSG_DONTWAIT, NULL, NULL) = -1 EAGAIN (Try again)
10452 1783885078.383870 recvfrom(73, 0x71e53d3420, 2272, MSG_DONTWAIT, NULL, NULL) = -1 EAGAIN (Try again)
10452 1783885078.384192 recvfrom(38, 0x7ff7a6fb90, 3200, MSG_DONTWAIT, NULL, NULL) = -1 EAGAIN (Try again)
10474 1783885078.406639 recvfrom(42, 0x718f81ceb0, 3200, MSG_DONTWAIT, NULL, NULL) = -1 EAGAIN (Try again)
10494 1783885078.408405 sendmsg(67, {msg_name=NULL, msg_namelen=0, msg_iov=[{iov_base="l\1\1\1\24\1\0\0X\0\0\0\235\0\0\0\1\1o\0;\0\0\0/re/frid"..., iov_len=452}], msg_iovlen=1, msg_controllen=0, msg_flags=0}, MSG_NOSIGNAL) = 452
10474 1783885078.416868 recvfrom(42, "nysv\0\0\0\0\0\0\0\0\0\0\0\0S=\301\370\16\3\0\0\16\17\3\0\0\0\0\0", 3200, MSG_DONTWAIT, NULL, NULL) = 32
10474 1783885078.417490 recvfrom(42, 0x718f81cc80, 3200, MSG_DONTWAIT, NULL, NULL) = -1 EAGAIN (Try again)
10474 1783885078.433207 recvfrom(42, "nysv\0\0\0\0\0\0\0\0\0\0\0\0\212\321\277\371\16\3\0\0\17\17\3\0\0\0\0\0", 3200, MSG_DONTWAIT, NULL, NULL) = 32
10474 1783885078.433661 recvfrom(42, 0x718f81ceb0, 3200, MSG_DONTWAIT, NULL, NULL) = -1 EAGAIN (Try again)
10452 1783885078.441815 recvfrom(38, "nysv\0\0\0\0\0\0\0\0\0\0\0\0y\243\302\367\16\3\0\0\r\17\3\0\0\0\0\0", 3200, MSG_DONTWAIT, NULL, NULL) = 32
10452 1783885078.446967 recvfrom(38, 0x7ff7a6fc30, 3200, MSG_DONTWAIT, NULL, NULL) = -1 EAGAIN (Try again)
10452 1783885078.447761 recvfrom(72, 0x71e546d820, 2272, MSG_DONTWAIT, NULL, NULL) = -1 EAGAIN (Try again)
10452 1783885078.447993 recvfrom(38, 0x7ff7a6f060, 3200, MSG_DONTWAIT, NULL, NULL) = -1 EAGAIN (Try again)
10474 1783885078.456182 recvfrom(42, "nysv\0\0\0\0\0\0\0\0\0\0\0\0\337D\276\372\16\3\0\0\20\17\3\0\0\0\0\0", 3200, MSG_DONTWAIT, NULL, NULL) = 32
10474 1783885078.456468 recvfrom(42, 0x718f81ceb0, 3200, MSG_DONTWAIT, NULL, NULL) = -1 EAGAIN (Try again)
10474 1783885078.457804 recvfrom(42, 0x718f81ceb0, 3200, MSG_DONTWAIT, NULL, NULL) = -1 EAGAIN (Try again)
10474 1783885078.472235 recvfrom(42, "nysv\0\0\0\0\0\0\0\0\0\0\0\0V\332\274\373\16\3\0\0\21\17\3\0\0\0\0\0", 3200, MSG_DONTWAIT, NULL, NULL) = 32
10474 1783885078.472844 recvfrom(42, 0x718f81cc80, 3200, MSG_DONTWAIT, NULL, NULL) = -1 EAGAIN (Try again)
10474 1783885078.482666 recvfrom(42, 0x718f81ceb0, 3200, MSG_DONTWAIT, NULL, NULL) = -1 EAGAIN (Try again)
10474 1783885078.503946 recvfrom(42, "nysv\0\0\0\0\0\0\0\0\0\0\0\0\30k\273\374\16\3\0\0\22\17\3\0\0\0\0\0", 3200, MSG_DONTWAIT, NULL, NULL) = 32
10474 1783885078.504113 recvfrom(42, 0x718f81cc80, 3200, MSG_DONTWAIT, NULL, NULL) = -1 EAGAIN (Try again)
10474 1783885078.512899 recvfrom(42, 0x718f81ceb0, 3200, MSG_DONTWAIT, NULL, NULL) = -1 EAGAIN (Try again)
10474 1783885078.514053 recvfrom(42, 0x718f81ceb0, 3200, MSG_DONTWAIT, NULL, NULL) = -1 EAGAIN (Try again)
10452 1783885078.514518 recvfrom(38, "nysv\0\0\0\0\0\0\0\0\0\0\0\0\337D\276\372\16\3\0\0\20\17\3\0\0\0\0\0", 3200, MSG_DONTWAIT, NULL, NULL) = 32
10452 1783885078.514678 recvfrom(38, 0x7ff7a6fc30, 3200, MSG_DONTWAIT, NULL, NULL) = -1 EAGAIN (Try again)
10474 1783885078.517660 recvfrom(42, "nysv\0\0\0\0\0\0\0\0\0\0\0\0\217F\270\376\16\3\0\0\24\17\3\0\0\0\0\0", 3200, MSG_DONTWAIT, NULL, NULL) = 32
10474 1783885078.517906 recvfrom(42, 0x718f81cc80, 3200, MSG_DONTWAIT, NULL, NULL) = -1 EAGAIN (Try again)
10494 1783885078.529086 sendmsg(67, {msg_name=NULL, msg_namelen=0, msg_iov=[{iov_base="l\1\1\1\374\0\0\0Y\0\0\0\235\0\0\0\1\1o\0;\0\0\0/re/frid"..., iov_len=428}], msg_iovlen=1, msg_controllen=0, msg_flags=0}, MSG_NOSIGNAL) = 428
10474 1783885078.530056 recvfrom(42, 0x718f81ceb0, 3200, MSG_DONTWAIT, NULL, NULL) = -1 EAGAIN (Try again)
10474 1783885078.530808 recvfrom(42, 0x718f81ceb0, 3200, MSG_DONTWAIT, NULL, NULL) = -1 EAGAIN (Try again)
10474 1783885078.533801 recvfrom(42, "nysv\0\0\0\0\0\0\0\0\0\0\0\0\374\333\266\377\16\3\0\0\25\17\3\0\0\0\0\0", 3200, MSG_DONTWAIT, NULL, NULL) = 32
10474 1783885078.534223 recvfrom(42, 0x718f81cc80, 3200, MSG_DONTWAIT, NULL, NULL) = -1 EAGAIN (Try again)
10494 1783885078.539633 sendmsg(67, {msg_name=NULL, msg_namelen=0, msg_iov=[{iov_base="l\1\1\1\0\1\0\0Z\0\0\0\235\0\0\0\1\1o\0;\0\0\0/re/frid"..., iov_len=432}], msg_iovlen=1, msg_controllen=0, msg_flags=0}, MSG_NOSIGNAL) = 432
10452 1783885078.541811 recvfrom(73, 0x71e53d3420, 2272, MSG_DONTWAIT, NULL, NULL) = -1 EAGAIN (Try again)
10452 1783885078.541979 recvfrom(72, 0x71e546d820, 2272, MSG_DONTWAIT, NULL, NULL) = -1 EAGAIN (Try again)
10452 1783885078.542137 recvfrom(38, 0x7ff7a6fb90, 3200, MSG_DONTWAIT, NULL, NULL) = -1 EAGAIN (Try again)
10474 1783885078.546277 recvfrom(42, 0x718f81ceb0, 3200, MSG_DONTWAIT, NULL, NULL) = -1 EAGAIN (Try again)
10474 1783885078.560687 recvfrom(42, "nysv\0\0\0\0\0\0\0\0\0\0\0\0\256\10\265\0\17\3\0\0\26\17\3\0\0\0\0\0", 3200, MSG_DONTWAIT, NULL, NULL) = 32
10474 1783885078.560867 recvfrom(42, 0x718f81cc80, 3200, MSG_DONTWAIT, NULL, NULL) = -1 EAGAIN (Try again)
10452 1783885078.564457 recvfrom(38, "nysv\0\0\0\0\0\0\0\0\0\0\0\0\256\10\265\0\17\3\0\0\26\17\3\0\0\0\0\0", 3200, MSG_DONTWAIT, NULL, NULL) = 32
10452 1783885078.564616 recvfrom(38, 0x7ff7a6fc30, 3200, MSG_DONTWAIT, NULL, NULL) = -1 EAGAIN (Try again)
10452 1783885078.575480 recvfrom(72, 0x71e546d820, 2272, MSG_DONTWAIT, NULL, NULL) = -1 EAGAIN (Try again)
10452 1783885078.575623 recvfrom(73, 0x71e53d3420, 2272, MSG_DONTWAIT, NULL, NULL) = -1 EAGAIN (Try again)
10452 1783885078.575819 recvfrom(38, 0x7ff7a6fb90, 3200, MSG_DONTWAIT, NULL, NULL) = -1 EAGAIN (Try again)
10474 1783885078.578738 recvfrom(42, 0x718f81ceb0, 3200, MSG_DONTWAIT, NULL, NULL) = -1 EAGAIN (Try again)
10452 1783885078.583863 recvfrom(38, "nysv\0\0\0\0\0\0\0\0\0\0\0\0\272\350\261\2\17\3\0\0\30\17\3\0\0\0\0\0", 3200, MSG_DONTWAIT, NULL, NULL) = 32
10452 1783885078.584614 recvfrom(38, 0x7ff7a6fc30, 3200, MSG_DONTWAIT, NULL, NULL) = -1 EAGAIN (Try again)
10452 1783885078.585377 recvfrom(38, 0x7ff7a6f060, 3200, MSG_DONTWAIT, NULL, NULL) = -1 EAGAIN (Try again)
10474 1783885078.591657 recvfrom(42, "nysv\0\0\0\0\0\0\0\0\0\0\0\0\272\350\261\2\17\3\0\0\30\17\3\0\0\0\0\0", 3200, MSG_DONTWAIT, NULL, NULL) = 32
10474 1783885078.591927 recvfrom(42, 0x718f81ceb0, 3200, MSG_DONTWAIT, NULL, NULL) = -1 EAGAIN (Try again)
10452 1783885078.600522 recvfrom(38, "nysv\0\0\0\0\0\0\0\0\0\0\0\0\3448\260\3\17\3\0\0\31\17\3\0\0\0\0\0", 3200, MSG_DONTWAIT, NULL, NULL) = 32
10452 1783885078.601117 recvfrom(38, 0x7ff7a6fc30, 3200, MSG_DONTWAIT, NULL, NULL) = -1 EAGAIN (Try again)
10452 1783885078.601404 recvfrom(73, 0x71e53d3420, 2272, MSG_DONTWAIT, NULL, NULL) = -1 EAGAIN (Try again)
10452 1783885078.603879 recvfrom(38, 0x7ff7a6f060, 3200, MSG_DONTWAIT, NULL, NULL) = -1 EAGAIN (Try again)
10474 1783885078.607932 recvfrom(42, "nysv\0\0\0\0\0\0\0\0\0\0\0\0\3448\260\3\17\3\0\0\31\17\3\0\0\0\0\0", 3200, MSG_DONTWAIT, NULL, NULL) = 32
10474 1783885078.608206 recvfrom(42, 0x718f81ceb0, 3200, MSG_DONTWAIT, NULL, NULL) = -1 EAGAIN (Try again)
10452 1783885078.617615 recvfrom(38, "nysv\0\0\0\0\0\0\0\0\0\0\0\0\363\227\256\4\17\3\0\0\32\17\3\0\0\0\0\0", 3200, MSG_DONTWAIT, NULL, NULL) = 32
10452 1783885078.618115 recvfrom(38, 0x7ff7a6fc30, 3200, MSG_DONTWAIT, NULL, NULL) = -1 EAGAIN (Try again)
10452 1783885078.622409 recvfrom(73, 0x71e53d3420, 2272, MSG_DONTWAIT, NULL, NULL) = -1 EAGAIN (Try again)
10452 1783885078.623793 recvfrom(38, 0x7ff7a6f060, 3200, MSG_DONTWAIT, NULL, NULL) = -1 EAGAIN (Try again)
10474 1783885078.625265 recvfrom(42, "nysv\0\0\0\0\0\0\0\0\0\0\0\0\363\227\256\4\17\3\0\0\32\17\3\0\0\0\0\0", 3200, MSG_DONTWAIT, NULL, NULL) = 32
10474 1783885078.625401 recvfrom(42, 0x718f81ceb0, 3200, MSG_DONTWAIT, NULL, NULL) = -1 EAGAIN (Try again)
10452 1783885078.634197 recvfrom(38, "nysv\0\0\0\0\0\0\0\0\0\0\0\0s\0\255\5\17\3\0\0\33\17\3\0\0\0\0\0", 3200, MSG_DONTWAIT, NULL, NULL) = 32
10452 1783885078.634649 recvfrom(38, 0x7ff7a6fc30, 3200, MSG_DONTWAIT, NULL, NULL) = -1 EAGAIN (Try again)
10452 1783885078.634916 recvfrom(73, 0x71e53d3420, 2272, MSG_DONTWAIT, NULL, NULL) = -1 EAGAIN (Try again)
10452 1783885078.637286 recvfrom(38, 0x7ff7a6efd0, 3200, MSG_DONTWAIT, NULL, NULL) = -1 EAGAIN (Try again)
10474 1783885078.640845 recvfrom(42, "nysv\0\0\0\0\0\0\0\0\0\0\0\0s\0\255\5\17\3\0\0\33\17\3\0\0\0\0\0", 3200, MSG_DONTWAIT, NULL, NULL) = 32
10474 1783885078.641047 recvfrom(42, 0x718f81ceb0, 3200, MSG_DONTWAIT, NULL, NULL) = -1 EAGAIN (Try again)
10452 1783885078.651313 recvfrom(38, "nysv\0\0\0\0\0\0\0\0\0\0\0\0\235P\253\6\17\3\0\0\34\17\3\0\0\0\0\0", 3200, MSG_DONTWAIT, NULL, NULL) = 32
10452 1783885078.651736 recvfrom(38, 0x7ff7a6fc30, 3200, MSG_DONTWAIT, NULL, NULL) = -1 EAGAIN (Try again)
10452 1783885078.652009 recvfrom(73, 0x71e53d3420, 2272, MSG_DONTWAIT, NULL, NULL) = -1 EAGAIN (Try again)
10452 1783885078.655167 recvfrom(38, 0x7ff7a6fb90, 3200, MSG_DONTWAIT, NULL, NULL) = -1 EAGAIN (Try again)
10474 1783885078.658633 recvfrom(42, "nysv\0\0\0\0\0\0\0\0\0\0\0\0\235P\253\6\17\3\0\0\34\17\3\0\0\0\0\0", 3200, MSG_DONTWAIT, NULL, NULL) = 32
10474 1783885078.658892 recvfrom(42, 0x718f81ceb0, 3200, MSG_DONTWAIT, NULL, NULL) = -1 EAGAIN (Try again)
10452 1783885078.667417 recvfrom(38, "nysv\0\0\0\0\0\0\0\0\0\0\0\0\227\267\251\7\17\3\0\0\35\17\3\0\0\0\0\0", 3200, MSG_DONTWAIT, NULL, NULL) = 32
10452 1783885078.668042 recvfrom(38, 0x7ff7a6fc30, 3200, MSG_DONTWAIT, NULL, NULL) = -1 EAGAIN (Try again)
10452 1783885078.675358 recvfrom(38, 0x7ff7a6fb90, 3200, MSG_DONTWAIT, NULL, NULL) = -1 EAGAIN (Try again)
10474 1783885078.676287 recvfrom(42, "nysv\0\0\0\0\0\0\0\0\0\0\0\0\227\267\251\7\17\3\0\0\35\17\3\0\0\0\0\0", 3200, MSG_DONTWAIT, NULL, NULL) = 32
10474 1783885078.676451 recvfrom(42, 0x718f81ceb0, 3200, MSG_DONTWAIT, NULL, NULL) = -1 EAGAIN (Try again)
10452 1783885078.684697 recvfrom(38, "nysv\0\0\0\0\0\0\0\0\0\0\0\0\301\7\250\10\17\3\0\0\36\17\3\0\0\0\0\0", 3200, MSG_DONTWAIT, NULL, NULL) = 32
10452 1783885078.684843 recvfrom(38, 0x7ff7a6fc30, 3200, MSG_DONTWAIT, NULL, NULL) = -1 EAGAIN (Try again)
10452 1783885078.686526 recvfrom(38, 0x7ff7a6fb90, 3200, MSG_DONTWAIT, NULL, NULL) = -1 EAGAIN (Try again)
10474 1783885078.688604 recvfrom(42, "nysv\0\0\0\0\0\0\0\0\0\0\0\0\301\7\250\10\17\3\0\0\36\17\3\0\0\0\0\0", 3200, MSG_DONTWAIT, NULL, NULL) = 32
10474 1783885078.688743 recvfrom(42, 0x718f81ceb0, 3200, MSG_DONTWAIT, NULL, NULL) = -1 EAGAIN (Try again)
10452 1783885078.701829 recvfrom(38, "nysv\0\0\0\0\0\0\0\0\0\0\0\0\353W\246\t\17\3\0\0\37\17\3\0\0\0\0\0", 3200, MSG_DONTWAIT, NULL, NULL) = 32
10452 1783885078.702045 recvfrom(38, 0x7ff7a6fc30, 3200, MSG_DONTWAIT, NULL, NULL) = -1 EAGAIN (Try again)
10452 1783885078.702322 recvfrom(38, 0x7ff7a6fb90, 3200, MSG_DONTWAIT, NULL, NULL) = -1 EAGAIN (Try again)
10474 1783885078.703389 recvfrom(42, "nysv\0\0\0\0\0\0\0\0\0\0\0\0\353W\246\t\17\3\0\0\37\17\3\0\0\0\0\0", 3200, MSG_DONTWAIT, NULL, NULL) = 32
10474 1783885078.703531 recvfrom(42, 0x718f81ceb0, 3200, MSG_DONTWAIT, NULL, NULL) = -1 EAGAIN (Try again)
10452 1783885078.717969 recvfrom(38, "nysv\0\0\0\0\0\0\0\0\0\0\0\0\25\250\244\n\17\3\0\0 \17\3\0\0\0\0\0", 3200, MSG_DONTWAIT, NULL, NULL) = 32
10452 1783885078.718221 recvfrom(38, 0x7ff7a6fc30, 3200, MSG_DONTWAIT, NULL, NULL) = -1 EAGAIN (Try again)
10452 1783885078.721264 recvfrom(38, 0x7ff7a6fb90, 3200, MSG_DONTWAIT, NULL, NULL) = -1 EAGAIN (Try again)
10474 1783885078.724350 recvfrom(42, "nysv\0\0\0\0\0\0\0\0\0\0\0\0\25\250\244\n\17\3\0\0 \17\3\0\0\0\0\0", 3200, MSG_DONTWAIT, NULL, NULL) = 32
10474 1783885078.724618 recvfrom(42, 0x718f81ceb0, 3200, MSG_DONTWAIT, NULL, NULL) = -1 EAGAIN (Try again)
10452 1783885078.734417 recvfrom(38, "nysv\0\0\0\0\0\0\0\0\0\0\0\0?\370\242\v\17\3\0\0!\17\3\0\0\0\0\0", 3200, MSG_DONTWAIT, NULL, NULL) = 32
10452 1783885078.734675 recvfrom(38, 0x7ff7a6fc30, 3200, MSG_DONTWAIT, NULL, NULL) = -1 EAGAIN (Try again)
10452 1783885078.735261 recvfrom(38, 0x7ff7a6fb90, 3200, MSG_DONTWAIT, NULL, NULL) = -1 EAGAIN (Try again)
10474 1783885078.738244 recvfrom(42, "nysv\0\0\0\0\0\0\0\0\0\0\0\0?\370\242\v\17\3\0\0!\17\3\0\0\0\0\0", 3200, MSG_DONTWAIT, NULL, NULL) = 32
10474 1783885078.738454 recvfrom(42, 0x718f81ceb0, 3200, MSG_DONTWAIT, NULL, NULL) = -1 EAGAIN (Try again)
10452 1783885078.751371 recvfrom(38, "nysv\0\0\0\0\0\0\0\0\0\0\0\0iH\241\f\17\3\0\0\"\17\3\0\0\0\0\0", 3200, MSG_DONTWAIT, NULL, NULL) = 32
10452 1783885078.751765 recvfrom(38, 0x7ff7a6fc30, 3200, MSG_DONTWAIT, NULL, NULL) = -1 EAGAIN (Try again)
10452 1783885078.752091 recvfrom(38, 0x7ff7a6fb90, 3200, MSG_DONTWAIT, NULL, NULL) = -1 EAGAIN (Try again)
10474 1783885078.753627 recvfrom(42, "nysv\0\0\0\0\0\0\0\0\0\0\0\0iH\241\f\17\3\0\0\"\17\3\0\0\0\0\0", 3200, MSG_DONTWAIT, NULL, NULL) = 32
10474 1783885078.754654 recvfrom(42, 0x718f81ceb0, 3200, MSG_DONTWAIT, NULL, NULL) = -1 EAGAIN (Try again)
10452 1783885078.767585 recvfrom(38, "nysv\0\0\0\0\0\0\0\0\0\0\0\0=\271\237\r\17\3\0\0#\17\3\0\0\0\0\0", 3200, MSG_DONTWAIT, NULL, NULL) = 32
10452 1783885078.767983 recvfrom(38, 0x7ff7a6fc30, 3200, MSG_DONTWAIT, NULL, NULL) = -1 EAGAIN (Try again)
10474 1783885078.769569 recvfrom(42, "nysv\0\0\0\0\0\0\0\0\0\0\0\0=\271\237\r\17\3\0\0#\17\3\0\0\0\0\0", 3200, MSG_DONTWAIT, NULL, NULL) = 32
10474 1783885078.769846 recvfrom(42, 0x718f81ceb0, 3200, MSG_DONTWAIT, NULL, NULL) = -1 EAGAIN (Try again)
10474 1783885078.786837 recvfrom(42, "nysv\0\0\0\0\0\0\0\0\0\0\0\0\2F\236\16\17\3\0\0$\17\3\0\0\0\0\0", 3200, MSG_DONTWAIT, NULL, NULL) = 32
10474 1783885078.787072 recvfrom(42, 0x718f81ceb0, 3200, MSG_DONTWAIT, NULL, NULL) = -1 EAGAIN (Try again)
10474 1783885078.805189 recvfrom(42, "nysv\0\0\0\0\0\0\0\0\0\0\0\0,\226\234\17\17\3\0\0%\17\3\0\0\0\0\0", 3200, MSG_DONTWAIT, NULL, NULL) = 32
10474 1783885078.805360 recvfrom(42, 0x718f81cc80, 3200, MSG_DONTWAIT, NULL, NULL) = -1 EAGAIN (Try again)
10452 1783885080.036473 recvfrom(38, 0x7ff7a6fa00, 3200, MSG_DONTWAIT, NULL, NULL) = -1 EAGAIN (Try again)
10452 1783885080.051137 recvfrom(38, "nysv\0\0\0\0\0\0\0\0\0\0\0\0%\360\31Z\17\3\0\0p\17\3\0\0\0\0\0", 3200, MSG_DONTWAIT, NULL, NULL) = 32
10452 1783885080.051588 recvfrom(38, 0x7ff7a6fc30, 3200, MSG_DONTWAIT, NULL, NULL) = -1 EAGAIN (Try again)
10452 1783885080.052514 recvfrom(72, 0x71e546d820, 2272, MSG_DONTWAIT, NULL, NULL) = -1 EAGAIN (Try again)
10452 1783885080.053855 recvfrom(38, 0x7ff7a6ec30, 3200, MSG_DONTWAIT, NULL, NULL) = -1 EAGAIN (Try again)
10452 1783885080.069631 recvfrom(38, "nysv\0\0\0\0\0\0\0\0\0\0\0\0\31\332\27[\17\3\0\0q\17\3\0\0\0\0\0", 3200, MSG_DONTWAIT, NULL, NULL) = 32
10452 1783885080.070218 recvfrom(38, 0x7ff7a6fc30, 3200, MSG_DONTWAIT, NULL, NULL) = -1 EAGAIN (Try again)
10452 1783885080.070697 recvfrom(72, 0x71e546d820, 2272, MSG_DONTWAIT, NULL, NULL) = -1 EAGAIN (Try again)
10452 1783885080.074563 recvfrom(38, 0x7ff7a6ec30, 3200, MSG_DONTWAIT, NULL, NULL) = -1 EAGAIN (Try again)
10452 1783885080.083708 recvfrom(38, "nysv\0\0\0\0\0\0\0\0\0\0\0\0C*\26\\\17\3\0\0r\17\3\0\0\0\0\0", 3200, MSG_DONTWAIT, NULL, NULL) = 32
10452 1783885080.084285 recvfrom(38, 0x7ff7a6fc30, 3200, MSG_DONTWAIT, NULL, NULL) = -1 EAGAIN (Try again)
10452 1783885080.084656 recvfrom(72, 0x71e546d820, 2272, MSG_DONTWAIT, NULL, NULL) = -1 EAGAIN (Try again)
10452 1783885080.086946 recvfrom(38, 0x7ff7a6ec30, 3200, MSG_DONTWAIT, NULL, NULL) = -1 EAGAIN (Try again)
10452 1783885080.100279 recvfrom(38, "nysv\0\0\0\0\0\0\0\0\0\0\0\0\324\262\24]\17\3\0\0s\17\3\0\0\0\0\0", 3200, MSG_DONTWAIT, NULL, NULL) = 32
10452 1783885080.100703 recvfrom(38, 0x7ff7a6fc30, 3200, MSG_DONTWAIT, NULL, NULL) = -1 EAGAIN (Try again)
10452 1783885080.101017 recvfrom(72, 0x71e546d820, 2272, MSG_DONTWAIT, NULL, NULL) = -1 EAGAIN (Try again)
10452 1783885080.103696 recvfrom(38, 0x7ff7a6ec30, 3200, MSG_DONTWAIT, NULL, NULL) = -1 EAGAIN (Try again)
10452 1783885080.117021 recvfrom(38, "nysv\0\0\0\0\0\0\0\0\0\0\0\09S\23^\17\3\0\0t\17\3\0\0\0\0\0", 3200, MSG_DONTWAIT, NULL, NULL) = 32
10452 1783885080.117555 recvfrom(38, 0x7ff7a6fc30, 3200, MSG_DONTWAIT, NULL, NULL) = -1 EAGAIN (Try again)
10452 1783885080.117897 recvfrom(72, 0x71e546d820, 2272, MSG_DONTWAIT, NULL, NULL) = -1 EAGAIN (Try again)
10452 1783885080.119911 recvfrom(38, 0x7ff7a6ec30, 3200, MSG_DONTWAIT, NULL, NULL) = -1 EAGAIN (Try again)
10452 1783885080.133798 recvfrom(38, "nysv\0\0\0\0\0\0\0\0\0\0\0\0\222\317\21_\17\3\0\0u\17\3\0\0\0\0\0", 3200, MSG_DONTWAIT, NULL, NULL) = 32
10452 1783885080.134176 recvfrom(38, 0x7ff7a6fc30, 3200, MSG_DONTWAIT, NULL, NULL) = -1 EAGAIN (Try again)
10452 1783885080.134725 recvfrom(72, 0x71e546d820, 2272, MSG_DONTWAIT, NULL, NULL) = -1 EAGAIN (Try again)
10452 1783885080.135387 recvfrom(38, 0x7ff7a6ec30, 3200, MSG_DONTWAIT, NULL, NULL) = -1 EAGAIN (Try again)
10452 1783885080.150162 recvfrom(38, "nysv\0\0\0\0\0\0\0\0\0\0\0\0007\300\20`\17\3\0\0v\17\3\0\0\0\0\0", 3200, MSG_DONTWAIT, NULL, NULL) = 32
10452 1783885080.150587 recvfrom(38, 0x7ff7a6fc30, 3200, MSG_DONTWAIT, NULL, NULL) = -1 EAGAIN (Try again)
10452 1783885080.150911 recvfrom(72, 0x71e546d820, 2272, MSG_DONTWAIT, NULL, NULL) = -1 EAGAIN (Try again)
10452 1783885080.154271 recvfrom(38, 0x7ff7a6ec30, 3200, MSG_DONTWAIT, NULL, NULL) = -1 EAGAIN (Try again)
10452 1783885080.167272 recvfrom(38, "nysv\0\0\0\0\0\0\0\0\0\0\0\0\2740\17a\17\3\0\0w\17\3\0\0\0\0\0", 3200, MSG_DONTWAIT, NULL, NULL) = 32
10452 1783885080.167635 recvfrom(38, 0x7ff7a6fc30, 3200, MSG_DONTWAIT, NULL, NULL) = -1 EAGAIN (Try again)
10452 1783885080.168187 recvfrom(72, 0x71e546d820, 2272, MSG_DONTWAIT, NULL, NULL) = -1 EAGAIN (Try again)
10452 1783885080.168671 recvfrom(38, 0x7ff7a6ec30, 3200, MSG_DONTWAIT, NULL, NULL) = -1 EAGAIN (Try again)
10452 1783885080.183120 recvfrom(38, "nysv\0\0\0\0\0\0\0\0\0\0\0\0\205\322\rb\17\3\0\0x\17\3\0\0\0\0\0", 3200, MSG_DONTWAIT, NULL, NULL) = 32
10452 1783885080.183907 recvfrom(38, 0x7ff7a6fc30, 3200, MSG_DONTWAIT, NULL, NULL) = -1 EAGAIN (Try again)
10452 1783885080.184269 recvfrom(72, 0x71e546d820, 2272, MSG_DONTWAIT, NULL, NULL) = -1 EAGAIN (Try again)
10452 1783885080.188557 recvfrom(38, 0x7ff7a6ec30, 3200, MSG_DONTWAIT, NULL, NULL) = -1 EAGAIN (Try again)
10452 1783885080.200436 recvfrom(38, "nysv\0\0\0\0\0\0\0\0\0\0\0\0\355L\fc\17\3\0\0y\17\3\0\0\0\0\0", 3200, MSG_DONTWAIT, NULL, NULL) = 32
10452 1783885080.200907 recvfrom(38, 0x7ff7a6fc30, 3200, MSG_DONTWAIT, NULL, NULL) = -1 EAGAIN (Try again)
10452 1783885080.201234 recvfrom(72, 0x71e546d820, 2272, MSG_DONTWAIT, NULL, NULL) = -1 EAGAIN (Try again)
10452 1783885080.203229 recvfrom(38, 0x7ff7a6ec30, 3200, MSG_DONTWAIT, NULL, NULL) = -1 EAGAIN (Try again)
10452 1783885080.216950 recvfrom(38, "nysv\0\0\0\0\0\0\0\0\0\0\0\0\327\323\nd\17\3\0\0z\17\3\0\0\0\0\0", 3200, MSG_DONTWAIT, NULL, NULL) = 32
10452 1783885080.217371 recvfrom(38, 0x7ff7a6fc30, 3200, MSG_DONTWAIT, NULL, NULL) = -1 EAGAIN (Try again)
10452 1783885080.217700 recvfrom(72, 0x71e546d820, 2272, MSG_DONTWAIT, NULL, NULL) = -1 EAGAIN (Try again)
10452 1783885080.218167 recvfrom(38, 0x7ff7a6ec30, 3200, MSG_DONTWAIT, NULL, NULL) = -1 EAGAIN (Try again)
10452 1783885080.233715 recvfrom(38, "nysv\0\0\0\0\0\0\0\0\0\0\0\0\222R\te\17\3\0\0{\17\3\0\0\0\0\0", 3200, MSG_DONTWAIT, NULL, NULL) = 32
10452 1783885080.234150 recvfrom(38, 0x7ff7a6fc30, 3200, MSG_DONTWAIT, NULL, NULL) = -1 EAGAIN (Try again)
10452 1783885080.234529 recvfrom(72, 0x71e546d820, 2272, MSG_DONTWAIT, NULL, NULL) = -1 EAGAIN (Try again)
10452 1783885080.235164 recvfrom(38, 0x7ff7a6ec30, 3200, MSG_DONTWAIT, NULL, NULL) = -1 EAGAIN (Try again)
10452 1783885080.250686 recvfrom(38, "nysv\0\0\0\0\0\0\0\0\0\0\0\0\362\310\7f\17\3\0\0|\17\3\0\0\0\0\0", 3200, MSG_DONTWAIT, NULL, NULL) = 32
10452 1783885080.250919 recvfrom(38, 0x7ff7a6fc30, 3200, MSG_DONTWAIT, NULL, NULL) = -1 EAGAIN (Try again)
10452 1783885080.251728 recvfrom(72, 0x71e546d820, 2272, MSG_DONTWAIT, NULL, NULL) = -1 EAGAIN (Try again)
10452 1783885080.253833 recvfrom(38, 0x7ff7a6ec30, 3200, MSG_DONTWAIT, NULL, NULL) = -1 EAGAIN (Try again)
10452 1783885080.266936 recvfrom(38, "nysv\0\0\0\0\0\0\0\0\0\0\0\0`R\6g\17\3\0\0}\17\3\0\0\0\0\0", 3200, MSG_DONTWAIT, NULL, NULL) = 32
10452 1783885080.267395 recvfrom(38, 0x7ff7a6fc30, 3200, MSG_DONTWAIT, NULL, NULL) = -1 EAGAIN (Try again)
10452 1783885080.267750 recvfrom(72, 0x71e546d820, 2272, MSG_DONTWAIT, NULL, NULL) = -1 EAGAIN (Try again)
10452 1783885080.268463 recvfrom(38, 0x7ff7a6ec30, 3200, MSG_DONTWAIT, NULL, NULL) = -1 EAGAIN (Try again)
10452 1783885080.284124 recvfrom(38, "nysv\0\0\0\0\0\0\0\0\0\0\0\0`\303\4h\17\3\0\0~\17\3\0\0\0\0\0", 3200, MSG_DONTWAIT, NULL, NULL) = 32
10452 1783885080.284415 recvfrom(38, 0x7ff7a6fc30, 3200, MSG_DONTWAIT, NULL, NULL) = -1 EAGAIN (Try again)
10452 1783885080.285084 recvfrom(72, 0x71e546d820, 2272, MSG_DONTWAIT, NULL, NULL) = -1 EAGAIN (Try again)
10452 1783885080.285487 recvfrom(38, 0x7ff7a6ec30, 3200, MSG_DONTWAIT, NULL, NULL) = -1 EAGAIN (Try again)
10452 1783885080.299931 recvfrom(38, "nysv\0\0\0\0\0\0\0\0\0\0\0\0\vZ\3i\17\3\0\0\177\17\3\0\0\0\0\0", 3200, MSG_DONTWAIT, NULL, NULL) = 32
10452 1783885080.300391 recvfrom(38, 0x7ff7a6fc30, 3200, MSG_DONTWAIT, NULL, NULL) = -1 EAGAIN (Try again)
10452 1783885080.300861 recvfrom(72, 0x71e546d820, 2272, MSG_DONTWAIT, NULL, NULL) = -1 EAGAIN (Try again)
10452 1783885080.305227 recvfrom(38, 0x7ff7a6ec30, 3200, MSG_DONTWAIT, NULL, NULL) = -1 EAGAIN (Try again)
10452 1783885080.317191 recvfrom(38, "nysv\0\0\0\0\0\0\0\0\0\0\0\0\264\313\1j\17\3\0\0\200\17\3\0\0\0\0\0", 3200, MSG_DONTWAIT, NULL, NULL) = 32
10452 1783885080.317655 recvfrom(38, 0x7ff7a6fc30, 3200, MSG_DONTWAIT, NULL, NULL) = -1 EAGAIN (Try again)
10452 1783885080.317998 recvfrom(72, 0x71e546d820, 2272, MSG_DONTWAIT, NULL, NULL) = -1 EAGAIN (Try again)
