29399 1783878470.987790 recvfrom(61, "nysv\0\0\0\0\0\0\0\0\0\0\0\0u\300s\353t[\0\0\277\307[\0\0\0\0\0", 3200, MSG_DONTWAIT, NULL, NULL) = 32
29399 1783878470.988282 recvfrom(61, 0x7ffb999730, 3200, MSG_DONTWAIT, NULL, NULL) = -1 EAGAIN (Try again)
29399 1783878470.990974 recvfrom(63, 0x73ce62b420, 2272, MSG_DONTWAIT, NULL, NULL) = -1 EAGAIN (Try again)
29399 1783878470.993072 recvfrom(61, 0x7ffb9980e0, 3200, MSG_DONTWAIT, NULL, NULL) = -1 EAGAIN (Try again)
29399 1783878471.004787 recvfrom(61, "nysv\0\0\0\0\0\0\0\0\0\0\0\0\377$r\354t[\0\0\300\307[\0\0\0\0\0", 3200, MSG_DONTWAIT, NULL, NULL) = 32
29399 1783878471.005344 recvfrom(61, 0x7ffb999730, 3200, MSG_DONTWAIT, NULL, NULL) = -1 EAGAIN (Try again)
29399 1783878471.005737 recvfrom(63, 0x73ce62b420, 2272, MSG_DONTWAIT, NULL, NULL) = -1 EAGAIN (Try again)
29399 1783878471.588855 recvfrom(61, 0x7ffb9993c0, 3200, MSG_DONTWAIT, NULL, NULL) = -1 EAGAIN (Try again)
29399 1783878471.604593 recvfrom(61, "nysv\0\0\0\0\0\0\0\0\0\0\0\0B\17-\20u[\0\0\344\307[\0\0\0\0\0", 3200, MSG_DONTWAIT, NULL, NULL) = 32
29399 1783878471.605004 recvfrom(61, 0x7ffb999730, 3200, MSG_DONTWAIT, NULL, NULL) = -1 EAGAIN (Try again)
29399 1783878471.605710 recvfrom(63, 0x73ce62b420, 2272, MSG_DONTWAIT, NULL, NULL) = -1 EAGAIN (Try again)
29399 1783878471.607864 recvfrom(61, 0x7ffb9980e0, 3200, MSG_DONTWAIT, NULL, NULL) = -1 EAGAIN (Try again)
29399 1783878471.623380 recvfrom(61, "nysv\0\0\0\0\0\0\0\0\0\0\0\0\271\231+\21u[\0\0\345\307[\0\0\0\0\0", 3200, MSG_DONTWAIT, NULL, NULL) = 32
29399 1783878471.623605 recvfrom(61, 0x7ffb999730, 3200, MSG_DONTWAIT, NULL, NULL) = -1 EAGAIN (Try again)
29399 1783878471.624681 recvfrom(63, 0x73ce62b420, 2272, MSG_DONTWAIT, NULL, NULL) = -1 EAGAIN (Try again)
29399 1783878471.627676 recvfrom(61, 0x7ffb9980e0, 3200, MSG_DONTWAIT, NULL, NULL) = -1 EAGAIN (Try again)
29399 1783878471.640472 recvfrom(61, "nysv\0\0\0\0\0\0\0\0\0\0\0\0\240\233)\22u[\0\0\346\307[\0\0\0\0\0", 3200, MSG_DONTWAIT, NULL, NULL) = 32
29399 1783878471.641352 recvfrom(61, 0x7ffb999730, 3200, MSG_DONTWAIT, NULL, NULL) = -1 EAGAIN (Try again)
29399 1783878471.641909 recvfrom(63, 0x73ce62b420, 2272, MSG_DONTWAIT, NULL, NULL) = -1 EAGAIN (Try again)
29399 1783878471.642407 recvfrom(61, 0x7ffb9980e0, 3200, MSG_DONTWAIT, NULL, NULL) = -1 EAGAIN (Try again)
29399 1783878471.654722 recvfrom(61, "nysv\0\0\0\0\0\0\0\0\0\0\0\09\35(\23u[\0\0\347\307[\0\0\0\0\0", 3200, MSG_DONTWAIT, NULL, NULL) = 32
29399 1783878471.655231 recvfrom(61, 0x7ffb999730, 3200, MSG_DONTWAIT, NULL, NULL) = -1 EAGAIN (Try again)
29399 1783878471.655645 recvfrom(63, 0x73ce62b420, 2272, MSG_DONTWAIT, NULL, NULL) = -1 EAGAIN (Try again)
29399 1783878471.656117 recvfrom(61, 0x7ffb9980e0, 3200, MSG_DONTWAIT, NULL, NULL) = -1 EAGAIN (Try again)
29399 1783878471.676006 recvfrom(61, "nysv\0\0\0\0\0\0\0\0\0\0\0\0\200\216&\24u[\0\0\350\307[\0\0\0\0\0", 3200, MSG_DONTWAIT, NULL, NULL) = 32
29399 1783878471.677513 recvfrom(61, 0x7ffb999730, 3200, MSG_DONTWAIT, NULL, NULL) = -1 EAGAIN (Try again)
29399 1783878471.677977 recvfrom(63, 0x73ce62b420, 2272, MSG_DONTWAIT, NULL, NULL) = -1 EAGAIN (Try again)
29399 1783878471.682259 recvfrom(61, 0x7ffb9980e0, 3200, MSG_DONTWAIT, NULL, NULL) = -1 EAGAIN (Try again)
29399 1783878471.689133 recvfrom(61, "nysv\0\0\0\0\0\0\0\0\0\0\0\0\252\336$\25u[\0\0\351\307[\0\0\0\0\0", 3200, MSG_DONTWAIT, NULL, NULL) = 32
29399 1783878471.689298 recvfrom(61, 0x7ffb999730, 3200, MSG_DONTWAIT, NULL, NULL) = -1 EAGAIN (Try again)
29399 1783878471.690665 recvfrom(63, 0x73ce62b420, 2272, MSG_DONTWAIT, NULL, NULL) = -1 EAGAIN (Try again)
29399 1783878471.691442 recvfrom(61, 0x7ffb9980e0, 3200, MSG_DONTWAIT, NULL, NULL) = -1 EAGAIN (Try again)
29399 1783878471.704372 recvfrom(61, "nysv\0\0\0\0\0\0\0\0\0\0\0\0\324.#\26u[\0\0\352\307[\0\0\0\0\0", 3200, MSG_DONTWAIT, NULL, NULL) = 32
29399 1783878471.704673 recvfrom(61, 0x7ffb999730, 3200, MSG_DONTWAIT, NULL, NULL) = -1 EAGAIN (Try again)
29399 1783878471.705228 recvfrom(63, 0x73ce62b420, 2272, MSG_DONTWAIT, NULL, NULL) = -1 EAGAIN (Try again)
29399 1783878471.706756 recvfrom(61, 0x7ffb9980e0, 3200, MSG_DONTWAIT, NULL, NULL) = -1 EAGAIN (Try again)
29399 1783878471.721000 recvfrom(61, "nysv\0\0\0\0\0\0\0\0\0\0\0\0\345\252!\27u[\0\0\353\307[\0\0\0\0\0", 3200, MSG_DONTWAIT, NULL, NULL) = 32
29399 1783878471.721344 recvfrom(61, 0x7ffb999730, 3200, MSG_DONTWAIT, NULL, NULL) = -1 EAGAIN (Try again)
29399 1783878471.721917 recvfrom(63, 0x73ce62b420, 2272, MSG_DONTWAIT, NULL, NULL) = -1 EAGAIN (Try again)
29399 1783878471.722712 recvfrom(61, 0x7ffb9980e0, 3200, MSG_DONTWAIT, NULL, NULL) = -1 EAGAIN (Try again)
29399 1783878471.737850 recvfrom(61, "nysv\0\0\0\0\0\0\0\0\0\0\0\0,\36 \30u[\0\0\354\307[\0\0\0\0\0", 3200, MSG_DONTWAIT, NULL, NULL) = 32
29399 1783878471.738255 recvfrom(61, 0x7ffb999730, 3200, MSG_DONTWAIT, NULL, NULL) = -1 EAGAIN (Try again)
29399 1783878471.738557 recvfrom(63, 0x73ce62b420, 2272, MSG_DONTWAIT, NULL, NULL) = -1 EAGAIN (Try again)
29399 1783878471.741717 recvfrom(61, 0x7ffb9980e0, 3200, MSG_DONTWAIT, NULL, NULL) = -1 EAGAIN (Try again)
29399 1783878471.754687 recvfrom(61, "nysv\0\0\0\0\0\0\0\0\0\0\0\0rZ\36\31u[\0\0\355\307[\0\0\0\0\0", 3200, MSG_DONTWAIT, NULL, NULL) = 32
29399 1783878471.755177 recvfrom(61, 0x7ffb999730, 3200, MSG_DONTWAIT, NULL, NULL) = -1 EAGAIN (Try again)
29399 1783878471.755927 recvfrom(63, 0x73ce62b420, 2272, MSG_DONTWAIT, NULL, NULL) = -1 EAGAIN (Try again)
29399 1783878471.758010 recvfrom(61, 0x7ffb9980e0, 3200, MSG_DONTWAIT, NULL, NULL) = -1 EAGAIN (Try again)
29399 1783878471.771610 recvfrom(61, "nysv\0\0\0\0\0\0\0\0\0\0\0\0!\271\34\32u[\0\0\356\307[\0\0\0\0\0", 3200, MSG_DONTWAIT, NULL, NULL) = 32
29399 1783878471.772059 recvfrom(61, 0x7ffb999730, 3200, MSG_DONTWAIT, NULL, NULL) = -1 EAGAIN (Try again)
29399 1783878471.772507 recvfrom(63, 0x73ce62b420, 2272, MSG_DONTWAIT, NULL, NULL) = -1 EAGAIN (Try again)
29399 1783878471.775089 recvfrom(61, 0x7ffb9980e0, 3200, MSG_DONTWAIT, NULL, NULL) = -1 EAGAIN (Try again)
29399 1783878471.787585 recvfrom(61, "nysv\0\0\0\0\0\0\0\0\0\0\0\0\271=\33\33u[\0\0\357\307[\0\0\0\0\0", 3200, MSG_DONTWAIT, NULL, NULL) = 32
29399 1783878471.787953 recvfrom(61, 0x7ffb999730, 3200, MSG_DONTWAIT, NULL, NULL) = -1 EAGAIN (Try again)
29399 1783878471.788479 recvfrom(63, 0x73ce62b420, 2272, MSG_DONTWAIT, NULL, NULL) = -1 EAGAIN (Try again)
29399 1783878471.792541 recvfrom(61, 0x7ffb9980e0, 3200, MSG_DONTWAIT, NULL, NULL) = -1 EAGAIN (Try again)
29399 1783878471.804369 recvfrom(61, "nysv\0\0\0\0\0\0\0\0\0\0\0\0\22\276\31\34u[\0\0\360\307[\0\0\0\0\0", 3200, MSG_DONTWAIT, NULL, NULL) = 32
29399 1783878471.804740 recvfrom(61, 0x7ffb999730, 3200, MSG_DONTWAIT, NULL, NULL) = -1 EAGAIN (Try again)
29399 1783878471.805126 recvfrom(63, 0x73ce62b420, 2272, MSG_DONTWAIT, NULL, NULL) = -1 EAGAIN (Try again)
29399 1783878471.807674 recvfrom(61, 0x7ffb9980e0, 3200, MSG_DONTWAIT, NULL, NULL) = -1 EAGAIN (Try again)
29399 1783878471.821074 recvfrom(61, "nysv\0\0\0\0\0\0\0\0\0\0\0\0<\16\30\35u[\0\0\361\307[\0\0\0\0\0", 3200, MSG_DONTWAIT, NULL, NULL) = 32
29399 1783878471.821523 recvfrom(61, 0x7ffb999730, 3200, MSG_DONTWAIT, NULL, NULL) = -1 EAGAIN (Try again)
29399 1783878471.821848 recvfrom(63, 0x73ce62b420, 2272, MSG_DONTWAIT, NULL, NULL) = -1 EAGAIN (Try again)
29399 1783878471.824126 recvfrom(61, 0x7ffb9980e0, 3200, MSG_DONTWAIT, NULL, NULL) = -1 EAGAIN (Try again)
29399 1783878471.839193 recvfrom(61, "nysv\0\0\0\0\0\0\0\0\0\0\0\0[2\26\36u[\0\0\362\307[\0\0\0\0\0", 3200, MSG_DONTWAIT, NULL, NULL) = 32
29399 1783878471.839594 recvfrom(61, 0x7ffb999730, 3200, MSG_DONTWAIT, NULL, NULL) = -1 EAGAIN (Try again)
29399 1783878471.839929 recvfrom(63, 0x73ce62b420, 2272, MSG_DONTWAIT, NULL, NULL) = -1 EAGAIN (Try again)
29399 1783878471.843476 recvfrom(61, 0x7ffb9980e0, 3200, MSG_DONTWAIT, NULL, NULL) = -1 EAGAIN (Try again)
29399 1783878471.854641 recvfrom(61, "nysv\0\0\0\0\0\0\0\0\0\0\0\0\213\231\24\37u[\0\0\363\307[\0\0\0\0\0", 3200, MSG_DONTWAIT, NULL, NULL) = 32
29399 1783878471.855218 recvfrom(61, 0x7ffb999730, 3200, MSG_DONTWAIT, NULL, NULL) = -1 EAGAIN (Try again)
29399 1783878471.855575 recvfrom(63, 0x73ce62b420, 2272, MSG_DONTWAIT, NULL, NULL) = -1 EAGAIN (Try again)
29409 1783878473.379138 exit(0 <unfinished ...>
29408 1783878473.379182 exit(0 <unfinished ...>
29409 1783878473.379295 <... exit resumed>) = ?
29408 1783878473.379340 <... exit resumed>) = ?
29409 1783878473.379490 +++ exited with 0 +++
29408 1783878473.379516 +++ exited with 0 +++
29405 1783878473.379653 exit(0)         = ?
29405 1783878473.379912 +++ exited with 0 +++
29404 1783878473.379923 exit(0)         = ?
29404 1783878473.380263 +++ exited with 0 +++
29419 1783878473.383279 newfstatat(AT_FDCWD, "/data", {st_mode=S_IFDIR|0771, st_size=4096, ...}, AT_SYMLINK_NOFOLLOW) = 0
29419 1783878473.383860 newfstatat(AT_FDCWD, "/data/app", {st_mode=S_IFDIR|0771, st_size=4096, ...}, AT_SYMLINK_NOFOLLOW) = 0
29419 1783878473.384177 newfstatat(AT_FDCWD, "/data/app/InfinityLoop1309.NewPipeEnhanced-IdxxVIcN2tLTdTr0lhqycA==", {st_mode=S_IFDIR|0775, st_size=4096, ...}, AT_SYMLINK_NOFOLLOW) = 0
29419 1783878473.384365 newfstatat(AT_FDCWD, "/data/app/InfinityLoop1309.NewPipeEnhanced-IdxxVIcN2tLTdTr0lhqycA==/base.apk", {st_mode=S_IFREG|0644, st_size=30882826, ...}, AT_SYMLINK_NOFOLLOW) = 0
29419 1783878473.384621 getcwd("/", 4096) = 2
29419 1783878473.384831 newfstatat(AT_FDCWD, "/base.apk", 0x73d3a46690, AT_SYMLINK_NOFOLLOW) = -1 ENOENT (No such file or directory)
29399 1783878483.217821 recvfrom(63, "\2\0\0\0\0\0\0\0M\17\1\0\0\0\0\0\0\230C\304w[\0\0\1\0\0\0\2\20\0\0"..., 2272, MSG_DONTWAIT, NULL, NULL) = 232
29399 1783878483.218858 sendto(63, "\3\0\0\0\0\0\0\0M\17\1\0\1\0\0\0", 16, MSG_DONTWAIT|MSG_NOSIGNAL, NULL, 0) = 16
29399 1783878483.219228 recvfrom(63, 0x73ce62b420, 2272, MSG_DONTWAIT, NULL, NULL) = -1 EAGAIN (Try again)
29399 1783878483.220533 recvfrom(63, "\2\0\0\0\0\0\0\0O\17\1\0\0\0\0\0\0\230C\304w[\0\0\1\0\0\0\2\20\0\0"..., 2272, MSG_DONTWAIT, NULL, NULL) = 232
29399 1783878483.220830 recvfrom(61, 0x7ffb9969c0, 3200, MSG_DONTWAIT, NULL, NULL) = -1 EAGAIN (Try again)
29399 1783878483.221616 sendto(63, "\3\0\0\0\0\0\0\0O\17\1\0\1\0\0\0", 16, MSG_DONTWAIT|MSG_NOSIGNAL, NULL, 0) = 16
29399 1783878483.221817 recvfrom(63, 0x73ce62b420, 2272, MSG_DONTWAIT, NULL, NULL) = -1 EAGAIN (Try again)
29399 1783878483.237099 recvfrom(61, "nysv\0\0\0\0\0\0\0\0\0\0\0\0\264Y\215\305w[\0\0\236\312[\0\0\0\0\0", 3200, MSG_DONTWAIT, NULL, NULL) = 32
29399 1783878483.237296 recvfrom(61, 0x7ffb999730, 3200, MSG_DONTWAIT, NULL, NULL) = -1 EAGAIN (Try again)
29399 1783878483.237610 recvfrom(63, 0x73ce62b420, 2272, MSG_DONTWAIT, NULL, NULL) = -1 EAGAIN (Try again)
29399 1783878483.237791 recvfrom(61, 0x7ffb999690, 3200, MSG_DONTWAIT, NULL, NULL) = -1 EAGAIN (Try again)
29432 1783878483.244590 recvfrom(58, 0x7370031eb0, 3200, MSG_DONTWAIT, NULL, NULL) = -1 EAGAIN (Try again)
29399 1783878483.245083 socket(AF_UNIX, SOCK_DGRAM|SOCK_CLOEXEC|SOCK_NONBLOCK, 0) = 97
29399 1783878483.245299 setsockopt(97, SOL_SOCKET, SO_SNDBUF, [1048576], 4) = 0
29399 1783878483.245471 connect(97, {sa_family=AF_UNIX, sun_path="/dev/socket/statsdw"}, 110) = 0
29432 1783878483.254063 recvfrom(58, "nysv\0\0\0\0\0\0\0\0\0\0\0\0\235\330\213\306w[\0\0\237\312[\0\0\0\0\0", 3200, MSG_DONTWAIT, NULL, NULL) = 32
29432 1783878483.254099 recvfrom(58, 0x7370031c80, 3200, MSG_DONTWAIT, NULL, NULL) = -1 EAGAIN (Try again)
29478 1783878483.254718 sendmsg(98, {msg_name=NULL, msg_namelen=0, msg_iov=[{iov_base="l\1\1\1\344\0\0\0L\0\0\0\235\0\0\0\1\1o\0;\0\0\0/re/frid"..., iov_len=404}], msg_iovlen=1, msg_controllen=0, msg_flags=0}, MSG_NOSIGNAL) = 404
29432 1783878483.266119 recvfrom(58, 0x7370031eb0, 3200, MSG_DONTWAIT, NULL, NULL) = -1 EAGAIN (Try again)
29399 1783878483.268076 recvfrom(61, "nysv\0\0\0\0\0\0\0\0\0\0\0\0\235\330\213\306w[\0\0\237\312[\0\0\0\0\0", 3200, MSG_DONTWAIT, NULL, NULL) = 32
29399 1783878483.268243 recvfrom(61, 0x7ffb999730, 3200, MSG_DONTWAIT, NULL, NULL) = -1 EAGAIN (Try again)
29399 1783878483.269028 recvfrom(61, 0x7ffb999690, 3200, MSG_DONTWAIT, NULL, NULL) = -1 EAGAIN (Try again)
29432 1783878483.271048 recvfrom(58, "nysv\0\0\0\0\0\0\0\0\0\0\0\0nL\212\307w[\0\0\240\312[\0\0\0\0\0", 3200, MSG_DONTWAIT, NULL, NULL) = 32
29432 1783878483.271064 recvfrom(58, 0x7370031c80, 3200, MSG_DONTWAIT, NULL, NULL) = -1 EAGAIN (Try again)
29478 1783878483.275944 sendmsg(98, {msg_name=NULL, msg_namelen=0, msg_iov=[{iov_base="l\1\1\1\360\0\0\0M\0\0\0\235\0\0\0\1\1o\0;\0\0\0/re/frid"..., iov_len=416}], msg_iovlen=1, msg_controllen=0, msg_flags=0}, MSG_NOSIGNAL) = 416
29432 1783878483.280050 recvfrom(58, 0x7370031eb0, 3200, MSG_DONTWAIT, NULL, NULL) = -1 EAGAIN (Try again)
29432 1783878483.287219 recvfrom(58, "nysv\0\0\0\0\0\0\0\0\0\0\0\0E\332\210\310w[\0\0\241\312[\0\0\0\0\0", 3200, MSG_DONTWAIT, NULL, NULL) = 32
29432 1783878483.287238 recvfrom(58, 0x7370031c80, 3200, MSG_DONTWAIT, NULL, NULL) = -1 EAGAIN (Try again)
29432 1783878483.296081 recvfrom(58, 0x7370031eb0, 3200, MSG_DONTWAIT, NULL, NULL) = -1 EAGAIN (Try again)
29432 1783878483.303557 recvfrom(58, "nysv\0\0\0\0\0\0\0\0\0\0\0\0ow\207\311w[\0\0\242\312[\0\0\0\0\0", 3200, MSG_DONTWAIT, NULL, NULL) = 32
29432 1783878483.303580 recvfrom(58, 0x7370031c80, 3200, MSG_DONTWAIT, NULL, NULL) = -1 EAGAIN (Try again)
29478 1783878483.307779 sendmsg(98, {msg_name=NULL, msg_namelen=0, msg_iov=[{iov_base="l\1\1\1\f\1\0\0N\0\0\0\235\0\0\0\1\1o\0;\0\0\0/re/frid"..., iov_len=444}], msg_iovlen=1, msg_controllen=0, msg_flags=0}, MSG_NOSIGNAL) = 444
29432 1783878483.312820 recvfrom(58, 0x7370031eb0, 3200, MSG_DONTWAIT, NULL, NULL) = -1 EAGAIN (Try again)
29432 1783878483.320597 recvfrom(58, "nysv\0\0\0\0\0\0\0\0\0\0\0\0\231\307\205\312w[\0\0\243\312[\0\0\0\0\0", 3200, MSG_DONTWAIT, NULL, NULL) = 32
29432 1783878483.320619 recvfrom(58, 0x7370031c80, 3200, MSG_DONTWAIT, NULL, NULL) = -1 EAGAIN (Try again)
29432 1783878483.329983 recvfrom(58, 0x7370031eb0, 3200, MSG_DONTWAIT, NULL, NULL) = -1 EAGAIN (Try again)
29432 1783878483.337293 recvfrom(58, "nysv\0\0\0\0\0\0\0\0\0\0\0\0\303\27\204\313w[\0\0\244\312[\0\0\0\0\0", 3200, MSG_DONTWAIT, NULL, NULL) = 32
29432 1783878483.337318 recvfrom(58, 0x7370031c80, 3200, MSG_DONTWAIT, NULL, NULL) = -1 EAGAIN (Try again)
29432 1783878483.347227 recvfrom(58, 0x7370031eb0, 3200, MSG_DONTWAIT, NULL, NULL) = -1 EAGAIN (Try again)
29432 1783878483.354178 recvfrom(58, "nysv\0\0\0\0\0\0\0\0\0\0\0\0_\235\202\314w[\0\0\245\312[\0\0\0\0\0", 3200, MSG_DONTWAIT, NULL, NULL) = 32
29432 1783878483.354205 recvfrom(58, 0x7370031c80, 3200, MSG_DONTWAIT, NULL, NULL) = -1 EAGAIN (Try again)
29432 1783878483.363509 recvfrom(58, 0x7370031eb0, 3200, MSG_DONTWAIT, NULL, NULL) = -1 EAGAIN (Try again)
29432 1783878483.369049 recvfrom(58, 0x7370031eb0, 3200, MSG_DONTWAIT, NULL, NULL) = -1 EAGAIN (Try again)
29432 1783878483.370575 recvfrom(58, "nysv\0\0\0\0\0\0\0\0\0\0\0\0\211\355\200\315w[\0\0\246\312[\0\0\0\0\0", 3200, MSG_DONTWAIT, NULL, NULL) = 32
29432 1783878483.370599 recvfrom(58, 0x7370031c80, 3200, MSG_DONTWAIT, NULL, NULL) = -1 EAGAIN (Try again)
29432 1783878483.379668 recvfrom(58, 0x7370031eb0, 3200, MSG_DONTWAIT, NULL, NULL) = -1 EAGAIN (Try again)
29478 1783878483.382326 sendmsg(98, {msg_name=NULL, msg_namelen=0, msg_iov=[{iov_base="l\1\1\1\374\0\0\0O\0\0\0\235\0\0\0\1\1o\0;\0\0\0/re/frid"..., iov_len=428}], msg_iovlen=1, msg_controllen=0, msg_flags=0}, MSG_NOSIGNAL) = 428
29432 1783878483.386905 recvfrom(58, "nysv\0\0\0\0\0\0\0\0\0\0\0\0 \212\177\316w[\0\0\247\312[\0\0\0\0\0", 3200, MSG_DONTWAIT, NULL, NULL) = 32
29432 1783878483.386924 recvfrom(58, 0x7370031c80, 3200, MSG_DONTWAIT, NULL, NULL) = -1 EAGAIN (Try again)
29432 1783878483.396481 recvfrom(58, 0x7370031eb0, 3200, MSG_DONTWAIT, NULL, NULL) = -1 EAGAIN (Try again)
29478 1783878483.399181 sendmsg(98, {msg_name=NULL, msg_namelen=0, msg_iov=[{iov_base="l\1\1\1\374\0\0\0P\0\0\0\235\0\0\0\1\1o\0;\0\0\0/re/frid"..., iov_len=428}], msg_iovlen=1, msg_controllen=0, msg_flags=0}, MSG_NOSIGNAL) = 428
29432 1783878483.403662 recvfrom(58, "nysv\0\0\0\0\0\0\0\0\0\0\0\0\317%~\317w[\0\0\250\312[\0\0\0\0\0", 3200, MSG_DONTWAIT, NULL, NULL) = 32
29432 1783878483.403682 recvfrom(58, 0x7370031c80, 3200, MSG_DONTWAIT, NULL, NULL) = -1 EAGAIN (Try again)
29478 1783878483.404922 sendmsg(98, {msg_name=NULL, msg_namelen=0, msg_iov=[{iov_base="l\1\1\1\0\1\0\0Q\0\0\0\235\0\0\0\1\1o\0;\0\0\0/re/frid"..., iov_len=432}], msg_iovlen=1, msg_controllen=0, msg_flags=0}, MSG_NOSIGNAL) = 432
29432 1783878483.413117 recvfrom(58, 0x7370031eb0, 3200, MSG_DONTWAIT, NULL, NULL) = -1 EAGAIN (Try again)
29478 1783878483.418984 sendmsg(98, {msg_name=NULL, msg_namelen=0, msg_iov=[{iov_base="l\1\1\1\374\0\0\0R\0\0\0\235\0\0\0\1\1o\0;\0\0\0/re/frid"..., iov_len=428}], msg_iovlen=1, msg_controllen=0, msg_flags=0}, MSG_NOSIGNAL) = 428
29432 1783878483.420211 recvfrom(58, "nysv\0\0\0\0\0\0\0\0\0\0\0\0\315\277|\320w[\0\0\251\312[\0\0\0\0\0", 3200, MSG_DONTWAIT, NULL, NULL) = 32
29432 1783878483.420233 recvfrom(58, 0x7370031c80, 3200, MSG_DONTWAIT, NULL, NULL) = -1 EAGAIN (Try again)
29432 1783878483.429899 recvfrom(58, 0x7370031eb0, 3200, MSG_DONTWAIT, NULL, NULL) = -1 EAGAIN (Try again)
29478 1783878483.433032 sendmsg(98, {msg_name=NULL, msg_namelen=0, msg_iov=[{iov_base="l\1\1\1\0\1\0\0S\0\0\0\235\0\0\0\1\1o\0;\0\0\0/re/frid"..., iov_len=432}], msg_iovlen=1, msg_controllen=0, msg_flags=0}, MSG_NOSIGNAL) = 432
29432 1783878483.437280 recvfrom(58, "nysv\0\0\0\0\0\0\0\0\0\0\0\0\353F{\321w[\0\0\252\312[\0\0\0\0\0", 3200, MSG_DONTWAIT, NULL, NULL) = 32
29432 1783878483.437301 recvfrom(58, 0x7370031c80, 3200, MSG_DONTWAIT, NULL, NULL) = -1 EAGAIN (Try again)
29432 1783878483.446456 recvfrom(58, 0x7370031eb0, 3200, MSG_DONTWAIT, NULL, NULL) = -1 EAGAIN (Try again)
29432 1783878483.454266 recvfrom(58, "nysv\0\0\0\0\0\0\0\0\0\0\0\0\25\227y\322w[\0\0\253\312[\0\0\0\0\0", 3200, MSG_DONTWAIT, NULL, NULL) = 32
29432 1783878483.454287 recvfrom(58, 0x7370031c80, 3200, MSG_DONTWAIT, NULL, NULL) = -1 EAGAIN (Try again)
29447 1783878483.455422 socket(AF_UNIX, SOCK_STREAM|SOCK_CLOEXEC, 0) = 100
29447 1783878483.455453 setsockopt(100, SOL_SOCKET, SO_REUSEADDR, [1], 4) = 0
29447 1783878483.455462 connect(100, {sa_family=AF_UNIX, sun_path="/dev/socket/dnsproxyd"}, 110) = 0
29432 1783878483.463455 recvfrom(58, 0x7370031eb0, 3200, MSG_DONTWAIT, NULL, NULL) = -1 EAGAIN (Try again)
29447 1783878483.467392 socket(AF_INET6, SOCK_STREAM, IPPROTO_IP) = 100
29447 1783878483.468662 getsockopt(100, SOL_SOCKET, SO_PROTOCOL, [6], [4]) = 0
29447 1783878483.468692 getsockopt(100, SOL_SOCKET, SO_DOMAIN, [10], [4]) = 0
29447 1783878483.468698 socket(AF_UNIX, SOCK_STREAM|SOCK_CLOEXEC, 0) = 101
29447 1783878483.468707 connect(101, {sa_family=AF_UNIX, sun_path="/dev/socket/fwmarkd"}, 110) = 0
29447 1783878483.468760 sendmsg(101, {msg_name=NULL, msg_namelen=0, msg_iov=[{iov_base="\1\0\0\0\0\0\0\0\0\0\0\0\0\0\0\0", iov_len=16}, {iov_base=NULL, iov_len=0}], msg_iovlen=2, msg_control=[{cmsg_len=20, cmsg_level=SOL_SOCKET, cmsg_type=SCM_RIGHTS, cmsg_data=[100]}], msg_controllen=24, msg_flags=0}, 0) = 16
29447 1783878483.468821 recvfrom(101, "\0\0\0\0", 4, 0, NULL, NULL) = 4
29447 1783878483.468951 connect(100, {sa_family=AF_INET6, sin6_port=htons(443), inet_pton(AF_INET6, "::ffff:216.239.34.223", &sin6_addr), sin6_flowinfo=htonl(0), sin6_scope_id=0}, 28) = -1 EINPROGRESS (Operation now in progress)
29447 1783878483.469238 socket(AF_UNIX, SOCK_STREAM|SOCK_CLOEXEC, 0) = 101
29447 1783878483.469246 connect(101, {sa_family=AF_UNIX, sun_path="/dev/socket/fwmarkd"}, 110) = 0
29447 1783878483.469255 sendmsg(101, {msg_name=NULL, msg_namelen=0, msg_iov=[{iov_base="\6\0\0\0\0\0\0\0\0\0\0\0\0\0\0\0", iov_len=16}, {iov_base="s\0\0\0\0\0\0\0\n\0\1\273\0\0\0\0\0\0\0\0\0\0\0\0\0\0\377\377\330\357\"\337"..., iov_len=36}], msg_iovlen=2, msg_control=[{cmsg_len=20, cmsg_level=SOL_SOCKET, cmsg_type=SCM_RIGHTS, cmsg_data=[100]}], msg_controllen=24, msg_flags=0}, 0) = 52
29447 1783878483.469266 recvfrom(101, "\0\0\0\0", 4, 0, NULL, NULL) = 4
29478 1783878483.469684 sendmsg(98, {msg_name=NULL, msg_namelen=0, msg_iov=[{iov_base="l\1\1\1\374\0\0\0T\0\0\0\235\0\0\0\1\1o\0;\0\0\0/re/frid"..., iov_len=428}], msg_iovlen=1, msg_controllen=0, msg_flags=0}, MSG_NOSIGNAL) = 428
29432 1783878483.470654 recvfrom(58, "nysv\0\0\0\0\0\0\0\0\0\0\0\0\207(x\323w[\0\0\254\312[\0\0\0\0\0", 3200, MSG_DONTWAIT, NULL, NULL) = 32
29432 1783878483.470672 recvfrom(58, 0x7370031c80, 3200, MSG_DONTWAIT, NULL, NULL) = -1 EAGAIN (Try again)
29432 1783878483.487423 recvfrom(58, "nysv\0\0\0\0\0\0\0\0\0\0\0\0\345\262v\324w[\0\0\255\312[\0\0\0\0\0", 3200, MSG_DONTWAIT, NULL, NULL) = 32
29432 1783878483.487448 recvfrom(58, 0x7370031c80, 3200, MSG_DONTWAIT, NULL, NULL) = -1 EAGAIN (Try again)
29478 1783878483.489598 sendmsg(98, {msg_name=NULL, msg_namelen=0, msg_iov=[{iov_base="l\1\1\1\204\1\0\0U\0\0\0\235\0\0\0\1\1o\0;\0\0\0/re/frid"..., iov_len=564}], msg_iovlen=1, msg_controllen=0, msg_flags=0}, MSG_NOSIGNAL <unfinished ...>
29447 1783878483.490133 getsockopt(100, SOL_SOCKET, SO_ERROR,  <unfinished ...>
29478 1783878483.490166 <... sendmsg resumed> ) = 564
29447 1783878483.490189 <... getsockopt resumed> [0], [4]) = 0
29447 1783878483.490219 getsockname(100, {sa_family=AF_INET6, sin6_port=htons(60564), inet_pton(AF_INET6, "::ffff:10.0.2.15", &sin6_addr), sin6_flowinfo=htonl(0), sin6_scope_id=0}, [128->28]) = 0
29478 1783878483.499413 sendmsg(98, {msg_name=NULL, msg_namelen=0, msg_iov=[{iov_base="l\1\1\1\f\1\0\0V\0\0\0\235\0\0\0\1\1o\0;\0\0\0/re/frid"..., iov_len=444}], msg_iovlen=1, msg_controllen=0, msg_flags=0}, MSG_NOSIGNAL) = 444
29399 1783878483.508951 recvfrom(61, "nysv\0\0\0\0\0\0\0\0\0\0\0\0nL\212\307w[\0\0\240\312[\0\0\0\0\0", 3200, MSG_DONTWAIT, NULL, NULL) = 32
29399 1783878483.509113 recvfrom(61, 0x7ffb999730, 3200, MSG_DONTWAIT, NULL, NULL) = -1 EAGAIN (Try again)
29399 1783878483.509268 recvfrom(63, 0x73ce62b420, 2272, MSG_DONTWAIT, NULL, NULL) = -1 EAGAIN (Try again)
29399 1783878483.509456 recvfrom(61, 0x7ffb999690, 3200, MSG_DONTWAIT, NULL, NULL) = -1 EAGAIN (Try again)
29399 1783878483.529271 recvfrom(61, "nysv\0\0\0\0\0\0\0\0\0\0\0\0\33\337s\326w[\0\0\257\312[\0\0\0\0\0", 3200, MSG_DONTWAIT, NULL, NULL) = 32
29447 1783878483.531051 faccessat(AT_FDCWD, "/system/etc/security/cacerts/4bed5e67.0", F_OK) = -1 ENOENT (No such file or directory)
29399 1783878483.531226 recvfrom(61, 0x7ffb999730, 3200, MSG_DONTWAIT, NULL, NULL) = -1 EAGAIN (Try again)
29478 1783878483.531786 sendmsg(98, {msg_name=NULL, msg_namelen=0, msg_iov=[{iov_base="l\1\1\1\340\0\0\0W\0\0\0\235\0\0\0\1\1o\0;\0\0\0/re/frid"..., iov_len=400}], msg_iovlen=1, msg_controllen=0, msg_flags=0}, MSG_NOSIGNAL) = 400
29478 1783878483.532499 sendmsg(98, {msg_name=NULL, msg_namelen=0, msg_iov=[{iov_base="l\1\1\1\304\0\0\0X\0\0\0\235\0\0\0\1\1o\0;\0\0\0/re/frid"..., iov_len=372}], msg_iovlen=1, msg_controllen=0, msg_flags=0}, MSG_NOSIGNAL) = 372
29478 1783878483.533445 sendmsg(98, {msg_name=NULL, msg_namelen=0, msg_iov=[{iov_base="l\1\1\1\340\0\0\0Y\0\0\0\235\0\0\0\1\1o\0;\0\0\0/re/frid"..., iov_len=400}], msg_iovlen=1, msg_controllen=0, msg_flags=0}, MSG_NOSIGNAL) = 400
29478 1783878483.534110 sendmsg(98, {msg_name=NULL, msg_namelen=0, msg_iov=[{iov_base="l\1\1\1\304\0\0\0Z\0\0\0\235\0\0\0\1\1o\0;\0\0\0/re/frid"..., iov_len=372}], msg_iovlen=1, msg_controllen=0, msg_flags=0}, MSG_NOSIGNAL <unfinished ...>
29447 1783878483.534153 faccessat(AT_FDCWD, "/system/etc/security/cacerts/a148a8a3.0", F_OK) = -1 ENOENT (No such file or directory)
29478 1783878483.534407 <... sendmsg resumed> ) = 372
29478 1783878483.534812 sendmsg(98, {msg_name=NULL, msg_namelen=0, msg_iov=[{iov_base="l\1\1\1\340\0\0\0[\0\0\0\235\0\0\0\1\1o\0;\0\0\0/re/frid"..., iov_len=400}], msg_iovlen=1, msg_controllen=0, msg_flags=0}, MSG_NOSIGNAL) = 400
29478 1783878483.535569 sendmsg(98, {msg_name=NULL, msg_namelen=0, msg_iov=[{iov_base="l\1\1\1\304\0\0\0\\\0\0\0\235\0\0\0\1\1o\0;\0\0\0/re/frid"..., iov_len=372}], msg_iovlen=1, msg_controllen=0, msg_flags=0}, MSG_NOSIGNAL) = 372
29447 1783878483.540337 socketpair(AF_UNIX, SOCK_STREAM, 0, [101, 102]) = 0
29447 1783878483.540380 shutdown(101, SHUT_RDWR) = 0
29447 1783878483.540387 getsockopt(102, SOL_SOCKET, SO_ERROR, [0], [4]) = 0
29447 1783878483.540395 getsockopt(102, SOL_SOCKET, SO_LINGER, {l_onoff=0, l_linger=0}, [8]) = 0
29447 1783878483.540423 getsockopt(101, SOL_SOCKET, SO_ERROR, [0], [4]) = 0
29447 1783878483.540429 getsockopt(101, SOL_SOCKET, SO_LINGER, {l_onoff=0, l_linger=0}, [8]) = 0
29447 1783878483.540439 getsockopt(100, SOL_SOCKET, SO_ERROR, [0], [4]) = 0
29447 1783878483.540450 getsockopt(100, SOL_SOCKET, SO_LINGER, {l_onoff=0, l_linger=0}, [8]) = 0
29447 1783878483.542427 clone(child_stack=0x73cfa3bd40, flags=CLONE_VM|CLONE_FS|CLONE_FILES|CLONE_SIGHAND|CLONE_THREAD|CLONE_SYSVSEM|CLONE_SETTLS|CLONE_PARENT_SETTID|CLONE_CHILD_CLEARTID, parent_tidptr=0x73cfa3bd60, tls=0x73cfa3c020, child_tidptr=0x73cfa3bd60) = 29531
29447 1783878483.543209 socket(AF_INET6, SOCK_STREAM, IPPROTO_IP) = 100
29447 1783878483.544900 getsockopt(100, SOL_SOCKET, SO_PROTOCOL, [6], [4]) = 0
29447 1783878483.544917 getsockopt(100, SOL_SOCKET, SO_DOMAIN, [10], [4]) = 0
29447 1783878483.544925 socket(AF_UNIX, SOCK_STREAM|SOCK_CLOEXEC, 0 <unfinished ...>
29478 1783878483.544928 sendmsg(98, {msg_name=NULL, msg_namelen=0, msg_iov=[{iov_base="l\1\1\1\340\0\0\0]\0\0\0\235\0\0\0\1\1o\0;\0\0\0/re/frid"..., iov_len=400}], msg_iovlen=1, msg_controllen=0, msg_flags=0}, MSG_NOSIGNAL <unfinished ...>
29447 1783878483.544975 <... socket resumed> ) = 101
29447 1783878483.544981 connect(101, {sa_family=AF_UNIX, sun_path="/dev/socket/fwmarkd"}, 110) = 0
29447 1783878483.544996 sendmsg(101, {msg_name=NULL, msg_namelen=0, msg_iov=[{iov_base="\1\0\0\0\0\0\0\0\0\0\0\0\0\0\0\0", iov_len=16}, {iov_base=NULL, iov_len=0}], msg_iovlen=2, msg_control=[{cmsg_len=20, cmsg_level=SOL_SOCKET, cmsg_type=SCM_RIGHTS, cmsg_data=[100]}], msg_controllen=24, msg_flags=0}, 0 <unfinished ...>
29478 1783878483.545004 <... sendmsg resumed> ) = 400
29447 1783878483.545045 <... sendmsg resumed> ) = 16
29447 1783878483.545050 recvfrom(101, "\0\0\0\0", 4, 0, NULL, NULL) = 4
29447 1783878483.545300 connect(100, {sa_family=AF_INET6, sin6_port=htons(443), inet_pton(AF_INET6, "::ffff:216.239.34.223", &sin6_addr), sin6_flowinfo=htonl(0), sin6_scope_id=0}, 28) = -1 EINPROGRESS (Operation now in progress)
29447 1783878483.545437 socket(AF_UNIX, SOCK_STREAM|SOCK_CLOEXEC, 0) = 101
29447 1783878483.545446 connect(101, {sa_family=AF_UNIX, sun_path="/dev/socket/fwmarkd"}, 110) = 0
29447 1783878483.545745 sendmsg(101, {msg_name=NULL, msg_namelen=0, msg_iov=[{iov_base="\6\0\0\0\0\0\0\0\0\0\0\0\0\0\0\0", iov_len=16}, {iov_base="s\0\0\0\0\0\0\0\n\0\1\273\0\0\0\0\0\0\0\0\0\0\0\0\0\0\377\377\330\357\"\337"..., iov_len=36}], msg_iovlen=2, msg_control=[{cmsg_len=20, cmsg_level=SOL_SOCKET, cmsg_type=SCM_RIGHTS, cmsg_data=[100]}], msg_controllen=24, msg_flags=0}, 0) = 52
29447 1783878483.545756 recvfrom(101,  <unfinished ...>
29478 1783878483.546020 sendmsg(98, {msg_name=NULL, msg_namelen=0, msg_iov=[{iov_base="l\1\1\1\304\0\0\0^\0\0\0\235\0\0\0\1\1o\0;\0\0\0/re/frid"..., iov_len=372}], msg_iovlen=1, msg_controllen=0, msg_flags=0}, MSG_NOSIGNAL <unfinished ...>
29447 1783878483.546084 <... recvfrom resumed> "\0\0\0\0", 4, 0, NULL, NULL) = 4
29478 1783878483.546208 <... sendmsg resumed> ) = 372
29478 1783878483.546722 sendmsg(98, {msg_name=NULL, msg_namelen=0, msg_iov=[{iov_base="l\1\1\1\340\0\0\0_\0\0\0\235\0\0\0\1\1o\0;\0\0\0/re/frid"..., iov_len=400}], msg_iovlen=1, msg_controllen=0, msg_flags=0}, MSG_NOSIGNAL) = 400
29478 1783878483.547602 sendmsg(98, {msg_name=NULL, msg_namelen=0, msg_iov=[{iov_base="l\1\1\1\304\0\0\0`\0\0\0\235\0\0\0\1\1o\0;\0\0\0/re/frid"..., iov_len=372}], msg_iovlen=1, msg_controllen=0, msg_flags=0}, MSG_NOSIGNAL) = 372
29478 1783878483.548164 sendmsg(98, {msg_name=NULL, msg_namelen=0, msg_iov=[{iov_base="l\1\1\1\340\0\0\0a\0\0\0\235\0\0\0\1\1o\0;\0\0\0/re/frid"..., iov_len=400}], msg_iovlen=1, msg_controllen=0, msg_flags=0}, MSG_NOSIGNAL) = 400
29478 1783878483.548795 sendmsg(98, {msg_name=NULL, msg_namelen=0, msg_iov=[{iov_base="l\1\1\1\304\0\0\0b\0\0\0\235\0\0\0\1\1o\0;\0\0\0/re/frid"..., iov_len=372}], msg_iovlen=1, msg_controllen=0, msg_flags=0}, MSG_NOSIGNAL) = 372
29478 1783878483.549362 sendmsg(98, {msg_name=NULL, msg_namelen=0, msg_iov=[{iov_base="l\1\1\1\340\0\0\0c\0\0\0\235\0\0\0\1\1o\0;\0\0\0/re/frid"..., iov_len=400}], msg_iovlen=1, msg_controllen=0, msg_flags=0}, MSG_NOSIGNAL) = 400
29478 1783878483.549933 sendmsg(98, {msg_name=NULL, msg_namelen=0, msg_iov=[{iov_base="l\1\1\1\304\0\0\0d\0\0\0\235\0\0\0\1\1o\0;\0\0\0/re/frid"..., iov_len=372}], msg_iovlen=1, msg_controllen=0, msg_flags=0}, MSG_NOSIGNAL) = 372
29478 1783878483.550665 sendmsg(98, {msg_name=NULL, msg_namelen=0, msg_iov=[{iov_base="l\1\1\1\340\0\0\0e\0\0\0\235\0\0\0\1\1o\0;\0\0\0/re/frid"..., iov_len=400}], msg_iovlen=1, msg_controllen=0, msg_flags=0}, MSG_NOSIGNAL) = 400
29478 1783878483.551355 sendmsg(98, {msg_name=NULL, msg_namelen=0, msg_iov=[{iov_base="l\1\1\1\304\0\0\0f\0\0\0\235\0\0\0\1\1o\0;\0\0\0/re/frid"..., iov_len=372}], msg_iovlen=1, msg_controllen=0, msg_flags=0}, MSG_NOSIGNAL) = 372
29478 1783878483.552224 sendmsg(98, {msg_name=NULL, msg_namelen=0, msg_iov=[{iov_base="l\1\1\1\374\0\0\0g\0\0\0\235\0\0\0\1\1o\0;\0\0\0/re/frid"..., iov_len=428}], msg_iovlen=1, msg_controllen=0, msg_flags=0}, MSG_NOSIGNAL) = 428
29447 1783878483.561140 getsockopt(100, SOL_SOCKET, SO_ERROR, [0], [4]) = 0
29447 1783878483.561162 getsockname(100, {sa_family=AF_INET6, sin6_port=htons(60566), inet_pton(AF_INET6, "::ffff:10.0.2.15", &sin6_addr), sin6_flowinfo=htonl(0), sin6_scope_id=0}, [128->28]) = 0
29399 1783878483.584475 recvfrom(63, 0x73ce62b420, 2272, MSG_DONTWAIT, NULL, NULL) = -1 EAGAIN (Try again)
29399 1783878483.584646 recvfrom(61, 0x7ffb999690, 3200, MSG_DONTWAIT, NULL, NULL) = -1 EAGAIN (Try again)
29447 1783878483.600898 faccessat(AT_FDCWD, "/system/etc/security/cacerts/4bed5e67.0", F_OK) = -1 ENOENT (No such file or directory)
29478 1783878483.601500 sendmsg(98, {msg_name=NULL, msg_namelen=0, msg_iov=[{iov_base="l\1\1\1\340\0\0\0h\0\0\0\235\0\0\0\1\1o\0;\0\0\0/re/frid"..., iov_len=400}], msg_iovlen=1, msg_controllen=0, msg_flags=0}, MSG_NOSIGNAL) = 400
29478 1783878483.602303 sendmsg(98, {msg_name=NULL, msg_namelen=0, msg_iov=[{iov_base="l\1\1\1\304\0\0\0i\0\0\0\235\0\0\0\1\1o\0;\0\0\0/re/frid"..., iov_len=372}], msg_iovlen=1, msg_controllen=0, msg_flags=0}, MSG_NOSIGNAL) = 372
29447 1783878483.603722 faccessat(AT_FDCWD, "/system/etc/security/cacerts/a148a8a3.0", F_OK) = -1 ENOENT (No such file or directory)
29478 1783878483.606412 sendmsg(98, {msg_name=NULL, msg_namelen=0, msg_iov=[{iov_base="l\1\1\1\340\0\0\0j\0\0\0\235\0\0\0\1\1o\0;\0\0\0/re/frid"..., iov_len=400}], msg_iovlen=1, msg_controllen=0, msg_flags=0}, MSG_NOSIGNAL) = 400
29478 1783878483.606818 sendmsg(98, {msg_name=NULL, msg_namelen=0, msg_iov=[{iov_base="l\1\1\1\304\0\0\0k\0\0\0\235\0\0\0\1\1o\0;\0\0\0/re/frid"..., iov_len=372}], msg_iovlen=1, msg_controllen=0, msg_flags=0}, MSG_NOSIGNAL) = 372
29432 1783878483.607698 recvfrom(58, 0x7370031eb0, 3200, MSG_DONTWAIT, NULL, NULL) = -1 EAGAIN (Try again)
29478 1783878483.607831 sendmsg(98, {msg_name=NULL, msg_namelen=0, msg_iov=[{iov_base="l\1\1\1\340\0\0\0l\0\0\0\235\0\0\0\1\1o\0;\0\0\0/re/frid"..., iov_len=400}], msg_iovlen=1, msg_controllen=0, msg_flags=0}, MSG_NOSIGNAL) = 400
29478 1783878483.609570 sendmsg(98, {msg_name=NULL, msg_namelen=0, msg_iov=[{iov_base="l\1\1\1\304\0\0\0m\0\0\0\235\0\0\0\1\1o\0;\0\0\0/re/frid"..., iov_len=372}], msg_iovlen=1, msg_controllen=0, msg_flags=0}, MSG_NOSIGNAL) = 372
29478 1783878483.610443 sendmsg(98, {msg_name=NULL, msg_namelen=0, msg_iov=[{iov_base="l\1\1\1\340\0\0\0n\0\0\0\235\0\0\0\1\1o\0;\0\0\0/re/frid"..., iov_len=400}], msg_iovlen=1, msg_controllen=0, msg_flags=0}, MSG_NOSIGNAL) = 400
29478 1783878483.610791 sendmsg(98, {msg_name=NULL, msg_namelen=0, msg_iov=[{iov_base="l\1\1\1\304\0\0\0o\0\0\0\235\0\0\0\1\1o\0;\0\0\0/re/frid"..., iov_len=372}], msg_iovlen=1, msg_controllen=0, msg_flags=0}, MSG_NOSIGNAL) = 372
29478 1783878483.611308 sendmsg(98, {msg_name=NULL, msg_namelen=0, msg_iov=[{iov_base="l\1\1\1\340\0\0\0p\0\0\0\235\0\0\0\1\1o\0;\0\0\0/re/frid"..., iov_len=400}], msg_iovlen=1, msg_controllen=0, msg_flags=0}, MSG_NOSIGNAL) = 400
29478 1783878483.611793 sendmsg(98, {msg_name=NULL, msg_namelen=0, msg_iov=[{iov_base="l\1\1\1\304\0\0\0q\0\0\0\235\0\0\0\1\1o\0;\0\0\0/re/frid"..., iov_len=372}], msg_iovlen=1, msg_controllen=0, msg_flags=0}, MSG_NOSIGNAL) = 372
29478 1783878483.612174 sendmsg(98, {msg_name=NULL, msg_namelen=0, msg_iov=[{iov_base="l\1\1\1\340\0\0\0r\0\0\0\235\0\0\0\1\1o\0;\0\0\0/re/frid"..., iov_len=400}], msg_iovlen=1, msg_controllen=0, msg_flags=0}, MSG_NOSIGNAL) = 400
29478 1783878483.612642 sendmsg(98, {msg_name=NULL, msg_namelen=0, msg_iov=[{iov_base="l\1\1\1\304\0\0\0s\0\0\0\235\0\0\0\1\1o\0;\0\0\0/re/frid"..., iov_len=372}], msg_iovlen=1, msg_controllen=0, msg_flags=0}, MSG_NOSIGNAL) = 372
29478 1783878483.613040 sendmsg(98, {msg_name=NULL, msg_namelen=0, msg_iov=[{iov_base="l\1\1\1\340\0\0\0t\0\0\0\235\0\0\0\1\1o\0;\0\0\0/re/frid"..., iov_len=400}], msg_iovlen=1, msg_controllen=0, msg_flags=0}, MSG_NOSIGNAL) = 400
29478 1783878483.613442 sendmsg(98, {msg_name=NULL, msg_namelen=0, msg_iov=[{iov_base="l\1\1\1\304\0\0\0u\0\0\0\235\0\0\0\1\1o\0;\0\0\0/re/frid"..., iov_len=372}], msg_iovlen=1, msg_controllen=0, msg_flags=0}, MSG_NOSIGNAL) = 372
29478 1783878483.613876 sendmsg(98, {msg_name=NULL, msg_namelen=0, msg_iov=[{iov_base="l\1\1\1\340\0\0\0v\0\0\0\235\0\0\0\1\1o\0;\0\0\0/re/frid"..., iov_len=400}], msg_iovlen=1, msg_controllen=0, msg_flags=0}, MSG_NOSIGNAL) = 400
29478 1783878483.615800 sendmsg(98, {msg_name=NULL, msg_namelen=0, msg_iov=[{iov_base="l\1\1\1\304\0\0\0w\0\0\0\235\0\0\0\1\1o\0;\0\0\0/re/frid"..., iov_len=372}], msg_iovlen=1, msg_controllen=0, msg_flags=0}, MSG_NOSIGNAL) = 372
29399 1783878483.617623 recvfrom(61, "nysv\0\0\0\0\0\0\0\0\0\0\0\0\357\0n\332w[\0\0\263\312[\0\0\0\0\0", 3200, MSG_DONTWAIT, NULL, NULL) = 32
29399 1783878483.617796 recvfrom(61, 0x7ffb999730, 3200, MSG_DONTWAIT, NULL, NULL) = -1 EAGAIN (Try again)
29432 1783878483.620597 recvfrom(58, "nysv\0\0\0\0\0\0\0\0\0\0\0\0\225\340j\334w[\0\0\265\312[\0\0\0\0\0", 3200, MSG_DONTWAIT, NULL, NULL) = 32
29432 1783878483.620610 recvfrom(58, 0x7370031c80, 3200, MSG_DONTWAIT, NULL, NULL) = -1 EAGAIN (Try again)
29399 1783878483.623259 recvfrom(63, 0x73ce62b420, 2272, MSG_DONTWAIT, NULL, NULL) = -1 EAGAIN (Try again)
29399 1783878483.623444 recvfrom(61, 0x7ffb999690, 3200, MSG_DONTWAIT, NULL, NULL) = -1 EAGAIN (Try again)
29467 1783878483.626406 clone(child_stack=0x73cf842d40, flags=CLONE_VM|CLONE_FS|CLONE_FILES|CLONE_SIGHAND|CLONE_THREAD|CLONE_SYSVSEM|CLONE_SETTLS|CLONE_PARENT_SETTID|CLONE_CHILD_CLEARTID, parent_tidptr=0x73cf842d60, tls=0x73cf843020, child_tidptr=0x73cf842d60) = 29532
29432 1783878483.630015 recvfrom(58, 0x7370031eb0, 3200, MSG_DONTWAIT, NULL, NULL) = -1 EAGAIN (Try again)
29432 1783878483.631312 recvfrom(58, 0x7370031eb0, 3200, MSG_DONTWAIT, NULL, NULL) = -1 EAGAIN (Try again)
29432 1783878483.638352 recvfrom(58, "nysv\0\0\0\0\0\0\0\0\0\0\0\0\2770i\335w[\0\0\266\312[\0\0\0\0\0", 3200, MSG_DONTWAIT, NULL, NULL) = 32
29432 1783878483.638374 recvfrom(58, 0x7370031c80, 3200, MSG_DONTWAIT, NULL, NULL) = -1 EAGAIN (Try again)
29399 1783878483.638720 recvfrom(61, "nysv\0\0\0\0\0\0\0\0\0\0\0\0\2770i\335w[\0\0\266\312[\0\0\0\0\0", 3200, MSG_DONTWAIT, NULL, NULL) = 32
29399 1783878483.638963 recvfrom(61, 0x7ffb999730, 3200, MSG_DONTWAIT, NULL, NULL) = -1 EAGAIN (Try again)
29399 1783878483.642245 recvfrom(61, 0x7ffb998b10, 3200, MSG_DONTWAIT, NULL, NULL) = -1 EAGAIN (Try again)
29432 1783878483.650429 recvfrom(58, 0x7370031eb0, 3200, MSG_DONTWAIT, NULL, NULL) = -1 EAGAIN (Try again)
29432 1783878483.650444 recvfrom(58, 0x7370031eb0, 3200, MSG_DONTWAIT, NULL, NULL) = -1 EAGAIN (Try again)
29432 1783878483.653988 recvfrom(58, "nysv\0\0\0\0\0\0\0\0\0\0\0\0O\263g\336w[\0\0\267\312[\0\0\0\0\0", 3200, MSG_DONTWAIT, NULL, NULL) = 32
29432 1783878483.654011 recvfrom(58, 0x7370031c80, 3200, MSG_DONTWAIT, NULL, NULL) = -1 EAGAIN (Try again)
29478 1783878483.656009 sendmsg(98, {msg_name=NULL, msg_namelen=0, msg_iov=[{iov_base="l\1\1\1\220\1\0\0x\0\0\0\235\0\0\0\1\1o\0;\0\0\0/re/frid"..., iov_len=576}], msg_iovlen=1, msg_controllen=0, msg_flags=0}, MSG_NOSIGNAL) = 576
29432 1783878483.663308 recvfrom(58, 0x7370031eb0, 3200, MSG_DONTWAIT, NULL, NULL) = -1 EAGAIN (Try again)
29478 1783878483.669054 sendmsg(98, {msg_name=NULL, msg_namelen=0, msg_iov=[{iov_base="l\1\1\1\f\1\0\0y\0\0\0\235\0\0\0\1\1o\0;\0\0\0/re/frid"..., iov_len=444}], msg_iovlen=1, msg_controllen=0, msg_flags=0}, MSG_NOSIGNAL) = 444
29432 1783878483.670485 recvfrom(58, "nysv\0\0\0\0\0\0\0\0\0\0\0\0!Bf\337w[\0\0\270\312[\0\0\0\0\0", 3200, MSG_DONTWAIT, NULL, NULL) = 32
29432 1783878483.670521 recvfrom(58, 0x7370031c80, 3200, MSG_DONTWAIT, NULL, NULL) = -1 EAGAIN (Try again)
29432 1783878483.679959 recvfrom(58, 0x7370031eb0, 3200, MSG_DONTWAIT, NULL, NULL) = -1 EAGAIN (Try again)
29432 1783878483.682351 recvfrom(58, 0x7370031eb0, 3200, MSG_DONTWAIT, NULL, NULL) = -1 EAGAIN (Try again)
29399 1783878483.682926 recvfrom(61, "nysv\0\0\0\0\0\0\0\0\0\0\0\0O\263g\336w[\0\0\267\312[\0\0\0\0\0", 3200, MSG_DONTWAIT, NULL, NULL) = 32
29399 1783878483.683136 recvfrom(61, 0x7ffb999730, 3200, MSG_DONTWAIT, NULL, NULL) = -1 EAGAIN (Try again)
29399 1783878483.683399 recvfrom(63, 0x73ce62b420, 2272, MSG_DONTWAIT, NULL, NULL) = -1 EAGAIN (Try again)
29399 1783878483.683562 recvfrom(61, 0x7ffb999690, 3200, MSG_DONTWAIT, NULL, NULL) = -1 EAGAIN (Try again)
29432 1783878483.684019 recvfrom(58, 0x7370031eb0, 3200, MSG_DONTWAIT, NULL, NULL) = -1 EAGAIN (Try again)
29432 1783878483.684743 recvfrom(58, 0x7370031eb0, 3200, MSG_DONTWAIT, NULL, NULL) = -1 EAGAIN (Try again)
29432 1783878483.687303 recvfrom(58, "nysv\0\0\0\0\0\0\0\0\0\0\0\0\376\306d\340w[\0\0\271\312[\0\0\0\0\0", 3200, MSG_DONTWAIT, NULL, NULL) = 32
29432 1783878483.687318 recvfrom(58, 0x7370031c80, 3200, MSG_DONTWAIT, NULL, NULL) = -1 EAGAIN (Try again)
29399 1783878483.687914 recvfrom(61, "nysv\0\0\0\0\0\0\0\0\0\0\0\0\376\306d\340w[\0\0\271\312[\0\0\0\0\0", 3200, MSG_DONTWAIT, NULL, NULL) = 32
29399 1783878483.688053 recvfrom(61, 0x7ffb999730, 3200, MSG_DONTWAIT, NULL, NULL) = -1 EAGAIN (Try again)
29399 1783878483.689343 recvfrom(63, 0x73ce62b420, 2272, MSG_DONTWAIT, NULL, NULL) = -1 EAGAIN (Try again)
29399 1783878483.689681 recvfrom(61, 0x7ffb999690, 3200, MSG_DONTWAIT, NULL, NULL) = -1 EAGAIN (Try again)
29432 1783878483.690934 recvfrom(58, 0x7370031eb0, 3200, MSG_DONTWAIT, NULL, NULL) = -1 EAGAIN (Try again)
29432 1783878483.699437 recvfrom(58, 0x7370031eb0, 3200, MSG_DONTWAIT, NULL, NULL) = -1 EAGAIN (Try again)
29447 1783878483.701808 clone(child_stack=0x73cf6d9d40, flags=CLONE_VM|CLONE_FS|CLONE_FILES|CLONE_SIGHAND|CLONE_THREAD|CLONE_SYSVSEM|CLONE_SETTLS|CLONE_PARENT_SETTID|CLONE_CHILD_CLEARTID, parent_tidptr=0x73cf6d9d60, tls=0x73cf6da020, child_tidptr=0x73cf6d9d60) = 29533
29432 1783878483.708340 recvfrom(58, "nysv\0\0\0\0\0\0\0\0\0\0\0\0\226\217c\341w[\0\0\272\312[\0\0\0\0\0", 3200, MSG_DONTWAIT, NULL, NULL) = 32
29432 1783878483.708400 recvfrom(58, 0x7370031c80, 3200, MSG_DONTWAIT, NULL, NULL) = -1 EAGAIN (Try again)
29432 1783878483.717884 recvfrom(58, 0x7370031eb0, 3200, MSG_DONTWAIT, NULL, NULL) = -1 EAGAIN (Try again)
29533 1783878483.717958 socket(AF_UNIX, SOCK_STREAM|SOCK_CLOEXEC, 0) = 103
29533 1783878483.718449 setsockopt(103, SOL_SOCKET, SO_REUSEADDR, [1], 4) = 0
29533 1783878483.720025 connect(103, {sa_family=AF_UNIX, sun_path="/dev/socket/dnsproxyd"}, 110) = 0
29432 1783878483.720494 recvfrom(58, "nysv\0\0\0\0\0\0\0\0\0\0\0\0\363\34b\342w[\0\0\273\312[\0\0\0\0\0", 3200, MSG_DONTWAIT, NULL, NULL) = 32
29432 1783878483.720508 recvfrom(58, 0x7370031c80, 3200, MSG_DONTWAIT, NULL, NULL) = -1 EAGAIN (Try again)
29432 1783878483.731180 recvfrom(58, 0x7370031eb0, 3200, MSG_DONTWAIT, NULL, NULL) = -1 EAGAIN (Try again)
29399 1783878483.736183 recvfrom(61, "nysv\0\0\0\0\0\0\0\0\0\0\0\0\226\217c\341w[\0\0\272\312[\0\0\0\0\0", 3200, MSG_DONTWAIT, NULL, NULL) = 32
29399 1783878483.736345 recvfrom(61,  <unfinished ...>
29533 1783878483.736415 socket(AF_INET6, SOCK_STREAM, IPPROTO_IP <unfinished ...>
29399 1783878483.736434 <... recvfrom resumed> 0x7ffb999730, 3200, MSG_DONTWAIT, NULL, NULL) = -1 EAGAIN (Try again)
29533 1783878483.736520 <... socket resumed> ) = 103
29432 1783878483.737218 recvfrom(58, "nysv\0\0\0\0\0\0\0\0\0\0\0\0\327\250`\343w[\0\0\274\312[\0\0\0\0\0", 3200, MSG_DONTWAIT, NULL, NULL) = 32
29432 1783878483.737232 recvfrom(58, 0x7370031c80, 3200, MSG_DONTWAIT, NULL, NULL) = -1 EAGAIN (Try again)
29399 1783878483.737511 recvfrom(63, 0x73ce62b420, 2272, MSG_DONTWAIT, NULL, NULL) = -1 EAGAIN (Try again)
29399 1783878483.738049 recvfrom(61, 0x7ffb9989e0, 3200, MSG_DONTWAIT, NULL, NULL) = -1 EAGAIN (Try again)
29432 1783878483.740994 recvfrom(58, 0x7370031eb0, 3200, MSG_DONTWAIT, NULL, NULL) = -1 EAGAIN (Try again)
29478 1783878483.743097 sendmsg(98, {msg_name=NULL, msg_namelen=0, msg_iov=[{iov_base="l\1\1\1\374\0\0\0z\0\0\0\235\0\0\0\1\1o\0;\0\0\0/re/frid"..., iov_len=428}], msg_iovlen=1, msg_controllen=0, msg_flags=0}, MSG_NOSIGNAL <unfinished ...>
29533 1783878483.743153 getsockopt(103, SOL_SOCKET, SO_PROTOCOL, [6], [4]) = 0
29478 1783878483.743261 <... sendmsg resumed> ) = 428
29533 1783878483.743371 getsockopt(103, SOL_SOCKET, SO_DOMAIN, [10], [4]) = 0
29533 1783878483.743819 socket(AF_UNIX, SOCK_STREAM|SOCK_CLOEXEC, 0) = 104
29533 1783878483.743943 connect(104, {sa_family=AF_UNIX, sun_path="/dev/socket/fwmarkd"}, 110) = 0
29533 1783878483.744225 sendmsg(104, {msg_name=NULL, msg_namelen=0, msg_iov=[{iov_base="\1\0\0\0\0\0\0\0\0\0\0\0\0\0\0\0", iov_len=16}, {iov_base=NULL, iov_len=0}], msg_iovlen=2, msg_control=[{cmsg_len=20, cmsg_level=SOL_SOCKET, cmsg_type=SCM_RIGHTS, cmsg_data=[103]}], msg_controllen=24, msg_flags=0}, 0) = 16
29533 1783878483.744510 recvfrom(104, "\0\0\0\0", 4, 0, NULL, NULL) = 4
29533 1783878483.744991 connect(103, {sa_family=AF_INET6, sin6_port=htons(443), inet_pton(AF_INET6, "::ffff:104.21.47.95", &sin6_addr), sin6_flowinfo=htonl(0), sin6_scope_id=0}, 28) = -1 EINPROGRESS (Operation now in progress)
29533 1783878483.746094 socket(AF_UNIX, SOCK_STREAM|SOCK_CLOEXEC, 0) = 104
29533 1783878483.746239 connect(104, {sa_family=AF_UNIX, sun_path="/dev/socket/fwmarkd"}, 110) = 0
29533 1783878483.746411 sendmsg(104, {msg_name=NULL, msg_namelen=0, msg_iov=[{iov_base="\6\0\0\0\0\0\0\0\0\0\0\0\0\0\0\0", iov_len=16}, {iov_base="s\0\0\0\1\0\0\0\n\0\1\273\0\0\0\0\0\0\0\0\0\0\0\0\0\0\377\377h\25/_"..., iov_len=36}], msg_iovlen=2, msg_control=[{cmsg_len=20, cmsg_level=SOL_SOCKET, cmsg_type=SCM_RIGHTS, cmsg_data=[103]}], msg_controllen=24, msg_flags=0}, 0) = 52
29533 1783878483.747641 recvfrom(104, "\0\0\0\0", 4, 0, NULL, NULL) = 4
29432 1783878483.748233 recvfrom(58, 0x7370031eb0, 3200, MSG_DONTWAIT, NULL, NULL) = -1 EAGAIN (Try again)
29432 1783878483.754531 recvfrom(58, "nysv\0\0\0\0\0\0\0\0\0\0\0\0\266\20_\344w[\0\0\275\312[\0\0\0\0\0", 3200, MSG_DONTWAIT, NULL, NULL) = 32
29432 1783878483.754550 recvfrom(58, 0x7370031c80, 3200, MSG_DONTWAIT, NULL, NULL) = -1 EAGAIN (Try again)
29399 1783878483.754710 recvfrom(61, "nysv\0\0\0\0\0\0\0\0\0\0\0\0\266\20_\344w[\0\0\275\312[\0\0\0\0\0", 3200, MSG_DONTWAIT, NULL, NULL) = 32
29399 1783878483.755223 recvfrom(61, 0x7ffb999730, 3200, MSG_DONTWAIT, NULL, NULL) = -1 EAGAIN (Try again)
29399 1783878483.755530 recvfrom(63, 0x73ce62b420, 2272, MSG_DONTWAIT, NULL, NULL) = -1 EAGAIN (Try again)
29399 1783878483.757210 recvfrom(61, 0x7ffb9989e0, 3200, MSG_DONTWAIT, NULL, NULL) = -1 EAGAIN (Try again)
29533 1783878483.758760 getsockopt(103, SOL_SOCKET, SO_ERROR, [0], [4]) = 0
29533 1783878483.759439 getsockname(103, {sa_family=AF_INET6, sin6_port=htons(56558), inet_pton(AF_INET6, "::ffff:10.0.2.15", &sin6_addr), sin6_flowinfo=htonl(0), sin6_scope_id=0}, [128->28]) = 0
29432 1783878483.767065 recvfrom(58, 0x7370031eb0, 3200, MSG_DONTWAIT, NULL, NULL) = -1 EAGAIN (Try again)
29432 1783878483.767085 recvfrom(58, 0x7370031eb0, 3200, MSG_DONTWAIT, NULL, NULL) = -1 EAGAIN (Try again)
29432 1783878483.767963 recvfrom(58, 0x7370031eb0, 3200, MSG_DONTWAIT, NULL, NULL) = -1 EAGAIN (Try again)
29432 1783878483.770682 recvfrom(58, "nysv\0\0\0\0\0\0\0\0\0\0\0\0\274\220]\345w[\0\0\276\312[\0\0\0\0\0", 3200, MSG_DONTWAIT, NULL, NULL) = 32
29432 1783878483.770702 recvfrom(58, 0x7370031c80, 3200, MSG_DONTWAIT, NULL, NULL) = -1 EAGAIN (Try again)
29399 1783878483.770850 recvfrom(61, "nysv\0\0\0\0\0\0\0\0\0\0\0\0\274\220]\345w[\0\0\276\312[\0\0\0\0\0", 3200, MSG_DONTWAIT, NULL, NULL) = 32
29399 1783878483.771315 recvfrom(61, 0x7ffb999730, 3200, MSG_DONTWAIT, NULL, NULL) = -1 EAGAIN (Try again)
29399 1783878483.771625 recvfrom(63, 0x73ce62b420, 2272, MSG_DONTWAIT, NULL, NULL) = -1 EAGAIN (Try again)
29399 1783878483.774571 recvfrom(61, 0x7ffb9989e0, 3200, MSG_DONTWAIT, NULL, NULL) = -1 EAGAIN (Try again)
29432 1783878483.780921 recvfrom(58, 0x7370031eb0, 3200, MSG_DONTWAIT, NULL, NULL) = -1 EAGAIN (Try again)
29432 1783878483.780952 recvfrom(58, 0x7370031eb0, 3200, MSG_DONTWAIT, NULL, NULL) = -1 EAGAIN (Try again)
29478 1783878483.784407 sendmsg(98, {msg_name=NULL, msg_namelen=0, msg_iov=[{iov_base="l\1\1\1\340\0\0\0{\0\0\0\235\0\0\0\1\1o\0;\0\0\0/re/frid"..., iov_len=400}], msg_iovlen=1, msg_controllen=0, msg_flags=0}, MSG_NOSIGNAL) = 400
29432 1783878483.784583 recvfrom(58, 0x7370031eb0, 3200, MSG_DONTWAIT, NULL, NULL) = -1 EAGAIN (Try again)
29432 1783878483.787179 recvfrom(58, "nysv\0\0\0\0\0\0\0\0\0\0\0\0\327\30\\\346w[\0\0\277\312[\0\0\0\0\0", 3200, MSG_DONTWAIT, NULL, NULL) = 32
29432 1783878483.787200 recvfrom(58, 0x7370031c80, 3200, MSG_DONTWAIT, NULL, NULL) = -1 EAGAIN (Try again)
29399 1783878483.790021 recvfrom(61,  <unfinished ...>
29478 1783878483.790122 sendmsg(98, {msg_name=NULL, msg_namelen=0, msg_iov=[{iov_base="l\1\1\1\304\0\0\0|\0\0\0\235\0\0\0\1\1o\0;\0\0\0/re/frid"..., iov_len=372}], msg_iovlen=1, msg_controllen=0, msg_flags=0}, MSG_NOSIGNAL <unfinished ...>
29399 1783878483.790136 <... recvfrom resumed> "nysv\0\0\0\0\0\0\0\0\0\0\0\0\327\30\\\346w[\0\0\277\312[\0\0\0\0\0", 3200, MSG_DONTWAIT, NULL, NULL) = 32
29478 1783878483.790953 <... sendmsg resumed> ) = 372
29399 1783878483.791058 recvfrom(61, 0x7ffb999730, 3200, MSG_DONTWAIT, NULL, NULL) = -1 EAGAIN (Try again)
29533 1783878483.792010 faccessat(AT_FDCWD, "/system/etc/security/cacerts/56ff7926.0", F_OK) = -1 ENOENT (No such file or directory)
29478 1783878483.795490 sendmsg(98, {msg_name=NULL, msg_namelen=0, msg_iov=[{iov_base="l\1\1\1\340\0\0\0}\0\0\0\235\0\0\0\1\1o\0;\0\0\0/re/frid"..., iov_len=400}], msg_iovlen=1, msg_controllen=0, msg_flags=0}, MSG_NOSIGNAL) = 400
29432 1783878483.798166 recvfrom(58, 0x7370031eb0, 3200, MSG_DONTWAIT, NULL, NULL) = -1 EAGAIN (Try again)
29399 1783878483.798431 recvfrom(63, 0x73ce62b420, 2272, MSG_DONTWAIT, NULL, NULL) = -1 EAGAIN (Try again)
29399 1783878483.798710 recvfrom(61, 0x7ffb9989e0, 3200, MSG_DONTWAIT, NULL, NULL) = -1 EAGAIN (Try again)
29432 1783878483.799375 recvfrom(58, 0x7370031eb0, 3200, MSG_DONTWAIT, NULL, NULL) = -1 EAGAIN (Try again)
29478 1783878483.802545 sendmsg(98, {msg_name=NULL, msg_namelen=0, msg_iov=[{iov_base="l\1\1\1\304\0\0\0~\0\0\0\235\0\0\0\1\1o\0;\0\0\0/re/frid"..., iov_len=372}], msg_iovlen=1, msg_controllen=0, msg_flags=0}, MSG_NOSIGNAL <unfinished ...>
29432 1783878483.802568 recvfrom(58, 0x7370031eb0, 3200, MSG_DONTWAIT, NULL, NULL) = -1 EAGAIN (Try again)
29478 1783878483.802677 <... sendmsg resumed> ) = 372
29432 1783878483.804049 recvfrom(58, "nysv\0\0\0\0\0\0\0\0\0\0\0\09\241Z\347w[\0\0\300\312[\0\0\0\0\0", 3200, MSG_DONTWAIT, NULL, NULL) = 32
29432 1783878483.804076 recvfrom(58, 0x7370031c80, 3200, MSG_DONTWAIT, NULL, NULL) = -1 EAGAIN (Try again)
29478 1783878483.812660 sendmsg(98, {msg_name=NULL, msg_namelen=0, msg_iov=[{iov_base="l\1\1\1\340\0\0\0\177\0\0\0\235\0\0\0\1\1o\0;\0\0\0/re/frid"..., iov_len=400}], msg_iovlen=1, msg_controllen=0, msg_flags=0}, MSG_NOSIGNAL) = 400
29432 1783878483.814442 recvfrom(58, 0x7370031eb0, 3200, MSG_DONTWAIT, NULL, NULL) = -1 EAGAIN (Try again)
29399 1783878483.814591 recvfrom(61, "nysv\0\0\0\0\0\0\0\0\0\0\0\09\241Z\347w[\0\0\300\312[\0\0\0\0\0", 3200, MSG_DONTWAIT, NULL, NULL) = 32
29399 1783878483.814925 recvfrom(61, 0x7ffb999730, 3200, MSG_DONTWAIT, NULL, NULL) = -1 EAGAIN (Try again)
29399 1783878483.816376 recvfrom(63, 0x73ce62b420, 2272, MSG_DONTWAIT, NULL, NULL) = -1 EAGAIN (Try again)
29399 1783878483.816664 recvfrom(61,  <unfinished ...>
29478 1783878483.816757 sendmsg(98, {msg_name=NULL, msg_namelen=0, msg_iov=[{iov_base="l\1\1\1\304\0\0\0\200\0\0\0\235\0\0\0\1\1o\0;\0\0\0/re/frid"..., iov_len=372}], msg_iovlen=1, msg_controllen=0, msg_flags=0}, MSG_NOSIGNAL <unfinished ...>
29399 1783878483.816814 <... recvfrom resumed> 0x7ffb9989e0, 3200, MSG_DONTWAIT, NULL, NULL) = -1 EAGAIN (Try again)
29478 1783878483.816959 <... sendmsg resumed> ) = 372
29432 1783878483.817579 recvfrom(58, 0x7370031eb0, 3200, MSG_DONTWAIT, NULL, NULL) = -1 EAGAIN (Try again)
29533 1783878483.818162 faccessat(AT_FDCWD, "/system/etc/security/cacerts/7cd4d591.0", F_OK) = -1 ENOENT (No such file or directory)
29432 1783878483.820595 recvfrom(58, "nysv\0\0\0\0\0\0\0\0\0\0\0\0\203^Y\350w[\0\0\301\312[\0\0\0\0\0", 3200, MSG_DONTWAIT, NULL, NULL) = 32
29432 1783878483.820609 recvfrom(58, 0x7370031c80, 3200, MSG_DONTWAIT, NULL, NULL) = -1 EAGAIN (Try again)
29478 1783878483.825467 sendmsg(98, {msg_name=NULL, msg_namelen=0, msg_iov=[{iov_base="l\1\1\1\340\0\0\0\201\0\0\0\235\0\0\0\1\1o\0;\0\0\0/re/frid"..., iov_len=400}], msg_iovlen=1, msg_controllen=0, msg_flags=0}, MSG_NOSIGNAL) = 400
29478 1783878483.830082 sendmsg(98, {msg_name=NULL, msg_namelen=0, msg_iov=[{iov_base="l\1\1\1\304\0\0\0\202\0\0\0\235\0\0\0\1\1o\0;\0\0\0/re/frid"..., iov_len=372}], msg_iovlen=1, msg_controllen=0, msg_flags=0}, MSG_NOSIGNAL) = 372
29432 1783878483.832053 recvfrom(58, 0x7370031eb0, 3200, MSG_DONTWAIT, NULL, NULL) = -1 EAGAIN (Try again)
29432 1783878483.832429 recvfrom(58, 0x7370031eb0, 3200, MSG_DONTWAIT, NULL, NULL) = -1 EAGAIN (Try again)
29399 1783878483.833371 recvfrom(61, "nysv\0\0\0\0\0\0\0\0\0\0\0\0\203^Y\350w[\0\0\301\312[\0\0\0\0\0", 3200, MSG_DONTWAIT, NULL, NULL) = 32
29399 1783878483.833628 recvfrom(61, 0x7ffb999730, 3200, MSG_DONTWAIT, NULL, NULL) = -1 EAGAIN (Try again)
29399 1783878483.835055 recvfrom(63,  <unfinished ...>
29478 1783878483.835144 sendmsg(98, {msg_name=NULL, msg_namelen=0, msg_iov=[{iov_base="l\1\1\1\340\0\0\0\203\0\0\0\235\0\0\0\1\1o\0;\0\0\0/re/frid"..., iov_len=400}], msg_iovlen=1, msg_controllen=0, msg_flags=0}, MSG_NOSIGNAL <unfinished ...>
29399 1783878483.835170 <... recvfrom resumed> 0x73ce62b420, 2272, MSG_DONTWAIT, NULL, NULL) = -1 EAGAIN (Try again)
29478 1783878483.835266 <... sendmsg resumed> ) = 400
29399 1783878483.835404 recvfrom(61, 0x7ffb9989e0, 3200, MSG_DONTWAIT, NULL, NULL) = -1 EAGAIN (Try again)
29432 1783878483.836140 recvfrom(58, 0x7370031eb0, 3200, MSG_DONTWAIT, NULL, NULL) = -1 EAGAIN (Try again)
29432 1783878483.837402 recvfrom(58, "nysv\0\0\0\0\0\0\0\0\0\0\0\0\316\342W\351w[\0\0\302\312[\0\0\0\0\0", 3200, MSG_DONTWAIT, NULL, NULL) = 32
29432 1783878483.837415 recvfrom(58, 0x7370031c80, 3200, MSG_DONTWAIT, NULL, NULL) = -1 EAGAIN (Try again)
29533 1783878483.844494 faccessat(AT_FDCWD, "/system/etc/security/cacerts/5acf816d.0", F_OK <unfinished ...>
29478 1783878483.845376 sendmsg(98, {msg_name=NULL, msg_namelen=0, msg_iov=[{iov_base="l\1\1\1\304\0\0\0\204\0\0\0\235\0\0\0\1\1o\0;\0\0\0/re/frid"..., iov_len=372}], msg_iovlen=1, msg_controllen=0, msg_flags=0}, MSG_NOSIGNAL <unfinished ...>
29533 1783878483.845667 <... faccessat resumed> ) = 0
29478 1783878483.845707 <... sendmsg resumed> ) = 372
29533 1783878483.845872 faccessat(AT_FDCWD, "/data/misc/user/0/cacerts-removed/5acf816d.0", F_OK) = -1 ENOENT (No such file or directory)
29533 1783878483.847428 openat(AT_FDCWD, "/system/etc/security/cacerts/5acf816d.0", O_RDONLY) = 106
29432 1783878483.848182 recvfrom(58, 0x7370031eb0, 3200, MSG_DONTWAIT, NULL, NULL) = -1 EAGAIN (Try again)
29533 1783878483.848426 getsockopt(106, SOL_SOCKET, SO_ERROR,  <unfinished ...>
29399 1783878483.848445 recvfrom(61,  <unfinished ...>
29533 1783878483.848539 <... getsockopt resumed> 0x73cf6d44b4, [4]) = -1 ENOTSOCK (Socket operation on non-socket)
29399 1783878483.848557 <... recvfrom resumed> "nysv\0\0\0\0\0\0\0\0\0\0\0\0\316\342W\351w[\0\0\302\312[\0\0\0\0\0", 3200, MSG_DONTWAIT, NULL, NULL) = 32
29399 1783878483.848683 recvfrom(61, 0x7ffb999730, 3200, MSG_DONTWAIT, NULL, NULL) = -1 EAGAIN (Try again)
29533 1783878483.849137 faccessat(AT_FDCWD, "/system/etc/security/cacerts/5acf816d.1", F_OK) = -1 ENOENT (No such file or directory)
29399 1783878483.849480 recvfrom(63, 0x73ce62b420, 2272, MSG_DONTWAIT, NULL, NULL) = -1 EAGAIN (Try again)
29399 1783878483.849682 recvfrom(61, 0x7ffb9989e0, 3200, MSG_DONTWAIT, NULL, NULL) = -1 EAGAIN (Try again)
29432 1783878483.850256 recvfrom(58, 0x7370031eb0, 3200, MSG_DONTWAIT, NULL, NULL) = -1 EAGAIN (Try again)
29478 1783878483.852199 sendmsg(98, {msg_name=NULL, msg_namelen=0, msg_iov=[{iov_base="l\1\1\1\340\0\0\0\205\0\0\0\235\0\0\0\1\1o\0;\0\0\0/re/frid"..., iov_len=400}], msg_iovlen=1, msg_controllen=0, msg_flags=0}, MSG_NOSIGNAL) = 400
29432 1783878483.852935 recvfrom(58, 0x7370031eb0, 3200, MSG_DONTWAIT, NULL, NULL) = -1 EAGAIN (Try again)
29432 1783878483.853974 recvfrom(58, "nysv\0\0\0\0\0\0\0\0\0\0\0\0\3702V\352w[\0\0\303\312[\0\0\0\0\0", 3200, MSG_DONTWAIT, NULL, NULL) = 32
29432 1783878483.853992 recvfrom(58, 0x7370031c80, 3200, MSG_DONTWAIT, NULL, NULL) = -1 EAGAIN (Try again)
29478 1783878483.859198 sendmsg(98, {msg_name=NULL, msg_namelen=0, msg_iov=[{iov_base="l\1\1\1\304\0\0\0\206\0\0\0\235\0\0\0\1\1o\0;\0\0\0/re/frid"..., iov_len=372}], msg_iovlen=1, msg_controllen=0, msg_flags=0}, MSG_NOSIGNAL) = 372
29399 1783878483.864661 recvfrom(61, "nysv\0\0\0\0\0\0\0\0\0\0\0\0\3702V\352w[\0\0\303\312[\0\0\0\0\0", 3200, MSG_DONTWAIT, NULL, NULL) = 32
29432 1783878483.865046 recvfrom(58, 0x7370031eb0, 3200, MSG_DONTWAIT, NULL, NULL) = -1 EAGAIN (Try again)
29399 1783878483.865070 recvfrom(61, 0x7ffb999730, 3200, MSG_DONTWAIT, NULL, NULL) = -1 EAGAIN (Try again)
29478 1783878483.866247 sendmsg(98, {msg_name=NULL, msg_namelen=0, msg_iov=[{iov_base="l\1\1\1\340\0\0\0\207\0\0\0\235\0\0\0\1\1o\0;\0\0\0/re/frid"..., iov_len=400}], msg_iovlen=1, msg_controllen=0, msg_flags=0}, MSG_NOSIGNAL) = 400
29399 1783878483.868368 recvfrom(63, 0x73ce62b420, 2272, MSG_DONTWAIT, NULL, NULL) = -1 EAGAIN (Try again)
29399 1783878483.868574 recvfrom(61, 0x7ffb9985e0, 3200, MSG_DONTWAIT, NULL, NULL) = -1 EAGAIN (Try again)
29432 1783878483.869383 recvfrom(58, 0x7370031eb0, 3200, MSG_DONTWAIT, NULL, NULL) = -1 EAGAIN (Try again)
29478 1783878483.870323 sendmsg(98, {msg_name=NULL, msg_namelen=0, msg_iov=[{iov_base="l\1\1\1\304\0\0\0\210\0\0\0\235\0\0\0\1\1o\0;\0\0\0/re/frid"..., iov_len=372}], msg_iovlen=1, msg_controllen=0, msg_flags=0}, MSG_NOSIGNAL) = 372
29432 1783878483.871148 recvfrom(58, "nysv\0\0\0\0\0\0\0\0\0\0\0\0\"\203T\353w[\0\0\304\312[\0\0\0\0\0", 3200, MSG_DONTWAIT, NULL, NULL) = 32
29432 1783878483.871163 recvfrom(58, 0x7370031c80, 3200, MSG_DONTWAIT, NULL, NULL) = -1 EAGAIN (Try again)
29478 1783878483.877249 sendmsg(98, {msg_name=NULL, msg_namelen=0, msg_iov=[{iov_base="l\1\1\1\340\0\0\0\211\0\0\0\235\0\0\0\1\1o\0;\0\0\0/re/frid"..., iov_len=400}], msg_iovlen=1, msg_controllen=0, msg_flags=0}, MSG_NOSIGNAL) = 400
29432 1783878483.882173 recvfrom(58, 0x7370031eb0, 3200, MSG_DONTWAIT, NULL, NULL) = -1 EAGAIN (Try again)
29399 1783878483.883256 recvfrom(61, "nysv\0\0\0\0\0\0\0\0\0\0\0\0\"\203T\353w[\0\0\304\312[\0\0\0\0\0", 3200, MSG_DONTWAIT, NULL, NULL) = 32
29478 1783878483.883408 sendmsg(98, {msg_name=NULL, msg_namelen=0, msg_iov=[{iov_base="l\1\1\1\304\0\0\0\212\0\0\0\235\0\0\0\1\1o\0;\0\0\0/re/frid"..., iov_len=372}], msg_iovlen=1, msg_controllen=0, msg_flags=0}, MSG_NOSIGNAL <unfinished ...>
29399 1783878483.887635 recvfrom(61,  <unfinished ...>
29478 1783878483.887678 <... sendmsg resumed> ) = 372
29432 1783878483.888032 recvfrom(58, "nysv\0\0\0\0\0\0\0\0\0\0\0\0\272\331R\354w[\0\0\305\312[\0\0\0\0\0", 3200, MSG_DONTWAIT, NULL, NULL) = 32
29432 1783878483.888100 recvfrom(58, 0x7370031c80, 3200, MSG_DONTWAIT, NULL, NULL) = -1 EAGAIN (Try again)
29399 1783878483.888182 <... recvfrom resumed> 0x7ffb999730, 3200, MSG_DONTWAIT, NULL, NULL) = -1 EAGAIN (Try again)
29399 1783878483.888367 recvfrom(63, 0x73ce62b420, 2272, MSG_DONTWAIT, NULL, NULL) = -1 EAGAIN (Try again)
29399 1783878483.889129 recvfrom(61, 0x7ffb9985e0, 3200, MSG_DONTWAIT, NULL, NULL) = -1 EAGAIN (Try again)
29478 1783878483.896918 sendmsg(98, {msg_name=NULL, msg_namelen=0, msg_iov=[{iov_base="l\1\1\1\340\0\0\0\213\0\0\0\235\0\0\0\1\1o\0;\0\0\0/re/frid"..., iov_len=400}], msg_iovlen=1, msg_controllen=0, msg_flags=0}, MSG_NOSIGNAL) = 400
29432 1783878483.904046 recvfrom(58, "nysv\0\0\0\0\0\0\0\0\0\0\0\0\377`Q\355w[\0\0\306\312[\0\0\0\0\0", 3200, MSG_DONTWAIT, NULL, NULL) = 32
29432 1783878483.904081 recvfrom(58, 0x7370031eb0, 3200, MSG_DONTWAIT, NULL, NULL) = -1 EAGAIN (Try again)
29432 1783878483.908752 recvfrom(58, 0x7370031eb0, 3200, MSG_DONTWAIT, NULL, NULL) = -1 EAGAIN (Try again)
29478 1783878483.909770 sendmsg(98, {msg_name=NULL, msg_namelen=0, msg_iov=[{iov_base="l\1\1\1\304\0\0\0\214\0\0\0\235\0\0\0\1\1o\0;\0\0\0/re/frid"..., iov_len=372}], msg_iovlen=1, msg_controllen=0, msg_flags=0}, MSG_NOSIGNAL) = 372
29478 1783878483.917781 sendmsg(98, {msg_name=NULL, msg_namelen=0, msg_iov=[{iov_base="l\1\1\1\340\0\0\0\215\0\0\0\235\0\0\0\1\1o\0;\0\0\0/re/frid"..., iov_len=400}], msg_iovlen=1, msg_controllen=0, msg_flags=0}, MSG_NOSIGNAL) = 400
29432 1783878483.920259 recvfrom(58, 0x7370031eb0, 3200, MSG_DONTWAIT, NULL, NULL) = -1 EAGAIN (Try again)
29432 1783878483.920644 recvfrom(58, "nysv\0\0\0\0\0\0\0\0\0\0\0\0\303\341O\356w[\0\0\307\312[\0\0\0\0\0", 3200, MSG_DONTWAIT, NULL, NULL) = 32
29432 1783878483.920676 recvfrom(58, 0x7370031c80, 3200, MSG_DONTWAIT, NULL, NULL) = -1 EAGAIN (Try again)
29399 1783878483.921575 recvfrom(61, "nysv\0\0\0\0\0\0\0\0\0\0\0\0\377`Q\355w[\0\0\306\312[\0\0\0\0\0", 3200, MSG_DONTWAIT, NULL, NULL) = 32
29478 1783878483.928061 sendmsg(98, {msg_name=NULL, msg_namelen=0, msg_iov=[{iov_base="l\1\1\1\304\0\0\0\216\0\0\0\235\0\0\0\1\1o\0;\0\0\0/re/frid"..., iov_len=372}], msg_iovlen=1, msg_controllen=0, msg_flags=0}, MSG_NOSIGNAL) = 372
29399 1783878483.933011 recvfrom(61, 0x7ffb999730, 3200, MSG_DONTWAIT, NULL, NULL) = -1 EAGAIN (Try again)
29432 1783878483.933317 recvfrom(58, 0x7370031eb0, 3200, MSG_DONTWAIT, NULL, NULL) = -1 EAGAIN (Try again)
29478 1783878483.935601 sendmsg(98, {msg_name=NULL, msg_namelen=0, msg_iov=[{iov_base="l\1\1\1\304\0\0\0\217\0\0\0\235\0\0\0\1\1o\0;\0\0\0/re/frid"..., iov_len=372}], msg_iovlen=1, msg_controllen=0, msg_flags=0}, MSG_NOSIGNAL) = 372
29432 1783878483.937288 recvfrom(58, "nysv\0\0\0\0\0\0\0\0\0\0\0\0\230\230N\357w[\0\0\310\312[\0\0\0\0\0", 3200, MSG_DONTWAIT, NULL, NULL) = 32
29432 1783878483.937317 recvfrom(58, 0x7370031c80, 3200, MSG_DONTWAIT, NULL, NULL) = -1 EAGAIN (Try again)
29399 1783878483.948050 recvfrom(63, 0x73ce62b420, 2272, MSG_DONTWAIT, NULL, NULL) = -1 EAGAIN (Try again)
29399 1783878483.948402 recvfrom(61, 0x7ffb9985e0, 3200, MSG_DONTWAIT, NULL, NULL) = -1 EAGAIN (Try again)
29432 1783878483.960173 recvfrom(58, "nysv\0\0\0\0\0\0\0\0\0\0\0\0\264\371L\360w[\0\0\311\312[\0\0\0\0\0", 3200, MSG_DONTWAIT, NULL, NULL) = 32
29432 1783878483.960368 recvfrom(58, 0x7370031eb0, 3200, MSG_DONTWAIT, NULL, NULL) = -1 EAGAIN (Try again)
29399 1783878483.962349 recvfrom(61, "nysv\0\0\0\0\0\0\0\0\0\0\0\0\264\371L\360w[\0\0\311\312[\0\0\0\0\0", 3200, MSG_DONTWAIT, NULL, NULL) = 32
29399 1783878483.962367 recvfrom(61, 0x7ffb999730, 3200, MSG_DONTWAIT, NULL, NULL) = -1 EAGAIN (Try again)
29399 1783878483.963212 recvfrom(63, 0x73ce62b420, 2272, MSG_DONTWAIT, NULL, NULL) = -1 EAGAIN (Try again)
29399 1783878483.963258 recvfrom(61, 0x7ffb9985e0, 3200, MSG_DONTWAIT, NULL, NULL) = -1 EAGAIN (Try again)
29432 1783878483.975662 recvfrom(58, "nysv\0\0\0\0\0\0\0\0\0\0\0\0\325\200K\361w[\0\0\312\312[\0\0\0\0\0", 3200, MSG_DONTWAIT, NULL, NULL) = 32
29432 1783878483.975989 recvfrom(58, 0x7370031eb0, 3200, MSG_DONTWAIT, NULL, NULL) = -1 EAGAIN (Try again)
29399 1783878483.978491 recvfrom(61, "nysv\0\0\0\0\0\0\0\0\0\0\0\0\325\200K\361w[\0\0\312\312[\0\0\0\0\0", 3200, MSG_DONTWAIT, NULL, NULL) = 32
29399 1783878483.978508 recvfrom(61, 0x7ffb999730, 3200, MSG_DONTWAIT, NULL, NULL) = -1 EAGAIN (Try again)
29399 1783878483.979234 recvfrom(63, 0x73ce62b420, 2272, MSG_DONTWAIT, NULL, NULL) = -1 EAGAIN (Try again)
29399 1783878483.979344 recvfrom(61, 0x7ffb9985e0, 3200, MSG_DONTWAIT, NULL, NULL) = -1 EAGAIN (Try again)
29432 1783878483.992075 recvfrom(58, "nysv\0\0\0\0\0\0\0\0\0\0\0\0\236\5J\362w[\0\0\313\312[\0\0\0\0\0", 3200, MSG_DONTWAIT, NULL, NULL) = 32
29432 1783878483.992365 recvfrom(58, 0x7370031eb0, 3200, MSG_DONTWAIT, NULL, NULL) = -1 EAGAIN (Try again)
29399 1783878483.994490 recvfrom(61, "nysv\0\0\0\0\0\0\0\0\0\0\0\0\236\5J\362w[\0\0\313\312[\0\0\0\0\0", 3200, MSG_DONTWAIT, NULL, NULL) = 32
29399 1783878483.994520 recvfrom(61, 0x7ffb999730, 3200, MSG_DONTWAIT, NULL, NULL) = -1 EAGAIN (Try again)
29399 1783878483.994591 recvfrom(63, 0x73ce62b420, 2272, MSG_DONTWAIT, NULL, NULL) = -1 EAGAIN (Try again)
29399 1783878483.994635 recvfrom(61, 0x7ffb9985e0, 3200, MSG_DONTWAIT, NULL, NULL) = -1 EAGAIN (Try again)
29432 1783878484.004130 recvfrom(58, "nysv\0\0\0\0\0\0\0\0\0\0\0\0\253\207H\363w[\0\0\314\312[\0\0\0\0\0", 3200, MSG_DONTWAIT, NULL, NULL) = 32
29432 1783878484.004669 recvfrom(58, 0x7370031eb0, 3200, MSG_DONTWAIT, NULL, NULL) = -1 EAGAIN (Try again)
29399 1783878484.008727 recvfrom(61, "nysv\0\0\0\0\0\0\0\0\0\0\0\0\253\207H\363w[\0\0\314\312[\0\0\0\0\0", 3200, MSG_DONTWAIT, NULL, NULL) = 32
29399 1783878484.008758 recvfrom(61, 0x7ffb999730, 3200, MSG_DONTWAIT, NULL, NULL) = -1 EAGAIN (Try again)
29399 1783878484.008835 recvfrom(63, 0x73ce62b420, 2272, MSG_DONTWAIT, NULL, NULL) = -1 EAGAIN (Try again)
29399 1783878484.008985 recvfrom(61, 0x7ffb9980b0, 3200, MSG_DONTWAIT, NULL, NULL) = -1 EAGAIN (Try again)
29399 1783878484.020790 recvfrom(61, "nysv\0\0\0\0\0\0\0\0\0\0\0\0\325\327F\364w[\0\0\315\312[\0\0\0\0\0", 3200, MSG_DONTWAIT, NULL, NULL) = 32
29399 1783878484.020844 recvfrom(61, 0x7ffb999730, 3200, MSG_DONTWAIT, NULL, NULL) = -1 EAGAIN (Try again)
29399 1783878484.020928 recvfrom(63, 0x73ce62b420, 2272, MSG_DONTWAIT, NULL, NULL) = -1 EAGAIN (Try again)
29432 1783878484.021206 recvfrom(58, "nysv\0\0\0\0\0\0\0\0\0\0\0\0\325\327F\364w[\0\0\315\312[\0\0\0\0\0", 3200, MSG_DONTWAIT, NULL, NULL) = 32
29432 1783878484.021430 recvfrom(58, 0x7370031eb0, 3200, MSG_DONTWAIT, NULL, NULL) = -1 EAGAIN (Try again)
29432 1783878484.035241 recvfrom(58, 0x7370031eb0, 3200, MSG_DONTWAIT, NULL, NULL) = -1 EAGAIN (Try again)
29432 1783878484.037886 recvfrom(58, "nysv\0\0\0\0\0\0\0\0\0\0\0\0\377'E\365w[\0\0\316\312[\0\0\0\0\0", 3200, MSG_DONTWAIT, NULL, NULL) = 32
29432 1783878484.038014 recvfrom(58, 0x7370031c80, 3200, MSG_DONTWAIT, NULL, NULL) = -1 EAGAIN (Try again)
29432 1783878484.051105 recvfrom(58, 0x7370031eb0, 3200, MSG_DONTWAIT, NULL, NULL) = -1 EAGAIN (Try again)
29432 1783878484.059209 recvfrom(58, "nysv\0\0\0\0\0\0\0\0\0\0\0\0\37\326C\366w[\0\0\317\312[\0\0\0\0\0", 3200, MSG_DONTWAIT, NULL, NULL) = 32
29432 1783878484.059498 recvfrom(58, 0x7370031c80, 3200, MSG_DONTWAIT, NULL, NULL) = -1 EAGAIN (Try again)
29432 1783878484.070110 recvfrom(58, 0x7370031eb0, 3200, MSG_DONTWAIT, NULL, NULL) = -1 EAGAIN (Try again)
29432 1783878484.071394 recvfrom(58, "nysv\0\0\0\0\0\0\0\0\0\0\0\0I&B\367w[\0\0\320\312[\0\0\0\0\0", 3200, MSG_DONTWAIT, NULL, NULL) = 32
29432 1783878484.073220 recvfrom(58, 0x7370031c80, 3200, MSG_DONTWAIT, NULL, NULL) = -1 EAGAIN (Try again)
29432 1783878484.086237 recvfrom(58, 0x7370031eb0, 3200, MSG_DONTWAIT, NULL, NULL) = -1 EAGAIN (Try again)
29432 1783878484.087786 recvfrom(58, "nysv\0\0\0\0\0\0\0\0\0\0\0\0sv@\370w[\0\0\321\312[\0\0\0\0\0", 3200, MSG_DONTWAIT, NULL, NULL) = 32
29432 1783878484.087945 recvfrom(58, 0x7370031c80, 3200, MSG_DONTWAIT, NULL, NULL) = -1 EAGAIN (Try again)
29432 1783878484.102295 recvfrom(58, 0x7370031eb0, 3200, MSG_DONTWAIT, NULL, NULL) = -1 EAGAIN (Try again)
29432 1783878484.104773 recvfrom(58, "nysv\0\0\0\0\0\0\0\0\0\0\0\0\224\356>\371w[\0\0\322\312[\0\0\0\0\0", 3200, MSG_DONTWAIT, NULL, NULL) = 32
29432 1783878484.104944 recvfrom(58, 0x7370031c80, 3200, MSG_DONTWAIT, NULL, NULL) = -1 EAGAIN (Try again)
29432 1783878484.117086 recvfrom(58, 0x7370031eb0, 3200, MSG_DONTWAIT, NULL, NULL) = -1 EAGAIN (Try again)
29432 1783878484.120938 recvfrom(58, "nysv\0\0\0\0\0\0\0\0\0\0\0\0\371h=\372w[\0\0\323\312[\0\0\0\0\0", 3200, MSG_DONTWAIT, NULL, NULL) = 32
29432 1783878484.121329 recvfrom(58, 0x7370031c80, 3200, MSG_DONTWAIT, NULL, NULL) = -1 EAGAIN (Try again)
29432 1783878484.134235 recvfrom(58, 0x7370031eb0, 3200, MSG_DONTWAIT, NULL, NULL) = -1 EAGAIN (Try again)
29432 1783878484.137969 recvfrom(58, "nysv\0\0\0\0\0\0\0\0\0\0\0\0\214\323;\373w[\0\0\324\312[\0\0\0\0\0", 3200, MSG_DONTWAIT, NULL, NULL) = 32
29432 1783878484.138373 recvfrom(58, 0x7370031c80, 3200, MSG_DONTWAIT, NULL, NULL) = -1 EAGAIN (Try again)
29432 1783878484.150957 recvfrom(58, 0x7370031eb0, 3200, MSG_DONTWAIT, NULL, NULL) = -1 EAGAIN (Try again)
29432 1783878484.155084 recvfrom(58, "nysv\0\0\0\0\0\0\0\0\0\0\0\0\2435:\374w[\0\0\325\312[\0\0\0\0\0", 3200, MSG_DONTWAIT, NULL, NULL) = 32
29432 1783878484.155283 recvfrom(58, 0x7370031c80, 3200, MSG_DONTWAIT, NULL, NULL) = -1 EAGAIN (Try again)
29432 1783878484.172579 recvfrom(58, "nysv\0\0\0\0\0\0\0\0\0\0\0\0b\2638\375w[\0\0\326\312[\0\0\0\0\0", 3200, MSG_DONTWAIT, NULL, NULL) = 32
29432 1783878484.173884 recvfrom(58, 0x7370031eb0, 3200, MSG_DONTWAIT, NULL, NULL) = -1 EAGAIN (Try again)
29432 1783878484.188015 recvfrom(58, "nysv\0\0\0\0\0\0\0\0\0\0\0\0\24207\376w[\0\0\327\312[\0\0\0\0\0", 3200, MSG_DONTWAIT, NULL, NULL) = 32
29432 1783878484.188189 recvfrom(58, 0x7370031eb0, 3200, MSG_DONTWAIT, NULL, NULL) = -1 EAGAIN (Try again)
29399 1783878484.194951 recvfrom(61, 0x7ffb997c70, 3200, MSG_DONTWAIT, NULL, NULL) = -1 EAGAIN (Try again)
29399 1783878484.204087 recvfrom(61, "nysv\0\0\0\0\0\0\0\0\0\0\0\0\346\2535\377w[\0\0\330\312[\0\0\0\0\0", 3200, MSG_DONTWAIT, NULL, NULL) = 32
29399 1783878484.204114 recvfrom(61, 0x7ffb999730, 3200, MSG_DONTWAIT, NULL, NULL) = -1 EAGAIN (Try again)
29399 1783878484.204239 recvfrom(63, 0x73ce62b420, 2272, MSG_DONTWAIT, NULL, NULL) = -1 EAGAIN (Try again)
29399 1783878484.204673 recvfrom(61, 0x7ffb997d70, 3200, MSG_DONTWAIT, NULL, NULL) = -1 EAGAIN (Try again)
29432 1783878484.208444 recvfrom(58, "nysv\0\0\0\0\0\0\0\0\0\0\0\0\346\2535\377w[\0\0\330\312[\0\0\0\0\0", 3200, MSG_DONTWAIT, NULL, NULL) = 32
29432 1783878484.208884 recvfrom(58, 0x7370031eb0, 3200, MSG_DONTWAIT, NULL, NULL) = -1 EAGAIN (Try again)
29416 1783878484.215143 clone(child_stack=0x73cf4f0d40, flags=CLONE_VM|CLONE_FS|CLONE_FILES|CLONE_SIGHAND|CLONE_THREAD|CLONE_SYSVSEM|CLONE_SETTLS|CLONE_PARENT_SETTID|CLONE_CHILD_CLEARTID, parent_tidptr=0x73cf4f0d60, tls=0x73cf4f1020, child_tidptr=0x73cf4f0d60) = 29559
29559 1783878484.215931 openat(AT_FDCWD, "/proc/29559/timerslack_ns", O_WRONLY|O_CREAT|O_TRUNC|O_NOFOLLOW|O_CLOEXEC, 0666) = 106
29399 1783878484.221114 recvfrom(61, "nysv\0\0\0\0\0\0\0\0\0\0\0\0\240$4\0x[\0\0\331\312[\0\0\0\0\0", 3200, MSG_DONTWAIT, NULL, NULL) = 32
29399 1783878484.221768 recvfrom(61, 0x7ffb999730, 3200, MSG_DONTWAIT, NULL, NULL) = -1 EAGAIN (Try again)
29432 1783878484.230001 recvfrom(58, "nysv\0\0\0\0\0\0\0\0\0\0\0\0\240$4\0x[\0\0\331\312[\0\0\0\0\0", 3200, MSG_DONTWAIT, NULL, NULL) = 32
29432 1783878484.230318 recvfrom(58, 0x7370031c80, 3200, MSG_DONTWAIT, NULL, NULL) = -1 EAGAIN (Try again)
29399 1783878484.233137 recvfrom(63, 0x73ce62b420, 2272, MSG_DONTWAIT, NULL, NULL) = -1 EAGAIN (Try again)
29399 1783878484.233410 recvfrom(61, 0x7ffb999690, 3200, MSG_DONTWAIT, NULL, NULL) = -1 EAGAIN (Try again)
29399 1783878484.241972 recvfrom(61, "nysv\0\0\0\0\0\0\0\0\0\0\0\0J\2302\1x[\0\0\332\312[\0\0\0\0\0", 3200, MSG_DONTWAIT, NULL, NULL) = 32
29399 1783878484.242326 recvfrom(61, 0x7ffb999730, 3200, MSG_DONTWAIT, NULL, NULL) = -1 EAGAIN (Try again)
29399 1783878484.245181 recvfrom(61, 0x7ffb999110, 3200, MSG_DONTWAIT, NULL, NULL) = -1 EAGAIN (Try again)
29399 1783878484.292221 recvfrom(61, "nysv\0\0\0\0\0\0\0\0\0\0\0\0X\0201\2x[\0\0\333\312[\0\0\0\0\0", 3200, MSG_DONTWAIT, NULL, NULL) = 32
29399 1783878484.292488 recvfrom(61, 0x7ffb999730, 3200, MSG_DONTWAIT, NULL, NULL) = -1 EAGAIN (Try again)
29399 1783878484.295980 recvfrom(63, 0x73ce62b420, 2272, MSG_DONTWAIT, NULL, NULL) = -1 EAGAIN (Try again)
29399 1783878484.296299 recvfrom(61, 0x7ffb999110, 3200, MSG_DONTWAIT, NULL, NULL) = -1 EAGAIN (Try again)
29399 1783878484.310756 recvfrom(61, "nysv\0\0\0\0\0\0\0\0\0\0\0\0\334\356+\5x[\0\0\336\312[\0\0\0\0\0", 3200, MSG_DONTWAIT, NULL, NULL) = 32
29399 1783878484.311053 recvfrom(61, 0x7ffb999730, 3200, MSG_DONTWAIT, NULL, NULL) = -1 EAGAIN (Try again)
29399 1783878484.312216 recvfrom(63, 0x73ce62b420, 2272, MSG_DONTWAIT, NULL, NULL) = -1 EAGAIN (Try again)
29399 1783878484.312482 recvfrom(61, 0x7ffb999110, 3200, MSG_DONTWAIT, NULL, NULL) = -1 EAGAIN (Try again)
29399 1783878484.326491 recvfrom(61, "nysv\0\0\0\0\0\0\0\0\0\0\0\0\30f*\6x[\0\0\337\312[\0\0\0\0\0", 3200, MSG_DONTWAIT, NULL, NULL) = 32
29399 1783878484.326712 recvfrom(61, 0x7ffb999730, 3200, MSG_DONTWAIT, NULL, NULL) = -1 EAGAIN (Try again)
29399 1783878484.328009 recvfrom(63, 0x73ce62b420, 2272, MSG_DONTWAIT, NULL, NULL) = -1 EAGAIN (Try again)
29399 1783878484.328282 recvfrom(61, 0x7ffb999110, 3200, MSG_DONTWAIT, NULL, NULL) = -1 EAGAIN (Try again)
29399 1783878484.344569 recvfrom(61, "nysv\0\0\0\0\0\0\0\0\0\0\0\0w\244(\7x[\0\0\340\312[\0\0\0\0\0", 3200, MSG_DONTWAIT, NULL, NULL) = 32
29399 1783878484.344816 recvfrom(61, 0x7ffb999730, 3200, MSG_DONTWAIT, NULL, NULL) = -1 EAGAIN (Try again)
29399 1783878484.345861 recvfrom(63, 0x73ce62b420, 2272, MSG_DONTWAIT, NULL, NULL) = -1 EAGAIN (Try again)
29399 1783878484.346104 recvfrom(61, 0x7ffb999110, 3200, MSG_DONTWAIT, NULL, NULL) = -1 EAGAIN (Try again)
29399 1783878484.360663 recvfrom(61, "nysv\0\0\0\0\0\0\0\0\0\0\0\0\341\365&\10x[\0\0\341\312[\0\0\0\0\0", 3200, MSG_DONTWAIT, NULL, NULL) = 32
29399 1783878484.360935 recvfrom(61, 0x7ffb999730, 3200, MSG_DONTWAIT, NULL, NULL) = -1 EAGAIN (Try again)
29399 1783878484.362115 recvfrom(63, 0x73ce62b420, 2272, MSG_DONTWAIT, NULL, NULL) = -1 EAGAIN (Try again)
29399 1783878484.362316 recvfrom(61, 0x7ffb999110, 3200, MSG_DONTWAIT, NULL, NULL) = -1 EAGAIN (Try again)
29399 1783878484.376712 recvfrom(61, "nysv\0\0\0\0\0\0\0\0\0\0\0\0\vF%\tx[\0\0\342\312[\0\0\0\0\0", 3200, MSG_DONTWAIT, NULL, NULL) = 32
29399 1783878484.377028 recvfrom(61, 0x7ffb999730, 3200, MSG_DONTWAIT, NULL, NULL) = -1 EAGAIN (Try again)
29399 1783878484.378184 recvfrom(63, 0x73ce62b420, 2272, MSG_DONTWAIT, NULL, NULL) = -1 EAGAIN (Try again)
29399 1783878484.378593 recvfrom(61, 0x7ffb999110, 3200, MSG_DONTWAIT, NULL, NULL) = -1 EAGAIN (Try again)
29399 1783878484.393728 recvfrom(61, "nysv\0\0\0\0\0\0\0\0\0\0\0\0\305\275#\nx[\0\0\343\312[\0\0\0\0\0", 3200, MSG_DONTWAIT, NULL, NULL) = 32
29399 1783878484.393997 recvfrom(61, 0x7ffb999730, 3200, MSG_DONTWAIT, NULL, NULL) = -1 EAGAIN (Try again)
29399 1783878484.395169 recvfrom(63, 0x73ce62b420, 2272, MSG_DONTWAIT, NULL, NULL) = -1 EAGAIN (Try again)
29399 1783878484.395534 recvfrom(61, 0x7ffb999110, 3200, MSG_DONTWAIT, NULL, NULL) = -1 EAGAIN (Try again)
29399 1783878484.408918 recvfrom(61, "nysv\0\0\0\0\0\0\0\0\0\0\0\0^6\"\vx[\0\0\344\312[\0\0\0\0\0", 3200, MSG_DONTWAIT, NULL, NULL) = 32
29399 1783878484.409207 recvfrom(61, 0x7ffb999730, 3200, MSG_DONTWAIT, NULL, NULL) = -1 EAGAIN (Try again)
29399 1783878484.410348 recvfrom(63, 0x73ce62b420, 2272, MSG_DONTWAIT, NULL, NULL) = -1 EAGAIN (Try again)
29399 1783878484.410748 recvfrom(61, 0x7ffb999110, 3200, MSG_DONTWAIT, NULL, NULL) = -1 EAGAIN (Try again)
29399 1783878484.428041 recvfrom(61, "nysv\0\0\0\0\0\0\0\0\0\0\0\0\241g \fx[\0\0\345\312[\0\0\0\0\0", 3200, MSG_DONTWAIT, NULL, NULL) = 32
29399 1783878484.428250 recvfrom(61, 0x7ffb999730, 3200, MSG_DONTWAIT, NULL, NULL) = -1 EAGAIN (Try again)
29399 1783878484.429429 recvfrom(63, 0x73ce62b420, 2272, MSG_DONTWAIT, NULL, NULL) = -1 EAGAIN (Try again)
29399 1783878484.429626 recvfrom(61, 0x7ffb999110, 3200, MSG_DONTWAIT, NULL, NULL) = -1 EAGAIN (Try again)
29399 1783878484.443786 recvfrom(61, "nysv\0\0\0\0\0\0\0\0\0\0\0\0\313\267\36\rx[\0\0\346\312[\0\0\0\0\0", 3200, MSG_DONTWAIT, NULL, NULL) = 32
29399 1783878484.444093 recvfrom(61, 0x7ffb999730, 3200, MSG_DONTWAIT, NULL, NULL) = -1 EAGAIN (Try again)
29399 1783878484.445168 recvfrom(63, 0x73ce62b420, 2272, MSG_DONTWAIT, NULL, NULL) = -1 EAGAIN (Try again)
29399 1783878484.445364 recvfrom(61, 0x7ffb999110, 3200, MSG_DONTWAIT, NULL, NULL) = -1 EAGAIN (Try again)
29399 1783878484.460855 recvfrom(61, "nysv\0\0\0\0\0\0\0\0\0\0\0\0\302\5\35\16x[\0\0\347\312[\0\0\0\0\0", 3200, MSG_DONTWAIT, NULL, NULL) = 32
29399 1783878484.461153 recvfrom(61, 0x7ffb999730, 3200, MSG_DONTWAIT, NULL, NULL) = -1 EAGAIN (Try again)
29399 1783878484.462304 recvfrom(63, 0x73ce62b420, 2272, MSG_DONTWAIT, NULL, NULL) = -1 EAGAIN (Try again)
29399 1783878484.462614 recvfrom(61, 0x7ffb999110, 3200, MSG_DONTWAIT, NULL, NULL) = -1 EAGAIN (Try again)
29399 1783878484.477959 recvfrom(61, "nysv\0\0\0\0\0\0\0\0\0\0\0\0IF\33\17x[\0\0\350\312[\0\0\0\0\0", 3200, MSG_DONTWAIT, NULL, NULL) = 32
29399 1783878484.478258 recvfrom(61, 0x7ffb999730, 3200, MSG_DONTWAIT, NULL, NULL) = -1 EAGAIN (Try again)
29399 1783878484.479431 recvfrom(63, 0x73ce62b420, 2272, MSG_DONTWAIT, NULL, NULL) = -1 EAGAIN (Try again)
29399 1783878484.479669 recvfrom(61, 0x7ffb999110, 3200, MSG_DONTWAIT, NULL, NULL) = -1 EAGAIN (Try again)
29399 1783878484.493445 recvfrom(61, "nysv\0\0\0\0\0\0\0\0\0\0\0\0\20\245\31\20x[\0\0\351\312[\0\0\0\0\0", 3200, MSG_DONTWAIT, NULL, NULL) = 32
29399 1783878484.493704 recvfrom(61, 0x7ffb999730, 3200, MSG_DONTWAIT, NULL, NULL) = -1 EAGAIN (Try again)
29399 1783878484.494816 recvfrom(63, 0x73ce62b420, 2272, MSG_DONTWAIT, NULL, NULL) = -1 EAGAIN (Try again)
29399 1783878484.495014 recvfrom(61, 0x7ffb999110, 3200, MSG_DONTWAIT, NULL, NULL) = -1 EAGAIN (Try again)
29399 1783878484.509772 recvfrom(61, "nysv\0\0\0\0\0\0\0\0\0\0\0\0\224\26\30\21x[\0\0\352\312[\0\0\0\0\0", 3200, MSG_DONTWAIT, NULL, NULL) = 32
29399 1783878484.510039 recvfrom(61, 0x7ffb999730, 3200, MSG_DONTWAIT, NULL, NULL) = -1 EAGAIN (Try again)
29399 1783878484.511258 recvfrom(63, 0x73ce62b420, 2272, MSG_DONTWAIT, NULL, NULL) = -1 EAGAIN (Try again)
29399 1783878484.511518 recvfrom(61, 0x7ffb999110, 3200, MSG_DONTWAIT, NULL, NULL) = -1 EAGAIN (Try again)
29399 1783878484.527015 recvfrom(61, "nysv\0\0\0\0\0\0\0\0\0\0\0\0\250\177\26\22x[\0\0\353\312[\0\0\0\0\0", 3200, MSG_DONTWAIT, NULL, NULL) = 32
29399 1783878484.527253 recvfrom(61, 0x7ffb999730, 3200, MSG_DONTWAIT, NULL, NULL) = -1 EAGAIN (Try again)
29399 1783878484.528411 recvfrom(63, 0x73ce62b420, 2272, MSG_DONTWAIT, NULL, NULL) = -1 EAGAIN (Try again)
29399 1783878484.528630 recvfrom(61, 0x7ffb9990d0, 3200, MSG_DONTWAIT, NULL, NULL) = -1 EAGAIN (Try again)
29399 1783878484.544062 recvfrom(61, "nysv\0\0\0\0\0\0\0\0\0\0\0\0\f\323\24\23x[\0\0\354\312[\0\0\0\0\0", 3200, MSG_DONTWAIT, NULL, NULL) = 32
29399 1783878484.544331 recvfrom(61, 0x7ffb999730, 3200, MSG_DONTWAIT, NULL, NULL) = -1 EAGAIN (Try again)
29399 1783878484.545474 recvfrom(63, 0x73ce62b420, 2272, MSG_DONTWAIT, NULL, NULL) = -1 EAGAIN (Try again)
29399 1783878484.545698 recvfrom(61, 0x7ffb9990d0, 3200, MSG_DONTWAIT, NULL, NULL) = -1 EAGAIN (Try again)
29399 1783878484.560743 recvfrom(61, "nysv\0\0\0\0\0\0\0\0\0\0\0\0\274%\23\24x[\0\0\355\312[\0\0\0\0\0", 3200, MSG_DONTWAIT, NULL, NULL) = 32
29399 1783878484.560970 recvfrom(61, 0x7ffb999730, 3200, MSG_DONTWAIT, NULL, NULL) = -1 EAGAIN (Try again)
29399 1783878484.562139 recvfrom(63, 0x73ce62b420, 2272, MSG_DONTWAIT, NULL, NULL) = -1 EAGAIN (Try again)
29399 1783878484.562393 recvfrom(61, 0x7ffb9990d0, 3200, MSG_DONTWAIT, NULL, NULL) = -1 EAGAIN (Try again)
29399 1783878484.577381 recvfrom(61, "nysv\0\0\0\0\0\0\0\0\0\0\0\0\346u\21\25x[\0\0\356\312[\0\0\0\0\0", 3200, MSG_DONTWAIT, NULL, NULL) = 32
29399 1783878484.577617 recvfrom(61, 0x7ffb999730, 3200, MSG_DONTWAIT, NULL, NULL) = -1 EAGAIN (Try again)
29399 1783878484.578772 recvfrom(63, 0x73ce62b420, 2272, MSG_DONTWAIT, NULL, NULL) = -1 EAGAIN (Try again)
29399 1783878484.579048 recvfrom(61, 0x7ffb9990d0, 3200, MSG_DONTWAIT, NULL, NULL) = -1 EAGAIN (Try again)
29399 1783878484.592353 recvfrom(61, "nysv\0\0\0\0\0\0\0\0\0\0\0\0\343\352\17\26x[\0\0\357\312[\0\0\0\0\0", 3200, MSG_DONTWAIT, NULL, NULL) = 32
29399 1783878484.592581 recvfrom(61, 0x7ffb999730, 3200, MSG_DONTWAIT, NULL, NULL) = -1 EAGAIN (Try again)
29399 1783878484.593790 recvfrom(63, 0x73ce62b420, 2272, MSG_DONTWAIT, NULL, NULL) = -1 EAGAIN (Try again)
29399 1783878484.593997 recvfrom(61, 0x7ffb9990d0, 3200, MSG_DONTWAIT, NULL, NULL) = -1 EAGAIN (Try again)
29399 1783878484.609443 recvfrom(61, "nysv\0\0\0\0\0\0\0\0\0\0\0\0\274U\16\27x[\0\0\360\312[\0\0\0\0\0", 3200, MSG_DONTWAIT, NULL, NULL) = 32
29399 1783878484.609719 recvfrom(61, 0x7ffb999730, 3200, MSG_DONTWAIT, NULL, NULL) = -1 EAGAIN (Try again)
29399 1783878484.610807 recvfrom(63, 0x73ce62b420, 2272, MSG_DONTWAIT, NULL, NULL) = -1 EAGAIN (Try again)
29399 1783878484.611142 recvfrom(61, 0x7ffb9990d0, 3200, MSG_DONTWAIT, NULL, NULL) = -1 EAGAIN (Try again)
29399 1783878484.626187 recvfrom(61, "nysv\0\0\0\0\0\0\0\0\0\0\0\0<\273\f\30x[\0\0\361\312[\0\0\0\0\0", 3200, MSG_DONTWAIT, NULL, NULL) = 32
29399 1783878484.626433 recvfrom(61, 0x7ffb999730, 3200, MSG_DONTWAIT, NULL, NULL) = -1 EAGAIN (Try again)
29399 1783878484.627618 recvfrom(63, 0x73ce62b420, 2272, MSG_DONTWAIT, NULL, NULL) = -1 EAGAIN (Try again)
29399 1783878484.627969 recvfrom(61, 0x7ffb9990d0, 3200, MSG_DONTWAIT, NULL, NULL) = -1 EAGAIN (Try again)
29399 1783878484.643835 recvfrom(61, "nysv\0\0\0\0\0\0\0\0\0\0\0\0U\23\v\31x[\0\0\362\312[\0\0\0\0\0", 3200, MSG_DONTWAIT, NULL, NULL) = 32
29399 1783878484.644092 recvfrom(61, 0x7ffb999730, 3200, MSG_DONTWAIT, NULL, NULL) = -1 EAGAIN (Try again)
29399 1783878484.645243 recvfrom(63, 0x73ce62b420, 2272, MSG_DONTWAIT, NULL, NULL) = -1 EAGAIN (Try again)
29399 1783878484.645465 recvfrom(61, 0x7ffb9990d0, 3200, MSG_DONTWAIT, NULL, NULL) = -1 EAGAIN (Try again)
29399 1783878484.660005 recvfrom(61, "nysv\0\0\0\0\0\0\0\0\0\0\0\0\177c\t\32x[\0\0\363\312[\0\0\0\0\0", 3200, MSG_DONTWAIT, NULL, NULL) = 32
29399 1783878484.660278 recvfrom(61, 0x7ffb999730, 3200, MSG_DONTWAIT, NULL, NULL) = -1 EAGAIN (Try again)
29399 1783878484.661365 recvfrom(63, 0x73ce62b420, 2272, MSG_DONTWAIT, NULL, NULL) = -1 EAGAIN (Try again)
29399 1783878484.661551 recvfrom(61, 0x7ffb9990d0, 3200, MSG_DONTWAIT, NULL, NULL) = -1 EAGAIN (Try again)
29399 1783878484.677251 recvfrom(61, "nysv\0\0\0\0\0\0\0\0\0\0\0\0\357\252\7\33x[\0\0\364\312[\0\0\0\0\0", 3200, MSG_DONTWAIT, NULL, NULL) = 32
29399 1783878484.677484 recvfrom(61, 0x7ffb999730, 3200, MSG_DONTWAIT, NULL, NULL) = -1 EAGAIN (Try again)
29399 1783878484.678631 recvfrom(63, 0x73ce62b420, 2272, MSG_DONTWAIT, NULL, NULL) = -1 EAGAIN (Try again)
29399 1783878484.678859 recvfrom(61, 0x7ffb9990d0, 3200, MSG_DONTWAIT, NULL, NULL) = -1 EAGAIN (Try again)
29399 1783878484.693500 recvfrom(61, "nysv\0\0\0\0\0\0\0\0\0\0\0\0e\6\6\34x[\0\0\365\312[\0\0\0\0\0", 3200, MSG_DONTWAIT, NULL, NULL) = 32
29399 1783878484.693708 recvfrom(61, 0x7ffb999730, 3200, MSG_DONTWAIT, NULL, NULL) = -1 EAGAIN (Try again)
29399 1783878484.694826 recvfrom(63, 0x73ce62b420, 2272, MSG_DONTWAIT, NULL, NULL) = -1 EAGAIN (Try again)
29399 1783878484.695162 recvfrom(61, 0x7ffb9990d0, 3200, MSG_DONTWAIT, NULL, NULL) = -1 EAGAIN (Try again)
29399 1783878484.711415 recvfrom(61, "nysv\0\0\0\0\0\0\0\0\0\0\0\0\202w\4\35x[\0\0\366\312[\0\0\0\0\0", 3200, MSG_DONTWAIT, NULL, NULL) = 32
29399 1783878484.711715 recvfrom(61, 0x7ffb999730, 3200, MSG_DONTWAIT, NULL, NULL) = -1 EAGAIN (Try again)
29399 1783878484.712993 recvfrom(63, 0x73ce62b420, 2272, MSG_DONTWAIT, NULL, NULL) = -1 EAGAIN (Try again)
29399 1783878484.713236 recvfrom(61, 0x7ffb9990d0, 3200, MSG_DONTWAIT, NULL, NULL) = -1 EAGAIN (Try again)
29399 1783878484.727839 recvfrom(61, "nysv\0\0\0\0\0\0\0\0\0\0\0\0\254\307\2\36x[\0\0\367\312[\0\0\0\0\0", 3200, MSG_DONTWAIT, NULL, NULL) = 32
29399 1783878484.728074 recvfrom(61, 0x7ffb999730, 3200, MSG_DONTWAIT, NULL, NULL) = -1 EAGAIN (Try again)
29399 1783878484.729069 recvfrom(63, 0x73ce62b420, 2272, MSG_DONTWAIT, NULL, NULL) = -1 EAGAIN (Try again)
29399 1783878484.729266 recvfrom(61, 0x7ffb9990d0, 3200, MSG_DONTWAIT, NULL, NULL) = -1 EAGAIN (Try again)
29399 1783878484.743565 recvfrom(61, "nysv\0\0\0\0\0\0\0\0\0\0\0\0\2543\1\37x[\0\0\370\312[\0\0\0\0\0", 3200, MSG_DONTWAIT, NULL, NULL) = 32
29399 1783878484.743833 recvfrom(61, 0x7ffb999730, 3200, MSG_DONTWAIT, NULL, NULL) = -1 EAGAIN (Try again)
29399 1783878484.744912 recvfrom(63, 0x73ce62b420, 2272, MSG_DONTWAIT, NULL, NULL) = -1 EAGAIN (Try again)
29399 1783878485.107529 recvfrom(61, 0x7ffb9993c0, 3200, MSG_DONTWAIT, NULL, NULL) = -1 EAGAIN (Try again)
29399 1783878485.122012 recvfrom(61, "nysv\0\0\0\0\0\0\0\0\0\0\0\0\311\312\3235x[\0\0\17\313[\0\0\0\0\0", 3200, MSG_DONTWAIT, NULL, NULL) = 32
29399 1783878485.122600 recvfrom(61, 0x7ffb999730, 3200, MSG_DONTWAIT, NULL, NULL) = -1 EAGAIN (Try again)
29399 1783878485.123473 recvfrom(63, 0x73ce62b420, 2272, MSG_DONTWAIT, NULL, NULL) = -1 EAGAIN (Try again)
29399 1783878485.124993 recvfrom(61, 0x7ffb9980e0, 3200, MSG_DONTWAIT, NULL, NULL) = -1 EAGAIN (Try again)
29399 1783878485.137816 recvfrom(61, "nysv\0\0\0\0\0\0\0\0\0\0\0\0\366W\3226x[\0\0\20\313[\0\0\0\0\0", 3200, MSG_DONTWAIT, NULL, NULL) = 32
29399 1783878485.138413 recvfrom(61, 0x7ffb999730, 3200, MSG_DONTWAIT, NULL, NULL) = -1 EAGAIN (Try again)
29399 1783878485.139990 recvfrom(63, 0x73ce62b420, 2272, MSG_DONTWAIT, NULL, NULL) = -1 EAGAIN (Try again)
29399 1783878485.142419 recvfrom(61, 0x7ffb9980e0, 3200, MSG_DONTWAIT, NULL, NULL) = -1 EAGAIN (Try again)
29399 1783878485.154258 recvfrom(61, "nysv\0\0\0\0\0\0\0\0\0\0\0\0\252\332\3207x[\0\0\21\313[\0\0\0\0\0", 3200, MSG_DONTWAIT, NULL, NULL) = 32
29399 1783878485.154998 recvfrom(61, 0x7ffb999730, 3200, MSG_DONTWAIT, NULL, NULL) = -1 EAGAIN (Try again)
29399 1783878485.158555 recvfrom(63, 0x73ce62b420, 2272, MSG_DONTWAIT, NULL, NULL) = -1 EAGAIN (Try again)
29399 1783878485.159620 recvfrom(61, 0x7ffb9980e0, 3200, MSG_DONTWAIT, NULL, NULL) = -1 EAGAIN (Try again)
29399 1783878485.171109 recvfrom(61, "nysv\0\0\0\0\0\0\0\0\0\0\0\0\330f\3178x[\0\0\22\313[\0\0\0\0\0", 3200, MSG_DONTWAIT, NULL, NULL) = 32
29399 1783878485.171497 recvfrom(61, 0x7ffb999730, 3200, MSG_DONTWAIT, NULL, NULL) = -1 EAGAIN (Try again)
29399 1783878485.172180 recvfrom(63, 0x73ce62b420, 2272, MSG_DONTWAIT, NULL, NULL) = -1 EAGAIN (Try again)
29399 1783878485.175205 recvfrom(61, 0x7ffb9980e0, 3200, MSG_DONTWAIT, NULL, NULL) = -1 EAGAIN (Try again)
29399 1783878485.187720 recvfrom(61, "nysv\0\0\0\0\0\0\0\0\0\0\0\0M\345\3159x[\0\0\23\313[\0\0\0\0\0", 3200, MSG_DONTWAIT, NULL, NULL) = 32
29399 1783878485.192501 recvfrom(61, 0x7ffb999730, 3200, MSG_DONTWAIT, NULL, NULL) = -1 EAGAIN (Try again)
29399 1783878485.195101 recvfrom(63, 0x73ce62b420, 2272, MSG_DONTWAIT, NULL, NULL) = -1 EAGAIN (Try again)
29399 1783878485.196154 recvfrom(61, 0x7ffb9980e0, 3200, MSG_DONTWAIT, NULL, NULL) = -1 EAGAIN (Try again)
29399 1783878485.205333 recvfrom(61, "nysv\0\0\0\0\0\0\0\0\0\0\0\0P:\314:x[\0\0\24\313[\0\0\0\0\0", 3200, MSG_DONTWAIT, NULL, NULL) = 32
29399 1783878485.208202 recvfrom(61, 0x7ffb999730, 3200, MSG_DONTWAIT, NULL, NULL) = -1 EAGAIN (Try again)
29399 1783878485.209083 recvfrom(63, 0x73ce62b420, 2272, MSG_DONTWAIT, NULL, NULL) = -1 EAGAIN (Try again)
29399 1783878485.209694 recvfrom(61, 0x7ffb9980e0, 3200, MSG_DONTWAIT, NULL, NULL) = -1 EAGAIN (Try again)
29399 1783878485.220926 recvfrom(61, "nysv\0\0\0\0\0\0\0\0\0\0\0\0\322\254\312;x[\0\0\25\313[\0\0\0\0\0", 3200, MSG_DONTWAIT, NULL, NULL) = 32
29399 1783878485.221400 recvfrom(61, 0x7ffb999730, 3200, MSG_DONTWAIT, NULL, NULL) = -1 EAGAIN (Try again)
29399 1783878485.221843 recvfrom(63, 0x73ce62b420, 2272, MSG_DONTWAIT, NULL, NULL) = -1 EAGAIN (Try again)
29399 1783878485.225203 recvfrom(61, 0x7ffb9980e0, 3200, MSG_DONTWAIT, NULL, NULL) = -1 EAGAIN (Try again)
29399 1783878485.237943 recvfrom(61, "nysv\0\0\0\0\0\0\0\0\0\0\0\0\333\17\311<x[\0\0\26\313[\0\0\0\0\0", 3200, MSG_DONTWAIT, NULL, NULL) = 32
29399 1783878485.238346 recvfrom(61, 0x7ffb999730, 3200, MSG_DONTWAIT, NULL, NULL) = -1 EAGAIN (Try again)
29399 1783878485.238770 recvfrom(63, 0x73ce62b420, 2272, MSG_DONTWAIT, NULL, NULL) = -1 EAGAIN (Try again)
29399 1783878485.241426 recvfrom(61, 0x7ffb9980e0, 3200, MSG_DONTWAIT, NULL, NULL) = -1 EAGAIN (Try again)
29399 1783878485.255256 recvfrom(61, "nysv\0\0\0\0\0\0\0\0\0\0\0\0\333i\307=x[\0\0\27\313[\0\0\0\0\0", 3200, MSG_DONTWAIT, NULL, NULL) = 32
29399 1783878485.255600 recvfrom(61, 0x7ffb999730, 3200, MSG_DONTWAIT, NULL, NULL) = -1 EAGAIN (Try again)
29399 1783878485.259243 recvfrom(63, 0x73ce62b420, 2272, MSG_DONTWAIT, NULL, NULL) = -1 EAGAIN (Try again)
29399 1783878485.259766 recvfrom(61, 0x7ffb9980e0, 3200, MSG_DONTWAIT, NULL, NULL) = -1 EAGAIN (Try again)
29399 1783878485.270922 recvfrom(61, "nysv\0\0\0\0\0\0\0\0\0\0\0\0\205\340\305>x[\0\0\30\313[\0\0\0\0\0", 3200, MSG_DONTWAIT, NULL, NULL) = 32
29399 1783878485.271395 recvfrom(61, 0x7ffb999730, 3200, MSG_DONTWAIT, NULL, NULL) = -1 EAGAIN (Try again)
29399 1783878485.273970 recvfrom(63, 0x73ce62b420, 2272, MSG_DONTWAIT, NULL, NULL) = -1 EAGAIN (Try again)
29399 1783878485.275036 recvfrom(61, 0x7ffb9980e0, 3200, MSG_DONTWAIT, NULL, NULL) = -1 EAGAIN (Try again)
29399 1783878485.287564 recvfrom(61, "nysv\0\0\0\0\0\0\0\0\0\0\0\0\217U\304?x[\0\0\31\313[\0\0\0\0\0", 3200, MSG_DONTWAIT, NULL, NULL) = 32
29399 1783878485.287984 recvfrom(61, 0x7ffb999730, 3200, MSG_DONTWAIT, NULL, NULL) = -1 EAGAIN (Try again)
29399 1783878485.291425 recvfrom(63, 0x73ce62b420, 2272, MSG_DONTWAIT, NULL, NULL) = -1 EAGAIN (Try again)
29399 1783878485.292488 recvfrom(61, 0x7ffb9980e0, 3200, MSG_DONTWAIT, NULL, NULL) = -1 EAGAIN (Try again)
29399 1783878485.304415 recvfrom(61, "nysv\0\0\0\0\0\0\0\0\0\0\0\0\310\304\302@x[\0\0\32\313[\0\0\0\0\0", 3200, MSG_DONTWAIT, NULL, NULL) = 32
29399 1783878485.304721 recvfrom(61, 0x7ffb999730, 3200, MSG_DONTWAIT, NULL, NULL) = -1 EAGAIN (Try again)
29399 1783878485.305349 recvfrom(63, 0x73ce62b420, 2272, MSG_DONTWAIT, NULL, NULL) = -1 EAGAIN (Try again)
29399 1783878485.307236 recvfrom(61, 0x7ffb9980e0, 3200, MSG_DONTWAIT, NULL, NULL) = -1 EAGAIN (Try again)
29399 1783878485.327561 recvfrom(61, "nysv\0\0\0\0\0\0\0\0\0\0\0\0\351\336\300Ax[\0\0\33\313[\0\0\0\0\0", 3200, MSG_DONTWAIT, NULL, NULL) = 32
29399 1783878485.328533 recvfrom(61, 0x7ffb999730, 3200, MSG_DONTWAIT, NULL, NULL) = -1 EAGAIN (Try again)
29399 1783878485.329422 recvfrom(63, 0x73ce62b420, 2272, MSG_DONTWAIT, NULL, NULL) = -1 EAGAIN (Try again)
29399 1783878485.329988 recvfrom(61, 0x7ffb9980e0, 3200, MSG_DONTWAIT, NULL, NULL) = -1 EAGAIN (Try again)
29399 1783878485.337312 recvfrom(61, "nysv\0\0\0\0\0\0\0\0\0\0\0\0qg\277Bx[\0\0\34\313[\0\0\0\0\0", 3200, MSG_DONTWAIT, NULL, NULL) = 32
29399 1783878485.337803 recvfrom(61, 0x7ffb999730, 3200, MSG_DONTWAIT, NULL, NULL) = -1 EAGAIN (Try again)
29399 1783878485.341308 recvfrom(63, 0x73ce62b420, 2272, MSG_DONTWAIT, NULL, NULL) = -1 EAGAIN (Try again)
29399 1783878485.342176 recvfrom(61, 0x7ffb9980e0, 3200, MSG_DONTWAIT, NULL, NULL) = -1 EAGAIN (Try again)
29399 1783878485.354424 recvfrom(61, "nysv\0\0\0\0\0\0\0\0\0\0\0\0z\354\275Cx[\0\0\35\313[\0\0\0\0\0", 3200, MSG_DONTWAIT, NULL, NULL) = 32
29399 1783878485.354966 recvfrom(61, 0x7ffb999730, 3200, MSG_DONTWAIT, NULL, NULL) = -1 EAGAIN (Try again)
29399 1783878485.356773 recvfrom(63, 0x73ce62b420, 2272, MSG_DONTWAIT, NULL, NULL) = -1 EAGAIN (Try again)
29399 1783878485.358683 recvfrom(61, 0x7ffb9980e0, 3200, MSG_DONTWAIT, NULL, NULL) = -1 EAGAIN (Try again)
29399 1783878485.372205 recvfrom(61, "nysv\0\0\0\0\0\0\0\0\0\0\0\0\6\253\274Dx[\0\0\36\313[\0\0\0\0\0", 3200, MSG_DONTWAIT, NULL, NULL) = 32
29399 1783878485.372537 recvfrom(61, 0x7ffb999730, 3200, MSG_DONTWAIT, NULL, NULL) = -1 EAGAIN (Try again)
29399 1783878485.375762 recvfrom(63, 0x73ce62b420, 2272, MSG_DONTWAIT, NULL, NULL) = -1 EAGAIN (Try again)
29477 1783878486.196974 exit(0)         = ?
29477 1783878486.197315 +++ exited with 0 +++
29475 1783878486.245748 faccessat(AT_FDCWD, "/proc/self/task/29477", F_OK) = -1 ENOENT (No such file or directory)
