24040 1784157598.034594 exit(0)         = ?
24040 1784157598.034744 +++ exited with 0 +++
24043 1784157598.038723 exit(0)         = ?
24043 1784157598.039334 +++ exited with 0 +++
24042 1784157598.039862 exit(0 <unfinished ...>
24041 1784157598.039921 exit(0)         = ?
24042 1784157598.040245 <... exit resumed>) = ?
24041 1784157598.040277 +++ exited with 0 +++
24042 1784157598.040386 +++ exited with 0 +++
24053 1784157598.040459 newfstatat(AT_FDCWD, "/data", {st_mode=S_IFDIR|0771, st_size=4096, ...}, AT_SYMLINK_NOFOLLOW) = 0
24053 1784157598.040526 newfstatat(AT_FDCWD, "/data/app", {st_mode=S_IFDIR|0771, st_size=4096, ...}, AT_SYMLINK_NOFOLLOW) = 0
24053 1784157598.040560 newfstatat(AT_FDCWD, "/data/app/ca.rmen.android.frenchcalendar-u11oMj6tZSmgZq5si-W93Q==", {st_mode=S_IFDIR|0775, st_size=4096, ...}, AT_SYMLINK_NOFOLLOW) = 0
24053 1784157598.040576 newfstatat(AT_FDCWD, "/data/app/ca.rmen.android.frenchcalendar-u11oMj6tZSmgZq5si-W93Q==/base.apk", {st_mode=S_IFREG|0644, st_size=1168009, ...}, AT_SYMLINK_NOFOLLOW) = 0
24053 1784157598.040605 getcwd("/", 4096) = 2
24053 1784157598.040617 newfstatat(AT_FDCWD, "/base.apk", 0x7b5018d690, AT_SYMLINK_NOFOLLOW) = -1 ENOENT (No such file or directory)
24033 1784157607.400934 recvfrom(48, "\2\0\0\0\0\0\0\0\277\4\0\0\0\0\0\0@'\vl\242\1\0\0\1\0\0\0\2\20\0\0"..., 2272, MSG_DONTWAIT, NULL, NULL) = 232
24033 1784157607.401391 sendto(48, "\3\0\0\0\0\0\0\0\277\4\0\0\1\0\0\0", 16, MSG_DONTWAIT|MSG_NOSIGNAL, NULL, 0) = 16
24033 1784157607.401587 recvfrom(48, 0x7be076ac20, 2272, MSG_DONTWAIT, NULL, NULL) = -1 EAGAIN (Try again)
24033 1784157607.402557 recvfrom(48, "\2\0\0\0\0\0\0\0\301\4\0\0\0\0\0\0@'\vl\242\1\0\0\1\0\0\0\2\20\0\0"..., 2272, MSG_DONTWAIT, NULL, NULL) = 232
24033 1784157607.402761 recvfrom(46, 0x7ffcf04930, 3200, MSG_DONTWAIT, NULL, NULL) = -1 EAGAIN (Try again)
24033 1784157607.403407 sendto(48, "\3\0\0\0\0\0\0\0\301\4\0\0\1\0\0\0", 16, MSG_DONTWAIT|MSG_NOSIGNAL, NULL, 0) = 16
24033 1784157607.403727 recvfrom(48, 0x7be076ac20, 2272, MSG_DONTWAIT, NULL, NULL) = -1 EAGAIN (Try again)
24033 1784157607.419191 recvfrom(46, "nysv\0\0\0\0\0\0\0\0\0\0\0\0\215\v<m\242\1\0\0\20\241\1\0\0\0\0\0", 3200, MSG_DONTWAIT, NULL, NULL) = 32
24033 1784157607.419384 recvfrom(46, 0x7ffcf06d30, 3200, MSG_DONTWAIT, NULL, NULL) = -1 EAGAIN (Try again)
24033 1784157607.419674 recvfrom(48, 0x7be076ac20, 2272, MSG_DONTWAIT, NULL, NULL) = -1 EAGAIN (Try again)
24033 1784157607.419829 recvfrom(46, 0x7ffcf06c90, 3200, MSG_DONTWAIT, NULL, NULL) = -1 EAGAIN (Try again)
24033 1784157607.422404 socket(AF_UNIX, SOCK_DGRAM|SOCK_CLOEXEC|SOCK_NONBLOCK, 0) = 67
24033 1784157607.422638 setsockopt(67, SOL_SOCKET, SO_SNDBUF, [1048576], 4) = 0
24033 1784157607.422966 connect(67, {sa_family=AF_UNIX, sun_path="/dev/socket/statsdw"}, 110) = 0
24054 1784157607.432423 recvfrom(41, 0x7b50092eb0, 3200, MSG_DONTWAIT, NULL, NULL) = -1 EAGAIN (Try again)
24054 1784157607.439340 recvfrom(41, "nysv\0\0\0\0\0\0\0\0\0\0\0\0\245\217:n\242\1\0\0\21\241\1\0\0\0\0\0", 3200, MSG_DONTWAIT, NULL, NULL) = 32
24054 1784157607.439958 recvfrom(41, 0x7b50092c80, 3200, MSG_DONTWAIT, NULL, NULL) = -1 EAGAIN (Try again)
24033 1784157607.446059 recvfrom(46, "nysv\0\0\0\0\0\0\0\0\0\0\0\0\245\217:n\242\1\0\0\21\241\1\0\0\0\0\0", 3200, MSG_DONTWAIT, NULL, NULL) = 32
24033 1784157607.446319 recvfrom(46, 0x7ffcf06d30, 3200, MSG_DONTWAIT, NULL, NULL) = -1 EAGAIN (Try again)
24054 1784157607.460158 recvfrom(41, "nysv\0\0\0\0\0\0\0\0\0\0\0\0\372\3638o\242\1\0\0\22\241\1\0\0\0\0\0", 3200, MSG_DONTWAIT, NULL, NULL) = 32
24054 1784157607.460330 recvfrom(41, 0x7b50092eb0, 3200, MSG_DONTWAIT, NULL, NULL) = -1 EAGAIN (Try again)
24033 1784157607.462793 recvfrom(70, 0x7be076b820, 2272, MSG_DONTWAIT, NULL, NULL) = -1 EAGAIN (Try again)
24033 1784157607.462939 recvfrom(46, 0x7ffcf06c90, 3200, MSG_DONTWAIT, NULL, NULL) = -1 EAGAIN (Try again)
24054 1784157607.474576 recvfrom(41, "nysv\0\0\0\0\0\0\0\0\0\0\0\0$D7p\242\1\0\0\23\241\1\0\0\0\0\0", 3200, MSG_DONTWAIT, NULL, NULL) = 32
24054 1784157607.474727 recvfrom(41, 0x7b50092eb0, 3200, MSG_DONTWAIT, NULL, NULL) = -1 EAGAIN (Try again)
24054 1784157607.493371 recvfrom(41, "nysv\0\0\0\0\0\0\0\0\0\0\0\0\213\3375q\242\1\0\0\24\241\1\0\0\0\0\0", 3200, MSG_DONTWAIT, NULL, NULL) = 32
24054 1784157607.493644 recvfrom(41, 0x7b50092eb0, 3200, MSG_DONTWAIT, NULL, NULL) = -1 EAGAIN (Try again)
24071 1784157607.513938 sendmsg(68, {msg_name=NULL, msg_namelen=0, msg_iov=[{iov_base="l\1\1\1\4\1\0\0L\0\0\0\235\0\0\0\1\1o\0;\0\0\0/re/frid"..., iov_len=436}], msg_iovlen=1, msg_controllen=0, msg_flags=0}, MSG_NOSIGNAL) = 436
24054 1784157607.517737 recvfrom(41, "nysv\0\0\0\0\0\0\0\0\0\0\0\0\21z4r\242\1\0\0\25\241\1\0\0\0\0\0", 3200, MSG_DONTWAIT, NULL, NULL) = 32
24054 1784157607.517912 recvfrom(41, 0x7b50092eb0, 3200, MSG_DONTWAIT, NULL, NULL) = -1 EAGAIN (Try again)
24054 1784157607.530581 recvfrom(41, "nysv\0\0\0\0\0\0\0\0\0\0\0\0\361\0163s\242\1\0\0\26\241\1\0\0\0\0\0", 3200, MSG_DONTWAIT, NULL, NULL) = 32
24054 1784157607.530744 recvfrom(41, 0x7b50092eb0, 3200, MSG_DONTWAIT, NULL, NULL) = -1 EAGAIN (Try again)
24054 1784157607.582481 recvfrom(41, "nysv\0\0\0\0\0\0\0\0\0\0\0\0\33_1t\242\1\0\0\27\241\1\0\0\0\0\0", 3200, MSG_DONTWAIT, NULL, NULL) = 32
24054 1784157607.582659 recvfrom(41, 0x7b50092eb0, 3200, MSG_DONTWAIT, NULL, NULL) = -1 EAGAIN (Try again)
24033 1784157607.584037 recvfrom(46, "nysv\0\0\0\0\0\0\0\0\0\0\0\0$D7p\242\1\0\0\23\241\1\0\0\0\0\0", 3200, MSG_DONTWAIT, NULL, NULL) = 32
24033 1784157607.584183 recvfrom(46, 0x7ffcf06d30, 3200, MSG_DONTWAIT, NULL, NULL) = -1 EAGAIN (Try again)
24054 1784157607.586746 recvfrom(41, "nysv\0\0\0\0\0\0\0\0\0\0\0\0\"Z-w\242\1\0\0\32\241\1\0\0\0\0\0", 3200, MSG_DONTWAIT, NULL, NULL) = 32
24054 1784157607.587362 recvfrom(41, 0x7b50092c80, 3200, MSG_DONTWAIT, NULL, NULL) = -1 EAGAIN (Try again)
24033 1784157607.587642 recvfrom(70, 0x7be076b820, 2272, MSG_DONTWAIT, NULL, NULL) = -1 EAGAIN (Try again)
24033 1784157607.588099 recvfrom(48, 0x7be076ac20, 2272, MSG_DONTWAIT, NULL, NULL) = -1 EAGAIN (Try again)
24033 1784157607.588551 recvfrom(46, 0x7ffcf06c90, 3200, MSG_DONTWAIT, NULL, NULL) = -1 EAGAIN (Try again)
24054 1784157607.597728 recvfrom(41, 0x7b50092eb0, 3200, MSG_DONTWAIT, NULL, NULL) = -1 EAGAIN (Try again)
24033 1784157607.604091 recvfrom(46, "nysv\0\0\0\0\0\0\0\0\0\0\0\0L\252+x\242\1\0\0\33\241\1\0\0\0\0\0", 3200, MSG_DONTWAIT, NULL, NULL) = 32
24033 1784157607.604322 recvfrom(46, 0x7ffcf06d30, 3200, MSG_DONTWAIT, NULL, NULL) = -1 EAGAIN (Try again)
24033 1784157607.609492 recvfrom(70, 0x7be076b820, 2272, MSG_DONTWAIT, NULL, NULL) = -1 EAGAIN (Try again)
24033 1784157607.609704 recvfrom(48, 0x7be076ac20, 2272, MSG_DONTWAIT, NULL, NULL) = -1 EAGAIN (Try again)
24033 1784157607.610009 recvfrom(46, 0x7ffcf06c90, 3200, MSG_DONTWAIT, NULL, NULL) = -1 EAGAIN (Try again)
24054 1784157607.615801 recvfrom(41, "nysv\0\0\0\0\0\0\0\0\0\0\0\0L\252+x\242\1\0\0\33\241\1\0\0\0\0\0", 3200, MSG_DONTWAIT, NULL, NULL) = 32
24054 1784157607.615955 recvfrom(41, 0x7b50092eb0, 3200, MSG_DONTWAIT, NULL, NULL) = -1 EAGAIN (Try again)
24054 1784157607.633623 recvfrom(41, "nysv\0\0\0\0\0\0\0\0\0\0\0\0v\372)y\242\1\0\0\34\241\1\0\0\0\0\0", 3200, MSG_DONTWAIT, NULL, NULL) = 32
24054 1784157607.633782 recvfrom(41, 0x7b50092eb0, 3200, MSG_DONTWAIT, NULL, NULL) = -1 EAGAIN (Try again)
24033 1784157607.640888 recvfrom(46, "nysv\0\0\0\0\0\0\0\0\0\0\0\0v\372)y\242\1\0\0\34\241\1\0\0\0\0\0", 3200, MSG_DONTWAIT, NULL, NULL) = 32
24033 1784157607.641167 recvfrom(46, 0x7ffcf06d30, 3200, MSG_DONTWAIT, NULL, NULL) = -1 EAGAIN (Try again)
24033 1784157607.644313 recvfrom(46, 0x7ffcf060a0, 3200, MSG_DONTWAIT, NULL, NULL) = -1 EAGAIN (Try again)
24054 1784157607.650444 recvfrom(41, "nysv\0\0\0\0\0\0\0\0\0\0\0\0P\216(z\242\1\0\0\35\241\1\0\0\0\0\0", 3200, MSG_DONTWAIT, NULL, NULL) = 32
24054 1784157607.650597 recvfrom(41, 0x7b50092eb0, 3200, MSG_DONTWAIT, NULL, NULL) = -1 EAGAIN (Try again)
24033 1784157607.657239 recvfrom(46, "nysv\0\0\0\0\0\0\0\0\0\0\0\0z%'{\242\1\0\0\36\241\1\0\0\0\0\0", 3200, MSG_DONTWAIT, NULL, NULL) = 32
24033 1784157607.657592 recvfrom(46, 0x7ffcf06d30, 3200, MSG_DONTWAIT, NULL, NULL) = -1 EAGAIN (Try again)
24033 1784157607.657872 recvfrom(70, 0x7be076b820, 2272, MSG_DONTWAIT, NULL, NULL) = -1 EAGAIN (Try again)
24033 1784157607.658117 recvfrom(46, 0x7ffcf060a0, 3200, MSG_DONTWAIT, NULL, NULL) = -1 EAGAIN (Try again)
24054 1784157607.674363 recvfrom(41, "nysv\0\0\0\0\0\0\0\0\0\0\0\0z%'{\242\1\0\0\36\241\1\0\0\0\0\0", 3200, MSG_DONTWAIT, NULL, NULL) = 32
24054 1784157607.674511 recvfrom(41, 0x7b50092eb0, 3200, MSG_DONTWAIT, NULL, NULL) = -1 EAGAIN (Try again)
24033 1784157607.681324 recvfrom(46, "nysv\0\0\0\0\0\0\0\0\0\0\0\0\262\204%|\242\1\0\0\37\241\1\0\0\0\0\0", 3200, MSG_DONTWAIT, NULL, NULL) = 32
24033 1784157607.681543 recvfrom(46, 0x7ffcf06d30, 3200, MSG_DONTWAIT, NULL, NULL) = -1 EAGAIN (Try again)
24033 1784157607.683259 recvfrom(70, 0x7be076b820, 2272, MSG_DONTWAIT, NULL, NULL) = -1 EAGAIN (Try again)
24033 1784157607.683599 recvfrom(46, 0x7ffcf060a0, 3200, MSG_DONTWAIT, NULL, NULL) = -1 EAGAIN (Try again)
24054 1784157607.702026 recvfrom(41, "nysv\0\0\0\0\0\0\0\0\0\0\0\0\203\30$}\242\1\0\0 \241\1\0\0\0\0\0", 3200, MSG_DONTWAIT, NULL, NULL) = 32
24054 1784157607.702200 recvfrom(41, 0x7b50092eb0, 3200, MSG_DONTWAIT, NULL, NULL) = -1 EAGAIN (Try again)
24054 1784157607.703381 recvfrom(41, "nysv\0\0\0\0\0\0\0\0\0\0\0\0\220\251\"~\242\1\0\0!\241\1\0\0\0\0\0", 3200, MSG_DONTWAIT, NULL, NULL) = 32
24054 1784157607.703601 recvfrom(41, 0x7b50092c80, 3200, MSG_DONTWAIT, NULL, NULL) = -1 EAGAIN (Try again)
24033 1784157607.710834 recvfrom(46, "nysv\0\0\0\0\0\0\0\0\0\0\0\0\203\30$}\242\1\0\0 \241\1\0\0\0\0\0", 3200, MSG_DONTWAIT, NULL, NULL) = 32
24033 1784157607.711090 recvfrom(46, 0x7ffcf06d30, 3200, MSG_DONTWAIT, NULL, NULL) = -1 EAGAIN (Try again)
24033 1784157607.711282 recvfrom(70, 0x7be076b820, 2272, MSG_DONTWAIT, NULL, NULL) = -1 EAGAIN (Try again)
24033 1784157607.711557 recvfrom(46, 0x7ffcf060a0, 3200, MSG_DONTWAIT, NULL, NULL) = -1 EAGAIN (Try again)
24054 1784157607.731665 recvfrom(41, "nysv\0\0\0\0\0\0\0\0\0\0\0\0\272\371 \177\242\1\0\0\"\241\1\0\0\0\0\0", 3200, MSG_DONTWAIT, NULL, NULL) = 32
24054 1784157607.731831 recvfrom(41, 0x7b50092eb0, 3200, MSG_DONTWAIT, NULL, NULL) = -1 EAGAIN (Try again)
24033 1784157607.736937 recvfrom(46, "nysv\0\0\0\0\0\0\0\0\0\0\0\0\272\371 \177\242\1\0\0\"\241\1\0\0\0\0\0", 3200, MSG_DONTWAIT, NULL, NULL) = 32
24033 1784157607.737217 recvfrom(46, 0x7ffcf06d30, 3200, MSG_DONTWAIT, NULL, NULL) = -1 EAGAIN (Try again)
24033 1784157607.737467 recvfrom(70, 0x7be076b820, 2272, MSG_DONTWAIT, NULL, NULL) = -1 EAGAIN (Try again)
24033 1784157607.738042 recvfrom(46, 0x7ffcf060a0, 3200, MSG_DONTWAIT, NULL, NULL) = -1 EAGAIN (Try again)
24054 1784157607.758140 recvfrom(41, "nysv\0\0\0\0\0\0\0\0\0\0\0\0\344I\37\200\242\1\0\0#\241\1\0\0\0\0\0", 3200, MSG_DONTWAIT, NULL, NULL) = 32
24054 1784157607.758329 recvfrom(41, 0x7b50092eb0, 3200, MSG_DONTWAIT, NULL, NULL) = -1 EAGAIN (Try again)
24033 1784157607.763309 recvfrom(46, "nysv\0\0\0\0\0\0\0\0\0\0\0\0\16\232\35\201\242\1\0\0$\241\1\0\0\0\0\0", 3200, MSG_DONTWAIT, NULL, NULL) = 32
24033 1784157607.763608 recvfrom(46, 0x7ffcf06d30, 3200, MSG_DONTWAIT, NULL, NULL) = -1 EAGAIN (Try again)
24033 1784157607.763953 recvfrom(70, 0x7be076b820, 2272, MSG_DONTWAIT, NULL, NULL) = -1 EAGAIN (Try again)
24033 1784157607.764300 recvfrom(46, 0x7ffcf060a0, 3200, MSG_DONTWAIT, NULL, NULL) = -1 EAGAIN (Try again)
24033 1784157607.770906 recvfrom(46, "nysv\0\0\0\0\0\0\0\0\0\0\0\08\352\33\202\242\1\0\0%\241\1\0\0\0\0\0", 3200, MSG_DONTWAIT, NULL, NULL) = 32
24033 1784157607.771571 recvfrom(46, 0x7ffcf06d30, 3200, MSG_DONTWAIT, NULL, NULL) = -1 EAGAIN (Try again)
24033 1784157607.772019 recvfrom(70, 0x7be076b820, 2272, MSG_DONTWAIT, NULL, NULL) = -1 EAGAIN (Try again)
24033 1784157607.772452 recvfrom(46, 0x7ffcf060a0, 3200, MSG_DONTWAIT, NULL, NULL) = -1 EAGAIN (Try again)
24054 1784157607.778248 recvfrom(41, "nysv\0\0\0\0\0\0\0\0\0\0\0\08\352\33\202\242\1\0\0%\241\1\0\0\0\0\0", 3200, MSG_DONTWAIT, NULL, NULL) = 32
24054 1784157607.778414 recvfrom(41, 0x7b50092c80, 3200, MSG_DONTWAIT, NULL, NULL) = -1 EAGAIN (Try again)
24033 1784157607.786205 recvfrom(46, "nysv\0\0\0\0\0\0\0\0\0\0\0\0h\217\32\203\242\1\0\0&\241\1\0\0\0\0\0", 3200, MSG_DONTWAIT, NULL, NULL) = 32
24033 1784157607.786685 recvfrom(46, 0x7ffcf06d30, 3200, MSG_DONTWAIT, NULL, NULL) = -1 EAGAIN (Try again)
24033 1784157607.787360 recvfrom(70, 0x7be076b820, 2272, MSG_DONTWAIT, NULL, NULL) = -1 EAGAIN (Try again)
24033 1784157607.787836 recvfrom(46, 0x7ffcf060a0, 3200, MSG_DONTWAIT, NULL, NULL) = -1 EAGAIN (Try again)
24054 1784157607.807293 recvfrom(41, "nysv\0\0\0\0\0\0\0\0\0\0\0\0Q#\31\204\242\1\0\0'\241\1\0\0\0\0\0", 3200, MSG_DONTWAIT, NULL, NULL) = 32
24054 1784157607.807498 recvfrom(41, 0x7b50092c80, 3200, MSG_DONTWAIT, NULL, NULL) = -1 EAGAIN (Try again)
24033 1784157607.811179 recvfrom(46, "nysv\0\0\0\0\0\0\0\0\0\0\0\0Q#\31\204\242\1\0\0'\241\1\0\0\0\0\0", 3200, MSG_DONTWAIT, NULL, NULL) = 32
24033 1784157607.811427 recvfrom(46, 0x7ffcf06d30, 3200, MSG_DONTWAIT, NULL, NULL) = -1 EAGAIN (Try again)
24033 1784157607.812343 recvfrom(70, 0x7be076b820, 2272, MSG_DONTWAIT, NULL, NULL) = -1 EAGAIN (Try again)
24033 1784157607.812581 recvfrom(46, 0x7ffcf060a0, 3200, MSG_DONTWAIT, NULL, NULL) = -1 EAGAIN (Try again)
24054 1784157607.826318 recvfrom(41, 0x7b50092eb0, 3200, MSG_DONTWAIT, NULL, NULL) = -1 EAGAIN (Try again)
24033 1784157607.827086 recvfrom(46, "nysv\0\0\0\0\0\0\0\0\0\0\0\0\t\237\27\205\242\1\0\0(\241\1\0\0\0\0\0", 3200, MSG_DONTWAIT, NULL, NULL) = 32
24033 1784157607.827236 recvfrom(46, 0x7ffcf06d30, 3200, MSG_DONTWAIT, NULL, NULL) = -1 EAGAIN (Try again)
24033 1784157607.827387 recvfrom(70, 0x7be076b820, 2272, MSG_DONTWAIT, NULL, NULL) = -1 EAGAIN (Try again)
24033 1784157607.827558 recvfrom(46, 0x7ffcf060a0, 3200, MSG_DONTWAIT, NULL, NULL) = -1 EAGAIN (Try again)
24033 1784157607.837879 recvfrom(46, "nysv\0\0\0\0\0\0\0\0\0\0\0\0\275\331\25\206\242\1\0\0)\241\1\0\0\0\0\0", 3200, MSG_DONTWAIT, NULL, NULL) = 32
24033 1784157607.838484 recvfrom(46, 0x7ffcf06d30, 3200, MSG_DONTWAIT, NULL, NULL) = -1 EAGAIN (Try again)
24033 1784157607.839040 recvfrom(70, 0x7be076b820, 2272, MSG_DONTWAIT, NULL, NULL) = -1 EAGAIN (Try again)
24033 1784157607.840729 recvfrom(46, 0x7ffcf06010, 3200, MSG_DONTWAIT, NULL, NULL) = -1 EAGAIN (Try again)
24054 1784157607.842622 recvfrom(41, "nysv\0\0\0\0\0\0\0\0\0\0\0\0\275\331\25\206\242\1\0\0)\241\1\0\0\0\0\0", 3200, MSG_DONTWAIT, NULL, NULL) = 32
24054 1784157607.842786 recvfrom(41, 0x7b50092c80, 3200, MSG_DONTWAIT, NULL, NULL) = -1 EAGAIN (Try again)
24033 1784157607.853721 recvfrom(46, "nysv\0\0\0\0\0\0\0\0\0\0\0\0\36=\24\207\242\1\0\0*\241\1\0\0\0\0\0", 3200, MSG_DONTWAIT, NULL, NULL) = 32
24033 1784157607.854259 recvfrom(46, 0x7ffcf06d30, 3200, MSG_DONTWAIT, NULL, NULL) = -1 EAGAIN (Try again)
24033 1784157607.856349 recvfrom(70, 0x7be076b820, 2272, MSG_DONTWAIT, NULL, NULL) = -1 EAGAIN (Try again)
24033 1784157609.207050 recvfrom(46, 0x7ffcf06c00, 3200, MSG_DONTWAIT, NULL, NULL) = -1 EAGAIN (Try again)
24033 1784157609.225019 recvfrom(46, "nysv\0\0\0\0\0\0\0\0\0\0\0\0G-\205\330\242\1\0\0{\241\1\0\0\0\0\0", 3200, MSG_DONTWAIT, NULL, NULL) = 32
24033 1784157609.225315 recvfrom(46, 0x7ffcf06d30, 3200, MSG_DONTWAIT, NULL, NULL) = -1 EAGAIN (Try again)
24033 1784157609.225900 recvfrom(70, 0x7be076b820, 2272, MSG_DONTWAIT, NULL, NULL) = -1 EAGAIN (Try again)
24033 1784157609.226756 recvfrom(46, 0x7ffcf06220, 3200, MSG_DONTWAIT, NULL, NULL) = -1 EAGAIN (Try again)
24033 1784157609.236342 recvfrom(46, "nysv\0\0\0\0\0\0\0\0\0\0\0\0\252\312\203\331\242\1\0\0|\241\1\0\0\0\0\0", 3200, MSG_DONTWAIT, NULL, NULL) = 32
24033 1784157609.236827 recvfrom(46, 0x7ffcf06d30, 3200, MSG_DONTWAIT, NULL, NULL) = -1 EAGAIN (Try again)
24033 1784157609.237936 recvfrom(70, 0x7be076b820, 2272, MSG_DONTWAIT, NULL, NULL) = -1 EAGAIN (Try again)
24033 1784157609.240741 recvfrom(46, 0x7ffcf06220, 3200, MSG_DONTWAIT, NULL, NULL) = -1 EAGAIN (Try again)
24033 1784157609.254327 recvfrom(46, "nysv\0\0\0\0\0\0\0\0\0\0\0\0\\\23\202\332\242\1\0\0}\241\1\0\0\0\0\0", 3200, MSG_DONTWAIT, NULL, NULL) = 32
24033 1784157609.254861 recvfrom(46, 0x7ffcf06d30, 3200, MSG_DONTWAIT, NULL, NULL) = -1 EAGAIN (Try again)
24033 1784157609.255325 recvfrom(70, 0x7be076b820, 2272, MSG_DONTWAIT, NULL, NULL) = -1 EAGAIN (Try again)
24033 1784157609.257942 recvfrom(46, 0x7ffcf06220, 3200, MSG_DONTWAIT, NULL, NULL) = -1 EAGAIN (Try again)
24033 1784157609.270678 recvfrom(46, "nysv\0\0\0\0\0\0\0\0\0\0\0\0'b\200\333\242\1\0\0~\241\1\0\0\0\0\0", 3200, MSG_DONTWAIT, NULL, NULL) = 32
24033 1784157609.271137 recvfrom(46, 0x7ffcf06d30, 3200, MSG_DONTWAIT, NULL, NULL) = -1 EAGAIN (Try again)
24033 1784157609.271473 recvfrom(70, 0x7be076b820, 2272, MSG_DONTWAIT, NULL, NULL) = -1 EAGAIN (Try again)
24033 1784157609.273493 recvfrom(46, 0x7ffcf06220, 3200, MSG_DONTWAIT, NULL, NULL) = -1 EAGAIN (Try again)
24033 1784157609.287612 recvfrom(46, "nysv\0\0\0\0\0\0\0\0\0\0\0\0\254\253~\334\242\1\0\0\177\241\1\0\0\0\0\0", 3200, MSG_DONTWAIT, NULL, NULL) = 32
24033 1784157609.287991 recvfrom(46, 0x7ffcf06d30, 3200, MSG_DONTWAIT, NULL, NULL) = -1 EAGAIN (Try again)
24033 1784157609.288314 recvfrom(70, 0x7be076b820, 2272, MSG_DONTWAIT, NULL, NULL) = -1 EAGAIN (Try again)
24033 1784157609.290516 recvfrom(46, 0x7ffcf06220, 3200, MSG_DONTWAIT, NULL, NULL) = -1 EAGAIN (Try again)
24033 1784157609.304200 recvfrom(46, "nysv\0\0\0\0\0\0\0\0\0\0\0\0\326\373|\335\242\1\0\0\200\241\1\0\0\0\0\0", 3200, MSG_DONTWAIT, NULL, NULL) = 32
24033 1784157609.304629 recvfrom(46, 0x7ffcf06d30, 3200, MSG_DONTWAIT, NULL, NULL) = -1 EAGAIN (Try again)
24033 1784157609.304940 recvfrom(70, 0x7be076b820, 2272, MSG_DONTWAIT, NULL, NULL) = -1 EAGAIN (Try again)
24033 1784157609.307750 recvfrom(46, 0x7ffcf06220, 3200, MSG_DONTWAIT, NULL, NULL) = -1 EAGAIN (Try again)
24033 1784157609.319899 recvfrom(46, "nysv\0\0\0\0\0\0\0\0\0\0\0\0\0L{\336\242\1\0\0\201\241\1\0\0\0\0\0", 3200, MSG_DONTWAIT, NULL, NULL) = 32
24033 1784157609.320310 recvfrom(46, 0x7ffcf06d30, 3200, MSG_DONTWAIT, NULL, NULL) = -1 EAGAIN (Try again)
24033 1784157609.320605 recvfrom(70, 0x7be076b820, 2272, MSG_DONTWAIT, NULL, NULL) = -1 EAGAIN (Try again)
24033 1784157609.322612 recvfrom(46, 0x7ffcf06220, 3200, MSG_DONTWAIT, NULL, NULL) = -1 EAGAIN (Try again)
24033 1784157609.336275 recvfrom(46, "nysv\0\0\0\0\0\0\0\0\0\0\0\0\n\334y\337\242\1\0\0\202\241\1\0\0\0\0\0", 3200, MSG_DONTWAIT, NULL, NULL) = 32
24033 1784157609.336692 recvfrom(46, 0x7ffcf06d30, 3200, MSG_DONTWAIT, NULL, NULL) = -1 EAGAIN (Try again)
24033 1784157609.336995 recvfrom(70, 0x7be076b820, 2272, MSG_DONTWAIT, NULL, NULL) = -1 EAGAIN (Try again)
24033 1784157609.339284 recvfrom(46, 0x7ffcf06220, 3200, MSG_DONTWAIT, NULL, NULL) = -1 EAGAIN (Try again)
24033 1784157609.352993 recvfrom(46, "nysv\0\0\0\0\0\0\0\0\0\0\0\0B\244x\340\242\1\0\0\203\241\1\0\0\0\0\0", 3200, MSG_DONTWAIT, NULL, NULL) = 32
24033 1784157609.353361 recvfrom(46, 0x7ffcf06d30, 3200, MSG_DONTWAIT, NULL, NULL) = -1 EAGAIN (Try again)
24033 1784157609.353711 recvfrom(70, 0x7be076b820, 2272, MSG_DONTWAIT, NULL, NULL) = -1 EAGAIN (Try again)
24033 1784157609.354378 recvfrom(46, 0x7ffcf06220, 3200, MSG_DONTWAIT, NULL, NULL) = -1 EAGAIN (Try again)
24033 1784157609.372897 recvfrom(46, "nysv\0\0\0\0\0\0\0\0\0\0\0\0uev\341\242\1\0\0\204\241\1\0\0\0\0\0", 3200, MSG_DONTWAIT, NULL, NULL) = 32
24033 1784157609.373363 recvfrom(46, 0x7ffcf06d30, 3200, MSG_DONTWAIT, NULL, NULL) = -1 EAGAIN (Try again)
24033 1784157609.373723 recvfrom(70, 0x7be076b820, 2272, MSG_DONTWAIT, NULL, NULL) = -1 EAGAIN (Try again)
24033 1784157609.374201 recvfrom(46, 0x7ffcf06220, 3200, MSG_DONTWAIT, NULL, NULL) = -1 EAGAIN (Try again)
24033 1784157609.386806 recvfrom(46, "nysv\0\0\0\0\0\0\0\0\0\0\0\0\352\1u\342\242\1\0\0\205\241\1\0\0\0\0\0", 3200, MSG_DONTWAIT, NULL, NULL) = 32
24033 1784157609.387241 recvfrom(46, 0x7ffcf06d30, 3200, MSG_DONTWAIT, NULL, NULL) = -1 EAGAIN (Try again)
24033 1784157609.390519 recvfrom(70, 0x7be076b820, 2272, MSG_DONTWAIT, NULL, NULL) = -1 EAGAIN (Try again)
24033 1784157609.391149 recvfrom(46, 0x7ffcf06220, 3200, MSG_DONTWAIT, NULL, NULL) = -1 EAGAIN (Try again)
24033 1784157609.404150 recvfrom(46, "nysv\0\0\0\0\0\0\0\0\0\0\0\0IPs\343\242\1\0\0\206\241\1\0\0\0\0\0", 3200, MSG_DONTWAIT, NULL, NULL) = 32
24033 1784157609.404542 recvfrom(46, 0x7ffcf06d30, 3200, MSG_DONTWAIT, NULL, NULL) = -1 EAGAIN (Try again)
24033 1784157609.404811 recvfrom(70, 0x7be076b820, 2272, MSG_DONTWAIT, NULL, NULL) = -1 EAGAIN (Try again)
24033 1784157609.405137 recvfrom(46, 0x7ffcf06220, 3200, MSG_DONTWAIT, NULL, NULL) = -1 EAGAIN (Try again)
24033 1784157609.419856 recvfrom(46, "nysv\0\0\0\0\0\0\0\0\0\0\0\0\2\341q\344\242\1\0\0\207\241\1\0\0\0\0\0", 3200, MSG_DONTWAIT, NULL, NULL) = 32
24033 1784157609.420011 recvfrom(46, 0x7ffcf06d30, 3200, MSG_DONTWAIT, NULL, NULL) = -1 EAGAIN (Try again)
24033 1784157609.420267 recvfrom(70, 0x7be076b820, 2272, MSG_DONTWAIT, NULL, NULL) = -1 EAGAIN (Try again)
24033 1784157609.423373 recvfrom(46, 0x7ffcf06220, 3200, MSG_DONTWAIT, NULL, NULL) = -1 EAGAIN (Try again)
24033 1784157609.436179 recvfrom(46, "nysv\0\0\0\0\0\0\0\0\0\0\0\0O{p\345\242\1\0\0\210\241\1\0\0\0\0\0", 3200, MSG_DONTWAIT, NULL, NULL) = 32
24033 1784157609.436544 recvfrom(46, 0x7ffcf06d30, 3200, MSG_DONTWAIT, NULL, NULL) = -1 EAGAIN (Try again)
24033 1784157609.436794 recvfrom(70, 0x7be076b820, 2272, MSG_DONTWAIT, NULL, NULL) = -1 EAGAIN (Try again)
24033 1784157609.440000 recvfrom(46, 0x7ffcf06220, 3200, MSG_DONTWAIT, NULL, NULL) = -1 EAGAIN (Try again)
24033 1784157609.453061 recvfrom(46, "nysv\0\0\0\0\0\0\0\0\0\0\0\0H\ro\346\242\1\0\0\211\241\1\0\0\0\0\0", 3200, MSG_DONTWAIT, NULL, NULL) = 32
24033 1784157609.453287 recvfrom(46, 0x7ffcf06d30, 3200, MSG_DONTWAIT, NULL, NULL) = -1 EAGAIN (Try again)
24033 1784157609.456405 recvfrom(70, 0x7be076b820, 2272, MSG_DONTWAIT, NULL, NULL) = -1 EAGAIN (Try again)
24033 1784157609.456934 recvfrom(46, 0x7ffcf06220, 3200, MSG_DONTWAIT, NULL, NULL) = -1 EAGAIN (Try again)
24033 1784157609.469758 recvfrom(46, "nysv\0\0\0\0\0\0\0\0\0\0\0\0_\333m\347\242\1\0\0\212\241\1\0\0\0\0\0", 3200, MSG_DONTWAIT, NULL, NULL) = 32
24033 1784157609.470275 recvfrom(46, 0x7ffcf06d30, 3200, MSG_DONTWAIT, NULL, NULL) = -1 EAGAIN (Try again)
24033 1784157609.470736 recvfrom(70, 0x7be076b820, 2272, MSG_DONTWAIT, NULL, NULL) = -1 EAGAIN (Try again)
24033 1784157609.473825 recvfrom(46, 0x7ffcf06220, 3200, MSG_DONTWAIT, NULL, NULL) = -1 EAGAIN (Try again)
24033 1784157609.487773 recvfrom(46, "nysv\0\0\0\0\0\0\0\0\0\0\0\0^\20l\350\242\1\0\0\213\241\1\0\0\0\0\0", 3200, MSG_DONTWAIT, NULL, NULL) = 32
24033 1784157609.488180 recvfrom(46, 0x7ffcf06d30, 3200, MSG_DONTWAIT, NULL, NULL) = -1 EAGAIN (Try again)
24033 1784157609.488447 recvfrom(70, 0x7be076b820, 2272, MSG_DONTWAIT, NULL, NULL) = -1 EAGAIN (Try again)
24070 1784157610.819376 exit(0)         = ?
24070 1784157610.819796 +++ exited with 0 +++
24068 1784157610.870149 faccessat(AT_FDCWD, "/proc/self/task/24070", F_OK) = -1 ENOENT (No such file or directory)
24033 1784157620.373074 recvfrom(70, "\1\0\0\0\0\0\0\0\303\4\0\0\0\0\0\0\200lKq\245\1\0\0\377\377\377\377\0\0\0\0"..., 2272, MSG_DONTWAIT, NULL, NULL) = 72
24033 1784157620.373358 sendto(70, "\3\0\0\0\0\0\0\0\303\4\0\0\1\0\0\0", 16, MSG_DONTWAIT|MSG_NOSIGNAL, NULL, 0) = 16
24033 1784157620.373503 recvfrom(70, 0x7be076b820, 2272, MSG_DONTWAIT, NULL, NULL) = -1 EAGAIN (Try again)
24033 1784157620.374138 recvfrom(70, "\1\0\0\0\0\0\0\0\305\4\0\0\0\0\0\0\200lKq\245\1\0\0\377\377\377\377\0\0\0\0"..., 2272, MSG_DONTWAIT, NULL, NULL) = 72
24033 1784157620.374319 recvfrom(46, 0x7ffcf05510, 3200, MSG_DONTWAIT, NULL, NULL) = -1 EAGAIN (Try again)
24033 1784157620.375016 sendto(70, "\3\0\0\0\0\0\0\0\305\4\0\0\1\0\0\0", 16, MSG_DONTWAIT|MSG_NOSIGNAL, NULL, 0) = 16
24033 1784157620.375190 recvfrom(70, 0x7be076b820, 2272, MSG_DONTWAIT, NULL, NULL) = -1 EAGAIN (Try again)
24033 1784157620.387320 recvfrom(46, "nysv\0\0\0\0\0\0\0\0\0\0\0\0\r\230\34r\245\1\0\0\23\244\1\0\0\0\0\0", 3200, MSG_DONTWAIT, NULL, NULL) = 32
24033 1784157620.387479 recvfrom(46, 0x7ffcf06d30, 3200, MSG_DONTWAIT, NULL, NULL) = -1 EAGAIN (Try again)
24033 1784157620.387773 recvfrom(70, 0x7be076b820, 2272, MSG_DONTWAIT, NULL, NULL) = -1 EAGAIN (Try again)
24033 1784157620.390512 recvfrom(46, 0x7ffcf05c90, 3200, MSG_DONTWAIT, NULL, NULL) = -1 EAGAIN (Try again)
24071 1784157620.396472 sendmsg(68, {msg_name=NULL, msg_namelen=0, msg_iov=[{iov_base="l\1\1\1\4\1\0\0M\0\0\0\235\0\0\0\1\1o\0;\0\0\0/re/frid"..., iov_len=436}], msg_iovlen=1, msg_controllen=0, msg_flags=0}, MSG_NOSIGNAL) = 436
24033 1784157620.402777 recvfrom(46, "nysv\0\0\0\0\0\0\0\0\0\0\0\0004/\33s\245\1\0\0\24\244\1\0\0\0\0\0", 3200, MSG_DONTWAIT, NULL, NULL) = 32
24033 1784157620.403052 recvfrom(46, 0x7ffcf06d30, 3200, MSG_DONTWAIT, NULL, NULL) = -1 EAGAIN (Try again)
24033 1784157620.403564 recvfrom(70, 0x7be076b820, 2272, MSG_DONTWAIT, NULL, NULL) = -1 EAGAIN (Try again)
24033 1784157620.403860 recvfrom(48, 0x7be076ac20, 2272, MSG_DONTWAIT, NULL, NULL) = -1 EAGAIN (Try again)
24033 1784157620.404144 recvfrom(46, 0x7ffcf06c90, 3200, MSG_DONTWAIT, NULL, NULL) = -1 EAGAIN (Try again)
24033 1784157620.419961 recvfrom(46, "nysv\0\0\0\0\0\0\0\0\0\0\0\0007\255\31t\245\1\0\0\25\244\1\0\0\0\0\0", 3200, MSG_DONTWAIT, NULL, NULL) = 32
24033 1784157620.420231 recvfrom(46, 0x7ffcf06d30, 3200, MSG_DONTWAIT, NULL, NULL) = -1 EAGAIN (Try again)
24033 1784157620.420636 recvfrom(46, 0x7ffcf06400, 3200, MSG_DONTWAIT, NULL, NULL) = -1 EAGAIN (Try again)
24033 1784157620.438619 recvfrom(46, "nysv\0\0\0\0\0\0\0\0\0\0\0\0\364\253\27u\245\1\0\0\26\244\1\0\0\0\0\0", 3200, MSG_DONTWAIT, NULL, NULL) = 32
24033 1784157620.438964 recvfrom(46, 0x7ffcf06d30, 3200, MSG_DONTWAIT, NULL, NULL) = -1 EAGAIN (Try again)
24033 1784157620.439274 recvfrom(70, 0x7be076b820, 2272, MSG_DONTWAIT, NULL, NULL) = -1 EAGAIN (Try again)
24033 1784157620.440840 recvfrom(46, 0x7ffcf06400, 3200, MSG_DONTWAIT, NULL, NULL) = -1 EAGAIN (Try again)
24033 1784157620.454250 recvfrom(46, "nysv\0\0\0\0\0\0\0\0\0\0\0\0\36\374\25v\245\1\0\0\27\244\1\0\0\0\0\0", 3200, MSG_DONTWAIT, NULL, NULL) = 32
24033 1784157620.454591 recvfrom(46, 0x7ffcf06d30, 3200, MSG_DONTWAIT, NULL, NULL) = -1 EAGAIN (Try again)
24033 1784157620.454862 recvfrom(70, 0x7be076b820, 2272, MSG_DONTWAIT, NULL, NULL) = -1 EAGAIN (Try again)
24033 1784157620.456430 recvfrom(46, 0x7ffcf06400, 3200, MSG_DONTWAIT, NULL, NULL) = -1 EAGAIN (Try again)
24033 1784157620.472307 recvfrom(46, "nysv\0\0\0\0\0\0\0\0\0\0\0\0HL\24w\245\1\0\0\30\244\1\0\0\0\0\0", 3200, MSG_DONTWAIT, NULL, NULL) = 32
24033 1784157620.472677 recvfrom(46, 0x7ffcf06d30, 3200, MSG_DONTWAIT, NULL, NULL) = -1 EAGAIN (Try again)
24033 1784157620.472939 recvfrom(70, 0x7be076b820, 2272, MSG_DONTWAIT, NULL, NULL) = -1 EAGAIN (Try again)
24033 1784157620.473204 recvfrom(46, 0x7ffcf06400, 3200, MSG_DONTWAIT, NULL, NULL) = -1 EAGAIN (Try again)
24033 1784157620.488275 recvfrom(46, "nysv\0\0\0\0\0\0\0\0\0\0\0\0r\234\22x\245\1\0\0\31\244\1\0\0\0\0\0", 3200, MSG_DONTWAIT, NULL, NULL) = 32
24033 1784157620.488597 recvfrom(46, 0x7ffcf06d30, 3200, MSG_DONTWAIT, NULL, NULL) = -1 EAGAIN (Try again)
24033 1784157620.489354 recvfrom(70, 0x7be076b820, 2272, MSG_DONTWAIT, NULL, NULL) = -1 EAGAIN (Try again)
24033 1784157620.489640 recvfrom(46, 0x7ffcf06400, 3200, MSG_DONTWAIT, NULL, NULL) = -1 EAGAIN (Try again)
24033 1784157620.504168 recvfrom(46, "nysv\0\0\0\0\0\0\0\0\0\0\0\0\234\354\20y\245\1\0\0\32\244\1\0\0\0\0\0", 3200, MSG_DONTWAIT, NULL, NULL) = 32
24033 1784157620.504540 recvfrom(46, 0x7ffcf06d30, 3200, MSG_DONTWAIT, NULL, NULL) = -1 EAGAIN (Try again)
24033 1784157620.504802 recvfrom(70, 0x7be076b820, 2272, MSG_DONTWAIT, NULL, NULL) = -1 EAGAIN (Try again)
24033 1784157620.504944 recvfrom(46, 0x7ffcf06400, 3200, MSG_DONTWAIT, NULL, NULL) = -1 EAGAIN (Try again)
24033 1784157620.519964 recvfrom(46, "nysv\0\0\0\0\0\0\0\0\0\0\0\0\306<\17z\245\1\0\0\33\244\1\0\0\0\0\0", 3200, MSG_DONTWAIT, NULL, NULL) = 32
24033 1784157620.520247 recvfrom(46, 0x7ffcf06d30, 3200, MSG_DONTWAIT, NULL, NULL) = -1 EAGAIN (Try again)
24033 1784157620.520544 recvfrom(70, 0x7be076b820, 2272, MSG_DONTWAIT, NULL, NULL) = -1 EAGAIN (Try again)
24033 1784157620.520679 recvfrom(46, 0x7ffcf06400, 3200, MSG_DONTWAIT, NULL, NULL) = -1 EAGAIN (Try again)
24033 1784157620.536450 recvfrom(46, "nysv\0\0\0\0\0\0\0\0\0\0\0\0\360\214\r{\245\1\0\0\34\244\1\0\0\0\0\0", 3200, MSG_DONTWAIT, NULL, NULL) = 32
24033 1784157620.536836 recvfrom(46, 0x7ffcf06d30, 3200, MSG_DONTWAIT, NULL, NULL) = -1 EAGAIN (Try again)
24033 1784157620.537149 recvfrom(70, 0x7be076b820, 2272, MSG_DONTWAIT, NULL, NULL) = -1 EAGAIN (Try again)
24033 1784157620.539092 recvfrom(46, 0x7ffcf06400, 3200, MSG_DONTWAIT, NULL, NULL) = -1 EAGAIN (Try again)
24033 1784157620.552822 recvfrom(46, "nysv\0\0\0\0\0\0\0\0\0\0\0\0F!\f|\245\1\0\0\35\244\1\0\0\0\0\0", 3200, MSG_DONTWAIT, NULL, NULL) = 32
24033 1784157620.553149 recvfrom(46, 0x7ffcf06d30, 3200, MSG_DONTWAIT, NULL, NULL) = -1 EAGAIN (Try again)
24033 1784157620.553481 recvfrom(70, 0x7be076b820, 2272, MSG_DONTWAIT, NULL, NULL) = -1 EAGAIN (Try again)
24033 1784157620.555075 recvfrom(46, 0x7ffcf06400, 3200, MSG_DONTWAIT, NULL, NULL) = -1 EAGAIN (Try again)
24033 1784157620.570613 recvfrom(46, "nysv\0\0\0\0\0\0\0\0\0\0\0\0pq\n}\245\1\0\0\36\244\1\0\0\0\0\0", 3200, MSG_DONTWAIT, NULL, NULL) = 32
24033 1784157620.570880 recvfrom(46, 0x7ffcf06d30, 3200, MSG_DONTWAIT, NULL, NULL) = -1 EAGAIN (Try again)
24033 1784157620.571220 recvfrom(70, 0x7be076b820, 2272, MSG_DONTWAIT, NULL, NULL) = -1 EAGAIN (Try again)
24033 1784157620.571370 recvfrom(46, 0x7ffcf06400, 3200, MSG_DONTWAIT, NULL, NULL) = -1 EAGAIN (Try again)
24033 1784157620.588105 recvfrom(46, "nysv\0\0\0\0\0\0\0\0\0\0\0\0\232\301\10~\245\1\0\0\37\244\1\0\0\0\0\0", 3200, MSG_DONTWAIT, NULL, NULL) = 32
24033 1784157620.588385 recvfrom(46, 0x7ffcf06d30, 3200, MSG_DONTWAIT, NULL, NULL) = -1 EAGAIN (Try again)
24033 1784157620.588669 recvfrom(70, 0x7be076b820, 2272, MSG_DONTWAIT, NULL, NULL) = -1 EAGAIN (Try again)
24033 1784157620.588812 recvfrom(46, 0x7ffcf06400, 3200, MSG_DONTWAIT, NULL, NULL) = -1 EAGAIN (Try again)
24033 1784157620.604124 recvfrom(46, "nysv\0\0\0\0\0\0\0\0\0\0\0\0\304\21\7\177\245\1\0\0 \244\1\0\0\0\0\0", 3200, MSG_DONTWAIT, NULL, NULL) = 32
24033 1784157620.604485 recvfrom(46, 0x7ffcf06d30, 3200, MSG_DONTWAIT, NULL, NULL) = -1 EAGAIN (Try again)
24033 1784157620.604794 recvfrom(70, 0x7be076b820, 2272, MSG_DONTWAIT, NULL, NULL) = -1 EAGAIN (Try again)
24033 1784157620.604942 recvfrom(46, 0x7ffcf06400, 3200, MSG_DONTWAIT, NULL, NULL) = -1 EAGAIN (Try again)
24033 1784157620.620243 recvfrom(46, "nysv\0\0\0\0\0\0\0\0\0\0\0\0\356a\5\200\245\1\0\0!\244\1\0\0\0\0\0", 3200, MSG_DONTWAIT, NULL, NULL) = 32
24033 1784157620.620544 recvfrom(46, 0x7ffcf06d30, 3200, MSG_DONTWAIT, NULL, NULL) = -1 EAGAIN (Try again)
24033 1784157620.620803 recvfrom(70, 0x7be076b820, 2272, MSG_DONTWAIT, NULL, NULL) = -1 EAGAIN (Try again)
24033 1784157620.620952 recvfrom(46, 0x7ffcf06400, 3200, MSG_DONTWAIT, NULL, NULL) = -1 EAGAIN (Try again)
24033 1784157620.636253 recvfrom(46, "nysv\0\0\0\0\0\0\0\0\0\0\0\0\254\370\3\201\245\1\0\0\"\244\1\0\0\0\0\0", 3200, MSG_DONTWAIT, NULL, NULL) = 32
24033 1784157620.636478 recvfrom(46, 0x7ffcf06d30, 3200, MSG_DONTWAIT, NULL, NULL) = -1 EAGAIN (Try again)
24033 1784157620.636735 recvfrom(70, 0x7be076b820, 2272, MSG_DONTWAIT, NULL, NULL) = -1 EAGAIN (Try again)
24033 1784157620.637062 recvfrom(46, 0x7ffcf06400, 3200, MSG_DONTWAIT, NULL, NULL) = -1 EAGAIN (Try again)
24033 1784157620.653539 recvfrom(46, "nysv\0\0\0\0\0\0\0\0\0\0\0\0\326H\2\202\245\1\0\0#\244\1\0\0\0\0\0", 3200, MSG_DONTWAIT, NULL, NULL) = 32
24033 1784157620.653896 recvfrom(46, 0x7ffcf06d30, 3200, MSG_DONTWAIT, NULL, NULL) = -1 EAGAIN (Try again)
24033 1784157620.654207 recvfrom(70, 0x7be076b820, 2272, MSG_DONTWAIT, NULL, NULL) = -1 EAGAIN (Try again)
24033 1784157620.654509 recvfrom(46, 0x7ffcf06400, 3200, MSG_DONTWAIT, NULL, NULL) = -1 EAGAIN (Try again)
24033 1784157620.675506 recvfrom(46, "nysv\0\0\0\0\0\0\0\0\0\0\0\0Z\307\377\202\245\1\0\0$\244\1\0\0\0\0\0", 3200, MSG_DONTWAIT, NULL, NULL) = 32
24033 1784157620.676010 recvfrom(46, 0x7ffcf06d30, 3200, MSG_DONTWAIT, NULL, NULL) = -1 EAGAIN (Try again)
24033 1784157620.676677 recvfrom(70, 0x7be076b820, 2272, MSG_DONTWAIT, NULL, NULL) = -1 EAGAIN (Try again)
24033 1784157620.676827 recvfrom(46, 0x7ffcf06400, 3200, MSG_DONTWAIT, NULL, NULL) = -1 EAGAIN (Try again)
24033 1784157620.687344 recvfrom(46, "nysv\0\0\0\0\0\0\0\0\0\0\0\0\375\32\376\203\245\1\0\0%\244\1\0\0\0\0\0", 3200, MSG_DONTWAIT, NULL, NULL) = 32
24033 1784157620.687617 recvfrom(46, 0x7ffcf06d30, 3200, MSG_DONTWAIT, NULL, NULL) = -1 EAGAIN (Try again)
24033 1784157620.687962 recvfrom(70, 0x7be076b820, 2272, MSG_DONTWAIT, NULL, NULL) = -1 EAGAIN (Try again)
24033 1784157620.688108 recvfrom(46, 0x7ffcf06400, 3200, MSG_DONTWAIT, NULL, NULL) = -1 EAGAIN (Try again)
24033 1784157620.703447 recvfrom(46, "nysv\0\0\0\0\0\0\0\0\0\0\0\0\221\206\374\204\245\1\0\0&\244\1\0\0\0\0\0", 3200, MSG_DONTWAIT, NULL, NULL) = 32
24033 1784157620.703826 recvfrom(46, 0x7ffcf06d30, 3200, MSG_DONTWAIT, NULL, NULL) = -1 EAGAIN (Try again)
24033 1784157620.704120 recvfrom(70, 0x7be076b820, 2272, MSG_DONTWAIT, NULL, NULL) = -1 EAGAIN (Try again)
24033 1784157620.704272 recvfrom(46, 0x7ffcf06400, 3200, MSG_DONTWAIT, NULL, NULL) = -1 EAGAIN (Try again)
24033 1784157620.720138 recvfrom(46, "nysv\0\0\0\0\0\0\0\0\0\0\0\0\202\4\373\205\245\1\0\0'\244\1\0\0\0\0\0", 3200, MSG_DONTWAIT, NULL, NULL) = 32
24033 1784157620.720444 recvfrom(46, 0x7ffcf06d30, 3200, MSG_DONTWAIT, NULL, NULL) = -1 EAGAIN (Try again)
24033 1784157653.447206 recvfrom(48, "\2\0\0\0\0\0\0\0\311\4\0\0\0\0\0\0\300Z\231$\255\1\0\0\1\0\0\0\2\20\0\0"..., 2272, MSG_DONTWAIT, NULL, NULL) = 232
24033 1784157653.447341 sendto(48, "\3\0\0\0\0\0\0\0\311\4\0\0\1\0\0\0", 16, MSG_DONTWAIT|MSG_NOSIGNAL, NULL, 0) = 16
24033 1784157653.447363 recvfrom(48, 0x7be076ac20, 2272, MSG_DONTWAIT, NULL, NULL) = -1 EAGAIN (Try again)
24033 1784157653.447745 recvfrom(48, "\2\0\0\0\0\0\0\0\313\4\0\0\0\0\0\0\300Z\231$\255\1\0\0\1\0\0\0\2\20\0\0"..., 2272, MSG_DONTWAIT, NULL, NULL) = 232
24033 1784157653.447788 recvfrom(46, 0x7ffcf04be0, 3200, MSG_DONTWAIT, NULL, NULL) = -1 EAGAIN (Try again)
24033 1784157653.447876 sendto(48, "\3\0\0\0\0\0\0\0\313\4\0\0\1\0\0\0", 16, MSG_DONTWAIT|MSG_NOSIGNAL, NULL, 0) = 16
24033 1784157653.447888 recvfrom(48, 0x7be076ac20, 2272, MSG_DONTWAIT, NULL, NULL) = -1 EAGAIN (Try again)
24033 1784157653.452299 recvfrom(46, "nysv\0\0\0\0\0\0\0\0\0\0\0\0W\346\t%\255\1\0\0\312\253\1\0\0\0\0\0", 3200, MSG_DONTWAIT, NULL, NULL) = 32
24033 1784157653.452319 recvfrom(46, 0x7ffcf06d30, 3200, MSG_DONTWAIT, NULL, NULL) = -1 EAGAIN (Try again)
24033 1784157653.452337 recvfrom(48, 0x7be076ac20, 2272, MSG_DONTWAIT, NULL, NULL) = -1 EAGAIN (Try again)
24033 1784157653.452353 recvfrom(46, 0x7ffcf06c90, 3200, MSG_DONTWAIT, NULL, NULL) = -1 EAGAIN (Try again)
24033 1784157653.463746 newfstatat(AT_FDCWD, "/system/framework/framework-res.apk", {st_mode=S_IFREG|0644, st_size=45992421, ...}, 0) = 0
24033 1784157653.463801 newfstatat(AT_FDCWD, "/product/overlay/GoogleConfigOverlay.apk", {st_mode=S_IFREG|0644, st_size=25070, ...}, 0) = 0
24033 1784157653.463834 newfstatat(AT_FDCWD, "/product/overlay/GoogleWebViewOverlay.apk", {st_mode=S_IFREG|0644, st_size=16815, ...}, 0) = 0
24033 1784157653.463842 newfstatat(AT_FDCWD, "/product/overlay/PixelConfigOverlayCommon.apk", {st_mode=S_IFREG|0644, st_size=52833, ...}, 0) = 0
24033 1784157653.463849 newfstatat(AT_FDCWD, "/product/overlay/EmulatorConfigOverlay.apk", {st_mode=S_IFREG|0644, st_size=16734, ...}, 0) = 0
24033 1784157653.463857 newfstatat(AT_FDCWD, "/data/app/ca.rmen.android.frenchcalendar-u11oMj6tZSmgZq5si-W93Q==/base.apk", {st_mode=S_IFREG|0644, st_size=1168009, ...}, 0) = 0
24033 1784157653.463955 clone(child_stack=0x7b4c3dbd40, flags=CLONE_VM|CLONE_FS|CLONE_FILES|CLONE_SIGHAND|CLONE_THREAD|CLONE_SYSVSEM|CLONE_SETTLS|CLONE_PARENT_SETTID|CLONE_CHILD_CLEARTID, parent_tidptr=0x7b4c3dbd60, tls=0x7b4c3dc020, child_tidptr=0x7b4c3dbd60) = 24217
24033 1784157653.464294 newfstatat(AT_FDCWD, "/system/framework/framework-res.apk", {st_mode=S_IFREG|0644, st_size=45992421, ...}, 0) = 0
24033 1784157653.464309 newfstatat(AT_FDCWD, "/product/overlay/GoogleConfigOverlay.apk", {st_mode=S_IFREG|0644, st_size=25070, ...}, 0) = 0
24033 1784157653.464317 newfstatat(AT_FDCWD, "/product/overlay/GoogleWebViewOverlay.apk", {st_mode=S_IFREG|0644, st_size=16815, ...}, 0) = 0
24033 1784157653.464339 newfstatat(AT_FDCWD, "/product/overlay/PixelConfigOverlayCommon.apk", {st_mode=S_IFREG|0644, st_size=52833, ...}, 0) = 0
24033 1784157653.464353 newfstatat(AT_FDCWD, "/product/overlay/EmulatorConfigOverlay.apk", {st_mode=S_IFREG|0644, st_size=16734, ...}, 0) = 0
24033 1784157653.464359 newfstatat(AT_FDCWD, "/data/app/ca.rmen.android.frenchcalendar-u11oMj6tZSmgZq5si-W93Q==/base.apk", {st_mode=S_IFREG|0644, st_size=1168009, ...}, 0) = 0
24033 1784157653.465660 newfstatat(AT_FDCWD, "/system/framework/framework-res.apk", {st_mode=S_IFREG|0644, st_size=45992421, ...}, 0) = 0
24033 1784157653.465676 newfstatat(AT_FDCWD, "/product/overlay/GoogleConfigOverlay.apk", {st_mode=S_IFREG|0644, st_size=25070, ...}, 0) = 0
24033 1784157653.465683 newfstatat(AT_FDCWD, "/product/overlay/GoogleWebViewOverlay.apk", {st_mode=S_IFREG|0644, st_size=16815, ...}, 0) = 0
24033 1784157653.465691 newfstatat(AT_FDCWD, "/product/overlay/PixelConfigOverlayCommon.apk", {st_mode=S_IFREG|0644, st_size=52833, ...}, 0) = 0
24033 1784157653.465716 newfstatat(AT_FDCWD, "/product/overlay/EmulatorConfigOverlay.apk", {st_mode=S_IFREG|0644, st_size=16734, ...}, 0) = 0
24033 1784157653.465724 newfstatat(AT_FDCWD, "/data/app/ca.rmen.android.frenchcalendar-u11oMj6tZSmgZq5si-W93Q==/base.apk", {st_mode=S_IFREG|0644, st_size=1168009, ...}, 0) = 0
24054 1784157653.467585 recvfrom(41, 0x7b50092eb0, 3200, MSG_DONTWAIT, NULL, NULL) = -1 EAGAIN (Try again)
24217 1784157653.468034 exit(0)         = ?
24217 1784157653.468459 +++ exited with 0 +++
24054 1784157653.470752 clone( <unfinished ...>
24033 1784157653.471787 faccessat(AT_FDCWD, "/data/user/0/ca.rmen.android.frenchcalendar", F_OK <unfinished ...>
24054 1784157653.471961 <... clone resumed> child_stack=0x7b4c3dbd40, flags=CLONE_VM|CLONE_FS|CLONE_FILES|CLONE_SIGHAND|CLONE_THREAD|CLONE_SYSVSEM|CLONE_SETTLS|CLONE_PARENT_SETTID|CLONE_CHILD_CLEARTID, parent_tidptr=0x7b4c3dbd60, tls=0x7b4c3dc020, child_tidptr=0x7b4c3dbd60) = 24218
24033 1784157653.472004 <... faccessat resumed> ) = 0
24033 1784157653.472038 faccessat(AT_FDCWD, "/data/user/0/ca.rmen.android.frenchcalendar/shared_prefs", F_OK) = 0
24054 1784157653.474038 recvfrom(41, "nysv\0\0\0\0\0\0\0\0\0\0\0\0002\207\10&\255\1\0\0\313\253\1\0\0\0\0\0", 3200, MSG_DONTWAIT, NULL, NULL) = 32
24054 1784157653.474292 recvfrom(41, 0x7b50092c80, 3200, MSG_DONTWAIT, NULL, NULL) = -1 EAGAIN (Try again)
24071 1784157653.480620 sendmsg(68, {msg_name=NULL, msg_namelen=0, msg_iov=[{iov_base="l\1\1\1\350\0\0\0N\0\0\0\235\0\0\0\1\1o\0;\0\0\0/re/frid"..., iov_len=408}], msg_iovlen=1, msg_controllen=0, msg_flags=0}, MSG_NOSIGNAL) = 408
24071 1784157653.482131 sendmsg(68, {msg_name=NULL, msg_namelen=0, msg_iov=[{iov_base="l\1\1\1\350\0\0\0O\0\0\0\235\0\0\0\1\1o\0;\0\0\0/re/frid"..., iov_len=408}], msg_iovlen=1, msg_controllen=0, msg_flags=0}, MSG_NOSIGNAL) = 408
24218 1784157653.482821 exit(0 <unfinished ...>
24071 1784157653.482834 sendmsg(68, {msg_name=NULL, msg_namelen=0, msg_iov=[{iov_base="l\1\1\1\350\0\0\0P\0\0\0\235\0\0\0\1\1o\0;\0\0\0/re/frid"..., iov_len=408}], msg_iovlen=1, msg_controllen=0, msg_flags=0}, MSG_NOSIGNAL) = 408
24218 1784157653.483197 <... exit resumed>) = ?
24218 1784157653.483322 +++ exited with 0 +++
24071 1784157653.483419 sendmsg(68, {msg_name=NULL, msg_namelen=0, msg_iov=[{iov_base="l\1\1\1\350\0\0\0Q\0\0\0\235\0\0\0\1\1o\0;\0\0\0/re/frid"..., iov_len=408}], msg_iovlen=1, msg_controllen=0, msg_flags=0}, MSG_NOSIGNAL) = 408
24071 1784157653.483950 sendmsg(68, {msg_name=NULL, msg_namelen=0, msg_iov=[{iov_base="l\1\1\1\354\0\0\0R\0\0\0\235\0\0\0\1\1o\0;\0\0\0/re/frid"..., iov_len=412}], msg_iovlen=1, msg_controllen=0, msg_flags=0}, MSG_NOSIGNAL) = 412
24071 1784157653.484485 sendmsg(68, {msg_name=NULL, msg_namelen=0, msg_iov=[{iov_base="l\1\1\1\354\0\0\0S\0\0\0\235\0\0\0\1\1o\0;\0\0\0/re/frid"..., iov_len=412}], msg_iovlen=1, msg_controllen=0, msg_flags=0}, MSG_NOSIGNAL) = 412
24071 1784157653.485141 sendmsg(68, {msg_name=NULL, msg_namelen=0, msg_iov=[{iov_base="l\1\1\1\374\0\0\0T\0\0\0\235\0\0\0\1\1o\0;\0\0\0/re/frid"..., iov_len=428}], msg_iovlen=1, msg_controllen=0, msg_flags=0}, MSG_NOSIGNAL) = 428
24071 1784157653.486265 sendmsg(68, {msg_name=NULL, msg_namelen=0, msg_iov=[{iov_base="l\1\1\1\374\0\0\0U\0\0\0\235\0\0\0\1\1o\0;\0\0\0/re/frid"..., iov_len=428}], msg_iovlen=1, msg_controllen=0, msg_flags=0}, MSG_NOSIGNAL) = 428
24053 1784157653.489590 openat(AT_FDCWD, "/data/misc/profiles/cur/0/ca.rmen.android.frenchcalendar/primary.prof", O_RDWR|O_NOFOLLOW|O_CLOEXEC) = 70
24053 1784157653.490992 newfstatat(AT_FDCWD, "/data/misc/profiles/cur/0/ca.rmen.android.frenchcalendar/primary.prof", {st_mode=S_IFREG|0600, st_size=333, ...}, 0) = 0
24054 1784157653.493398 recvfrom(41, "nysv\0\0\0\0\0\0\0\0\0\0\0\0o&\7'\255\1\0\0\314\253\1\0\0\0\0\0", 3200, MSG_DONTWAIT, NULL, NULL) = 32
24054 1784157653.493651 recvfrom(41, 0x7b50092eb0, 3200, MSG_DONTWAIT, NULL, NULL) = -1 EAGAIN (Try again)
24054 1784157653.506690 recvfrom(41, "nysv\0\0\0\0\0\0\0\0\0\0\0\0\342\303\5(\255\1\0\0\315\253\1\0\0\0\0\0", 3200, MSG_DONTWAIT, NULL, NULL) = 32
24054 1784157653.506875 recvfrom(41, 0x7b50092eb0, 3200, MSG_DONTWAIT, NULL, NULL) = -1 EAGAIN (Try again)
24033 1784157653.508865 recvfrom(46, "nysv\0\0\0\0\0\0\0\0\0\0\0\0002\207\10&\255\1\0\0\313\253\1\0\0\0\0\0", 3200, MSG_DONTWAIT, NULL, NULL) = 32
24033 1784157653.508891 recvfrom(46, 0x7ffcf06d30, 3200, MSG_DONTWAIT, NULL, NULL) = -1 EAGAIN (Try again)
24033 1784157653.509196 recvfrom(71, 0x7be076c420, 2272, MSG_DONTWAIT, NULL, NULL) = -1 EAGAIN (Try again)
24033 1784157653.509203 recvfrom(48, 0x7be076ac20, 2272, MSG_DONTWAIT, NULL, NULL) = -1 EAGAIN (Try again)
24033 1784157653.509225 recvfrom(46, 0x7ffcf06c90, 3200, MSG_DONTWAIT, NULL, NULL) = -1 EAGAIN (Try again)
24071 1784157653.511935 sendmsg(68, {msg_name=NULL, msg_namelen=0, msg_iov=[{iov_base="l\1\1\1\374\0\0\0V\0\0\0\235\0\0\0\1\1o\0;\0\0\0/re/frid"..., iov_len=428}], msg_iovlen=1, msg_controllen=0, msg_flags=0}, MSG_NOSIGNAL) = 428
24071 1784157653.516871 sendmsg(68, {msg_name=NULL, msg_namelen=0, msg_iov=[{iov_base="l\1\1\1\0\1\0\0W\0\0\0\235\0\0\0\1\1o\0;\0\0\0/re/frid"..., iov_len=432}], msg_iovlen=1, msg_controllen=0, msg_flags=0}, MSG_NOSIGNAL) = 432
24071 1784157653.517481 sendmsg(68, {msg_name=NULL, msg_namelen=0, msg_iov=[{iov_base="l\1\1\1\374\0\0\0X\0\0\0\235\0\0\0\1\1o\0;\0\0\0/re/frid"..., iov_len=428}], msg_iovlen=1, msg_controllen=0, msg_flags=0}, MSG_NOSIGNAL) = 428
24071 1784157653.518007 sendmsg(68, {msg_name=NULL, msg_namelen=0, msg_iov=[{iov_base="l\1\1\1\0\1\0\0Y\0\0\0\235\0\0\0\1\1o\0;\0\0\0/re/frid"..., iov_len=432}], msg_iovlen=1, msg_controllen=0, msg_flags=0}, MSG_NOSIGNAL) = 432
24071 1784157653.518403 sendmsg(68, {msg_name=NULL, msg_namelen=0, msg_iov=[{iov_base="l\1\1\1\374\0\0\0Z\0\0\0\235\0\0\0\1\1o\0;\0\0\0/re/frid"..., iov_len=428}], msg_iovlen=1, msg_controllen=0, msg_flags=0}, MSG_NOSIGNAL) = 428
24071 1784157653.518853 sendmsg(68, {msg_name=NULL, msg_namelen=0, msg_iov=[{iov_base="l\1\1\1\0\1\0\0[\0\0\0\235\0\0\0\1\1o\0;\0\0\0/re/frid"..., iov_len=432}], msg_iovlen=1, msg_controllen=0, msg_flags=0}, MSG_NOSIGNAL) = 432
24054 1784157653.522783 recvfrom(41, "nysv\0\0\0\0\0\0\0\0\0\0\0\0[`\4)\255\1\0\0\316\253\1\0\0\0\0\0", 3200, MSG_DONTWAIT, NULL, NULL) = 32
24054 1784157653.523131 recvfrom(41, 0x7b50092eb0, 3200, MSG_DONTWAIT, NULL, NULL) = -1 EAGAIN (Try again)
24054 1784157653.524217 recvfrom(41, 0x7b50092eb0, 3200, MSG_DONTWAIT, NULL, NULL) = -1 EAGAIN (Try again)
24054 1784157653.574646 recvfrom(41, "nysv\0\0\0\0\0\0\0\0\0\0\0\0y\373\2*\255\1\0\0\317\253\1\0\0\0\0\0", 3200, MSG_DONTWAIT, NULL, NULL) = 32
24054 1784157653.574807 recvfrom(41, 0x7b50092c80, 3200, MSG_DONTWAIT, NULL, NULL) = -1 EAGAIN (Try again)
24054 1784157653.587011 recvfrom(41, "nysv\0\0\0\0\0\0\0\0\0\0\0\0\256\v\377,\255\1\0\0\322\253\1\0\0\0\0\0", 3200, MSG_DONTWAIT, NULL, NULL) = 32
24054 1784157653.587158 recvfrom(41, 0x7b50092eb0, 3200, MSG_DONTWAIT, NULL, NULL) = -1 EAGAIN (Try again)
24033 1784157653.590578 recvfrom(46, "nysv\0\0\0\0\0\0\0\0\0\0\0\0[`\4)\255\1\0\0\316\253\1\0\0\0\0\0", 3200, MSG_DONTWAIT, NULL, NULL) = 32
24033 1784157653.590605 recvfrom(46, 0x7ffcf06d30, 3200, MSG_DONTWAIT, NULL, NULL) = -1 EAGAIN (Try again)
24054 1784157653.601759 recvfrom(41, 0x7b50092eb0, 3200, MSG_DONTWAIT, NULL, NULL) = -1 EAGAIN (Try again)
24033 1784157653.602126 recvfrom(71, 0x7be076c420, 2272, MSG_DONTWAIT, NULL, NULL) = -1 EAGAIN (Try again)
24033 1784157653.602162 recvfrom(46, 0x7ffcf06c90, 3200, MSG_DONTWAIT, NULL, NULL) = -1 EAGAIN (Try again)
24054 1784157653.603604 recvfrom(41, "nysv\0\0\0\0\0\0\0\0\0\0\0\0\371\241\375-\255\1\0\0\323\253\1\0\0\0\0\0", 3200, MSG_DONTWAIT, NULL, NULL) = 32
24054 1784157653.604585 recvfrom(41, 0x7b50092c80, 3200, MSG_DONTWAIT, NULL, NULL) = -1 EAGAIN (Try again)
24054 1784157653.623367 recvfrom(41, "nysv\0\0\0\0\0\0\0\0\0\0\0\0U2\374.\255\1\0\0\324\253\1\0\0\0\0\0", 3200, MSG_DONTWAIT, NULL, NULL) = 32
24054 1784157653.623543 recvfrom(41, 0x7b50092eb0, 3200, MSG_DONTWAIT, NULL, NULL) = -1 EAGAIN (Try again)
24033 1784157653.629637 recvfrom(46, "nysv\0\0\0\0\0\0\0\0\0\0\0\0\371\241\375-\255\1\0\0\323\253\1\0\0\0\0\0", 3200, MSG_DONTWAIT, NULL, NULL) = 32
24033 1784157653.629667 recvfrom(46, 0x7ffcf06d30, 3200, MSG_DONTWAIT, NULL, NULL) = -1 EAGAIN (Try again)
24033 1784157653.630249 recvfrom(71, 0x7be076c420, 2272, MSG_DONTWAIT, NULL, NULL) = -1 EAGAIN (Try again)
24033 1784157653.630284 recvfrom(46, 0x7ffcf06c90, 3200, MSG_DONTWAIT, NULL, NULL) = -1 EAGAIN (Try again)
24054 1784157653.665433 recvfrom(41, "nysv\0\0\0\0\0\0\0\0\0\0\0\0\362\304\372/\255\1\0\0\325\253\1\0\0\0\0\0", 3200, MSG_DONTWAIT, NULL, NULL) = 32
24054 1784157653.665616 recvfrom(41, 0x7b50092eb0, 3200, MSG_DONTWAIT, NULL, NULL) = -1 EAGAIN (Try again)
24033 1784157653.668787 recvfrom(46, "nysv\0\0\0\0\0\0\0\0\0\0\0\0\362\304\372/\255\1\0\0\325\253\1\0\0\0\0\0", 3200, MSG_DONTWAIT, NULL, NULL) = 32
24033 1784157653.668803 recvfrom(46, 0x7ffcf06d30, 3200, MSG_DONTWAIT, NULL, NULL) = -1 EAGAIN (Try again)
24033 1784157653.668882 recvfrom(46, 0x7ffcf06c90, 3200, MSG_DONTWAIT, NULL, NULL) = -1 EAGAIN (Try again)
24033 1784157653.669436 recvfrom(46, "nysv\0\0\0\0\0\0\0\0\0\0\0\0\225\342\3671\255\1\0\0\327\253\1\0\0\0\0\0", 3200, MSG_DONTWAIT, NULL, NULL) = 32
24033 1784157653.669446 recvfrom(46, 0x7ffcf06d30, 3200, MSG_DONTWAIT, NULL, NULL) = -1 EAGAIN (Try again)
24033 1784157653.669476 recvfrom(46, 0x7ffcf06c90, 3200, MSG_DONTWAIT, NULL, NULL) = -1 EAGAIN (Try again)
24033 1784157653.686095 recvfrom(46, "nysv\0\0\0\0\0\0\0\0\0\0\0\0ro\3662\255\1\0\0\330\253\1\0\0\0\0\0", 3200, MSG_DONTWAIT, NULL, NULL) = 32
24033 1784157653.686117 recvfrom(46, 0x7ffcf06d30, 3200, MSG_DONTWAIT, NULL, NULL) = -1 EAGAIN (Try again)
24033 1784157653.686233 recvfrom(46, 0x7ffcf06c90, 3200, MSG_DONTWAIT, NULL, NULL) = -1 EAGAIN (Try again)
24054 1784157653.699824 recvfrom(41, "nysv\0\0\0\0\0\0\0\0\0\0\0\0\225\342\3671\255\1\0\0\327\253\1\0\0\0\0\0", 3200, MSG_DONTWAIT, NULL, NULL) = 32
24054 1784157653.699991 recvfrom(41, 0x7b50092eb0, 3200, MSG_DONTWAIT, NULL, NULL) = -1 EAGAIN (Try again)
24033 1784157653.702722 recvfrom(46, "nysv\0\0\0\0\0\0\0\0\0\0\0\0C\375\3643\255\1\0\0\331\253\1\0\0\0\0\0", 3200, MSG_DONTWAIT, NULL, NULL) = 32
24033 1784157653.702735 recvfrom(46, 0x7ffcf06d30, 3200, MSG_DONTWAIT, NULL, NULL) = -1 EAGAIN (Try again)
24033 1784157653.702774 recvfrom(46, 0x7ffcf06c90, 3200, MSG_DONTWAIT, NULL, NULL) = -1 EAGAIN (Try again)
24054 1784157653.717624 recvfrom(41, "nysv\0\0\0\0\0\0\0\0\0\0\0\0C\375\3643\255\1\0\0\331\253\1\0\0\0\0\0", 3200, MSG_DONTWAIT, NULL, NULL) = 32
24054 1784157653.717791 recvfrom(41, 0x7b50092eb0, 3200, MSG_DONTWAIT, NULL, NULL) = -1 EAGAIN (Try again)
24033 1784157653.719385 recvfrom(46, "nysv\0\0\0\0\0\0\0\0\0\0\0\0\244\213\3634\255\1\0\0\332\253\1\0\0\0\0\0", 3200, MSG_DONTWAIT, NULL, NULL) = 32
24033 1784157653.719430 recvfrom(46, 0x7ffcf06d30, 3200, MSG_DONTWAIT, NULL, NULL) = -1 EAGAIN (Try again)
24033 1784157653.719466 recvfrom(46, 0x7ffcf06c90, 3200, MSG_DONTWAIT, NULL, NULL) = -1 EAGAIN (Try again)
24054 1784157653.733475 recvfrom(41, "nysv\0\0\0\0\0\0\0\0\0\0\0\0\244\213\3634\255\1\0\0\332\253\1\0\0\0\0\0", 3200, MSG_DONTWAIT, NULL, NULL) = 32
24054 1784157653.733637 recvfrom(41, 0x7b50092eb0, 3200, MSG_DONTWAIT, NULL, NULL) = -1 EAGAIN (Try again)
24033 1784157653.736160 recvfrom(46, "nysv\0\0\0\0\0\0\0\0\0\0\0\0w\27\3625\255\1\0\0\333\253\1\0\0\0\0\0", 3200, MSG_DONTWAIT, NULL, NULL) = 32
24033 1784157653.736174 recvfrom(46, 0x7ffcf06d30, 3200, MSG_DONTWAIT, NULL, NULL) = -1 EAGAIN (Try again)
24033 1784157653.736207 recvfrom(46, 0x7ffcf06c90, 3200, MSG_DONTWAIT, NULL, NULL) = -1 EAGAIN (Try again)
24054 1784157653.751115 recvfrom(41, "nysv\0\0\0\0\0\0\0\0\0\0\0\0w\27\3625\255\1\0\0\333\253\1\0\0\0\0\0", 3200, MSG_DONTWAIT, NULL, NULL) = 32
24054 1784157653.751276 recvfrom(41, 0x7b50092eb0, 3200, MSG_DONTWAIT, NULL, NULL) = -1 EAGAIN (Try again)
24033 1784157653.752771 recvfrom(46, "nysv\0\0\0\0\0\0\0\0\0\0\0\0)\240\3606\255\1\0\0\334\253\1\0\0\0\0\0", 3200, MSG_DONTWAIT, NULL, NULL) = 32
24033 1784157653.752881 recvfrom(46, 0x7ffcf06d30, 3200, MSG_DONTWAIT, NULL, NULL) = -1 EAGAIN (Try again)
24033 1784157653.752936 recvfrom(46, 0x7ffcf06c90, 3200, MSG_DONTWAIT, NULL, NULL) = -1 EAGAIN (Try again)
24054 1784157653.767296 recvfrom(41, "nysv\0\0\0\0\0\0\0\0\0\0\0\0)\240\3606\255\1\0\0\334\253\1\0\0\0\0\0", 3200, MSG_DONTWAIT, NULL, NULL) = 32
24054 1784157653.767456 recvfrom(41, 0x7b50092eb0, 3200, MSG_DONTWAIT, NULL, NULL) = -1 EAGAIN (Try again)
24033 1784157653.769435 recvfrom(46, "nysv\0\0\0\0\0\0\0\0\0\0\0\0\326)\3577\255\1\0\0\335\253\1\0\0\0\0\0", 3200, MSG_DONTWAIT, NULL, NULL) = 32
24033 1784157653.769447 recvfrom(46, 0x7ffcf06d30, 3200, MSG_DONTWAIT, NULL, NULL) = -1 EAGAIN (Try again)
24033 1784157653.769559 recvfrom(46, 0x7ffcf06c90, 3200, MSG_DONTWAIT, NULL, NULL) = -1 EAGAIN (Try again)
24054 1784157653.784615 recvfrom(41, "nysv\0\0\0\0\0\0\0\0\0\0\0\0\326)\3577\255\1\0\0\335\253\1\0\0\0\0\0", 3200, MSG_DONTWAIT, NULL, NULL) = 32
24054 1784157653.784787 recvfrom(41, 0x7b50092eb0, 3200, MSG_DONTWAIT, NULL, NULL) = -1 EAGAIN (Try again)
24033 1784157653.786124 recvfrom(46, "nysv\0\0\0\0\0\0\0\0\0\0\0\0\n\262\3558\255\1\0\0\336\253\1\0\0\0\0\0", 3200, MSG_DONTWAIT, NULL, NULL) = 32
24033 1784157653.786249 recvfrom(46, 0x7ffcf06d30, 3200, MSG_DONTWAIT, NULL, NULL) = -1 EAGAIN (Try again)
24033 1784157653.786511 recvfrom(46, 0x7ffcf06c90, 3200, MSG_DONTWAIT, NULL, NULL) = -1 EAGAIN (Try again)
24054 1784157653.801242 recvfrom(41, "nysv\0\0\0\0\0\0\0\0\0\0\0\0\n\262\3558\255\1\0\0\336\253\1\0\0\0\0\0", 3200, MSG_DONTWAIT, NULL, NULL) = 32
24054 1784157653.801434 recvfrom(41, 0x7b50092eb0, 3200, MSG_DONTWAIT, NULL, NULL) = -1 EAGAIN (Try again)
24033 1784157653.802782 recvfrom(46, "nysv\0\0\0\0\0\0\0\0\0\0\0\0\214;\3549\255\1\0\0\337\253\1\0\0\0\0\0", 3200, MSG_DONTWAIT, NULL, NULL) = 32
24033 1784157653.802797 recvfrom(46, 0x7ffcf06d30, 3200, MSG_DONTWAIT, NULL, NULL) = -1 EAGAIN (Try again)
24033 1784157653.802855 recvfrom(46, 0x7ffcf06c90, 3200, MSG_DONTWAIT, NULL, NULL) = -1 EAGAIN (Try again)
24054 1784157653.819159 recvfrom(41, "nysv\0\0\0\0\0\0\0\0\0\0\0\0\214;\3549\255\1\0\0\337\253\1\0\0\0\0\0", 3200, MSG_DONTWAIT, NULL, NULL) = 32
24054 1784157653.819388 recvfrom(41, 0x7b50092eb0, 3200, MSG_DONTWAIT, NULL, NULL) = -1 EAGAIN (Try again)
24033 1784157653.819605 recvfrom(46, "nysv\0\0\0\0\0\0\0\0\0\0\0\0\26\301\352:\255\1\0\0\340\253\1\0\0\0\0\0", 3200, MSG_DONTWAIT, NULL, NULL) = 32
24033 1784157653.819618 recvfrom(46, 0x7ffcf06d30, 3200, MSG_DONTWAIT, NULL, NULL) = -1 EAGAIN (Try again)
24054 1784157653.834776 recvfrom(41, 0x7b50092eb0, 3200, MSG_DONTWAIT, NULL, NULL) = -1 EAGAIN (Try again)
24054 1784157653.836995 recvfrom(41, "nysv\0\0\0\0\0\0\0\0\0\0\0\0f*\351;\255\1\0\0\341\253\1\0\0\0\0\0", 3200, MSG_DONTWAIT, NULL, NULL) = 32
24054 1784157653.837481 recvfrom(41, 0x7b50092c80, 3200, MSG_DONTWAIT, NULL, NULL) = -1 EAGAIN (Try again)
24054 1784157653.853815 recvfrom(41, "nysv\0\0\0\0\0\0\0\0\0\0\0\0\255\261\347<\255\1\0\0\342\253\1\0\0\0\0\0", 3200, MSG_DONTWAIT, NULL, NULL) = 32
24054 1784157653.854048 recvfrom(41, 0x7b50092eb0, 3200, MSG_DONTWAIT, NULL, NULL) = -1 EAGAIN (Try again)
24054 1784157653.868202 recvfrom(41, 0x7b50092eb0, 3200, MSG_DONTWAIT, NULL, NULL) = -1 EAGAIN (Try again)
24054 1784157653.870406 recvfrom(41, "nysv\0\0\0\0\0\0\0\0\0\0\0\0\327\32\346=\255\1\0\0\343\253\1\0\0\0\0\0", 3200, MSG_DONTWAIT, NULL, NULL) = 32
24054 1784157653.870888 recvfrom(41, 0x7b50092c80, 3200, MSG_DONTWAIT, NULL, NULL) = -1 EAGAIN (Try again)
24054 1784157653.893523 recvfrom(41, "nysv\0\0\0\0\0\0\0\0\0\0\0\0\220\236\344>\255\1\0\0\344\253\1\0\0\0\0\0", 3200, MSG_DONTWAIT, NULL, NULL) = 32
24054 1784157653.893699 recvfrom(41, 0x7b50092eb0, 3200, MSG_DONTWAIT, NULL, NULL) = -1 EAGAIN (Try again)
24054 1784157653.908762 recvfrom(41, "nysv\0\0\0\0\0\0\0\0\0\0\0\0\214 \343?\255\1\0\0\345\253\1\0\0\0\0\0", 3200, MSG_DONTWAIT, NULL, NULL) = 32
24054 1784157653.908924 recvfrom(41, 0x7b50092eb0, 3200, MSG_DONTWAIT, NULL, NULL) = -1 EAGAIN (Try again)
24054 1784157653.925043 recvfrom(41, "nysv\0\0\0\0\0\0\0\0\0\0\0\0a\243\341@\255\1\0\0\346\253\1\0\0\0\0\0", 3200, MSG_DONTWAIT, NULL, NULL) = 32
24054 1784157653.926109 recvfrom(41, 0x7b50092c80, 3200, MSG_DONTWAIT, NULL, NULL) = -1 EAGAIN (Try again)
24033 1784157653.990182 recvfrom(46, 0x7ffcf06d80, 3200, MSG_DONTWAIT, NULL, NULL) = -1 EAGAIN (Try again)
24052 1784157653.992532 clone(child_stack=0x7b4c3dbd40, flags=CLONE_VM|CLONE_FS|CLONE_FILES|CLONE_SIGHAND|CLONE_THREAD|CLONE_SYSVSEM|CLONE_SETTLS|CLONE_PARENT_SETTID|CLONE_CHILD_CLEARTID, parent_tidptr=0x7b4c3dbd60, tls=0x7b4c3dc020, child_tidptr=0x7b4c3dbd60) = 24220
24220 1784157653.994690 openat(AT_FDCWD, "/proc/24220/timerslack_ns", O_WRONLY|O_CREAT|O_TRUNC|O_NOFOLLOW|O_CLOEXEC, 0666) = 53
24033 1784157654.003819 recvfrom(46, "nysv\0\0\0\0\0\0\0\0\0\0\0\0\251\316\330E\255\1\0\0\353\253\1\0\0\0\0\0", 3200, MSG_DONTWAIT, NULL, NULL) = 32
24033 1784157654.003840 recvfrom(46, 0x7ffcf06d30, 3200, MSG_DONTWAIT, NULL, NULL) = -1 EAGAIN (Try again)
24033 1784157654.003961 recvfrom(48, 0x7be076ac20, 2272, MSG_DONTWAIT, NULL, NULL) = -1 EAGAIN (Try again)
24033 1784157654.016313 recvfrom(46, 0x7ffcf06ab0, 3200, MSG_DONTWAIT, NULL, NULL) = -1 EAGAIN (Try again)
24033 1784157654.016430 clone(child_stack=0x7b4c2ded40, flags=CLONE_VM|CLONE_FS|CLONE_FILES|CLONE_SIGHAND|CLONE_THREAD|CLONE_SYSVSEM|CLONE_SETTLS|CLONE_PARENT_SETTID|CLONE_CHILD_CLEARTID, parent_tidptr=0x7b4c2ded60, tls=0x7b4c2df020, child_tidptr=0x7b4c2ded60) = 24221
24033 1784157654.020327 recvfrom(46, "nysv\0\0\0\0\0\0\0\0\0\0\0\0OS\327F\255\1\0\0\354\253\1\0\0\0\0\0", 3200, MSG_DONTWAIT, NULL, NULL) = 32
24033 1784157654.020363 recvfrom(46, 0x7ffcf06d30, 3200, MSG_DONTWAIT, NULL, NULL) = -1 EAGAIN (Try again)
24033 1784157654.020496 recvfrom(48, 0x7be076ac20, 2272, MSG_DONTWAIT, NULL, NULL) = -1 EAGAIN (Try again)
24033 1784157655.110392 recvfrom(46, 0x7ffcf06b00, 3200, MSG_DONTWAIT, NULL, NULL) = -1 EAGAIN (Try again)
24033 1784157655.120418 recvfrom(46, "nysv\0\0\0\0\0\0\0\0\0\0\0\0m\224_\210\255\1\0\0.\254\1\0\0\0\0\0", 3200, MSG_DONTWAIT, NULL, NULL) = 32
24033 1784157655.120546 recvfrom(46, 0x7ffcf06d30, 3200, MSG_DONTWAIT, NULL, NULL) = -1 EAGAIN (Try again)
24033 1784157655.120650 recvfrom(71, 0x7be076c420, 2272, MSG_DONTWAIT, NULL, NULL) = -1 EAGAIN (Try again)
24033 1784157655.121296 recvfrom(46, 0x7ffcf05d20, 3200, MSG_DONTWAIT, NULL, NULL) = -1 EAGAIN (Try again)
24033 1784157655.135865 recvfrom(46, "nysv\0\0\0\0\0\0\0\0\0\0\0\0\0205^\211\255\1\0\0/\254\1\0\0\0\0\0", 3200, MSG_DONTWAIT, NULL, NULL) = 32
24033 1784157655.135932 recvfrom(46, 0x7ffcf06d30, 3200, MSG_DONTWAIT, NULL, NULL) = -1 EAGAIN (Try again)
24033 1784157655.135985 recvfrom(71, 0x7be076c420, 2272, MSG_DONTWAIT, NULL, NULL) = -1 EAGAIN (Try again)
24033 1784157655.136777 recvfrom(46, 0x7ffcf05d20, 3200, MSG_DONTWAIT, NULL, NULL) = -1 EAGAIN (Try again)
24033 1784157655.152462 recvfrom(46, "nysv\0\0\0\0\0\0\0\0\0\0\0\0\17\327\\\212\255\1\0\0000\254\1\0\0\0\0\0", 3200, MSG_DONTWAIT, NULL, NULL) = 32
24033 1784157655.152489 recvfrom(46, 0x7ffcf06d30, 3200, MSG_DONTWAIT, NULL, NULL) = -1 EAGAIN (Try again)
24033 1784157655.152521 recvfrom(71, 0x7be076c420, 2272, MSG_DONTWAIT, NULL, NULL) = -1 EAGAIN (Try again)
24033 1784157655.152690 recvfrom(46, 0x7ffcf05d20, 3200, MSG_DONTWAIT, NULL, NULL) = -1 EAGAIN (Try again)
24033 1784157655.170459 recvfrom(46, "nysv\0\0\0\0\0\0\0\0\0\0\0\0a%[\213\255\1\0\0001\254\1\0\0\0\0\0", 3200, MSG_DONTWAIT, NULL, NULL) = 32
24033 1784157655.170511 recvfrom(46, 0x7ffcf06d30, 3200, MSG_DONTWAIT, NULL, NULL) = -1 EAGAIN (Try again)
24033 1784157655.170541 recvfrom(71, 0x7be076c420, 2272, MSG_DONTWAIT, NULL, NULL) = -1 EAGAIN (Try again)
24033 1784157655.170928 recvfrom(46, 0x7ffcf05d20, 3200, MSG_DONTWAIT, NULL, NULL) = -1 EAGAIN (Try again)
24033 1784157655.185695 recvfrom(46, "nysv\0\0\0\0\0\0\0\0\0\0\0\0\212\310Y\214\255\1\0\0002\254\1\0\0\0\0\0", 3200, MSG_DONTWAIT, NULL, NULL) = 32
24033 1784157655.185722 recvfrom(46, 0x7ffcf06d30, 3200, MSG_DONTWAIT, NULL, NULL) = -1 EAGAIN (Try again)
24033 1784157655.185747 recvfrom(71, 0x7be076c420, 2272, MSG_DONTWAIT, NULL, NULL) = -1 EAGAIN (Try again)
24033 1784157655.186126 recvfrom(46, 0x7ffcf05d20, 3200, MSG_DONTWAIT, NULL, NULL) = -1 EAGAIN (Try again)
24033 1784157655.203663 recvfrom(46, "nysv\0\0\0\0\0\0\0\0\0\0\0\0\264\30X\215\255\1\0\0003\254\1\0\0\0\0\0", 3200, MSG_DONTWAIT, NULL, NULL) = 32
24033 1784157655.203687 recvfrom(46, 0x7ffcf06d30, 3200, MSG_DONTWAIT, NULL, NULL) = -1 EAGAIN (Try again)
24033 1784157655.203709 recvfrom(71, 0x7be076c420, 2272, MSG_DONTWAIT, NULL, NULL) = -1 EAGAIN (Try again)
24033 1784157655.203904 recvfrom(46, 0x7ffcf05d20, 3200, MSG_DONTWAIT, NULL, NULL) = -1 EAGAIN (Try again)
24033 1784157655.221733 recvfrom(46, "nysv\0\0\0\0\0\0\0\0\0\0\0\0m\36V\216\255\1\0\0004\254\1\0\0\0\0\0", 3200, MSG_DONTWAIT, NULL, NULL) = 32
24033 1784157655.221765 recvfrom(46, 0x7ffcf06d30, 3200, MSG_DONTWAIT, NULL, NULL) = -1 EAGAIN (Try again)
24033 1784157655.221795 recvfrom(71, 0x7be076c420, 2272, MSG_DONTWAIT, NULL, NULL) = -1 EAGAIN (Try again)
24033 1784157655.222107 recvfrom(46, 0x7ffcf05d20, 3200, MSG_DONTWAIT, NULL, NULL) = -1 EAGAIN (Try again)
24033 1784157655.236406 recvfrom(46, "nysv\0\0\0\0\0\0\0\0\0\0\0\0\227nT\217\255\1\0\0005\254\1\0\0\0\0\0", 3200, MSG_DONTWAIT, NULL, NULL) = 32
24033 1784157655.236427 recvfrom(46, 0x7ffcf06d30, 3200, MSG_DONTWAIT, NULL, NULL) = -1 EAGAIN (Try again)
24033 1784157655.236456 recvfrom(71, 0x7be076c420, 2272, MSG_DONTWAIT, NULL, NULL) = -1 EAGAIN (Try again)
24033 1784157655.236607 recvfrom(46, 0x7ffcf05d20, 3200, MSG_DONTWAIT, NULL, NULL) = -1 EAGAIN (Try again)
24033 1784157655.254533 recvfrom(46, "nysv\0\0\0\0\0\0\0\0\0\0\0\0\374\216R\220\255\1\0\0006\254\1\0\0\0\0\0", 3200, MSG_DONTWAIT, NULL, NULL) = 32
24033 1784157655.254568 recvfrom(46, 0x7ffcf06d30, 3200, MSG_DONTWAIT, NULL, NULL) = -1 EAGAIN (Try again)
24033 1784157655.254595 recvfrom(71, 0x7be076c420, 2272, MSG_DONTWAIT, NULL, NULL) = -1 EAGAIN (Try again)
24033 1784157655.254775 recvfrom(46, 0x7ffcf05d20, 3200, MSG_DONTWAIT, NULL, NULL) = -1 EAGAIN (Try again)
24033 1784157655.271452 recvfrom(46, "nysv\0\0\0\0\0\0\0\0\0\0\0\0\256\247P\221\255\1\0\0007\254\1\0\0\0\0\0", 3200, MSG_DONTWAIT, NULL, NULL) = 32
24033 1784157655.271479 recvfrom(46, 0x7ffcf06d30, 3200, MSG_DONTWAIT, NULL, NULL) = -1 EAGAIN (Try again)
24033 1784157655.271501 recvfrom(71, 0x7be076c420, 2272, MSG_DONTWAIT, NULL, NULL) = -1 EAGAIN (Try again)
24033 1784157655.271631 recvfrom(46, 0x7ffcf05d20, 3200, MSG_DONTWAIT, NULL, NULL) = -1 EAGAIN (Try again)
24033 1784157655.287747 recvfrom(46, "nysv\0\0\0\0\0\0\0\0\0\0\0\0\376\327N\222\255\1\0\08\254\1\0\0\0\0\0", 3200, MSG_DONTWAIT, NULL, NULL) = 32
24033 1784157655.287767 recvfrom(46, 0x7ffcf06d30, 3200, MSG_DONTWAIT, NULL, NULL) = -1 EAGAIN (Try again)
24033 1784157655.287787 recvfrom(71, 0x7be076c420, 2272, MSG_DONTWAIT, NULL, NULL) = -1 EAGAIN (Try again)
24033 1784157655.288008 recvfrom(46, 0x7ffcf05d20, 3200, MSG_DONTWAIT, NULL, NULL) = -1 EAGAIN (Try again)
24033 1784157655.304128 recvfrom(46, "nysv\0\0\0\0\0\0\0\0\0\0\0\0\265\fM\223\255\1\0\09\254\1\0\0\0\0\0", 3200, MSG_DONTWAIT, NULL, NULL) = 32
24033 1784157655.304222 recvfrom(46, 0x7ffcf06d30, 3200, MSG_DONTWAIT, NULL, NULL) = -1 EAGAIN (Try again)
24033 1784157655.304246 recvfrom(71, 0x7be076c420, 2272, MSG_DONTWAIT, NULL, NULL) = -1 EAGAIN (Try again)
24033 1784157655.304417 recvfrom(46, 0x7ffcf05d20, 3200, MSG_DONTWAIT, NULL, NULL) = -1 EAGAIN (Try again)
24033 1784157655.319997 recvfrom(46, "nysv\0\0\0\0\0\0\0\0\0\0\0\0\337\\K\224\255\1\0\0:\254\1\0\0\0\0\0", 3200, MSG_DONTWAIT, NULL, NULL) = 32
24033 1784157655.320023 recvfrom(46, 0x7ffcf06d30, 3200, MSG_DONTWAIT, NULL, NULL) = -1 EAGAIN (Try again)
24033 1784157655.320046 recvfrom(71, 0x7be076c420, 2272, MSG_DONTWAIT, NULL, NULL) = -1 EAGAIN (Try again)
24033 1784157655.320159 recvfrom(46, 0x7ffcf05d20, 3200, MSG_DONTWAIT, NULL, NULL) = -1 EAGAIN (Try again)
24033 1784157655.335899 recvfrom(46, "nysv\0\0\0\0\0\0\0\0\0\0\0\0\351\366I\225\255\1\0\0;\254\1\0\0\0\0\0", 3200, MSG_DONTWAIT, NULL, NULL) = 32
24033 1784157655.335918 recvfrom(46, 0x7ffcf06d30, 3200, MSG_DONTWAIT, NULL, NULL) = -1 EAGAIN (Try again)
24033 1784157655.335943 recvfrom(71, 0x7be076c420, 2272, MSG_DONTWAIT, NULL, NULL) = -1 EAGAIN (Try again)
24033 1784157655.336006 recvfrom(46, 0x7ffcf05d20, 3200, MSG_DONTWAIT, NULL, NULL) = -1 EAGAIN (Try again)
24033 1784157655.355110 recvfrom(46, "nysv\0\0\0\0\0\0\0\0\0\0\0\0g\363G\226\255\1\0\0<\254\1\0\0\0\0\0", 3200, MSG_DONTWAIT, NULL, NULL) = 32
24033 1784157655.355141 recvfrom(46, 0x7ffcf06d30, 3200, MSG_DONTWAIT, NULL, NULL) = -1 EAGAIN (Try again)
24033 1784157655.355163 recvfrom(71, 0x7be076c420, 2272, MSG_DONTWAIT, NULL, NULL) = -1 EAGAIN (Try again)
24033 1784157655.355324 recvfrom(46, 0x7ffcf05d20, 3200, MSG_DONTWAIT, NULL, NULL) = -1 EAGAIN (Try again)
24033 1784157655.370997 recvfrom(46, "nysv\0\0\0\0\0\0\0\0\0\0\0\0\221CF\227\255\1\0\0=\254\1\0\0\0\0\0", 3200, MSG_DONTWAIT, NULL, NULL) = 32
24033 1784157655.371100 recvfrom(46, 0x7ffcf06d30, 3200, MSG_DONTWAIT, NULL, NULL) = -1 EAGAIN (Try again)
24033 1784157655.371123 recvfrom(71, 0x7be076c420, 2272, MSG_DONTWAIT, NULL, NULL) = -1 EAGAIN (Try again)
24033 1784157655.371274 recvfrom(46, 0x7ffcf05d20, 3200, MSG_DONTWAIT, NULL, NULL) = -1 EAGAIN (Try again)
24033 1784157655.387360 recvfrom(46, "nysv\0\0\0\0\0\0\0\0\0\0\0\0\273\223D\230\255\1\0\0>\254\1\0\0\0\0\0", 3200, MSG_DONTWAIT, NULL, NULL) = 32
24033 1784157655.387380 recvfrom(46, 0x7ffcf06d30, 3200, MSG_DONTWAIT, NULL, NULL) = -1 EAGAIN (Try again)
24033 1784157655.387401 recvfrom(71, 0x7be076c420, 2272, MSG_DONTWAIT, NULL, NULL) = -1 EAGAIN (Try again)
