30322 1783930078.278738 exit(0)         = ?
30322 1783930078.278832 +++ exited with 0 +++
30321 1783930078.281171 exit(0)         = ?
30324 1783930078.281572 exit(0 <unfinished ...>
30323 1783930078.281599 exit(0 <unfinished ...>
30321 1783930078.281724 +++ exited with 0 +++
30324 1783930078.281906 <... exit resumed>) = ?
30323 1783930078.281972 <... exit resumed>) = ?
30324 1783930078.282163 +++ exited with 0 +++
30323 1783930078.282174 +++ exited with 0 +++
30335 1783930078.284070 newfstatat(AT_FDCWD, "/data", {st_mode=S_IFDIR|0771, st_size=4096, ...}, AT_SYMLINK_NOFOLLOW) = 0
30335 1783930078.284338 newfstatat(AT_FDCWD, "/data/app", {st_mode=S_IFDIR|0771, st_size=4096, ...}, AT_SYMLINK_NOFOLLOW) = 0
30335 1783930078.284593 newfstatat(AT_FDCWD, "/data/app/app.notesr-Y4A3TIn06AsfWQfDrd8z9A==", {st_mode=S_IFDIR|0775, st_size=4096, ...}, AT_SYMLINK_NOFOLLOW) = 0
30335 1783930078.284830 newfstatat(AT_FDCWD, "/data/app/app.notesr-Y4A3TIn06AsfWQfDrd8z9A==/base.apk", {st_mode=S_IFREG|0644, st_size=37094421, ...}, AT_SYMLINK_NOFOLLOW) = 0
30335 1783930078.285075 getcwd("/", 4096) = 2
30335 1783930078.285305 newfstatat(AT_FDCWD, "/base.apk", 0x70757db690, AT_SYMLINK_NOFOLLOW) = -1 ENOENT (No such file or directory)
30314 1783930078.818925 clone(child_stack=0x70719dbd40, flags=CLONE_VM|CLONE_FS|CLONE_FILES|CLONE_SIGHAND|CLONE_THREAD|CLONE_SYSVSEM|CLONE_SETTLS|CLONE_PARENT_SETTID|CLONE_CHILD_CLEARTID, parent_tidptr=0x70719dbd60, tls=0x70719dc020, child_tidptr=0x70719dbd60) = 30392
30392 1783930078.825823 faccessat(AT_FDCWD, "/data/user/0/app.notesr/files", F_OK) = 0
30392 1783930078.826140 faccessat(AT_FDCWD, "/data/user/0/app.notesr/files/profileinstaller_profileWrittenFor_lastUpdateTime.dat", F_OK) = 0
30392 1783930078.826433 openat(AT_FDCWD, "/data/user/0/app.notesr/files/profileinstaller_profileWrittenFor_lastUpdateTime.dat", O_RDONLY) = 66
30392 1783930078.827335 getsockopt(66, SOL_SOCKET, SO_ERROR, 0x70719da254, [4]) = -1 ENOTSOCK (Socket operation on non-socket)
30392 1783930078.829628 openat(AT_FDCWD, "/data/app/app.notesr-Y4A3TIn06AsfWQfDrd8z9A==/base.apk", O_RDONLY) = 66
30392 1783930078.830206 getsockopt(66, SOL_SOCKET, SO_ERROR, 0x70719d9c74, [4]) = -1 ENOTSOCK (Socket operation on non-socket)
30392 1783930078.830699 newfstatat(AT_FDCWD, "/data/misc/profiles/ref/app.notesr/primary.prof", 0x70719d9c18, 0) = -1 ENOENT (No such file or directory)
30392 1783930078.830976 faccessat(AT_FDCWD, "/data/misc/profiles/ref/app.notesr/primary.prof", F_OK) = -1 ENOENT (No such file or directory)
30392 1783930078.831284 newfstatat(AT_FDCWD, "/data/misc/profiles/cur/0/app.notesr/primary.prof", {st_mode=S_IFREG|0600, st_size=6980, ...}, 0) = 0
30392 1783930078.831548 faccessat(AT_FDCWD, "/data/misc/profiles/cur/0/app.notesr/primary.prof", F_OK) = 0
30392 1783930078.832198 faccessat(AT_FDCWD, "/data/user/0/app.notesr/files", F_OK) = 0
30392 1783930078.832438 faccessat(AT_FDCWD, "/data/user/0/app.notesr/files/profileInstalled", F_OK) = 0
30392 1783930078.832693 openat(AT_FDCWD, "/data/user/0/app.notesr/files/profileInstalled", O_RDONLY) = 66
30392 1783930078.834087 getsockopt(66, SOL_SOCKET, SO_ERROR, 0x70719d9594, [4]) = -1 ENOTSOCK (Socket operation on non-socket)
30392 1783930078.837965 exit(0)         = ?
30392 1783930078.838186 +++ exited with 0 +++
30349 1783930078.887821 faccessat(AT_FDCWD, "/proc/self/task/30392", F_OK) = -1 ENOENT (No such file or directory)
30351 1783930091.102157 exit(0)         = ?
30351 1783930091.102578 +++ exited with 0 +++
30349 1783930091.150948 faccessat(AT_FDCWD, "/proc/self/task/30351", F_OK) = -1 ENOENT (No such file or directory)
30314 1783930096.401526 recvfrom(46, "\2\0\0\0\0\0\0\0\353\7\0\0\0\0\0\0\0\300^\365\33\2\0\0\1\0\0\0\2\20\0\0"..., 2272, MSG_DONTWAIT, NULL, NULL) = 232
30314 1783930096.404251 recvfrom(38, 0x7fd67a8ad0, 3200, MSG_DONTWAIT, NULL, NULL) = -1 EAGAIN (Try again)
30352 1783930096.418570 sendmsg(67, {msg_name=NULL, msg_namelen=0, msg_iov=[{iov_base="l\1\1\1\374\0\0\0L\0\0\0\235\0\0\0\1\1o\0;\0\0\0/re/frid"..., iov_len=428}], msg_iovlen=1, msg_controllen=0, msg_flags=0}, MSG_NOSIGNAL) = 428
30352 1783930096.423960 sendmsg(67, {msg_name=NULL, msg_namelen=0, msg_iov=[{iov_base="l\1\1\1\0\1\0\0M\0\0\0\235\0\0\0\1\1o\0;\0\0\0/re/frid"..., iov_len=432}], msg_iovlen=1, msg_controllen=0, msg_flags=0}, MSG_NOSIGNAL) = 432
30314 1783930096.424437 sendto(46, "\3\0\0\0\0\0\0\0\353\7\0\0\1\0\0\0", 16, MSG_DONTWAIT|MSG_NOSIGNAL, NULL, 0) = 16
30314 1783930096.424621 recvfrom(46, 0x7105d93420, 2272, MSG_DONTWAIT, NULL, NULL) = -1 EAGAIN (Try again)
30314 1783930096.425059 recvfrom(46, "\2\0\0\0\0\0\0\0\355\7\0\0\0\0\0\0\0\300^\365\33\2\0\0\1\0\0\0\2\20\0\0"..., 2272, MSG_DONTWAIT, NULL, NULL) = 232
30314 1783930096.425238 sendto(46, "\3\0\0\0\0\0\0\0\355\7\0\0\1\0\0\0", 16, MSG_DONTWAIT|MSG_NOSIGNAL, NULL, 0) = 16
30314 1783930096.425408 recvfrom(46, 0x7105d93420, 2272, MSG_DONTWAIT, NULL, NULL) = -1 EAGAIN (Try again)
30314 1783930096.425743 recvfrom(38, "nysv\0\0\0\0\0\0\0\0\0\0\0\0\371\240~\366\33\2\0\0{\35\2\0\0\0\0\0", 3200, MSG_DONTWAIT, NULL, NULL) = 32
30314 1783930096.426068 recvfrom(38, 0x7fd67ab450, 3200, MSG_DONTWAIT, NULL, NULL) = -1 EAGAIN (Try again)
30314 1783930096.426379 recvfrom(46, 0x7105d93420, 2272, MSG_DONTWAIT, NULL, NULL) = -1 EAGAIN (Try again)
30314 1783930096.426522 recvfrom(38, 0x7fd67ab3b0, 3200, MSG_DONTWAIT, NULL, NULL) = -1 EAGAIN (Try again)
30314 1783930096.429415 socket(AF_UNIX, SOCK_DGRAM|SOCK_CLOEXEC|SOCK_NONBLOCK, 0) = 66
30314 1783930096.429631 setsockopt(66, SOL_SOCKET, SO_SNDBUF, [1048576], 4) = 0
30314 1783930096.429857 connect(66, {sa_family=AF_UNIX, sun_path="/dev/socket/statsdw"}, 110) = 0
30314 1783930096.442414 recvfrom(38, "nysv\0\0\0\0\0\0\0\0\0\0\0\0\t+}\367\33\2\0\0|\35\2\0\0\0\0\0", 3200, MSG_DONTWAIT, NULL, NULL) = 32
30314 1783930096.442661 recvfrom(38, 0x7fd67ab450, 3200, MSG_DONTWAIT, NULL, NULL) = -1 EAGAIN (Try again)
30352 1783930096.448059 sendmsg(67, {msg_name=NULL, msg_namelen=0, msg_iov=[{iov_base="l\1\1\1\374\0\0\0N\0\0\0\235\0\0\0\1\1o\0;\0\0\0/re/frid"..., iov_len=428}], msg_iovlen=1, msg_controllen=0, msg_flags=0}, MSG_NOSIGNAL) = 428
30352 1783930096.452140 sendmsg(67, {msg_name=NULL, msg_namelen=0, msg_iov=[{iov_base="l\1\1\1\0\1\0\0O\0\0\0\235\0\0\0\1\1o\0;\0\0\0/re/frid"..., iov_len=432}], msg_iovlen=1, msg_controllen=0, msg_flags=0}, MSG_NOSIGNAL) = 432
30314 1783930096.453665 recvfrom(46, 0x7105d93420, 2272, MSG_DONTWAIT, NULL, NULL) = -1 EAGAIN (Try again)
30314 1783930096.453809 recvfrom(38, 0x7fd67ab3b0, 3200, MSG_DONTWAIT, NULL, NULL) = -1 EAGAIN (Try again)
30314 1783930096.469853 recvfrom(38, "nysv\0\0\0\0\0\0\0\0\0\0\0\0\204lz\371\33\2\0\0~\35\2\0\0\0\0\0", 3200, MSG_DONTWAIT, NULL, NULL) = 32
30314 1783930096.472360 recvfrom(38, 0x7fd67ab450, 3200, MSG_DONTWAIT, NULL, NULL) = -1 EAGAIN (Try again)
30314 1783930096.472954 newfstatat(AT_FDCWD, "/system/framework/framework-res.apk", {st_mode=S_IFREG|0644, st_size=45992421, ...}, 0) = 0
30314 1783930096.473126 newfstatat(AT_FDCWD, "/product/overlay/GoogleConfigOverlay.apk", {st_mode=S_IFREG|0644, st_size=25070, ...}, 0) = 0
30314 1783930096.473275 newfstatat(AT_FDCWD, "/product/overlay/GoogleWebViewOverlay.apk", {st_mode=S_IFREG|0644, st_size=16815, ...}, 0) = 0
30314 1783930096.473430 newfstatat(AT_FDCWD, "/product/overlay/PixelConfigOverlayCommon.apk", {st_mode=S_IFREG|0644, st_size=52833, ...}, 0) = 0
30314 1783930096.473567 newfstatat(AT_FDCWD, "/product/overlay/EmulatorConfigOverlay.apk", {st_mode=S_IFREG|0644, st_size=16734, ...}, 0) = 0
30314 1783930096.473712 newfstatat(AT_FDCWD, "/data/app/app.notesr-Y4A3TIn06AsfWQfDrd8z9A==/base.apk", {st_mode=S_IFREG|0644, st_size=37094421, ...}, 0) = 0
30314 1783930096.475058 clone(child_stack=0x70719dbd40, flags=CLONE_VM|CLONE_FS|CLONE_FILES|CLONE_SIGHAND|CLONE_THREAD|CLONE_SYSVSEM|CLONE_SETTLS|CLONE_PARENT_SETTID|CLONE_CHILD_CLEARTID, parent_tidptr=0x70719dbd60, tls=0x70719dc020, child_tidptr=0x70719dbd60) = 30407
30336 1783930096.475660 clone(child_stack=0x70718ded40, flags=CLONE_VM|CLONE_FS|CLONE_FILES|CLONE_SIGHAND|CLONE_THREAD|CLONE_SYSVSEM|CLONE_SETTLS|CLONE_PARENT_SETTID|CLONE_CHILD_CLEARTID, parent_tidptr=0x70718ded60, tls=0x70718df020, child_tidptr=0x70718ded60) = 30408
30408 1783930096.476773 exit(0)         = ?
30408 1783930096.476791 +++ exited with 0 +++
30314 1783930096.476942 newfstatat(AT_FDCWD, "/system/framework/framework-res.apk", {st_mode=S_IFREG|0644, st_size=45992421, ...}, 0) = 0
30314 1783930096.477175 newfstatat(AT_FDCWD, "/product/overlay/GoogleConfigOverlay.apk", {st_mode=S_IFREG|0644, st_size=25070, ...}, 0) = 0
30314 1783930096.477387 newfstatat(AT_FDCWD, "/product/overlay/GoogleWebViewOverlay.apk", {st_mode=S_IFREG|0644, st_size=16815, ...}, 0) = 0
30314 1783930096.477574 newfstatat(AT_FDCWD, "/product/overlay/PixelConfigOverlayCommon.apk", {st_mode=S_IFREG|0644, st_size=52833, ...}, 0) = 0
30314 1783930096.477781 newfstatat(AT_FDCWD, "/product/overlay/EmulatorConfigOverlay.apk", {st_mode=S_IFREG|0644, st_size=16734, ...}, 0) = 0
30314 1783930096.478009 newfstatat(AT_FDCWD, "/data/app/app.notesr-Y4A3TIn06AsfWQfDrd8z9A==/base.apk", {st_mode=S_IFREG|0644, st_size=37094421, ...}, 0) = 0
30407 1783930096.478763 exit(0)         = ?
30407 1783930096.478900 +++ exited with 0 +++
30314 1783930096.479804 --- SIGSEGV {si_signo=SIGSEGV, si_code=SEGV_MAPERR, si_addr=NULL} ---
30314 1783930096.483691 newfstatat(AT_FDCWD, "/system/framework/framework-res.apk", {st_mode=S_IFREG|0644, st_size=45992421, ...}, 0) = 0
30314 1783930096.483845 newfstatat(AT_FDCWD, "/product/overlay/GoogleConfigOverlay.apk", {st_mode=S_IFREG|0644, st_size=25070, ...}, 0) = 0
30314 1783930096.483987 newfstatat(AT_FDCWD, "/product/overlay/GoogleWebViewOverlay.apk", {st_mode=S_IFREG|0644, st_size=16815, ...}, 0) = 0
30314 1783930096.484137 newfstatat(AT_FDCWD, "/product/overlay/PixelConfigOverlayCommon.apk", {st_mode=S_IFREG|0644, st_size=52833, ...}, 0) = 0
30314 1783930096.484280 newfstatat(AT_FDCWD, "/product/overlay/EmulatorConfigOverlay.apk", {st_mode=S_IFREG|0644, st_size=16734, ...}, 0) = 0
30314 1783930096.484421 newfstatat(AT_FDCWD, "/data/app/app.notesr-Y4A3TIn06AsfWQfDrd8z9A==/base.apk", {st_mode=S_IFREG|0644, st_size=37094421, ...}, 0) = 0
30352 1783930096.495326 sendmsg(67, {msg_name=NULL, msg_namelen=0, msg_iov=[{iov_base="l\1\1\1\24\1\0\0P\0\0\0\235\0\0\0\1\1o\0;\0\0\0/re/frid"..., iov_len=452}], msg_iovlen=1, msg_controllen=0, msg_flags=0}, MSG_NOSIGNAL) = 452
30352 1783930096.505265 sendmsg(67, {msg_name=NULL, msg_namelen=0, msg_iov=[{iov_base="l\1\1\1\24\1\0\0Q\0\0\0\235\0\0\0\1\1o\0;\0\0\0/re/frid"..., iov_len=452}], msg_iovlen=1, msg_controllen=0, msg_flags=0}, MSG_NOSIGNAL) = 452
30314 1783930096.517204 recvfrom(70, 0x70704dc420, 2272, MSG_DONTWAIT, NULL, NULL) = -1 EAGAIN (Try again)
30314 1783930096.517368 recvfrom(38, 0x7fd67ab3b0, 3200, MSG_DONTWAIT, NULL, NULL) = -1 EAGAIN (Try again)
30352 1783930096.524028 sendmsg(67, {msg_name=NULL, msg_namelen=0, msg_iov=[{iov_base="l\1\1\1\374\0\0\0R\0\0\0\235\0\0\0\1\1o\0;\0\0\0/re/frid"..., iov_len=428}], msg_iovlen=1, msg_controllen=0, msg_flags=0}, MSG_NOSIGNAL) = 428
30352 1783930096.528979 sendmsg(67, {msg_name=NULL, msg_namelen=0, msg_iov=[{iov_base="l\1\1\1\0\1\0\0S\0\0\0\235\0\0\0\1\1o\0;\0\0\0/re/frid"..., iov_len=432}], msg_iovlen=1, msg_controllen=0, msg_flags=0}, MSG_NOSIGNAL) = 432
30352 1783930096.533993 sendmsg(67, {msg_name=NULL, msg_namelen=0, msg_iov=[{iov_base="l\1\1\1\374\0\0\0T\0\0\0\235\0\0\0\1\1o\0;\0\0\0/re/frid"..., iov_len=428}], msg_iovlen=1, msg_controllen=0, msg_flags=0}, MSG_NOSIGNAL) = 428
30352 1783930096.541638 sendmsg(67, {msg_name=NULL, msg_namelen=0, msg_iov=[{iov_base="l\1\1\1\0\1\0\0U\0\0\0\235\0\0\0\1\1o\0;\0\0\0/re/frid"..., iov_len=432}], msg_iovlen=1, msg_controllen=0, msg_flags=0}, MSG_NOSIGNAL) = 432
30352 1783930096.545589 sendmsg(67, {msg_name=NULL, msg_namelen=0, msg_iov=[{iov_base="l\1\1\1\374\0\0\0V\0\0\0\235\0\0\0\1\1o\0;\0\0\0/re/frid"..., iov_len=428}], msg_iovlen=1, msg_controllen=0, msg_flags=0}, MSG_NOSIGNAL) = 428
30352 1783930096.550701 sendmsg(67, {msg_name=NULL, msg_namelen=0, msg_iov=[{iov_base="l\1\1\1\0\1\0\0W\0\0\0\235\0\0\0\1\1o\0;\0\0\0/re/frid"..., iov_len=432}], msg_iovlen=1, msg_controllen=0, msg_flags=0}, MSG_NOSIGNAL) = 432
30352 1783930096.554977 sendmsg(67, {msg_name=NULL, msg_namelen=0, msg_iov=[{iov_base="l\1\1\1\374\0\0\0X\0\0\0\235\0\0\0\1\1o\0;\0\0\0/re/frid"..., iov_len=428}], msg_iovlen=1, msg_controllen=0, msg_flags=0}, MSG_NOSIGNAL) = 428
30352 1783930096.560113 sendmsg(67, {msg_name=NULL, msg_namelen=0, msg_iov=[{iov_base="l\1\1\1\0\1\0\0Y\0\0\0\235\0\0\0\1\1o\0;\0\0\0/re/frid"..., iov_len=432}], msg_iovlen=1, msg_controllen=0, msg_flags=0}, MSG_NOSIGNAL) = 432
30352 1783930096.564842 sendmsg(67, {msg_name=NULL, msg_namelen=0, msg_iov=[{iov_base="l\1\1\1\374\0\0\0Z\0\0\0\235\0\0\0\1\1o\0;\0\0\0/re/frid"..., iov_len=428}], msg_iovlen=1, msg_controllen=0, msg_flags=0}, MSG_NOSIGNAL) = 428
30352 1783930096.570658 sendmsg(67, {msg_name=NULL, msg_namelen=0, msg_iov=[{iov_base="l\1\1\1\0\1\0\0[\0\0\0\235\0\0\0\1\1o\0;\0\0\0/re/frid"..., iov_len=432}], msg_iovlen=1, msg_controllen=0, msg_flags=0}, MSG_NOSIGNAL) = 432
30352 1783930096.574701 sendmsg(67, {msg_name=NULL, msg_namelen=0, msg_iov=[{iov_base="l\1\1\1\374\0\0\0\\\0\0\0\235\0\0\0\1\1o\0;\0\0\0/re/frid"..., iov_len=428}], msg_iovlen=1, msg_controllen=0, msg_flags=0}, MSG_NOSIGNAL) = 428
30352 1783930096.580148 sendmsg(67, {msg_name=NULL, msg_namelen=0, msg_iov=[{iov_base="l\1\1\1\0\1\0\0]\0\0\0\235\0\0\0\1\1o\0;\0\0\0/re/frid"..., iov_len=432}], msg_iovlen=1, msg_controllen=0, msg_flags=0}, MSG_NOSIGNAL) = 432
30352 1783930096.584150 sendmsg(67, {msg_name=NULL, msg_namelen=0, msg_iov=[{iov_base="l\1\1\1\374\0\0\0^\0\0\0\235\0\0\0\1\1o\0;\0\0\0/re/frid"..., iov_len=428}], msg_iovlen=1, msg_controllen=0, msg_flags=0}, MSG_NOSIGNAL) = 428
30352 1783930096.589054 sendmsg(67, {msg_name=NULL, msg_namelen=0, msg_iov=[{iov_base="l\1\1\1\0\1\0\0_\0\0\0\235\0\0\0\1\1o\0;\0\0\0/re/frid"..., iov_len=432}], msg_iovlen=1, msg_controllen=0, msg_flags=0}, MSG_NOSIGNAL) = 432
30352 1783930096.593231 sendmsg(67, {msg_name=NULL, msg_namelen=0, msg_iov=[{iov_base="l\1\1\1\374\0\0\0`\0\0\0\235\0\0\0\1\1o\0;\0\0\0/re/frid"..., iov_len=428}], msg_iovlen=1, msg_controllen=0, msg_flags=0}, MSG_NOSIGNAL) = 428
30352 1783930096.597578 sendmsg(67, {msg_name=NULL, msg_namelen=0, msg_iov=[{iov_base="l\1\1\1\0\1\0\0a\0\0\0\235\0\0\0\1\1o\0;\0\0\0/re/frid"..., iov_len=432}], msg_iovlen=1, msg_controllen=0, msg_flags=0}, MSG_NOSIGNAL) = 432
30352 1783930096.602079 sendmsg(67, {msg_name=NULL, msg_namelen=0, msg_iov=[{iov_base="l\1\1\1\374\0\0\0b\0\0\0\235\0\0\0\1\1o\0;\0\0\0/re/frid"..., iov_len=428}], msg_iovlen=1, msg_controllen=0, msg_flags=0}, MSG_NOSIGNAL) = 428
30352 1783930096.606488 sendmsg(67, {msg_name=NULL, msg_namelen=0, msg_iov=[{iov_base="l\1\1\1\0\1\0\0c\0\0\0\235\0\0\0\1\1o\0;\0\0\0/re/frid"..., iov_len=432}], msg_iovlen=1, msg_controllen=0, msg_flags=0}, MSG_NOSIGNAL) = 432
30352 1783930096.611726 sendmsg(67, {msg_name=NULL, msg_namelen=0, msg_iov=[{iov_base="l\1\1\1\374\0\0\0d\0\0\0\235\0\0\0\1\1o\0;\0\0\0/re/frid"..., iov_len=428}], msg_iovlen=1, msg_controllen=0, msg_flags=0}, MSG_NOSIGNAL) = 428
30352 1783930096.615828 sendmsg(67, {msg_name=NULL, msg_namelen=0, msg_iov=[{iov_base="l\1\1\1\0\1\0\0e\0\0\0\235\0\0\0\1\1o\0;\0\0\0/re/frid"..., iov_len=432}], msg_iovlen=1, msg_controllen=0, msg_flags=0}, MSG_NOSIGNAL) = 432
30352 1783930096.620822 sendmsg(67, {msg_name=NULL, msg_namelen=0, msg_iov=[{iov_base="l\1\1\1\374\0\0\0f\0\0\0\235\0\0\0\1\1o\0;\0\0\0/re/frid"..., iov_len=428}], msg_iovlen=1, msg_controllen=0, msg_flags=0}, MSG_NOSIGNAL) = 428
30352 1783930096.625615 sendmsg(67, {msg_name=NULL, msg_namelen=0, msg_iov=[{iov_base="l\1\1\1\0\1\0\0g\0\0\0\235\0\0\0\1\1o\0;\0\0\0/re/frid"..., iov_len=432}], msg_iovlen=1, msg_controllen=0, msg_flags=0}, MSG_NOSIGNAL) = 432
30352 1783930096.630240 sendmsg(67, {msg_name=NULL, msg_namelen=0, msg_iov=[{iov_base="l\1\1\1\374\0\0\0h\0\0\0\235\0\0\0\1\1o\0;\0\0\0/re/frid"..., iov_len=428}], msg_iovlen=1, msg_controllen=0, msg_flags=0}, MSG_NOSIGNAL) = 428
30352 1783930096.634628 sendmsg(67, {msg_name=NULL, msg_namelen=0, msg_iov=[{iov_base="l\1\1\1\0\1\0\0i\0\0\0\235\0\0\0\1\1o\0;\0\0\0/re/frid"..., iov_len=432}], msg_iovlen=1, msg_controllen=0, msg_flags=0}, MSG_NOSIGNAL) = 432
30352 1783930096.640682 sendmsg(67, {msg_name=NULL, msg_namelen=0, msg_iov=[{iov_base="l\1\1\1\374\0\0\0j\0\0\0\235\0\0\0\1\1o\0;\0\0\0/re/frid"..., iov_len=428}], msg_iovlen=1, msg_controllen=0, msg_flags=0}, MSG_NOSIGNAL) = 428
30352 1783930096.644356 sendmsg(67, {msg_name=NULL, msg_namelen=0, msg_iov=[{iov_base="l\1\1\1\0\1\0\0k\0\0\0\235\0\0\0\1\1o\0;\0\0\0/re/frid"..., iov_len=432}], msg_iovlen=1, msg_controllen=0, msg_flags=0}, MSG_NOSIGNAL) = 432
30352 1783930096.648926 sendmsg(67, {msg_name=NULL, msg_namelen=0, msg_iov=[{iov_base="l\1\1\1\374\0\0\0l\0\0\0\235\0\0\0\1\1o\0;\0\0\0/re/frid"..., iov_len=428}], msg_iovlen=1, msg_controllen=0, msg_flags=0}, MSG_NOSIGNAL) = 428
30352 1783930096.653544 sendmsg(67, {msg_name=NULL, msg_namelen=0, msg_iov=[{iov_base="l\1\1\1\0\1\0\0m\0\0\0\235\0\0\0\1\1o\0;\0\0\0/re/frid"..., iov_len=432}], msg_iovlen=1, msg_controllen=0, msg_flags=0}, MSG_NOSIGNAL) = 432
30352 1783930096.657999 sendmsg(67, {msg_name=NULL, msg_namelen=0, msg_iov=[{iov_base="l\1\1\1\374\0\0\0n\0\0\0\235\0\0\0\1\1o\0;\0\0\0/re/frid"..., iov_len=428}], msg_iovlen=1, msg_controllen=0, msg_flags=0}, MSG_NOSIGNAL) = 428
30352 1783930096.662591 sendmsg(67, {msg_name=NULL, msg_namelen=0, msg_iov=[{iov_base="l\1\1\1\0\1\0\0o\0\0\0\235\0\0\0\1\1o\0;\0\0\0/re/frid"..., iov_len=432}], msg_iovlen=1, msg_controllen=0, msg_flags=0}, MSG_NOSIGNAL) = 432
30352 1783930096.667423 sendmsg(67, {msg_name=NULL, msg_namelen=0, msg_iov=[{iov_base="l\1\1\1\374\0\0\0p\0\0\0\235\0\0\0\1\1o\0;\0\0\0/re/frid"..., iov_len=428}], msg_iovlen=1, msg_controllen=0, msg_flags=0}, MSG_NOSIGNAL) = 428
30352 1783930096.671718 sendmsg(67, {msg_name=NULL, msg_namelen=0, msg_iov=[{iov_base="l\1\1\1\0\1\0\0q\0\0\0\235\0\0\0\1\1o\0;\0\0\0/re/frid"..., iov_len=432}], msg_iovlen=1, msg_controllen=0, msg_flags=0}, MSG_NOSIGNAL) = 432
30352 1783930096.676355 sendmsg(67, {msg_name=NULL, msg_namelen=0, msg_iov=[{iov_base="l\1\1\1\374\0\0\0r\0\0\0\235\0\0\0\1\1o\0;\0\0\0/re/frid"..., iov_len=428}], msg_iovlen=1, msg_controllen=0, msg_flags=0}, MSG_NOSIGNAL) = 428
30352 1783930096.680589 sendmsg(67, {msg_name=NULL, msg_namelen=0, msg_iov=[{iov_base="l\1\1\1\0\1\0\0s\0\0\0\235\0\0\0\1\1o\0;\0\0\0/re/frid"..., iov_len=432}], msg_iovlen=1, msg_controllen=0, msg_flags=0}, MSG_NOSIGNAL) = 432
30352 1783930096.689935 sendmsg(67, {msg_name=NULL, msg_namelen=0, msg_iov=[{iov_base="l\1\1\1\374\0\0\0t\0\0\0\235\0\0\0\1\1o\0;\0\0\0/re/frid"..., iov_len=428}], msg_iovlen=1, msg_controllen=0, msg_flags=0}, MSG_NOSIGNAL) = 428
30352 1783930096.694269 sendmsg(67, {msg_name=NULL, msg_namelen=0, msg_iov=[{iov_base="l\1\1\1\0\1\0\0u\0\0\0\235\0\0\0\1\1o\0;\0\0\0/re/frid"..., iov_len=432}], msg_iovlen=1, msg_controllen=0, msg_flags=0}, MSG_NOSIGNAL) = 432
30352 1783930096.702713 sendmsg(67, {msg_name=NULL, msg_namelen=0, msg_iov=[{iov_base="l\1\1\1\374\0\0\0v\0\0\0\235\0\0\0\1\1o\0;\0\0\0/re/frid"..., iov_len=428}], msg_iovlen=1, msg_controllen=0, msg_flags=0}, MSG_NOSIGNAL) = 428
30352 1783930096.707581 sendmsg(67, {msg_name=NULL, msg_namelen=0, msg_iov=[{iov_base="l\1\1\1\0\1\0\0w\0\0\0\235\0\0\0\1\1o\0;\0\0\0/re/frid"..., iov_len=432}], msg_iovlen=1, msg_controllen=0, msg_flags=0}, MSG_NOSIGNAL) = 432
30352 1783930096.711777 sendmsg(67, {msg_name=NULL, msg_namelen=0, msg_iov=[{iov_base="l\1\1\1\374\0\0\0x\0\0\0\235\0\0\0\1\1o\0;\0\0\0/re/frid"..., iov_len=428}], msg_iovlen=1, msg_controllen=0, msg_flags=0}, MSG_NOSIGNAL) = 428
30352 1783930096.716546 sendmsg(67, {msg_name=NULL, msg_namelen=0, msg_iov=[{iov_base="l\1\1\1\0\1\0\0y\0\0\0\235\0\0\0\1\1o\0;\0\0\0/re/frid"..., iov_len=432}], msg_iovlen=1, msg_controllen=0, msg_flags=0}, MSG_NOSIGNAL) = 432
30352 1783930096.721152 sendmsg(67, {msg_name=NULL, msg_namelen=0, msg_iov=[{iov_base="l\1\1\1\374\0\0\0z\0\0\0\235\0\0\0\1\1o\0;\0\0\0/re/frid"..., iov_len=428}], msg_iovlen=1, msg_controllen=0, msg_flags=0}, MSG_NOSIGNAL) = 428
30352 1783930096.725631 sendmsg(67, {msg_name=NULL, msg_namelen=0, msg_iov=[{iov_base="l\1\1\1\0\1\0\0{\0\0\0\235\0\0\0\1\1o\0;\0\0\0/re/frid"..., iov_len=432}], msg_iovlen=1, msg_controllen=0, msg_flags=0}, MSG_NOSIGNAL) = 432
30352 1783930096.730660 sendmsg(67, {msg_name=NULL, msg_namelen=0, msg_iov=[{iov_base="l\1\1\1\374\0\0\0|\0\0\0\235\0\0\0\1\1o\0;\0\0\0/re/frid"..., iov_len=428}], msg_iovlen=1, msg_controllen=0, msg_flags=0}, MSG_NOSIGNAL) = 428
30352 1783930096.735384 sendmsg(67, {msg_name=NULL, msg_namelen=0, msg_iov=[{iov_base="l\1\1\1\0\1\0\0}\0\0\0\235\0\0\0\1\1o\0;\0\0\0/re/frid"..., iov_len=432}], msg_iovlen=1, msg_controllen=0, msg_flags=0}, MSG_NOSIGNAL) = 432
30352 1783930096.739678 sendmsg(67, {msg_name=NULL, msg_namelen=0, msg_iov=[{iov_base="l\1\1\1\374\0\0\0~\0\0\0\235\0\0\0\1\1o\0;\0\0\0/re/frid"..., iov_len=428}], msg_iovlen=1, msg_controllen=0, msg_flags=0}, MSG_NOSIGNAL) = 428
30352 1783930096.744082 sendmsg(67, {msg_name=NULL, msg_namelen=0, msg_iov=[{iov_base="l\1\1\1\0\1\0\0\177\0\0\0\235\0\0\0\1\1o\0;\0\0\0/re/frid"..., iov_len=432}], msg_iovlen=1, msg_controllen=0, msg_flags=0}, MSG_NOSIGNAL) = 432
30352 1783930096.749038 sendmsg(67, {msg_name=NULL, msg_namelen=0, msg_iov=[{iov_base="l\1\1\1\374\0\0\0\200\0\0\0\235\0\0\0\1\1o\0;\0\0\0/re/frid"..., iov_len=428}], msg_iovlen=1, msg_controllen=0, msg_flags=0}, MSG_NOSIGNAL) = 428
30352 1783930096.753014 sendmsg(67, {msg_name=NULL, msg_namelen=0, msg_iov=[{iov_base="l\1\1\1\0\1\0\0\201\0\0\0\235\0\0\0\1\1o\0;\0\0\0/re/frid"..., iov_len=432}], msg_iovlen=1, msg_controllen=0, msg_flags=0}, MSG_NOSIGNAL) = 432
30352 1783930096.757255 sendmsg(67, {msg_name=NULL, msg_namelen=0, msg_iov=[{iov_base="l\1\1\1\374\0\0\0\202\0\0\0\235\0\0\0\1\1o\0;\0\0\0/re/frid"..., iov_len=428}], msg_iovlen=1, msg_controllen=0, msg_flags=0}, MSG_NOSIGNAL) = 428
30352 1783930096.761660 sendmsg(67, {msg_name=NULL, msg_namelen=0, msg_iov=[{iov_base="l\1\1\1\0\1\0\0\203\0\0\0\235\0\0\0\1\1o\0;\0\0\0/re/frid"..., iov_len=432}], msg_iovlen=1, msg_controllen=0, msg_flags=0}, MSG_NOSIGNAL) = 432
30352 1783930096.765772 sendmsg(67, {msg_name=NULL, msg_namelen=0, msg_iov=[{iov_base="l\1\1\1\374\0\0\0\204\0\0\0\235\0\0\0\1\1o\0;\0\0\0/re/frid"..., iov_len=428}], msg_iovlen=1, msg_controllen=0, msg_flags=0}, MSG_NOSIGNAL) = 428
30352 1783930096.770217 sendmsg(67, {msg_name=NULL, msg_namelen=0, msg_iov=[{iov_base="l\1\1\1\0\1\0\0\205\0\0\0\235\0\0\0\1\1o\0;\0\0\0/re/frid"..., iov_len=432}], msg_iovlen=1, msg_controllen=0, msg_flags=0}, MSG_NOSIGNAL) = 432
30352 1783930096.774502 sendmsg(67, {msg_name=NULL, msg_namelen=0, msg_iov=[{iov_base="l\1\1\1\374\0\0\0\206\0\0\0\235\0\0\0\1\1o\0;\0\0\0/re/frid"..., iov_len=428}], msg_iovlen=1, msg_controllen=0, msg_flags=0}, MSG_NOSIGNAL) = 428
30352 1783930096.779087 sendmsg(67, {msg_name=NULL, msg_namelen=0, msg_iov=[{iov_base="l\1\1\1\0\1\0\0\207\0\0\0\235\0\0\0\1\1o\0;\0\0\0/re/frid"..., iov_len=432}], msg_iovlen=1, msg_controllen=0, msg_flags=0}, MSG_NOSIGNAL) = 432
30352 1783930096.784714 sendmsg(67, {msg_name=NULL, msg_namelen=0, msg_iov=[{iov_base="l\1\1\1\374\0\0\0\210\0\0\0\235\0\0\0\1\1o\0;\0\0\0/re/frid"..., iov_len=428}], msg_iovlen=1, msg_controllen=0, msg_flags=0}, MSG_NOSIGNAL) = 428
30352 1783930096.788327 sendmsg(67, {msg_name=NULL, msg_namelen=0, msg_iov=[{iov_base="l\1\1\1\0\1\0\0\211\0\0\0\235\0\0\0\1\1o\0;\0\0\0/re/frid"..., iov_len=432}], msg_iovlen=1, msg_controllen=0, msg_flags=0}, MSG_NOSIGNAL) = 432
30352 1783930096.792803 sendmsg(67, {msg_name=NULL, msg_namelen=0, msg_iov=[{iov_base="l\1\1\1\374\0\0\0\212\0\0\0\235\0\0\0\1\1o\0;\0\0\0/re/frid"..., iov_len=428}], msg_iovlen=1, msg_controllen=0, msg_flags=0}, MSG_NOSIGNAL) = 428
30352 1783930096.798101 sendmsg(67, {msg_name=NULL, msg_namelen=0, msg_iov=[{iov_base="l\1\1\1\0\1\0\0\213\0\0\0\235\0\0\0\1\1o\0;\0\0\0/re/frid"..., iov_len=432}], msg_iovlen=1, msg_controllen=0, msg_flags=0}, MSG_NOSIGNAL) = 432
30352 1783930096.801530 sendmsg(67, {msg_name=NULL, msg_namelen=0, msg_iov=[{iov_base="l\1\1\1\374\0\0\0\214\0\0\0\235\0\0\0\1\1o\0;\0\0\0/re/frid"..., iov_len=428}], msg_iovlen=1, msg_controllen=0, msg_flags=0}, MSG_NOSIGNAL) = 428
30352 1783930096.806268 sendmsg(67, {msg_name=NULL, msg_namelen=0, msg_iov=[{iov_base="l\1\1\1\0\1\0\0\215\0\0\0\235\0\0\0\1\1o\0;\0\0\0/re/frid"..., iov_len=432}], msg_iovlen=1, msg_controllen=0, msg_flags=0}, MSG_NOSIGNAL) = 432
30352 1783930096.811700 sendmsg(67, {msg_name=NULL, msg_namelen=0, msg_iov=[{iov_base="l\1\1\1\374\0\0\0\216\0\0\0\235\0\0\0\1\1o\0;\0\0\0/re/frid"..., iov_len=428}], msg_iovlen=1, msg_controllen=0, msg_flags=0}, MSG_NOSIGNAL) = 428
30352 1783930096.815169 sendmsg(67, {msg_name=NULL, msg_namelen=0, msg_iov=[{iov_base="l\1\1\1\0\1\0\0\217\0\0\0\235\0\0\0\1\1o\0;\0\0\0/re/frid"..., iov_len=432}], msg_iovlen=1, msg_controllen=0, msg_flags=0}, MSG_NOSIGNAL) = 432
30352 1783930096.819523 sendmsg(67, {msg_name=NULL, msg_namelen=0, msg_iov=[{iov_base="l\1\1\1\374\0\0\0\220\0\0\0\235\0\0\0\1\1o\0;\0\0\0/re/frid"..., iov_len=428}], msg_iovlen=1, msg_controllen=0, msg_flags=0}, MSG_NOSIGNAL) = 428
30352 1783930096.824169 sendmsg(67, {msg_name=NULL, msg_namelen=0, msg_iov=[{iov_base="l\1\1\1\0\1\0\0\221\0\0\0\235\0\0\0\1\1o\0;\0\0\0/re/frid"..., iov_len=432}], msg_iovlen=1, msg_controllen=0, msg_flags=0}, MSG_NOSIGNAL) = 432
30352 1783930096.828740 sendmsg(67, {msg_name=NULL, msg_namelen=0, msg_iov=[{iov_base="l\1\1\1\374\0\0\0\222\0\0\0\235\0\0\0\1\1o\0;\0\0\0/re/frid"..., iov_len=428}], msg_iovlen=1, msg_controllen=0, msg_flags=0}, MSG_NOSIGNAL) = 428
30352 1783930096.832821 sendmsg(67, {msg_name=NULL, msg_namelen=0, msg_iov=[{iov_base="l\1\1\1\0\1\0\0\223\0\0\0\235\0\0\0\1\1o\0;\0\0\0/re/frid"..., iov_len=432}], msg_iovlen=1, msg_controllen=0, msg_flags=0}, MSG_NOSIGNAL) = 432
30352 1783930096.837898 sendmsg(67, {msg_name=NULL, msg_namelen=0, msg_iov=[{iov_base="l\1\1\1\374\0\0\0\224\0\0\0\235\0\0\0\1\1o\0;\0\0\0/re/frid"..., iov_len=428}], msg_iovlen=1, msg_controllen=0, msg_flags=0}, MSG_NOSIGNAL) = 428
30352 1783930096.842125 sendmsg(67, {msg_name=NULL, msg_namelen=0, msg_iov=[{iov_base="l\1\1\1\0\1\0\0\225\0\0\0\235\0\0\0\1\1o\0;\0\0\0/re/frid"..., iov_len=432}], msg_iovlen=1, msg_controllen=0, msg_flags=0}, MSG_NOSIGNAL) = 432
30352 1783930096.846360 sendmsg(67, {msg_name=NULL, msg_namelen=0, msg_iov=[{iov_base="l\1\1\1\374\0\0\0\226\0\0\0\235\0\0\0\1\1o\0;\0\0\0/re/frid"..., iov_len=428}], msg_iovlen=1, msg_controllen=0, msg_flags=0}, MSG_NOSIGNAL) = 428
30352 1783930096.850678 sendmsg(67, {msg_name=NULL, msg_namelen=0, msg_iov=[{iov_base="l\1\1\1\0\1\0\0\227\0\0\0\235\0\0\0\1\1o\0;\0\0\0/re/frid"..., iov_len=432}], msg_iovlen=1, msg_controllen=0, msg_flags=0}, MSG_NOSIGNAL) = 432
30352 1783930096.855614 sendmsg(67, {msg_name=NULL, msg_namelen=0, msg_iov=[{iov_base="l\1\1\1\374\0\0\0\230\0\0\0\235\0\0\0\1\1o\0;\0\0\0/re/frid"..., iov_len=428}], msg_iovlen=1, msg_controllen=0, msg_flags=0}, MSG_NOSIGNAL) = 428
30352 1783930096.860723 sendmsg(67, {msg_name=NULL, msg_namelen=0, msg_iov=[{iov_base="l\1\1\1\0\1\0\0\231\0\0\0\235\0\0\0\1\1o\0;\0\0\0/re/frid"..., iov_len=432}], msg_iovlen=1, msg_controllen=0, msg_flags=0}, MSG_NOSIGNAL) = 432
30352 1783930096.865799 sendmsg(67, {msg_name=NULL, msg_namelen=0, msg_iov=[{iov_base="l\1\1\1\0\1\0\0\232\0\0\0\235\0\0\0\1\1o\0;\0\0\0/re/frid"..., iov_len=432}], msg_iovlen=1, msg_controllen=0, msg_flags=0}, MSG_NOSIGNAL) = 432
30352 1783930096.871048 sendmsg(67, {msg_name=NULL, msg_namelen=0, msg_iov=[{iov_base="l\1\1\1\0\1\0\0\233\0\0\0\235\0\0\0\1\1o\0;\0\0\0/re/frid"..., iov_len=432}], msg_iovlen=1, msg_controllen=0, msg_flags=0}, MSG_NOSIGNAL) = 432
30352 1783930096.874651 sendmsg(67, {msg_name=NULL, msg_namelen=0, msg_iov=[{iov_base="l\1\1\1\0\1\0\0\234\0\0\0\235\0\0\0\1\1o\0;\0\0\0/re/frid"..., iov_len=432}], msg_iovlen=1, msg_controllen=0, msg_flags=0}, MSG_NOSIGNAL) = 432
30352 1783930096.878934 sendmsg(67, {msg_name=NULL, msg_namelen=0, msg_iov=[{iov_base="l\1\1\1\0\1\0\0\235\0\0\0\235\0\0\0\1\1o\0;\0\0\0/re/frid"..., iov_len=432}], msg_iovlen=1, msg_controllen=0, msg_flags=0}, MSG_NOSIGNAL) = 432
30352 1783930096.885281 sendmsg(67, {msg_name=NULL, msg_namelen=0, msg_iov=[{iov_base="l\1\1\1\0\1\0\0\236\0\0\0\235\0\0\0\1\1o\0;\0\0\0/re/frid"..., iov_len=432}], msg_iovlen=1, msg_controllen=0, msg_flags=0}, MSG_NOSIGNAL) = 432
30352 1783930096.890402 sendmsg(67, {msg_name=NULL, msg_namelen=0, msg_iov=[{iov_base="l\1\1\1\0\1\0\0\237\0\0\0\235\0\0\0\1\1o\0;\0\0\0/re/frid"..., iov_len=432}], msg_iovlen=1, msg_controllen=0, msg_flags=0}, MSG_NOSIGNAL) = 432
30352 1783930096.895257 sendmsg(67, {msg_name=NULL, msg_namelen=0, msg_iov=[{iov_base="l\1\1\1\0\1\0\0\240\0\0\0\235\0\0\0\1\1o\0;\0\0\0/re/frid"..., iov_len=432}], msg_iovlen=1, msg_controllen=0, msg_flags=0}, MSG_NOSIGNAL) = 432
30352 1783930096.900372 sendmsg(67, {msg_name=NULL, msg_namelen=0, msg_iov=[{iov_base="l\1\1\1\0\1\0\0\241\0\0\0\235\0\0\0\1\1o\0;\0\0\0/re/frid"..., iov_len=432}], msg_iovlen=1, msg_controllen=0, msg_flags=0}, MSG_NOSIGNAL) = 432
30314 1783930096.941125 recvfrom(38, "nysv\0\0\0\0\0\0\0\0\0\0\0\0)\313u\374\33\2\0\0\201\35\2\0\0\0\0\0", 3200, MSG_DONTWAIT, NULL, NULL) = 32
30314 1783930096.941302 recvfrom(38, 0x7fd67ab450, 3200, MSG_DONTWAIT, NULL, NULL) = -1 EAGAIN (Try again)
30314 1783930096.947140 recvfrom(70, 0x70704dc420, 2272, MSG_DONTWAIT, NULL, NULL) = -1 EAGAIN (Try again)
30314 1783930096.947387 recvfrom(38, 0x7fd67ab3b0, 3200, MSG_DONTWAIT, NULL, NULL) = -1 EAGAIN (Try again)
30314 1783930096.952962 recvfrom(38, "nysv\0\0\0\0\0\0\0\0\0\0\0\0\234\314O\26\34\2\0\0\233\35\2\0\0\0\0\0", 3200, MSG_DONTWAIT, NULL, NULL) = 32
30314 1783930096.953320 recvfrom(38, 0x7fd67ab450, 3200, MSG_DONTWAIT, NULL, NULL) = -1 EAGAIN (Try again)
30314 1783930096.953637 recvfrom(70, 0x70704dc420, 2272, MSG_DONTWAIT, NULL, NULL) = -1 EAGAIN (Try again)
30314 1783930096.954076 recvfrom(38, 0x7fd67ab3b0, 3200, MSG_DONTWAIT, NULL, NULL) = -1 EAGAIN (Try again)
30314 1783930096.969709 recvfrom(38, "nysv\0\0\0\0\0\0\0\0\0\0\0\0qAN\27\34\2\0\0\234\35\2\0\0\0\0\0", 3200, MSG_DONTWAIT, NULL, NULL) = 32
30314 1783930096.969979 recvfrom(38, 0x7fd67ab450, 3200, MSG_DONTWAIT, NULL, NULL) = -1 EAGAIN (Try again)
30314 1783930096.970489 recvfrom(38, 0x7fd67ab3b0, 3200, MSG_DONTWAIT, NULL, NULL) = -1 EAGAIN (Try again)
30314 1783930096.986156 recvfrom(38, "nysv\0\0\0\0\0\0\0\0\0\0\0\0Q\274L\30\34\2\0\0\235\35\2\0\0\0\0\0", 3200, MSG_DONTWAIT, NULL, NULL) = 32
30314 1783930096.986457 recvfrom(38, 0x7fd67ab450, 3200, MSG_DONTWAIT, NULL, NULL) = -1 EAGAIN (Try again)
30314 1783930096.986863 recvfrom(38, 0x7fd67ab3b0, 3200, MSG_DONTWAIT, NULL, NULL) = -1 EAGAIN (Try again)
30314 1783930097.006571 recvfrom(38, "nysv\0\0\0\0\0\0\0\0\0\0\0\0qRJ\31\34\2\0\0\236\35\2\0\0\0\0\0", 3200, MSG_DONTWAIT, NULL, NULL) = 32
30314 1783930097.006899 recvfrom(38, 0x7fd67ab450, 3200, MSG_DONTWAIT, NULL, NULL) = -1 EAGAIN (Try again)
30314 1783930097.007198 recvfrom(38, 0x7fd67ab3b0, 3200, MSG_DONTWAIT, NULL, NULL) = -1 EAGAIN (Try again)
30314 1783930097.020724 recvfrom(38, "nysv\0\0\0\0\0\0\0\0\0\0\0\0\226GH\32\34\2\0\0\237\35\2\0\0\0\0\0", 3200, MSG_DONTWAIT, NULL, NULL) = 32
30314 1783930097.021012 recvfrom(38, 0x7fd67ab450, 3200, MSG_DONTWAIT, NULL, NULL) = -1 EAGAIN (Try again)
30314 1783930097.021442 recvfrom(38, 0x7fd67ab3b0, 3200, MSG_DONTWAIT, NULL, NULL) = -1 EAGAIN (Try again)
30314 1783930097.038753 recvfrom(38, "nysv\0\0\0\0\0\0\0\0\0\0\0\0k5F\33\34\2\0\0\240\35\2\0\0\0\0\0", 3200, MSG_DONTWAIT, NULL, NULL) = 32
30314 1783930097.039087 recvfrom(38, 0x7fd67ab450, 3200, MSG_DONTWAIT, NULL, NULL) = -1 EAGAIN (Try again)
30314 1783930097.358464 recvfrom(38, 0x7fd67ab4a0, 3200, MSG_DONTWAIT, NULL, NULL) = -1 EAGAIN (Try again)
30314 1783930097.369993 recvfrom(38, "nysv\0\0\0\0\0\0\0\0\0\0\0\0\277\351\"/\34\2\0\0\264\35\2\0\0\0\0\0", 3200, MSG_DONTWAIT, NULL, NULL) = 32
30314 1783930097.370630 recvfrom(38, 0x7fd67ab450, 3200, MSG_DONTWAIT, NULL, NULL) = -1 EAGAIN (Try again)
30314 1783930097.372837 recvfrom(46, 0x7105d93420, 2272, MSG_DONTWAIT, NULL, NULL) = -1 EAGAIN (Try again)
30314 1783930097.386433 recvfrom(38, 0x7fd67ab1d0, 3200, MSG_DONTWAIT, NULL, NULL) = -1 EAGAIN (Try again)
30314 1783930097.404837 recvfrom(38, "nysv\0\0\0\0\0\0\0\0\0\0\0\0\367q\0371\34\2\0\0\266\35\2\0\0\0\0\0", 3200, MSG_DONTWAIT, NULL, NULL) = 32
30314 1783930097.405377 recvfrom(38, 0x7fd67ab450, 3200, MSG_DONTWAIT, NULL, NULL) = -1 EAGAIN (Try again)
30314 1783930097.405737 recvfrom(46, 0x7105d93420, 2272, MSG_DONTWAIT, NULL, NULL) = -1 EAGAIN (Try again)
30331 1783930100.052845 clone(child_stack=0x7027945d40, flags=CLONE_VM|CLONE_FS|CLONE_FILES|CLONE_SIGHAND|CLONE_THREAD|CLONE_SYSVSEM|CLONE_SETTLS|CLONE_PARENT_SETTID|CLONE_CHILD_CLEARTID, parent_tidptr=0x7027945d60, tls=0x7027946020, child_tidptr=0x7027945d60) = 30433
30433 1783930100.054560 openat(AT_FDCWD, "/proc/30433/timerslack_ns", O_WRONLY|O_CREAT|O_TRUNC|O_NOFOLLOW|O_CLOEXEC, 0666) = 51
30314 1783930116.169991 recvfrom(70, "\2\0\0\0\0\0\0\0\361\7\0\0\0\0\0\0@\300\261\217 \2\0\0\1\0\0\0\2\20\0\0"..., 2272, MSG_DONTWAIT, NULL, NULL) = 232
30314 1783930116.171116 recvfrom(38, 0x7fd67a8960, 3200, MSG_DONTWAIT, NULL, NULL) = -1 EAGAIN (Try again)
30314 1783930116.172069 sendto(70, "\3\0\0\0\0\0\0\0\361\7\0\0\1\0\0\0", 16, MSG_DONTWAIT|MSG_NOSIGNAL, NULL, 0) = 16
30314 1783930116.172310 recvfrom(70, 0x70704dc420, 2272, MSG_DONTWAIT, NULL, NULL) = -1 EAGAIN (Try again)
30314 1783930116.172712 recvfrom(70, "\2\0\0\0\0\0\0\0\363\7\0\0\0\0\0\0@\300\261\217 \2\0\0\1\0\0\0\2\20\0\0"..., 2272, MSG_DONTWAIT, NULL, NULL) = 232
30314 1783930116.172883 sendto(70, "\3\0\0\0\0\0\0\0\363\7\0\0\1\0\0\0", 16, MSG_DONTWAIT|MSG_NOSIGNAL, NULL, 0) = 16
30314 1783930116.173154 recvfrom(70, 0x70704dc420, 2272, MSG_DONTWAIT, NULL, NULL) = -1 EAGAIN (Try again)
30314 1783930116.185309 recvfrom(38, "nysv\0\0\0\0\0\0\0\0\0\0\0\0\244\327\255\220 \2\0\0\35\"\2\0\0\0\0\0", 3200, MSG_DONTWAIT, NULL, NULL) = 32
30314 1783930116.185489 recvfrom(38, 0x7fd67ab450, 3200, MSG_DONTWAIT, NULL, NULL) = -1 EAGAIN (Try again)
30314 1783930116.185779 recvfrom(70, 0x70704dc420, 2272, MSG_DONTWAIT, NULL, NULL) = -1 EAGAIN (Try again)
30314 1783930116.194580 recvfrom(38, 0x7fd67a9cb0, 3200, MSG_DONTWAIT, NULL, NULL) = -1 EAGAIN (Try again)
30314 1783930116.203147 recvfrom(38, "nysv\0\0\0\0\0\0\0\0\0\0\0\0\307W\254\221 \2\0\0\36\"\2\0\0\0\0\0", 3200, MSG_DONTWAIT, NULL, NULL) = 32
30314 1783930116.203381 recvfrom(38, 0x7fd67ab450, 3200, MSG_DONTWAIT, NULL, NULL) = -1 EAGAIN (Try again)
30314 1783930116.203750 recvfrom(70, 0x70704dc420, 2272, MSG_DONTWAIT, NULL, NULL) = -1 EAGAIN (Try again)
30314 1783930116.203900 recvfrom(55, 0x7070575020, 2272, MSG_DONTWAIT, NULL, NULL) = -1 EAGAIN (Try again)
30314 1783930116.272363 recvfrom(38, 0x7fd67ab4a0, 3200, MSG_DONTWAIT, NULL, NULL) = -1 EAGAIN (Try again)
30314 1783930116.286236 recvfrom(38, "nysv\0\0\0\0\0\0\0\0\0\0\0\0M[\245\226 \2\0\0#\"\2\0\0\0\0\0", 3200, MSG_DONTWAIT, NULL, NULL) = 32
30314 1783930116.286413 recvfrom(38, 0x7fd67ab450, 3200, MSG_DONTWAIT, NULL, NULL) = -1 EAGAIN (Try again)
30314 1783930116.286688 recvfrom(55, 0x7070575020, 2272, MSG_DONTWAIT, NULL, NULL) = -1 EAGAIN (Try again)
30314 1783930118.198267 recvfrom(38, 0x7fd67aaf70, 3200, MSG_DONTWAIT, NULL, NULL) = -1 EAGAIN (Try again)
30314 1783930118.210151 recvfrom(38, "nysv\0\0\0\0\0\0\0\0\0\0\0\0\221\t\343\10!\2\0\0\226\"\2\0\0\0\0\0", 3200, MSG_DONTWAIT, NULL, NULL) = 32
30314 1783930118.210315 recvfrom(38, 0x7fd67ab450, 3200, MSG_DONTWAIT, NULL, NULL) = -1 EAGAIN (Try again)
30335 1783930118.289770 openat(AT_FDCWD, "/data/misc/profiles/cur/0/app.notesr/primary.prof", O_RDWR|O_NOFOLLOW|O_CLOEXEC) = 51
30335 1783930118.289900 newfstatat(AT_FDCWD, "/data/misc/profiles/cur/0/app.notesr/primary.prof", {st_mode=S_IFREG|0600, st_size=6980, ...}, 0) = 0
30314 1783930128.147032 recvfrom(70, "\2\0\0\0\0\0\0\0\367\7\0\0\0\0\0\0@\2\205Y#\2\0\0\1\0\0\0\2\20\0\0"..., 2272, MSG_DONTWAIT, NULL, NULL) = 232
30314 1783930128.147594 recvfrom(38, 0x7fd67a8960, 3200, MSG_DONTWAIT, NULL, NULL) = -1 EAGAIN (Try again)
30314 1783930128.148198 sendto(70, "\3\0\0\0\0\0\0\0\367\7\0\0\1\0\0\0", 16, MSG_DONTWAIT|MSG_NOSIGNAL, NULL, 0) = 16
30314 1783930128.148461 recvfrom(70, 0x70704dc420, 2272, MSG_DONTWAIT, NULL, NULL) = -1 EAGAIN (Try again)
30314 1783930128.148986 recvfrom(70, "\2\0\0\0\0\0\0\0\371\7\0\0\0\0\0\0@\2\205Y#\2\0\0\1\0\0\0\2\20\0\0"..., 2272, MSG_DONTWAIT, NULL, NULL) = 232
30314 1783930128.149156 sendto(70, "\3\0\0\0\0\0\0\0\371\7\0\0\1\0\0\0", 16, MSG_DONTWAIT|MSG_NOSIGNAL, NULL, 0) = 16
30314 1783930128.149455 recvfrom(70, 0x70704dc420, 2272, MSG_DONTWAIT, NULL, NULL) = -1 EAGAIN (Try again)
30314 1783930128.152154 recvfrom(38, "nysv\0\0\0\0\0\0\0\0\0\0\0\0\2\37\363Y#\2\0\0\353$\2\0\0\0\0\0", 3200, MSG_DONTWAIT, NULL, NULL) = 32
30314 1783930128.152317 recvfrom(38, 0x7fd67ab450, 3200, MSG_DONTWAIT, NULL, NULL) = -1 EAGAIN (Try again)
30314 1783930128.152651 recvfrom(70, 0x70704dc420, 2272, MSG_DONTWAIT, NULL, NULL) = -1 EAGAIN (Try again)
30314 1783930128.159107 recvfrom(38, 0x7fd67aa750, 3200, MSG_DONTWAIT, NULL, NULL) = -1 EAGAIN (Try again)
30352 1783930128.167859 sendmsg(67, {msg_name=NULL, msg_namelen=0, msg_iov=[{iov_base="l\1\1\1\374\0\0\0\242\0\0\0\235\0\0\0\1\1o\0;\0\0\0/re/frid"..., iov_len=428}], msg_iovlen=1, msg_controllen=0, msg_flags=0}, MSG_NOSIGNAL) = 428
30352 1783930128.179677 sendmsg(67, {msg_name=NULL, msg_namelen=0, msg_iov=[{iov_base="l\1\1\1\0\1\0\0\243\0\0\0\235\0\0\0\1\1o\0;\0\0\0/re/frid"..., iov_len=432}], msg_iovlen=1, msg_controllen=0, msg_flags=0}, MSG_NOSIGNAL) = 432
30352 1783930128.188298 sendmsg(67, {msg_name=NULL, msg_namelen=0, msg_iov=[{iov_base="l\1\1\1\374\0\0\0\244\0\0\0\235\0\0\0\1\1o\0;\0\0\0/re/frid"..., iov_len=428}], msg_iovlen=1, msg_controllen=0, msg_flags=0}, MSG_NOSIGNAL) = 428
30352 1783930128.197578 sendmsg(67, {msg_name=NULL, msg_namelen=0, msg_iov=[{iov_base="l\1\1\1\0\1\0\0\245\0\0\0\235\0\0\0\1\1o\0;\0\0\0/re/frid"..., iov_len=432}], msg_iovlen=1, msg_controllen=0, msg_flags=0}, MSG_NOSIGNAL) = 432
30352 1783930128.204886 sendmsg(67, {msg_name=NULL, msg_namelen=0, msg_iov=[{iov_base="l\1\1\1\374\0\0\0\246\0\0\0\235\0\0\0\1\1o\0;\0\0\0/re/frid"..., iov_len=428}], msg_iovlen=1, msg_controllen=0, msg_flags=0}, MSG_NOSIGNAL) = 428
30352 1783930128.213555 sendmsg(67, {msg_name=NULL, msg_namelen=0, msg_iov=[{iov_base="l\1\1\1\0\1\0\0\247\0\0\0\235\0\0\0\1\1o\0;\0\0\0/re/frid"..., iov_len=432}], msg_iovlen=1, msg_controllen=0, msg_flags=0}, MSG_NOSIGNAL) = 432
30352 1783930128.221547 sendmsg(67, {msg_name=NULL, msg_namelen=0, msg_iov=[{iov_base="l\1\1\1\374\0\0\0\250\0\0\0\235\0\0\0\1\1o\0;\0\0\0/re/frid"..., iov_len=428}], msg_iovlen=1, msg_controllen=0, msg_flags=0}, MSG_NOSIGNAL) = 428
30352 1783930128.230892 sendmsg(67, {msg_name=NULL, msg_namelen=0, msg_iov=[{iov_base="l\1\1\1\0\1\0\0\251\0\0\0\235\0\0\0\1\1o\0;\0\0\0/re/frid"..., iov_len=432}], msg_iovlen=1, msg_controllen=0, msg_flags=0}, MSG_NOSIGNAL) = 432
30352 1783930128.238140 sendmsg(67, {msg_name=NULL, msg_namelen=0, msg_iov=[{iov_base="l\1\1\1\374\0\0\0\252\0\0\0\235\0\0\0\1\1o\0;\0\0\0/re/frid"..., iov_len=428}], msg_iovlen=1, msg_controllen=0, msg_flags=0}, MSG_NOSIGNAL) = 428
30352 1783930128.246703 sendmsg(67, {msg_name=NULL, msg_namelen=0, msg_iov=[{iov_base="l\1\1\1\0\1\0\0\253\0\0\0\235\0\0\0\1\1o\0;\0\0\0/re/frid"..., iov_len=432}], msg_iovlen=1, msg_controllen=0, msg_flags=0}, MSG_NOSIGNAL) = 432
30352 1783930128.253882 sendmsg(67, {msg_name=NULL, msg_namelen=0, msg_iov=[{iov_base="l\1\1\1\374\0\0\0\254\0\0\0\235\0\0\0\1\1o\0;\0\0\0/re/frid"..., iov_len=428}], msg_iovlen=1, msg_controllen=0, msg_flags=0}, MSG_NOSIGNAL) = 428
30352 1783930128.262902 sendmsg(67, {msg_name=NULL, msg_namelen=0, msg_iov=[{iov_base="l\1\1\1\0\1\0\0\255\0\0\0\235\0\0\0\1\1o\0;\0\0\0/re/frid"..., iov_len=432}], msg_iovlen=1, msg_controllen=0, msg_flags=0}, MSG_NOSIGNAL) = 432
30352 1783930128.270136 sendmsg(67, {msg_name=NULL, msg_namelen=0, msg_iov=[{iov_base="l\1\1\1\374\0\0\0\256\0\0\0\235\0\0\0\1\1o\0;\0\0\0/re/frid"..., iov_len=428}], msg_iovlen=1, msg_controllen=0, msg_flags=0}, MSG_NOSIGNAL) = 428
30352 1783930128.277946 sendmsg(67, {msg_name=NULL, msg_namelen=0, msg_iov=[{iov_base="l\1\1\1\0\1\0\0\257\0\0\0\235\0\0\0\1\1o\0;\0\0\0/re/frid"..., iov_len=432}], msg_iovlen=1, msg_controllen=0, msg_flags=0}, MSG_NOSIGNAL) = 432
30352 1783930128.287882 sendmsg(67, {msg_name=NULL, msg_namelen=0, msg_iov=[{iov_base="l\1\1\1\374\0\0\0\260\0\0\0\235\0\0\0\1\1o\0;\0\0\0/re/frid"..., iov_len=428}], msg_iovlen=1, msg_controllen=0, msg_flags=0}, MSG_NOSIGNAL) = 428
30352 1783930128.295146 sendmsg(67, {msg_name=NULL, msg_namelen=0, msg_iov=[{iov_base="l\1\1\1\0\1\0\0\261\0\0\0\235\0\0\0\1\1o\0;\0\0\0/re/frid"..., iov_len=432}], msg_iovlen=1, msg_controllen=0, msg_flags=0}, MSG_NOSIGNAL) = 432
30352 1783930128.304127 sendmsg(67, {msg_name=NULL, msg_namelen=0, msg_iov=[{iov_base="l\1\1\1\374\0\0\0\262\0\0\0\235\0\0\0\1\1o\0;\0\0\0/re/frid"..., iov_len=428}], msg_iovlen=1, msg_controllen=0, msg_flags=0}, MSG_NOSIGNAL) = 428
30352 1783930128.311673 sendmsg(67, {msg_name=NULL, msg_namelen=0, msg_iov=[{iov_base="l\1\1\1\0\1\0\0\263\0\0\0\235\0\0\0\1\1o\0;\0\0\0/re/frid"..., iov_len=432}], msg_iovlen=1, msg_controllen=0, msg_flags=0}, MSG_NOSIGNAL) = 432
30352 1783930128.320907 sendmsg(67, {msg_name=NULL, msg_namelen=0, msg_iov=[{iov_base="l\1\1\1\374\0\0\0\264\0\0\0\235\0\0\0\1\1o\0;\0\0\0/re/frid"..., iov_len=428}], msg_iovlen=1, msg_controllen=0, msg_flags=0}, MSG_NOSIGNAL) = 428
30352 1783930128.329454 sendmsg(67, {msg_name=NULL, msg_namelen=0, msg_iov=[{iov_base="l\1\1\1\0\1\0\0\265\0\0\0\235\0\0\0\1\1o\0;\0\0\0/re/frid"..., iov_len=432}], msg_iovlen=1, msg_controllen=0, msg_flags=0}, MSG_NOSIGNAL) = 432
30352 1783930128.336566 sendmsg(67, {msg_name=NULL, msg_namelen=0, msg_iov=[{iov_base="l\1\1\1\374\0\0\0\266\0\0\0\235\0\0\0\1\1o\0;\0\0\0/re/frid"..., iov_len=428}], msg_iovlen=1, msg_controllen=0, msg_flags=0}, MSG_NOSIGNAL) = 428
30352 1783930128.347024 sendmsg(67, {msg_name=NULL, msg_namelen=0, msg_iov=[{iov_base="l\1\1\1\0\1\0\0\267\0\0\0\235\0\0\0\1\1o\0;\0\0\0/re/frid"..., iov_len=432}], msg_iovlen=1, msg_controllen=0, msg_flags=0}, MSG_NOSIGNAL) = 432
30352 1783930128.354950 sendmsg(67, {msg_name=NULL, msg_namelen=0, msg_iov=[{iov_base="l\1\1\1\374\0\0\0\270\0\0\0\235\0\0\0\1\1o\0;\0\0\0/re/frid"..., iov_len=428}], msg_iovlen=1, msg_controllen=0, msg_flags=0}, MSG_NOSIGNAL) = 428
30352 1783930128.364254 sendmsg(67, {msg_name=NULL, msg_namelen=0, msg_iov=[{iov_base="l\1\1\1\0\1\0\0\271\0\0\0\235\0\0\0\1\1o\0;\0\0\0/re/frid"..., iov_len=432}], msg_iovlen=1, msg_controllen=0, msg_flags=0}, MSG_NOSIGNAL) = 432
30352 1783930128.373334 sendmsg(67, {msg_name=NULL, msg_namelen=0, msg_iov=[{iov_base="l\1\1\1\374\0\0\0\272\0\0\0\235\0\0\0\1\1o\0;\0\0\0/re/frid"..., iov_len=428}], msg_iovlen=1, msg_controllen=0, msg_flags=0}, MSG_NOSIGNAL) = 428
30352 1783930128.382067 sendmsg(67, {msg_name=NULL, msg_namelen=0, msg_iov=[{iov_base="l\1\1\1\0\1\0\0\273\0\0\0\235\0\0\0\1\1o\0;\0\0\0/re/frid"..., iov_len=432}], msg_iovlen=1, msg_controllen=0, msg_flags=0}, MSG_NOSIGNAL) = 432
30352 1783930128.390098 sendmsg(67, {msg_name=NULL, msg_namelen=0, msg_iov=[{iov_base="l\1\1\1\374\0\0\0\274\0\0\0\235\0\0\0\1\1o\0;\0\0\0/re/frid"..., iov_len=428}], msg_iovlen=1, msg_controllen=0, msg_flags=0}, MSG_NOSIGNAL) = 428
30352 1783930128.397665 sendmsg(67, {msg_name=NULL, msg_namelen=0, msg_iov=[{iov_base="l\1\1\1\0\1\0\0\275\0\0\0\235\0\0\0\1\1o\0;\0\0\0/re/frid"..., iov_len=432}], msg_iovlen=1, msg_controllen=0, msg_flags=0}, MSG_NOSIGNAL) = 432
30352 1783930128.408145 sendmsg(67, {msg_name=NULL, msg_namelen=0, msg_iov=[{iov_base="l\1\1\1\374\0\0\0\276\0\0\0\235\0\0\0\1\1o\0;\0\0\0/re/frid"..., iov_len=428}], msg_iovlen=1, msg_controllen=0, msg_flags=0}, MSG_NOSIGNAL) = 428
30352 1783930128.415449 sendmsg(67, {msg_name=NULL, msg_namelen=0, msg_iov=[{iov_base="l\1\1\1\0\1\0\0\277\0\0\0\235\0\0\0\1\1o\0;\0\0\0/re/frid"..., iov_len=432}], msg_iovlen=1, msg_controllen=0, msg_flags=0}, MSG_NOSIGNAL) = 432
30352 1783930128.424122 sendmsg(67, {msg_name=NULL, msg_namelen=0, msg_iov=[{iov_base="l\1\1\1\374\0\0\0\300\0\0\0\235\0\0\0\1\1o\0;\0\0\0/re/frid"..., iov_len=428}], msg_iovlen=1, msg_controllen=0, msg_flags=0}, MSG_NOSIGNAL) = 428
30352 1783930128.433973 sendmsg(67, {msg_name=NULL, msg_namelen=0, msg_iov=[{iov_base="l\1\1\1\0\1\0\0\301\0\0\0\235\0\0\0\1\1o\0;\0\0\0/re/frid"..., iov_len=432}], msg_iovlen=1, msg_controllen=0, msg_flags=0}, MSG_NOSIGNAL) = 432
30352 1783930128.440433 sendmsg(67, {msg_name=NULL, msg_namelen=0, msg_iov=[{iov_base="l\1\1\1\374\0\0\0\302\0\0\0\235\0\0\0\1\1o\0;\0\0\0/re/frid"..., iov_len=428}], msg_iovlen=1, msg_controllen=0, msg_flags=0}, MSG_NOSIGNAL) = 428
30352 1783930128.450633 sendmsg(67, {msg_name=NULL, msg_namelen=0, msg_iov=[{iov_base="l\1\1\1\0\1\0\0\303\0\0\0\235\0\0\0\1\1o\0;\0\0\0/re/frid"..., iov_len=432}], msg_iovlen=1, msg_controllen=0, msg_flags=0}, MSG_NOSIGNAL) = 432
30352 1783930128.459297 sendmsg(67, {msg_name=NULL, msg_namelen=0, msg_iov=[{iov_base="l\1\1\1\374\0\0\0\304\0\0\0\235\0\0\0\1\1o\0;\0\0\0/re/frid"..., iov_len=428}], msg_iovlen=1, msg_controllen=0, msg_flags=0}, MSG_NOSIGNAL) = 428
30352 1783930128.465964 sendmsg(67, {msg_name=NULL, msg_namelen=0, msg_iov=[{iov_base="l\1\1\1\0\1\0\0\305\0\0\0\235\0\0\0\1\1o\0;\0\0\0/re/frid"..., iov_len=432}], msg_iovlen=1, msg_controllen=0, msg_flags=0}, MSG_NOSIGNAL) = 432
30352 1783930128.474337 sendmsg(67, {msg_name=NULL, msg_namelen=0, msg_iov=[{iov_base="l\1\1\1\374\0\0\0\306\0\0\0\235\0\0\0\1\1o\0;\0\0\0/re/frid"..., iov_len=428}], msg_iovlen=1, msg_controllen=0, msg_flags=0}, MSG_NOSIGNAL) = 428
30352 1783930128.481935 sendmsg(67, {msg_name=NULL, msg_namelen=0, msg_iov=[{iov_base="l\1\1\1\0\1\0\0\307\0\0\0\235\0\0\0\1\1o\0;\0\0\0/re/frid"..., iov_len=432}], msg_iovlen=1, msg_controllen=0, msg_flags=0}, MSG_NOSIGNAL) = 432
30352 1783930128.489523 sendmsg(67, {msg_name=NULL, msg_namelen=0, msg_iov=[{iov_base="l\1\1\1\374\0\0\0\310\0\0\0\235\0\0\0\1\1o\0;\0\0\0/re/frid"..., iov_len=428}], msg_iovlen=1, msg_controllen=0, msg_flags=0}, MSG_NOSIGNAL) = 428
30352 1783930128.496649 sendmsg(67, {msg_name=NULL, msg_namelen=0, msg_iov=[{iov_base="l\1\1\1\0\1\0\0\311\0\0\0\235\0\0\0\1\1o\0;\0\0\0/re/frid"..., iov_len=432}], msg_iovlen=1, msg_controllen=0, msg_flags=0}, MSG_NOSIGNAL) = 432
30352 1783930128.504185 sendmsg(67, {msg_name=NULL, msg_namelen=0, msg_iov=[{iov_base="l\1\1\1\374\0\0\0\312\0\0\0\235\0\0\0\1\1o\0;\0\0\0/re/frid"..., iov_len=428}], msg_iovlen=1, msg_controllen=0, msg_flags=0}, MSG_NOSIGNAL) = 428
30352 1783930128.511813 sendmsg(67, {msg_name=NULL, msg_namelen=0, msg_iov=[{iov_base="l\1\1\1\0\1\0\0\313\0\0\0\235\0\0\0\1\1o\0;\0\0\0/re/frid"..., iov_len=432}], msg_iovlen=1, msg_controllen=0, msg_flags=0}, MSG_NOSIGNAL) = 432
30352 1783930128.521268 sendmsg(67, {msg_name=NULL, msg_namelen=0, msg_iov=[{iov_base="l\1\1\1\374\0\0\0\314\0\0\0\235\0\0\0\1\1o\0;\0\0\0/re/frid"..., iov_len=428}], msg_iovlen=1, msg_controllen=0, msg_flags=0}, MSG_NOSIGNAL) = 428
30352 1783930128.530019 sendmsg(67, {msg_name=NULL, msg_namelen=0, msg_iov=[{iov_base="l\1\1\1\0\1\0\0\315\0\0\0\235\0\0\0\1\1o\0;\0\0\0/re/frid"..., iov_len=432}], msg_iovlen=1, msg_controllen=0, msg_flags=0}, MSG_NOSIGNAL) = 432
30352 1783930128.536157 sendmsg(67, {msg_name=NULL, msg_namelen=0, msg_iov=[{iov_base="l\1\1\1\374\0\0\0\316\0\0\0\235\0\0\0\1\1o\0;\0\0\0/re/frid"..., iov_len=428}], msg_iovlen=1, msg_controllen=0, msg_flags=0}, MSG_NOSIGNAL) = 428
30352 1783930128.544307 sendmsg(67, {msg_name=NULL, msg_namelen=0, msg_iov=[{iov_base="l\1\1\1\0\1\0\0\317\0\0\0\235\0\0\0\1\1o\0;\0\0\0/re/frid"..., iov_len=432}], msg_iovlen=1, msg_controllen=0, msg_flags=0}, MSG_NOSIGNAL) = 432
30352 1783930128.552656 sendmsg(67, {msg_name=NULL, msg_namelen=0, msg_iov=[{iov_base="l\1\1\1\374\0\0\0\320\0\0\0\235\0\0\0\1\1o\0;\0\0\0/re/frid"..., iov_len=428}], msg_iovlen=1, msg_controllen=0, msg_flags=0}, MSG_NOSIGNAL) = 428
30352 1783930128.561453 sendmsg(67, {msg_name=NULL, msg_namelen=0, msg_iov=[{iov_base="l\1\1\1\0\1\0\0\321\0\0\0\235\0\0\0\1\1o\0;\0\0\0/re/frid"..., iov_len=432}], msg_iovlen=1, msg_controllen=0, msg_flags=0}, MSG_NOSIGNAL) = 432
30352 1783930128.569715 sendmsg(67, {msg_name=NULL, msg_namelen=0, msg_iov=[{iov_base="l\1\1\1\374\0\0\0\322\0\0\0\235\0\0\0\1\1o\0;\0\0\0/re/frid"..., iov_len=428}], msg_iovlen=1, msg_controllen=0, msg_flags=0}, MSG_NOSIGNAL) = 428
30352 1783930128.578976 sendmsg(67, {msg_name=NULL, msg_namelen=0, msg_iov=[{iov_base="l\1\1\1\0\1\0\0\323\0\0\0\235\0\0\0\1\1o\0;\0\0\0/re/frid"..., iov_len=432}], msg_iovlen=1, msg_controllen=0, msg_flags=0}, MSG_NOSIGNAL) = 432
30352 1783930128.590490 sendmsg(67, {msg_name=NULL, msg_namelen=0, msg_iov=[{iov_base="l\1\1\1\374\0\0\0\324\0\0\0\235\0\0\0\1\1o\0;\0\0\0/re/frid"..., iov_len=428}], msg_iovlen=1, msg_controllen=0, msg_flags=0}, MSG_NOSIGNAL) = 428
30352 1783930128.598216 sendmsg(67, {msg_name=NULL, msg_namelen=0, msg_iov=[{iov_base="l\1\1\1\0\1\0\0\325\0\0\0\235\0\0\0\1\1o\0;\0\0\0/re/frid"..., iov_len=432}], msg_iovlen=1, msg_controllen=0, msg_flags=0}, MSG_NOSIGNAL) = 432
30352 1783930128.605942 sendmsg(67, {msg_name=NULL, msg_namelen=0, msg_iov=[{iov_base="l\1\1\1\374\0\0\0\326\0\0\0\235\0\0\0\1\1o\0;\0\0\0/re/frid"..., iov_len=428}], msg_iovlen=1, msg_controllen=0, msg_flags=0}, MSG_NOSIGNAL) = 428
30352 1783930128.614256 sendmsg(67, {msg_name=NULL, msg_namelen=0, msg_iov=[{iov_base="l\1\1\1\0\1\0\0\327\0\0\0\235\0\0\0\1\1o\0;\0\0\0/re/frid"..., iov_len=432}], msg_iovlen=1, msg_controllen=0, msg_flags=0}, MSG_NOSIGNAL) = 432
30352 1783930128.621259 sendmsg(67, {msg_name=NULL, msg_namelen=0, msg_iov=[{iov_base="l\1\1\1\374\0\0\0\330\0\0\0\235\0\0\0\1\1o\0;\0\0\0/re/frid"..., iov_len=428}], msg_iovlen=1, msg_controllen=0, msg_flags=0}, MSG_NOSIGNAL) = 428
30352 1783930128.632545 sendmsg(67, {msg_name=NULL, msg_namelen=0, msg_iov=[{iov_base="l\1\1\1\0\1\0\0\331\0\0\0\235\0\0\0\1\1o\0;\0\0\0/re/frid"..., iov_len=432}], msg_iovlen=1, msg_controllen=0, msg_flags=0}, MSG_NOSIGNAL) = 432
30352 1783930128.639755 sendmsg(67, {msg_name=NULL, msg_namelen=0, msg_iov=[{iov_base="l\1\1\1\374\0\0\0\332\0\0\0\235\0\0\0\1\1o\0;\0\0\0/re/frid"..., iov_len=428}], msg_iovlen=1, msg_controllen=0, msg_flags=0}, MSG_NOSIGNAL) = 428
30352 1783930128.649172 sendmsg(67, {msg_name=NULL, msg_namelen=0, msg_iov=[{iov_base="l\1\1\1\0\1\0\0\333\0\0\0\235\0\0\0\1\1o\0;\0\0\0/re/frid"..., iov_len=432}], msg_iovlen=1, msg_controllen=0, msg_flags=0}, MSG_NOSIGNAL) = 432
30352 1783930128.656346 sendmsg(67, {msg_name=NULL, msg_namelen=0, msg_iov=[{iov_base="l\1\1\1\374\0\0\0\334\0\0\0\235\0\0\0\1\1o\0;\0\0\0/re/frid"..., iov_len=428}], msg_iovlen=1, msg_controllen=0, msg_flags=0}, MSG_NOSIGNAL) = 428
30352 1783930128.665986 sendmsg(67, {msg_name=NULL, msg_namelen=0, msg_iov=[{iov_base="l\1\1\1\0\1\0\0\335\0\0\0\235\0\0\0\1\1o\0;\0\0\0/re/frid"..., iov_len=432}], msg_iovlen=1, msg_controllen=0, msg_flags=0}, MSG_NOSIGNAL) = 432
30352 1783930128.677652 sendmsg(67, {msg_name=NULL, msg_namelen=0, msg_iov=[{iov_base="l\1\1\1\374\0\0\0\336\0\0\0\235\0\0\0\1\1o\0;\0\0\0/re/frid"..., iov_len=428}], msg_iovlen=1, msg_controllen=0, msg_flags=0}, MSG_NOSIGNAL) = 428
30352 1783930128.683512 sendmsg(67, {msg_name=NULL, msg_namelen=0, msg_iov=[{iov_base="l\1\1\1\0\1\0\0\337\0\0\0\235\0\0\0\1\1o\0;\0\0\0/re/frid"..., iov_len=432}], msg_iovlen=1, msg_controllen=0, msg_flags=0}, MSG_NOSIGNAL) = 432
30352 1783930128.692745 sendmsg(67, {msg_name=NULL, msg_namelen=0, msg_iov=[{iov_base="l\1\1\1\374\0\0\0\340\0\0\0\235\0\0\0\1\1o\0;\0\0\0/re/frid"..., iov_len=428}], msg_iovlen=1, msg_controllen=0, msg_flags=0}, MSG_NOSIGNAL) = 428
30352 1783930128.702392 sendmsg(67, {msg_name=NULL, msg_namelen=0, msg_iov=[{iov_base="l\1\1\1\0\1\0\0\341\0\0\0\235\0\0\0\1\1o\0;\0\0\0/re/frid"..., iov_len=432}], msg_iovlen=1, msg_controllen=0, msg_flags=0}, MSG_NOSIGNAL) = 432
30352 1783930128.710871 sendmsg(67, {msg_name=NULL, msg_namelen=0, msg_iov=[{iov_base="l\1\1\1\374\0\0\0\342\0\0\0\235\0\0\0\1\1o\0;\0\0\0/re/frid"..., iov_len=428}], msg_iovlen=1, msg_controllen=0, msg_flags=0}, MSG_NOSIGNAL) = 428
30352 1783930128.720859 sendmsg(67, {msg_name=NULL, msg_namelen=0, msg_iov=[{iov_base="l\1\1\1\0\1\0\0\343\0\0\0\235\0\0\0\1\1o\0;\0\0\0/re/frid"..., iov_len=432}], msg_iovlen=1, msg_controllen=0, msg_flags=0}, MSG_NOSIGNAL) = 432
30352 1783930128.726890 sendmsg(67, {msg_name=NULL, msg_namelen=0, msg_iov=[{iov_base="l\1\1\1\374\0\0\0\344\0\0\0\235\0\0\0\1\1o\0;\0\0\0/re/frid"..., iov_len=428}], msg_iovlen=1, msg_controllen=0, msg_flags=0}, MSG_NOSIGNAL) = 428
30352 1783930128.737430 sendmsg(67, {msg_name=NULL, msg_namelen=0, msg_iov=[{iov_base="l\1\1\1\0\1\0\0\345\0\0\0\235\0\0\0\1\1o\0;\0\0\0/re/frid"..., iov_len=432}], msg_iovlen=1, msg_controllen=0, msg_flags=0}, MSG_NOSIGNAL) = 432
30352 1783930128.745171 sendmsg(67, {msg_name=NULL, msg_namelen=0, msg_iov=[{iov_base="l\1\1\1\374\0\0\0\346\0\0\0\235\0\0\0\1\1o\0;\0\0\0/re/frid"..., iov_len=428}], msg_iovlen=1, msg_controllen=0, msg_flags=0}, MSG_NOSIGNAL) = 428
30352 1783930128.753385 sendmsg(67, {msg_name=NULL, msg_namelen=0, msg_iov=[{iov_base="l\1\1\1\0\1\0\0\347\0\0\0\235\0\0\0\1\1o\0;\0\0\0/re/frid"..., iov_len=432}], msg_iovlen=1, msg_controllen=0, msg_flags=0}, MSG_NOSIGNAL) = 432
30352 1783930128.760651 sendmsg(67, {msg_name=NULL, msg_namelen=0, msg_iov=[{iov_base="l\1\1\1\374\0\0\0\350\0\0\0\235\0\0\0\1\1o\0;\0\0\0/re/frid"..., iov_len=428}], msg_iovlen=1, msg_controllen=0, msg_flags=0}, MSG_NOSIGNAL) = 428
30352 1783930128.769200 sendmsg(67, {msg_name=NULL, msg_namelen=0, msg_iov=[{iov_base="l\1\1\1\0\1\0\0\351\0\0\0\235\0\0\0\1\1o\0;\0\0\0/re/frid"..., iov_len=432}], msg_iovlen=1, msg_controllen=0, msg_flags=0}, MSG_NOSIGNAL) = 432
30314 1783930128.770733 recvfrom(38, "nysv\0\0\0\0\0\0\0\0\0\0\0\0\275\300\361Z#\2\0\0\354$\2\0\0\0\0\0", 3200, MSG_DONTWAIT, NULL, NULL) = 32
30314 1783930128.770964 recvfrom(38, 0x7fd67ab450, 3200, MSG_DONTWAIT, NULL, NULL) = -1 EAGAIN (Try again)
30314 1783930128.771786 recvfrom(70, 0x70704dc420, 2272, MSG_DONTWAIT, NULL, NULL) = -1 EAGAIN (Try again)
30314 1783930128.772007 recvfrom(38, 0x7fd67ab3b0, 3200, MSG_DONTWAIT, NULL, NULL) = -1 EAGAIN (Try again)
30314 1783930128.785964 recvfrom(38, "nysv\0\0\0\0\0\0\0\0\0\0\0\0\364'\274\177#\2\0\0\21%\2\0\0\0\0\0", 3200, MSG_DONTWAIT, NULL, NULL) = 32
30314 1783930128.786450 recvfrom(38, 0x7fd67ab450, 3200, MSG_DONTWAIT, NULL, NULL) = -1 EAGAIN (Try again)
30314 1783930128.787360 recvfrom(38, 0x7fd67ab3b0, 3200, MSG_DONTWAIT, NULL, NULL) = -1 EAGAIN (Try again)
30314 1783930128.804381 recvfrom(38, "nysv\0\0\0\0\0\0\0\0\0\0\0\0\350M\272\200#\2\0\0\22%\2\0\0\0\0\0", 3200, MSG_DONTWAIT, NULL, NULL) = 32
30314 1783930128.804615 recvfrom(38, 0x7fd67ab450, 3200, MSG_DONTWAIT, NULL, NULL) = -1 EAGAIN (Try again)
30314 1783930128.804950 recvfrom(38, 0x7fd67ab3b0, 3200, MSG_DONTWAIT, NULL, NULL) = -1 EAGAIN (Try again)
30314 1783930128.819644 recvfrom(38, "nysv\0\0\0\0\0\0\0\0\0\0\0\0\17\254\270\201#\2\0\0\23%\2\0\0\0\0\0", 3200, MSG_DONTWAIT, NULL, NULL) = 32
30314 1783930128.819801 recvfrom(38, 0x7fd67ab450, 3200, MSG_DONTWAIT, NULL, NULL) = -1 EAGAIN (Try again)
30314 1783930128.820119 recvfrom(38, 0x7fd67ab3b0, 3200, MSG_DONTWAIT, NULL, NULL) = -1 EAGAIN (Try again)
30314 1783930128.836555 recvfrom(38, "nysv\0\0\0\0\0\0\0\0\0\0\0\0\341\373\266\202#\2\0\0\24%\2\0\0\0\0\0", 3200, MSG_DONTWAIT, NULL, NULL) = 32
30314 1783930128.836741 recvfrom(38, 0x7fd67ab450, 3200, MSG_DONTWAIT, NULL, NULL) = -1 EAGAIN (Try again)
30314 1783930128.837107 recvfrom(38, 0x7fd67ab3b0, 3200, MSG_DONTWAIT, NULL, NULL) = -1 EAGAIN (Try again)
30314 1783930128.855913 recvfrom(38, "nysv\0\0\0\0\0\0\0\0\0\0\0\0\366\252\264\203#\2\0\0\25%\2\0\0\0\0\0", 3200, MSG_DONTWAIT, NULL, NULL) = 32
30314 1783930128.856088 recvfrom(38, 0x7fd67ab450, 3200, MSG_DONTWAIT, NULL, NULL) = -1 EAGAIN (Try again)
30314 1783930128.856451 recvfrom(38, 0x7fd67ab3b0, 3200, MSG_DONTWAIT, NULL, NULL) = -1 EAGAIN (Try again)
30314 1783930128.871876 recvfrom(38, "nysv\0\0\0\0\0\0\0\0\0\0\0\0\367\203\262\204#\2\0\0\26%\2\0\0\0\0\0", 3200, MSG_DONTWAIT, NULL, NULL) = 32
30314 1783930128.872054 recvfrom(38, 0x7fd67ab450, 3200, MSG_DONTWAIT, NULL, NULL) = -1 EAGAIN (Try again)
30314 1783930141.684239 recvfrom(70, "\2\0\0\0\0\0\0\0\375\7\0\0\0\0\0\0\300~r\200&\2\0\0\1\0\0\0\2\20\0\0"..., 2272, MSG_DONTWAIT, NULL, NULL) = 232
30314 1783930141.684725 recvfrom(38, 0x7fd67a8960, 3200, MSG_DONTWAIT, NULL, NULL) = -1 EAGAIN (Try again)
30314 1783930141.685485 sendto(70, "\3\0\0\0\0\0\0\0\375\7\0\0\1\0\0\0", 16, MSG_DONTWAIT|MSG_NOSIGNAL, NULL, 0) = 16
30314 1783930141.685736 recvfrom(70, "\2\0\0\0\0\0\0\0\377\7\0\0\0\0\0\0\300~r\200&\2\0\0\1\0\0\0\2\20\0\0"..., 2272, MSG_DONTWAIT, NULL, NULL) = 232
30314 1783930141.686077 sendto(70, "\3\0\0\0\0\0\0\0\377\7\0\0\1\0\0\0", 16, MSG_DONTWAIT|MSG_NOSIGNAL, NULL, 0) = 16
30314 1783930141.686367 recvfrom(70, 0x70704dc420, 2272, MSG_DONTWAIT, NULL, NULL) = -1 EAGAIN (Try again)
30314 1783930141.702210 recvfrom(38, "nysv\0\0\0\0\0\0\0\0\0\0\0\0\300C\230\201&\2\0\0\30(\2\0\0\0\0\0", 3200, MSG_DONTWAIT, NULL, NULL) = 32
30314 1783930141.702368 recvfrom(38, 0x7fd67ab450, 3200, MSG_DONTWAIT, NULL, NULL) = -1 EAGAIN (Try again)
30314 1783930141.702692 recvfrom(70, 0x70704dc420, 2272, MSG_DONTWAIT, NULL, NULL) = -1 EAGAIN (Try again)
30314 1783930141.706507 recvfrom(38, 0x7fd67aa640, 3200, MSG_DONTWAIT, NULL, NULL) = -1 EAGAIN (Try again)
30352 1783930141.715736 sendmsg(67, {msg_name=NULL, msg_namelen=0, msg_iov=[{iov_base="l\1\1\1\374\0\0\0\352\0\0\0\235\0\0\0\1\1o\0;\0\0\0/re/frid"..., iov_len=428}], msg_iovlen=1, msg_controllen=0, msg_flags=0}, MSG_NOSIGNAL) = 428
30352 1783930141.726640 sendmsg(67, {msg_name=NULL, msg_namelen=0, msg_iov=[{iov_base="l\1\1\1\0\1\0\0\353\0\0\0\235\0\0\0\1\1o\0;\0\0\0/re/frid"..., iov_len=432}], msg_iovlen=1, msg_controllen=0, msg_flags=0}, MSG_NOSIGNAL) = 432
30352 1783930141.737204 sendmsg(67, {msg_name=NULL, msg_namelen=0, msg_iov=[{iov_base="l\1\1\1\374\0\0\0\354\0\0\0\235\0\0\0\1\1o\0;\0\0\0/re/frid"..., iov_len=428}], msg_iovlen=1, msg_controllen=0, msg_flags=0}, MSG_NOSIGNAL) = 428
30352 1783930141.743950 sendmsg(67, {msg_name=NULL, msg_namelen=0, msg_iov=[{iov_base="l\1\1\1\0\1\0\0\355\0\0\0\235\0\0\0\1\1o\0;\0\0\0/re/frid"..., iov_len=432}], msg_iovlen=1, msg_controllen=0, msg_flags=0}, MSG_NOSIGNAL) = 432
30352 1783930141.752744 sendmsg(67, {msg_name=NULL, msg_namelen=0, msg_iov=[{iov_base="l\1\1\1\374\0\0\0\356\0\0\0\235\0\0\0\1\1o\0;\0\0\0/re/frid"..., iov_len=428}], msg_iovlen=1, msg_controllen=0, msg_flags=0}, MSG_NOSIGNAL) = 428
30352 1783930141.760788 sendmsg(67, {msg_name=NULL, msg_namelen=0, msg_iov=[{iov_base="l\1\1\1\0\1\0\0\357\0\0\0\235\0\0\0\1\1o\0;\0\0\0/re/frid"..., iov_len=432}], msg_iovlen=1, msg_controllen=0, msg_flags=0}, MSG_NOSIGNAL) = 432
30352 1783930141.769175 sendmsg(67, {msg_name=NULL, msg_namelen=0, msg_iov=[{iov_base="l\1\1\1\374\0\0\0\360\0\0\0\235\0\0\0\1\1o\0;\0\0\0/re/frid"..., iov_len=428}], msg_iovlen=1, msg_controllen=0, msg_flags=0}, MSG_NOSIGNAL) = 428
30352 1783930141.775830 sendmsg(67, {msg_name=NULL, msg_namelen=0, msg_iov=[{iov_base="l\1\1\1\0\1\0\0\361\0\0\0\235\0\0\0\1\1o\0;\0\0\0/re/frid"..., iov_len=432}], msg_iovlen=1, msg_controllen=0, msg_flags=0}, MSG_NOSIGNAL) = 432
30352 1783930141.785542 sendmsg(67, {msg_name=NULL, msg_namelen=0, msg_iov=[{iov_base="l\1\1\1\374\0\0\0\362\0\0\0\235\0\0\0\1\1o\0;\0\0\0/re/frid"..., iov_len=428}], msg_iovlen=1, msg_controllen=0, msg_flags=0}, MSG_NOSIGNAL) = 428
30352 1783930141.793731 sendmsg(67, {msg_name=NULL, msg_namelen=0, msg_iov=[{iov_base="l\1\1\1\0\1\0\0\363\0\0\0\235\0\0\0\1\1o\0;\0\0\0/re/frid"..., iov_len=432}], msg_iovlen=1, msg_controllen=0, msg_flags=0}, MSG_NOSIGNAL) = 432
30352 1783930141.802563 sendmsg(67, {msg_name=NULL, msg_namelen=0, msg_iov=[{iov_base="l\1\1\1\374\0\0\0\364\0\0\0\235\0\0\0\1\1o\0;\0\0\0/re/frid"..., iov_len=428}], msg_iovlen=1, msg_controllen=0, msg_flags=0}, MSG_NOSIGNAL) = 428
30352 1783930141.811569 sendmsg(67, {msg_name=NULL, msg_namelen=0, msg_iov=[{iov_base="l\1\1\1\0\1\0\0\365\0\0\0\235\0\0\0\1\1o\0;\0\0\0/re/frid"..., iov_len=432}], msg_iovlen=1, msg_controllen=0, msg_flags=0}, MSG_NOSIGNAL) = 432
30352 1783930141.818081 sendmsg(67, {msg_name=NULL, msg_namelen=0, msg_iov=[{iov_base="l\1\1\1\374\0\0\0\366\0\0\0\235\0\0\0\1\1o\0;\0\0\0/re/frid"..., iov_len=428}], msg_iovlen=1, msg_controllen=0, msg_flags=0}, MSG_NOSIGNAL) = 428
30352 1783930141.828470 sendmsg(67, {msg_name=NULL, msg_namelen=0, msg_iov=[{iov_base="l\1\1\1\0\1\0\0\367\0\0\0\235\0\0\0\1\1o\0;\0\0\0/re/frid"..., iov_len=432}], msg_iovlen=1, msg_controllen=0, msg_flags=0}, MSG_NOSIGNAL) = 432
30352 1783930141.837518 sendmsg(67, {msg_name=NULL, msg_namelen=0, msg_iov=[{iov_base="l\1\1\1\374\0\0\0\370\0\0\0\235\0\0\0\1\1o\0;\0\0\0/re/frid"..., iov_len=428}], msg_iovlen=1, msg_controllen=0, msg_flags=0}, MSG_NOSIGNAL) = 428
30352 1783930141.844160 sendmsg(67, {msg_name=NULL, msg_namelen=0, msg_iov=[{iov_base="l\1\1\1\0\1\0\0\371\0\0\0\235\0\0\0\1\1o\0;\0\0\0/re/frid"..., iov_len=432}], msg_iovlen=1, msg_controllen=0, msg_flags=0}, MSG_NOSIGNAL) = 432
30352 1783930141.853502 sendmsg(67, {msg_name=NULL, msg_namelen=0, msg_iov=[{iov_base="l\1\1\1\374\0\0\0\372\0\0\0\235\0\0\0\1\1o\0;\0\0\0/re/frid"..., iov_len=428}], msg_iovlen=1, msg_controllen=0, msg_flags=0}, MSG_NOSIGNAL) = 428
30352 1783930141.862937 sendmsg(67, {msg_name=NULL, msg_namelen=0, msg_iov=[{iov_base="l\1\1\1\0\1\0\0\373\0\0\0\235\0\0\0\1\1o\0;\0\0\0/re/frid"..., iov_len=432}], msg_iovlen=1, msg_controllen=0, msg_flags=0}, MSG_NOSIGNAL) = 432
30352 1783930141.871617 sendmsg(67, {msg_name=NULL, msg_namelen=0, msg_iov=[{iov_base="l\1\1\1\374\0\0\0\374\0\0\0\235\0\0\0\1\1o\0;\0\0\0/re/frid"..., iov_len=428}], msg_iovlen=1, msg_controllen=0, msg_flags=0}, MSG_NOSIGNAL) = 428
30352 1783930141.878635 sendmsg(67, {msg_name=NULL, msg_namelen=0, msg_iov=[{iov_base="l\1\1\1\0\1\0\0\375\0\0\0\235\0\0\0\1\1o\0;\0\0\0/re/frid"..., iov_len=432}], msg_iovlen=1, msg_controllen=0, msg_flags=0}, MSG_NOSIGNAL) = 432
30352 1783930141.889436 sendmsg(67, {msg_name=NULL, msg_namelen=0, msg_iov=[{iov_base="l\1\1\1\374\0\0\0\376\0\0\0\235\0\0\0\1\1o\0;\0\0\0/re/frid"..., iov_len=428}], msg_iovlen=1, msg_controllen=0, msg_flags=0}, MSG_NOSIGNAL) = 428
30352 1783930141.897017 sendmsg(67, {msg_name=NULL, msg_namelen=0, msg_iov=[{iov_base="l\1\1\1\0\1\0\0\377\0\0\0\235\0\0\0\1\1o\0;\0\0\0/re/frid"..., iov_len=432}], msg_iovlen=1, msg_controllen=0, msg_flags=0}, MSG_NOSIGNAL) = 432
30352 1783930141.906906 sendmsg(67, {msg_name=NULL, msg_namelen=0, msg_iov=[{iov_base="l\1\1\1\374\0\0\0\0\1\0\0\235\0\0\0\1\1o\0;\0\0\0/re/frid"..., iov_len=428}], msg_iovlen=1, msg_controllen=0, msg_flags=0}, MSG_NOSIGNAL) = 428
30352 1783930141.916438 sendmsg(67, {msg_name=NULL, msg_namelen=0, msg_iov=[{iov_base="l\1\1\1\0\1\0\0\1\1\0\0\235\0\0\0\1\1o\0;\0\0\0/re/frid"..., iov_len=432}], msg_iovlen=1, msg_controllen=0, msg_flags=0}, MSG_NOSIGNAL) = 432
30352 1783930141.925244 sendmsg(67, {msg_name=NULL, msg_namelen=0, msg_iov=[{iov_base="l\1\1\1\374\0\0\0\2\1\0\0\235\0\0\0\1\1o\0;\0\0\0/re/frid"..., iov_len=428}], msg_iovlen=1, msg_controllen=0, msg_flags=0}, MSG_NOSIGNAL) = 428
30352 1783930141.931864 sendmsg(67, {msg_name=NULL, msg_namelen=0, msg_iov=[{iov_base="l\1\1\1\0\1\0\0\3\1\0\0\235\0\0\0\1\1o\0;\0\0\0/re/frid"..., iov_len=432}], msg_iovlen=1, msg_controllen=0, msg_flags=0}, MSG_NOSIGNAL) = 432
30352 1783930141.941094 sendmsg(67, {msg_name=NULL, msg_namelen=0, msg_iov=[{iov_base="l\1\1\1\374\0\0\0\4\1\0\0\235\0\0\0\1\1o\0;\0\0\0/re/frid"..., iov_len=428}], msg_iovlen=1, msg_controllen=0, msg_flags=0}, MSG_NOSIGNAL) = 428
30352 1783930141.951099 sendmsg(67, {msg_name=NULL, msg_namelen=0, msg_iov=[{iov_base="l\1\1\1\0\1\0\0\5\1\0\0\235\0\0\0\1\1o\0;\0\0\0/re/frid"..., iov_len=432}], msg_iovlen=1, msg_controllen=0, msg_flags=0}, MSG_NOSIGNAL) = 432
30352 1783930141.958674 sendmsg(67, {msg_name=NULL, msg_namelen=0, msg_iov=[{iov_base="l\1\1\1\374\0\0\0\6\1\0\0\235\0\0\0\1\1o\0;\0\0\0/re/frid"..., iov_len=428}], msg_iovlen=1, msg_controllen=0, msg_flags=0}, MSG_NOSIGNAL) = 428
30352 1783930141.967051 sendmsg(67, {msg_name=NULL, msg_namelen=0, msg_iov=[{iov_base="l\1\1\1\0\1\0\0\7\1\0\0\235\0\0\0\1\1o\0;\0\0\0/re/frid"..., iov_len=432}], msg_iovlen=1, msg_controllen=0, msg_flags=0}, MSG_NOSIGNAL) = 432
30352 1783930141.976506 sendmsg(67, {msg_name=NULL, msg_namelen=0, msg_iov=[{iov_base="l\1\1\1\374\0\0\0\10\1\0\0\235\0\0\0\1\1o\0;\0\0\0/re/frid"..., iov_len=428}], msg_iovlen=1, msg_controllen=0, msg_flags=0}, MSG_NOSIGNAL) = 428
30352 1783930141.983804 sendmsg(67, {msg_name=NULL, msg_namelen=0, msg_iov=[{iov_base="l\1\1\1\0\1\0\0\t\1\0\0\235\0\0\0\1\1o\0;\0\0\0/re/frid"..., iov_len=432}], msg_iovlen=1, msg_controllen=0, msg_flags=0}, MSG_NOSIGNAL) = 432
30352 1783930141.990734 sendmsg(67, {msg_name=NULL, msg_namelen=0, msg_iov=[{iov_base="l\1\1\1\374\0\0\0\n\1\0\0\235\0\0\0\1\1o\0;\0\0\0/re/frid"..., iov_len=428}], msg_iovlen=1, msg_controllen=0, msg_flags=0}, MSG_NOSIGNAL) = 428
30352 1783930142.000715 sendmsg(67, {msg_name=NULL, msg_namelen=0, msg_iov=[{iov_base="l\1\1\1\0\1\0\0\v\1\0\0\235\0\0\0\1\1o\0;\0\0\0/re/frid"..., iov_len=432}], msg_iovlen=1, msg_controllen=0, msg_flags=0}, MSG_NOSIGNAL) = 432
30352 1783930142.008122 sendmsg(67, {msg_name=NULL, msg_namelen=0, msg_iov=[{iov_base="l\1\1\1\374\0\0\0\f\1\0\0\235\0\0\0\1\1o\0;\0\0\0/re/frid"..., iov_len=428}], msg_iovlen=1, msg_controllen=0, msg_flags=0}, MSG_NOSIGNAL) = 428
30352 1783930142.015772 sendmsg(67, {msg_name=NULL, msg_namelen=0, msg_iov=[{iov_base="l\1\1\1\0\1\0\0\r\1\0\0\235\0\0\0\1\1o\0;\0\0\0/re/frid"..., iov_len=432}], msg_iovlen=1, msg_controllen=0, msg_flags=0}, MSG_NOSIGNAL) = 432
30352 1783930142.024129 sendmsg(67, {msg_name=NULL, msg_namelen=0, msg_iov=[{iov_base="l\1\1\1\374\0\0\0\16\1\0\0\235\0\0\0\1\1o\0;\0\0\0/re/frid"..., iov_len=428}], msg_iovlen=1, msg_controllen=0, msg_flags=0}, MSG_NOSIGNAL) = 428
30352 1783930142.032351 sendmsg(67, {msg_name=NULL, msg_namelen=0, msg_iov=[{iov_base="l\1\1\1\0\1\0\0\17\1\0\0\235\0\0\0\1\1o\0;\0\0\0/re/frid"..., iov_len=432}], msg_iovlen=1, msg_controllen=0, msg_flags=0}, MSG_NOSIGNAL) = 432
30352 1783930142.039067 sendmsg(67, {msg_name=NULL, msg_namelen=0, msg_iov=[{iov_base="l\1\1\1\374\0\0\0\20\1\0\0\235\0\0\0\1\1o\0;\0\0\0/re/frid"..., iov_len=428}], msg_iovlen=1, msg_controllen=0, msg_flags=0}, MSG_NOSIGNAL) = 428
30352 1783930142.046319 sendmsg(67, {msg_name=NULL, msg_namelen=0, msg_iov=[{iov_base="l\1\1\1\0\1\0\0\21\1\0\0\235\0\0\0\1\1o\0;\0\0\0/re/frid"..., iov_len=432}], msg_iovlen=1, msg_controllen=0, msg_flags=0}, MSG_NOSIGNAL) = 432
30352 1783930142.058515 sendmsg(67, {msg_name=NULL, msg_namelen=0, msg_iov=[{iov_base="l\1\1\1\374\0\0\0\22\1\0\0\235\0\0\0\1\1o\0;\0\0\0/re/frid"..., iov_len=428}], msg_iovlen=1, msg_controllen=0, msg_flags=0}, MSG_NOSIGNAL) = 428
30352 1783930142.064280 sendmsg(67, {msg_name=NULL, msg_namelen=0, msg_iov=[{iov_base="l\1\1\1\0\1\0\0\23\1\0\0\235\0\0\0\1\1o\0;\0\0\0/re/frid"..., iov_len=432}], msg_iovlen=1, msg_controllen=0, msg_flags=0}, MSG_NOSIGNAL) = 432
30352 1783930142.072133 sendmsg(67, {msg_name=NULL, msg_namelen=0, msg_iov=[{iov_base="l\1\1\1\374\0\0\0\24\1\0\0\235\0\0\0\1\1o\0;\0\0\0/re/frid"..., iov_len=428}], msg_iovlen=1, msg_controllen=0, msg_flags=0}, MSG_NOSIGNAL) = 428
30352 1783930142.082176 sendmsg(67, {msg_name=NULL, msg_namelen=0, msg_iov=[{iov_base="l\1\1\1\0\1\0\0\25\1\0\0\235\0\0\0\1\1o\0;\0\0\0/re/frid"..., iov_len=432}], msg_iovlen=1, msg_controllen=0, msg_flags=0}, MSG_NOSIGNAL) = 432
30352 1783930142.089543 sendmsg(67, {msg_name=NULL, msg_namelen=0, msg_iov=[{iov_base="l\1\1\1\374\0\0\0\26\1\0\0\235\0\0\0\1\1o\0;\0\0\0/re/frid"..., iov_len=428}], msg_iovlen=1, msg_controllen=0, msg_flags=0}, MSG_NOSIGNAL) = 428
30352 1783930142.098228 sendmsg(67, {msg_name=NULL, msg_namelen=0, msg_iov=[{iov_base="l\1\1\1\0\1\0\0\27\1\0\0\235\0\0\0\1\1o\0;\0\0\0/re/frid"..., iov_len=432}], msg_iovlen=1, msg_controllen=0, msg_flags=0}, MSG_NOSIGNAL) = 432
30352 1783930142.106942 sendmsg(67, {msg_name=NULL, msg_namelen=0, msg_iov=[{iov_base="l\1\1\1\374\0\0\0\30\1\0\0\235\0\0\0\1\1o\0;\0\0\0/re/frid"..., iov_len=428}], msg_iovlen=1, msg_controllen=0, msg_flags=0}, MSG_NOSIGNAL) = 428
30352 1783930142.116418 sendmsg(67, {msg_name=NULL, msg_namelen=0, msg_iov=[{iov_base="l\1\1\1\0\1\0\0\31\1\0\0\235\0\0\0\1\1o\0;\0\0\0/re/frid"..., iov_len=432}], msg_iovlen=1, msg_controllen=0, msg_flags=0}, MSG_NOSIGNAL) = 432
30352 1783930142.125088 sendmsg(67, {msg_name=NULL, msg_namelen=0, msg_iov=[{iov_base="l\1\1\1\374\0\0\0\32\1\0\0\235\0\0\0\1\1o\0;\0\0\0/re/frid"..., iov_len=428}], msg_iovlen=1, msg_controllen=0, msg_flags=0}, MSG_NOSIGNAL) = 428
30352 1783930142.130509 sendmsg(67, {msg_name=NULL, msg_namelen=0, msg_iov=[{iov_base="l\1\1\1\0\1\0\0\33\1\0\0\235\0\0\0\1\1o\0;\0\0\0/re/frid"..., iov_len=432}], msg_iovlen=1, msg_controllen=0, msg_flags=0}, MSG_NOSIGNAL) = 432
30352 1783930142.138065 sendmsg(67, {msg_name=NULL, msg_namelen=0, msg_iov=[{iov_base="l\1\1\1\374\0\0\0\34\1\0\0\235\0\0\0\1\1o\0;\0\0\0/re/frid"..., iov_len=428}], msg_iovlen=1, msg_controllen=0, msg_flags=0}, MSG_NOSIGNAL) = 428
30352 1783930142.146274 sendmsg(67, {msg_name=NULL, msg_namelen=0, msg_iov=[{iov_base="l\1\1\1\0\1\0\0\35\1\0\0\235\0\0\0\1\1o\0;\0\0\0/re/frid"..., iov_len=432}], msg_iovlen=1, msg_controllen=0, msg_flags=0}, MSG_NOSIGNAL) = 432
30352 1783930142.153781 sendmsg(67, {msg_name=NULL, msg_namelen=0, msg_iov=[{iov_base="l\1\1\1\374\0\0\0\36\1\0\0\235\0\0\0\1\1o\0;\0\0\0/re/frid"..., iov_len=428}], msg_iovlen=1, msg_controllen=0, msg_flags=0}, MSG_NOSIGNAL) = 428
30352 1783930142.162766 sendmsg(67, {msg_name=NULL, msg_namelen=0, msg_iov=[{iov_base="l\1\1\1\0\1\0\0\37\1\0\0\235\0\0\0\1\1o\0;\0\0\0/re/frid"..., iov_len=432}], msg_iovlen=1, msg_controllen=0, msg_flags=0}, MSG_NOSIGNAL) = 432
30352 1783930142.169571 sendmsg(67, {msg_name=NULL, msg_namelen=0, msg_iov=[{iov_base="l\1\1\1\374\0\0\0 \1\0\0\235\0\0\0\1\1o\0;\0\0\0/re/frid"..., iov_len=428}], msg_iovlen=1, msg_controllen=0, msg_flags=0}, MSG_NOSIGNAL) = 428
30352 1783930142.177412 sendmsg(67, {msg_name=NULL, msg_namelen=0, msg_iov=[{iov_base="l\1\1\1\0\1\0\0!\1\0\0\235\0\0\0\1\1o\0;\0\0\0/re/frid"..., iov_len=432}], msg_iovlen=1, msg_controllen=0, msg_flags=0}, MSG_NOSIGNAL) = 432
30352 1783930142.185055 sendmsg(67, {msg_name=NULL, msg_namelen=0, msg_iov=[{iov_base="l\1\1\1\374\0\0\0\"\1\0\0\235\0\0\0\1\1o\0;\0\0\0/re/frid"..., iov_len=428}], msg_iovlen=1, msg_controllen=0, msg_flags=0}, MSG_NOSIGNAL) = 428
30352 1783930142.194831 sendmsg(67, {msg_name=NULL, msg_namelen=0, msg_iov=[{iov_base="l\1\1\1\0\1\0\0#\1\0\0\235\0\0\0\1\1o\0;\0\0\0/re/frid"..., iov_len=432}], msg_iovlen=1, msg_controllen=0, msg_flags=0}, MSG_NOSIGNAL) = 432
30352 1783930142.202752 sendmsg(67, {msg_name=NULL, msg_namelen=0, msg_iov=[{iov_base="l\1\1\1\374\0\0\0$\1\0\0\235\0\0\0\1\1o\0;\0\0\0/re/frid"..., iov_len=428}], msg_iovlen=1, msg_controllen=0, msg_flags=0}, MSG_NOSIGNAL) = 428
30352 1783930142.209518 sendmsg(67, {msg_name=NULL, msg_namelen=0, msg_iov=[{iov_base="l\1\1\1\0\1\0\0%\1\0\0\235\0\0\0\1\1o\0;\0\0\0/re/frid"..., iov_len=432}], msg_iovlen=1, msg_controllen=0, msg_flags=0}, MSG_NOSIGNAL) = 432
30314 1783930142.212522 recvfrom(38, "nysv\0\0\0\0\0\0\0\0\0\0\0\0\254\341\226\202&\2\0\0\31(\2\0\0\0\0\0", 3200, MSG_DONTWAIT, NULL, NULL) = 32
30314 1783930142.212754 recvfrom(38, 0x7fd67ab450, 3200, MSG_DONTWAIT, NULL, NULL) = -1 EAGAIN (Try again)
30314 1783930142.213271 recvfrom(70, 0x70704dc420, 2272, MSG_DONTWAIT, NULL, NULL) = -1 EAGAIN (Try again)
30314 1783930142.213440 recvfrom(38, 0x7fd67ab3b0, 3200, MSG_DONTWAIT, NULL, NULL) = -1 EAGAIN (Try again)
30314 1783930142.218976 recvfrom(38, "nysv\0\0\0\0\0\0\0\0\0\0\0\0\30\223k\240&\2\0\0007(\2\0\0\0\0\0", 3200, MSG_DONTWAIT, NULL, NULL) = 32
30314 1783930142.219134 recvfrom(38, 0x7fd67ab450, 3200, MSG_DONTWAIT, NULL, NULL) = -1 EAGAIN (Try again)
30314 1783930142.219522 recvfrom(70, 0x70704dc420, 2272, MSG_DONTWAIT, NULL, NULL) = -1 EAGAIN (Try again)
30314 1783930142.219667 recvfrom(38, 0x7fd67ab3b0, 3200, MSG_DONTWAIT, NULL, NULL) = -1 EAGAIN (Try again)
30314 1783930142.247723 recvfrom(38, "nysv\0\0\0\0\0\0\0\0\0\0\0\0_\25j\241&\2\0\08(\2\0\0\0\0\0", 3200, MSG_DONTWAIT, NULL, NULL) = 32
30314 1783930142.252961 recvfrom(38, 0x7fd67ab450, 3200, MSG_DONTWAIT, NULL, NULL) = -1 EAGAIN (Try again)
30314 1783930142.253388 recvfrom(38, 0x7fd67ab3b0, 3200, MSG_DONTWAIT, NULL, NULL) = -1 EAGAIN (Try again)
30314 1783930142.270723 recvfrom(38, "nysv\0\0\0\0\0\0\0\0\0\0\0\0\234\216f\243&\2\0\0:(\2\0\0\0\0\0", 3200, MSG_DONTWAIT, NULL, NULL) = 32
30314 1783930142.271022 recvfrom(38, 0x7fd67ab450, 3200, MSG_DONTWAIT, NULL, NULL) = -1 EAGAIN (Try again)
30314 1783930142.271668 recvfrom(38, 0x7fd67ab3b0, 3200, MSG_DONTWAIT, NULL, NULL) = -1 EAGAIN (Try again)
30314 1783930142.286203 recvfrom(38, "nysv\0\0\0\0\0\0\0\0\0\0\0\0\233\364d\244&\2\0\0;(\2\0\0\0\0\0", 3200, MSG_DONTWAIT, NULL, NULL) = 32
30314 1783930142.286357 recvfrom(38, 0x7fd67ab450, 3200, MSG_DONTWAIT, NULL, NULL) = -1 EAGAIN (Try again)
30314 1783930142.286705 recvfrom(38, 0x7fd67ab3b0, 3200, MSG_DONTWAIT, NULL, NULL) = -1 EAGAIN (Try again)
30314 1783930142.302578 recvfrom(38, "nysv\0\0\0\0\0\0\0\0\0\0\0\0Kjc\245&\2\0\0<(\2\0\0\0\0\0", 3200, MSG_DONTWAIT, NULL, NULL) = 32
30314 1783930142.302742 recvfrom(38, 0x7fd67ab450, 3200, MSG_DONTWAIT, NULL, NULL) = -1 EAGAIN (Try again)
30334 1783930142.548344 clone(child_stack=0x7026da8d40, flags=CLONE_VM|CLONE_FS|CLONE_FILES|CLONE_SIGHAND|CLONE_THREAD|CLONE_SYSVSEM|CLONE_SETTLS|CLONE_PARENT_SETTID|CLONE_CHILD_CLEARTID, parent_tidptr=0x7026da8d60, tls=0x7026da9020, child_tidptr=0x7026da8d60) = 30534
30534 1783930142.550800 openat(AT_FDCWD, "/proc/30534/timerslack_ns", O_WRONLY|O_CREAT|O_TRUNC|O_NOFOLLOW|O_CLOEXEC, 0666) = 51
30314 1783930157.436353 recvfrom(70, "\2\0\0\0\0\0\0\0\3\10\0\0\0\0\0\0\300\360V+*\2\0\0\1\0\0\0\2\20\0\0"..., 2272, MSG_DONTWAIT, NULL, NULL) = 232
30314 1783930157.437224 recvfrom(38, 0x7fd67a8960, 3200, MSG_DONTWAIT, NULL, NULL) = -1 EAGAIN (Try again)
30314 1783930157.437815 sendto(70, "\3\0\0\0\0\0\0\0\3\10\0\0\1\0\0\0", 16, MSG_DONTWAIT|MSG_NOSIGNAL, NULL, 0) = 16
30314 1783930157.438026 recvfrom(70, 0x70704dc420, 2272, MSG_DONTWAIT, NULL, NULL) = -1 EAGAIN (Try again)
30314 1783930157.438458 recvfrom(70, "\2\0\0\0\0\0\0\0\5\10\0\0\0\0\0\0\300\360V+*\2\0\0\1\0\0\0\2\20\0\0"..., 2272, MSG_DONTWAIT, NULL, NULL) = 232
30314 1783930157.438635 sendto(70, "\3\0\0\0\0\0\0\0\5\10\0\0\1\0\0\0", 16, MSG_DONTWAIT|MSG_NOSIGNAL, NULL, 0) = 16
30314 1783930157.438923 recvfrom(70, 0x70704dc420, 2272, MSG_DONTWAIT, NULL, NULL) = -1 EAGAIN (Try again)
30314 1783930157.452581 recvfrom(38, "nysv\0\0\0\0\0\0\0\0\0\0\0\0v]],*\2\0\0\310+\2\0\0\0\0\0", 3200, MSG_DONTWAIT, NULL, NULL) = 32
30314 1783930157.452732 recvfrom(38, 0x7fd67ab450, 3200, MSG_DONTWAIT, NULL, NULL) = -1 EAGAIN (Try again)
30314 1783930157.453032 recvfrom(70, 0x70704dc420, 2272, MSG_DONTWAIT, NULL, NULL) = -1 EAGAIN (Try again)
30314 1783930157.458316 recvfrom(38, 0x7fd67a9cb0, 3200, MSG_DONTWAIT, NULL, NULL) = -1 EAGAIN (Try again)
30314 1783930157.470427 recvfrom(38, "nysv\0\0\0\0\0\0\0\0\0\0\0\0D\275[-*\2\0\0\311+\2\0\0\0\0\0", 3200, MSG_DONTWAIT, NULL, NULL) = 32
30314 1783930157.470587 recvfrom(38, 0x7fd67ab450, 3200, MSG_DONTWAIT, NULL, NULL) = -1 EAGAIN (Try again)
30314 1783930157.473882 recvfrom(70, 0x70704dc420, 2272, MSG_DONTWAIT, NULL, NULL) = -1 EAGAIN (Try again)
30314 1783930157.491059 recvfrom(38, 0x7fd67ab280, 3200, MSG_DONTWAIT, NULL, NULL) = -1 EAGAIN (Try again)
30314 1783930157.502726 recvfrom(38, "nysv\0\0\0\0\0\0\0\0\0\0\0\0\300\366X/*\2\0\0\313+\2\0\0\0\0\0", 3200, MSG_DONTWAIT, NULL, NULL) = 32
30314 1783930157.502884 recvfrom(38, 0x7fd67ab450, 3200, MSG_DONTWAIT, NULL, NULL) = -1 EAGAIN (Try again)
30314 1783930157.503157 recvfrom(55, 0x7070575020, 2272, MSG_DONTWAIT, NULL, NULL) = -1 EAGAIN (Try again)
30314 1783930157.530796 recvfrom(38, 0x7fd67ab4a0, 3200, MSG_DONTWAIT, NULL, NULL) = -1 EAGAIN (Try again)
30314 1783930157.537003 recvfrom(38, "nysv\0\0\0\0\0\0\0\0\0\0\0\0U\0V1*\2\0\0\315+\2\0\0\0\0\0", 3200, MSG_DONTWAIT, NULL, NULL) = 32
30314 1783930157.537206 recvfrom(38, 0x7fd67ab450, 3200, MSG_DONTWAIT, NULL, NULL) = -1 EAGAIN (Try again)
30314 1783930157.539536 recvfrom(55, 0x7070575020, 2272, MSG_DONTWAIT, NULL, NULL) = -1 EAGAIN (Try again)
30335 1783930158.291043 openat(AT_FDCWD, "/data/misc/profiles/cur/0/app.notesr/primary.prof", O_RDWR|O_NOFOLLOW|O_CLOEXEC) = 51
30335 1783930158.291104 newfstatat(AT_FDCWD, "/data/misc/profiles/cur/0/app.notesr/primary.prof", {st_mode=S_IFREG|0600, st_size=6980, ...}, 0) = 0
30314 1783930159.460504 recvfrom(38, 0x7fd67aaf70, 3200, MSG_DONTWAIT, NULL, NULL) = -1 EAGAIN (Try again)
30314 1783930159.469386 recvfrom(38, "nysv\0\0\0\0\0\0\0\0\0\0\0\0\362\324\221\244*\2\0\0A,\2\0\0\0\0\0", 3200, MSG_DONTWAIT, NULL, NULL) = 32
30314 1783930159.469555 recvfrom(38, 0x7fd67ab450, 3200, MSG_DONTWAIT, NULL, NULL) = -1 EAGAIN (Try again)
