7087  1783879165.558068 recvfrom(45, 0x7ffb999250, 3200, MSG_DONTWAIT, NULL, NULL) = -1 EAGAIN (Try again)
7087  1783879165.576163 recvfrom(45, "nysv\0\0\0\0\0\0\0\0\0\0\0\0\216\5\311\243\26\\\0\0|j\\\0\0\0\0\0", 3200, MSG_DONTWAIT, NULL, NULL) = 32
7087  1783879165.577459 recvfrom(45, 0x7ffb999730, 3200, MSG_DONTWAIT, NULL, NULL) = -1 EAGAIN (Try again)
7094  1783879166.999248 exit(0)         = ?
7094  1783879166.999422 +++ exited with 0 +++
7096  1783879167.003794 exit(0)         = ?
7097  1783879167.004147 exit(0 <unfinished ...>
7096  1783879167.004193 +++ exited with 0 +++
7095  1783879167.004198 exit(0 <unfinished ...>
7097  1783879167.004339 <... exit resumed>) = ?
7095  1783879167.004359 <... exit resumed>) = ?
7097  1783879167.004551 +++ exited with 0 +++
7095  1783879167.004563 +++ exited with 0 +++
7107  1783879167.004724 newfstatat(AT_FDCWD, "/data", {st_mode=S_IFDIR|0771, st_size=4096, ...}, AT_SYMLINK_NOFOLLOW) = 0
7107  1783879167.004803 newfstatat(AT_FDCWD, "/data/app", {st_mode=S_IFDIR|0771, st_size=4096, ...}, AT_SYMLINK_NOFOLLOW) = 0
7107  1783879167.004849 newfstatat(AT_FDCWD, "/data/app/a2dp.Vol-6zLMMZe_BAGssPek2eTpnQ==", {st_mode=S_IFDIR|0775, st_size=4096, ...}, AT_SYMLINK_NOFOLLOW) = 0
7107  1783879167.004864 newfstatat(AT_FDCWD, "/data/app/a2dp.Vol-6zLMMZe_BAGssPek2eTpnQ==/base.apk", {st_mode=S_IFREG|0644, st_size=2748737, ...}, AT_SYMLINK_NOFOLLOW) = 0
7107  1783879167.004880 getcwd("/", 4096) = 2
7107  1783879167.004914 newfstatat(AT_FDCWD, "/base.apk", 0x73d3a46690, AT_SYMLINK_NOFOLLOW) = -1 ENOENT (No such file or directory)
7127  1783879179.839141 exit(0)         = ?
7127  1783879179.839429 +++ exited with 0 +++
7125  1783879179.888201 faccessat(AT_FDCWD, "/proc/self/task/7127", F_OK) = -1 ENOENT (No such file or directory)
7087  1783879179.915028 recvfrom(47, "\2\0\0\0\0\0\0\0\21\21\1\0\0\0\0\0@(\244\372\31\\\0\0\1\0\0\0\2\20\0\0"..., 2272, MSG_DONTWAIT, NULL, NULL) = 232
7087  1783879179.916369 recvfrom(45, 0x7ffb997b80, 3200, MSG_DONTWAIT, NULL, NULL) = -1 EAGAIN (Try again)
7129  1783879179.933206 sendmsg(77, {msg_name=NULL, msg_namelen=0, msg_iov=[{iov_base="l\1\1\1\374\0\0\0L\0\0\0\235\0\0\0\1\1o\0;\0\0\0/re/frid"..., iov_len=428}], msg_iovlen=1, msg_controllen=0, msg_flags=0}, MSG_NOSIGNAL) = 428
7129  1783879179.940607 sendmsg(77, {msg_name=NULL, msg_namelen=0, msg_iov=[{iov_base="l\1\1\1\0\1\0\0M\0\0\0\235\0\0\0\1\1o\0;\0\0\0/re/frid"..., iov_len=432}], msg_iovlen=1, msg_controllen=0, msg_flags=0}, MSG_NOSIGNAL) = 432
7087  1783879179.942002 sendto(47, "\3\0\0\0\0\0\0\0\21\21\1\0\1\0\0\0", 16, MSG_DONTWAIT|MSG_NOSIGNAL, NULL, 0) = 16
7087  1783879179.942206 recvfrom(47, 0x7463e92420, 2272, MSG_DONTWAIT, NULL, NULL) = -1 EAGAIN (Try again)
7087  1783879179.942555 recvfrom(45, "nysv\0\0\0\0\0\0\0\0\0\0\0\0\372\204\34\373\31\\\0\0\331m\\\0\0\0\0\0", 3200, MSG_DONTWAIT, NULL, NULL) = 32
7087  1783879179.942767 recvfrom(45, 0x7ffb999730, 3200, MSG_DONTWAIT, NULL, NULL) = -1 EAGAIN (Try again)
7087  1783879179.943103 recvfrom(47, "\2\0\0\0\0\0\0\0\23\21\1\0\0\0\0\0@(\244\372\31\\\0\0\1\0\0\0\2\20\0\0"..., 2272, MSG_DONTWAIT, NULL, NULL) = 232
7087  1783879179.943280 sendto(47, "\3\0\0\0\0\0\0\0\23\21\1\0\1\0\0\0", 16, MSG_DONTWAIT|MSG_NOSIGNAL, NULL, 0) = 16
7087  1783879179.943523 recvfrom(47, 0x7463e92420, 2272, MSG_DONTWAIT, NULL, NULL) = -1 EAGAIN (Try again)
7087  1783879179.943836 recvfrom(45, 0x7ffb999690, 3200, MSG_DONTWAIT, NULL, NULL) = -1 EAGAIN (Try again)
7087  1783879179.947159 socket(AF_UNIX, SOCK_DGRAM|SOCK_CLOEXEC|SOCK_NONBLOCK, 0) = 57
7087  1783879179.947402 setsockopt(57, SOL_SOCKET, SO_SNDBUF, [1048576], 4) = 0
7087  1783879179.947606 connect(57, {sa_family=AF_UNIX, sun_path="/dev/socket/statsdw"}, 110) = 0
7087  1783879179.953667 recvfrom(45, "nysv\0\0\0\0\0\0\0\0\0\0\0\0\332\255\31\375\31\\\0\0\333m\\\0\0\0\0\0", 3200, MSG_DONTWAIT, NULL, NULL) = 32
7087  1783879179.956313 recvfrom(45, 0x7ffb999730, 3200, MSG_DONTWAIT, NULL, NULL) = -1 EAGAIN (Try again)
7129  1783879179.964614 sendmsg(77, {msg_name=NULL, msg_namelen=0, msg_iov=[{iov_base="l\1\1\1\374\0\0\0N\0\0\0\235\0\0\0\1\1o\0;\0\0\0/re/frid"..., iov_len=428}], msg_iovlen=1, msg_controllen=0, msg_flags=0}, MSG_NOSIGNAL) = 428
7108  1783879179.974813 recvfrom(43, 0x73d38e2eb0, 3200, MSG_DONTWAIT, NULL, NULL) = -1 EAGAIN (Try again)
7108  1783879179.976090 recvfrom(43, 0x73d38e2eb0, 3200, MSG_DONTWAIT, NULL, NULL) = -1 EAGAIN (Try again)
7129  1783879179.976940 sendmsg(77, {msg_name=NULL, msg_namelen=0, msg_iov=[{iov_base="l\1\1\1\0\1\0\0O\0\0\0\235\0\0\0\1\1o\0;\0\0\0/re/frid"..., iov_len=432}], msg_iovlen=1, msg_controllen=0, msg_flags=0}, MSG_NOSIGNAL) = 432
7087  1783879179.982345 newfstatat(AT_FDCWD, "/data/user/0/a2dp.Vol/databases/btdevices.db", {st_mode=S_IFREG|0660, st_size=20480, ...}, 0) = 0
7108  1783879179.987667 recvfrom(43, "nysv\0\0\0\0\0\0\0\0\0\0\0\0\313\234\26\377\31\\\0\0\335m\\\0\0\0\0\0", 3200, MSG_DONTWAIT, NULL, NULL) = 32
7108  1783879179.988134 recvfrom(43, 0x73d38e2c80, 3200, MSG_DONTWAIT, NULL, NULL) = -1 EAGAIN (Try again)
7129  1783879180.002590 sendmsg(77, {msg_name=NULL, msg_namelen=0, msg_iov=[{iov_base="l\1\1\1,\1\0\0P\0\0\0\235\0\0\0\1\1o\0;\0\0\0/re/frid"..., iov_len=476}], msg_iovlen=1, msg_controllen=0, msg_flags=0}, MSG_NOSIGNAL) = 476
7108  1783879180.009819 recvfrom(43, "nysv\0\0\0\0\0\0\0\0\0\0\0\0\34;\25\0\32\\\0\0\336m\\\0\0\0\0\0", 3200, MSG_DONTWAIT, NULL, NULL) = 32
7108  1783879180.010127 recvfrom(43, 0x73d38e2eb0, 3200, MSG_DONTWAIT, NULL, NULL) = -1 EAGAIN (Try again)
7087  1783879180.013335 recvfrom(47, 0x7463e92420, 2272, MSG_DONTWAIT, NULL, NULL) = -1 EAGAIN (Try again)
7087  1783879180.013646 recvfrom(45, 0x7ffb999690, 3200, MSG_DONTWAIT, NULL, NULL) = -1 EAGAIN (Try again)
7108  1783879180.019566 recvfrom(43, 0x73d38e2eb0, 3200, MSG_DONTWAIT, NULL, NULL) = -1 EAGAIN (Try again)
7108  1783879180.020563 recvfrom(43, 0x73d38e2eb0, 3200, MSG_DONTWAIT, NULL, NULL) = -1 EAGAIN (Try again)
7108  1783879180.021580 recvfrom(43, 0x73d38e2eb0, 3200, MSG_DONTWAIT, NULL, NULL) = -1 EAGAIN (Try again)
7087  1783879180.021711 newfstatat(AT_FDCWD, "/data/user/0/a2dp.Vol/databases/btdevices.db", {st_mode=S_IFREG|0660, st_size=20480, ...}, 0) = 0
7087  1783879180.022161 faccessat(AT_FDCWD, "/data/user/0/a2dp.Vol/databases", F_OK) = 0
7087  1783879180.022361 newfstatat(AT_FDCWD, "/data/user/0/a2dp.Vol/databases/btdevices.db", {st_mode=S_IFREG|0660, st_size=20480, ...}, AT_SYMLINK_NOFOLLOW) = 0
7087  1783879180.022637 openat(AT_FDCWD, "/data/user/0/a2dp.Vol/databases/btdevices.db", O_RDWR|O_CREAT|O_LARGEFILE|O_CLOEXEC, 0600) = 42
7108  1783879180.024266 recvfrom(43, "nysv\0\0\0\0\0\0\0\0\0\0\0\0\250=\23\1\32\\\0\0\337m\\\0\0\0\0\0", 3200, MSG_DONTWAIT, NULL, NULL) = 32
7108  1783879180.029037 recvfrom(43, 0x73d38e2c80, 3200, MSG_DONTWAIT, NULL, NULL) = -1 EAGAIN (Try again)
7087  1783879180.029267 newfstatat(AT_FDCWD, "/data/user/0/a2dp.Vol/databases/btdevices.db", {st_mode=S_IFREG|0660, st_size=20480, ...}, 0) = 0
7087  1783879180.030888 newfstatat(AT_FDCWD, "/data/user/0/a2dp.Vol/databases/btdevices.db-journal", {st_mode=S_IFREG|0660, st_size=0, ...}, 0) = 0
7087  1783879180.031100 newfstatat(AT_FDCWD, "/data/user/0/a2dp.Vol/databases/btdevices.db-wal", 0x7ffb998218, 0) = -1 ENOENT (No such file or directory)
7087  1783879180.032803 newfstatat(AT_FDCWD, "/data/user/0/a2dp.Vol/databases/btdevices.db-journal", {st_mode=S_IFREG|0660, st_size=0, ...}, 0) = 0
7087  1783879180.033249 newfstatat(AT_FDCWD, "/data/user/0/a2dp.Vol/databases/btdevices.db-wal", 0x7ffb998ff8, 0) = -1 ENOENT (No such file or directory)
7087  1783879180.034789 newfstatat(AT_FDCWD, "/data/user/0/a2dp.Vol/databases/btdevices.db-journal", {st_mode=S_IFREG|0660, st_size=0, ...}, 0) = 0
7087  1783879180.036309 newfstatat(AT_FDCWD, "/data/user/0/a2dp.Vol/databases/btdevices.db-wal", 0x7ffb998fe8, 0) = -1 ENOENT (No such file or directory)
7087  1783879180.037485 fchmodat(AT_FDCWD, "/data/user/0/a2dp.Vol/databases/btdevices.db", 0660) = 0
7087  1783879180.038417 newfstatat(AT_FDCWD, "/data/user/0/a2dp.Vol/databases/btdevices.db-journal", {st_mode=S_IFREG|0660, st_size=0, ...}, 0) = 0
7087  1783879180.038975 newfstatat(AT_FDCWD, "/data/user/0/a2dp.Vol/databases/btdevices.db-wal", 0x7ffb999178, 0) = -1 ENOENT (No such file or directory)
7108  1783879180.043113 recvfrom(43, "nysv\0\0\0\0\0\0\0\0\0\0\0\0\271I\21\2\32\\\0\0\340m\\\0\0\0\0\0", 3200, MSG_DONTWAIT, NULL, NULL) = 32
7108  1783879180.043572 recvfrom(43, 0x73d38e2eb0, 3200, MSG_DONTWAIT, NULL, NULL) = -1 EAGAIN (Try again)
7087  1783879180.047609 newfstatat(AT_FDCWD, "/data/user/0/a2dp.Vol/databases/btdevices.db-journal", {st_mode=S_IFREG|0660, st_size=0, ...}, 0) = 0
7087  1783879180.048045 newfstatat(AT_FDCWD, "/data/user/0/a2dp.Vol/databases/btdevices.db-wal", 0x7ffb999008, 0) = -1 ENOENT (No such file or directory)
7087  1783879180.050415 recvfrom(45, "nysv\0\0\0\0\0\0\0\0\0\0\0\0\250=\23\1\32\\\0\0\337m\\\0\0\0\0\0", 3200, MSG_DONTWAIT, NULL, NULL) = 32
7087  1783879180.050624 recvfrom(45, 0x7ffb999730, 3200, MSG_DONTWAIT, NULL, NULL) = -1 EAGAIN (Try again)
7108  1783879180.053813 recvfrom(43, 0x73d38e2eb0, 3200, MSG_DONTWAIT, NULL, NULL) = -1 EAGAIN (Try again)
7108  1783879180.059467 recvfrom(43, "nysv\0\0\0\0\0\0\0\0\0\0\0\0\312\200\17\3\32\\\0\0\341m\\\0\0\0\0\0", 3200, MSG_DONTWAIT, NULL, NULL) = 32
7108  1783879180.059810 recvfrom(43, 0x73d38e2c80, 3200, MSG_DONTWAIT, NULL, NULL) = -1 EAGAIN (Try again)
7087  1783879180.063730 recvfrom(47, 0x7463e92420, 2272, MSG_DONTWAIT, NULL, NULL) = -1 EAGAIN (Try again)
7087  1783879180.063969 recvfrom(71, 0x73ce5d2820, 2272, MSG_DONTWAIT, NULL, NULL) = -1 EAGAIN (Try again)
7087  1783879180.064179 recvfrom(45, 0x7ffb999690, 3200, MSG_DONTWAIT, NULL, NULL) = -1 EAGAIN (Try again)
7108  1783879180.069776 recvfrom(43, 0x73d38e2eb0, 3200, MSG_DONTWAIT, NULL, NULL) = -1 EAGAIN (Try again)
7108  1783879180.070929 recvfrom(43, 0x73d38e2eb0, 3200, MSG_DONTWAIT, NULL, NULL) = -1 EAGAIN (Try again)
7108  1783879180.073243 recvfrom(43, "nysv\0\0\0\0\0\0\0\0\0\0\0\0\177\326\r\4\32\\\0\0\342m\\\0\0\0\0\0", 3200, MSG_DONTWAIT, NULL, NULL) = 32
7108  1783879180.074110 recvfrom(43, 0x73d38e2c80, 3200, MSG_DONTWAIT, NULL, NULL) = -1 EAGAIN (Try again)
7108  1783879180.096460 recvfrom(43, "nysv\0\0\0\0\0\0\0\0\0\0\0\0\230z\f\5\32\\\0\0\343m\\\0\0\0\0\0", 3200, MSG_DONTWAIT, NULL, NULL) = 32
7108  1783879180.096651 recvfrom(43, 0x73d38e2c80, 3200, MSG_DONTWAIT, NULL, NULL) = -1 EAGAIN (Try again)
7087  1783879180.106114 recvfrom(45, "nysv\0\0\0\0\0\0\0\0\0\0\0\0\177\326\r\4\32\\\0\0\342m\\\0\0\0\0\0", 3200, MSG_DONTWAIT, NULL, NULL) = 32
7087  1783879180.106698 recvfrom(45, 0x7ffb999730, 3200, MSG_DONTWAIT, NULL, NULL) = -1 EAGAIN (Try again)
7087  1783879180.110224 recvfrom(47, 0x7463e92420, 2272, MSG_DONTWAIT, NULL, NULL) = -1 EAGAIN (Try again)
7087  1783879180.110411 recvfrom(45, 0x7ffb999690, 3200, MSG_DONTWAIT, NULL, NULL) = -1 EAGAIN (Try again)
7087  1783879180.122591 recvfrom(45, "nysv\0\0\0\0\0\0\0\0\0\0\0\0\334k\t\7\32\\\0\0\345m\\\0\0\0\0\0", 3200, MSG_DONTWAIT, NULL, NULL) = 32
7087  1783879180.125301 recvfrom(45, 0x7ffb999730, 3200, MSG_DONTWAIT, NULL, NULL) = -1 EAGAIN (Try again)
7087  1783879180.125815 recvfrom(71, 0x73ce5d2820, 2272, MSG_DONTWAIT, NULL, NULL) = -1 EAGAIN (Try again)
7087  1783879180.126039 recvfrom(45, 0x7ffb9990e0, 3200, MSG_DONTWAIT, NULL, NULL) = -1 EAGAIN (Try again)
7087  1783879180.137952 recvfrom(45, "nysv\0\0\0\0\0\0\0\0\0\0\0\0\342\356\7\10\32\\\0\0\346m\\\0\0\0\0\0", 3200, MSG_DONTWAIT, NULL, NULL) = 32
7087  1783879180.138159 recvfrom(45, 0x7ffb999730, 3200, MSG_DONTWAIT, NULL, NULL) = -1 EAGAIN (Try again)
7087  1783879180.139861 recvfrom(47, 0x7463e92420, 2272, MSG_DONTWAIT, NULL, NULL) = -1 EAGAIN (Try again)
7087  1783879180.140502 recvfrom(45, 0x7ffb9990e0, 3200, MSG_DONTWAIT, NULL, NULL) = -1 EAGAIN (Try again)
7087  1783879180.154686 recvfrom(45, "nysv\0\0\0\0\0\0\0\0\0\0\0\0\20j\6\t\32\\\0\0\347m\\\0\0\0\0\0", 3200, MSG_DONTWAIT, NULL, NULL) = 32
7087  1783879180.155063 recvfrom(45, 0x7ffb999730, 3200, MSG_DONTWAIT, NULL, NULL) = -1 EAGAIN (Try again)
7087  1783879180.155351 recvfrom(47, 0x7463e92420, 2272, MSG_DONTWAIT, NULL, NULL) = -1 EAGAIN (Try again)
7087  1783879180.155931 recvfrom(45, 0x7ffb9990e0, 3200, MSG_DONTWAIT, NULL, NULL) = -1 EAGAIN (Try again)
7087  1783879180.173011 recvfrom(45, "nysv\0\0\0\0\0\0\0\0\0\0\0\0(\213\4\n\32\\\0\0\350m\\\0\0\0\0\0", 3200, MSG_DONTWAIT, NULL, NULL) = 32
7087  1783879180.173157 recvfrom(45, 0x7ffb999730, 3200, MSG_DONTWAIT, NULL, NULL) = -1 EAGAIN (Try again)
7087  1783879180.176098 recvfrom(47, 0x7463e92420, 2272, MSG_DONTWAIT, NULL, NULL) = -1 EAGAIN (Try again)
7087  1783879180.176375 recvfrom(45, 0x7ffb9990e0, 3200, MSG_DONTWAIT, NULL, NULL) = -1 EAGAIN (Try again)
7087  1783879180.188098 recvfrom(45, "nysv\0\0\0\0\0\0\0\0\0\0\0\0\351\2\3\v\32\\\0\0\351m\\\0\0\0\0\0", 3200, MSG_DONTWAIT, NULL, NULL) = 32
7087  1783879180.188301 recvfrom(45, 0x7ffb999730, 3200, MSG_DONTWAIT, NULL, NULL) = -1 EAGAIN (Try again)
7087  1783879180.188589 recvfrom(47, 0x7463e92420, 2272, MSG_DONTWAIT, NULL, NULL) = -1 EAGAIN (Try again)
7087  1783879180.188741 recvfrom(45, 0x7ffb999690, 3200, MSG_DONTWAIT, NULL, NULL) = -1 EAGAIN (Try again)
7087  1783879180.204721 recvfrom(45, "nysv\0\0\0\0\0\0\0\0\0\0\0\0vG\1\f\32\\\0\0\352m\\\0\0\0\0\0", 3200, MSG_DONTWAIT, NULL, NULL) = 32
7087  1783879180.204871 recvfrom(45, 0x7ffb999730, 3200, MSG_DONTWAIT, NULL, NULL) = -1 EAGAIN (Try again)
7087  1783879180.205620 recvfrom(45, 0x7ffb9990e0, 3200, MSG_DONTWAIT, NULL, NULL) = -1 EAGAIN (Try again)
7087  1783879180.221520 recvfrom(45, "nysv\0\0\0\0\0\0\0\0\0\0\0\0\251\271\377\f\32\\\0\0\353m\\\0\0\0\0\0", 3200, MSG_DONTWAIT, NULL, NULL) = 32
7087  1783879180.221814 recvfrom(45, 0x7ffb999730, 3200, MSG_DONTWAIT, NULL, NULL) = -1 EAGAIN (Try again)
7087  1783879180.222092 recvfrom(47, 0x7463e92420, 2272, MSG_DONTWAIT, NULL, NULL) = -1 EAGAIN (Try again)
7087  1783879180.222241 recvfrom(45, 0x7ffb9990e0, 3200, MSG_DONTWAIT, NULL, NULL) = -1 EAGAIN (Try again)
7087  1783879180.240665 recvfrom(45, "nysv\0\0\0\0\0\0\0\0\0\0\0\0\314\222\375\r\32\\\0\0\354m\\\0\0\0\0\0", 3200, MSG_DONTWAIT, NULL, NULL) = 32
7087  1783879180.240902 recvfrom(45, 0x7ffb999730, 3200, MSG_DONTWAIT, NULL, NULL) = -1 EAGAIN (Try again)
7087  1783879180.241473 recvfrom(47, 0x7463e92420, 2272, MSG_DONTWAIT, NULL, NULL) = -1 EAGAIN (Try again)
7087  1783879180.241840 recvfrom(45, 0x7ffb9990e0, 3200, MSG_DONTWAIT, NULL, NULL) = -1 EAGAIN (Try again)
7087  1783879180.256462 recvfrom(45, "nysv\0\0\0\0\0\0\0\0\0\0\0\0\317\250\373\16\32\\\0\0\355m\\\0\0\0\0\0", 3200, MSG_DONTWAIT, NULL, NULL) = 32
7087  1783879180.256608 recvfrom(45, 0x7ffb999730, 3200, MSG_DONTWAIT, NULL, NULL) = -1 EAGAIN (Try again)
7087  1783879180.258718 recvfrom(47, 0x7463e92420, 2272, MSG_DONTWAIT, NULL, NULL) = -1 EAGAIN (Try again)
7087  1783879180.259645 recvfrom(45, 0x7ffb9990e0, 3200, MSG_DONTWAIT, NULL, NULL) = -1 EAGAIN (Try again)
7087  1783879180.274196 recvfrom(45, "nysv\0\0\0\0\0\0\0\0\0\0\0\0&{\371\17\32\\\0\0\356m\\\0\0\0\0\0", 3200, MSG_DONTWAIT, NULL, NULL) = 32
7087  1783879180.274340 recvfrom(45, 0x7ffb999730, 3200, MSG_DONTWAIT, NULL, NULL) = -1 EAGAIN (Try again)
7087  1783879180.276450 recvfrom(47, 0x7463e92420, 2272, MSG_DONTWAIT, NULL, NULL) = -1 EAGAIN (Try again)
7087  1783879180.277373 recvfrom(45, 0x7ffb9990e0, 3200, MSG_DONTWAIT, NULL, NULL) = -1 EAGAIN (Try again)
7087  1783879180.287824 recvfrom(45, "nysv\0\0\0\0\0\0\0\0\0\0\0\0\37\370\367\20\32\\\0\0\357m\\\0\0\0\0\0", 3200, MSG_DONTWAIT, NULL, NULL) = 32
7087  1783879180.288159 recvfrom(45, 0x7ffb999730, 3200, MSG_DONTWAIT, NULL, NULL) = -1 EAGAIN (Try again)
7087  1783879180.288427 recvfrom(47, 0x7463e92420, 2272, MSG_DONTWAIT, NULL, NULL) = -1 EAGAIN (Try again)
7087  1783879180.290158 recvfrom(45, 0x7ffb9990e0, 3200, MSG_DONTWAIT, NULL, NULL) = -1 EAGAIN (Try again)
7087  1783879180.307273 recvfrom(45, "nysv\0\0\0\0\0\0\0\0\0\0\0\0\211\340\365\21\32\\\0\0\360m\\\0\0\0\0\0", 3200, MSG_DONTWAIT, NULL, NULL) = 32
7087  1783879180.307424 recvfrom(45, 0x7ffb999730, 3200, MSG_DONTWAIT, NULL, NULL) = -1 EAGAIN (Try again)
7087  1783879180.309666 recvfrom(47, 0x7463e92420, 2272, MSG_DONTWAIT, NULL, NULL) = -1 EAGAIN (Try again)
7087  1783879180.310671 recvfrom(45, 0x7ffb9990e0, 3200, MSG_DONTWAIT, NULL, NULL) = -1 EAGAIN (Try again)
7087  1783879180.320958 recvfrom(45, "nysv\0\0\0\0\0\0\0\0\0\0\0\0\10{\364\22\32\\\0\0\361m\\\0\0\0\0\0", 3200, MSG_DONTWAIT, NULL, NULL) = 32
7087  1783879180.321115 recvfrom(45, 0x7ffb999730, 3200, MSG_DONTWAIT, NULL, NULL) = -1 EAGAIN (Try again)
7087  1783879180.324285 recvfrom(47, 0x7463e92420, 2272, MSG_DONTWAIT, NULL, NULL) = -1 EAGAIN (Try again)
7087  1783879180.324467 recvfrom(45, 0x7ffb9990e0, 3200, MSG_DONTWAIT, NULL, NULL) = -1 EAGAIN (Try again)
7087  1783879180.341294 recvfrom(45, "nysv\0\0\0\0\0\0\0\0\0\0\0\0\255-\362\23\32\\\0\0\362m\\\0\0\0\0\0", 3200, MSG_DONTWAIT, NULL, NULL) = 32
7087  1783879180.341560 recvfrom(45, 0x7ffb999730, 3200, MSG_DONTWAIT, NULL, NULL) = -1 EAGAIN (Try again)
7087  1783879180.343328 recvfrom(47, 0x7463e92420, 2272, MSG_DONTWAIT, NULL, NULL) = -1 EAGAIN (Try again)
7087  1783879180.343593 recvfrom(45, 0x7ffb9990e0, 3200, MSG_DONTWAIT, NULL, NULL) = -1 EAGAIN (Try again)
7087  1783879180.356596 recvfrom(45, "nysv\0\0\0\0\0\0\0\0\0\0\0\0\316`\360\24\32\\\0\0\363m\\\0\0\0\0\0", 3200, MSG_DONTWAIT, NULL, NULL) = 32
7087  1783879180.356756 recvfrom(45, 0x7ffb999730, 3200, MSG_DONTWAIT, NULL, NULL) = -1 EAGAIN (Try again)
7087  1783879180.360001 recvfrom(47, 0x7463e92420, 2272, MSG_DONTWAIT, NULL, NULL) = -1 EAGAIN (Try again)
7087  1783879180.360160 recvfrom(45, 0x7ffb9990e0, 3200, MSG_DONTWAIT, NULL, NULL) = -1 EAGAIN (Try again)
7087  1783879180.372220 recvfrom(45, "nysv\0\0\0\0\0\0\0\0\0\0\0\0\370\260\356\25\32\\\0\0\364m\\\0\0\0\0\0", 3200, MSG_DONTWAIT, NULL, NULL) = 32
7087  1783879180.372451 recvfrom(45, 0x7ffb999730, 3200, MSG_DONTWAIT, NULL, NULL) = -1 EAGAIN (Try again)
7087  1783879180.372822 recvfrom(47, 0x7463e92420, 2272, MSG_DONTWAIT, NULL, NULL) = -1 EAGAIN (Try again)
7104  1783879180.831544 clone(child_stack=0x73d0b5bd40, flags=CLONE_VM|CLONE_FS|CLONE_FILES|CLONE_SIGHAND|CLONE_THREAD|CLONE_SYSVSEM|CLONE_SETTLS|CLONE_PARENT_SETTID|CLONE_CHILD_CLEARTID, parent_tidptr=0x73d0b5bd60, tls=0x73d0b5c020, child_tidptr=0x73d0b5bd60) = 7188
7188  1783879180.833507 openat(AT_FDCWD, "/proc/7188/timerslack_ns", O_WRONLY|O_CREAT|O_TRUNC|O_NOFOLLOW|O_CLOEXEC, 0666) = 44
7087  1783879183.519237 recvfrom(45, 0x7ffb999250, 3200, MSG_DONTWAIT, NULL, NULL) = -1 EAGAIN (Try again)
7087  1783879183.537591 recvfrom(45, "nysv\0\0\0\0\0\0\0\0\0\0\0\0E\27\257\322\32\\\0\0\261n\\\0\0\0\0\0", 3200, MSG_DONTWAIT, NULL, NULL) = 32
7087  1783879183.538368 recvfrom(45, 0x7ffb999730, 3200, MSG_DONTWAIT, NULL, NULL) = -1 EAGAIN (Try again)
7087  1783879197.021497 recvfrom(47, "\2\0\0\0\0\0\0\0\27\21\1\0\0\0\0\0\0CL\366\35\\\0\0\1\0\0\0\2\20\0\0"..., 2272, MSG_DONTWAIT, NULL, NULL) = 232
7087  1783879197.022117 sendto(47, "\3\0\0\0\0\0\0\0\27\21\1\0\1\0\0\0", 16, MSG_DONTWAIT|MSG_NOSIGNAL, NULL, 0) = 16
7087  1783879197.022261 recvfrom(47, 0x7463e92420, 2272, MSG_DONTWAIT, NULL, NULL) = -1 EAGAIN (Try again)
7087  1783879197.022906 recvfrom(47, "\2\0\0\0\0\0\0\0\31\21\1\0\0\0\0\0\0CL\366\35\\\0\0\1\0\0\0\2\20\0\0"..., 2272, MSG_DONTWAIT, NULL, NULL) = 232
7087  1783879197.023131 recvfrom(45, 0x7ffb997f60, 3200, MSG_DONTWAIT, NULL, NULL) = -1 EAGAIN (Try again)
7087  1783879197.023889 sendto(47, "\3\0\0\0\0\0\0\0\31\21\1\0\1\0\0\0", 16, MSG_DONTWAIT|MSG_NOSIGNAL, NULL, 0) = 16
7087  1783879197.024048 recvfrom(47, 0x7463e92420, 2272, MSG_DONTWAIT, NULL, NULL) = -1 EAGAIN (Try again)
7087  1783879197.036954 recvfrom(45, "nysv\0\0\0\0\0\0\0\0\0\0\0\0\230}X\367\35\\\0\0\333q\\\0\0\0\0\0", 3200, MSG_DONTWAIT, NULL, NULL) = 32
7087  1783879197.037147 recvfrom(45, 0x7ffb999730, 3200, MSG_DONTWAIT, NULL, NULL) = -1 EAGAIN (Try again)
7087  1783879197.037440 recvfrom(47, 0x7463e92420, 2272, MSG_DONTWAIT, NULL, NULL) = -1 EAGAIN (Try again)
7087  1783879197.037616 recvfrom(45, 0x7ffb999690, 3200, MSG_DONTWAIT, NULL, NULL) = -1 EAGAIN (Try again)
7087  1783879197.053962 recvfrom(45, "nysv\0\0\0\0\0\0\0\0\0\0\0\0\352!W\370\35\\\0\0\334q\\\0\0\0\0\0", 3200, MSG_DONTWAIT, NULL, NULL) = 32
7087  1783879197.054323 recvfrom(45, 0x7ffb999730, 3200, MSG_DONTWAIT, NULL, NULL) = -1 EAGAIN (Try again)
7087  1783879197.054944 recvfrom(45, 0x7ffb999690, 3200, MSG_DONTWAIT, NULL, NULL) = -1 EAGAIN (Try again)
7108  1783879197.056666 recvfrom(43, 0x73d38e2eb0, 3200, MSG_DONTWAIT, NULL, NULL) = -1 EAGAIN (Try again)
7108  1783879197.070717 recvfrom(43, "nysv\0\0\0\0\0\0\0\0\0\0\0\0R\243U\371\35\\\0\0\335q\\\0\0\0\0\0", 3200, MSG_DONTWAIT, NULL, NULL) = 32
7087  1783879197.071020 recvfrom(45,  <unfinished ...>
7108  1783879197.071104 recvfrom(43, 0x73d38e2c80, 3200, MSG_DONTWAIT, NULL, NULL) = -1 EAGAIN (Try again)
7087  1783879197.071638 <... recvfrom resumed> "nysv\0\0\0\0\0\0\0\0\0\0\0\0R\243U\371\35\\\0\0\335q\\\0\0\0\0\0", 3200, MSG_DONTWAIT, NULL, NULL) = 32
7087  1783879197.071754 recvfrom(45, 0x7ffb999730, 3200, MSG_DONTWAIT, NULL, NULL) = -1 EAGAIN (Try again)
7087  1783879197.075977 recvfrom(45, 0x7ffb999690, 3200, MSG_DONTWAIT, NULL, NULL) = -1 EAGAIN (Try again)
7087  1783879197.087494 recvfrom(45, "nysv\0\0\0\0\0\0\0\0\0\0\0\0\6AT\372\35\\\0\0\336q\\\0\0\0\0\0", 3200, MSG_DONTWAIT, NULL, NULL) = 32
7087  1783879197.088267 recvfrom(45, 0x7ffb999730, 3200, MSG_DONTWAIT, NULL, NULL) = -1 EAGAIN (Try again)
7087  1783879197.088846 recvfrom(45, 0x7ffb999690, 3200, MSG_DONTWAIT, NULL, NULL) = -1 EAGAIN (Try again)
7108  1783879197.095257 recvfrom(43, "nysv\0\0\0\0\0\0\0\0\0\0\0\0\6AT\372\35\\\0\0\336q\\\0\0\0\0\0", 3200, MSG_DONTWAIT, NULL, NULL) = 32
7108  1783879197.095521 recvfrom(43, 0x73d38e2eb0, 3200, MSG_DONTWAIT, NULL, NULL) = -1 EAGAIN (Try again)
7108  1783879197.096180 recvfrom(43, 0x73d38e2eb0, 3200, MSG_DONTWAIT, NULL, NULL) = -1 EAGAIN (Try again)
7087  1783879197.099531 newfstatat(AT_FDCWD, "/data/user/0/a2dp.Vol/databases/btdevices.db-journal", {st_mode=S_IFREG|0660, st_size=0, ...}, 0) = 0
7087  1783879197.099901 newfstatat(AT_FDCWD, "/data/user/0/a2dp.Vol/databases/btdevices.db-wal", 0x7ffb998ce8, 0) = -1 ENOENT (No such file or directory)
7108  1783879197.103731 recvfrom(43, "nysv\0\0\0\0\0\0\0\0\0\0\0\0\211\331R\373\35\\\0\0\337q\\\0\0\0\0\0", 3200, MSG_DONTWAIT, NULL, NULL) = 32
7108  1783879197.103983 recvfrom(43, 0x73d38e2c80, 3200, MSG_DONTWAIT, NULL, NULL) = -1 EAGAIN (Try again)
7108  1783879197.117543 recvfrom(43, 0x73d38e2eb0, 3200, MSG_DONTWAIT, NULL, NULL) = -1 EAGAIN (Try again)
7108  1783879197.120499 recvfrom(43, "nysv\0\0\0\0\0\0\0\0\0\0\0\0\220lQ\374\35\\\0\0\340q\\\0\0\0\0\0", 3200, MSG_DONTWAIT, NULL, NULL) = 32
7108  1783879197.120776 recvfrom(43, 0x73d38e2c80, 3200, MSG_DONTWAIT, NULL, NULL) = -1 EAGAIN (Try again)
7108  1783879197.132296 recvfrom(43, 0x73d38e2eb0, 3200, MSG_DONTWAIT, NULL, NULL) = -1 EAGAIN (Try again)
7087  1783879197.136355 recvfrom(45, "nysv\0\0\0\0\0\0\0\0\0\0\0\0\211\331R\373\35\\\0\0\337q\\\0\0\0\0\0", 3200, MSG_DONTWAIT, NULL, NULL) = 32
7087  1783879197.136552 recvfrom(45, 0x7ffb999730, 3200, MSG_DONTWAIT, NULL, NULL) = -1 EAGAIN (Try again)
7087  1783879197.136865 recvfrom(47, 0x7463e92420, 2272, MSG_DONTWAIT, NULL, NULL) = -1 EAGAIN (Try again)
7087  1783879197.137360 recvfrom(71, 0x73ce66c020, 2272, MSG_DONTWAIT, NULL, NULL) = -1 EAGAIN (Try again)
7087  1783879197.137640 recvfrom(45,  <unfinished ...>
7108  1783879197.137752 recvfrom(43,  <unfinished ...>
7087  1783879197.137755 <... recvfrom resumed> 0x7ffb999690, 3200, MSG_DONTWAIT, NULL, NULL) = -1 EAGAIN (Try again)
7108  1783879197.137941 <... recvfrom resumed> "nysv\0\0\0\0\0\0\0\0\0\0\0\0\357\6P\375\35\\\0\0\341q\\\0\0\0\0\0", 3200, MSG_DONTWAIT, NULL, NULL) = 32
7108  1783879197.139478 recvfrom(43, 0x73d38e2c80, 3200, MSG_DONTWAIT, NULL, NULL) = -1 EAGAIN (Try again)
7108  1783879197.149562 recvfrom(43, 0x73d38e2eb0, 3200, MSG_DONTWAIT, NULL, NULL) = -1 EAGAIN (Try again)
7108  1783879197.164639 recvfrom(43, "nysv\0\0\0\0\0\0\0\0\0\0\0\0;\241N\376\35\\\0\0\342q\\\0\0\0\0\0", 3200, MSG_DONTWAIT, NULL, NULL) = 32
7108  1783879197.164793 recvfrom(43, 0x73d38e2c80, 3200, MSG_DONTWAIT, NULL, NULL) = -1 EAGAIN (Try again)
7108  1783879197.175682 recvfrom(43, "nysv\0\0\0\0\0\0\0\0\0\0\0\0w)M\377\35\\\0\0\343q\\\0\0\0\0\0", 3200, MSG_DONTWAIT, NULL, NULL) = 32
7108  1783879197.175906 recvfrom(43, 0x73d38e2eb0, 3200, MSG_DONTWAIT, NULL, NULL) = -1 EAGAIN (Try again)
7108  1783879197.216529 recvfrom(43, "nysv\0\0\0\0\0\0\0\0\0\0\0\0001\304K\0\36\\\0\0\344q\\\0\0\0\0\0", 3200, MSG_DONTWAIT, NULL, NULL) = 32
7108  1783879197.216738 recvfrom(43, 0x73d38e2eb0, 3200, MSG_DONTWAIT, NULL, NULL) = -1 EAGAIN (Try again)
7087  1783879197.218307 recvfrom(45, "nysv\0\0\0\0\0\0\0\0\0\0\0\0;\241N\376\35\\\0\0\342q\\\0\0\0\0\0", 3200, MSG_DONTWAIT, NULL, NULL) = 32
7087  1783879197.218505 recvfrom(45, 0x7ffb999730, 3200, MSG_DONTWAIT, NULL, NULL) = -1 EAGAIN (Try again)
7108  1783879197.230189 recvfrom(43, "nysv\0\0\0\0\0\0\0\0\0\0\0\0\375\366H\2\36\\\0\0\346q\\\0\0\0\0\0", 3200, MSG_DONTWAIT, NULL, NULL) = 32
7108  1783879197.230362 recvfrom(43, 0x73d38e2eb0, 3200, MSG_DONTWAIT, NULL, NULL) = -1 EAGAIN (Try again)
7087  1783879197.233358 recvfrom(71, 0x73ce66c020, 2272, MSG_DONTWAIT, NULL, NULL) = -1 EAGAIN (Try again)
7087  1783879197.233595 recvfrom(45, 0x7ffb999690, 3200, MSG_DONTWAIT, NULL, NULL) = -1 EAGAIN (Try again)
7108  1783879197.243586 recvfrom(43, "nysv\0\0\0\0\0\0\0\0\0\0\0\0HjG\3\36\\\0\0\347q\\\0\0\0\0\0", 3200, MSG_DONTWAIT, NULL, NULL) = 32
7108  1783879197.243761 recvfrom(43, 0x73d38e2eb0, 3200, MSG_DONTWAIT, NULL, NULL) = -1 EAGAIN (Try again)
7087  1783879197.247727 recvfrom(45, "nysv\0\0\0\0\0\0\0\0\0\0\0\0HjG\3\36\\\0\0\347q\\\0\0\0\0\0", 3200, MSG_DONTWAIT, NULL, NULL) = 32
7087  1783879197.247991 recvfrom(45, 0x7ffb999730, 3200, MSG_DONTWAIT, NULL, NULL) = -1 EAGAIN (Try again)
7087  1783879197.249575 recvfrom(71, 0x73ce66c020, 2272, MSG_DONTWAIT, NULL, NULL) = -1 EAGAIN (Try again)
7087  1783879197.249793 recvfrom(47, 0x7463e92420, 2272, MSG_DONTWAIT, NULL, NULL) = -1 EAGAIN (Try again)
7087  1783879197.249996 recvfrom(45, 0x7ffb999690, 3200, MSG_DONTWAIT, NULL, NULL) = -1 EAGAIN (Try again)
7108  1783879197.267068 recvfrom(43, "nysv\0\0\0\0\0\0\0\0\0\0\0\0=\0F\4\36\\\0\0\350q\\\0\0\0\0\0", 3200, MSG_DONTWAIT, NULL, NULL) = 32
7108  1783879197.267251 recvfrom(43, 0x73d38e2eb0, 3200, MSG_DONTWAIT, NULL, NULL) = -1 EAGAIN (Try again)
7108  1783879197.268534 recvfrom(43, 0x73d38e2eb0, 3200, MSG_DONTWAIT, NULL, NULL) = -1 EAGAIN (Try again)
7087  1783879197.269071 recvfrom(45, "nysv\0\0\0\0\0\0\0\0\0\0\0\0=\0F\4\36\\\0\0\350q\\\0\0\0\0\0", 3200, MSG_DONTWAIT, NULL, NULL) = 32
7087  1783879197.269224 recvfrom(45, 0x7ffb999730, 3200, MSG_DONTWAIT, NULL, NULL) = -1 EAGAIN (Try again)
7087  1783879197.269393 recvfrom(45, 0x7ffb999690, 3200, MSG_DONTWAIT, NULL, NULL) = -1 EAGAIN (Try again)
7108  1783879197.270766 recvfrom(43, "nysv\0\0\0\0\0\0\0\0\0\0\0\0\7\205D\5\36\\\0\0\351q\\\0\0\0\0\0", 3200, MSG_DONTWAIT, NULL, NULL) = 32
7108  1783879197.270977 recvfrom(43, 0x73d38e2c80, 3200, MSG_DONTWAIT, NULL, NULL) = -1 EAGAIN (Try again)
7087  1783879197.271617 recvfrom(45, "nysv\0\0\0\0\0\0\0\0\0\0\0\0\7\205D\5\36\\\0\0\351q\\\0\0\0\0\0", 3200, MSG_DONTWAIT, NULL, NULL) = 32
7087  1783879197.272019 recvfrom(45, 0x7ffb999730, 3200, MSG_DONTWAIT, NULL, NULL) = -1 EAGAIN (Try again)
7087  1783879197.272423 recvfrom(45, 0x7ffb999690, 3200, MSG_DONTWAIT, NULL, NULL) = -1 EAGAIN (Try again)
7108  1783879197.285159 recvfrom(43, 0x73d38e2eb0, 3200, MSG_DONTWAIT, NULL, NULL) = -1 EAGAIN (Try again)
7108  1783879197.287558 recvfrom(43, "nysv\0\0\0\0\0\0\0\0\0\0\0\0k\5C\6\36\\\0\0\352q\\\0\0\0\0\0", 3200, MSG_DONTWAIT, NULL, NULL) = 32
7108  1783879197.287860 recvfrom(43,  <unfinished ...>
7087  1783879197.288034 recvfrom(45,  <unfinished ...>
7108  1783879197.288188 <... recvfrom resumed> 0x73d38e2c80, 3200, MSG_DONTWAIT, NULL, NULL) = -1 EAGAIN (Try again)
7087  1783879197.288376 <... recvfrom resumed> "nysv\0\0\0\0\0\0\0\0\0\0\0\0k\5C\6\36\\\0\0\352q\\\0\0\0\0\0", 3200, MSG_DONTWAIT, NULL, NULL) = 32
7087  1783879197.288515 recvfrom(45, 0x7ffb999730, 3200, MSG_DONTWAIT, NULL, NULL) = -1 EAGAIN (Try again)
7087  1783879197.292322 recvfrom(45, 0x7ffb999690, 3200, MSG_DONTWAIT, NULL, NULL) = -1 EAGAIN (Try again)
7108  1783879197.301251 recvfrom(43, 0x73d38e2eb0, 3200, MSG_DONTWAIT, NULL, NULL) = -1 EAGAIN (Try again)
7108  1783879197.303820 recvfrom(43, "nysv\0\0\0\0\0\0\0\0\0\0\0\0\203\227A\7\36\\\0\0\353q\\\0\0\0\0\0", 3200, MSG_DONTWAIT, NULL, NULL) = 32
7108  1783879197.304117 recvfrom(43, 0x73d38e2c80, 3200, MSG_DONTWAIT, NULL, NULL) = -1 EAGAIN (Try again)
7087  1783879197.304352 recvfrom(45, "nysv\0\0\0\0\0\0\0\0\0\0\0\0\203\227A\7\36\\\0\0\353q\\\0\0\0\0\0", 3200, MSG_DONTWAIT, NULL, NULL) = 32
7087  1783879197.304655 recvfrom(45, 0x7ffb999730, 3200, MSG_DONTWAIT, NULL, NULL) = -1 EAGAIN (Try again)
7087  1783879197.305222 recvfrom(45, 0x7ffb999690, 3200, MSG_DONTWAIT, NULL, NULL) = -1 EAGAIN (Try again)
7108  1783879197.316628 recvfrom(43, 0x73d38e2eb0, 3200, MSG_DONTWAIT, NULL, NULL) = -1 EAGAIN (Try again)
7108  1783879197.320690 recvfrom(43, "nysv\0\0\0\0\0\0\0\0\0\0\0\0\251 @\10\36\\\0\0\354q\\\0\0\0\0\0", 3200, MSG_DONTWAIT, NULL, NULL) = 32
7108  1783879197.320969 recvfrom(43, 0x73d38e2c80, 3200, MSG_DONTWAIT, NULL, NULL) = -1 EAGAIN (Try again)
7087  1783879197.321424 recvfrom(45, "nysv\0\0\0\0\0\0\0\0\0\0\0\0\251 @\10\36\\\0\0\354q\\\0\0\0\0\0", 3200, MSG_DONTWAIT, NULL, NULL) = 32
7087  1783879197.321607 recvfrom(45, 0x7ffb999730, 3200, MSG_DONTWAIT, NULL, NULL) = -1 EAGAIN (Try again)
7087  1783879197.327498 recvfrom(45, 0x7ffb999690, 3200, MSG_DONTWAIT, NULL, NULL) = -1 EAGAIN (Try again)
7108  1783879197.335099 recvfrom(43, 0x73d38e2eb0, 3200, MSG_DONTWAIT, NULL, NULL) = -1 EAGAIN (Try again)
7108  1783879197.337613 recvfrom(43, "nysv\0\0\0\0\0\0\0\0\0\0\0\0\1\235>\t\36\\\0\0\355q\\\0\0\0\0\0", 3200, MSG_DONTWAIT, NULL, NULL) = 32
7108  1783879197.337884 recvfrom(43, 0x73d38e2c80, 3200, MSG_DONTWAIT, NULL, NULL) = -1 EAGAIN (Try again)
7087  1783879197.338357 recvfrom(45, "nysv\0\0\0\0\0\0\0\0\0\0\0\0\1\235>\t\36\\\0\0\355q\\\0\0\0\0\0", 3200, MSG_DONTWAIT, NULL, NULL) = 32
7087  1783879197.338597 recvfrom(45, 0x7ffb999730, 3200, MSG_DONTWAIT, NULL, NULL) = -1 EAGAIN (Try again)
7087  1783879197.342273 recvfrom(45, 0x7ffb999690, 3200, MSG_DONTWAIT, NULL, NULL) = -1 EAGAIN (Try again)
7108  1783879197.350618 recvfrom(43, 0x73d38e2eb0, 3200, MSG_DONTWAIT, NULL, NULL) = -1 EAGAIN (Try again)
7108  1783879197.354511 recvfrom(43, "nysv\0\0\0\0\0\0\0\0\0\0\0\0\23\10=\n\36\\\0\0\356q\\\0\0\0\0\0", 3200, MSG_DONTWAIT, NULL, NULL) = 32
7108  1783879197.354744 recvfrom(43, 0x73d38e2c80, 3200, MSG_DONTWAIT, NULL, NULL) = -1 EAGAIN (Try again)
7087  1783879197.355218 recvfrom(45, "nysv\0\0\0\0\0\0\0\0\0\0\0\0\23\10=\n\36\\\0\0\356q\\\0\0\0\0\0", 3200, MSG_DONTWAIT, NULL, NULL) = 32
7087  1783879197.355400 recvfrom(45, 0x7ffb999730, 3200, MSG_DONTWAIT, NULL, NULL) = -1 EAGAIN (Try again)
7087  1783879197.358224 recvfrom(45, 0x7ffb999690, 3200, MSG_DONTWAIT, NULL, NULL) = -1 EAGAIN (Try again)
7108  1783879197.368310 recvfrom(43, 0x73d38e2eb0, 3200, MSG_DONTWAIT, NULL, NULL) = -1 EAGAIN (Try again)
7108  1783879197.370972 recvfrom(43, "nysv\0\0\0\0\0\0\0\0\0\0\0\0\213\201;\v\36\\\0\0\357q\\\0\0\0\0\0", 3200, MSG_DONTWAIT, NULL, NULL) = 32
7108  1783879197.371192 recvfrom(43, 0x73d38e2c80, 3200, MSG_DONTWAIT, NULL, NULL) = -1 EAGAIN (Try again)
7087  1783879197.371833 recvfrom(45, "nysv\0\0\0\0\0\0\0\0\0\0\0\0\213\201;\v\36\\\0\0\357q\\\0\0\0\0\0", 3200, MSG_DONTWAIT, NULL, NULL) = 32
7087  1783879197.372094 recvfrom(45, 0x7ffb999730, 3200, MSG_DONTWAIT, NULL, NULL) = -1 EAGAIN (Try again)
7087  1783879197.375191 recvfrom(45, 0x7ffb999690, 3200, MSG_DONTWAIT, NULL, NULL) = -1 EAGAIN (Try again)
7108  1783879197.383749 recvfrom(43, 0x73d38e2eb0, 3200, MSG_DONTWAIT, NULL, NULL) = -1 EAGAIN (Try again)
7108  1783879197.387391 recvfrom(43, "nysv\0\0\0\0\0\0\0\0\0\0\0\0\264.:\f\36\\\0\0\360q\\\0\0\0\0\0", 3200, MSG_DONTWAIT, NULL, NULL) = 32
7108  1783879197.387691 recvfrom(43,  <unfinished ...>
7087  1783879197.387938 recvfrom(45, "nysv\0\0\0\0\0\0\0\0\0\0\0\0\264.:\f\36\\\0\0\360q\\\0\0\0\0\0", 3200, MSG_DONTWAIT, NULL, NULL) = 32
7087  1783879197.388359 recvfrom(45, 0x7ffb999730, 3200, MSG_DONTWAIT, NULL, NULL) = -1 EAGAIN (Try again)
7108  1783879197.391493 <... recvfrom resumed> 0x73d38e2c80, 3200, MSG_DONTWAIT, NULL, NULL) = -1 EAGAIN (Try again)
7087  1783879197.391736 recvfrom(45, 0x7ffb999690, 3200, MSG_DONTWAIT, NULL, NULL) = -1 EAGAIN (Try again)
7108  1783879197.400695 recvfrom(43, 0x73d38e2eb0, 3200, MSG_DONTWAIT, NULL, NULL) = -1 EAGAIN (Try again)
7087  1783879197.404968 recvfrom(45,  <unfinished ...>
7108  1783879197.405170 recvfrom(43,  <unfinished ...>
7087  1783879197.405210 <... recvfrom resumed> "nysv\0\0\0\0\0\0\0\0\0\0\0\0_\2338\r\36\\\0\0\361q\\\0\0\0\0\0", 3200, MSG_DONTWAIT, NULL, NULL) = 32
7087  1783879197.405393 recvfrom(45, 0x7ffb999730, 3200, MSG_DONTWAIT, NULL, NULL) = -1 EAGAIN (Try again)
7108  1783879197.405828 <... recvfrom resumed> "nysv\0\0\0\0\0\0\0\0\0\0\0\0_\2338\r\36\\\0\0\361q\\\0\0\0\0\0", 3200, MSG_DONTWAIT, NULL, NULL) = 32
7108  1783879197.406428 recvfrom(43, 0x73d38e2c80, 3200, MSG_DONTWAIT, NULL, NULL) = -1 EAGAIN (Try again)
7087  1783879197.406717 recvfrom(45, 0x7ffb999690, 3200, MSG_DONTWAIT, NULL, NULL) = -1 EAGAIN (Try again)
7087  1783879197.420841 recvfrom(45, "nysv\0\0\0\0\0\0\0\0\0\0\0\0\225*7\16\36\\\0\0\362q\\\0\0\0\0\0", 3200, MSG_DONTWAIT, NULL, NULL) = 32
7087  1783879197.421095 recvfrom(45, 0x7ffb999730, 3200, MSG_DONTWAIT, NULL, NULL) = -1 EAGAIN (Try again)
7087  1783879197.424535 recvfrom(45,  <unfinished ...>
7108  1783879197.424641 recvfrom(43,  <unfinished ...>
7087  1783879197.424652 <... recvfrom resumed> 0x7ffb999690, 3200, MSG_DONTWAIT, NULL, NULL) = -1 EAGAIN (Try again)
7108  1783879197.424745 <... recvfrom resumed> "nysv\0\0\0\0\0\0\0\0\0\0\0\0\225*7\16\36\\\0\0\362q\\\0\0\0\0\0", 3200, MSG_DONTWAIT, NULL, NULL) = 32
7108  1783879197.424869 recvfrom(43, 0x73d38e2eb0, 3200, MSG_DONTWAIT, NULL, NULL) = -1 EAGAIN (Try again)
7108  1783879197.435545 recvfrom(43, 0x73d38e2eb0, 3200, MSG_DONTWAIT, NULL, NULL) = -1 EAGAIN (Try again)
7108  1783879197.437530 recvfrom(43, "nysv\0\0\0\0\0\0\0\0\0\0\0\0-\2505\17\36\\\0\0\363q\\\0\0\0\0\0", 3200, MSG_DONTWAIT, NULL, NULL) = 32
7108  1783879197.437822 recvfrom(43,  <unfinished ...>
7087  1783879197.437826 recvfrom(45, "nysv\0\0\0\0\0\0\0\0\0\0\0\0-\2505\17\36\\\0\0\363q\\\0\0\0\0\0", 3200, MSG_DONTWAIT, NULL, NULL) = 32
7108  1783879197.438188 <... recvfrom resumed> 0x73d38e2c80, 3200, MSG_DONTWAIT, NULL, NULL) = -1 EAGAIN (Try again)
7087  1783879197.438201 recvfrom(45, 0x7ffb999730, 3200, MSG_DONTWAIT, NULL, NULL) = -1 EAGAIN (Try again)
7087  1783879197.438654 recvfrom(45, 0x7ffb999690, 3200, MSG_DONTWAIT, NULL, NULL) = -1 EAGAIN (Try again)
7108  1783879197.450892 recvfrom(43, 0x73d38e2eb0, 3200, MSG_DONTWAIT, NULL, NULL) = -1 EAGAIN (Try again)
7108  1783879197.454481 recvfrom(43, "nysv\0\0\0\0\0\0\0\0\0\0\0\0\247\0204\20\36\\\0\0\364q\\\0\0\0\0\0", 3200, MSG_DONTWAIT, NULL, NULL) = 32
7087  1783879197.454718 recvfrom(45,  <unfinished ...>
7108  1783879197.454837 recvfrom(43,  <unfinished ...>
7087  1783879197.454948 <... recvfrom resumed> "nysv\0\0\0\0\0\0\0\0\0\0\0\0\247\0204\20\36\\\0\0\364q\\\0\0\0\0\0", 3200, MSG_DONTWAIT, NULL, NULL) = 32
7108  1783879197.455015 <... recvfrom resumed> 0x73d38e2c80, 3200, MSG_DONTWAIT, NULL, NULL) = -1 EAGAIN (Try again)
7087  1783879197.455160 recvfrom(45, 0x7ffb999730, 3200, MSG_DONTWAIT, NULL, NULL) = -1 EAGAIN (Try again)
7108  1783879197.470753 recvfrom(43, "nysv\0\0\0\0\0\0\0\0\0\0\0\0f\2352\21\36\\\0\0\365q\\\0\0\0\0\0", 3200, MSG_DONTWAIT, NULL, NULL) = 32
7108  1783879197.471187 recvfrom(43, 0x73d38e2c80, 3200, MSG_DONTWAIT, NULL, NULL) = -1 EAGAIN (Try again)
7087  1783879198.625427 recvfrom(45, 0x7ffb999580, 3200, MSG_DONTWAIT, NULL, NULL) = -1 EAGAIN (Try again)
7087  1783879198.640406 recvfrom(45, "nysv\0\0\0\0\0\0\0\0\0\0\0\0\310\344\265V\36\\\0\0;r\\\0\0\0\0\0", 3200, MSG_DONTWAIT, NULL, NULL) = 32
7087  1783879198.640860 recvfrom(45, 0x7ffb999730, 3200, MSG_DONTWAIT, NULL, NULL) = -1 EAGAIN (Try again)
7087  1783879198.641556 recvfrom(47, 0x7463e92420, 2272, MSG_DONTWAIT, NULL, NULL) = -1 EAGAIN (Try again)
7087  1783879198.642726 recvfrom(45, 0x7ffb9989a0, 3200, MSG_DONTWAIT, NULL, NULL) = -1 EAGAIN (Try again)
7087  1783879198.655694 recvfrom(45, "nysv\0\0\0\0\0\0\0\0\0\0\0\0FZ\264W\36\\\0\0<r\\\0\0\0\0\0", 3200, MSG_DONTWAIT, NULL, NULL) = 32
7087  1783879198.656985 recvfrom(45, 0x7ffb999730, 3200, MSG_DONTWAIT, NULL, NULL) = -1 EAGAIN (Try again)
7087  1783879198.658120 recvfrom(47, 0x7463e92420, 2272, MSG_DONTWAIT, NULL, NULL) = -1 EAGAIN (Try again)
7087  1783879198.659739 recvfrom(45, 0x7ffb9989a0, 3200, MSG_DONTWAIT, NULL, NULL) = -1 EAGAIN (Try again)
7087  1783879198.670780 recvfrom(45, "nysv\0\0\0\0\0\0\0\0\0\0\0\0D\0\263X\36\\\0\0=r\\\0\0\0\0\0", 3200, MSG_DONTWAIT, NULL, NULL) = 32
7087  1783879198.671375 recvfrom(45, 0x7ffb999730, 3200, MSG_DONTWAIT, NULL, NULL) = -1 EAGAIN (Try again)
7087  1783879198.672140 recvfrom(47, 0x7463e92420, 2272, MSG_DONTWAIT, NULL, NULL) = -1 EAGAIN (Try again)
7087  1783879198.676653 recvfrom(45, 0x7ffb9989a0, 3200, MSG_DONTWAIT, NULL, NULL) = -1 EAGAIN (Try again)
7087  1783879198.687642 recvfrom(45, "nysv\0\0\0\0\0\0\0\0\0\0\0\0\4\241\261Y\36\\\0\0>r\\\0\0\0\0\0", 3200, MSG_DONTWAIT, NULL, NULL) = 32
7087  1783879198.687996 recvfrom(45, 0x7ffb999730, 3200, MSG_DONTWAIT, NULL, NULL) = -1 EAGAIN (Try again)
7087  1783879198.688912 recvfrom(47, 0x7463e92420, 2272, MSG_DONTWAIT, NULL, NULL) = -1 EAGAIN (Try again)
7087  1783879198.689744 recvfrom(45, 0x7ffb9989a0, 3200, MSG_DONTWAIT, NULL, NULL) = -1 EAGAIN (Try again)
7087  1783879198.704050 recvfrom(45, "nysv\0\0\0\0\0\0\0\0\0\0\0\0\215:\260Z\36\\\0\0?r\\\0\0\0\0\0", 3200, MSG_DONTWAIT, NULL, NULL) = 32
7087  1783879198.704413 recvfrom(45, 0x7ffb999730, 3200, MSG_DONTWAIT, NULL, NULL) = -1 EAGAIN (Try again)
7087  1783879198.704982 recvfrom(47, 0x7463e92420, 2272, MSG_DONTWAIT, NULL, NULL) = -1 EAGAIN (Try again)
7087  1783879198.706975 recvfrom(45, 0x7ffb9989a0, 3200, MSG_DONTWAIT, NULL, NULL) = -1 EAGAIN (Try again)
7087  1783879198.720712 recvfrom(45, "nysv\0\0\0\0\0\0\0\0\0\0\0\0^\320\256[\36\\\0\0@r\\\0\0\0\0\0", 3200, MSG_DONTWAIT, NULL, NULL) = 32
7087  1783879198.721089 recvfrom(45, 0x7ffb999730, 3200, MSG_DONTWAIT, NULL, NULL) = -1 EAGAIN (Try again)
7087  1783879198.723080 recvfrom(47, 0x7463e92420, 2272, MSG_DONTWAIT, NULL, NULL) = -1 EAGAIN (Try again)
7087  1783879198.724210 recvfrom(45, 0x7ffb9989a0, 3200, MSG_DONTWAIT, NULL, NULL) = -1 EAGAIN (Try again)
7087  1783879198.737410 recvfrom(45, "nysv\0\0\0\0\0\0\0\0\0\0\0\0U_\255\\\36\\\0\0Ar\\\0\0\0\0\0", 3200, MSG_DONTWAIT, NULL, NULL) = 32
7087  1783879198.737779 recvfrom(45, 0x7ffb999730, 3200, MSG_DONTWAIT, NULL, NULL) = -1 EAGAIN (Try again)
7087  1783879198.738315 recvfrom(47, 0x7463e92420, 2272, MSG_DONTWAIT, NULL, NULL) = -1 EAGAIN (Try again)
7087  1783879198.742025 recvfrom(45, 0x7ffb9989a0, 3200, MSG_DONTWAIT, NULL, NULL) = -1 EAGAIN (Try again)
7087  1783879198.754178 recvfrom(45, "nysv\0\0\0\0\0\0\0\0\0\0\0\0\305\342\253]\36\\\0\0Br\\\0\0\0\0\0", 3200, MSG_DONTWAIT, NULL, NULL) = 32
7087  1783879198.754612 recvfrom(45, 0x7ffb999730, 3200, MSG_DONTWAIT, NULL, NULL) = -1 EAGAIN (Try again)
7087  1783879198.755019 recvfrom(47, 0x7463e92420, 2272, MSG_DONTWAIT, NULL, NULL) = -1 EAGAIN (Try again)
7087  1783879198.757828 recvfrom(71, 0x73ce66c020, 2272, MSG_DONTWAIT, NULL, NULL) = -1 EAGAIN (Try again)
7087  1783879198.758108 recvfrom(45, 0x7ffb9989a0, 3200, MSG_DONTWAIT, NULL, NULL) = -1 EAGAIN (Try again)
7087  1783879198.781651 recvfrom(45, "nysv\0\0\0\0\0\0\0\0\0\0\0\0\6V\252^\36\\\0\0Cr\\\0\0\0\0\0", 3200, MSG_DONTWAIT, NULL, NULL) = 32
7087  1783879198.781924 recvfrom(45, 0x7ffb999730, 3200, MSG_DONTWAIT, NULL, NULL) = -1 EAGAIN (Try again)
7087  1783879198.782208 recvfrom(47, 0x7463e92420, 2272, MSG_DONTWAIT, NULL, NULL) = -1 EAGAIN (Try again)
7087  1783879198.782443 recvfrom(71, 0x73ce66c020, 2272, MSG_DONTWAIT, NULL, NULL) = -1 EAGAIN (Try again)
7087  1783879198.782750 recvfrom(45, 0x7ffb9989a0, 3200, MSG_DONTWAIT, NULL, NULL) = -1 EAGAIN (Try again)
7087  1783879198.814219 recvfrom(45, "nysv\0\0\0\0\0\0\0\0\0\0\0\0\342B\251_\36\\\0\0Dr\\\0\0\0\0\0", 3200, MSG_DONTWAIT, NULL, NULL) = 32
7087  1783879198.814463 recvfrom(45, 0x7ffb999730, 3200, MSG_DONTWAIT, NULL, NULL) = -1 EAGAIN (Try again)
7087  1783879198.814674 recvfrom(47, 0x7463e92420, 2272, MSG_DONTWAIT, NULL, NULL) = -1 EAGAIN (Try again)
7087  1783879198.814917 recvfrom(71, 0x73ce66c020, 2272, MSG_DONTWAIT, NULL, NULL) = -1 EAGAIN (Try again)
7087  1783879198.815215 recvfrom(45, 0x7ffb9989a0, 3200, MSG_DONTWAIT, NULL, NULL) = -1 EAGAIN (Try again)
7087  1783879198.841752 recvfrom(45, "nysv\0\0\0\0\0\0\0\0\0\0\0\0}x\246a\36\\\0\0Fr\\\0\0\0\0\0", 3200, MSG_DONTWAIT, NULL, NULL) = 32
7087  1783879198.842809 recvfrom(45, 0x7ffb999730, 3200, MSG_DONTWAIT, NULL, NULL) = -1 EAGAIN (Try again)
7087  1783879198.843256 recvfrom(47, 0x7463e92420, 2272, MSG_DONTWAIT, NULL, NULL) = -1 EAGAIN (Try again)
7087  1783879198.843530 recvfrom(71, 0x73ce66c020, 2272, MSG_DONTWAIT, NULL, NULL) = -1 EAGAIN (Try again)
7087  1783879198.843903 recvfrom(45, 0x7ffb9989a0, 3200, MSG_DONTWAIT, NULL, NULL) = -1 EAGAIN (Try again)
7087  1783879198.869220 recvfrom(45, "nysv\0\0\0\0\0\0\0\0\0\0\0\0\321\254\243c\36\\\0\0Hr\\\0\0\0\0\0", 3200, MSG_DONTWAIT, NULL, NULL) = 32
7087  1783879198.869489 recvfrom(45, 0x7ffb999730, 3200, MSG_DONTWAIT, NULL, NULL) = -1 EAGAIN (Try again)
7087  1783879198.869787 recvfrom(47, 0x7463e92420, 2272, MSG_DONTWAIT, NULL, NULL) = -1 EAGAIN (Try again)
7087  1783879198.870106 recvfrom(71, 0x73ce66c020, 2272, MSG_DONTWAIT, NULL, NULL) = -1 EAGAIN (Try again)
7087  1783879198.870669 recvfrom(45, 0x7ffb9989a0, 3200, MSG_DONTWAIT, NULL, NULL) = -1 EAGAIN (Try again)
7087  1783879198.899621 recvfrom(45, "nysv\0\0\0\0\0\0\0\0\0\0\0\0\233\333\240e\36\\\0\0Jr\\\0\0\0\0\0", 3200, MSG_DONTWAIT, NULL, NULL) = 32
7087  1783879198.899887 recvfrom(45, 0x7ffb999730, 3200, MSG_DONTWAIT, NULL, NULL) = -1 EAGAIN (Try again)
7087  1783879198.900090 recvfrom(47, 0x7463e92420, 2272, MSG_DONTWAIT, NULL, NULL) = -1 EAGAIN (Try again)
7087  1783879198.900322 recvfrom(71, 0x73ce66c020, 2272, MSG_DONTWAIT, NULL, NULL) = -1 EAGAIN (Try again)
7087  1783879198.900603 recvfrom(45, 0x7ffb9989a0, 3200, MSG_DONTWAIT, NULL, NULL) = -1 EAGAIN (Try again)
7087  1783879198.930814 recvfrom(45, "nysv\0\0\0\0\0\0\0\0\0\0\0\0\203q\237f\36\\\0\0Kr\\\0\0\0\0\0", 3200, MSG_DONTWAIT, NULL, NULL) = 32
7087  1783879198.931032 recvfrom(45, 0x7ffb999730, 3200, MSG_DONTWAIT, NULL, NULL) = -1 EAGAIN (Try again)
7087  1783879198.931265 recvfrom(47, 0x7463e92420, 2272, MSG_DONTWAIT, NULL, NULL) = -1 EAGAIN (Try again)
7087  1783879198.931488 recvfrom(71, 0x73ce66c020, 2272, MSG_DONTWAIT, NULL, NULL) = -1 EAGAIN (Try again)
7087  1783879198.939655 recvfrom(45, 0x7ffb998870, 3200, MSG_DONTWAIT, NULL, NULL) = -1 EAGAIN (Try again)
7087  1783879198.957419 recvfrom(45, "nysv\0\0\0\0\0\0\0\0\0\0\0\0\220)\233i\36\\\0\0Nr\\\0\0\0\0\0", 3200, MSG_DONTWAIT, NULL, NULL) = 32
7087  1783879198.957577 recvfrom(45, 0x7ffb999730, 3200, MSG_DONTWAIT, NULL, NULL) = -1 EAGAIN (Try again)
7087  1783879198.958398 recvfrom(71, 0x73ce66c020, 2272, MSG_DONTWAIT, NULL, NULL) = -1 EAGAIN (Try again)
7087  1783879198.960661 recvfrom(45, 0x7ffb998870, 3200, MSG_DONTWAIT, NULL, NULL) = -1 EAGAIN (Try again)
7087  1783879198.970850 recvfrom(45, "nysv\0\0\0\0\0\0\0\0\0\0\0\0\217\273\231j\36\\\0\0Or\\\0\0\0\0\0", 3200, MSG_DONTWAIT, NULL, NULL) = 32
7087  1783879198.971156 recvfrom(45, 0x7ffb999730, 3200, MSG_DONTWAIT, NULL, NULL) = -1 EAGAIN (Try again)
7087  1783879198.971627 recvfrom(71, 0x73ce66c020, 2272, MSG_DONTWAIT, NULL, NULL) = -1 EAGAIN (Try again)
7087  1783879198.978308 recvfrom(45, 0x7ffb998870, 3200, MSG_DONTWAIT, NULL, NULL) = -1 EAGAIN (Try again)
7087  1783879198.988015 recvfrom(45, "nysv\0\0\0\0\0\0\0\0\0\0\0\0\3235\230k\36\\\0\0Pr\\\0\0\0\0\0", 3200, MSG_DONTWAIT, NULL, NULL) = 32
7087  1783879198.988417 recvfrom(45, 0x7ffb999730, 3200, MSG_DONTWAIT, NULL, NULL) = -1 EAGAIN (Try again)
7087  1783879198.988767 recvfrom(71, 0x73ce66c020, 2272, MSG_DONTWAIT, NULL, NULL) = -1 EAGAIN (Try again)
7087  1783879198.992620 recvfrom(45, 0x7ffb998870, 3200, MSG_DONTWAIT, NULL, NULL) = -1 EAGAIN (Try again)
7087  1783879199.004799 recvfrom(45, "nysv\0\0\0\0\0\0\0\0\0\0\0\0\235o\226l\36\\\0\0Qr\\\0\0\0\0\0", 3200, MSG_DONTWAIT, NULL, NULL) = 32
7087  1783879199.005037 recvfrom(45, 0x7ffb999730, 3200, MSG_DONTWAIT, NULL, NULL) = -1 EAGAIN (Try again)
7087  1783879199.006847 recvfrom(71, 0x73ce66c020, 2272, MSG_DONTWAIT, NULL, NULL) = -1 EAGAIN (Try again)
7087  1783879199.009004 recvfrom(45, 0x7ffb998870, 3200, MSG_DONTWAIT, NULL, NULL) = -1 EAGAIN (Try again)
7087  1783879199.024717 recvfrom(45, "nysv\0\0\0\0\0\0\0\0\0\0\0\0o\33\224m\36\\\0\0Rr\\\0\0\0\0\0", 3200, MSG_DONTWAIT, NULL, NULL) = 32
7087  1783879199.024910 recvfrom(45, 0x7ffb999730, 3200, MSG_DONTWAIT, NULL, NULL) = -1 EAGAIN (Try again)
7087  1783879199.029826 recvfrom(71, 0x73ce66c020, 2272, MSG_DONTWAIT, NULL, NULL) = -1 EAGAIN (Try again)
7107  1783879207.012505 openat(AT_FDCWD, "/data/misc/profiles/cur/0/a2dp.Vol/primary.prof", O_RDWR|O_NOFOLLOW|O_CLOEXEC) = 44
7107  1783879207.012820 newfstatat(AT_FDCWD, "/data/misc/profiles/cur/0/a2dp.Vol/primary.prof", {st_mode=S_IFREG|0600, st_size=619, ...}, 0) = 0
