5827  1783889322.392065 exit(0)         = ?
5827  1783889322.392144 +++ exited with 0 +++
5824  1783889322.392167 exit(0)         = ?
5825  1783889322.392187 exit(0 <unfinished ...>
5824  1783889322.392195 +++ exited with 0 +++
5825  1783889322.392199 <... exit resumed>) = ?
5825  1783889322.392209 +++ exited with 0 +++
5826  1783889322.393469 exit(0)         = ?
5826  1783889322.393721 +++ exited with 0 +++
5836  1783889322.394880 newfstatat(AT_FDCWD, "/data", {st_mode=S_IFDIR|0771, st_size=4096, ...}, AT_SYMLINK_NOFOLLOW) = 0
5836  1783889322.395164 newfstatat(AT_FDCWD, "/data/app", {st_mode=S_IFDIR|0771, st_size=4096, ...}, AT_SYMLINK_NOFOLLOW) = 0
5836  1783889322.395449 newfstatat(AT_FDCWD, "/data/app/agrigolo.opendrummer-7kbv5t1MzgB5Rj39O8aY4w==", {st_mode=S_IFDIR|0775, st_size=4096, ...}, AT_SYMLINK_NOFOLLOW) = 0
5836  1783889322.395713 newfstatat(AT_FDCWD, "/data/app/agrigolo.opendrummer-7kbv5t1MzgB5Rj39O8aY4w==/base.apk", {st_mode=S_IFREG|0644, st_size=6671757, ...}, AT_SYMLINK_NOFOLLOW) = 0
5836  1783889322.395975 getcwd("/", 4096) = 2
5836  1783889322.396231 newfstatat(AT_FDCWD, "/base.apk", 0x7ea7832690, AT_SYMLINK_NOFOLLOW) = -1 ENOENT (No such file or directory)
5817  1783889323.292442 clone(child_stack=0x7ea377bd40, flags=CLONE_VM|CLONE_FS|CLONE_FILES|CLONE_SIGHAND|CLONE_THREAD|CLONE_SYSVSEM|CLONE_SETTLS|CLONE_PARENT_SETTID|CLONE_CHILD_CLEARTID, parent_tidptr=0x7ea377bd60, tls=0x7ea377c020, child_tidptr=0x7ea377bd60) = 5891
5891  1783889323.294751 faccessat(AT_FDCWD, "/data/user/0/agrigolo.opendrummer", F_OK) = 0
5891  1783889323.294806 faccessat(AT_FDCWD, "/data/user/0/agrigolo.opendrummer/files", F_OK) = 0
5891  1783889323.294829 faccessat(AT_FDCWD, "/data/user/0/agrigolo.opendrummer/files/profileinstaller_profileWrittenFor_lastUpdateTime.dat", F_OK) = 0
5891  1783889323.294854 openat(AT_FDCWD, "/data/user/0/agrigolo.opendrummer/files/profileinstaller_profileWrittenFor_lastUpdateTime.dat", O_RDONLY) = 64
5891  1783889323.294920 getsockopt(64, SOL_SOCKET, SO_ERROR, 0x7ea377a254, [4]) = -1 ENOTSOCK (Socket operation on non-socket)
5891  1783889323.295273 openat(AT_FDCWD, "/data/app/agrigolo.opendrummer-7kbv5t1MzgB5Rj39O8aY4w==/base.apk", O_RDONLY) = 64
5891  1783889323.295316 getsockopt(64, SOL_SOCKET, SO_ERROR, 0x7ea3779c74, [4]) = -1 ENOTSOCK (Socket operation on non-socket)
5891  1783889323.295353 newfstatat(AT_FDCWD, "/data/misc/profiles/ref/agrigolo.opendrummer/primary.prof", 0x7ea3779c18, 0) = -1 ENOENT (No such file or directory)
5891  1783889323.295410 faccessat(AT_FDCWD, "/data/misc/profiles/ref/agrigolo.opendrummer/primary.prof", F_OK) = -1 ENOENT (No such file or directory)
5891  1783889323.295451 newfstatat(AT_FDCWD, "/data/misc/profiles/cur/0/agrigolo.opendrummer/primary.prof", {st_mode=S_IFREG|0600, st_size=11267, ...}, 0) = 0
5891  1783889323.295476 faccessat(AT_FDCWD, "/data/misc/profiles/cur/0/agrigolo.opendrummer/primary.prof", F_OK) = 0
5891  1783889323.295704 faccessat(AT_FDCWD, "/data/user/0/agrigolo.opendrummer/files", F_OK) = 0
5891  1783889323.295731 faccessat(AT_FDCWD, "/data/user/0/agrigolo.opendrummer/files/profileInstalled", F_OK) = 0
5891  1783889323.295771 openat(AT_FDCWD, "/data/user/0/agrigolo.opendrummer/files/profileInstalled", O_RDONLY) = 64
5891  1783889323.295838 getsockopt(64, SOL_SOCKET, SO_ERROR, 0x7ea3779594, [4]) = -1 ENOTSOCK (Socket operation on non-socket)
5891  1783889323.296093 exit(0)         = ?
5891  1783889323.296113 +++ exited with 0 +++
5851  1783889323.347300 faccessat(AT_FDCWD, "/proc/self/task/5891", F_OK) = -1 ENOENT (No such file or directory)
5817  1783889335.086372 recvfrom(44, "\2\0\0\0\0\0\0\0\v\r\0\0\0\0\0\0\300b\325q\2\2\0\0\1\0\0\0\2\20\0\0"..., 2272, MSG_DONTWAIT, NULL, NULL) = 232
5817  1783889335.088137 sendto(44, "\3\0\0\0\0\0\0\0\v\r\0\0\1\0\0\0", 16, MSG_DONTWAIT|MSG_NOSIGNAL, NULL, 0) = 16
5817  1783889335.088360 recvfrom(44, "\2\0\0\0\0\0\0\0\r\r\0\0\0\0\0\0\300b\325q\2\2\0\0\1\0\0\0\2\20\0\0"..., 2272, MSG_DONTWAIT, NULL, NULL) = 232
5817  1783889335.088730 recvfrom(38, 0x7fd6defd50, 3200, MSG_DONTWAIT, NULL, NULL) = -1 EAGAIN (Try again)
5817  1783889335.089562 sendto(44, "\3\0\0\0\0\0\0\0\r\r\0\0\1\0\0\0", 16, MSG_DONTWAIT|MSG_NOSIGNAL, NULL, 0) = 16
5817  1783889335.089791 recvfrom(44, 0x7f37ba5420, 2272, MSG_DONTWAIT, NULL, NULL) = -1 EAGAIN (Try again)
5817  1783889335.094014 recvfrom(38, "nysv\0\0\0\0\0\0\0\0\0\0\0\0t\204ar\2\2\0\0\234\3\2\0\0\0\0\0", 3200, MSG_DONTWAIT, NULL, NULL) = 32
5817  1783889335.094210 recvfrom(38, 0x7fd6df3350, 3200, MSG_DONTWAIT, NULL, NULL) = -1 EAGAIN (Try again)
5817  1783889335.094558 recvfrom(44, 0x7f37ba5420, 2272, MSG_DONTWAIT, NULL, NULL) = -1 EAGAIN (Try again)
5817  1783889335.094759 recvfrom(38, 0x7fd6df32b0, 3200, MSG_DONTWAIT, NULL, NULL) = -1 EAGAIN (Try again)
5817  1783889335.098894 socket(AF_UNIX, SOCK_DGRAM|SOCK_CLOEXEC|SOCK_NONBLOCK, 0) = 64
5817  1783889335.099116 setsockopt(64, SOL_SOCKET, SO_SNDBUF, [1048576], 4) = 0
5817  1783889335.099321 connect(64, {sa_family=AF_UNIX, sun_path="/dev/socket/statsdw"}, 110) = 0
5838  1783889335.108995 recvfrom(43, 0x7ea7539eb0, 3200, MSG_DONTWAIT, NULL, NULL) = -1 EAGAIN (Try again)
5838  1783889335.110809 recvfrom(43, "nysv\0\0\0\0\0\0\0\0\0\0\0\0\331\31`s\2\2\0\0\235\3\2\0\0\0\0\0", 3200, MSG_DONTWAIT, NULL, NULL) = 32
5838  1783889335.111057 recvfrom(43, 0x7ea7539c80, 3200, MSG_DONTWAIT, NULL, NULL) = -1 EAGAIN (Try again)
5838  1783889335.137685 recvfrom(43, "nysv\0\0\0\0\0\0\0\0\0\0\0\0\355\264^t\2\2\0\0\236\3\2\0\0\0\0\0", 3200, MSG_DONTWAIT, NULL, NULL) = 32
5838  1783889335.137999 recvfrom(43, 0x7ea7539eb0, 3200, MSG_DONTWAIT, NULL, NULL) = -1 EAGAIN (Try again)
5838  1783889335.158025 recvfrom(43, "nysv\0\0\0\0\0\0\0\0\0\0\0\0\254N]u\2\2\0\0\237\3\2\0\0\0\0\0", 3200, MSG_DONTWAIT, NULL, NULL) = 32
5838  1783889335.158350 recvfrom(43, 0x7ea7539eb0, 3200, MSG_DONTWAIT, NULL, NULL) = -1 EAGAIN (Try again)
5854  1783889335.166308 sendmsg(65, {msg_name=NULL, msg_namelen=0, msg_iov=[{iov_base="l\1\1\1\24\1\0\0L\0\0\0\235\0\0\0\1\1o\0;\0\0\0/re/frid"..., iov_len=452}], msg_iovlen=1, msg_controllen=0, msg_flags=0}, MSG_NOSIGNAL) = 452
5838  1783889335.174052 recvfrom(43, "nysv\0\0\0\0\0\0\0\0\0\0\0\0\243\345[v\2\2\0\0\240\3\2\0\0\0\0\0", 3200, MSG_DONTWAIT, NULL, NULL) = 32
5838  1783889335.174246 recvfrom(43, 0x7ea7539eb0, 3200, MSG_DONTWAIT, NULL, NULL) = -1 EAGAIN (Try again)
5838  1783889335.190409 recvfrom(43, "nysv\0\0\0\0\0\0\0\0\0\0\0\08\177Zw\2\2\0\0\241\3\2\0\0\0\0\0", 3200, MSG_DONTWAIT, NULL, NULL) = 32
5838  1783889335.190692 recvfrom(43, 0x7ea7539eb0, 3200, MSG_DONTWAIT, NULL, NULL) = -1 EAGAIN (Try again)
5838  1783889335.206798 recvfrom(43, "nysv\0\0\0\0\0\0\0\0\0\0\0\0\275\21Yx\2\2\0\0\242\3\2\0\0\0\0\0", 3200, MSG_DONTWAIT, NULL, NULL) = 32
5838  1783889335.207002 recvfrom(43, 0x7ea7539eb0, 3200, MSG_DONTWAIT, NULL, NULL) = -1 EAGAIN (Try again)
5817  1783889335.216716 recvfrom(38, "nysv\0\0\0\0\0\0\0\0\0\0\0\0\331\31`s\2\2\0\0\235\3\2\0\0\0\0\0", 3200, MSG_DONTWAIT, NULL, NULL) = 32
5817  1783889335.217267 recvfrom(38, 0x7fd6df3350, 3200, MSG_DONTWAIT, NULL, NULL) = -1 EAGAIN (Try again)
5817  1783889335.218066 recvfrom(68, 0x7ea2375020, 2272, MSG_DONTWAIT, NULL, NULL) = -1 EAGAIN (Try again)
5817  1783889335.218562 recvfrom(38, 0x7fd6df32b0, 3200, MSG_DONTWAIT, NULL, NULL) = -1 EAGAIN (Try again)
5853  1783889335.221778 exit(0)         = ?
5853  1783889335.222163 +++ exited with 0 +++
5838  1783889335.223794 recvfrom(43, "nysv\0\0\0\0\0\0\0\0\0\0\0\0\307\244Wy\2\2\0\0\243\3\2\0\0\0\0\0", 3200, MSG_DONTWAIT, NULL, NULL) = 32
5838  1783889335.224111 recvfrom(43, 0x7ea7539eb0, 3200, MSG_DONTWAIT, NULL, NULL) = -1 EAGAIN (Try again)
5838  1783889335.241141 recvfrom(43, "nysv\0\0\0\0\0\0\0\0\0\0\0\0D<Vz\2\2\0\0\244\3\2\0\0\0\0\0", 3200, MSG_DONTWAIT, NULL, NULL) = 32
5838  1783889335.241332 recvfrom(43, 0x7ea7539eb0, 3200, MSG_DONTWAIT, NULL, NULL) = -1 EAGAIN (Try again)
5838  1783889335.268901 recvfrom(43, "nysv\0\0\0\0\0\0\0\0\0\0\0\0\211\314T{\2\2\0\0\245\3\2\0\0\0\0\0", 3200, MSG_DONTWAIT, NULL, NULL) = 32
5838  1783889335.269201 recvfrom(43, 0x7ea7539eb0, 3200, MSG_DONTWAIT, NULL, NULL) = -1 EAGAIN (Try again)
5851  1783889335.271003 faccessat(AT_FDCWD, "/proc/self/task/5853", F_OK) = -1 ENOENT (No such file or directory)
5838  1783889335.322738 recvfrom(43, "nysv\0\0\0\0\0\0\0\0\0\0\0\0O\362Q}\2\2\0\0\247\3\2\0\0\0\0\0", 3200, MSG_DONTWAIT, NULL, NULL) = 32
5838  1783889335.322927 recvfrom(43, 0x7ea7539eb0, 3200, MSG_DONTWAIT, NULL, NULL) = -1 EAGAIN (Try again)
5817  1783889335.324349 recvfrom(38, "nysv\0\0\0\0\0\0\0\0\0\0\0\0D<Vz\2\2\0\0\244\3\2\0\0\0\0\0", 3200, MSG_DONTWAIT, NULL, NULL) = 32
5817  1783889335.324529 recvfrom(38, 0x7fd6df3350, 3200, MSG_DONTWAIT, NULL, NULL) = -1 EAGAIN (Try again)
5838  1783889335.328393 recvfrom(43, "nysv\0\0\0\0\0\0\0\0\0\0\0\0\272\243M\200\2\2\0\0\252\3\2\0\0\0\0\0", 3200, MSG_DONTWAIT, NULL, NULL) = 32
5838  1783889335.328936 recvfrom(43, 0x7ea7539eb0, 3200, MSG_DONTWAIT, NULL, NULL) = -1 EAGAIN (Try again)
5817  1783889335.338288 recvfrom(68, 0x7ea2375020, 2272, MSG_DONTWAIT, NULL, NULL) = -1 EAGAIN (Try again)
5817  1783889335.338966 recvfrom(44, 0x7f37ba5420, 2272, MSG_DONTWAIT, NULL, NULL) = -1 EAGAIN (Try again)
5817  1783889335.339562 recvfrom(38, 0x7fd6df32b0, 3200, MSG_DONTWAIT, NULL, NULL) = -1 EAGAIN (Try again)
5838  1783889335.345400 recvfrom(43, "nysv\0\0\0\0\0\0\0\0\0\0\0\0\3273L\201\2\2\0\0\253\3\2\0\0\0\0\0", 3200, MSG_DONTWAIT, NULL, NULL) = 32
5838  1783889335.347664 recvfrom(43, 0x7ea7539c80, 3200, MSG_DONTWAIT, NULL, NULL) = -1 EAGAIN (Try again)
5817  1783889335.376442 recvfrom(38, "nysv\0\0\0\0\0\0\0\0\0\0\0\0\3273L\201\2\2\0\0\253\3\2\0\0\0\0\0", 3200, MSG_DONTWAIT, NULL, NULL) = 32
5817  1783889335.376796 recvfrom(38, 0x7fd6df3350, 3200, MSG_DONTWAIT, NULL, NULL) = -1 EAGAIN (Try again)
5817  1783889335.391654 recvfrom(68, 0x7ea2375020, 2272, MSG_DONTWAIT, NULL, NULL) = -1 EAGAIN (Try again)
5817  1783889335.392522 recvfrom(44, 0x7f37ba5420, 2272, MSG_DONTWAIT, NULL, NULL) = -1 EAGAIN (Try again)
5817  1783889335.393126 recvfrom(38, 0x7fd6df32b0, 3200, MSG_DONTWAIT, NULL, NULL) = -1 EAGAIN (Try again)
5838  1783889335.405326 recvfrom(43, 0x7ea7539eb0, 3200, MSG_DONTWAIT, NULL, NULL) = -1 EAGAIN (Try again)
5817  1783889335.409653 recvfrom(38, "nysv\0\0\0\0\0\0\0\0\0\0\0\0o\301G\204\2\2\0\0\256\3\2\0\0\0\0\0", 3200, MSG_DONTWAIT, NULL, NULL) = 32
5817  1783889335.410139 recvfrom(38, 0x7fd6df3350, 3200, MSG_DONTWAIT, NULL, NULL) = -1 EAGAIN (Try again)
5817  1783889335.410470 recvfrom(38, 0x7fd6df32b0, 3200, MSG_DONTWAIT, NULL, NULL) = -1 EAGAIN (Try again)
5817  1783889335.427937 recvfrom(38, "nysv\0\0\0\0\0\0\0\0\0\0\0\0\237\235D\206\2\2\0\0\260\3\2\0\0\0\0\0", 3200, MSG_DONTWAIT, NULL, NULL) = 32
5817  1783889335.428490 recvfrom(38, 0x7fd6df3350, 3200, MSG_DONTWAIT, NULL, NULL) = -1 EAGAIN (Try again)
5817  1783889335.431173 recvfrom(38,  <unfinished ...>
5838  1783889335.431894 recvfrom(43,  <unfinished ...>
5817  1783889335.432082 <... recvfrom resumed> 0x7fd6df32b0, 3200, MSG_DONTWAIT, NULL, NULL) = -1 EAGAIN (Try again)
5838  1783889335.433230 <... recvfrom resumed> "nysv\0\0\0\0\0\0\0\0\0\0\0\0\231\21F\205\2\2\0\0\257\3\2\0\0\0\0\0", 3200, MSG_DONTWAIT, NULL, NULL) = 32
5838  1783889335.434676 recvfrom(43, 0x7ea7539eb0, 3200, MSG_DONTWAIT, NULL, NULL) = -1 EAGAIN (Try again)
5817  1783889335.444689 recvfrom(38, "nysv\0\0\0\0\0\0\0\0\0\0\0\0\326(C\207\2\2\0\0\261\3\2\0\0\0\0\0", 3200, MSG_DONTWAIT, NULL, NULL) = 32
5817  1783889335.445198 recvfrom(38, 0x7fd6df3350, 3200, MSG_DONTWAIT, NULL, NULL) = -1 EAGAIN (Try again)
5817  1783889335.446146 recvfrom(38, 0x7fd6df32b0, 3200, MSG_DONTWAIT, NULL, NULL) = -1 EAGAIN (Try again)
5838  1783889335.453676 recvfrom(43, "nysv\0\0\0\0\0\0\0\0\0\0\0\0\326(C\207\2\2\0\0\261\3\2\0\0\0\0\0", 3200, MSG_DONTWAIT, NULL, NULL) = 32
5838  1783889335.454760 recvfrom(43, 0x7ea7539eb0, 3200, MSG_DONTWAIT, NULL, NULL) = -1 EAGAIN (Try again)
5817  1783889335.462846 recvfrom(38, "nysv\0\0\0\0\0\0\0\0\0\0\0\0{\262A\210\2\2\0\0\262\3\2\0\0\0\0\0", 3200, MSG_DONTWAIT, NULL, NULL) = 32
5817  1783889335.463194 recvfrom(38, 0x7fd6df3350, 3200, MSG_DONTWAIT, NULL, NULL) = -1 EAGAIN (Try again)
5817  1783889335.469427 recvfrom(38, 0x7fd6df32b0, 3200, MSG_DONTWAIT, NULL, NULL) = -1 EAGAIN (Try again)
5838  1783889335.472907 recvfrom(43, "nysv\0\0\0\0\0\0\0\0\0\0\0\0{\262A\210\2\2\0\0\262\3\2\0\0\0\0\0", 3200, MSG_DONTWAIT, NULL, NULL) = 32
5838  1783889335.473113 recvfrom(43, 0x7ea7539eb0, 3200, MSG_DONTWAIT, NULL, NULL) = -1 EAGAIN (Try again)
5817  1783889335.479768 recvfrom(38, "nysv\0\0\0\0\0\0\0\0\0\0\0\0\220<@\211\2\2\0\0\263\3\2\0\0\0\0\0", 3200, MSG_DONTWAIT, NULL, NULL) = 32
5817  1783889335.480187 recvfrom(38, 0x7fd6df3350, 3200, MSG_DONTWAIT, NULL, NULL) = -1 EAGAIN (Try again)
5838  1783889335.493208 recvfrom(43, "nysv\0\0\0\0\0\0\0\0\0\0\0\0\220<@\211\2\2\0\0\263\3\2\0\0\0\0\0", 3200, MSG_DONTWAIT, NULL, NULL) = 32
5838  1783889335.493436 recvfrom(43, 0x7ea7539eb0, 3200, MSG_DONTWAIT, NULL, NULL) = -1 EAGAIN (Try again)
5838  1783889335.513372 recvfrom(43, "nysv\0\0\0\0\0\0\0\0\0\0\0\0BH=\213\2\2\0\0\265\3\2\0\0\0\0\0", 3200, MSG_DONTWAIT, NULL, NULL) = 32
5838  1783889335.513651 recvfrom(43, 0x7ea7539c80, 3200, MSG_DONTWAIT, NULL, NULL) = -1 EAGAIN (Try again)
5817  1783889336.814248 recvfrom(38, 0x7fd6df3120, 3200, MSG_DONTWAIT, NULL, NULL) = -1 EAGAIN (Try again)
5817  1783889336.827678 recvfrom(38, "nysv\0\0\0\0\0\0\0\0\0\0\0\0w\252\260\331\2\2\0\0\4\4\2\0\0\0\0\0", 3200, MSG_DONTWAIT, NULL, NULL) = 32
5817  1783889336.828388 recvfrom(38, 0x7fd6df3350, 3200, MSG_DONTWAIT, NULL, NULL) = -1 EAGAIN (Try again)
5817  1783889336.829201 recvfrom(68, 0x7ea2375020, 2272, MSG_DONTWAIT, NULL, NULL) = -1 EAGAIN (Try again)
5817  1783889336.830083 recvfrom(38, 0x7fd6df2350, 3200, MSG_DONTWAIT, NULL, NULL) = -1 EAGAIN (Try again)
5817  1783889336.844295 recvfrom(38, "nysv\0\0\0\0\0\0\0\0\0\0\0\0jL\257\332\2\2\0\0\5\4\2\0\0\0\0\0", 3200, MSG_DONTWAIT, NULL, NULL) = 32
5817  1783889336.844665 recvfrom(38, 0x7fd6df3350, 3200, MSG_DONTWAIT, NULL, NULL) = -1 EAGAIN (Try again)
5817  1783889336.845429 recvfrom(68, 0x7ea2375020, 2272, MSG_DONTWAIT, NULL, NULL) = -1 EAGAIN (Try again)
5817  1783889336.846326 recvfrom(38, 0x7fd6df2350, 3200, MSG_DONTWAIT, NULL, NULL) = -1 EAGAIN (Try again)
5817  1783889336.863242 recvfrom(38, "nysv\0\0\0\0\0\0\0\0\0\0\0\0r\353\255\333\2\2\0\0\6\4\2\0\0\0\0\0", 3200, MSG_DONTWAIT, NULL, NULL) = 32
5817  1783889336.863518 recvfrom(38, 0x7fd6df3350, 3200, MSG_DONTWAIT, NULL, NULL) = -1 EAGAIN (Try again)
5817  1783889336.865879 recvfrom(68, 0x7ea2375020, 2272, MSG_DONTWAIT, NULL, NULL) = -1 EAGAIN (Try again)
5817  1783889336.866264 recvfrom(38, 0x7fd6df2350, 3200, MSG_DONTWAIT, NULL, NULL) = -1 EAGAIN (Try again)
5817  1783889336.877999 recvfrom(38, "nysv\0\0\0\0\0\0\0\0\0\0\0\0\f\214\254\334\2\2\0\0\7\4\2\0\0\0\0\0", 3200, MSG_DONTWAIT, NULL, NULL) = 32
5817  1783889336.878261 recvfrom(38, 0x7fd6df3350, 3200, MSG_DONTWAIT, NULL, NULL) = -1 EAGAIN (Try again)
5817  1783889336.878747 recvfrom(68, 0x7ea2375020, 2272, MSG_DONTWAIT, NULL, NULL) = -1 EAGAIN (Try again)
5817  1783889336.879487 recvfrom(38, 0x7fd6df2350, 3200, MSG_DONTWAIT, NULL, NULL) = -1 EAGAIN (Try again)
5817  1783889336.894410 recvfrom(38, "nysv\0\0\0\0\0\0\0\0\0\0\0\0\273*\253\335\2\2\0\0\10\4\2\0\0\0\0\0", 3200, MSG_DONTWAIT, NULL, NULL) = 32
5817  1783889336.894664 recvfrom(38, 0x7fd6df3350, 3200, MSG_DONTWAIT, NULL, NULL) = -1 EAGAIN (Try again)
5817  1783889336.898016 recvfrom(68, 0x7ea2375020, 2272, MSG_DONTWAIT, NULL, NULL) = -1 EAGAIN (Try again)
5817  1783889336.899396 recvfrom(38, 0x7fd6df2350, 3200, MSG_DONTWAIT, NULL, NULL) = -1 EAGAIN (Try again)
5817  1783889336.914902 recvfrom(38, "nysv\0\0\0\0\0\0\0\0\0\0\0\0i\312\251\336\2\2\0\0\t\4\2\0\0\0\0\0", 3200, MSG_DONTWAIT, NULL, NULL) = 32
5817  1783889336.915144 recvfrom(38, 0x7fd6df3350, 3200, MSG_DONTWAIT, NULL, NULL) = -1 EAGAIN (Try again)
5817  1783889336.915391 recvfrom(68, 0x7ea2375020, 2272, MSG_DONTWAIT, NULL, NULL) = -1 EAGAIN (Try again)
5817  1783889336.915906 recvfrom(38, 0x7fd6df2350, 3200, MSG_DONTWAIT, NULL, NULL) = -1 EAGAIN (Try again)
5817  1783889336.928067 recvfrom(38, "nysv\0\0\0\0\0\0\0\0\0\0\0\0\\h\250\337\2\2\0\0\n\4\2\0\0\0\0\0", 3200, MSG_DONTWAIT, NULL, NULL) = 32
5817  1783889336.928331 recvfrom(38, 0x7fd6df3350, 3200, MSG_DONTWAIT, NULL, NULL) = -1 EAGAIN (Try again)
5817  1783889336.931361 recvfrom(68, 0x7ea2375020, 2272, MSG_DONTWAIT, NULL, NULL) = -1 EAGAIN (Try again)
5817  1783889336.931735 recvfrom(38, 0x7fd6df2350, 3200, MSG_DONTWAIT, NULL, NULL) = -1 EAGAIN (Try again)
5817  1783889336.952628 recvfrom(38, "nysv\0\0\0\0\0\0\0\0\0\0\0\0\206\4\247\340\2\2\0\0\v\4\2\0\0\0\0\0", 3200, MSG_DONTWAIT, NULL, NULL) = 32
5817  1783889336.953082 recvfrom(38, 0x7fd6df3350, 3200, MSG_DONTWAIT, NULL, NULL) = -1 EAGAIN (Try again)
5817  1783889336.953513 recvfrom(68, 0x7ea2375020, 2272, MSG_DONTWAIT, NULL, NULL) = -1 EAGAIN (Try again)
5817  1783889336.954046 recvfrom(38, 0x7fd6df2350, 3200, MSG_DONTWAIT, NULL, NULL) = -1 EAGAIN (Try again)
5817  1783889336.965808 recvfrom(38, "nysv\0\0\0\0\0\0\0\0\0\0\0\0%\240\245\341\2\2\0\0\f\4\2\0\0\0\0\0", 3200, MSG_DONTWAIT, NULL, NULL) = 32
5817  1783889336.966137 recvfrom(38, 0x7fd6df3350, 3200, MSG_DONTWAIT, NULL, NULL) = -1 EAGAIN (Try again)
5817  1783889336.966399 recvfrom(68, 0x7ea2375020, 2272, MSG_DONTWAIT, NULL, NULL) = -1 EAGAIN (Try again)
5817  1783889336.967031 recvfrom(38, 0x7fd6df2350, 3200, MSG_DONTWAIT, NULL, NULL) = -1 EAGAIN (Try again)
5817  1783889336.989343 recvfrom(38, "nysv\0\0\0\0\0\0\0\0\0\0\0\0\30d\244\342\2\2\0\0\r\4\2\0\0\0\0\0", 3200, MSG_DONTWAIT, NULL, NULL) = 32
5817  1783889336.989707 recvfrom(38, 0x7fd6df3350, 3200, MSG_DONTWAIT, NULL, NULL) = -1 EAGAIN (Try again)
5817  1783889336.990004 recvfrom(68, 0x7ea2375020, 2272, MSG_DONTWAIT, NULL, NULL) = -1 EAGAIN (Try again)
5817  1783889336.990569 recvfrom(38, 0x7fd6df2350, 3200, MSG_DONTWAIT, NULL, NULL) = -1 EAGAIN (Try again)
5817  1783889337.019539 recvfrom(38, "nysv\0\0\0\0\0\0\0\0\0\0\0\0m\371\242\343\2\2\0\0\16\4\2\0\0\0\0\0", 3200, MSG_DONTWAIT, NULL, NULL) = 32
5817  1783889337.019933 recvfrom(38, 0x7fd6df3350, 3200, MSG_DONTWAIT, NULL, NULL) = -1 EAGAIN (Try again)
5817  1783889337.020435 recvfrom(68, 0x7ea2375020, 2272, MSG_DONTWAIT, NULL, NULL) = -1 EAGAIN (Try again)
5817  1783889337.021385 recvfrom(38, 0x7fd6df2350, 3200, MSG_DONTWAIT, NULL, NULL) = -1 EAGAIN (Try again)
5817  1783889337.038053 recvfrom(38, "nysv\0\0\0\0\0\0\0\0\0\0\0\0\276!\240\345\2\2\0\0\20\4\2\0\0\0\0\0", 3200, MSG_DONTWAIT, NULL, NULL) = 32
5817  1783889337.038361 recvfrom(38, 0x7fd6df3350, 3200, MSG_DONTWAIT, NULL, NULL) = -1 EAGAIN (Try again)
5817  1783889337.038777 recvfrom(68, 0x7ea2375020, 2272, MSG_DONTWAIT, NULL, NULL) = -1 EAGAIN (Try again)
5817  1783889337.039453 recvfrom(38, 0x7fd6df2350, 3200, MSG_DONTWAIT, NULL, NULL) = -1 EAGAIN (Try again)
5817  1783889337.050069 recvfrom(38, "nysv\0\0\0\0\0\0\0\0\0\0\0\0\217\265\236\346\2\2\0\0\21\4\2\0\0\0\0\0", 3200, MSG_DONTWAIT, NULL, NULL) = 32
5817  1783889337.050389 recvfrom(38, 0x7fd6df3350, 3200, MSG_DONTWAIT, NULL, NULL) = -1 EAGAIN (Try again)
5817  1783889337.050655 recvfrom(68, 0x7ea2375020, 2272, MSG_DONTWAIT, NULL, NULL) = -1 EAGAIN (Try again)
5817  1783889337.051302 recvfrom(38, 0x7fd6df2350, 3200, MSG_DONTWAIT, NULL, NULL) = -1 EAGAIN (Try again)
5817  1783889337.072778 recvfrom(38, "nysv\0\0\0\0\0\0\0\0\0\0\0\0\232.\235\347\2\2\0\0\22\4\2\0\0\0\0\0", 3200, MSG_DONTWAIT, NULL, NULL) = 32
5817  1783889337.073112 recvfrom(38, 0x7fd6df3350, 3200, MSG_DONTWAIT, NULL, NULL) = -1 EAGAIN (Try again)
5817  1783889337.073365 recvfrom(68, 0x7ea2375020, 2272, MSG_DONTWAIT, NULL, NULL) = -1 EAGAIN (Try again)
5817  1783889337.074092 recvfrom(38, 0x7fd6df2350, 3200, MSG_DONTWAIT, NULL, NULL) = -1 EAGAIN (Try again)
5817  1783889337.102409 recvfrom(38, "nysv\0\0\0\0\0\0\0\0\0\0\0\0\363\302\233\350\2\2\0\0\23\4\2\0\0\0\0\0", 3200, MSG_DONTWAIT, NULL, NULL) = 32
5817  1783889337.103374 recvfrom(38, 0x7fd6df3350, 3200, MSG_DONTWAIT, NULL, NULL) = -1 EAGAIN (Try again)
5817  1783889337.103777 recvfrom(68, 0x7ea2375020, 2272, MSG_DONTWAIT, NULL, NULL) = -1 EAGAIN (Try again)
5817  1783889350.480654 recvfrom(68, "\2\0\0\0\0\0\0\0\21\r\0\0\0\0\0\0\200qr\7\6\2\0\0\1\0\0\0\2\20\0\0"..., 2272, MSG_DONTWAIT, NULL, NULL) = 232
5817  1783889350.481278 sendto(68, "\3\0\0\0\0\0\0\0\21\r\0\0\1\0\0\0", 16, MSG_DONTWAIT|MSG_NOSIGNAL, NULL, 0) = 16
5817  1783889350.481660 recvfrom(68, 0x7ea2375020, 2272, MSG_DONTWAIT, NULL, NULL) = -1 EAGAIN (Try again)
5817  1783889350.482400 recvfrom(68, "\2\0\0\0\0\0\0\0\23\r\0\0\0\0\0\0\200qr\7\6\2\0\0\1\0\0\0\2\20\0\0"..., 2272, MSG_DONTWAIT, NULL, NULL) = 232
5817  1783889350.482698 recvfrom(38, 0x7fd6def8e0, 3200, MSG_DONTWAIT, NULL, NULL) = -1 EAGAIN (Try again)
5817  1783889350.484384 sendto(68, "\3\0\0\0\0\0\0\0\23\r\0\0\1\0\0\0", 16, MSG_DONTWAIT|MSG_NOSIGNAL, NULL, 0) = 16
5817  1783889350.484652 recvfrom(68, 0x7ea2375020, 2272, MSG_DONTWAIT, NULL, NULL) = -1 EAGAIN (Try again)
5817  1783889350.494170 recvfrom(38, "nysv\0\0\0\0\0\0\0\0\0\0\0\0c\313I\10\6\2\0\08\7\2\0\0\0\0\0", 3200, MSG_DONTWAIT, NULL, NULL) = 32
5817  1783889350.494309 recvfrom(38, 0x7fd6df3350, 3200, MSG_DONTWAIT, NULL, NULL) = -1 EAGAIN (Try again)
5817  1783889350.494617 recvfrom(68, 0x7ea2375020, 2272, MSG_DONTWAIT, NULL, NULL) = -1 EAGAIN (Try again)
5817  1783889350.494762 recvfrom(38, 0x7fd6df32b0, 3200, MSG_DONTWAIT, NULL, NULL) = -1 EAGAIN (Try again)
5838  1783889350.517731 recvfrom(43, 0x7ea7539eb0, 3200, MSG_DONTWAIT, NULL, NULL) = -1 EAGAIN (Try again)
5817  1783889350.526533 recvfrom(38, "nysv\0\0\0\0\0\0\0\0\0\0\0\0\257mH\t\6\2\0\09\7\2\0\0\0\0\0", 3200, MSG_DONTWAIT, NULL, NULL) = 32
5817  1783889350.526808 recvfrom(38, 0x7fd6df3350, 3200, MSG_DONTWAIT, NULL, NULL) = -1 EAGAIN (Try again)
5838  1783889350.528119 recvfrom(43, "nysv\0\0\0\0\0\0\0\0\0\0\0\0\332\372F\n\6\2\0\0:\7\2\0\0\0\0\0", 3200, MSG_DONTWAIT, NULL, NULL) = 32
5838  1783889350.528336 recvfrom(43, 0x7ea7539c80, 3200, MSG_DONTWAIT, NULL, NULL) = -1 EAGAIN (Try again)
5817  1783889350.535728 recvfrom(38, 0x7fd6df0f80, 3200, MSG_DONTWAIT, NULL, NULL) = -1 EAGAIN (Try again)
5817  1783889350.545564 recvfrom(38, "nysv\0\0\0\0\0\0\0\0\0\0\0\0\5?E\v\6\2\0\0;\7\2\0\0\0\0\0", 3200, MSG_DONTWAIT, NULL, NULL) = 32
5817  1783889350.545866 recvfrom(38, 0x7fd6df3350, 3200, MSG_DONTWAIT, NULL, NULL) = -1 EAGAIN (Try again)
5817  1783889350.546334 recvfrom(44, 0x7f37ba5420, 2272, MSG_DONTWAIT, NULL, NULL) = -1 EAGAIN (Try again)
5836  1783889362.405142 openat(AT_FDCWD, "/data/misc/profiles/cur/0/agrigolo.opendrummer/primary.prof", O_RDWR|O_NOFOLLOW|O_CLOEXEC) = 67
5836  1783889362.406066 newfstatat(AT_FDCWD, "/data/misc/profiles/cur/0/agrigolo.opendrummer/primary.prof", {st_mode=S_IFREG|0600, st_size=11267, ...}, 0) = 0
5817  1783889365.901601 recvfrom(44, "\2\0\0\0\0\0\0\0\27\r\0\0\0\0\0\0@\266}\236\t\2\0\0\1\0\0\0\2\20\0\0"..., 2272, MSG_DONTWAIT, NULL, NULL) = 232
5817  1783889365.904320 sendto(44, "\3\0\0\0\0\0\0\0\27\r\0\0\1\0\0\0", 16, MSG_DONTWAIT|MSG_NOSIGNAL, NULL, 0) = 16
5817  1783889365.904523 recvfrom(44, 0x7f37ba5420, 2272, MSG_DONTWAIT, NULL, NULL) = -1 EAGAIN (Try again)
5817  1783889365.905052 recvfrom(44, "\2\0\0\0\0\0\0\0\31\r\0\0\0\0\0\0@\266}\236\t\2\0\0\1\0\0\0\2\20\0\0"..., 2272, MSG_DONTWAIT, NULL, NULL) = 232
5817  1783889365.905347 recvfrom(38, 0x7fd6defd50, 3200, MSG_DONTWAIT, NULL, NULL) = -1 EAGAIN (Try again)
5817  1783889365.906102 sendto(44, "\3\0\0\0\0\0\0\0\31\r\0\0\1\0\0\0", 16, MSG_DONTWAIT|MSG_NOSIGNAL, NULL, 0) = 16
5817  1783889365.906324 recvfrom(44, 0x7f37ba5420, 2272, MSG_DONTWAIT, NULL, NULL) = -1 EAGAIN (Try again)
5817  1783889365.910547 recvfrom(38, "nysv\0\0\0\0\0\0\0\0\0\0\0\0\32751\237\t\2\0\0\322\n\2\0\0\0\0\0", 3200, MSG_DONTWAIT, NULL, NULL) = 32
5817  1783889365.910680 recvfrom(38, 0x7fd6df3350, 3200, MSG_DONTWAIT, NULL, NULL) = -1 EAGAIN (Try again)
5817  1783889365.910929 recvfrom(44, 0x7f37ba5420, 2272, MSG_DONTWAIT, NULL, NULL) = -1 EAGAIN (Try again)
5817  1783889365.911068 recvfrom(38, 0x7fd6df32b0, 3200, MSG_DONTWAIT, NULL, NULL) = -1 EAGAIN (Try again)
5838  1783889365.923975 recvfrom(43, 0x7ea7539eb0, 3200, MSG_DONTWAIT, NULL, NULL) = -1 EAGAIN (Try again)
5838  1783889365.929140 recvfrom(43, "nysv\0\0\0\0\0\0\0\0\0\0\0\0\246\332/\240\t\2\0\0\323\n\2\0\0\0\0\0", 3200, MSG_DONTWAIT, NULL, NULL) = 32
5838  1783889365.930815 recvfrom(43, 0x7ea7539c80, 3200, MSG_DONTWAIT, NULL, NULL) = -1 EAGAIN (Try again)
5854  1783889365.939553 sendmsg(65, {msg_name=NULL, msg_namelen=0, msg_iov=[{iov_base="l\1\1\1\24\1\0\0M\0\0\0\235\0\0\0\1\1o\0;\0\0\0/re/frid"..., iov_len=452}], msg_iovlen=1, msg_controllen=0, msg_flags=0}, MSG_NOSIGNAL) = 452
5838  1783889365.941112 recvfrom(43, 0x7ea7539eb0, 3200, MSG_DONTWAIT, NULL, NULL) = -1 EAGAIN (Try again)
5838  1783889365.943750 recvfrom(43, "nysv\0\0\0\0\0\0\0\0\0\0\0\0\16~.\241\t\2\0\0\324\n\2\0\0\0\0\0", 3200, MSG_DONTWAIT, NULL, NULL) = 32
5838  1783889365.943981 recvfrom(43, 0x7ea7539c80, 3200, MSG_DONTWAIT, NULL, NULL) = -1 EAGAIN (Try again)
5838  1783889365.955490 recvfrom(43, 0x7ea7539eb0, 3200, MSG_DONTWAIT, NULL, NULL) = -1 EAGAIN (Try again)
5817  1783889365.959621 recvfrom(38, "nysv\0\0\0\0\0\0\0\0\0\0\0\0\246\332/\240\t\2\0\0\323\n\2\0\0\0\0\0", 3200, MSG_DONTWAIT, NULL, NULL) = 32
5817  1783889365.959787 recvfrom(38, 0x7fd6df3350, 3200, MSG_DONTWAIT, NULL, NULL) = -1 EAGAIN (Try again)
5817  1783889365.959939 recvfrom(68, 0x7ea22dc420, 2272, MSG_DONTWAIT, NULL, NULL) = -1 EAGAIN (Try again)
5817  1783889365.960136 recvfrom(38, 0x7fd6df32b0, 3200, MSG_DONTWAIT, NULL, NULL) = -1 EAGAIN (Try again)
5838  1783889365.960846 recvfrom(43, "nysv\0\0\0\0\0\0\0\0\0\0\0\0\364\36-\242\t\2\0\0\325\n\2\0\0\0\0\0", 3200, MSG_DONTWAIT, NULL, NULL) = 32
5838  1783889365.961257 recvfrom(43, 0x7ea7539c80, 3200, MSG_DONTWAIT, NULL, NULL) = -1 EAGAIN (Try again)
5838  1783889365.971985 recvfrom(43, 0x7ea7539eb0, 3200, MSG_DONTWAIT, NULL, NULL) = -1 EAGAIN (Try again)
5838  1783889365.984207 recvfrom(43, "nysv\0\0\0\0\0\0\0\0\0\0\0\0\224\275+\243\t\2\0\0\326\n\2\0\0\0\0\0", 3200, MSG_DONTWAIT, NULL, NULL) = 32
5838  1783889365.984355 recvfrom(43, 0x7ea7539c80, 3200, MSG_DONTWAIT, NULL, NULL) = -1 EAGAIN (Try again)
5838  1783889365.994642 recvfrom(43, "nysv\0\0\0\0\0\0\0\0\0\0\0\0\226Z*\244\t\2\0\0\327\n\2\0\0\0\0\0", 3200, MSG_DONTWAIT, NULL, NULL) = 32
5838  1783889365.994782 recvfrom(43, 0x7ea7539eb0, 3200, MSG_DONTWAIT, NULL, NULL) = -1 EAGAIN (Try again)
5838  1783889366.023972 recvfrom(43, "nysv\0\0\0\0\0\0\0\0\0\0\0\0007\367(\245\t\2\0\0\330\n\2\0\0\0\0\0", 3200, MSG_DONTWAIT, NULL, NULL) = 32
5838  1783889366.024139 recvfrom(43, 0x7ea7539eb0, 3200, MSG_DONTWAIT, NULL, NULL) = -1 EAGAIN (Try again)
5838  1783889366.025928 recvfrom(43,  <unfinished ...>
5817  1783889366.025940 recvfrom(38,  <unfinished ...>
5838  1783889366.026021 <... recvfrom resumed> 0x7ea7539eb0, 3200, MSG_DONTWAIT, NULL, NULL) = -1 EAGAIN (Try again)
5817  1783889366.026139 <... recvfrom resumed> "nysv\0\0\0\0\0\0\0\0\0\0\0\0\224\275+\243\t\2\0\0\326\n\2\0\0\0\0\0", 3200, MSG_DONTWAIT, NULL, NULL) = 32
5817  1783889366.026228 recvfrom(38, 0x7fd6df3350, 3200, MSG_DONTWAIT, NULL, NULL) = -1 EAGAIN (Try again)
5838  1783889366.028205 recvfrom(43, "nysv\0\0\0\0\0\0\0\0\0\0\0\0\322\217'\246\t\2\0\0\331\n\2\0\0\0\0\0", 3200, MSG_DONTWAIT, NULL, NULL) = 32
5838  1783889366.030117 recvfrom(43, 0x7ea7539c80, 3200, MSG_DONTWAIT, NULL, NULL) = -1 EAGAIN (Try again)
5838  1783889366.038139 recvfrom(43, 0x7ea7539eb0, 3200, MSG_DONTWAIT, NULL, NULL) = -1 EAGAIN (Try again)
5838  1783889366.040630 recvfrom(43, 0x7ea7539eb0, 3200, MSG_DONTWAIT, NULL, NULL) = -1 EAGAIN (Try again)
5817  1783889366.040863 recvfrom(68, 0x7ea22dc420, 2272, MSG_DONTWAIT, NULL, NULL) = -1 EAGAIN (Try again)
5817  1783889366.041040 recvfrom(44, 0x7f37ba5420, 2272, MSG_DONTWAIT, NULL, NULL) = -1 EAGAIN (Try again)
5817  1783889366.041195 recvfrom(38, 0x7fd6df32b0, 3200, MSG_DONTWAIT, NULL, NULL) = -1 EAGAIN (Try again)
5838  1783889366.058734 recvfrom(43, "nysv\0\0\0\0\0\0\0\0\0\0\0\0\377)&\247\t\2\0\0\332\n\2\0\0\0\0\0", 3200, MSG_DONTWAIT, NULL, NULL) = 32
5838  1783889366.058897 recvfrom(43, 0x7ea7539c80, 3200, MSG_DONTWAIT, NULL, NULL) = -1 EAGAIN (Try again)
5817  1783889366.066389 recvfrom(38, "nysv\0\0\0\0\0\0\0\0\0\0\0\0\377)&\247\t\2\0\0\332\n\2\0\0\0\0\0", 3200, MSG_DONTWAIT, NULL, NULL) = 32
5817  1783889366.066623 recvfrom(38, 0x7fd6df3350, 3200, MSG_DONTWAIT, NULL, NULL) = -1 EAGAIN (Try again)
5817  1783889366.068691 recvfrom(68, 0x7ea22dc420, 2272, MSG_DONTWAIT, NULL, NULL) = -1 EAGAIN (Try again)
5817  1783889366.068904 recvfrom(44, 0x7f37ba5420, 2272, MSG_DONTWAIT, NULL, NULL) = -1 EAGAIN (Try again)
5817  1783889366.069099 recvfrom(38, 0x7fd6df32b0, 3200, MSG_DONTWAIT, NULL, NULL) = -1 EAGAIN (Try again)
5838  1783889366.073812 recvfrom(43, 0x7ea7539eb0, 3200, MSG_DONTWAIT, NULL, NULL) = -1 EAGAIN (Try again)
5817  1783889366.078063 recvfrom(38, "nysv\0\0\0\0\0\0\0\0\0\0\0\0jK#\251\t\2\0\0\334\n\2\0\0\0\0\0", 3200, MSG_DONTWAIT, NULL, NULL) = 32
5817  1783889366.078368 recvfrom(38, 0x7fd6df3350, 3200, MSG_DONTWAIT, NULL, NULL) = -1 EAGAIN (Try again)
5817  1783889366.082632 recvfrom(38, 0x7fd6df32b0, 3200, MSG_DONTWAIT, NULL, NULL) = -1 EAGAIN (Try again)
5838  1783889366.091322 recvfrom(43, "nysv\0\0\0\0\0\0\0\0\0\0\0\0jK#\251\t\2\0\0\334\n\2\0\0\0\0\0", 3200, MSG_DONTWAIT, NULL, NULL) = 32
5838  1783889366.091487 recvfrom(43, 0x7ea7539eb0, 3200, MSG_DONTWAIT, NULL, NULL) = -1 EAGAIN (Try again)
5817  1783889366.095344 recvfrom(38, "nysv\0\0\0\0\0\0\0\0\0\0\0\0\224\233!\252\t\2\0\0\335\n\2\0\0\0\0\0", 3200, MSG_DONTWAIT, NULL, NULL) = 32
5817  1783889366.100705 recvfrom(38, 0x7fd6df3350, 3200, MSG_DONTWAIT, NULL, NULL) = -1 EAGAIN (Try again)
5817  1783889366.102744 recvfrom(38, 0x7fd6df32b0, 3200, MSG_DONTWAIT, NULL, NULL) = -1 EAGAIN (Try again)
5838  1783889366.108671 recvfrom(43, "nysv\0\0\0\0\0\0\0\0\0\0\0\0\224\233!\252\t\2\0\0\335\n\2\0\0\0\0\0", 3200, MSG_DONTWAIT, NULL, NULL) = 32
5838  1783889366.108829 recvfrom(43, 0x7ea7539eb0, 3200, MSG_DONTWAIT, NULL, NULL) = -1 EAGAIN (Try again)
5817  1783889366.114963 recvfrom(38, "nysv\0\0\0\0\0\0\0\0\0\0\0\0%\221\37\253\t\2\0\0\336\n\2\0\0\0\0\0", 3200, MSG_DONTWAIT, NULL, NULL) = 32
5817  1783889366.118030 recvfrom(38, 0x7fd6df3350, 3200, MSG_DONTWAIT, NULL, NULL) = -1 EAGAIN (Try again)
5817  1783889366.119137 recvfrom(38, 0x7fd6df32b0, 3200, MSG_DONTWAIT, NULL, NULL) = -1 EAGAIN (Try again)
5838  1783889366.122832 recvfrom(43, "nysv\0\0\0\0\0\0\0\0\0\0\0\0%\221\37\253\t\2\0\0\336\n\2\0\0\0\0\0", 3200, MSG_DONTWAIT, NULL, NULL) = 32
5838  1783889366.122996 recvfrom(43, 0x7ea7539eb0, 3200, MSG_DONTWAIT, NULL, NULL) = -1 EAGAIN (Try again)
5817  1783889366.128306 recvfrom(38, "nysv\0\0\0\0\0\0\0\0\0\0\0\0\35\32\36\254\t\2\0\0\337\n\2\0\0\0\0\0", 3200, MSG_DONTWAIT, NULL, NULL) = 32
5817  1783889366.129615 recvfrom(38, 0x7fd6df3350, 3200, MSG_DONTWAIT, NULL, NULL) = -1 EAGAIN (Try again)
5817  1783889366.135075 recvfrom(38, 0x7fd6df32b0, 3200, MSG_DONTWAIT, NULL, NULL) = -1 EAGAIN (Try again)
5838  1783889366.136869 recvfrom(43, "nysv\0\0\0\0\0\0\0\0\0\0\0\0\35\32\36\254\t\2\0\0\337\n\2\0\0\0\0\0", 3200, MSG_DONTWAIT, NULL, NULL) = 32
5838  1783889366.137092 recvfrom(43, 0x7ea7539eb0, 3200, MSG_DONTWAIT, NULL, NULL) = -1 EAGAIN (Try again)
5817  1783889366.145008 recvfrom(38, "nysv\0\0\0\0\0\0\0\0\0\0\0\0Gj\34\255\t\2\0\0\340\n\2\0\0\0\0\0", 3200, MSG_DONTWAIT, NULL, NULL) = 32
5817  1783889366.145257 recvfrom(38, 0x7fd6df3350, 3200, MSG_DONTWAIT, NULL, NULL) = -1 EAGAIN (Try again)
5817  1783889366.152145 recvfrom(38, 0x7fd6df32b0, 3200, MSG_DONTWAIT, NULL, NULL) = -1 EAGAIN (Try again)
5838  1783889366.152560 recvfrom(43, "nysv\0\0\0\0\0\0\0\0\0\0\0\0Gj\34\255\t\2\0\0\340\n\2\0\0\0\0\0", 3200, MSG_DONTWAIT, NULL, NULL) = 32
5838  1783889366.152780 recvfrom(43, 0x7ea7539eb0, 3200, MSG_DONTWAIT, NULL, NULL) = -1 EAGAIN (Try again)
5817  1783889366.162366 recvfrom(38, "nysv\0\0\0\0\0\0\0\0\0\0\0\0j\274\32\256\t\2\0\0\341\n\2\0\0\0\0\0", 3200, MSG_DONTWAIT, NULL, NULL) = 32
5817  1783889366.162565 recvfrom(38, 0x7fd6df3350, 3200, MSG_DONTWAIT, NULL, NULL) = -1 EAGAIN (Try again)
5817  1783889366.164638 recvfrom(38, 0x7fd6df32b0, 3200, MSG_DONTWAIT, NULL, NULL) = -1 EAGAIN (Try again)
5838  1783889366.165705 recvfrom(43, "nysv\0\0\0\0\0\0\0\0\0\0\0\0j\274\32\256\t\2\0\0\341\n\2\0\0\0\0\0", 3200, MSG_DONTWAIT, NULL, NULL) = 32
5838  1783889366.166078 recvfrom(43, 0x7ea7539eb0, 3200, MSG_DONTWAIT, NULL, NULL) = -1 EAGAIN (Try again)
5817  1783889366.178438 recvfrom(38, "nysv\0\0\0\0\0\0\0\0\0\0\0\00003\31\257\t\2\0\0\342\n\2\0\0\0\0\0", 3200, MSG_DONTWAIT, NULL, NULL) = 32
5817  1783889366.178705 recvfrom(38, 0x7fd6df3350, 3200, MSG_DONTWAIT, NULL, NULL) = -1 EAGAIN (Try again)
5817  1783889366.183795 recvfrom(38, 0x7fd6df32b0, 3200, MSG_DONTWAIT, NULL, NULL) = -1 EAGAIN (Try again)
5838  1783889366.184462 recvfrom(43, "nysv\0\0\0\0\0\0\0\0\0\0\0\00003\31\257\t\2\0\0\342\n\2\0\0\0\0\0", 3200, MSG_DONTWAIT, NULL, NULL) = 32
5838  1783889366.184826 recvfrom(43, 0x7ea7539eb0, 3200, MSG_DONTWAIT, NULL, NULL) = -1 EAGAIN (Try again)
5817  1783889366.195334 recvfrom(38, "nysv\0\0\0\0\0\0\0\0\0\0\0\0W\267\27\260\t\2\0\0\343\n\2\0\0\0\0\0", 3200, MSG_DONTWAIT, NULL, NULL) = 32
5817  1783889366.200163 recvfrom(38, 0x7fd6df3350, 3200, MSG_DONTWAIT, NULL, NULL) = -1 EAGAIN (Try again)
5817  1783889366.201614 recvfrom(38, 0x7fd6df32b0, 3200, MSG_DONTWAIT, NULL, NULL) = -1 EAGAIN (Try again)
5838  1783889366.202981 recvfrom(43, "nysv\0\0\0\0\0\0\0\0\0\0\0\0W\267\27\260\t\2\0\0\343\n\2\0\0\0\0\0", 3200, MSG_DONTWAIT, NULL, NULL) = 32
5838  1783889366.203312 recvfrom(43, 0x7ea7539eb0, 3200, MSG_DONTWAIT, NULL, NULL) = -1 EAGAIN (Try again)
5817  1783889366.211312 recvfrom(38, "nysv\0\0\0\0\0\0\0\0\0\0\0\0\2640\26\261\t\2\0\0\344\n\2\0\0\0\0\0", 3200, MSG_DONTWAIT, NULL, NULL) = 32
5817  1783889366.212030 recvfrom(38, 0x7fd6df3350, 3200, MSG_DONTWAIT, NULL, NULL) = -1 EAGAIN (Try again)
5817  1783889366.213346 recvfrom(38, 0x7fd6df32b0, 3200, MSG_DONTWAIT, NULL, NULL) = -1 EAGAIN (Try again)
5838  1783889366.218436 recvfrom(43, "nysv\0\0\0\0\0\0\0\0\0\0\0\0\2640\26\261\t\2\0\0\344\n\2\0\0\0\0\0", 3200, MSG_DONTWAIT, NULL, NULL) = 32
5838  1783889366.218790 recvfrom(43, 0x7ea7539eb0, 3200, MSG_DONTWAIT, NULL, NULL) = -1 EAGAIN (Try again)
5817  1783889366.228420 recvfrom(38, "nysv\0\0\0\0\0\0\0\0\0\0\0\0\6\232\24\262\t\2\0\0\345\n\2\0\0\0\0\0", 3200, MSG_DONTWAIT, NULL, NULL) = 32
5817  1783889366.228838 recvfrom(38, 0x7fd6df3350, 3200, MSG_DONTWAIT, NULL, NULL) = -1 EAGAIN (Try again)
5817  1783889366.231774 recvfrom(38, 0x7fd6df32b0, 3200, MSG_DONTWAIT, NULL, NULL) = -1 EAGAIN (Try again)
5838  1783889366.236711 recvfrom(43, "nysv\0\0\0\0\0\0\0\0\0\0\0\0\6\232\24\262\t\2\0\0\345\n\2\0\0\0\0\0", 3200, MSG_DONTWAIT, NULL, NULL) = 32
5838  1783889366.236962 recvfrom(43, 0x7ea7539eb0, 3200, MSG_DONTWAIT, NULL, NULL) = -1 EAGAIN (Try again)
5817  1783889366.244495 recvfrom(38, "nysv\0\0\0\0\0\0\0\0\0\0\0\0\266d\23\263\t\2\0\0\346\n\2\0\0\0\0\0", 3200, MSG_DONTWAIT, NULL, NULL) = 32
5817  1783889366.244923 recvfrom(38, 0x7fd6df3350, 3200, MSG_DONTWAIT, NULL, NULL) = -1 EAGAIN (Try again)
5817  1783889366.251361 recvfrom(38, 0x7fd6df32b0, 3200, MSG_DONTWAIT, NULL, NULL) = -1 EAGAIN (Try again)
5838  1783889366.253613 recvfrom(43, "nysv\0\0\0\0\0\0\0\0\0\0\0\0\266d\23\263\t\2\0\0\346\n\2\0\0\0\0\0", 3200, MSG_DONTWAIT, NULL, NULL) = 32
5838  1783889366.253934 recvfrom(43, 0x7ea7539eb0, 3200, MSG_DONTWAIT, NULL, NULL) = -1 EAGAIN (Try again)
5817  1783889366.261557 recvfrom(38, "nysv\0\0\0\0\0\0\0\0\0\0\0\0\372\366\21\264\t\2\0\0\347\n\2\0\0\0\0\0", 3200, MSG_DONTWAIT, NULL, NULL) = 32
5817  1783889366.261931 recvfrom(38, 0x7fd6df3350, 3200, MSG_DONTWAIT, NULL, NULL) = -1 EAGAIN (Try again)
5817  1783889366.262495 recvfrom(38, 0x7fd6df32b0, 3200, MSG_DONTWAIT, NULL, NULL) = -1 EAGAIN (Try again)
5838  1783889366.267713 recvfrom(43, "nysv\0\0\0\0\0\0\0\0\0\0\0\0\372\366\21\264\t\2\0\0\347\n\2\0\0\0\0\0", 3200, MSG_DONTWAIT, NULL, NULL) = 32
5838  1783889366.269551 recvfrom(43, 0x7ea7539eb0, 3200, MSG_DONTWAIT, NULL, NULL) = -1 EAGAIN (Try again)
5817  1783889366.278168 recvfrom(38, "nysv\0\0\0\0\0\0\0\0\0\0\0\0!i\20\265\t\2\0\0\350\n\2\0\0\0\0\0", 3200, MSG_DONTWAIT, NULL, NULL) = 32
5817  1783889366.278584 recvfrom(38, 0x7fd6df3350, 3200, MSG_DONTWAIT, NULL, NULL) = -1 EAGAIN (Try again)
5838  1783889366.286016 recvfrom(43, "nysv\0\0\0\0\0\0\0\0\0\0\0\0!i\20\265\t\2\0\0\350\n\2\0\0\0\0\0", 3200, MSG_DONTWAIT, NULL, NULL) = 32
5838  1783889366.286358 recvfrom(43, 0x7ea7539eb0, 3200, MSG_DONTWAIT, NULL, NULL) = -1 EAGAIN (Try again)
5838  1783889366.302122 recvfrom(43, "nysv\0\0\0\0\0\0\0\0\0\0\0\0\315\373\16\266\t\2\0\0\351\n\2\0\0\0\0\0", 3200, MSG_DONTWAIT, NULL, NULL) = 32
5838  1783889366.302333 recvfrom(43, 0x7ea7539eb0, 3200, MSG_DONTWAIT, NULL, NULL) = -1 EAGAIN (Try again)
5838  1783889366.320175 recvfrom(43, "nysv\0\0\0\0\0\0\0\0\0\0\0\0\rm\r\267\t\2\0\0\352\n\2\0\0\0\0\0", 3200, MSG_DONTWAIT, NULL, NULL) = 32
5838  1783889366.320359 recvfrom(43, 0x7ea7539c80, 3200, MSG_DONTWAIT, NULL, NULL) = -1 EAGAIN (Try again)
5817  1783889367.550005 recvfrom(38, 0x7fd6df3120, 3200, MSG_DONTWAIT, NULL, NULL) = -1 EAGAIN (Try again)
5817  1783889367.563995 recvfrom(38, "nysv\0\0\0\0\0\0\0\0\0\0\0\0\260\217\211\1\n\2\0\0004\v\2\0\0\0\0\0", 3200, MSG_DONTWAIT, NULL, NULL) = 32
5817  1783889367.564489 recvfrom(38, 0x7fd6df3350, 3200, MSG_DONTWAIT, NULL, NULL) = -1 EAGAIN (Try again)
5817  1783889367.565380 recvfrom(68, 0x7ea22dc420, 2272, MSG_DONTWAIT, NULL, NULL) = -1 EAGAIN (Try again)
5817  1783889367.566190 recvfrom(38, 0x7fd6df2350, 3200, MSG_DONTWAIT, NULL, NULL) = -1 EAGAIN (Try again)
5817  1783889367.578025 recvfrom(38, "nysv\0\0\0\0\0\0\0\0\0\0\0\0\354\10\210\2\n\2\0\0005\v\2\0\0\0\0\0", 3200, MSG_DONTWAIT, NULL, NULL) = 32
5817  1783889367.578744 recvfrom(38, 0x7fd6df3350, 3200, MSG_DONTWAIT, NULL, NULL) = -1 EAGAIN (Try again)
5817  1783889367.579866 recvfrom(68, 0x7ea22dc420, 2272, MSG_DONTWAIT, NULL, NULL) = -1 EAGAIN (Try again)
5817  1783889367.580837 recvfrom(38, 0x7fd6df2350, 3200, MSG_DONTWAIT, NULL, NULL) = -1 EAGAIN (Try again)
5817  1783889367.603813 recvfrom(38, "nysv\0\0\0\0\0\0\0\0\0\0\0\0\344\213\206\3\n\2\0\0006\v\2\0\0\0\0\0", 3200, MSG_DONTWAIT, NULL, NULL) = 32
5817  1783889367.604741 recvfrom(38, 0x7fd6df3350, 3200, MSG_DONTWAIT, NULL, NULL) = -1 EAGAIN (Try again)
5817  1783889367.605374 recvfrom(68, 0x7ea22dc420, 2272, MSG_DONTWAIT, NULL, NULL) = -1 EAGAIN (Try again)
5817  1783889367.606262 recvfrom(38, 0x7fd6df2350, 3200, MSG_DONTWAIT, NULL, NULL) = -1 EAGAIN (Try again)
5817  1783889367.618316 recvfrom(38, "nysv\0\0\0\0\0\0\0\0\0\0\0\0.\200\204\4\n\2\0\0007\v\2\0\0\0\0\0", 3200, MSG_DONTWAIT, NULL, NULL) = 32
5817  1783889367.618616 recvfrom(38, 0x7fd6df3350, 3200, MSG_DONTWAIT, NULL, NULL) = -1 EAGAIN (Try again)
5817  1783889367.618997 recvfrom(68, 0x7ea22dc420, 2272, MSG_DONTWAIT, NULL, NULL) = -1 EAGAIN (Try again)
5817  1783889367.619645 recvfrom(38, 0x7fd6df2350, 3200, MSG_DONTWAIT, NULL, NULL) = -1 EAGAIN (Try again)
5817  1783889367.639168 recvfrom(38, "nysv\0\0\0\0\0\0\0\0\0\0\0\0X\320\202\5\n\2\0\08\v\2\0\0\0\0\0", 3200, MSG_DONTWAIT, NULL, NULL) = 32
5817  1783889367.639488 recvfrom(38, 0x7fd6df3350, 3200, MSG_DONTWAIT, NULL, NULL) = -1 EAGAIN (Try again)
5817  1783889367.639745 recvfrom(68, 0x7ea22dc420, 2272, MSG_DONTWAIT, NULL, NULL) = -1 EAGAIN (Try again)
5817  1783889367.640265 recvfrom(38, 0x7fd6df2350, 3200, MSG_DONTWAIT, NULL, NULL) = -1 EAGAIN (Try again)
5817  1783889367.656626 recvfrom(38, "nysv\0\0\0\0\0\0\0\0\0\0\0\0\202 \201\6\n\2\0\09\v\2\0\0\0\0\0", 3200, MSG_DONTWAIT, NULL, NULL) = 32
5817  1783889367.656920 recvfrom(38, 0x7fd6df3350, 3200, MSG_DONTWAIT, NULL, NULL) = -1 EAGAIN (Try again)
5817  1783889367.657252 recvfrom(68, 0x7ea22dc420, 2272, MSG_DONTWAIT, NULL, NULL) = -1 EAGAIN (Try again)
5817  1783889367.657924 recvfrom(38, 0x7fd6df2350, 3200, MSG_DONTWAIT, NULL, NULL) = -1 EAGAIN (Try again)
5817  1783889367.676525 recvfrom(38, "nysv\0\0\0\0\0\0\0\0\0\0\0\0\254p\177\7\n\2\0\0:\v\2\0\0\0\0\0", 3200, MSG_DONTWAIT, NULL, NULL) = 32
5817  1783889367.676784 recvfrom(38, 0x7fd6df3350, 3200, MSG_DONTWAIT, NULL, NULL) = -1 EAGAIN (Try again)
5817  1783889367.677023 recvfrom(68, 0x7ea22dc420, 2272, MSG_DONTWAIT, NULL, NULL) = -1 EAGAIN (Try again)
5817  1783889367.677643 recvfrom(38, 0x7fd6df2350, 3200, MSG_DONTWAIT, NULL, NULL) = -1 EAGAIN (Try again)
5817  1783889367.700544 recvfrom(38, "nysv\0\0\0\0\0\0\0\0\0\0\0\0\355\37|\t\n\2\0\0<\v\2\0\0\0\0\0", 3200, MSG_DONTWAIT, NULL, NULL) = 32
5817  1783889367.700821 recvfrom(38, 0x7fd6df3350, 3200, MSG_DONTWAIT, NULL, NULL) = -1 EAGAIN (Try again)
5817  1783889367.701035 recvfrom(68, 0x7ea22dc420, 2272, MSG_DONTWAIT, NULL, NULL) = -1 EAGAIN (Try again)
5817  1783889367.701647 recvfrom(38, 0x7fd6df2350, 3200, MSG_DONTWAIT, NULL, NULL) = -1 EAGAIN (Try again)
5817  1783889367.718607 recvfrom(38, "nysv\0\0\0\0\0\0\0\0\0\0\0\0*az\n\n\2\0\0=\v\2\0\0\0\0\0", 3200, MSG_DONTWAIT, NULL, NULL) = 32
5817  1783889367.719972 recvfrom(38, 0x7fd6df3350, 3200, MSG_DONTWAIT, NULL, NULL) = -1 EAGAIN (Try again)
5817  1783889367.720234 recvfrom(68, 0x7ea22dc420, 2272, MSG_DONTWAIT, NULL, NULL) = -1 EAGAIN (Try again)
5817  1783889367.722129 recvfrom(38, 0x7fd6df2350, 3200, MSG_DONTWAIT, NULL, NULL) = -1 EAGAIN (Try again)
5817  1783889367.737680 recvfrom(38, "nysv\0\0\0\0\0\0\0\0\0\0\0\0T\261x\v\n\2\0\0>\v\2\0\0\0\0\0", 3200, MSG_DONTWAIT, NULL, NULL) = 32
5817  1783889367.738123 recvfrom(38, 0x7fd6df3350, 3200, MSG_DONTWAIT, NULL, NULL) = -1 EAGAIN (Try again)
5817  1783889367.738434 recvfrom(68, 0x7ea22dc420, 2272, MSG_DONTWAIT, NULL, NULL) = -1 EAGAIN (Try again)
5817  1783889367.739035 recvfrom(38, 0x7fd6df2350, 3200, MSG_DONTWAIT, NULL, NULL) = -1 EAGAIN (Try again)
5817  1783889367.753087 recvfrom(38, "nysv\0\0\0\0\0\0\0\0\0\0\0\0~\1w\f\n\2\0\0?\v\2\0\0\0\0\0", 3200, MSG_DONTWAIT, NULL, NULL) = 32
5817  1783889367.753464 recvfrom(38, 0x7fd6df3350, 3200, MSG_DONTWAIT, NULL, NULL) = -1 EAGAIN (Try again)
5817  1783889367.753851 recvfrom(68, 0x7ea22dc420, 2272, MSG_DONTWAIT, NULL, NULL) = -1 EAGAIN (Try again)
5817  1783889367.754617 recvfrom(38, 0x7fd6df2350, 3200, MSG_DONTWAIT, NULL, NULL) = -1 EAGAIN (Try again)
5817  1783889367.796150 recvfrom(38, "nysv\0\0\0\0\0\0\0\0\0\0\0\0\250Qu\r\n\2\0\0@\v\2\0\0\0\0\0", 3200, MSG_DONTWAIT, NULL, NULL) = 32
5817  1783889367.796492 recvfrom(38, 0x7fd6df3350, 3200, MSG_DONTWAIT, NULL, NULL) = -1 EAGAIN (Try again)
5817  1783889367.796871 recvfrom(68, 0x7ea22dc420, 2272, MSG_DONTWAIT, NULL, NULL) = -1 EAGAIN (Try again)
5817  1783889367.797950 recvfrom(38, 0x7fd6df2350, 3200, MSG_DONTWAIT, NULL, NULL) = -1 EAGAIN (Try again)
5817  1783889367.817657 recvfrom(38, "nysv\0\0\0\0\0\0\0\0\0\0\0\0&Bp\20\n\2\0\0C\v\2\0\0\0\0\0", 3200, MSG_DONTWAIT, NULL, NULL) = 32
5817  1783889367.817998 recvfrom(38, 0x7fd6df3350, 3200, MSG_DONTWAIT, NULL, NULL) = -1 EAGAIN (Try again)
5817  1783889367.818291 recvfrom(68, 0x7ea22dc420, 2272, MSG_DONTWAIT, NULL, NULL) = -1 EAGAIN (Try again)
5817  1783889367.818833 recvfrom(38, 0x7fd6df2350, 3200, MSG_DONTWAIT, NULL, NULL) = -1 EAGAIN (Try again)
5817  1783889367.843454 recvfrom(38, "nysv\0\0\0\0\0\0\0\0\0\0\0\0P\222n\21\n\2\0\0D\v\2\0\0\0\0\0", 3200, MSG_DONTWAIT, NULL, NULL) = 32
5817  1783889367.843731 recvfrom(38, 0x7fd6df3350, 3200, MSG_DONTWAIT, NULL, NULL) = -1 EAGAIN (Try again)
5817  1783889367.844001 recvfrom(68, 0x7ea22dc420, 2272, MSG_DONTWAIT, NULL, NULL) = -1 EAGAIN (Try again)
5834  1783889368.158859 clone(child_stack=0x7ea2b10d40, flags=CLONE_VM|CLONE_FS|CLONE_FILES|CLONE_SIGHAND|CLONE_THREAD|CLONE_SYSVSEM|CLONE_SETTLS|CLONE_PARENT_SETTID|CLONE_CHILD_CLEARTID, parent_tidptr=0x7ea2b10d60, tls=0x7ea2b11020, child_tidptr=0x7ea2b10d60) = 6009
6009  1783889368.173558 openat(AT_FDCWD, "/proc/6009/timerslack_ns", O_WRONLY|O_CREAT|O_TRUNC|O_NOFOLLOW|O_CLOEXEC, 0666) = 67
5817  1783889382.745695 recvfrom(68, "\2\0\0\0\0\0\0\0\35\r\0\0\0\0\0\0\200\3\210\212\r\2\0\0\1\0\0\0\2\20\0\0"..., 2272, MSG_DONTWAIT, NULL, NULL) = 232
5817  1783889382.746261 sendto(68, "\3\0\0\0\0\0\0\0\35\r\0\0\1\0\0\0", 16, MSG_DONTWAIT|MSG_NOSIGNAL, NULL, 0) = 16
5817  1783889382.746547 recvfrom(68, 0x7ea22dc420, 2272, MSG_DONTWAIT, NULL, NULL) = -1 EAGAIN (Try again)
5817  1783889382.747026 recvfrom(68, "\2\0\0\0\0\0\0\0\37\r\0\0\0\0\0\0\200\3\210\212\r\2\0\0\1\0\0\0\2\20\0\0"..., 2272, MSG_DONTWAIT, NULL, NULL) = 232
5817  1783889382.747308 recvfrom(38, 0x7fd6def8e0, 3200, MSG_DONTWAIT, NULL, NULL) = -1 EAGAIN (Try again)
5817  1783889382.748992 sendto(68, "\3\0\0\0\0\0\0\0\37\r\0\0\1\0\0\0", 16, MSG_DONTWAIT|MSG_NOSIGNAL, NULL, 0) = 16
5817  1783889382.749195 recvfrom(68, 0x7ea22dc420, 2272, MSG_DONTWAIT, NULL, NULL) = -1 EAGAIN (Try again)
5817  1783889382.761525 recvfrom(38, "nysv\0\0\0\0\0\0\0\0\0\0\0\0\234\31\210\213\r\2\0\0\274\16\2\0\0\0\0\0", 3200, MSG_DONTWAIT, NULL, NULL) = 32
5817  1783889382.761776 recvfrom(38, 0x7fd6df3350, 3200, MSG_DONTWAIT, NULL, NULL) = -1 EAGAIN (Try again)
5817  1783889382.762088 recvfrom(68, 0x7ea22dc420, 2272, MSG_DONTWAIT, NULL, NULL) = -1 EAGAIN (Try again)
5817  1783889382.762259 recvfrom(38, 0x7fd6df32b0, 3200, MSG_DONTWAIT, NULL, NULL) = -1 EAGAIN (Try again)
5838  1783889382.775666 recvfrom(43, 0x7ea7539eb0, 3200, MSG_DONTWAIT, NULL, NULL) = -1 EAGAIN (Try again)
5838  1783889382.788078 recvfrom(43, "nysv\0\0\0\0\0\0\0\0\0\0\0\0j\232\206\214\r\2\0\0\275\16\2\0\0\0\0\0", 3200, MSG_DONTWAIT, NULL, NULL) = 32
5838  1783889382.788242 recvfrom(43, 0x7ea7539c80, 3200, MSG_DONTWAIT, NULL, NULL) = -1 EAGAIN (Try again)
5817  1783889382.791663 recvfrom(38, "nysv\0\0\0\0\0\0\0\0\0\0\0\0j\232\206\214\r\2\0\0\275\16\2\0\0\0\0\0", 3200, MSG_DONTWAIT, NULL, NULL) = 32
5817  1783889382.791918 recvfrom(38, 0x7fd6df3350, 3200, MSG_DONTWAIT, NULL, NULL) = -1 EAGAIN (Try again)
5817  1783889382.792621 recvfrom(38, 0x7fd6df32b0, 3200, MSG_DONTWAIT, NULL, NULL) = -1 EAGAIN (Try again)
5817  1783889382.795542 recvfrom(38, "nysv\0\0\0\0\0\0\0\0\0\0\0\0\346\26\205\215\r\2\0\0\276\16\2\0\0\0\0\0", 3200, MSG_DONTWAIT, NULL, NULL) = 32
5817  1783889382.795738 recvfrom(38, 0x7fd6df3350, 3200, MSG_DONTWAIT, NULL, NULL) = -1 EAGAIN (Try again)
5817  1783889382.806678 recvfrom(44, 0x7f37ba5420, 2272, MSG_DONTWAIT, NULL, NULL) = -1 EAGAIN (Try again)
5817  1783889382.806827 recvfrom(38, 0x7fd6df32b0, 3200, MSG_DONTWAIT, NULL, NULL) = -1 EAGAIN (Try again)
5817  1783889382.816530 recvfrom(38, "nysv\0\0\0\0\0\0\0\0\0\0\0\0\237\251\203\216\r\2\0\0\277\16\2\0\0\0\0\0", 3200, MSG_DONTWAIT, NULL, NULL) = 32
5817  1783889382.817082 recvfrom(38, 0x7fd6df3350, 3200, MSG_DONTWAIT, NULL, NULL) = -1 EAGAIN (Try again)
5817  1783889382.818764 recvfrom(38, 0x7fd6df32b0, 3200, MSG_DONTWAIT, NULL, NULL) = -1 EAGAIN (Try again)
5817  1783889382.835192 recvfrom(38, "nysv\0\0\0\0\0\0\0\0\0\0\0\0ch\200\217\r\2\0\0\300\16\2\0\0\0\0\0", 3200, MSG_DONTWAIT, NULL, NULL) = 32
5817  1783889382.835675 recvfrom(38, 0x7fd6df3350, 3200, MSG_DONTWAIT, NULL, NULL) = -1 EAGAIN (Try again)
5817  1783889382.835987 recvfrom(38, 0x7fd6df32b0, 3200, MSG_DONTWAIT, NULL, NULL) = -1 EAGAIN (Try again)
5817  1783889382.866103 recvfrom(38, "nysv\0\0\0\0\0\0\0\0\0\0\0\0L\6}\221\r\2\0\0\301\16\2\0\0\0\0\0", 3200, MSG_DONTWAIT, NULL, NULL) = 32
5817  1783889382.866279 recvfrom(38, 0x7fd6df3350, 3200, MSG_DONTWAIT, NULL, NULL) = -1 EAGAIN (Try again)
5817  1783889382.866594 recvfrom(38, 0x7fd6df32b0, 3200, MSG_DONTWAIT, NULL, NULL) = -1 EAGAIN (Try again)
5817  1783889382.878856 recvfrom(38, "nysv\0\0\0\0\0\0\0\0\0\0\0\0vV{\222\r\2\0\0\302\16\2\0\0\0\0\0", 3200, MSG_DONTWAIT, NULL, NULL) = 32
5817  1783889382.879313 recvfrom(38, 0x7fd6df3350, 3200, MSG_DONTWAIT, NULL, NULL) = -1 EAGAIN (Try again)
5817  1783889382.879657 recvfrom(38, 0x7fd6df32b0, 3200, MSG_DONTWAIT, NULL, NULL) = -1 EAGAIN (Try again)
5817  1783889382.898133 recvfrom(38, "nysv\0\0\0\0\0\0\0\0\0\0\0\0\240\246y\223\r\2\0\0\303\16\2\0\0\0\0\0", 3200, MSG_DONTWAIT, NULL, NULL) = 32
5817  1783889382.898640 recvfrom(38, 0x7fd6df3350, 3200, MSG_DONTWAIT, NULL, NULL) = -1 EAGAIN (Try again)
5817  1783889382.898972 recvfrom(38, 0x7fd6df32b0, 3200, MSG_DONTWAIT, NULL, NULL) = -1 EAGAIN (Try again)
5817  1783889382.913919 recvfrom(38, "nysv\0\0\0\0\0\0\0\0\0\0\0\0\312\366w\224\r\2\0\0\304\16\2\0\0\0\0\0", 3200, MSG_DONTWAIT, NULL, NULL) = 32
5817  1783889382.914074 recvfrom(38, 0x7fd6df3350, 3200, MSG_DONTWAIT, NULL, NULL) = -1 EAGAIN (Try again)
5817  1783889382.917402 recvfrom(38, 0x7fd6df32b0, 3200, MSG_DONTWAIT, NULL, NULL) = -1 EAGAIN (Try again)
5817  1783889382.931802 recvfrom(38, "nysv\0\0\0\0\0\0\0\0\0\0\0\0\364Fv\225\r\2\0\0\305\16\2\0\0\0\0\0", 3200, MSG_DONTWAIT, NULL, NULL) = 32
5817  1783889382.931977 recvfrom(38, 0x7fd6df3350, 3200, MSG_DONTWAIT, NULL, NULL) = -1 EAGAIN (Try again)
5817  1783889382.932297 recvfrom(38, 0x7fd6df32b0, 3200, MSG_DONTWAIT, NULL, NULL) = -1 EAGAIN (Try again)
5817  1783889382.944827 recvfrom(38, "nysv\0\0\0\0\0\0\0\0\0\0\0\0\330\317t\226\r\2\0\0\306\16\2\0\0\0\0\0", 3200, MSG_DONTWAIT, NULL, NULL) = 32
5817  1783889382.945057 recvfrom(38, 0x7fd6df3350, 3200, MSG_DONTWAIT, NULL, NULL) = -1 EAGAIN (Try again)
5817  1783889382.947780 recvfrom(38, 0x7fd6df32b0, 3200, MSG_DONTWAIT, NULL, NULL) = -1 EAGAIN (Try again)
5817  1783889382.967095 recvfrom(38, "nysv\0\0\0\0\0\0\0\0\0\0\0\0H\347r\227\r\2\0\0\307\16\2\0\0\0\0\0", 3200, MSG_DONTWAIT, NULL, NULL) = 32
5817  1783889382.967669 recvfrom(38, 0x7fd6df3350, 3200, MSG_DONTWAIT, NULL, NULL) = -1 EAGAIN (Try again)
5817  1783889382.968010 recvfrom(38, 0x7fd6df32b0, 3200, MSG_DONTWAIT, NULL, NULL) = -1 EAGAIN (Try again)
5817  1783889382.980067 recvfrom(38, "nysv\0\0\0\0\0\0\0\0\0\0\0\0r7q\230\r\2\0\0\310\16\2\0\0\0\0\0", 3200, MSG_DONTWAIT, NULL, NULL) = 32
5817  1783889382.980321 recvfrom(38, 0x7fd6df3350, 3200, MSG_DONTWAIT, NULL, NULL) = -1 EAGAIN (Try again)
5817  1783889382.980695 recvfrom(38, 0x7fd6df32b0, 3200, MSG_DONTWAIT, NULL, NULL) = -1 EAGAIN (Try again)
5817  1783889383.000777 recvfrom(38, "nysv\0\0\0\0\0\0\0\0\0\0\0\0\234\207o\231\r\2\0\0\311\16\2\0\0\0\0\0", 3200, MSG_DONTWAIT, NULL, NULL) = 32
5817  1783889383.000942 recvfrom(38, 0x7fd6df3350, 3200, MSG_DONTWAIT, NULL, NULL) = -1 EAGAIN (Try again)
5817  1783889383.001313 recvfrom(38, 0x7fd6df32b0, 3200, MSG_DONTWAIT, NULL, NULL) = -1 EAGAIN (Try again)
5817  1783889383.011545 recvfrom(38, "nysv\0\0\0\0\0\0\0\0\0\0\0\0\33\345m\232\r\2\0\0\312\16\2\0\0\0\0\0", 3200, MSG_DONTWAIT, NULL, NULL) = 32
5817  1783889383.011722 recvfrom(38, 0x7fd6df3350, 3200, MSG_DONTWAIT, NULL, NULL) = -1 EAGAIN (Try again)
5817  1783889383.012027 recvfrom(38, 0x7fd6df32b0, 3200, MSG_DONTWAIT, NULL, NULL) = -1 EAGAIN (Try again)
5817  1783889383.030829 recvfrom(38, "nysv\0\0\0\0\0\0\0\0\0\0\0\0\360'l\233\r\2\0\0\313\16\2\0\0\0\0\0", 3200, MSG_DONTWAIT, NULL, NULL) = 32
5817  1783889383.031002 recvfrom(38, 0x7fd6df3350, 3200, MSG_DONTWAIT, NULL, NULL) = -1 EAGAIN (Try again)
5817  1783889383.031348 recvfrom(38, 0x7fd6df32b0, 3200, MSG_DONTWAIT, NULL, NULL) = -1 EAGAIN (Try again)
5817  1783889383.043811 recvfrom(38, "nysv\0\0\0\0\0\0\0\0\0\0\0\0\5\310j\234\r\2\0\0\314\16\2\0\0\0\0\0", 3200, MSG_DONTWAIT, NULL, NULL) = 32
5817  1783889383.044037 recvfrom(38, 0x7fd6df3350, 3200, MSG_DONTWAIT, NULL, NULL) = -1 EAGAIN (Try again)
5817  1783889383.044369 recvfrom(38, 0x7fd6df32b0, 3200, MSG_DONTWAIT, NULL, NULL) = -1 EAGAIN (Try again)
5817  1783889383.061088 recvfrom(38, "nysv\0\0\0\0\0\0\0\0\0\0\0\0\276Gi\235\r\2\0\0\315\16\2\0\0\0\0\0", 3200, MSG_DONTWAIT, NULL, NULL) = 32
5817  1783889383.061440 recvfrom(38, 0x7fd6df3350, 3200, MSG_DONTWAIT, NULL, NULL) = -1 EAGAIN (Try again)
5817  1783889383.061801 recvfrom(38, 0x7fd6df32b0, 3200, MSG_DONTWAIT, NULL, NULL) = -1 EAGAIN (Try again)
5817  1783889383.081245 recvfrom(38, "nysv\0\0\0\0\0\0\0\0\0\0\0\0\350\227g\236\r\2\0\0\316\16\2\0\0\0\0\0", 3200, MSG_DONTWAIT, NULL, NULL) = 32
5817  1783889383.081441 recvfrom(38, 0x7fd6df3350, 3200, MSG_DONTWAIT, NULL, NULL) = -1 EAGAIN (Try again)
5817  1783889383.081828 recvfrom(38, 0x7fd6df32b0, 3200, MSG_DONTWAIT, NULL, NULL) = -1 EAGAIN (Try again)
5817  1783889383.098445 recvfrom(38, "nysv\0\0\0\0\0\0\0\0\0\0\0\0\230he\237\r\2\0\0\317\16\2\0\0\0\0\0", 3200, MSG_DONTWAIT, NULL, NULL) = 32
5817  1783889383.098746 recvfrom(38, 0x7fd6df3350, 3200, MSG_DONTWAIT, NULL, NULL) = -1 EAGAIN (Try again)
5817  1783889383.099180 recvfrom(38, 0x7fd6df32b0, 3200, MSG_DONTWAIT, NULL, NULL) = -1 EAGAIN (Try again)
5817  1783889383.110740 recvfrom(38, "nysv\0\0\0\0\0\0\0\0\0\0\0\0a\6d\240\r\2\0\0\320\16\2\0\0\0\0\0", 3200, MSG_DONTWAIT, NULL, NULL) = 32
5817  1783889383.110987 recvfrom(38, 0x7fd6df3350, 3200, MSG_DONTWAIT, NULL, NULL) = -1 EAGAIN (Try again)
5817  1783889383.111455 recvfrom(38, 0x7fd6df32b0, 3200, MSG_DONTWAIT, NULL, NULL) = -1 EAGAIN (Try again)
5817  1783889383.135316 recvfrom(38, "nysv\0\0\0\0\0\0\0\0\0\0\0\0\354\10b\241\r\2\0\0\321\16\2\0\0\0\0\0", 3200, MSG_DONTWAIT, NULL, NULL) = 32
5817  1783889383.135602 recvfrom(38, 0x7fd6df3350, 3200, MSG_DONTWAIT, NULL, NULL) = -1 EAGAIN (Try again)
5817  1783889383.136139 recvfrom(38, 0x7fd6df32b0, 3200, MSG_DONTWAIT, NULL, NULL) = -1 EAGAIN (Try again)
5817  1783889383.147076 recvfrom(38, "nysv\0\0\0\0\0\0\0\0\0\0\0\0\26Y`\242\r\2\0\0\322\16\2\0\0\0\0\0", 3200, MSG_DONTWAIT, NULL, NULL) = 32
5817  1783889383.147374 recvfrom(38, 0x7fd6df3350, 3200, MSG_DONTWAIT, NULL, NULL) = -1 EAGAIN (Try again)
