9625  1783938619.897161 recvfrom(42, 0x7fc3ae5860, 3200, MSG_DONTWAIT, NULL, NULL) = -1 EAGAIN (Try again)
9625  1783938619.910010 recvfrom(42, "nysv\0\0\0\0\0\0\0\0\0\0\0\0i=\27kp\0\0\0\34p\0\0\0\0\0\0", 3200, MSG_DONTWAIT, NULL, NULL) = 32
9625  1783938619.910068 recvfrom(42, 0x7fc3ae5be0, 3200, MSG_DONTWAIT, NULL, NULL) = -1 EAGAIN (Try again)
9625  1783938619.910091 recvfrom(55, 0x75eb92b820, 2272, MSG_DONTWAIT, NULL, NULL) = -1 EAGAIN (Try again)
9625  1783938620.399135 recvfrom(42, 0x7fc3ae5860, 3200, MSG_DONTWAIT, NULL, NULL) = -1 EAGAIN (Try again)
9625  1783938620.407381 recvfrom(42, "nysv\0\0\0\0\0\0\0\0\0\0\0\0\273\376\337\210p\0\0\0:p\0\0\0\0\0\0", 3200, MSG_DONTWAIT, NULL, NULL) = 32
9625  1783938620.407621 recvfrom(42, 0x7fc3ae5be0, 3200, MSG_DONTWAIT, NULL, NULL) = -1 EAGAIN (Try again)
9625  1783938620.407739 recvfrom(55, 0x75eb92b820, 2272, MSG_DONTWAIT, NULL, NULL) = -1 EAGAIN (Try again)
9625  1783938620.900152 recvfrom(42, 0x7fc3ae5860, 3200, MSG_DONTWAIT, NULL, NULL) = -1 EAGAIN (Try again)
9625  1783938620.907813 recvfrom(42, "nysv\0\0\0\0\0\0\0\0\0\0\0\0\277\223\253\246p\0\0\0Xp\0\0\0\0\0\0", 3200, MSG_DONTWAIT, NULL, NULL) = 32
9625  1783938620.907847 recvfrom(42, 0x7fc3ae5be0, 3200, MSG_DONTWAIT, NULL, NULL) = -1 EAGAIN (Try again)
9625  1783938620.907897 recvfrom(55, 0x75eb92b820, 2272, MSG_DONTWAIT, NULL, NULL) = -1 EAGAIN (Try again)
9625  1783938621.401553 recvfrom(42, 0x7fc3ae5860, 3200, MSG_DONTWAIT, NULL, NULL) = -1 EAGAIN (Try again)
9625  1783938621.408015 recvfrom(42, "nysv\0\0\0\0\0\0\0\0\0\0\0\0\376yx\304p\0\0\0vp\0\0\0\0\0\0", 3200, MSG_DONTWAIT, NULL, NULL) = 32
9625  1783938621.408075 recvfrom(42, 0x7fc3ae5be0, 3200, MSG_DONTWAIT, NULL, NULL) = -1 EAGAIN (Try again)
9625  1783938621.408130 recvfrom(55, 0x75eb92b820, 2272, MSG_DONTWAIT, NULL, NULL) = -1 EAGAIN (Try again)
9625  1783938621.904559 recvfrom(42, 0x7fc3ae5860, 3200, MSG_DONTWAIT, NULL, NULL) = -1 EAGAIN (Try again)
9625  1783938621.908329 recvfrom(42, "nysv\0\0\0\0\0\0\0\0\0\0\0\0&\307E\342p\0\0\0\224p\0\0\0\0\0\0", 3200, MSG_DONTWAIT, NULL, NULL) = 32
9625  1783938621.908437 recvfrom(42, 0x7fc3ae5be0, 3200, MSG_DONTWAIT, NULL, NULL) = -1 EAGAIN (Try again)
9625  1783938621.908567 recvfrom(55, 0x75eb92b820, 2272, MSG_DONTWAIT, NULL, NULL) = -1 EAGAIN (Try again)
9635  1783938622.157704 exit(0)         = ?
9635  1783938622.158563 +++ exited with 0 +++
9633  1783938622.158907 exit(0)         = ?
9633  1783938622.159020 +++ exited with 0 +++
9632  1783938622.159300 exit(0)         = ?
9632  1783938622.159377 +++ exited with 0 +++
9634  1783938622.161716 exit(0)         = ?
9634  1783938622.162085 +++ exited with 0 +++
9645  1783938622.162269 newfstatat(AT_FDCWD, "/data", {st_mode=S_IFDIR|0771, st_size=4096, ...}, AT_SYMLINK_NOFOLLOW) = 0
9645  1783938622.162354 newfstatat(AT_FDCWD, "/data/app", {st_mode=S_IFDIR|0771, st_size=4096, ...}, AT_SYMLINK_NOFOLLOW) = 0
9645  1783938622.162453 newfstatat(AT_FDCWD, "/data/app/app.prav.client-Up8jxwh6W-DulcMOhftD2Q==", {st_mode=S_IFDIR|0775, st_size=4096, ...}, AT_SYMLINK_NOFOLLOW) = 0
9645  1783938622.162486 newfstatat(AT_FDCWD, "/data/app/app.prav.client-Up8jxwh6W-DulcMOhftD2Q==/base.apk", {st_mode=S_IFREG|0644, st_size=32692263, ...}, AT_SYMLINK_NOFOLLOW) = 0
9645  1783938622.162510 getcwd("/", 4096) = 2
9645  1783938622.162524 newfstatat(AT_FDCWD, "/base.apk", 0x764c304690, AT_SYMLINK_NOFOLLOW) = -1 ENOENT (No such file or directory)
9625  1783938622.406461 recvfrom(42, 0x7fc3ae5860, 3200, MSG_DONTWAIT, NULL, NULL) = -1 EAGAIN (Try again)
9625  1783938622.408423 recvfrom(42, "nysv\0\0\0\0\0\0\0\0\0\0\0\0\366l\23\0q\0\0\0\262p\0\0\0\0\0\0", 3200, MSG_DONTWAIT, NULL, NULL) = 32
9625  1783938622.408496 recvfrom(42, 0x7fc3ae5be0, 3200, MSG_DONTWAIT, NULL, NULL) = -1 EAGAIN (Try again)
9625  1783938622.408583 recvfrom(55, 0x75eb92b820, 2272, MSG_DONTWAIT, NULL, NULL) = -1 EAGAIN (Try again)
9644  1783938622.552672 clone(child_stack=0x764837bd40, flags=CLONE_VM|CLONE_FS|CLONE_FILES|CLONE_SIGHAND|CLONE_THREAD|CLONE_SYSVSEM|CLONE_SETTLS|CLONE_PARENT_SETTID|CLONE_CHILD_CLEARTID, parent_tidptr=0x764837bd60, tls=0x764837c020, child_tidptr=0x764837bd60) = 9715
9715  1783938622.558334 openat(AT_FDCWD, "/proc/9715/timerslack_ns", O_WRONLY|O_CREAT|O_TRUNC|O_NOFOLLOW|O_CLOEXEC, 0666) = 77
9625  1783938622.890276 clone(child_stack=0x764827ed40, flags=CLONE_VM|CLONE_FS|CLONE_FILES|CLONE_SIGHAND|CLONE_THREAD|CLONE_SYSVSEM|CLONE_SETTLS|CLONE_PARENT_SETTID|CLONE_CHILD_CLEARTID, parent_tidptr=0x764827ed60, tls=0x764827f020, child_tidptr=0x764827ed60) = 9719
9719  1783938622.896160 faccessat(AT_FDCWD, "/data/user/0/app.prav.client", F_OK) = 0
9719  1783938622.896545 faccessat(AT_FDCWD, "/data/user/0/app.prav.client/files", F_OK) = 0
9719  1783938622.896908 faccessat(AT_FDCWD, "/data/user/0/app.prav.client/files/profileinstaller_profileWrittenFor_lastUpdateTime.dat", F_OK) = 0
9719  1783938622.897335 openat(AT_FDCWD, "/data/user/0/app.prav.client/files/profileinstaller_profileWrittenFor_lastUpdateTime.dat", O_RDONLY) = 77
9719  1783938622.899013 getsockopt(77, SOL_SOCKET, SO_ERROR, 0x764827d254, [4]) = -1 ENOTSOCK (Socket operation on non-socket)
9719  1783938622.900964 newfstatat(AT_FDCWD, "/data/misc/profiles/ref/app.prav.client/primary.prof", 0x764827cc28, 0) = -1 ENOENT (No such file or directory)
9719  1783938622.901448 faccessat(AT_FDCWD, "/data/misc/profiles/ref/app.prav.client/primary.prof", F_OK) = -1 ENOENT (No such file or directory)
9719  1783938622.901884 newfstatat(AT_FDCWD, "/data/misc/profiles/cur/0/app.prav.client/primary.prof", {st_mode=S_IFREG|0600, st_size=13921, ...}, 0) = 0
9719  1783938622.902407 faccessat(AT_FDCWD, "/data/misc/profiles/cur/0/app.prav.client/primary.prof", F_OK) = 0
9719  1783938622.903486 faccessat(AT_FDCWD, "/data/user/0/app.prav.client/files", F_OK) = 0
9719  1783938622.903803 faccessat(AT_FDCWD, "/data/user/0/app.prav.client/files/profileInstalled", F_OK) = 0
9719  1783938622.904168 openat(AT_FDCWD, "/data/user/0/app.prav.client/files/profileInstalled", O_RDONLY) = 77
9719  1783938622.905920 getsockopt(77, SOL_SOCKET, SO_ERROR, 0x764827c5a4, [4]) = -1 ENOTSOCK (Socket operation on non-socket)
9625  1783938622.906855 recvfrom(42, 0x7fc3ae5860, 3200, MSG_DONTWAIT, NULL, NULL) = -1 EAGAIN (Try again)
9625  1783938622.907967 recvfrom(42, "nysv\0\0\0\0\0\0\0\0\0\0\0\0\270K\341\35q\0\0\0\320p\0\0\0\0\0\0", 3200, MSG_DONTWAIT, NULL, NULL) = 32
9625  1783938622.907990 recvfrom(42, 0x7fc3ae5be0, 3200, MSG_DONTWAIT, NULL, NULL) = -1 EAGAIN (Try again)
9625  1783938622.908018 recvfrom(55, 0x75eb92b820, 2272, MSG_DONTWAIT, NULL, NULL) = -1 EAGAIN (Try again)
9719  1783938622.912351 exit(0)         = ?
9719  1783938622.912804 +++ exited with 0 +++
9674  1783938622.963100 faccessat(AT_FDCWD, "/proc/self/task/9719", F_OK) = -1 ENOENT (No such file or directory)
9625  1783938623.408032 recvfrom(42, 0x7fc3ae5860, 3200, MSG_DONTWAIT, NULL, NULL) = -1 EAGAIN (Try again)
9625  1783938623.425631 recvfrom(42, "nysv\0\0\0\0\0\0\0\0\0\0\0\0\341\230\254<q\0\0\0\357p\0\0\0\0\0\0", 3200, MSG_DONTWAIT, NULL, NULL) = 32
9625  1783938623.425753 recvfrom(42, 0x7fc3ae5be0, 3200, MSG_DONTWAIT, NULL, NULL) = -1 EAGAIN (Try again)
9625  1783938623.425907 recvfrom(55, 0x75eb92b820, 2272, MSG_DONTWAIT, NULL, NULL) = -1 EAGAIN (Try again)
9625  1783938623.910308 recvfrom(42, 0x7fc3ae5860, 3200, MSG_DONTWAIT, NULL, NULL) = -1 EAGAIN (Try again)
9625  1783938623.925981 recvfrom(42, "nysv\0\0\0\0\0\0\0\0\0\0\0\0P\215yZq\0\0\0\rq\0\0\0\0\0\0", 3200, MSG_DONTWAIT, NULL, NULL) = 32
9625  1783938623.926031 recvfrom(42, 0x7fc3ae5be0, 3200, MSG_DONTWAIT, NULL, NULL) = -1 EAGAIN (Try again)
9625  1783938623.926089 recvfrom(55, 0x75eb92b820, 2272, MSG_DONTWAIT, NULL, NULL) = -1 EAGAIN (Try again)
9625  1783938624.421753 recvfrom(42, 0x7fc3ae5860, 3200, MSG_DONTWAIT, NULL, NULL) = -1 EAGAIN (Try again)
9625  1783938624.444243 recvfrom(42, "nysv\0\0\0\0\0\0\0\0\0\0\0\0fBEyq\0\0\0)q\0\0\0\0\0\0", 3200, MSG_DONTWAIT, NULL, NULL) = 32
9625  1783938624.444300 recvfrom(42, 0x7fc3ae5be0, 3200, MSG_DONTWAIT, NULL, NULL) = -1 EAGAIN (Try again)
9625  1783938624.444341 recvfrom(55, 0x75eb92b820, 2272, MSG_DONTWAIT, NULL, NULL) = -1 EAGAIN (Try again)
9625  1783938624.925709 recvfrom(42, 0x7fc3ae5860, 3200, MSG_DONTWAIT, NULL, NULL) = -1 EAGAIN (Try again)
9625  1783938624.943714 recvfrom(42, "nysv\0\0\0\0\0\0\0\0\0\0\0\0R\247\22\227q\0\0\0Fq\0\0\0\0\0\0", 3200, MSG_DONTWAIT, NULL, NULL) = 32
9625  1783938624.943852 recvfrom(42, 0x7fc3ae5be0, 3200, MSG_DONTWAIT, NULL, NULL) = -1 EAGAIN (Try again)
9625  1783938624.944013 recvfrom(55, 0x75eb92b820, 2272, MSG_DONTWAIT, NULL, NULL) = -1 EAGAIN (Try again)
9625  1783938625.428003 recvfrom(42, 0x7fc3ae5860, 3200, MSG_DONTWAIT, NULL, NULL) = -1 EAGAIN (Try again)
9625  1783938625.440865 recvfrom(42, "nysv\0\0\0\0\0\0\0\0\0\0\0\0\305\220\340\264q\0\0\0dq\0\0\0\0\0\0", 3200, MSG_DONTWAIT, NULL, NULL) = 32
9625  1783938625.440967 recvfrom(42, 0x7fc3ae5be0, 3200, MSG_DONTWAIT, NULL, NULL) = -1 EAGAIN (Try again)
9625  1783938625.441230 recvfrom(55, 0x75eb92b820, 2272, MSG_DONTWAIT, NULL, NULL) = -1 EAGAIN (Try again)
9625  1783938625.930822 recvfrom(42, 0x7fc3ae5860, 3200, MSG_DONTWAIT, NULL, NULL) = -1 EAGAIN (Try again)
9625  1783938625.943929 recvfrom(42, "nysv\0\0\0\0\0\0\0\0\0\0\0\0*q\255\322q\0\0\0\202q\0\0\0\0\0\0", 3200, MSG_DONTWAIT, NULL, NULL) = 32
9625  1783938625.944024 recvfrom(42, 0x7fc3ae5be0, 3200, MSG_DONTWAIT, NULL, NULL) = -1 EAGAIN (Try again)
9625  1783938625.944133 recvfrom(55, 0x75eb92b820, 2272, MSG_DONTWAIT, NULL, NULL) = -1 EAGAIN (Try again)
9625  1783938626.431699 recvfrom(42, 0x7fc3ae5860, 3200, MSG_DONTWAIT, NULL, NULL) = -1 EAGAIN (Try again)
9625  1783938626.442973 recvfrom(42, "nysv\0\0\0\0\0\0\0\0\0\0\0\0\26\326z\360q\0\0\0\240q\0\0\0\0\0\0", 3200, MSG_DONTWAIT, NULL, NULL) = 32
9625  1783938626.443047 recvfrom(42, 0x7fc3ae5be0, 3200, MSG_DONTWAIT, NULL, NULL) = -1 EAGAIN (Try again)
9625  1783938626.443111 recvfrom(55, 0x75eb92b820, 2272, MSG_DONTWAIT, NULL, NULL) = -1 EAGAIN (Try again)
9625  1783938626.933873 recvfrom(42, 0x7fc3ae5860, 3200, MSG_DONTWAIT, NULL, NULL) = -1 EAGAIN (Try again)
9625  1783938626.942722 recvfrom(42, "nysv\0\0\0\0\0\0\0\0\0\0\0\0\2;H\16r\0\0\0\276q\0\0\0\0\0\0", 3200, MSG_DONTWAIT, NULL, NULL) = 32
9625  1783938626.942861 recvfrom(42, 0x7fc3ae5be0, 3200, MSG_DONTWAIT, NULL, NULL) = -1 EAGAIN (Try again)
9625  1783938626.943008 recvfrom(55, 0x75eb92b820, 2272, MSG_DONTWAIT, NULL, NULL) = -1 EAGAIN (Try again)
9625  1783938627.437943 recvfrom(42, 0x7fc3ae5860, 3200, MSG_DONTWAIT, NULL, NULL) = -1 EAGAIN (Try again)
9625  1783938627.442695 recvfrom(42, "nysv\0\0\0\0\0\0\0\0\0\0\0\0\356\237\25,r\0\0\0\334q\0\0\0\0\0\0", 3200, MSG_DONTWAIT, NULL, NULL) = 32
9625  1783938627.442824 recvfrom(42, 0x7fc3ae5be0, 3200, MSG_DONTWAIT, NULL, NULL) = -1 EAGAIN (Try again)
9625  1783938627.443213 recvfrom(55, 0x75eb92b820, 2272, MSG_DONTWAIT, NULL, NULL) = -1 EAGAIN (Try again)
9625  1783938627.942898 recvfrom(42, 0x7fc3ae5860, 3200, MSG_DONTWAIT, NULL, NULL) = -1 EAGAIN (Try again)
9625  1783938627.958334 recvfrom(42, "nysv\0\0\0\0\0\0\0\0\0\0\0\0\354t\341Jr\0\0\0\373q\0\0\0\0\0\0", 3200, MSG_DONTWAIT, NULL, NULL) = 32
9625  1783938627.958459 recvfrom(42, 0x7fc3ae5be0, 3200, MSG_DONTWAIT, NULL, NULL) = -1 EAGAIN (Try again)
9625  1783938627.958644 recvfrom(55, 0x75eb92b820, 2272, MSG_DONTWAIT, NULL, NULL) = -1 EAGAIN (Try again)
9625  1783938628.444923 recvfrom(42, 0x7fc3ae5860, 3200, MSG_DONTWAIT, NULL, NULL) = -1 EAGAIN (Try again)
9625  1783938628.458678 recvfrom(42, "nysv\0\0\0\0\0\0\0\0\0\0\0\0W\352\256hr\0\0\0\31r\0\0\0\0\0\0", 3200, MSG_DONTWAIT, NULL, NULL) = 32
9625  1783938628.458777 recvfrom(42, 0x7fc3ae5be0, 3200, MSG_DONTWAIT, NULL, NULL) = -1 EAGAIN (Try again)
9625  1783938628.458902 recvfrom(55, 0x75eb92b820, 2272, MSG_DONTWAIT, NULL, NULL) = -1 EAGAIN (Try again)
9625  1783938628.946209 recvfrom(42, 0x7fc3ae5860, 3200, MSG_DONTWAIT, NULL, NULL) = -1 EAGAIN (Try again)
9625  1783938628.958338 recvfrom(42, "nysv\0\0\0\0\0\0\0\0\0\0\0\0\334\36|\206r\0\0\0007r\0\0\0\0\0\0", 3200, MSG_DONTWAIT, NULL, NULL) = 32
9625  1783938628.958371 recvfrom(42, 0x7fc3ae5be0, 3200, MSG_DONTWAIT, NULL, NULL) = -1 EAGAIN (Try again)
9625  1783938628.958397 recvfrom(55, 0x75eb92b820, 2272, MSG_DONTWAIT, NULL, NULL) = -1 EAGAIN (Try again)
9625  1783938629.447699 recvfrom(42, 0x7fc3ae5860, 3200, MSG_DONTWAIT, NULL, NULL) = -1 EAGAIN (Try again)
9625  1783938629.459147 recvfrom(42, "nysv\0\0\0\0\0\0\0\0\0\0\0\0v\205I\244r\0\0\0Ur\0\0\0\0\0\0", 3200, MSG_DONTWAIT, NULL, NULL) = 32
9625  1783938629.459332 recvfrom(42, 0x7fc3ae5be0, 3200, MSG_DONTWAIT, NULL, NULL) = -1 EAGAIN (Try again)
9625  1783938629.459469 recvfrom(55, 0x75eb92b820, 2272, MSG_DONTWAIT, NULL, NULL) = -1 EAGAIN (Try again)
9625  1783938629.949567 recvfrom(42, 0x7fc3ae5860, 3200, MSG_DONTWAIT, NULL, NULL) = -1 EAGAIN (Try again)
9625  1783938629.958192 recvfrom(42, "nysv\0\0\0\0\0\0\0\0\0\0\0\0\32=\27\302r\0\0\0sr\0\0\0\0\0\0", 3200, MSG_DONTWAIT, NULL, NULL) = 32
9625  1783938629.958295 recvfrom(42, 0x7fc3ae5be0, 3200, MSG_DONTWAIT, NULL, NULL) = -1 EAGAIN (Try again)
9625  1783938629.958421 recvfrom(55, 0x75eb92b820, 2272, MSG_DONTWAIT, NULL, NULL) = -1 EAGAIN (Try again)
9625  1783938630.450521 recvfrom(42, 0x7fc3ae5860, 3200, MSG_DONTWAIT, NULL, NULL) = -1 EAGAIN (Try again)
9625  1783938630.459368 recvfrom(42, "nysv\0\0\0\0\0\0\0\0\0\0\0\0\240M\344\337r\0\0\0\221r\0\0\0\0\0\0", 3200, MSG_DONTWAIT, NULL, NULL) = 32
9625  1783938630.459460 recvfrom(42, 0x7fc3ae5be0, 3200, MSG_DONTWAIT, NULL, NULL) = -1 EAGAIN (Try again)
9625  1783938630.459577 recvfrom(55, 0x75eb92b820, 2272, MSG_DONTWAIT, NULL, NULL) = -1 EAGAIN (Try again)
9625  1783938630.951637 recvfrom(42, 0x7fc3ae5860, 3200, MSG_DONTWAIT, NULL, NULL) = -1 EAGAIN (Try again)
9625  1783938630.960173 recvfrom(42, "nysv\0\0\0\0\0\0\0\0\0\0\0\0\214\262\261\375r\0\0\0\257r\0\0\0\0\0\0", 3200, MSG_DONTWAIT, NULL, NULL) = 32
9625  1783938630.960275 recvfrom(42, 0x7fc3ae5be0, 3200, MSG_DONTWAIT, NULL, NULL) = -1 EAGAIN (Try again)
9625  1783938630.960401 recvfrom(55, 0x75eb92b820, 2272, MSG_DONTWAIT, NULL, NULL) = -1 EAGAIN (Try again)
9625  1783938631.454525 recvfrom(42, 0x7fc3ae5860, 3200, MSG_DONTWAIT, NULL, NULL) = -1 EAGAIN (Try again)
9625  1783938631.457984 recvfrom(42, "nysv\0\0\0\0\0\0\0\0\0\0\0\0ni\177\33s\0\0\0\315r\0\0\0\0\0\0", 3200, MSG_DONTWAIT, NULL, NULL) = 32
9625  1783938631.458043 recvfrom(42, 0x7fc3ae5be0, 3200, MSG_DONTWAIT, NULL, NULL) = -1 EAGAIN (Try again)
9625  1783938631.458077 recvfrom(55, 0x75eb92b820, 2272, MSG_DONTWAIT, NULL, NULL) = -1 EAGAIN (Try again)
9625  1783938631.957079 recvfrom(42, 0x7fc3ae5860, 3200, MSG_DONTWAIT, NULL, NULL) = -1 EAGAIN (Try again)
9625  1783938631.960203 recvfrom(42, "nysv\0\0\0\0\0\0\0\0\0\0\0\0d|L9s\0\0\0\353r\0\0\0\0\0\0", 3200, MSG_DONTWAIT, NULL, NULL) = 32
9625  1783938631.960262 recvfrom(42, 0x7fc3ae5be0, 3200, MSG_DONTWAIT, NULL, NULL) = -1 EAGAIN (Try again)
9625  1783938631.960317 recvfrom(55, 0x75eb92b820, 2272, MSG_DONTWAIT, NULL, NULL) = -1 EAGAIN (Try again)
9625  1783938632.458772 recvfrom(42, 0x7fc3ae5860, 3200, MSG_DONTWAIT, NULL, NULL) = -1 EAGAIN (Try again)
9625  1783938632.476268 recvfrom(42, "nysv\0\0\0\0\0\0\0\0\0\0\0\0\372\255\30Xs\0\0\0\ns\0\0\0\0\0\0", 3200, MSG_DONTWAIT, NULL, NULL) = 32
9625  1783938632.476380 recvfrom(42, 0x7fc3ae5be0, 3200, MSG_DONTWAIT, NULL, NULL) = -1 EAGAIN (Try again)
9625  1783938632.476517 recvfrom(55, 0x75eb92b820, 2272, MSG_DONTWAIT, NULL, NULL) = -1 EAGAIN (Try again)
