8085  1783882152.215971 recvfrom(39, 0x7ff7a6fa40, 3200, MSG_DONTWAIT, NULL, NULL) = -1 EAGAIN (Try again)
8085  1783882152.217225 recvfrom(39, "nysv\0\0\0\0\0\0\0\0\0\0\0\0\27T\246\251e\0\0\0\213d\0\0\0\0\0\0", 3200, MSG_DONTWAIT, NULL, NULL) = 32
8085  1783882152.217426 recvfrom(39, 0x7ff7a6fc30, 3200, MSG_DONTWAIT, NULL, NULL) = -1 EAGAIN (Try again)
8085  1783882152.217598 recvfrom(53, 0x727ac2e820, 2272, MSG_DONTWAIT, NULL, NULL) = -1 EAGAIN (Try again)
8164  1783882153.660060 exit(0)         = ?
8164  1783882153.660375 +++ exited with 0 +++
8189  1783882153.709793 faccessat(AT_FDCWD, "/proc/self/task/8164", F_OK) = -1 ENOENT (No such file or directory)
8191  1783882167.393125 exit(0)         = ?
8191  1783882167.393272 +++ exited with 0 +++
8189  1783882167.446836 faccessat(AT_FDCWD, "/proc/self/task/8191", F_OK) = -1 ENOENT (No such file or directory)
8085  1783882167.776868 recvfrom(57, "\2\0\0\0\0\0\0\0e\1\0\0\0\0\0\0@\243\nIi\0\0\0\1\0\0\0\2\20\0\0"..., 2272, MSG_DONTWAIT, NULL, NULL) = 232
8085  1783882167.778422 sendto(57, "\3\0\0\0\0\0\0\0e\1\0\0\1\0\0\0", 16, MSG_DONTWAIT|MSG_NOSIGNAL, NULL, 0) = 16
8085  1783882167.778656 recvfrom(57, 0x727ac2f420, 2272, MSG_DONTWAIT, NULL, NULL) = -1 EAGAIN (Try again)
8085  1783882167.779310 recvfrom(57, "\2\0\0\0\0\0\0\0g\1\0\0\0\0\0\0@\243\nIi\0\0\0\1\0\0\0\2\20\0\0"..., 2272, MSG_DONTWAIT, NULL, NULL) = 232
8085  1783882167.779829 recvfrom(39, 0x7ff7a6c860, 3200, MSG_DONTWAIT, NULL, NULL) = -1 EAGAIN (Try again)
8085  1783882167.780372 sendto(57, "\3\0\0\0\0\0\0\0g\1\0\0\1\0\0\0", 16, MSG_DONTWAIT|MSG_NOSIGNAL, NULL, 0) = 16
8085  1783882167.780626 recvfrom(57, 0x727ac2f420, 2272, MSG_DONTWAIT, NULL, NULL) = -1 EAGAIN (Try again)
8085  1783882167.783197 recvfrom(39, "nysv\0\0\0\0\0\0\0\0\0\0\0\0e\267|Ii\0\0\0.h\0\0\0\0\0\0", 3200, MSG_DONTWAIT, NULL, NULL) = 32
8085  1783882167.783554 recvfrom(39, 0x7ff7a6fc30, 3200, MSG_DONTWAIT, NULL, NULL) = -1 EAGAIN (Try again)
8085  1783882167.783839 recvfrom(57, 0x727ac2f420, 2272, MSG_DONTWAIT, NULL, NULL) = -1 EAGAIN (Try again)
8085  1783882167.783988 recvfrom(39, 0x7ff7a6fb90, 3200, MSG_DONTWAIT, NULL, NULL) = -1 EAGAIN (Try again)
8108  1783882167.790911 recvfrom(45, 0x71e58f1eb0, 3200, MSG_DONTWAIT, NULL, NULL) = -1 EAGAIN (Try again)
8192  1783882167.796052 sendmsg(68, {msg_name=NULL, msg_namelen=0, msg_iov=[{iov_base="l\1\1\1\354\0\0\0L\0\0\0\235\0\0\0\1\1o\0;\0\0\0/re/frid"..., iov_len=412}], msg_iovlen=1, msg_controllen=0, msg_flags=0}, MSG_NOSIGNAL) = 412
8108  1783882167.799810 recvfrom(45, "nysv\0\0\0\0\0\0\0\0\0\0\0\0\356\\{Ji\0\0\0/h\0\0\0\0\0\0", 3200, MSG_DONTWAIT, NULL, NULL) = 32
8108  1783882167.799838 recvfrom(45, 0x71e58f1c80, 3200, MSG_DONTWAIT, NULL, NULL) = -1 EAGAIN (Try again)
8108  1783882167.813292 recvfrom(45, 0x71e58f1eb0, 3200, MSG_DONTWAIT, NULL, NULL) = -1 EAGAIN (Try again)
8085  1783882167.813995 faccessat(AT_FDCWD, "/data/user/0/ac.robinson.mediaphone/shared_prefs/mediaphone.xml", F_OK) = 0
8108  1783882167.816297 recvfrom(45, "nysv\0\0\0\0\0\0\0\0\0\0\0\0\212\0zKi\0\0\0000h\0\0\0\0\0\0", 3200, MSG_DONTWAIT, NULL, NULL) = 32
8108  1783882167.816314 recvfrom(45, 0x71e58f1c80, 3200, MSG_DONTWAIT, NULL, NULL) = -1 EAGAIN (Try again)
8108  1783882167.828899 recvfrom(45, 0x71e58f1eb0, 3200, MSG_DONTWAIT, NULL, NULL) = -1 EAGAIN (Try again)
8108  1783882167.832981 recvfrom(45, "nysv\0\0\0\0\0\0\0\0\0\0\0\0\362\242xLi\0\0\0001h\0\0\0\0\0\0", 3200, MSG_DONTWAIT, NULL, NULL) = 32
8108  1783882167.833005 recvfrom(45, 0x71e58f1c80, 3200, MSG_DONTWAIT, NULL, NULL) = -1 EAGAIN (Try again)
8108  1783882167.846508 recvfrom(45, 0x71e58f1eb0, 3200, MSG_DONTWAIT, NULL, NULL) = -1 EAGAIN (Try again)
8108  1783882167.849656 recvfrom(45, "nysv\0\0\0\0\0\0\0\0\0\0\0\0*DwMi\0\0\0002h\0\0\0\0\0\0", 3200, MSG_DONTWAIT, NULL, NULL) = 32
8108  1783882167.849735 recvfrom(45, 0x71e58f1c80, 3200, MSG_DONTWAIT, NULL, NULL) = -1 EAGAIN (Try again)
8108  1783882167.862182 recvfrom(45, 0x71e58f1eb0, 3200, MSG_DONTWAIT, NULL, NULL) = -1 EAGAIN (Try again)
8192  1783882167.863331 sendmsg(68, {msg_name=NULL, msg_namelen=0, msg_iov=[{iov_base="l\1\1\1\f\1\0\0M\0\0\0\235\0\0\0\1\1o\0;\0\0\0/re/frid"..., iov_len=444}], msg_iovlen=1, msg_controllen=0, msg_flags=0}, MSG_NOSIGNAL) = 444
8108  1783882167.866392 recvfrom(45, "nysv\0\0\0\0\0\0\0\0\0\0\0\0\323\342uNi\0\0\0003h\0\0\0\0\0\0", 3200, MSG_DONTWAIT, NULL, NULL) = 32
8108  1783882167.866461 recvfrom(45, 0x71e58f1c80, 3200, MSG_DONTWAIT, NULL, NULL) = -1 EAGAIN (Try again)
8108  1783882167.878846 recvfrom(45, 0x71e58f1eb0, 3200, MSG_DONTWAIT, NULL, NULL) = -1 EAGAIN (Try again)
8108  1783882167.883084 recvfrom(45, "nysv\0\0\0\0\0\0\0\0\0\0\0\0*\201tOi\0\0\0004h\0\0\0\0\0\0", 3200, MSG_DONTWAIT, NULL, NULL) = 32
8108  1783882167.883111 recvfrom(45, 0x71e58f1c80, 3200, MSG_DONTWAIT, NULL, NULL) = -1 EAGAIN (Try again)
8108  1783882167.895506 recvfrom(45, 0x71e58f1eb0, 3200, MSG_DONTWAIT, NULL, NULL) = -1 EAGAIN (Try again)
8192  1783882167.897876 sendmsg(68, {msg_name=NULL, msg_namelen=0, msg_iov=[{iov_base="l\1\1\1\f\1\0\0N\0\0\0\235\0\0\0\1\1o\0;\0\0\0/re/frid"..., iov_len=444}], msg_iovlen=1, msg_controllen=0, msg_flags=0}, MSG_NOSIGNAL) = 444
8108  1783882167.899699 recvfrom(45, "nysv\0\0\0\0\0\0\0\0\0\0\0\0@\37sPi\0\0\0005h\0\0\0\0\0\0", 3200, MSG_DONTWAIT, NULL, NULL) = 32
8108  1783882167.899759 recvfrom(45, 0x71e58f1c80, 3200, MSG_DONTWAIT, NULL, NULL) = -1 EAGAIN (Try again)
8085  1783882167.902636 newfstatat(AT_FDCWD, "/data/user/0/ac.robinson.mediaphone/databases/mediaphone.db-journal", {st_mode=S_IFREG|0660, st_size=0, ...}, 0) = 0
8108  1783882167.912290 recvfrom(45, 0x71e58f1eb0, 3200, MSG_DONTWAIT, NULL, NULL) = -1 EAGAIN (Try again)
8085  1783882167.912381 newfstatat(AT_FDCWD, "/data/user/0/ac.robinson.mediaphone/databases/mediaphone.db-wal", 0x7ff7a671a8, 0) = -1 ENOENT (No such file or directory)
8108  1783882167.916449 recvfrom(45, "nysv\0\0\0\0\0\0\0\0\0\0\0\0\36\5rQi\0\0\0006h\0\0\0\0\0\0", 3200, MSG_DONTWAIT, NULL, NULL) = 32
8108  1783882167.916468 recvfrom(45, 0x71e58f1c80, 3200, MSG_DONTWAIT, NULL, NULL) = -1 EAGAIN (Try again)
8108  1783882167.929399 recvfrom(45, 0x71e58f1eb0, 3200, MSG_DONTWAIT, NULL, NULL) = -1 EAGAIN (Try again)
8108  1783882167.933274 recvfrom(45, "nysv\0\0\0\0\0\0\0\0\0\0\0\0B\240pRi\0\0\0007h\0\0\0\0\0\0", 3200, MSG_DONTWAIT, NULL, NULL) = 32
8108  1783882167.933292 recvfrom(45, 0x71e58f1c80, 3200, MSG_DONTWAIT, NULL, NULL) = -1 EAGAIN (Try again)
8108  1783882167.945215 recvfrom(45, 0x71e58f1eb0, 3200, MSG_DONTWAIT, NULL, NULL) = -1 EAGAIN (Try again)
8192  1783882167.947989 sendmsg(68, {msg_name=NULL, msg_namelen=0, msg_iov=[{iov_base="l\1\1\1\f\1\0\0O\0\0\0\235\0\0\0\1\1o\0;\0\0\0/re/frid"..., iov_len=444}], msg_iovlen=1, msg_controllen=0, msg_flags=0}, MSG_NOSIGNAL) = 444
8108  1783882167.949792 recvfrom(45, "nysv\0\0\0\0\0\0\0\0\0\0\0\0<:oSi\0\0\08h\0\0\0\0\0\0", 3200, MSG_DONTWAIT, NULL, NULL) = 32
8108  1783882167.949812 recvfrom(45, 0x71e58f1c80, 3200, MSG_DONTWAIT, NULL, NULL) = -1 EAGAIN (Try again)
8192  1783882167.956781 sendmsg(68, {msg_name=NULL, msg_namelen=0, msg_iov=[{iov_base="l\1\1\1\f\1\0\0P\0\0\0\235\0\0\0\1\1o\0;\0\0\0/re/frid"..., iov_len=444}], msg_iovlen=1, msg_controllen=0, msg_flags=0}, MSG_NOSIGNAL) = 444
8108  1783882167.963195 recvfrom(45, 0x71e58f1eb0, 3200, MSG_DONTWAIT, NULL, NULL) = -1 EAGAIN (Try again)
8085  1783882167.966087 newfstatat(AT_FDCWD, "/data/user/0/ac.robinson.mediaphone/databases/mediaphone.db-journal", {st_mode=S_IFREG|0660, st_size=0, ...}, 0) = 0
8108  1783882167.966626 recvfrom(45, "nysv\0\0\0\0\0\0\0\0\0\0\0\0\342\322mTi\0\0\09h\0\0\0\0\0\0", 3200, MSG_DONTWAIT, NULL, NULL) = 32
8108  1783882167.966644 recvfrom(45, 0x71e58f1c80, 3200, MSG_DONTWAIT, NULL, NULL) = -1 EAGAIN (Try again)
8085  1783882167.966662 newfstatat(AT_FDCWD, "/data/user/0/ac.robinson.mediaphone/databases/mediaphone.db-wal", 0x7ff7a67198, 0) = -1 ENOENT (No such file or directory)
8108  1783882167.979281 recvfrom(45, 0x71e58f1eb0, 3200, MSG_DONTWAIT, NULL, NULL) = -1 EAGAIN (Try again)
8108  1783882167.983230 recvfrom(45, "nysv\0\0\0\0\0\0\0\0\0\0\0\0,glUi\0\0\0:h\0\0\0\0\0\0", 3200, MSG_DONTWAIT, NULL, NULL) = 32
8108  1783882167.983417 recvfrom(45, 0x71e58f1c80, 3200, MSG_DONTWAIT, NULL, NULL) = -1 EAGAIN (Try again)
8108  1783882167.996165 recvfrom(45, 0x71e58f1eb0, 3200, MSG_DONTWAIT, NULL, NULL) = -1 EAGAIN (Try again)
8192  1783882167.998687 sendmsg(68, {msg_name=NULL, msg_namelen=0, msg_iov=[{iov_base="l\1\1\1\f\1\0\0Q\0\0\0\235\0\0\0\1\1o\0;\0\0\0/re/frid"..., iov_len=444}], msg_iovlen=1, msg_controllen=0, msg_flags=0}, MSG_NOSIGNAL) = 444
8108  1783882167.999876 recvfrom(45, "nysv\0\0\0\0\0\0\0\0\0\0\0\0\357\373jVi\0\0\0;h\0\0\0\0\0\0", 3200, MSG_DONTWAIT, NULL, NULL) = 32
8108  1783882167.999895 recvfrom(45, 0x71e58f1c80, 3200, MSG_DONTWAIT, NULL, NULL) = -1 EAGAIN (Try again)
8192  1783882168.007368 sendmsg(68, {msg_name=NULL, msg_namelen=0, msg_iov=[{iov_base="l\1\1\1\f\1\0\0R\0\0\0\235\0\0\0\1\1o\0;\0\0\0/re/frid"..., iov_len=444}], msg_iovlen=1, msg_controllen=0, msg_flags=0}, MSG_NOSIGNAL) = 444
8108  1783882168.012105 recvfrom(45, 0x71e58f1eb0, 3200, MSG_DONTWAIT, NULL, NULL) = -1 EAGAIN (Try again)
8085  1783882168.015214 newfstatat(AT_FDCWD, "/data/user/0/ac.robinson.mediaphone/databases/mediaphone.db-journal", {st_mode=S_IFREG|0660, st_size=0, ...}, 0) = 0
8085  1783882168.015507 newfstatat(AT_FDCWD, "/data/user/0/ac.robinson.mediaphone/databases/mediaphone.db-wal", 0x7ff7a671a8, 0) = -1 ENOENT (No such file or directory)
8108  1783882168.016541 recvfrom(45, "nysv\0\0\0\0\0\0\0\0\0\0\0\0\224\220iWi\0\0\0<h\0\0\0\0\0\0", 3200, MSG_DONTWAIT, NULL, NULL) = 32
8108  1783882168.016599 recvfrom(45, 0x71e58f1c80, 3200, MSG_DONTWAIT, NULL, NULL) = -1 EAGAIN (Try again)
8108  1783882168.033388 recvfrom(45, "nysv\0\0\0\0\0\0\0\0\0\0\0\0\204$hXi\0\0\0=h\0\0\0\0\0\0", 3200, MSG_DONTWAIT, NULL, NULL) = 32
8108  1783882168.033473 recvfrom(45, 0x71e58f1c80, 3200, MSG_DONTWAIT, NULL, NULL) = -1 EAGAIN (Try again)
8192  1783882168.042828 sendmsg(68, {msg_name=NULL, msg_namelen=0, msg_iov=[{iov_base="l\1\1\1\f\1\0\0S\0\0\0\235\0\0\0\1\1o\0;\0\0\0/re/frid"..., iov_len=444}], msg_iovlen=1, msg_controllen=0, msg_flags=0}, MSG_NOSIGNAL) = 444
8085  1783882168.043910 newfstatat(AT_FDCWD, "/data/user/0/ac.robinson.mediaphone/databases/mediaphone.db-journal", {st_mode=S_IFREG|0660, st_size=0, ...}, 0) = 0
8085  1783882168.044212 newfstatat(AT_FDCWD, "/data/user/0/ac.robinson.mediaphone/databases/mediaphone.db-wal", 0x7ff7a6a358, 0) = -1 ENOENT (No such file or directory)
8085  1783882168.044650 newfstatat(AT_FDCWD, "/data/user/0/ac.robinson.mediaphone/databases/mediaphone.db", {st_mode=S_IFREG|0660, st_size=65536, ...}, 0) = 0
8085  1783882168.044801 newfstatat(AT_FDCWD, "/data/user/0/ac.robinson.mediaphone/databases/mediaphone.db", {st_mode=S_IFREG|0660, st_size=65536, ...}, 0) = 0
8085  1783882168.044949 openat(AT_FDCWD, "/data/user/0/ac.robinson.mediaphone/databases/mediaphone.db-journal", O_RDWR|O_CREAT|O_LARGEFILE|O_CLOEXEC, 0660) = 60
8085  1783882168.049631 openat(AT_FDCWD, "/data/user/0/ac.robinson.mediaphone/databases", O_RDONLY|O_CLOEXEC) = 66
8192  1783882168.057222 sendmsg(68, {msg_name=NULL, msg_namelen=0, msg_iov=[{iov_base="l\1\1\1\24\1\0\0T\0\0\0\235\0\0\0\1\1o\0;\0\0\0/re/frid"..., iov_len=452}], msg_iovlen=1, msg_controllen=0, msg_flags=0}, MSG_NOSIGNAL) = 452
8085  1783882168.058211 newfstatat(AT_FDCWD, "/data/user/0/ac.robinson.mediaphone/databases/mediaphone.db-journal", {st_mode=S_IFREG|0660, st_size=0, ...}, 0) = 0
8085  1783882168.058523 newfstatat(AT_FDCWD, "/data/user/0/ac.robinson.mediaphone/databases/mediaphone.db-wal", 0x7ff7a6a508, 0) = -1 ENOENT (No such file or directory)
8192  1783882168.066064 sendmsg(68, {msg_name=NULL, msg_namelen=0, msg_iov=[{iov_base="l\1\1\1\20\1\0\0U\0\0\0\235\0\0\0\1\1o\0;\0\0\0/re/frid"..., iov_len=448}], msg_iovlen=1, msg_controllen=0, msg_flags=0}, MSG_NOSIGNAL) = 448
8192  1783882168.072244 sendmsg(68, {msg_name=NULL, msg_namelen=0, msg_iov=[{iov_base="l\1\1\1\20\1\0\0V\0\0\0\235\0\0\0\1\1o\0;\0\0\0/re/frid"..., iov_len=448}], msg_iovlen=1, msg_controllen=0, msg_flags=0}, MSG_NOSIGNAL) = 448
8085  1783882168.075283 newfstatat(AT_FDCWD, "/data/user/0/ac.robinson.mediaphone/databases/mediaphone.db-journal", {st_mode=S_IFREG|0660, st_size=0, ...}, 0) = 0
8085  1783882168.075581 newfstatat(AT_FDCWD, "/data/user/0/ac.robinson.mediaphone/databases/mediaphone.db-wal", 0x7ff7a671a8, 0) = -1 ENOENT (No such file or directory)
8192  1783882168.082124 sendmsg(68, {msg_name=NULL, msg_namelen=0, msg_iov=[{iov_base="l\1\1\1\20\1\0\0W\0\0\0\235\0\0\0\1\1o\0;\0\0\0/re/frid"..., iov_len=448}], msg_iovlen=1, msg_controllen=0, msg_flags=0}, MSG_NOSIGNAL) = 448
8085  1783882168.083029 newfstatat(AT_FDCWD, "/data/user/0/ac.robinson.mediaphone/databases/mediaphone.db-journal", {st_mode=S_IFREG|0660, st_size=0, ...}, 0) = 0
8085  1783882168.083412 newfstatat(AT_FDCWD, "/data/user/0/ac.robinson.mediaphone/databases/mediaphone.db-wal", 0x7ff7a6a508, 0) = -1 ENOENT (No such file or directory)
8085  1783882168.083883 newfstatat(AT_FDCWD, "/data/user/0/ac.robinson.mediaphone/databases/mediaphone.db", {st_mode=S_IFREG|0660, st_size=65536, ...}, 0) = 0
8085  1783882168.084026 newfstatat(AT_FDCWD, "/data/user/0/ac.robinson.mediaphone/databases/mediaphone.db", {st_mode=S_IFREG|0660, st_size=65536, ...}, 0) = 0
8085  1783882168.084167 openat(AT_FDCWD, "/data/user/0/ac.robinson.mediaphone/databases/mediaphone.db-journal", O_RDWR|O_CREAT|O_LARGEFILE|O_CLOEXEC, 0660) = 60
8085  1783882168.087275 openat(AT_FDCWD, "/data/user/0/ac.robinson.mediaphone/databases", O_RDONLY|O_CLOEXEC) = 66
8085  1783882168.092492 recvfrom(39, "nysv\0\0\0\0\0\0\0\0\0\0\0\0\356\\{Ji\0\0\0/h\0\0\0\0\0\0", 3200, MSG_DONTWAIT, NULL, NULL) = 32
8085  1783882168.092630 recvfrom(39, 0x7ff7a6fc30, 3200, MSG_DONTWAIT, NULL, NULL) = -1 EAGAIN (Try again)
8085  1783882168.093062 recvfrom(39, 0x7ff7a6f370, 3200, MSG_DONTWAIT, NULL, NULL) = -1 EAGAIN (Try again)
8085  1783882168.100198 recvfrom(39, "nysv\0\0\0\0\0\0\0\0\0\0\0\0\5cb\\i\0\0\0Ah\0\0\0\0\0\0", 3200, MSG_DONTWAIT, NULL, NULL) = 32
8085  1783882168.100634 recvfrom(39, 0x7ff7a6fc30, 3200, MSG_DONTWAIT, NULL, NULL) = -1 EAGAIN (Try again)
8085  1783882168.101232 recvfrom(57, 0x727ac2f420, 2272, MSG_DONTWAIT, NULL, NULL) = -1 EAGAIN (Try again)
8085  1783882168.102676 recvfrom(39, 0x7ff7a6fb90, 3200, MSG_DONTWAIT, NULL, NULL) = -1 EAGAIN (Try again)
8108  1783882168.114005 recvfrom(45, 0x71e58f1eb0, 3200, MSG_DONTWAIT, NULL, NULL) = -1 EAGAIN (Try again)
8108  1783882168.115361 recvfrom(45, 0x71e58f1eb0, 3200, MSG_DONTWAIT, NULL, NULL) = -1 EAGAIN (Try again)
8108  1783882168.116722 recvfrom(45, "nysv\0\0\0\0\0\0\0\0\0\0\0\0\256\361`]i\0\0\0Bh\0\0\0\0\0\0", 3200, MSG_DONTWAIT, NULL, NULL) = 32
8108  1783882168.116745 recvfrom(45, 0x71e58f1c80, 3200, MSG_DONTWAIT, NULL, NULL) = -1 EAGAIN (Try again)
8192  1783882168.120202 sendmsg(68, {msg_name=NULL, msg_namelen=0, msg_iov=[{iov_base="l\1\1\1\354\0\0\0X\0\0\0\235\0\0\0\1\1o\0;\0\0\0/re/frid"..., iov_len=412}], msg_iovlen=1, msg_controllen=0, msg_flags=0}, MSG_NOSIGNAL) = 412
8108  1783882168.130695 recvfrom(45, 0x71e58f1eb0, 3200, MSG_DONTWAIT, NULL, NULL) = -1 EAGAIN (Try again)
8108  1783882168.133665 recvfrom(45, "nysv\0\0\0\0\0\0\0\0\0\0\0\0\ny_^i\0\0\0Ch\0\0\0\0\0\0", 3200, MSG_DONTWAIT, NULL, NULL) = 32
8108  1783882168.133690 recvfrom(45, 0x71e58f1c80, 3200, MSG_DONTWAIT, NULL, NULL) = -1 EAGAIN (Try again)
8108  1783882168.146769 recvfrom(45, 0x71e58f1eb0, 3200, MSG_DONTWAIT, NULL, NULL) = -1 EAGAIN (Try again)
8085  1783882168.149542 clone(child_stack=0x719b64fd40, flags=CLONE_VM|CLONE_FS|CLONE_FILES|CLONE_SIGHAND|CLONE_THREAD|CLONE_SYSVSEM|CLONE_SETTLS|CLONE_PARENT_SETTID|CLONE_CHILD_CLEARTID, parent_tidptr=0x719b64fd60, tls=0x719b650020, child_tidptr=0x719b64fd60) = 8245
8108  1783882168.150238 recvfrom(45, "nysv\0\0\0\0\0\0\0\0\0\0\0\0\223\4^_i\0\0\0Dh\0\0\0\0\0\0", 3200, MSG_DONTWAIT, NULL, NULL) = 32
8108  1783882168.150450 recvfrom(45, 0x71e58f1c80, 3200, MSG_DONTWAIT, NULL, NULL) = -1 EAGAIN (Try again)
8245  1783882168.157678 openat(AT_FDCWD, "/proc/8245/timerslack_ns", O_WRONLY|O_CREAT|O_TRUNC|O_NOFOLLOW|O_CLOEXEC, 0666) = 60
8108  1783882168.163971 recvfrom(45, 0x71e58f1eb0, 3200, MSG_DONTWAIT, NULL, NULL) = -1 EAGAIN (Try again)
8108  1783882168.166780 recvfrom(45, "nysv\0\0\0\0\0\0\0\0\0\0\0\0c\216\\`i\0\0\0Eh\0\0\0\0\0\0", 3200, MSG_DONTWAIT, NULL, NULL) = 32
8108  1783882168.166839 recvfrom(45, 0x71e58f1c80, 3200, MSG_DONTWAIT, NULL, NULL) = -1 EAGAIN (Try again)
8192  1783882168.180481 sendmsg(68, {msg_name=NULL, msg_namelen=0, msg_iov=[{iov_base="l\1\1\1\20\1\0\0Y\0\0\0\235\0\0\0\1\1o\0;\0\0\0/re/frid"..., iov_len=448}], msg_iovlen=1, msg_controllen=0, msg_flags=0}, MSG_NOSIGNAL) = 448
8108  1783882168.180982 recvfrom(45, 0x71e58f1eb0, 3200, MSG_DONTWAIT, NULL, NULL) = -1 EAGAIN (Try again)
8108  1783882168.183550 recvfrom(45, "nysv\0\0\0\0\0\0\0\0\0\0\0\0\357\27[ai\0\0\0Fh\0\0\0\0\0\0", 3200, MSG_DONTWAIT, NULL, NULL) = 32
8108  1783882168.183708 recvfrom(45, 0x71e58f1c80, 3200, MSG_DONTWAIT, NULL, NULL) = -1 EAGAIN (Try again)
8192  1783882168.191144 sendmsg(68, {msg_name=NULL, msg_namelen=0, msg_iov=[{iov_base="l\1\1\1\350\0\0\0Z\0\0\0\235\0\0\0\1\1o\0;\0\0\0/re/frid"..., iov_len=408}], msg_iovlen=1, msg_controllen=0, msg_flags=0}, MSG_NOSIGNAL) = 408
8245  1783882168.192011 newfstatat(AT_FDCWD, "/data/user/0/ac.robinson.mediaphone/databases/mediaphone.db-journal", {st_mode=S_IFREG|0660, st_size=0, ...}, 0) = 0
8245  1783882168.192309 newfstatat(AT_FDCWD, "/data/user/0/ac.robinson.mediaphone/databases/mediaphone.db-wal", 0x719b64a878, 0) = -1 ENOENT (No such file or directory)
8108  1783882168.197010 recvfrom(45, 0x71e58f1eb0, 3200, MSG_DONTWAIT, NULL, NULL) = -1 EAGAIN (Try again)
8108  1783882168.200119 recvfrom(45, "nysv\0\0\0\0\0\0\0\0\0\0\0\0\34\242Ybi\0\0\0Gh\0\0\0\0\0\0", 3200, MSG_DONTWAIT, NULL, NULL) = 32
8108  1783882168.200138 recvfrom(45, 0x71e58f1c80, 3200, MSG_DONTWAIT, NULL, NULL) = -1 EAGAIN (Try again)
8108  1783882168.214044 recvfrom(45, 0x71e58f1eb0, 3200, MSG_DONTWAIT, NULL, NULL) = -1 EAGAIN (Try again)
8192  1783882168.215786 sendmsg(68, {msg_name=NULL, msg_namelen=0, msg_iov=[{iov_base="l\1\1\1\354\0\0\0[\0\0\0\235\0\0\0\1\1o\0;\0\0\0/re/frid"..., iov_len=412}], msg_iovlen=1, msg_controllen=0, msg_flags=0}, MSG_NOSIGNAL) = 412
8108  1783882168.216934 recvfrom(45, "nysv\0\0\0\0\0\0\0\0\0\0\0\0\253(Xci\0\0\0Hh\0\0\0\0\0\0", 3200, MSG_DONTWAIT, NULL, NULL) = 32
8108  1783882168.216954 recvfrom(45, 0x71e58f1c80, 3200, MSG_DONTWAIT, NULL, NULL) = -1 EAGAIN (Try again)
8108  1783882168.231490 recvfrom(45, 0x71e58f1eb0, 3200, MSG_DONTWAIT, NULL, NULL) = -1 EAGAIN (Try again)
8192  1783882168.232701 sendmsg(68, {msg_name=NULL, msg_namelen=0, msg_iov=[{iov_base="l\1\1\1\354\0\0\0\\\0\0\0\235\0\0\0\1\1o\0;\0\0\0/re/frid"..., iov_len=412}], msg_iovlen=1, msg_controllen=0, msg_flags=0}, MSG_NOSIGNAL) = 412
8108  1783882168.233759 recvfrom(45, "nysv\0\0\0\0\0\0\0\0\0\0\0\0\357\255Vdi\0\0\0Ih\0\0\0\0\0\0", 3200, MSG_DONTWAIT, NULL, NULL) = 32
8108  1783882168.233782 recvfrom(45, 0x71e58f1c80, 3200, MSG_DONTWAIT, NULL, NULL) = -1 EAGAIN (Try again)
8108  1783882168.247024 recvfrom(45, 0x71e58f1eb0, 3200, MSG_DONTWAIT, NULL, NULL) = -1 EAGAIN (Try again)
8085  1783882168.248915 recvfrom(39, "nysv\0\0\0\0\0\0\0\0\0\0\0\0\256\361`]i\0\0\0Bh\0\0\0\0\0\0", 3200, MSG_DONTWAIT, NULL, NULL) = 32
8085  1783882168.249088 recvfrom(39, 0x7ff7a6fc30, 3200, MSG_DONTWAIT, NULL, NULL) = -1 EAGAIN (Try again)
8085  1783882168.249260 recvfrom(53, 0x727ac2e820, 2272, MSG_DONTWAIT, NULL, NULL) = -1 EAGAIN (Try again)
8085  1783882168.249412 recvfrom(57, 0x727ac2f420, 2272, MSG_DONTWAIT, NULL, NULL) = -1 EAGAIN (Try again)
8085  1783882168.249570 recvfrom(39, 0x7ff7a6fb90, 3200, MSG_DONTWAIT, NULL, NULL) = -1 EAGAIN (Try again)
8108  1783882168.250397 recvfrom(45, "nysv\0\0\0\0\0\0\0\0\0\0\0\0\31\376Tei\0\0\0Jh\0\0\0\0\0\0", 3200, MSG_DONTWAIT, NULL, NULL) = 32
8108  1783882168.250415 recvfrom(45, 0x71e58f1c80, 3200, MSG_DONTWAIT, NULL, NULL) = -1 EAGAIN (Try again)
8108  1783882168.266837 recvfrom(45, "nysv\0\0\0\0\0\0\0\0\0\0\0\0\356\203Sfi\0\0\0Kh\0\0\0\0\0\0", 3200, MSG_DONTWAIT, NULL, NULL) = 32
8108  1783882168.266921 recvfrom(45, 0x71e58f1c80, 3200, MSG_DONTWAIT, NULL, NULL) = -1 EAGAIN (Try again)
8085  1783882168.279576 newfstatat(AT_FDCWD, "/data/user/0/ac.robinson.mediaphone/databases/mediaphone.db-journal", {st_mode=S_IFREG|0660, st_size=0, ...}, 0) = 0
8085  1783882168.279874 newfstatat(AT_FDCWD, "/data/user/0/ac.robinson.mediaphone/databases/mediaphone.db-wal", 0x7ff7a6e338, 0) = -1 ENOENT (No such file or directory)
8085  1783882168.290729 newfstatat(AT_FDCWD, "/data/user/0/ac.robinson.mediaphone/databases/mediaphone.db-journal", {st_mode=S_IFREG|0660, st_size=0, ...}, 0) = 0
8085  1783882168.291461 newfstatat(AT_FDCWD, "/data/user/0/ac.robinson.mediaphone/databases/mediaphone.db-wal", 0x7ff7a6e2e8, 0) = -1 ENOENT (No such file or directory)
8192  1783882168.300783 sendmsg(68, {msg_name=NULL, msg_namelen=0, msg_iov=[{iov_base="l\1\1\1\f\1\0\0]\0\0\0\235\0\0\0\1\1o\0;\0\0\0/re/frid"..., iov_len=444}], msg_iovlen=1, msg_controllen=0, msg_flags=0}, MSG_NOSIGNAL) = 444
8192  1783882168.307945 sendmsg(68, {msg_name=NULL, msg_namelen=0, msg_iov=[{iov_base="l\1\1\1\f\1\0\0^\0\0\0\235\0\0\0\1\1o\0;\0\0\0/re/frid"..., iov_len=444}], msg_iovlen=1, msg_controllen=0, msg_flags=0}, MSG_NOSIGNAL) = 444
8085  1783882168.311149 newfstatat(AT_FDCWD, "/data/user/0/ac.robinson.mediaphone/databases/mediaphone.db-journal", {st_mode=S_IFREG|0660, st_size=0, ...}, 0) = 0
8085  1783882168.311465 newfstatat(AT_FDCWD, "/data/user/0/ac.robinson.mediaphone/databases/mediaphone.db-wal", 0x7ff7a66c48, 0) = -1 ENOENT (No such file or directory)
8192  1783882168.319119 sendmsg(68, {msg_name=NULL, msg_namelen=0, msg_iov=[{iov_base="l\1\1\1\20\1\0\0_\0\0\0\235\0\0\0\1\1o\0;\0\0\0/re/frid"..., iov_len=448}], msg_iovlen=1, msg_controllen=0, msg_flags=0}, MSG_NOSIGNAL) = 448
8192  1783882168.323076 sendmsg(68, {msg_name=NULL, msg_namelen=0, msg_iov=[{iov_base="l\1\1\1\20\1\0\0`\0\0\0\235\0\0\0\1\1o\0;\0\0\0/re/frid"..., iov_len=448}], msg_iovlen=1, msg_controllen=0, msg_flags=0}, MSG_NOSIGNAL) = 448
8085  1783882168.326005 newfstatat(AT_FDCWD, "/data/user/0/ac.robinson.mediaphone/databases/mediaphone.db-journal", {st_mode=S_IFREG|0660, st_size=0, ...}, 0) = 0
8085  1783882168.326321 newfstatat(AT_FDCWD, "/data/user/0/ac.robinson.mediaphone/databases/mediaphone.db-wal", 0x7ff7a665f8, 0) = -1 ENOENT (No such file or directory)
8192  1783882168.339635 sendmsg(68, {msg_name=NULL, msg_namelen=0, msg_iov=[{iov_base="l\1\1\1\f\1\0\0a\0\0\0\235\0\0\0\1\1o\0;\0\0\0/re/frid"..., iov_len=444}], msg_iovlen=1, msg_controllen=0, msg_flags=0}, MSG_NOSIGNAL) = 444
8192  1783882168.349029 sendmsg(68, {msg_name=NULL, msg_namelen=0, msg_iov=[{iov_base="l\1\1\1\f\1\0\0b\0\0\0\235\0\0\0\1\1o\0;\0\0\0/re/frid"..., iov_len=444}], msg_iovlen=1, msg_controllen=0, msg_flags=0}, MSG_NOSIGNAL) = 444
8085  1783882168.352460 newfstatat(AT_FDCWD, "/data/user/0/ac.robinson.mediaphone/databases/mediaphone.db-journal", {st_mode=S_IFREG|0660, st_size=0, ...}, 0) = 0
8085  1783882168.352766 newfstatat(AT_FDCWD, "/data/user/0/ac.robinson.mediaphone/databases/mediaphone.db-wal", 0x7ff7a667a8, 0) = -1 ENOENT (No such file or directory)
8085  1783882168.355503 faccessat(AT_FDCWD, "/storage/emulated/0/Android/data/ac.robinson.mediaphone/cache/mediaphone_thumbs/8d5bb84d-0b52-4d6a-8237-adf0cd5af82c", F_OK) = -1 ENOENT (No such file or directory)
8085  1783882168.377318 recvfrom(39, "nysv\0\0\0\0\0\0\0\0\0\0\0\0\31\376Tei\0\0\0Jh\0\0\0\0\0\0", 3200, MSG_DONTWAIT, NULL, NULL) = 32
8085  1783882168.377812 recvfrom(39, 0x7ff7a6fc30, 3200, MSG_DONTWAIT, NULL, NULL) = -1 EAGAIN (Try again)
8085  1783882168.382322 recvfrom(53, 0x727ac2e820, 2272, MSG_DONTWAIT, NULL, NULL) = -1 EAGAIN (Try again)
8085  1783882168.382659 recvfrom(39, 0x7ff7a6e550, 3200, MSG_DONTWAIT, NULL, NULL) = -1 EAGAIN (Try again)
8192  1783882168.397585 sendmsg(68, {msg_name=NULL, msg_namelen=0, msg_iov=[{iov_base="l\1\1\1\f\1\0\0c\0\0\0\235\0\0\0\1\1o\0;\0\0\0/re/frid"..., iov_len=444}], msg_iovlen=1, msg_controllen=0, msg_flags=0}, MSG_NOSIGNAL) = 444
8192  1783882168.413888 sendmsg(68, {msg_name=NULL, msg_namelen=0, msg_iov=[{iov_base="l\1\1\1\f\1\0\0d\0\0\0\235\0\0\0\1\1o\0;\0\0\0/re/frid"..., iov_len=444}], msg_iovlen=1, msg_controllen=0, msg_flags=0}, MSG_NOSIGNAL) = 444
8085  1783882168.417992 newfstatat(AT_FDCWD, "/data/user/0/ac.robinson.mediaphone/databases/mediaphone.db-journal", {st_mode=S_IFREG|0660, st_size=0, ...}, 0) = 0
8085  1783882168.423587 newfstatat(AT_FDCWD, "/data/user/0/ac.robinson.mediaphone/databases/mediaphone.db-wal", 0x7ff7a66c98, 0) = -1 ENOENT (No such file or directory)
8192  1783882168.445762 sendmsg(68, {msg_name=NULL, msg_namelen=0, msg_iov=[{iov_base="l\1\1\1\20\1\0\0e\0\0\0\235\0\0\0\1\1o\0;\0\0\0/re/frid"..., iov_len=448}], msg_iovlen=1, msg_controllen=0, msg_flags=0}, MSG_NOSIGNAL) = 448
8192  1783882168.460943 sendmsg(68, {msg_name=NULL, msg_namelen=0, msg_iov=[{iov_base="l\1\1\1\20\1\0\0f\0\0\0\235\0\0\0\1\1o\0;\0\0\0/re/frid"..., iov_len=448}], msg_iovlen=1, msg_controllen=0, msg_flags=0}, MSG_NOSIGNAL) = 448
8085  1783882168.463912 newfstatat(AT_FDCWD, "/data/user/0/ac.robinson.mediaphone/databases/mediaphone.db-journal", {st_mode=S_IFREG|0660, st_size=0, ...}, 0) = 0
8085  1783882168.464251 newfstatat(AT_FDCWD, "/data/user/0/ac.robinson.mediaphone/databases/mediaphone.db-wal", 0x7ff7a66648, 0) = -1 ENOENT (No such file or directory)
8192  1783882168.492101 sendmsg(68, {msg_name=NULL, msg_namelen=0, msg_iov=[{iov_base="l\1\1\1\f\1\0\0g\0\0\0\235\0\0\0\1\1o\0;\0\0\0/re/frid"..., iov_len=444}], msg_iovlen=1, msg_controllen=0, msg_flags=0}, MSG_NOSIGNAL) = 444
8192  1783882168.506522 sendmsg(68, {msg_name=NULL, msg_namelen=0, msg_iov=[{iov_base="l\1\1\1\f\1\0\0h\0\0\0\235\0\0\0\1\1o\0;\0\0\0/re/frid"..., iov_len=444}], msg_iovlen=1, msg_controllen=0, msg_flags=0}, MSG_NOSIGNAL) = 444
8085  1783882168.510019 newfstatat(AT_FDCWD, "/data/user/0/ac.robinson.mediaphone/databases/mediaphone.db-journal", {st_mode=S_IFREG|0660, st_size=0, ...}, 0) = 0
8085  1783882168.510371 newfstatat(AT_FDCWD, "/data/user/0/ac.robinson.mediaphone/databases/mediaphone.db-wal", 0x7ff7a667f8, 0) = -1 ENOENT (No such file or directory)
8085  1783882168.513473 faccessat(AT_FDCWD, "/storage/emulated/0/Android/data/ac.robinson.mediaphone/cache/mediaphone_thumbs/8d5bb84d-0b52-4d6a-8237-adf0cd5af82c", F_OK) = -1 ENOENT (No such file or directory)
8085  1783882168.516699 newfstatat(AT_FDCWD, "/data/user/0/ac.robinson.mediaphone/databases/mediaphone.db-journal", {st_mode=S_IFREG|0660, st_size=0, ...}, 0) = 0
8085  1783882168.517035 newfstatat(AT_FDCWD, "/data/user/0/ac.robinson.mediaphone/databases/mediaphone.db-wal", 0x7ff7a6e2e8, 0) = -1 ENOENT (No such file or directory)
8085  1783882168.530520 recvfrom(39, "nysv\0\0\0\0\0\0\0\0\0\0\0\0\177 Imi\0\0\0Rh\0\0\0\0\0\0", 3200, MSG_DONTWAIT, NULL, NULL) = 32
8085  1783882168.530792 recvfrom(39, 0x7ff7a6fc30, 3200, MSG_DONTWAIT, NULL, NULL) = -1 EAGAIN (Try again)
8085  1783882168.539380 recvfrom(53, 0x727ac2e820, 2272, MSG_DONTWAIT, NULL, NULL) = -1 EAGAIN (Try again)
8085  1783882168.547589 recvfrom(39, 0x7ff7a6f150, 3200, MSG_DONTWAIT, NULL, NULL) = -1 EAGAIN (Try again)
8085  1783882168.551856 recvfrom(39, "nysv\0\0\0\0\0\0\0\0\0\0\0\0iI9wi\0\0\0\\h\0\0\0\0\0\0", 3200, MSG_DONTWAIT, NULL, NULL) = 32
8085  1783882168.552173 recvfrom(39, 0x7ff7a6fc30, 3200, MSG_DONTWAIT, NULL, NULL) = -1 EAGAIN (Try again)
8085  1783882168.554576 recvfrom(53, 0x727ac2e820, 2272, MSG_DONTWAIT, NULL, NULL) = -1 EAGAIN (Try again)
8085  1783882168.790839 recvfrom(39, 0x7ff7a6fc80, 3200, MSG_DONTWAIT, NULL, NULL) = -1 EAGAIN (Try again)
8085  1783882168.801385 recvfrom(39, "nysv\0\0\0\0\0\0\0\0\0\0\0\0\211\227 \206i\0\0\0kh\0\0\0\0\0\0", 3200, MSG_DONTWAIT, NULL, NULL) = 32
8085  1783882168.801900 recvfrom(39, 0x7ff7a6fc30, 3200, MSG_DONTWAIT, NULL, NULL) = -1 EAGAIN (Try again)
8085  1783882168.802583 recvfrom(57, 0x727ac2f420, 2272, MSG_DONTWAIT, NULL, NULL) = -1 EAGAIN (Try again)
8085  1783882168.811469 recvfrom(39, 0x7ff7a6f980, 3200, MSG_DONTWAIT, NULL, NULL) = -1 EAGAIN (Try again)
8085  1783882168.821876 recvfrom(39, "nysv\0\0\0\0\0\0\0\0\0\0\0\0?\20\37\207i\0\0\0lh\0\0\0\0\0\0", 3200, MSG_DONTWAIT, NULL, NULL) = 32
8085  1783882168.822081 recvfrom(39, 0x7ff7a6fc30, 3200, MSG_DONTWAIT, NULL, NULL) = -1 EAGAIN (Try again)
8085  1783882169.970283 recvfrom(39, 0x7ff7a6fa40, 3200, MSG_DONTWAIT, NULL, NULL) = -1 EAGAIN (Try again)
8085  1783882169.984445 recvfrom(39, "nysv\0\0\0\0\0\0\0\0\0\0\0\0Q\334\235\314i\0\0\0\262h\0\0\0\0\0\0", 3200, MSG_DONTWAIT, NULL, NULL) = 32
8085  1783882169.984792 recvfrom(39, 0x7ff7a6fc30, 3200, MSG_DONTWAIT, NULL, NULL) = -1 EAGAIN (Try again)
8085  1783882169.985403 recvfrom(53, 0x727ac2e820, 2272, MSG_DONTWAIT, NULL, NULL) = -1 EAGAIN (Try again)
8085  1783882169.986132 recvfrom(39, 0x7ff7a6ed60, 3200, MSG_DONTWAIT, NULL, NULL) = -1 EAGAIN (Try again)
8085  1783882170.001949 recvfrom(39, "nysv\0\0\0\0\0\0\0\0\0\0\0\0f%\234\315i\0\0\0\263h\0\0\0\0\0\0", 3200, MSG_DONTWAIT, NULL, NULL) = 32
8085  1783882170.002459 recvfrom(39, 0x7ff7a6fc30, 3200, MSG_DONTWAIT, NULL, NULL) = -1 EAGAIN (Try again)
8085  1783882170.003459 recvfrom(53, 0x727ac2e820, 2272, MSG_DONTWAIT, NULL, NULL) = -1 EAGAIN (Try again)
8085  1783882170.011486 recvfrom(39, 0x7ff7a6ed60, 3200, MSG_DONTWAIT, NULL, NULL) = -1 EAGAIN (Try again)
8085  1783882170.021397 recvfrom(39, "nysv\0\0\0\0\0\0\0\0\0\0\0\0\21\304\232\316i\0\0\0\264h\0\0\0\0\0\0", 3200, MSG_DONTWAIT, NULL, NULL) = 32
8085  1783882170.021645 recvfrom(39, 0x7ff7a6fc30, 3200, MSG_DONTWAIT, NULL, NULL) = -1 EAGAIN (Try again)
8085  1783882170.021876 recvfrom(53, 0x727ac2e820, 2272, MSG_DONTWAIT, NULL, NULL) = -1 EAGAIN (Try again)
8085  1783882170.022385 recvfrom(39, 0x7ff7a6ed60, 3200, MSG_DONTWAIT, NULL, NULL) = -1 EAGAIN (Try again)
8085  1783882170.035078 recvfrom(39, "nysv\0\0\0\0\0\0\0\0\0\0\0\0\334\4\231\317i\0\0\0\265h\0\0\0\0\0\0", 3200, MSG_DONTWAIT, NULL, NULL) = 32
8085  1783882170.035423 recvfrom(39, 0x7ff7a6fc30, 3200, MSG_DONTWAIT, NULL, NULL) = -1 EAGAIN (Try again)
8085  1783882170.036110 recvfrom(53, 0x727ac2e820, 2272, MSG_DONTWAIT, NULL, NULL) = -1 EAGAIN (Try again)
8085  1783882170.036934 recvfrom(39, 0x7ff7a6ed60, 3200, MSG_DONTWAIT, NULL, NULL) = -1 EAGAIN (Try again)
8085  1783882170.050911 recvfrom(39, "nysv\0\0\0\0\0\0\0\0\0\0\0\0$\213\227\320i\0\0\0\266h\0\0\0\0\0\0", 3200, MSG_DONTWAIT, NULL, NULL) = 32
8085  1783882170.051337 recvfrom(39, 0x7ff7a6fc30, 3200, MSG_DONTWAIT, NULL, NULL) = -1 EAGAIN (Try again)
8085  1783882170.051704 recvfrom(53, 0x727ac2e820, 2272, MSG_DONTWAIT, NULL, NULL) = -1 EAGAIN (Try again)
8085  1783882170.055369 recvfrom(39, 0x7ff7a6ed60, 3200, MSG_DONTWAIT, NULL, NULL) = -1 EAGAIN (Try again)
8085  1783882170.068028 recvfrom(39, "nysv\0\0\0\0\0\0\0\0\0\0\0\0\222\342\225\321i\0\0\0\267h\0\0\0\0\0\0", 3200, MSG_DONTWAIT, NULL, NULL) = 32
8085  1783882170.068334 recvfrom(39, 0x7ff7a6fc30, 3200, MSG_DONTWAIT, NULL, NULL) = -1 EAGAIN (Try again)
8085  1783882170.068917 recvfrom(53, 0x727ac2e820, 2272, MSG_DONTWAIT, NULL, NULL) = -1 EAGAIN (Try again)
8085  1783882170.073086 recvfrom(39, 0x7ff7a6ed60, 3200, MSG_DONTWAIT, NULL, NULL) = -1 EAGAIN (Try again)
8085  1783882170.084030 recvfrom(39, "nysv\0\0\0\0\0\0\0\0\0\0\0\0\5[\224\322i\0\0\0\270h\0\0\0\0\0\0", 3200, MSG_DONTWAIT, NULL, NULL) = 32
8085  1783882170.084322 recvfrom(39, 0x7ff7a6fc30, 3200, MSG_DONTWAIT, NULL, NULL) = -1 EAGAIN (Try again)
8085  1783882170.084873 recvfrom(53, 0x727ac2e820, 2272, MSG_DONTWAIT, NULL, NULL) = -1 EAGAIN (Try again)
8085  1783882170.085293 recvfrom(39, 0x7ff7a6ed60, 3200, MSG_DONTWAIT, NULL, NULL) = -1 EAGAIN (Try again)
8085  1783882170.101480 recvfrom(39, "nysv\0\0\0\0\0\0\0\0\0\0\0\0W\255\222\323i\0\0\0\271h\0\0\0\0\0\0", 3200, MSG_DONTWAIT, NULL, NULL) = 32
8085  1783882170.101981 recvfrom(39, 0x7ff7a6fc30, 3200, MSG_DONTWAIT, NULL, NULL) = -1 EAGAIN (Try again)
8085  1783882170.102261 recvfrom(53, 0x727ac2e820, 2272, MSG_DONTWAIT, NULL, NULL) = -1 EAGAIN (Try again)
8085  1783882170.104884 recvfrom(39, 0x7ff7a6ed60, 3200, MSG_DONTWAIT, NULL, NULL) = -1 EAGAIN (Try again)
8085  1783882170.117233 recvfrom(39, "nysv\0\0\0\0\0\0\0\0\0\0\0\0\247}\221\324i\0\0\0\272h\0\0\0\0\0\0", 3200, MSG_DONTWAIT, NULL, NULL) = 32
8085  1783882170.117632 recvfrom(39, 0x7ff7a6fc30, 3200, MSG_DONTWAIT, NULL, NULL) = -1 EAGAIN (Try again)
8085  1783882170.117957 recvfrom(53, 0x727ac2e820, 2272, MSG_DONTWAIT, NULL, NULL) = -1 EAGAIN (Try again)
8085  1783882170.120079 recvfrom(39, 0x7ff7a6ed60, 3200, MSG_DONTWAIT, NULL, NULL) = -1 EAGAIN (Try again)
8085  1783882170.133636 recvfrom(39, "nysv\0\0\0\0\0\0\0\0\0\0\0\0004\3\220\325i\0\0\0\273h\0\0\0\0\0\0", 3200, MSG_DONTWAIT, NULL, NULL) = 32
8085  1783882170.134232 recvfrom(39, 0x7ff7a6fc30, 3200, MSG_DONTWAIT, NULL, NULL) = -1 EAGAIN (Try again)
8085  1783882170.134644 recvfrom(53, 0x727ac2e820, 2272, MSG_DONTWAIT, NULL, NULL) = -1 EAGAIN (Try again)
8085  1783882170.135016 recvfrom(39, 0x7ff7a6ed60, 3200, MSG_DONTWAIT, NULL, NULL) = -1 EAGAIN (Try again)
8085  1783882170.153564 recvfrom(39, "nysv\0\0\0\0\0\0\0\0\0\0\0\0\354\323\215\326i\0\0\0\274h\0\0\0\0\0\0", 3200, MSG_DONTWAIT, NULL, NULL) = 32
8085  1783882170.154034 recvfrom(39, 0x7ff7a6fc30, 3200, MSG_DONTWAIT, NULL, NULL) = -1 EAGAIN (Try again)
8085  1783882170.154332 recvfrom(53, 0x727ac2e820, 2272, MSG_DONTWAIT, NULL, NULL) = -1 EAGAIN (Try again)
8085  1783882170.155186 recvfrom(39, 0x7ff7a6ed60, 3200, MSG_DONTWAIT, NULL, NULL) = -1 EAGAIN (Try again)
8085  1783882170.168633 recvfrom(39, "nysv\0\0\0\0\0\0\0\0\0\0\0\0\36\1\214\327i\0\0\0\275h\0\0\0\0\0\0", 3200, MSG_DONTWAIT, NULL, NULL) = 32
8085  1783882170.169031 recvfrom(39, 0x7ff7a6fc30, 3200, MSG_DONTWAIT, NULL, NULL) = -1 EAGAIN (Try again)
8085  1783882170.169351 recvfrom(53, 0x727ac2e820, 2272, MSG_DONTWAIT, NULL, NULL) = -1 EAGAIN (Try again)
8085  1783882170.170001 recvfrom(39, 0x7ff7a6ed60, 3200, MSG_DONTWAIT, NULL, NULL) = -1 EAGAIN (Try again)
8085  1783882170.183495 recvfrom(39, "nysv\0\0\0\0\0\0\0\0\0\0\0\0\231\222\212\330i\0\0\0\276h\0\0\0\0\0\0", 3200, MSG_DONTWAIT, NULL, NULL) = 32
8085  1783882170.183850 recvfrom(39, 0x7ff7a6fc30, 3200, MSG_DONTWAIT, NULL, NULL) = -1 EAGAIN (Try again)
8085  1783882170.184344 recvfrom(53, 0x727ac2e820, 2272, MSG_DONTWAIT, NULL, NULL) = -1 EAGAIN (Try again)
8085  1783882170.184990 recvfrom(39, 0x7ff7a6ed60, 3200, MSG_DONTWAIT, NULL, NULL) = -1 EAGAIN (Try again)
8085  1783882170.201316 recvfrom(39, "nysv\0\0\0\0\0\0\0\0\0\0\0\0\264\346\210\331i\0\0\0\277h\0\0\0\0\0\0", 3200, MSG_DONTWAIT, NULL, NULL) = 32
8085  1783882170.201626 recvfrom(39, 0x7ff7a6fc30, 3200, MSG_DONTWAIT, NULL, NULL) = -1 EAGAIN (Try again)
8085  1783882170.202119 recvfrom(53, 0x727ac2e820, 2272, MSG_DONTWAIT, NULL, NULL) = -1 EAGAIN (Try again)
8085  1783882170.203998 recvfrom(39, 0x7ff7a6ed60, 3200, MSG_DONTWAIT, NULL, NULL) = -1 EAGAIN (Try again)
8085  1783882170.217295 recvfrom(39, "nysv\0\0\0\0\0\0\0\0\0\0\0\0\201g\207\332i\0\0\0\300h\0\0\0\0\0\0", 3200, MSG_DONTWAIT, NULL, NULL) = 32
8085  1783882170.217791 recvfrom(39, 0x7ff7a6fc30, 3200, MSG_DONTWAIT, NULL, NULL) = -1 EAGAIN (Try again)
8085  1783882170.218854 recvfrom(53, 0x727ac2e820, 2272, MSG_DONTWAIT, NULL, NULL) = -1 EAGAIN (Try again)
8085  1783882170.221888 recvfrom(39, 0x7ff7a6ed60, 3200, MSG_DONTWAIT, NULL, NULL) = -1 EAGAIN (Try again)
8085  1783882170.233931 recvfrom(39, "nysv\0\0\0\0\0\0\0\0\0\0\0\0J\345\205\333i\0\0\0\301h\0\0\0\0\0\0", 3200, MSG_DONTWAIT, NULL, NULL) = 32
8085  1783882170.234278 recvfrom(39, 0x7ff7a6fc30, 3200, MSG_DONTWAIT, NULL, NULL) = -1 EAGAIN (Try again)
8085  1783882170.234995 recvfrom(53, 0x727ac2e820, 2272, MSG_DONTWAIT, NULL, NULL) = -1 EAGAIN (Try again)
