10579 1784445665.227761 sendmsg(150, {msg_name=NULL, msg_namelen=0, msg_iov=[{iov_base="l\1\1\1\374\0\0\0L\0\0\0\235\0\0\0\1\1o\0;\0\0\0/re/frid"..., iov_len=428}], msg_iovlen=1, msg_controllen=0, msg_flags=0}, MSG_NOSIGNAL) = 428
10476 1784445666.246775 sendto(109, "h\0\0\0\0\0\0\0\5\0\0\0\0\0\0\0\0\0\0\0\0\0\0\0Ee{U\"z\300\367"..., 104, MSG_NOSIGNAL, NULL, 0) = 104
10533 1784445666.247723 recvmsg(109, {msg_name=NULL, msg_namelen=0, msg_iov=[{iov_base="P\2\0\0\0\0\0\0\5\0\0\0\0\0\0\0\0\0\0\0\0\0\0\0a\366[\340\220\36\315a"..., iov_len=4096}], msg_iovlen=1, msg_controllen=0, msg_flags=0}, MSG_DONTWAIT) = 592
10533 1784445666.254430 sendto(109, "\310\0\0\0\0\0\0\0\5\0\0\0\0\0\0\0\0\0\0\0\0\0\0\0\270\270\236\203\203\2\250F"..., 200, MSG_NOSIGNAL, NULL, 0) = 200
10533 1784445666.255631 sendto(109, "h\0\0\0\0\0\0\0\5\0\0\0\0\0\0\0\0\0\0\0\0\0\0\0\270\270\236\203\203\2\250F"..., 104, MSG_NOSIGNAL, NULL, 0) = 104
10533 1784445666.256501 recvmsg(109, {msg_name=NULL, msg_namelen=0, msg_iov=[{iov_base="8\1\0\0\0\0\0\0\5\0\0\0\0\0\0\0\0\0\0\0\0\0\0\0\212\306\355\272P)S\366"..., iov_len=4096}], msg_iovlen=1, msg_controllen=0, msg_flags=0}, MSG_DONTWAIT) = 624
10533 1784445666.256696 sendto(109, "(\0\0\0\0\0\0\0\5\0\0\0\0\0\0\0\1\0\0\0\0\0\0\0!\263\251,M\315&\242"..., 40, MSG_NOSIGNAL, NULL, 0) = 40
10533 1784445666.257866 sendto(109, "(\0\0\0\0\0\0\0\5\0\0\0\0\0\0\0\1\0\0\0\0\0\0\0h\270\312\f\22\224\320\346"..., 40, MSG_NOSIGNAL, NULL, 0) = 40
10533 1784445666.260227 recvmsg(109, {msg_name=NULL, msg_namelen=0, msg_iov=[{iov_base="(\1\0\0\0\0\0\0\5\0\0\0\0\0\0\0\0\0\0\0\0\0\0\0\265(\34\332\204\236\200A"..., iov_len=4096}], msg_iovlen=1, msg_controllen=0, msg_flags=0}, MSG_DONTWAIT) = 504
10533 1784445666.261136 sendto(109, "(\0\0\0\0\0\0\0\5\0\0\0\0\0\0\0\1\0\0\0\0\0\0\0a\211\202\246\327\223A\370"..., 40, MSG_NOSIGNAL, NULL, 0) = 40
10476 1784445666.262476 sendto(109, "h\0\0\0\0\0\0\0\5\0\0\0\0\0\0\0\0\0\0\0\0\0\0\0\327R=S\277\333\212\335"..., 104, MSG_NOSIGNAL, NULL, 0) = 104
10533 1784445666.263038 sendto(109, "h\0\0\0\0\0\0\0\5\0\0\0\0\0\0\0\2\0\0\0\0\0\0\0%\364\371\17\"mb\271"..., 104, MSG_NOSIGNAL, NULL, 0) = 104
10533 1784445666.264716 sendto(109, "h\0\0\0\0\0\0\0\5\0\0\0\0\0\0\0\2\0\0\0\0\0\0\0\320\370\202\201R[\227\17"..., 104, MSG_NOSIGNAL, NULL, 0 <unfinished ...>
10579 1784445666.265172 sendmsg(150, {msg_name=NULL, msg_namelen=0, msg_iov=[{iov_base="l\1\1\1\374\0\0\0M\0\0\0\235\0\0\0\1\1o\0;\0\0\0/re/frid"..., iov_len=428}], msg_iovlen=1, msg_controllen=0, msg_flags=0}, MSG_NOSIGNAL <unfinished ...>
10533 1784445666.265206 <... sendto resumed> ) = 104
10579 1784445666.265381 <... sendmsg resumed> ) = 428
10533 1784445666.266419 recvmsg(109, {msg_name=NULL, msg_namelen=0, msg_iov=[{iov_base="h\0\0\0\0\0\0\0\5\0\0\0\0\0\0\0\2\0\0\0\0\0\0\0\n\211\240_\302\211\337x"..., iov_len=4096}], msg_iovlen=1, msg_controllen=0, msg_flags=0}, MSG_DONTWAIT) = 104
10533 1784445666.267498 sendto(109, "h\0\0\0\0\0\0\0\5\0\0\0\0\0\0\0\2\0\0\0\0\0\0\0\327R=S\277\333\212\335"..., 104, MSG_NOSIGNAL, NULL, 0) = 104
10579 1784445666.279188 sendmsg(150, {msg_name=NULL, msg_namelen=0, msg_iov=[{iov_base="l\1\1\1\374\0\0\0N\0\0\0\235\0\0\0\1\1o\0;\0\0\0/re/frid"..., iov_len=428}], msg_iovlen=1, msg_controllen=0, msg_flags=0}, MSG_NOSIGNAL) = 428
10533 1784445666.410022 recvmsg(109, {msg_name=NULL, msg_namelen=0, msg_iov=[{iov_base="\310\0\0\0\0\0\0\0\5\0\0\0\0\0\0\0\0\0\0\0\0\0\0\0KK\323\210^\22\1]"..., iov_len=4096}], msg_iovlen=1, msg_controllen=0, msg_flags=0}, MSG_DONTWAIT) = 4096
10533 1784445666.411071 recvmsg(109, {msg_name=NULL, msg_namelen=0, msg_iov=[{iov_base="\16\0\0\0\6\0\0\0Roboto\0\0'\0\0\0\37\0\0\0Search a"..., iov_len=35264}], msg_iovlen=1, msg_controllen=0, msg_flags=0}, MSG_DONTWAIT) = 35264
10533 1784445666.414403 sendto(109, "h\0\0\0\0\0\0\0\5\0\0\0\0\0\0\0\0\0\0\0\0\0\0\0\270\270\236\203\203\2\250F"..., 104, MSG_NOSIGNAL, NULL, 0) = 104
10533 1784445666.572956 recvmsg(109, {msg_name=NULL, msg_namelen=0, msg_iov=[{iov_base="\360\35\0\0\0\0\0\0\5\0\0\0\0\0\0\0\0\0\0\0\0\0\0\0KK\323\210^\22\1]"..., iov_len=4096}], msg_iovlen=1, msg_controllen=0, msg_flags=0}, MSG_DONTWAIT) = 4096
10533 1784445666.573701 recvmsg(109, {msg_name=NULL, msg_namelen=0, msg_iov=[{iov_base="\10\0\0\0\0\0\0\0h\0\0\0\0\0\0\0-\0\0\0p\0\0\0@\10\0\0\0\0\0\0"..., iov_len=3568}], msg_iovlen=1, msg_controllen=0, msg_flags=0}, MSG_DONTWAIT) = 3568
10533 1784445666.576890 sendto(109, "h\0\0\0\0\0\0\0\5\0\0\0\0\0\0\0\0\0\0\0\0\0\0\0\270\270\236\203\203\2\250F"..., 104, MSG_NOSIGNAL, NULL, 0) = 104
10486 1784445667.513779 exit(0)         = ?
10486 1784445667.513938 +++ exited with 0 +++
10484 1784445667.513948 exit(0)         = ?
10484 1784445667.514005 +++ exited with 0 +++
10485 1784445667.516923 exit(0 <unfinished ...>
10483 1784445667.516982 exit(0 <unfinished ...>
10485 1784445667.517260 <... exit resumed>) = ?
10483 1784445667.517300 <... exit resumed>) = ?
10485 1784445667.518200 +++ exited with 0 +++
10483 1784445667.518222 +++ exited with 0 +++
10496 1784445667.522552 newfstatat(AT_FDCWD, "/data", {st_mode=S_IFDIR|0771, st_size=4096, ...}, AT_SYMLINK_NOFOLLOW) = 0
10496 1784445667.522967 newfstatat(AT_FDCWD, "/data/app", {st_mode=S_IFDIR|0771, st_size=4096, ...}, AT_SYMLINK_NOFOLLOW) = 0
10496 1784445667.523340 newfstatat(AT_FDCWD, "/data/app/cl.coders.faketraveler-5IUQAJd2GE2TvRmio2T7Dg==", {st_mode=S_IFDIR|0775, st_size=4096, ...}, AT_SYMLINK_NOFOLLOW) = 0
10496 1784445667.523696 newfstatat(AT_FDCWD, "/data/app/cl.coders.faketraveler-5IUQAJd2GE2TvRmio2T7Dg==/base.apk", {st_mode=S_IFREG|0644, st_size=5539288, ...}, AT_SYMLINK_NOFOLLOW) = 0
10496 1784445667.524069 getcwd("/", 4096) = 2
10496 1784445667.524492 newfstatat(AT_FDCWD, "/base.apk", 0x700c832690, AT_SYMLINK_NOFOLLOW) = -1 ENOENT (No such file or directory)
10476 1784445668.108817 clone(child_stack=0x70089bbd40, flags=CLONE_VM|CLONE_FS|CLONE_FILES|CLONE_SIGHAND|CLONE_THREAD|CLONE_SYSVSEM|CLONE_SETTLS|CLONE_PARENT_SETTID|CLONE_CHILD_CLEARTID, parent_tidptr=0x70089bbd60, tls=0x70089bc020, child_tidptr=0x70089bbd60) = 10618
10579 1784445668.115708 sendmsg(150, {msg_name=NULL, msg_namelen=0, msg_iov=[{iov_base="l\1\1\1\374\0\0\0O\0\0\0\235\0\0\0\1\1o\0;\0\0\0/re/frid"..., iov_len=428}], msg_iovlen=1, msg_controllen=0, msg_flags=0}, MSG_NOSIGNAL) = 428
10618 1784445668.116966 faccessat(AT_FDCWD, "/data/user/0/cl.coders.faketraveler", F_OK) = 0
10618 1784445668.117379 faccessat(AT_FDCWD, "/data/user/0/cl.coders.faketraveler/files", F_OK) = 0
10618 1784445668.117790 faccessat(AT_FDCWD, "/data/user/0/cl.coders.faketraveler/files/profileinstaller_profileWrittenFor_lastUpdateTime.dat", F_OK) = 0
10618 1784445668.118120 openat(AT_FDCWD, "/data/user/0/cl.coders.faketraveler/files/profileinstaller_profileWrittenFor_lastUpdateTime.dat", O_RDONLY) = 149
10618 1784445668.119072 getsockopt(149, SOL_SOCKET, SO_ERROR, 0x70089ba254, [4]) = -1 ENOTSOCK (Socket operation on non-socket)
10618 1784445668.121654 openat(AT_FDCWD, "/data/app/cl.coders.faketraveler-5IUQAJd2GE2TvRmio2T7Dg==/base.apk", O_RDONLY) = 149
10618 1784445668.122204 getsockopt(149, SOL_SOCKET, SO_ERROR, 0x70089b9c74, [4]) = -1 ENOTSOCK (Socket operation on non-socket)
10618 1784445668.122760 newfstatat(AT_FDCWD, "/data/misc/profiles/ref/cl.coders.faketraveler/primary.prof", 0x70089b9c18, 0) = -1 ENOENT (No such file or directory)
10618 1784445668.123101 faccessat(AT_FDCWD, "/data/misc/profiles/ref/cl.coders.faketraveler/primary.prof", F_OK) = -1 ENOENT (No such file or directory)
10618 1784445668.123401 newfstatat(AT_FDCWD, "/data/misc/profiles/cur/0/cl.coders.faketraveler/primary.prof", {st_mode=S_IFREG|0600, st_size=6237, ...}, 0) = 0
10618 1784445668.123679 faccessat(AT_FDCWD, "/data/misc/profiles/cur/0/cl.coders.faketraveler/primary.prof", F_OK) = 0
10618 1784445668.124689 faccessat(AT_FDCWD, "/data/user/0/cl.coders.faketraveler/files", F_OK) = 0
10618 1784445668.125089 faccessat(AT_FDCWD, "/data/user/0/cl.coders.faketraveler/files/profileInstalled", F_OK) = 0
10618 1784445668.125681 openat(AT_FDCWD, "/data/user/0/cl.coders.faketraveler/files/profileInstalled", O_RDONLY) = 149
10618 1784445668.128369 getsockopt(149, SOL_SOCKET, SO_ERROR, 0x70089b9594, [4]) = -1 ENOTSOCK (Socket operation on non-socket)
10618 1784445668.133933 exit(0)         = ?
10618 1784445668.134251 +++ exited with 0 +++
10576 1784445668.181872 faccessat(AT_FDCWD, "/proc/self/task/10618", F_OK) = -1 ENOENT (No such file or directory)
10537 1784445672.617762 openat(AT_FDCWD, "/data/user/0/cl.coders.faketraveler/app_webview/BrowserMetrics-spare.pma.tmp", O_RDWR|O_CREAT|O_TRUNC, 0600) = 149
10537 1784445672.940284 renameat(AT_FDCWD, "/data/user/0/cl.coders.faketraveler/app_webview/BrowserMetrics-spare.pma.tmp", AT_FDCWD, "/data/user/0/cl.coders.faketraveler/app_webview/BrowserMetrics-spare.pma") = 0
10535 1784445677.786237 sendto(109, "\220\0\0\0\0\0\0\0\5\0\0\0\0\0\0\0\0\0\0\0\0\0\0\0,\232\366\305Hl\311A"..., 144, MSG_NOSIGNAL, NULL, 0) = 144
10535 1784445677.790747 sendto(109, "\230\0\0\0\0\0\0\0\5\0\0\0\0\0\0\0\0\0\0\0\0\0\0\0,\232\366\305Hl\311A"..., 152, MSG_NOSIGNAL, NULL, 0 <unfinished ...>
10533 1784445677.790814 recvmsg(109,  <unfinished ...>
10535 1784445677.792116 <... sendto resumed> ) = 152
10533 1784445677.792164 <... recvmsg resumed> {msg_name=NULL, msg_namelen=0, msg_iov=[{iov_base="(Z\0\0\0\0\0\0\5\0\0\0\0\0\0\0\0\0\0\0\0\0\0\0(\223\250\377\310\26\36\336"..., iov_len=4096}], msg_iovlen=1, msg_controllen=0, msg_flags=0}, MSG_DONTWAIT) = 4096
10533 1784445677.792505 recvmsg(109, {msg_name=NULL, msg_namelen=0, msg_iov=[{iov_base="\0\0\0\0\0\0\0\0000\0\0\0\0\0\0\0%\0\0\0\35\0\0\0blink_ob"..., iov_len=18984}], msg_iovlen=1, msg_controllen=0, msg_flags=0}, MSG_DONTWAIT) = 18984
10533 1784445677.794879 recvmsg(109, {msg_name=NULL, msg_namelen=0, msg_iov=[{iov_base="\330\t\0\0\0\0\0\0\5\0\0\0\0\0\0\0\0\0\0\0\0\0\0\0(\223\250\377\310\26\36\336"..., iov_len=4096}], msg_iovlen=1, msg_controllen=0, msg_flags=0}, MSG_DONTWAIT) = 2520
10535 1784445677.796145 openat(AT_FDCWD, "/proc/self/statm", O_RDONLY) = 149
10535 1784445677.799180 openat(AT_FDCWD, "/proc/10476/status", O_RDONLY|O_CLOEXEC) = 151
10535 1784445677.802521 openat(AT_FDCWD, "/proc/10476/stat", O_RDONLY|O_CLOEXEC) = 151
10535 1784445677.804256 openat(AT_FDCWD, "/proc/self/status", O_RDONLY|O_CLOEXEC) = 151
10535 1784445677.806020 openat(AT_FDCWD, "/proc/self/clear_refs", O_WRONLY) = 151
10535 1784445677.806827 openat(AT_FDCWD, "/proc/self/pagemap", O_RDONLY) = 151
10579 1784445677.823958 sendmsg(150, {msg_name=NULL, msg_namelen=0, msg_iov=[{iov_base="l\1\1\1\374\0\0\0P\0\0\0\235\0\0\0\1\1o\0;\0\0\0/re/frid"..., iov_len=428}], msg_iovlen=1, msg_controllen=0, msg_flags=0}, MSG_NOSIGNAL) = 428
10578 1784445680.324118 exit(0)         = ?
10578 1784445680.324201 +++ exited with 0 +++
10576 1784445680.375201 faccessat(AT_FDCWD, "/proc/self/task/10578", F_OK) = -1 ENOENT (No such file or directory)
10537 1784445682.830102 newfstatat(AT_FDCWD, "/data/user/0/cl.coders.faketraveler/cache/WebView/Default/HTTP Cache/index-dir", {st_mode=S_IFDIR|S_ISGID|0700, st_size=4096, ...}, 0) = 0
10537 1784445682.830513 newfstatat(AT_FDCWD, "/data/user/0/cl.coders.faketraveler/cache/WebView/Default/HTTP Cache",  <unfinished ...>
10476 1784445682.830751 recvfrom(123, "\2\0\0\0\0\0\0\0\215\26\0\0\0\0\0\0\300&hz\30\5\0\0\1\0\0\0\2\20\0\0"..., 2272, MSG_DONTWAIT, NULL, NULL) = 232
10537 1784445682.831048 <... newfstatat resumed> {st_mode=S_IFDIR|S_ISGID|0700, st_size=4096, ...}, 0) = 0
10476 1784445682.831094 sendto(123, "\3\0\0\0\0\0\0\0\215\26\0\0\1\0\0\0", 16, MSG_DONTWAIT|MSG_NOSIGNAL, NULL, 0 <unfinished ...>
10537 1784445682.831170 openat(AT_FDCWD, "/data/user/0/cl.coders.faketraveler/cache/WebView/Default/HTTP Cache/index-dir/temp-index", O_WRONLY|O_CREAT|O_TRUNC, 0600 <unfinished ...>
10476 1784445682.831187 <... sendto resumed> ) = 16
10476 1784445682.831195 recvfrom(123, 0x6fad480020, 2272, MSG_DONTWAIT, NULL, NULL) = -1 EAGAIN (Try again)
10537 1784445682.831306 <... openat resumed> ) = 149
10476 1784445682.831559 recvfrom(123, "\2\0\0\0\0\0\0\0\217\26\0\0\0\0\0\0\300&hz\30\5\0\0\1\0\0\0\2\20\0\0"..., 2272, MSG_DONTWAIT, NULL, NULL) = 232
10476 1784445682.831788 recvfrom(39, 0x7fed454890, 3200, MSG_DONTWAIT, NULL, NULL) = -1 EAGAIN (Try again)
10537 1784445682.832706 renameat(AT_FDCWD, "/data/user/0/cl.coders.faketraveler/cache/WebView/Default/HTTP Cache/index-dir/temp-index", AT_FDCWD, "/data/user/0/cl.coders.faketraveler/cache/WebView/Default/HTTP Cache/index-dir/the-real-index" <unfinished ...>
10476 1784445682.832740 sendto(123, "\3\0\0\0\0\0\0\0\217\26\0\0\1\0\0\0", 16, MSG_DONTWAIT|MSG_NOSIGNAL, NULL, 0) = 16
10537 1784445682.832915 <... renameat resumed> ) = 0
10476 1784445682.832949 recvfrom(123, 0x6fad480020, 2272, MSG_DONTWAIT, NULL, NULL) = -1 EAGAIN (Try again)
10476 1784445682.846998 recvfrom(39, "nysv\0\0\0\0\0\0\0\0\0\0\0\0!b\177{\30\5\0\0\262\30\5\0\0\0\0\0", 3200, MSG_DONTWAIT, NULL, NULL) = 32
10476 1784445682.847022 recvfrom(39, 0x7fed458190, 3200, MSG_DONTWAIT, NULL, NULL) = -1 EAGAIN (Try again)
10476 1784445682.847049 recvfrom(123, 0x6fad480020, 2272, MSG_DONTWAIT, NULL, NULL) = -1 EAGAIN (Try again)
10476 1784445682.847113 recvfrom(39, 0x7fed4580f0, 3200, MSG_DONTWAIT, NULL, NULL) = -1 EAGAIN (Try again)
10476 1784445682.848674 socket(AF_UNIX, SOCK_DGRAM|SOCK_CLOEXEC|SOCK_NONBLOCK, 0) = 149
10476 1784445682.848694 setsockopt(149, SOL_SOCKET, SO_SNDBUF, [1048576], 4) = 0
10476 1784445682.848715 connect(149, {sa_family=AF_UNIX, sun_path="/dev/socket/statsdw"}, 110) = 0
10579 1784445682.859350 sendmsg(150, {msg_name=NULL, msg_namelen=0, msg_iov=[{iov_base="l\1\1\18\1\0\0Q\0\0\0\235\0\0\0\1\1o\0;\0\0\0/re/frid"..., iov_len=488}], msg_iovlen=1, msg_controllen=0, msg_flags=0}, MSG_NOSIGNAL) = 488
10476 1784445682.862300 newfstatat(AT_FDCWD, "/system/framework/framework-res.apk", {st_mode=S_IFREG|0644, st_size=45992421, ...}, 0) = 0
10476 1784445682.862373 newfstatat(AT_FDCWD, "/product/overlay/GoogleConfigOverlay.apk", {st_mode=S_IFREG|0644, st_size=25070, ...}, 0) = 0
10476 1784445682.862430 newfstatat(AT_FDCWD, "/product/overlay/GoogleWebViewOverlay.apk", {st_mode=S_IFREG|0644, st_size=16815, ...}, 0) = 0
10476 1784445682.862440 newfstatat(AT_FDCWD, "/product/overlay/PixelConfigOverlayCommon.apk", {st_mode=S_IFREG|0644, st_size=52833, ...}, 0) = 0
10476 1784445682.862449 newfstatat(AT_FDCWD, "/product/overlay/EmulatorConfigOverlay.apk", {st_mode=S_IFREG|0644, st_size=16734, ...}, 0) = 0
10476 1784445682.862493 newfstatat(AT_FDCWD, "/data/app/cl.coders.faketraveler-5IUQAJd2GE2TvRmio2T7Dg==/base.apk", {st_mode=S_IFREG|0644, st_size=5539288, ...}, 0) = 0
10476 1784445682.862529 newfstatat(AT_FDCWD, "/system/product/app/WebViewGoogle64/WebViewGoogle64.apk", {st_mode=S_IFREG|0644, st_size=63049250, ...}, 0) = 0
10476 1784445682.862564 newfstatat(AT_FDCWD, "/system/product/app/TrichromeLibrary64/TrichromeLibrary64.apk", {st_mode=S_IFREG|0644, st_size=94562500, ...}, 0) = 0
10476 1784445682.862865 clone(child_stack=0x70089bbd40, flags=CLONE_VM|CLONE_FS|CLONE_FILES|CLONE_SIGHAND|CLONE_THREAD|CLONE_SYSVSEM|CLONE_SETTLS|CLONE_PARENT_SETTID|CLONE_CHILD_CLEARTID, parent_tidptr=0x70089bbd60, tls=0x70089bc020, child_tidptr=0x70089bbd60) = 10638
10579 1784445682.863988 sendmsg(150, {msg_name=NULL, msg_namelen=0, msg_iov=[{iov_base="l\1\1\1\374\0\0\0R\0\0\0\235\0\0\0\1\1o\0;\0\0\0/re/frid"..., iov_len=428}], msg_iovlen=1, msg_controllen=0, msg_flags=0}, MSG_NOSIGNAL) = 428
10476 1784445682.864118 recvfrom(39, "nysv\0\0\0\0\0\0\0\0\0\0\0\0)\373}|\30\5\0\0\263\30\5\0\0\0\0\0", 3200, MSG_DONTWAIT, NULL, NULL) = 32
10476 1784445682.864133 recvfrom(39, 0x7fed458190, 3200, MSG_DONTWAIT, NULL, NULL) = -1 EAGAIN (Try again)
10476 1784445682.864278 recvfrom(39, 0x7fed4580f0, 3200, MSG_DONTWAIT, NULL, NULL) = -1 EAGAIN (Try again)
10579 1784445682.867769 sendmsg(150, {msg_name=NULL, msg_namelen=0, msg_iov=[{iov_base="l\1\1\1\374\0\0\0S\0\0\0\235\0\0\0\1\1o\0;\0\0\0/re/frid"..., iov_len=428}], msg_iovlen=1, msg_controllen=0, msg_flags=0}, MSG_NOSIGNAL) = 428
10579 1784445682.871359 sendmsg(150, {msg_name=NULL, msg_namelen=0, msg_iov=[{iov_base="l\1\1\1\344\0\0\0T\0\0\0\235\0\0\0\1\1o\0;\0\0\0/re/frid"..., iov_len=404}], msg_iovlen=1, msg_controllen=0, msg_flags=0}, MSG_NOSIGNAL) = 404
10579 1784445682.872846 sendmsg(150, {msg_name=NULL, msg_namelen=0, msg_iov=[{iov_base="l\1\1\1\310\0\0\0U\0\0\0\235\0\0\0\1\1o\0;\0\0\0/re/frid"..., iov_len=376}], msg_iovlen=1, msg_controllen=0, msg_flags=0}, MSG_NOSIGNAL) = 376
10579 1784445682.874930 sendmsg(150, {msg_name=NULL, msg_namelen=0, msg_iov=[{iov_base="l\1\1\1\374\0\0\0V\0\0\0\235\0\0\0\1\1o\0;\0\0\0/re/frid"..., iov_len=428}], msg_iovlen=1, msg_controllen=0, msg_flags=0}, MSG_NOSIGNAL) = 428
10497 1784445682.909957 recvfrom(43, 0x700c617eb0, 3200, MSG_DONTWAIT, NULL, NULL) = -1 EAGAIN (Try again)
10476 1784445682.913260 recvfrom(39, "nysv\0\0\0\0\0\0\0\0\0\0\0\0\fI|}\30\5\0\0\264\30\5\0\0\0\0\0", 3200, MSG_DONTWAIT, NULL, NULL) = 32
10476 1784445682.913289 recvfrom(39, 0x7fed458190, 3200, MSG_DONTWAIT, NULL, NULL) = -1 EAGAIN (Try again)
10476 1784445682.919522 recvfrom(152, 0x6fad4f0c20, 2272, MSG_DONTWAIT, NULL, NULL) = -1 EAGAIN (Try again)
10476 1784445682.919554 recvfrom(39, 0x7fed4580f0, 3200, MSG_DONTWAIT, NULL, NULL) = -1 EAGAIN (Try again)
10497 1784445682.919597 recvfrom(43, "nysv\0\0\0\0\0\0\0\0\0\0\0\0\221\203y\177\30\5\0\0\266\30\5\0\0\0\0\0", 3200, MSG_DONTWAIT, NULL, NULL) = 32
10497 1784445682.919835 recvfrom(43, 0x700c617c80, 3200, MSG_DONTWAIT, NULL, NULL) = -1 EAGAIN (Try again)
10497 1784445682.954958 recvfrom(43, "nysv\0\0\0\0\0\0\0\0\0\0\0\0\273\323w\200\30\5\0\0\267\30\5\0\0\0\0\0", 3200, MSG_DONTWAIT, NULL, NULL) = 32
10497 1784445682.955134 recvfrom(43, 0x700c617eb0, 3200, MSG_DONTWAIT, NULL, NULL) = -1 EAGAIN (Try again)
10551 1784445682.970248 faccessat(AT_FDCWD, "/data/user/0/cl.coders.faketraveler/shared_prefs/cl.coders.faketraveler.sharedprefs.xml", F_OK) = 0
10551 1784445682.970698 faccessat(AT_FDCWD, "/data/user/0/cl.coders.faketraveler/shared_prefs/cl.coders.faketraveler.sharedprefs.xml.bak", F_OK) = -1 ENOENT (No such file or directory)
10551 1784445682.970939 renameat(AT_FDCWD, "/data/user/0/cl.coders.faketraveler/shared_prefs/cl.coders.faketraveler.sharedprefs.xml", AT_FDCWD, "/data/user/0/cl.coders.faketraveler/shared_prefs/cl.coders.faketraveler.sharedprefs.xml.bak") = 0
10551 1784445682.971210 openat(AT_FDCWD, "/data/user/0/cl.coders.faketraveler/shared_prefs/cl.coders.faketraveler.sharedprefs.xml", O_WRONLY|O_CREAT|O_TRUNC, 0600) = 151
10551 1784445682.974475 getsockopt(151, SOL_SOCKET, SO_ERROR, 0x6f96435454, [4]) = -1 ENOTSOCK (Socket operation on non-socket)
10551 1784445682.974947 fchmodat(AT_FDCWD, "/data/user/0/cl.coders.faketraveler/shared_prefs/cl.coders.faketraveler.sharedprefs.xml", 0660) = 0
10551 1784445682.975192 newfstatat(AT_FDCWD, "/data/user/0/cl.coders.faketraveler/shared_prefs/cl.coders.faketraveler.sharedprefs.xml", {st_mode=S_IFREG|0660, st_size=567, ...}, 0) = 0
10551 1784445682.983249 unlinkat(AT_FDCWD, "/data/user/0/cl.coders.faketraveler/shared_prefs/cl.coders.faketraveler.sharedprefs.xml.bak", 0 <unfinished ...>
10579 1784445682.983448 sendmsg(150, {msg_name=NULL, msg_namelen=0, msg_iov=[{iov_base="l\1\1\1$\1\0\0W\0\0\0\235\0\0\0\1\1o\0;\0\0\0/re/frid"..., iov_len=468}], msg_iovlen=1, msg_controllen=0, msg_flags=0}, MSG_NOSIGNAL <unfinished ...>
10551 1784445682.983483 <... unlinkat resumed> ) = 0
10579 1784445682.984053 <... sendmsg resumed> ) = 468
10497 1784445683.000108 recvfrom(43, "nysv\0\0\0\0\0\0\0\0\0\0\0\0\16\0u\202\30\5\0\0\271\30\5\0\0\0\0\0", 3200, MSG_DONTWAIT, NULL, NULL) = 32
10497 1784445683.000401 recvfrom(43, 0x700c617eb0, 3200, MSG_DONTWAIT, NULL, NULL) = -1 EAGAIN (Try again)
10497 1784445683.036753 recvfrom(43, "nysv\0\0\0\0\0\0\0\0\0\0\0\0I;p\205\30\5\0\0\274\30\5\0\0\0\0\0", 3200, MSG_DONTWAIT, NULL, NULL) = 32
10497 1784445683.036925 recvfrom(43, 0x700c617eb0, 3200, MSG_DONTWAIT, NULL, NULL) = -1 EAGAIN (Try again)
10497 1784445683.100404 recvfrom(43, "nysv\0\0\0\0\0\0\0\0\0\0\0\0`\274l\207\30\5\0\0\276\30\5\0\0\0\0\0", 3200, MSG_DONTWAIT, NULL, NULL) = 32
10497 1784445683.100580 recvfrom(43, 0x700c617eb0, 3200, MSG_DONTWAIT, NULL, NULL) = -1 EAGAIN (Try again)
10476 1784445683.101543 recvfrom(39, "nysv\0\0\0\0\0\0\0\0\0\0\0\0\273\323w\200\30\5\0\0\267\30\5\0\0\0\0\0", 3200, MSG_DONTWAIT, NULL, NULL) = 32
10476 1784445683.101560 recvfrom(39, 0x7fed458190, 3200, MSG_DONTWAIT, NULL, NULL) = -1 EAGAIN (Try again)
10476 1784445683.102828 recvfrom(123, 0x6fad480020, 2272, MSG_DONTWAIT, NULL, NULL) = -1 EAGAIN (Try again)
10476 1784445683.102853 recvfrom(39, 0x7fed4580f0, 3200, MSG_DONTWAIT, NULL, NULL) = -1 EAGAIN (Try again)
10497 1784445683.103069 recvfrom(43, 0x700c617eb0, 3200, MSG_DONTWAIT, NULL, NULL) = -1 EAGAIN (Try again)
10476 1784445683.114865 recvfrom(39, "nysv\0\0\0\0\0\0\0\0\0\0\0\0\315Af\213\30\5\0\0\302\30\5\0\0\0\0\0", 3200, MSG_DONTWAIT, NULL, NULL) = 32
10476 1784445683.114877 recvfrom(39, 0x7fed458190, 3200, MSG_DONTWAIT, NULL, NULL) = -1 EAGAIN (Try again)
10476 1784445683.114893 recvfrom(152, 0x6fad4f0c20, 2272, MSG_DONTWAIT, NULL, NULL) = -1 EAGAIN (Try again)
10476 1784445683.114902 recvfrom(39, 0x7fed4580f0, 3200, MSG_DONTWAIT, NULL, NULL) = -1 EAGAIN (Try again)
10579 1784445683.118666 sendmsg(150, {msg_name=NULL, msg_namelen=0, msg_iov=[{iov_base="l\1\1\1\374\0\0\0X\0\0\0\235\0\0\0\1\1o\0;\0\0\0/re/frid"..., iov_len=428}], msg_iovlen=1, msg_controllen=0, msg_flags=0}, MSG_NOSIGNAL) = 428
10476 1784445683.131063 recvfrom(39, "nysv\0\0\0\0\0\0\0\0\0\0\0\0\241\314d\214\30\5\0\0\303\30\5\0\0\0\0\0", 3200, MSG_DONTWAIT, NULL, NULL) = 32
10476 1784445683.131077 recvfrom(39, 0x7fed458190, 3200, MSG_DONTWAIT, NULL, NULL) = -1 EAGAIN (Try again)
10476 1784445683.131095 recvfrom(39, 0x7fed4580f0, 3200, MSG_DONTWAIT, NULL, NULL) = -1 EAGAIN (Try again)
10579 1784445683.133682 sendmsg(150, {msg_name=NULL, msg_namelen=0, msg_iov=[{iov_base="l\1\1\1\374\0\0\0Y\0\0\0\235\0\0\0\1\1o\0;\0\0\0/re/frid"..., iov_len=428}], msg_iovlen=1, msg_controllen=0, msg_flags=0}, MSG_NOSIGNAL) = 428
10497 1784445683.145333 recvfrom(43, "nysv\0\0\0\0\0\0\0\0\0\0\0\0\315Af\213\30\5\0\0\302\30\5\0\0\0\0\0", 3200, MSG_DONTWAIT, NULL, NULL) = 32
10497 1784445683.145506 recvfrom(43, 0x700c617eb0, 3200, MSG_DONTWAIT, NULL, NULL) = -1 EAGAIN (Try again)
10476 1784445683.148338 recvfrom(39, "nysv\0\0\0\0\0\0\0\0\0\0\0\0\313\34c\215\30\5\0\0\304\30\5\0\0\0\0\0", 3200, MSG_DONTWAIT, NULL, NULL) = 32
10476 1784445683.148353 recvfrom(39, 0x7fed458190, 3200, MSG_DONTWAIT, NULL, NULL) = -1 EAGAIN (Try again)
10476 1784445683.148376 recvfrom(39, 0x7fed4580f0, 3200, MSG_DONTWAIT, NULL, NULL) = -1 EAGAIN (Try again)
10579 1784445683.153728 sendmsg(150, {msg_name=NULL, msg_namelen=0, msg_iov=[{iov_base="l\1\1\1\374\0\0\0Z\0\0\0\235\0\0\0\1\1o\0;\0\0\0/re/frid"..., iov_len=428}], msg_iovlen=1, msg_controllen=0, msg_flags=0}, MSG_NOSIGNAL) = 428
10476 1784445683.164739 recvfrom(39, "nysv\0\0\0\0\0\0\0\0\0\0\0\0\321\241a\216\30\5\0\0\305\30\5\0\0\0\0\0", 3200, MSG_DONTWAIT, NULL, NULL) = 32
10476 1784445683.164752 recvfrom(39, 0x7fed458190, 3200, MSG_DONTWAIT, NULL, NULL) = -1 EAGAIN (Try again)
10476 1784445683.164770 recvfrom(39, 0x7fed4580f0, 3200, MSG_DONTWAIT, NULL, NULL) = -1 EAGAIN (Try again)
10579 1784445683.167817 sendmsg(150, {msg_name=NULL, msg_namelen=0, msg_iov=[{iov_base="l\1\1\1\374\0\0\0[\0\0\0\235\0\0\0\1\1o\0;\0\0\0/re/frid"..., iov_len=428}], msg_iovlen=1, msg_controllen=0, msg_flags=0}, MSG_NOSIGNAL) = 428
10476 1784445683.180842 recvfrom(39, "nysv\0\0\0\0\0\0\0\0\0\0\0\0\373\361_\217\30\5\0\0\306\30\5\0\0\0\0\0", 3200, MSG_DONTWAIT, NULL, NULL) = 32
10476 1784445683.180857 recvfrom(39, 0x7fed458190, 3200, MSG_DONTWAIT, NULL, NULL) = -1 EAGAIN (Try again)
10476 1784445683.181029 recvfrom(39, 0x7fed4580f0, 3200, MSG_DONTWAIT, NULL, NULL) = -1 EAGAIN (Try again)
10579 1784445683.187158 sendmsg(150, {msg_name=NULL, msg_namelen=0, msg_iov=[{iov_base="l\1\1\1\374\0\0\0\\\0\0\0\235\0\0\0\1\1o\0;\0\0\0/re/frid"..., iov_len=428}], msg_iovlen=1, msg_controllen=0, msg_flags=0}, MSG_NOSIGNAL) = 428
10497 1784445683.190821 recvfrom(43, "nysv\0\0\0\0\0\0\0\0\0\0\0\0\313\34c\215\30\5\0\0\304\30\5\0\0\0\0\0", 3200, MSG_DONTWAIT, NULL, NULL) = 32
10497 1784445683.190998 recvfrom(43, 0x700c617eb0, 3200, MSG_DONTWAIT, NULL, NULL) = -1 EAGAIN (Try again)
10476 1784445683.197869 recvfrom(39, "nysv\0\0\0\0\0\0\0\0\0\0\0\0%B^\220\30\5\0\0\307\30\5\0\0\0\0\0", 3200, MSG_DONTWAIT, NULL, NULL) = 32
10476 1784445683.197885 recvfrom(39, 0x7fed458190, 3200, MSG_DONTWAIT, NULL, NULL) = -1 EAGAIN (Try again)
10476 1784445683.198151 recvfrom(39, 0x7fed4580f0, 3200, MSG_DONTWAIT, NULL, NULL) = -1 EAGAIN (Try again)
10579 1784445683.200467 sendmsg(150, {msg_name=NULL, msg_namelen=0, msg_iov=[{iov_base="l\1\1\1\374\0\0\0]\0\0\0\235\0\0\0\1\1o\0;\0\0\0/re/frid"..., iov_len=428}], msg_iovlen=1, msg_controllen=0, msg_flags=0}, MSG_NOSIGNAL) = 428
10476 1784445683.214784 recvfrom(39, "nysv\0\0\0\0\0\0\0\0\0\0\0\0n\311\\\221\30\5\0\0\310\30\5\0\0\0\0\0", 3200, MSG_DONTWAIT, NULL, NULL) = 32
10476 1784445683.214799 recvfrom(39, 0x7fed458190, 3200, MSG_DONTWAIT, NULL, NULL) = -1 EAGAIN (Try again)
10476 1784445683.214818 recvfrom(39, 0x7fed4580f0, 3200, MSG_DONTWAIT, NULL, NULL) = -1 EAGAIN (Try again)
10579 1784445683.219632 sendmsg(150, {msg_name=NULL, msg_namelen=0, msg_iov=[{iov_base="l\1\1\1\374\0\0\0^\0\0\0\235\0\0\0\1\1o\0;\0\0\0/re/frid"..., iov_len=428}], msg_iovlen=1, msg_controllen=0, msg_flags=0}, MSG_NOSIGNAL) = 428
10476 1784445683.231248 recvfrom(39, "nysv\0\0\0\0\0\0\0\0\0\0\0\0006k[\222\30\5\0\0\311\30\5\0\0\0\0\0", 3200, MSG_DONTWAIT, NULL, NULL) = 32
10476 1784445683.231272 recvfrom(39, 0x7fed458190, 3200, MSG_DONTWAIT, NULL, NULL) = -1 EAGAIN (Try again)
10476 1784445683.231304 recvfrom(39, 0x7fed4580f0, 3200, MSG_DONTWAIT, NULL, NULL) = -1 EAGAIN (Try again)
10497 1784445683.236657 recvfrom(43, "nysv\0\0\0\0\0\0\0\0\0\0\0\0%B^\220\30\5\0\0\307\30\5\0\0\0\0\0", 3200, MSG_DONTWAIT, NULL, NULL) = 32
10497 1784445683.236978 recvfrom(43, 0x700c617eb0, 3200, MSG_DONTWAIT, NULL, NULL) = -1 EAGAIN (Try again)
10579 1784445683.237799 sendmsg(150, {msg_name=NULL, msg_namelen=0, msg_iov=[{iov_base="l\1\1\1\374\0\0\0_\0\0\0\235\0\0\0\1\1o\0;\0\0\0/re/frid"..., iov_len=428}], msg_iovlen=1, msg_controllen=0, msg_flags=0}, MSG_NOSIGNAL) = 428
10579 1784445683.241845 sendmsg(150, {msg_name=NULL, msg_namelen=0, msg_iov=[{iov_base="l\1\1\1\374\0\0\0`\0\0\0\235\0\0\0\1\1o\0;\0\0\0/re/frid"..., iov_len=428}], msg_iovlen=1, msg_controllen=0, msg_flags=0}, MSG_NOSIGNAL) = 428
10476 1784445683.247253 recvfrom(39, "nysv\0\0\0\0\0\0\0\0\0\0\0\0\30\3Z\223\30\5\0\0\312\30\5\0\0\0\0\0", 3200, MSG_DONTWAIT, NULL, NULL) = 32
10476 1784445683.247266 recvfrom(39, 0x7fed458190, 3200, MSG_DONTWAIT, NULL, NULL) = -1 EAGAIN (Try again)
10579 1784445683.251566 sendmsg(150, {msg_name=NULL, msg_namelen=0, msg_iov=[{iov_base="l\1\1\1\374\0\0\0a\0\0\0\235\0\0\0\1\1o\0;\0\0\0/re/frid"..., iov_len=428}], msg_iovlen=1, msg_controllen=0, msg_flags=0}, MSG_NOSIGNAL) = 428
10476 1784445683.271769 recvfrom(39, 0x7fed456ea0, 3200, MSG_DONTWAIT, NULL, NULL) = -1 EAGAIN (Try again)
10497 1784445683.279387 recvfrom(43, "nysv\0\0\0\0\0\0\0\0\0\0\0\0\30\3Z\223\30\5\0\0\312\30\5\0\0\0\0\0", 3200, MSG_DONTWAIT, NULL, NULL) = 32
10497 1784445683.279558 recvfrom(43, 0x700c617eb0, 3200, MSG_DONTWAIT, NULL, NULL) = -1 EAGAIN (Try again)
10476 1784445683.281714 recvfrom(39, "nysv\0\0\0\0\0\0\0\0\0\0\0\0\215\363V\225\30\5\0\0\314\30\5\0\0\0\0\0", 3200, MSG_DONTWAIT, NULL, NULL) = 32
10476 1784445683.281733 recvfrom(39, 0x7fed458190, 3200, MSG_DONTWAIT, NULL, NULL) = -1 EAGAIN (Try again)
10579 1784445683.284280 sendmsg(150, {msg_name=NULL, msg_namelen=0, msg_iov=[{iov_base="l\1\1\1\374\0\0\0b\0\0\0\235\0\0\0\1\1o\0;\0\0\0/re/frid"..., iov_len=428}], msg_iovlen=1, msg_controllen=0, msg_flags=0}, MSG_NOSIGNAL) = 428
10476 1784445683.286262 recvfrom(39, 0x7fed457a00, 3200, MSG_DONTWAIT, NULL, NULL) = -1 EAGAIN (Try again)
10579 1784445683.289163 sendmsg(150, {msg_name=NULL, msg_namelen=0, msg_iov=[{iov_base="l\1\1\1\374\0\0\0c\0\0\0\235\0\0\0\1\1o\0;\0\0\0/re/frid"..., iov_len=428}], msg_iovlen=1, msg_controllen=0, msg_flags=0}, MSG_NOSIGNAL) = 428
10476 1784445683.297674 recvfrom(39, "nysv\0\0\0\0\0\0\0\0\0\0\0\0\267CU\226\30\5\0\0\315\30\5\0\0\0\0\0", 3200, MSG_DONTWAIT, NULL, NULL) = 32
10476 1784445683.297686 recvfrom(39, 0x7fed458190, 3200, MSG_DONTWAIT, NULL, NULL) = -1 EAGAIN (Try again)
10579 1784445683.303417 sendmsg(150, {msg_name=NULL, msg_namelen=0, msg_iov=[{iov_base="l\1\1\1\374\0\0\0d\0\0\0\235\0\0\0\1\1o\0;\0\0\0/re/frid"..., iov_len=428}], msg_iovlen=1, msg_controllen=0, msg_flags=0}, MSG_NOSIGNAL) = 428
10476 1784445683.314493 recvfrom(39, 0x7fed456ea0, 3200, MSG_DONTWAIT, NULL, NULL) = -1 EAGAIN (Try again)
10497 1784445683.325778 recvfrom(43, "nysv\0\0\0\0\0\0\0\0\0\0\0\0\215\363V\225\30\5\0\0\314\30\5\0\0\0\0\0", 3200, MSG_DONTWAIT, NULL, NULL) = 32
10497 1784445683.325942 recvfrom(43, 0x700c617c80, 3200, MSG_DONTWAIT, NULL, NULL) = -1 EAGAIN (Try again)
10476 1784445683.333105 recvfrom(39, "nysv\0\0\0\0\0\0\0\0\0\0\0\0\306#R\230\30\5\0\0\317\30\5\0\0\0\0\0", 3200, MSG_DONTWAIT, NULL, NULL) = 32
10476 1784445683.333120 recvfrom(39, 0x7fed458190, 3200, MSG_DONTWAIT, NULL, NULL) = -1 EAGAIN (Try again)
10476 1784445683.337039 recvfrom(39, 0x7fed457a00, 3200, MSG_DONTWAIT, NULL, NULL) = -1 EAGAIN (Try again)
10579 1784445683.338858 sendmsg(150, {msg_name=NULL, msg_namelen=0, msg_iov=[{iov_base="l\1\1\1\374\0\0\0e\0\0\0\235\0\0\0\1\1o\0;\0\0\0/re/frid"..., iov_len=428}], msg_iovlen=1, msg_controllen=0, msg_flags=0}, MSG_NOSIGNAL) = 428
10476 1784445683.347289 recvfrom(39, "nysv\0\0\0\0\0\0\0\0\0\0\0\0\320\270P\231\30\5\0\0\320\30\5\0\0\0\0\0", 3200, MSG_DONTWAIT, NULL, NULL) = 32
10476 1784445683.347360 recvfrom(39, 0x7fed458190, 3200, MSG_DONTWAIT, NULL, NULL) = -1 EAGAIN (Try again)
10579 1784445683.349944 sendmsg(150, {msg_name=NULL, msg_namelen=0, msg_iov=[{iov_base="l\1\1\1\374\0\0\0f\0\0\0\235\0\0\0\1\1o\0;\0\0\0/re/frid"..., iov_len=428}], msg_iovlen=1, msg_controllen=0, msg_flags=0}, MSG_NOSIGNAL) = 428
10579 1784445683.621819 sendmsg(150, {msg_name=NULL, msg_namelen=0, msg_iov=[{iov_base="l\1\1\1\374\0\0\0g\0\0\0\235\0\0\0\1\1o\0;\0\0\0/re/frid"..., iov_len=428}], msg_iovlen=1, msg_controllen=0, msg_flags=0}, MSG_NOSIGNAL) = 428
10494 1784445683.685720 clone(child_stack=0x7008766d40, flags=CLONE_VM|CLONE_FS|CLONE_FILES|CLONE_SIGHAND|CLONE_THREAD|CLONE_SYSVSEM|CLONE_SETTLS|CLONE_PARENT_SETTID|CLONE_CHILD_CLEARTID, parent_tidptr=0x7008766d60, tls=0x7008767020, child_tidptr=0x7008766d60) = 10642
10642 1784445683.687406 openat(AT_FDCWD, "/proc/10642/timerslack_ns", O_WRONLY|O_CREAT|O_TRUNC|O_NOFOLLOW|O_CLOEXEC, 0666) = 151
10579 1784445683.771438 sendmsg(150, {msg_name=NULL, msg_namelen=0, msg_iov=[{iov_base="l\1\1\1\374\0\0\0h\0\0\0\235\0\0\0\1\1o\0;\0\0\0/re/frid"..., iov_len=428}], msg_iovlen=1, msg_controllen=0, msg_flags=0}, MSG_NOSIGNAL) = 428
10579 1784445684.797986 sendmsg(150, {msg_name=NULL, msg_namelen=0, msg_iov=[{iov_base="l\1\1\1\374\0\0\0i\0\0\0\235\0\0\0\1\1o\0;\0\0\0/re/frid"..., iov_len=428}], msg_iovlen=1, msg_controllen=0, msg_flags=0}, MSG_NOSIGNAL) = 428
10579 1784445684.826379 sendmsg(150, {msg_name=NULL, msg_namelen=0, msg_iov=[{iov_base="l\1\1\1\374\0\0\0j\0\0\0\235\0\0\0\1\1o\0;\0\0\0/re/frid"..., iov_len=428}], msg_iovlen=1, msg_controllen=0, msg_flags=0}, MSG_NOSIGNAL) = 428
10476 1784445684.875544 recvfrom(39, 0x7fed457cb0, 3200, MSG_DONTWAIT, NULL, NULL) = -1 EAGAIN (Try again)
10476 1784445684.881663 recvfrom(39, "nysv\0\0\0\0\0\0\0\0\0\0\0\0@\304\261\364\30\5\0\0,\31\5\0\0\0\0\0", 3200, MSG_DONTWAIT, NULL, NULL) = 32
10476 1784445684.881692 recvfrom(39, 0x7fed458190, 3200, MSG_DONTWAIT, NULL, NULL) = -1 EAGAIN (Try again)
10579 1784445684.888509 sendmsg(150, {msg_name=NULL, msg_namelen=0, msg_iov=[{iov_base="l\1\1\1\374\0\0\0k\0\0\0\235\0\0\0\1\1o\0;\0\0\0/re/frid"..., iov_len=428}], msg_iovlen=1, msg_controllen=0, msg_flags=0}, MSG_NOSIGNAL) = 428
10507 1784445692.610588 exit(0)         = ?
10507 1784445692.611270 +++ exited with 0 +++
10502 1784445692.624429 exit(0)         = ?
10502 1784445692.624953 +++ exited with 0 +++
10576 1784445692.654392 faccessat(AT_FDCWD, "/proc/self/task/10507", F_OK) = -1 ENOENT (No such file or directory)
10576 1784445692.654745 faccessat(AT_FDCWD, "/proc/self/task/10502", F_OK) = -1 ENOENT (No such file or directory)
10476 1784445694.050103 recvfrom(123, "\2\0\0\0\0\0\0\0\223\26\0\0\0\0\0\0\300\303+\27\33\5\0\0\1\0\0\0\2\20\0\0"..., 2272, MSG_DONTWAIT, NULL, NULL) = 232
10476 1784445694.050238 sendto(123, "\3\0\0\0\0\0\0\0\223\26\0\0\1\0\0\0", 16, MSG_DONTWAIT|MSG_NOSIGNAL, NULL, 0) = 16
10476 1784445694.050276 recvfrom(123, 0x6fad480020, 2272, MSG_DONTWAIT, NULL, NULL) = -1 EAGAIN (Try again)
10476 1784445694.050486 recvfrom(123, "\2\0\0\0\0\0\0\0\225\26\0\0\0\0\0\0\300\303+\27\33\5\0\0\1\0\0\0\2\20\0\0"..., 2272, MSG_DONTWAIT, NULL, NULL) = 232
10476 1784445694.050641 recvfrom(39, 0x7fed454890, 3200, MSG_DONTWAIT, NULL, NULL) = -1 EAGAIN (Try again)
10476 1784445694.051200 sendto(123, "\3\0\0\0\0\0\0\0\225\26\0\0\1\0\0\0", 16, MSG_DONTWAIT|MSG_NOSIGNAL, NULL, 0) = 16
10476 1784445694.051519 recvfrom(123, 0x6fad480020, 2272, MSG_DONTWAIT, NULL, NULL) = -1 EAGAIN (Try again)
10476 1784445694.064309 recvfrom(39, "nysv\0\0\0\0\0\0\0\0\0\0\0\0\"\235\20\30\33\5\0\0L\33\5\0\0\0\0\0", 3200, MSG_DONTWAIT, NULL, NULL) = 32
10476 1784445694.064324 recvfrom(39, 0x7fed458190, 3200, MSG_DONTWAIT, NULL, NULL) = -1 EAGAIN (Try again)
10476 1784445694.064349 recvfrom(123, 0x6fad480020, 2272, MSG_DONTWAIT, NULL, NULL) = -1 EAGAIN (Try again)
10476 1784445694.064384 recvfrom(39, 0x7fed4580f0, 3200, MSG_DONTWAIT, NULL, NULL) = -1 EAGAIN (Try again)
10476 1784445694.071885 newfstatat(AT_FDCWD, "/system/framework/framework-res.apk", {st_mode=S_IFREG|0644, st_size=45992421, ...}, 0) = 0
10476 1784445694.072000 newfstatat(AT_FDCWD, "/product/overlay/GoogleConfigOverlay.apk", {st_mode=S_IFREG|0644, st_size=25070, ...}, 0) = 0
10476 1784445694.072012 newfstatat(AT_FDCWD, "/product/overlay/GoogleWebViewOverlay.apk", {st_mode=S_IFREG|0644, st_size=16815, ...}, 0) = 0
10476 1784445694.072021 newfstatat(AT_FDCWD, "/product/overlay/PixelConfigOverlayCommon.apk", {st_mode=S_IFREG|0644, st_size=52833, ...}, 0) = 0
10476 1784445694.072029 newfstatat(AT_FDCWD, "/product/overlay/EmulatorConfigOverlay.apk", {st_mode=S_IFREG|0644, st_size=16734, ...}, 0) = 0
10476 1784445694.072037 newfstatat(AT_FDCWD, "/data/app/cl.coders.faketraveler-5IUQAJd2GE2TvRmio2T7Dg==/base.apk", {st_mode=S_IFREG|0644, st_size=5539288, ...}, 0) = 0
10476 1784445694.072046 newfstatat(AT_FDCWD, "/system/product/app/WebViewGoogle64/WebViewGoogle64.apk", {st_mode=S_IFREG|0644, st_size=63049250, ...}, 0) = 0
10476 1784445694.072068 newfstatat(AT_FDCWD, "/system/product/app/TrichromeLibrary64/TrichromeLibrary64.apk", {st_mode=S_IFREG|0644, st_size=94562500, ...}, 0) = 0
10476 1784445694.072310 clone(child_stack=0x7008882d40, flags=CLONE_VM|CLONE_FS|CLONE_FILES|CLONE_SIGHAND|CLONE_THREAD|CLONE_SYSVSEM|CLONE_SETTLS|CLONE_PARENT_SETTID|CLONE_CHILD_CLEARTID, parent_tidptr=0x7008882d60, tls=0x7008883020, child_tidptr=0x7008882d60) = 10686
10476 1784445694.072493 newfstatat(AT_FDCWD, "/system/framework/framework-res.apk", {st_mode=S_IFREG|0644, st_size=45992421, ...}, 0) = 0
10476 1784445694.072508 newfstatat(AT_FDCWD, "/product/overlay/GoogleConfigOverlay.apk", {st_mode=S_IFREG|0644, st_size=25070, ...}, 0) = 0
10476 1784445694.072564 newfstatat(AT_FDCWD, "/product/overlay/GoogleWebViewOverlay.apk", {st_mode=S_IFREG|0644, st_size=16815, ...}, 0) = 0
10476 1784445694.072635 newfstatat(AT_FDCWD, "/product/overlay/PixelConfigOverlayCommon.apk", {st_mode=S_IFREG|0644, st_size=52833, ...}, 0) = 0
10476 1784445694.072644 newfstatat(AT_FDCWD, "/product/overlay/EmulatorConfigOverlay.apk", {st_mode=S_IFREG|0644, st_size=16734, ...}, 0) = 0
10476 1784445694.072718 newfstatat(AT_FDCWD, "/data/app/cl.coders.faketraveler-5IUQAJd2GE2TvRmio2T7Dg==/base.apk", {st_mode=S_IFREG|0644, st_size=5539288, ...}, 0) = 0
10476 1784445694.072727 newfstatat(AT_FDCWD, "/system/product/app/WebViewGoogle64/WebViewGoogle64.apk", {st_mode=S_IFREG|0644, st_size=63049250, ...}, 0) = 0
10476 1784445694.072735 newfstatat(AT_FDCWD, "/system/product/app/TrichromeLibrary64/TrichromeLibrary64.apk", {st_mode=S_IFREG|0644, st_size=94562500, ...}, 0) = 0
10476 1784445694.074128 --- SIGSEGV {si_signo=SIGSEGV, si_code=SEGV_MAPERR, si_addr=NULL} ---
10476 1784445694.076457 newfstatat(AT_FDCWD, "/system/framework/framework-res.apk", {st_mode=S_IFREG|0644, st_size=45992421, ...}, 0) = 0
10476 1784445694.076475 newfstatat(AT_FDCWD, "/product/overlay/GoogleConfigOverlay.apk", {st_mode=S_IFREG|0644, st_size=25070, ...}, 0) = 0
10476 1784445694.076489 newfstatat(AT_FDCWD, "/product/overlay/GoogleWebViewOverlay.apk", {st_mode=S_IFREG|0644, st_size=16815, ...}, 0) = 0
10476 1784445694.076588 newfstatat(AT_FDCWD, "/product/overlay/PixelConfigOverlayCommon.apk", {st_mode=S_IFREG|0644, st_size=52833, ...}, 0) = 0
10476 1784445694.076598 newfstatat(AT_FDCWD, "/product/overlay/EmulatorConfigOverlay.apk", {st_mode=S_IFREG|0644, st_size=16734, ...}, 0) = 0
10476 1784445694.076606 newfstatat(AT_FDCWD, "/data/app/cl.coders.faketraveler-5IUQAJd2GE2TvRmio2T7Dg==/base.apk", {st_mode=S_IFREG|0644, st_size=5539288, ...}, 0) = 0
10476 1784445694.076614 newfstatat(AT_FDCWD, "/system/product/app/WebViewGoogle64/WebViewGoogle64.apk", {st_mode=S_IFREG|0644, st_size=63049250, ...}, 0) = 0
10476 1784445694.076622 newfstatat(AT_FDCWD, "/system/product/app/TrichromeLibrary64/TrichromeLibrary64.apk",  <unfinished ...>
10686 1784445694.076648 exit(0 <unfinished ...>
10476 1784445694.076668 <... newfstatat resumed> {st_mode=S_IFREG|0644, st_size=94562500, ...}, 0) = 0
10686 1784445694.076821 <... exit resumed>) = ?
10686 1784445694.076940 +++ exited with 0 +++
10579 1784445694.081480 sendmsg(150, {msg_name=NULL, msg_namelen=0, msg_iov=[{iov_base="l\1\1\1\24\1\0\0l\0\0\0\235\0\0\0\1\1o\0;\0\0\0/re/frid"..., iov_len=452}], msg_iovlen=1, msg_controllen=0, msg_flags=0}, MSG_NOSIGNAL) = 452
10579 1784445694.093239 sendmsg(150, {msg_name=NULL, msg_namelen=0, msg_iov=[{iov_base="l\1\1\1\340\0\0\0m\0\0\0\235\0\0\0\1\1o\0;\0\0\0/re/frid"..., iov_len=400}], msg_iovlen=1, msg_controllen=0, msg_flags=0}, MSG_NOSIGNAL) = 400
10579 1784445694.093863 sendmsg(150, {msg_name=NULL, msg_namelen=0, msg_iov=[{iov_base="l\1\1\1\344\0\0\0n\0\0\0\235\0\0\0\1\1o\0;\0\0\0/re/frid"..., iov_len=404}], msg_iovlen=1, msg_controllen=0, msg_flags=0}, MSG_NOSIGNAL) = 404
10579 1784445694.094370 sendmsg(150, {msg_name=NULL, msg_namelen=0, msg_iov=[{iov_base="l\1\1\1\344\0\0\0o\0\0\0\235\0\0\0\1\1o\0;\0\0\0/re/frid"..., iov_len=404}], msg_iovlen=1, msg_controllen=0, msg_flags=0}, MSG_NOSIGNAL) = 404
10497 1784445694.118015 recvfrom(43, 0x700c617eb0, 3200, MSG_DONTWAIT, NULL, NULL) = -1 EAGAIN (Try again)
10497 1784445694.119266 clone(child_stack=0x7008882d40, flags=CLONE_VM|CLONE_FS|CLONE_FILES|CLONE_SIGHAND|CLONE_THREAD|CLONE_SYSVSEM|CLONE_SETTLS|CLONE_PARENT_SETTID|CLONE_CHILD_CLEARTID, parent_tidptr=0x7008882d60, tls=0x7008883020, child_tidptr=0x7008882d60) = 10687
10687 1784445694.122469 exit(0)         = ?
10687 1784445694.122625 +++ exited with 0 +++
10476 1784445694.122643 recvfrom(39, "nysv\0\0\0\0\0\0\0\0\0\0\0\0\226:\17\31\33\5\0\0M\33\5\0\0\0\0\0", 3200, MSG_DONTWAIT, NULL, NULL) = 32
10476 1784445694.122663 recvfrom(39, 0x7fed458190, 3200, MSG_DONTWAIT, NULL, NULL) = -1 EAGAIN (Try again)
10497 1784445694.123439 recvfrom(43, 0x700c617eb0, 3200, MSG_DONTWAIT, NULL, NULL) = -1 EAGAIN (Try again)
10476 1784445694.123795 recvfrom(152, 0x6fafa14420, 2272, MSG_DONTWAIT, NULL, NULL) = -1 EAGAIN (Try again)
10476 1784445694.123803 recvfrom(123, 0x6fad480020, 2272, MSG_DONTWAIT, NULL, NULL) = -1 EAGAIN (Try again)
10476 1784445694.123816 recvfrom(39, 0x7fed4580f0, 3200, MSG_DONTWAIT, NULL, NULL) = -1 EAGAIN (Try again)
10476 1784445694.125234 clone(child_stack=0x7008882d40, flags=CLONE_VM|CLONE_FS|CLONE_FILES|CLONE_SIGHAND|CLONE_THREAD|CLONE_SYSVSEM|CLONE_SETTLS|CLONE_PARENT_SETTID|CLONE_CHILD_CLEARTID, parent_tidptr=0x7008882d60, tls=0x7008883020, child_tidptr=0x7008882d60) = 10688
10497 1784445694.131528 recvfrom(43,  <unfinished ...>
10579 1784445694.131676 sendmsg(150, {msg_name=NULL, msg_namelen=0, msg_iov=[{iov_base="l\1\1\1\0\1\0\0p\0\0\0\235\0\0\0\1\1o\0;\0\0\0/re/frid"..., iov_len=432}], msg_iovlen=1, msg_controllen=0, msg_flags=0}, MSG_NOSIGNAL <unfinished ...>
10497 1784445694.131694 <... recvfrom resumed> "nysv\0\0\0\0\0\0\0\0\0\0\0\0\24\250\n\34\33\5\0\0P\33\5\0\0\0\0\0", 3200, MSG_DONTWAIT, NULL, NULL) = 32
10497 1784445694.131934 recvfrom(43,  <unfinished ...>
10579 1784445694.132527 <... sendmsg resumed> ) = 432
10497 1784445694.132887 <... recvfrom resumed> 0x700c617c80, 3200, MSG_DONTWAIT, NULL, NULL) = -1 EAGAIN (Try again)
10579 1784445694.133691 sendmsg(150, {msg_name=NULL, msg_namelen=0, msg_iov=[{iov_base="l\1\1\1\0\1\0\0q\0\0\0\235\0\0\0\1\1o\0;\0\0\0/re/frid"..., iov_len=432}], msg_iovlen=1, msg_controllen=0, msg_flags=0}, MSG_NOSIGNAL) = 432
10688 1784445694.136277 clone(child_stack=0x7007f69d40, flags=CLONE_VM|CLONE_FS|CLONE_FILES|CLONE_SIGHAND|CLONE_THREAD|CLONE_SYSVSEM|CLONE_SETTLS|CLONE_PARENT_SETTID|CLONE_CHILD_CLEARTID, parent_tidptr=0x7007f69d60, tls=0x7007f6a020, child_tidptr=0x7007f69d60) = 10689
10579 1784445694.143455 sendmsg(150, {msg_name=NULL, msg_namelen=0, msg_iov=[{iov_base="l\1\1\1\0\1\0\0r\0\0\0\235\0\0\0\1\1o\0;\0\0\0/re/frid"..., iov_len=432}], msg_iovlen=1, msg_controllen=0, msg_flags=0}, MSG_NOSIGNAL) = 432
10579 1784445694.144033 sendmsg(150, {msg_name=NULL, msg_namelen=0, msg_iov=[{iov_base="l\1\1\1\0\1\0\0s\0\0\0\235\0\0\0\1\1o\0;\0\0\0/re/frid"..., iov_len=432}], msg_iovlen=1, msg_controllen=0, msg_flags=0}, MSG_NOSIGNAL) = 432
10497 1784445694.179273 recvfrom(43, "nysv\0\0\0\0\0\0\0\0\0\0\0\0^.\t\35\33\5\0\0Q\33\5\0\0\0\0\0", 3200, MSG_DONTWAIT, NULL, NULL) = 32
10497 1784445694.179460 recvfrom(43, 0x700c617eb0, 3200, MSG_DONTWAIT, NULL, NULL) = -1 EAGAIN (Try again)
10497 1784445694.221015 recvfrom(43, "nysv\0\0\0\0\0\0\0\0\0\0\0\0;\23\6\37\33\5\0\0S\33\5\0\0\0\0\0", 3200, MSG_DONTWAIT, NULL, NULL) = 32
10497 1784445694.221197 recvfrom(43, 0x700c617eb0, 3200, MSG_DONTWAIT, NULL, NULL) = -1 EAGAIN (Try again)
10497 1784445694.309701 recvfrom(43, "nysv\0\0\0\0\0\0\0\0\0\0\0\0\2\264\1\"\33\5\0\0V\33\5\0\0\0\0\0", 3200, MSG_DONTWAIT, NULL, NULL) = 32
10497 1784445694.309873 recvfrom(43, 0x700c617eb0, 3200, MSG_DONTWAIT, NULL, NULL) = -1 EAGAIN (Try again)
10497 1784445694.314601 recvfrom(43, "nysv\0\0\0\0\0\0\0\0\0\0\0\0j\201\371&\33\5\0\0[\33\5\0\0\0\0\0", 3200, MSG_DONTWAIT, NULL, NULL) = 32
10497 1784445694.314737 recvfrom(43, 0x700c617c80, 3200, MSG_DONTWAIT, NULL, NULL) = -1 EAGAIN (Try again)
10476 1784445694.318207 recvfrom(39, "nysv\0\0\0\0\0\0\0\0\0\0\0\0\24\250\n\34\33\5\0\0P\33\5\0\0\0\0\0", 3200, MSG_DONTWAIT, NULL, NULL) = 32
10476 1784445694.318226 recvfrom(39, 0x7fed458190, 3200, MSG_DONTWAIT, NULL, NULL) = -1 EAGAIN (Try again)
10497 1784445694.357616 recvfrom(43, 0x700c617eb0, 3200, MSG_DONTWAIT, NULL, NULL) = -1 EAGAIN (Try again)
10476 1784445694.358187 recvfrom(152, 0x6fafa14420, 2272, MSG_DONTWAIT, NULL, NULL) = -1 EAGAIN (Try again)
10476 1784445694.358255 recvfrom(39, 0x7fed4580f0, 3200, MSG_DONTWAIT, NULL, NULL) = -1 EAGAIN (Try again)
10579 1784445694.360167 sendmsg(150, {msg_name=NULL, msg_namelen=0, msg_iov=[{iov_base="l\1\1\1\0\1\0\0t\0\0\0\235\0\0\0\1\1o\0;\0\0\0/re/frid"..., iov_len=432}], msg_iovlen=1, msg_controllen=0, msg_flags=0}, MSG_NOSIGNAL) = 432
10579 1784445694.362355 sendmsg(150, {msg_name=NULL, msg_namelen=0, msg_iov=[{iov_base="l\1\1\1\0\1\0\0u\0\0\0\235\0\0\0\1\1o\0;\0\0\0/re/frid"..., iov_len=432}], msg_iovlen=1, msg_controllen=0, msg_flags=0}, MSG_NOSIGNAL) = 432
10476 1784445694.366763 recvfrom(39, "nysv\0\0\0\0\0\0\0\0\0\0\0\0004\340\364)\33\5\0\0^\33\5\0\0\0\0\0", 3200, MSG_DONTWAIT, NULL, NULL) = 32
10476 1784445694.366815 recvfrom(39, 0x7fed458190, 3200, MSG_DONTWAIT, NULL, NULL) = -1 EAGAIN (Try again)
10476 1784445694.368289 recvfrom(152, 0x6fafa14420, 2272, MSG_DONTWAIT, NULL, NULL) = -1 EAGAIN (Try again)
10476 1784445694.368327 recvfrom(39, 0x7fed4580f0, 3200, MSG_DONTWAIT, NULL, NULL) = -1 EAGAIN (Try again)
10497 1784445694.377893 recvfrom(43, "nysv\0\0\0\0\0\0\0\0\0\0\0\0004\340\364)\33\5\0\0^\33\5\0\0\0\0\0", 3200, MSG_DONTWAIT, NULL, NULL) = 32
10497 1784445694.378062 recvfrom(43, 0x700c617c80, 3200, MSG_DONTWAIT, NULL, NULL) = -1 EAGAIN (Try again)
10476 1784445694.380678 recvfrom(39, "nysv\0\0\0\0\0\0\0\0\0\0\0\0)t\363*\33\5\0\0_\33\5\0\0\0\0\0", 3200, MSG_DONTWAIT, NULL, NULL) = 32
10476 1784445694.380692 recvfrom(39, 0x7fed458190, 3200, MSG_DONTWAIT, NULL, NULL) = -1 EAGAIN (Try again)
10476 1784445694.380726 recvfrom(39, 0x7fed4580f0, 3200, MSG_DONTWAIT, NULL, NULL) = -1 EAGAIN (Try again)
10579 1784445694.381026 sendmsg(150, {msg_name=NULL, msg_namelen=0, msg_iov=[{iov_base="l\1\1\1\374\0\0\0v\0\0\0\235\0\0\0\1\1o\0;\0\0\0/re/frid"..., iov_len=428}], msg_iovlen=1, msg_controllen=0, msg_flags=0}, MSG_NOSIGNAL) = 428
10579 1784445694.385258 sendmsg(150, {msg_name=NULL, msg_namelen=0, msg_iov=[{iov_base="l\1\1\1\374\0\0\0w\0\0\0\235\0\0\0\1\1o\0;\0\0\0/re/frid"..., iov_len=428}], msg_iovlen=1, msg_controllen=0, msg_flags=0}, MSG_NOSIGNAL) = 428
10476 1784445694.398171 recvfrom(39, "nysv\0\0\0\0\0\0\0\0\0\0\0\0S\304\361+\33\5\0\0`\33\5\0\0\0\0\0", 3200, MSG_DONTWAIT, NULL, NULL) = 32
10476 1784445694.398194 recvfrom(39, 0x7fed458190, 3200, MSG_DONTWAIT, NULL, NULL) = -1 EAGAIN (Try again)
10476 1784445694.398234 recvfrom(39, 0x7fed4580f0, 3200, MSG_DONTWAIT, NULL, NULL) = -1 EAGAIN (Try again)
10579 1784445694.403069 sendmsg(150, {msg_name=NULL, msg_namelen=0, msg_iov=[{iov_base="l\1\1\1\374\0\0\0x\0\0\0\235\0\0\0\1\1o\0;\0\0\0/re/frid"..., iov_len=428}], msg_iovlen=1, msg_controllen=0, msg_flags=0}, MSG_NOSIGNAL) = 428
10476 1784445694.414204 recvfrom(39, "nysv\0\0\0\0\0\0\0\0\0\0\0\0}\24\360,\33\5\0\0a\33\5\0\0\0\0\0", 3200, MSG_DONTWAIT, NULL, NULL) = 32
10476 1784445694.414368 recvfrom(39, 0x7fed458190, 3200, MSG_DONTWAIT, NULL, NULL) = -1 EAGAIN (Try again)
10476 1784445694.414505 recvfrom(39, 0x7fed4580f0, 3200, MSG_DONTWAIT, NULL, NULL) = -1 EAGAIN (Try again)
10579 1784445694.421954 sendmsg(150, {msg_name=NULL, msg_namelen=0, msg_iov=[{iov_base="l\1\1\1\374\0\0\0y\0\0\0\235\0\0\0\1\1o\0;\0\0\0/re/frid"..., iov_len=428}], msg_iovlen=1, msg_controllen=0, msg_flags=0}, MSG_NOSIGNAL) = 428
10476 1784445694.431027 recvfrom(39, "nysv\0\0\0\0\0\0\0\0\0\0\0\0\33\245\356-\33\5\0\0b\33\5\0\0\0\0\0", 3200, MSG_DONTWAIT, NULL, NULL) = 32
10476 1784445694.431041 recvfrom(39, 0x7fed458190, 3200, MSG_DONTWAIT, NULL, NULL) = -1 EAGAIN (Try again)
10476 1784445694.436041 recvfrom(39, 0x7fed457a00, 3200, MSG_DONTWAIT, NULL, NULL) = -1 EAGAIN (Try again)
10579 1784445694.439248 sendmsg(150, {msg_name=NULL, msg_namelen=0, msg_iov=[{iov_base="l\1\1\1\374\0\0\0z\0\0\0\235\0\0\0\1\1o\0;\0\0\0/re/frid"..., iov_len=428}], msg_iovlen=1, msg_controllen=0, msg_flags=0}, MSG_NOSIGNAL) = 428
10497 1784445694.445684 recvfrom(43, "nysv\0\0\0\0\0\0\0\0\0\0\0\0S\304\361+\33\5\0\0`\33\5\0\0\0\0\0", 3200, MSG_DONTWAIT, NULL, NULL) = 32
10497 1784445694.445849 recvfrom(43, 0x700c617eb0, 3200, MSG_DONTWAIT, NULL, NULL) = -1 EAGAIN (Try again)
10476 1784445694.447785 recvfrom(39, "nysv\0\0\0\0\0\0\0\0\0\0\0\0E\365\354.\33\5\0\0c\33\5\0\0\0\0\0", 3200, MSG_DONTWAIT, NULL, NULL) = 32
10476 1784445694.447797 recvfrom(39, 0x7fed458190, 3200, MSG_DONTWAIT, NULL, NULL) = -1 EAGAIN (Try again)
10579 1784445694.455576 sendmsg(150, {msg_name=NULL, msg_namelen=0, msg_iov=[{iov_base="l\1\1\1\374\0\0\0{\0\0\0\235\0\0\0\1\1o\0;\0\0\0/re/frid"..., iov_len=428}], msg_iovlen=1, msg_controllen=0, msg_flags=0}, MSG_NOSIGNAL) = 428
10476 1784445694.489783 recvfrom(39, 0x7fed456ea0, 3200, MSG_DONTWAIT, NULL, NULL) = -1 EAGAIN (Try again)
10497 1784445694.497625 recvfrom(43,  <unfinished ...>
10476 1784445694.497745 recvfrom(39, "nysv\0\0\0\0\0\0\0\0\0\0\0\0\307\344\3471\33\5\0\0f\33\5\0\0\0\0\0", 3200, MSG_DONTWAIT, NULL, NULL) = 32
10476 1784445694.497773 recvfrom(39, 0x7fed458190, 3200, MSG_DONTWAIT, NULL, NULL) = -1 EAGAIN (Try again)
10497 1784445694.498046 <... recvfrom resumed> "nysv\0\0\0\0\0\0\0\0\0\0\0\0E\365\354.\33\5\0\0c\33\5\0\0\0\0\0", 3200, MSG_DONTWAIT, NULL, NULL) = 32
10497 1784445694.498103 recvfrom(43, 0x700c617eb0, 3200, MSG_DONTWAIT, NULL, NULL) = -1 EAGAIN (Try again)
10476 1784445694.500899 recvfrom(39, 0x7fed457a00, 3200, MSG_DONTWAIT, NULL, NULL) = -1 EAGAIN (Try again)
10579 1784445694.504805 sendmsg(150, {msg_name=NULL, msg_namelen=0, msg_iov=[{iov_base="l\1\1\1\374\0\0\0|\0\0\0\235\0\0\0\1\1o\0;\0\0\0/re/frid"..., iov_len=428}], msg_iovlen=1, msg_controllen=0, msg_flags=0}, MSG_NOSIGNAL) = 428
10476 1784445694.514288 recvfrom(39, "nysv\0\0\0\0\0\0\0\0\0\0\0\0\3614\3462\33\5\0\0g\33\5\0\0\0\0\0", 3200, MSG_DONTWAIT, NULL, NULL) = 32
10476 1784445694.514313 recvfrom(39, 0x7fed458190, 3200, MSG_DONTWAIT, NULL, NULL) = -1 EAGAIN (Try again)
10579 1784445694.519477 sendmsg(150, {msg_name=NULL, msg_namelen=0, msg_iov=[{iov_base="l\1\1\1\374\0\0\0}\0\0\0\235\0\0\0\1\1o\0;\0\0\0/re/frid"..., iov_len=428}], msg_iovlen=1, msg_controllen=0, msg_flags=0}, MSG_NOSIGNAL) = 428
10476 1784445694.540673 recvfrom(39, 0x7fed456ea0, 3200, MSG_DONTWAIT, NULL, NULL) = -1 EAGAIN (Try again)
10476 1784445694.547439 recvfrom(39, "nysv\0\0\0\0\0\0\0\0\0\0\0\0\31\215\3434\33\5\0\0i\33\5\0\0\0\0\0", 3200, MSG_DONTWAIT, NULL, NULL) = 32
10476 1784445694.547463 recvfrom(39, 0x7fed458190, 3200, MSG_DONTWAIT, NULL, NULL) = -1 EAGAIN (Try again)
10476 1784445694.550391 recvfrom(39, 0x7fed457a00, 3200, MSG_DONTWAIT, NULL, NULL) = -1 EAGAIN (Try again)
10497 1784445694.554039 recvfrom(43, "nysv\0\0\0\0\0\0\0\0\0\0\0\0\3614\3462\33\5\0\0g\33\5\0\0\0\0\0", 3200, MSG_DONTWAIT, NULL, NULL) = 32
10497 1784445694.554566 recvfrom(43, 0x700c617eb0, 3200, MSG_DONTWAIT, NULL, NULL) = -1 EAGAIN (Try again)
10579 1784445694.555879 sendmsg(150, {msg_name=NULL, msg_namelen=0, msg_iov=[{iov_base="l\1\1\1\374\0\0\0~\0\0\0\235\0\0\0\1\1o\0;\0\0\0/re/frid"..., iov_len=428}], msg_iovlen=1, msg_controllen=0, msg_flags=0}, MSG_NOSIGNAL) = 428
10476 1784445694.564598 recvfrom(39, "nysv\0\0\0\0\0\0\0\0\0\0\0\0C\335\3415\33\5\0\0j\33\5\0\0\0\0\0", 3200, MSG_DONTWAIT, NULL, NULL) = 32
10476 1784445694.564612 recvfrom(39, 0x7fed458190, 3200, MSG_DONTWAIT, NULL, NULL) = -1 EAGAIN (Try again)
10579 1784445694.569300 sendmsg(150, {msg_name=NULL, msg_namelen=0, msg_iov=[{iov_base="l\1\1\1\374\0\0\0\177\0\0\0\235\0\0\0\1\1o\0;\0\0\0/re/frid"..., iov_len=428}], msg_iovlen=1, msg_controllen=0, msg_flags=0}, MSG_NOSIGNAL) = 428
10476 1784445694.594606 recvfrom(39, 0x7fed456ea0, 3200, MSG_DONTWAIT, NULL, NULL) = -1 EAGAIN (Try again)
10476 1784445694.597818 recvfrom(39, "nysv\0\0\0\0\0\0\0\0\0\0\0\0\275\241\3367\33\5\0\0l\33\5\0\0\0\0\0", 3200, MSG_DONTWAIT, NULL, NULL) = 32
10476 1784445694.597835 recvfrom(39, 0x7fed458190, 3200, MSG_DONTWAIT, NULL, NULL) = -1 EAGAIN (Try again)
10476 1784445694.599905 recvfrom(39, 0x7fed457a00, 3200, MSG_DONTWAIT, NULL, NULL) = -1 EAGAIN (Try again)
10579 1784445694.607925 sendmsg(150, {msg_name=NULL, msg_namelen=0, msg_iov=[{iov_base="l\1\1\1\374\0\0\0\200\0\0\0\235\0\0\0\1\1o\0;\0\0\0/re/frid"..., iov_len=428}], msg_iovlen=1, msg_controllen=0, msg_flags=0}, MSG_NOSIGNAL) = 428
10497 1784445694.610566 recvfrom(43, "nysv\0\0\0\0\0\0\0\0\0\0\0\0C\335\3415\33\5\0\0j\33\5\0\0\0\0\0", 3200, MSG_DONTWAIT, NULL, NULL) = 32
10497 1784445694.610717 recvfrom(43, 0x700c617eb0, 3200, MSG_DONTWAIT, NULL, NULL) = -1 EAGAIN (Try again)
10476 1784445694.614311 recvfrom(39, "nysv\0\0\0\0\0\0\0\0\0\0\0\0\347\361\3348\33\5\0\0m\33\5\0\0\0\0\0", 3200, MSG_DONTWAIT, NULL, NULL) = 32
10476 1784445694.614324 recvfrom(39, 0x7fed458190, 3200, MSG_DONTWAIT, NULL, NULL) = -1 EAGAIN (Try again)
10579 1784445694.621409 sendmsg(150, {msg_name=NULL, msg_namelen=0, msg_iov=[{iov_base="l\1\1\1\374\0\0\0\201\0\0\0\235\0\0\0\1\1o\0;\0\0\0/re/frid"..., iov_len=428}], msg_iovlen=1, msg_controllen=0, msg_flags=0}, MSG_NOSIGNAL) = 428
10476 1784445694.648006 recvfrom(39, 0x7fed456ea0, 3200, MSG_DONTWAIT, NULL, NULL) = -1 EAGAIN (Try again)
10497 1784445694.662574 recvfrom(43, "nysv\0\0\0\0\0\0\0\0\0\0\0\0\347\361\3348\33\5\0\0m\33\5\0\0\0\0\0", 3200, MSG_DONTWAIT, NULL, NULL) = 32
10497 1784445694.662749 recvfrom(43, 0x700c617eb0, 3200, MSG_DONTWAIT, NULL, NULL) = -1 EAGAIN (Try again)
10476 1784445694.664926 recvfrom(39, "nysv\0\0\0\0\0\0\0\0\0\0\0\0u\35\330;\33\5\0\0p\33\5\0\0\0\0\0", 3200, MSG_DONTWAIT, NULL, NULL) = 32
10476 1784445694.664995 recvfrom(39, 0x7fed458190, 3200, MSG_DONTWAIT, NULL, NULL) = -1 EAGAIN (Try again)
10476 1784445694.668970 recvfrom(39, 0x7fed457a00, 3200, MSG_DONTWAIT, NULL, NULL) = -1 EAGAIN (Try again)
10579 1784445694.672603 sendmsg(150, {msg_name=NULL, msg_namelen=0, msg_iov=[{iov_base="l\1\1\1\374\0\0\0\202\0\0\0\235\0\0\0\1\1o\0;\0\0\0/re/frid"..., iov_len=428}], msg_iovlen=1, msg_controllen=0, msg_flags=0}, MSG_NOSIGNAL) = 428
10476 1784445694.681305 recvfrom(39, "nysv\0\0\0\0\0\0\0\0\0\0\0\0\237m\326<\33\5\0\0q\33\5\0\0\0\0\0", 3200, MSG_DONTWAIT, NULL, NULL) = 32
10476 1784445694.681318 recvfrom(39, 0x7fed458190, 3200, MSG_DONTWAIT, NULL, NULL) = -1 EAGAIN (Try again)
10579 1784445694.686720 sendmsg(150, {msg_name=NULL, msg_namelen=0, msg_iov=[{iov_base="l\1\1\1\374\0\0\0\203\0\0\0\235\0\0\0\1\1o\0;\0\0\0/re/frid"..., iov_len=428}], msg_iovlen=1, msg_controllen=0, msg_flags=0}, MSG_NOSIGNAL) = 428
10476 1784445694.698947 recvfrom(39, 0x7fed456fe0, 3200, MSG_DONTWAIT, NULL, NULL) = -1 EAGAIN (Try again)
10497 1784445694.709340 recvfrom(43, "nysv\0\0\0\0\0\0\0\0\0\0\0\0u\35\330;\33\5\0\0p\33\5\0\0\0\0\0", 3200, MSG_DONTWAIT, NULL, NULL) = 32
10497 1784445694.709516 recvfrom(43, 0x700c617c80, 3200, MSG_DONTWAIT, NULL, NULL) = -1 EAGAIN (Try again)
10476 1784445694.715518 recvfrom(39, "nysv\0\0\0\0\0\0\0\0\0\0\0\0\23A\323>\33\5\0\0s\33\5\0\0\0\0\0", 3200, MSG_DONTWAIT, NULL, NULL) = 32
10476 1784445694.715534 recvfrom(39, 0x7fed458190, 3200, MSG_DONTWAIT, NULL, NULL) = -1 EAGAIN (Try again)
10476 1784445694.720262 recvfrom(39, 0x7fed458090, 3200, MSG_DONTWAIT, NULL, NULL) = -1 EAGAIN (Try again)
10476 1784445694.732379 recvfrom(39, "nysv\0\0\0\0\0\0\0\0\0\0\0\0Do\321?\33\5\0\0t\33\5\0\0\0\0\0", 3200, MSG_DONTWAIT, NULL, NULL) = 32
10476 1784445694.732391 recvfrom(39, 0x7fed458190, 3200, MSG_DONTWAIT, NULL, NULL) = -1 EAGAIN (Try again)
10476 1784445694.732782 recvfrom(123, 0x6fad480020, 2272, MSG_DONTWAIT, NULL, NULL) = -1 EAGAIN (Try again)
10537 1784445694.733228 openat(AT_FDCWD, "/proc/10476/stat", O_RDONLY|O_CLOEXEC) = 141
10537 1784445694.737729 openat(AT_FDCWD, "/proc/10476/task", O_RDONLY|O_DIRECTORY) = 141
10537 1784445694.738207 openat(AT_FDCWD, "/proc/10476/task/10476/stat", O_RDONLY|O_CLOEXEC) = 151
10537 1784445694.740131 openat(AT_FDCWD, "/proc/10476/task/10482/stat", O_RDONLY|O_CLOEXEC) = 151
10537 1784445694.741695 openat(AT_FDCWD, "/proc/10476/task/10487/stat", O_RDONLY|O_CLOEXEC) = 133
10537 1784445694.743240 openat(AT_FDCWD, "/proc/10476/task/10488/stat", O_RDONLY|O_CLOEXEC) = 133
10537 1784445694.744668 openat(AT_FDCWD, "/proc/10476/task/10489/stat", O_RDONLY|O_CLOEXEC) = 133
10533 1784445694.745805 sendto(109, "`\0\0\0\0\0\0\0\5\0\0\0\0\0\0\0\0\0\0\0\0\0\0\0\270\270\236\203\203\2\250F"..., 96, MSG_NOSIGNAL, NULL, 0) = 96
10533 1784445694.746327 sendto(109, "h\0\0\0\0\0\0\0\5\0\0\0\0\0\0\0\0\0\0\0\0\0\0\0\270\270\236\203\203\2\250F"..., 104, MSG_NOSIGNAL, NULL, 0 <unfinished ...>
10537 1784445694.746575 openat(AT_FDCWD, "/proc/10476/task/10490/stat", O_RDONLY|O_CLOEXEC <unfinished ...>
10533 1784445694.746587 <... sendto resumed> ) = 104
10537 1784445694.746688 <... openat resumed> ) = 133
10533 1784445694.746827 recvmsg(109, {msg_name=NULL, msg_namelen=0, msg_iov=[{iov_base="h\0\0\0\0\0\0\0\5\0\0\0\0\0\0\0\0\0\0\0\0\0\0\0g\210\312\4\270\27Kv"..., iov_len=4096}], msg_iovlen=1, msg_controllen=0, msg_flags=0}, MSG_DONTWAIT) = 208
10533 1784445694.747257 recvmsg(108, {msg_name=NULL, msg_namelen=0, msg_iov=[{iov_base="\24\0\0\0\0\0\0\0\1\0\0\0\0\0\0\0\0\0\1\0", iov_len=4096}], msg_iovlen=1, msg_controllen=0, msg_flags=0}, MSG_DONTWAIT) = 20
10537 1784445694.748727 openat(AT_FDCWD, "/proc/10476/task/10491/stat", O_RDONLY|O_CLOEXEC) = 145
10476 1784445694.749063 recvfrom(39, 0x7fed457f10, 3200, MSG_DONTWAIT, NULL, NULL) = -1 EAGAIN (Try again)
10476 1784445694.749154 sendto(109, "h\0\0\0\0\0\0\0\5\0\0\0\0\0\0\0\0\0\0\0\0\0\0\0\276h\3723\226\\=\252"..., 104, MSG_NOSIGNAL, NULL, 0) = 104
10537 1784445694.752321 openat(AT_FDCWD, "/proc/10476/task/10492/stat", O_RDONLY|O_CLOEXEC) = 133
10533 1784445694.752519 sendmsg(108, {msg_name=NULL, msg_namelen=0, msg_iov=[{iov_base=" \0\0\0\1\0\0\0\2\0\0\0\0\0\0\0\221\"<4\220\3057\355\266\16\213\257\n\215M\34", iov_len=32}], msg_iovlen=1, msg_control=[{cmsg_len=20, cmsg_level=SOL_SOCKET, cmsg_type=SCM_RIGHTS, cmsg_data=[134]}], msg_controllen=20, msg_flags=0}, MSG_NOSIGNAL) = 32
10533 1784445694.753075 recvmsg(109, {msg_name=NULL, msg_namelen=0, msg_iov=[{iov_base="\370\0\0\0\1\0\0\0\5\0\0\0\0\0\0\0\0\0\0\0\0\0\0\0\345\372\363e\370pt\314"..., iov_len=4096}], msg_iovlen=1, msg_control=[{cmsg_len=20, cmsg_level=SOL_SOCKET, cmsg_type=SCM_RIGHTS, cmsg_data=[134]}], msg_controllen=24, msg_flags=0}, MSG_DONTWAIT) = 248
10537 1784445694.753589 openat(AT_FDCWD, "/proc/10476/task/10493/stat", O_RDONLY|O_CLOEXEC <unfinished ...>
10533 1784445694.753594 recvmsg(109,  <unfinished ...>
10537 1784445694.753658 <... openat resumed> ) = 133
10533 1784445694.753661 <... recvmsg resumed> {msg_name=NULL, msg_namelen=0, msg_iov=[{iov_base="\240\0\0\0\0\0\0\0\5\0\0\0\0\0\0\0\0\0\0\0\0\0\0\0\345\372\363e\370pt\314"..., iov_len=4096}], msg_iovlen=1, msg_controllen=0, msg_flags=0}, MSG_DONTWAIT) = 1256
10537 1784445694.754862 openat(AT_FDCWD, "/proc/10476/task/10494/stat", O_RDONLY|O_CLOEXEC) = 133
10533 1784445694.755296 sendto(109, "\220\0\0\0\0\0\0\0\5\0\0\0\0\0\0\0\0\0\0\0\0\0\0\0\270\270\236\203\203\2\250F"..., 144, MSG_NOSIGNAL, NULL, 0) = 144
10533 1784445694.755715 recvmsg(109, {msg_name=NULL, msg_namelen=0, msg_iov=[{iov_base="h\0\0\0\0\0\0\0\5\0\0\0\0\0\0\0\0\0\0\0\0\0\0\0KK\323\210^\22\1]"..., iov_len=4096}], msg_iovlen=1, msg_controllen=0, msg_flags=0}, MSG_DONTWAIT) = 104
10537 1784445694.756174 openat(AT_FDCWD, "/proc/10476/task/10495/stat", O_RDONLY|O_CLOEXEC) = 133
10537 1784445694.757260 openat(AT_FDCWD, "/proc/10476/task/10496/stat", O_RDONLY|O_CLOEXEC) = 133
10537 1784445694.758420 openat(AT_FDCWD, "/proc/10476/task/10497/stat", O_RDONLY|O_CLOEXEC) = 133
10537 1784445694.759522 openat(AT_FDCWD, "/proc/10476/task/10500/stat", O_RDONLY|O_CLOEXEC) = 133
10537 1784445694.760667 openat(AT_FDCWD, "/proc/10476/task/10506/stat", O_RDONLY|O_CLOEXEC) = 133
10537 1784445694.761898 openat(AT_FDCWD, "/proc/10476/task/10508/stat", O_RDONLY|O_CLOEXEC) = 133
10537 1784445694.762895 openat(AT_FDCWD, "/proc/10476/task/10530/stat", O_RDONLY|O_CLOEXEC) = 133
10537 1784445694.763882 openat(AT_FDCWD, "/proc/10476/task/10531/stat", O_RDONLY|O_CLOEXEC) = 133
10537 1784445694.764853 openat(AT_FDCWD, "/proc/10476/task/10532/stat", O_RDONLY|O_CLOEXEC) = 133
10476 1784445694.765183 recvfrom(39, "nysv\0\0\0\0\0\0\0\0\0\0\0\0b\n\316A\33\5\0\0v\33\5\0\0\0\0\0", 3200, MSG_DONTWAIT, NULL, NULL) = 32
10476 1784445694.765199 recvfrom(39, 0x7fed458190, 3200, MSG_DONTWAIT, NULL, NULL) = -1 EAGAIN (Try again)
10476 1784445694.765219 recvfrom(123, 0x6fad480020, 2272, MSG_DONTWAIT, NULL, NULL) = -1 EAGAIN (Try again)
10537 1784445694.768415 openat(AT_FDCWD, "/proc/10476/task/10533/stat", O_RDONLY|O_CLOEXEC) = 133
10537 1784445694.770357 openat(AT_FDCWD, "/proc/10476/task/10534/stat", O_RDONLY|O_CLOEXEC) = 133
10537 1784445694.772302 openat(AT_FDCWD, "/proc/10476/task/10535/stat", O_RDONLY|O_CLOEXEC <unfinished ...>
10579 1784445694.772433 sendmsg(150, {msg_name=NULL, msg_namelen=0, msg_iov=[{iov_base="l\1\1\1\374\0\0\0\204\0\0\0\235\0\0\0\1\1o\0;\0\0\0/re/frid"..., iov_len=428}], msg_iovlen=1, msg_controllen=0, msg_flags=0}, MSG_NOSIGNAL <unfinished ...>
10537 1784445694.772453 <... openat resumed> ) = 133
10579 1784445694.772579 <... sendmsg resumed> ) = 428
10537 1784445694.774292 openat(AT_FDCWD, "/proc/10476/task/10536/stat", O_RDONLY|O_CLOEXEC) = 133
10537 1784445694.775293 openat(AT_FDCWD, "/proc/10476/task/10537/stat", O_RDONLY|O_CLOEXEC) = 133
10537 1784445694.776282 openat(AT_FDCWD, "/proc/10476/task/10538/stat", O_RDONLY|O_CLOEXEC) = 133
10537 1784445694.777274 openat(AT_FDCWD, "/proc/10476/task/10539/stat", O_RDONLY|O_CLOEXEC) = 133
10537 1784445694.778611 openat(AT_FDCWD, "/proc/10476/task/10540/stat", O_RDONLY|O_CLOEXEC) = 133
10537 1784445694.779600 openat(AT_FDCWD, "/proc/10476/task/10541/stat", O_RDONLY|O_CLOEXEC) = 133
10537 1784445694.780606 openat(AT_FDCWD, "/proc/10476/task/10542/stat", O_RDONLY|O_CLOEXEC) = 133
10537 1784445694.781726 openat(AT_FDCWD, "/proc/10476/task/10543/stat", O_RDONLY|O_CLOEXEC) = 133
10537 1784445694.783784 openat(AT_FDCWD, "/proc/10476/task/10544/stat", O_RDONLY|O_CLOEXEC) = 133
10537 1784445694.786171 openat(AT_FDCWD, "/proc/10476/task/10545/stat", O_RDONLY|O_CLOEXEC) = 133
10537 1784445694.787085 openat(AT_FDCWD, "/proc/10476/task/10547/stat", O_RDONLY|O_CLOEXEC) = 133
10537 1784445694.788078 openat(AT_FDCWD, "/proc/10476/task/10548/stat", O_RDONLY|O_CLOEXEC) = 133
10537 1784445694.789067 openat(AT_FDCWD, "/proc/10476/task/10551/stat", O_RDONLY|O_CLOEXEC) = 133
10537 1784445694.790094 openat(AT_FDCWD, "/proc/10476/task/10552/stat", O_RDONLY|O_CLOEXEC) = 133
10537 1784445694.791117 openat(AT_FDCWD, "/proc/10476/task/10553/stat", O_RDONLY|O_CLOEXEC) = 133
10537 1784445694.792102 openat(AT_FDCWD, "/proc/10476/task/10554/stat", O_RDONLY|O_CLOEXEC) = 133
10537 1784445694.793082 openat(AT_FDCWD, "/proc/10476/task/10576/stat", O_RDONLY|O_CLOEXEC) = 133
10537 1784445694.794100 openat(AT_FDCWD, "/proc/10476/task/10577/stat", O_RDONLY|O_CLOEXEC) = 133
10537 1784445694.795109 openat(AT_FDCWD, "/proc/10476/task/10579/stat", O_RDONLY|O_CLOEXEC) = 133
10537 1784445694.796091 openat(AT_FDCWD, "/proc/10476/task/10580/stat", O_RDONLY|O_CLOEXEC) = 133
10537 1784445694.797138 openat(AT_FDCWD, "/proc/10476/task/10638/stat", O_RDONLY|O_CLOEXEC) = 133
10537 1784445694.798666 openat(AT_FDCWD, "/proc/10476/task/10642/stat", O_RDONLY|O_CLOEXEC) = 133
10537 1784445694.800390 openat(AT_FDCWD, "/proc/10476/task/10688/stat", O_RDONLY|O_CLOEXEC) = 133
10537 1784445694.802590 openat(AT_FDCWD, "/proc/10476/task/10689/stat", O_RDONLY|O_CLOEXEC) = 133
10579 1784445695.004464 sendmsg(150, {msg_name=NULL, msg_namelen=0, msg_iov=[{iov_base="l\1\1\1\374\0\0\0\205\0\0\0\235\0\0\0\1\1o\0;\0\0\0/re/frid"..., iov_len=428}], msg_iovlen=1, msg_controllen=0, msg_flags=0}, MSG_NOSIGNAL) = 428
10476 1784445695.725205 recvfrom(39, 0x7fed457f20, 3200, MSG_DONTWAIT, NULL, NULL) = -1 EAGAIN (Try again)
10476 1784445695.733144 recvfrom(39, "nysv\0\0\0\0\0\0\0\0\0\0\0\0\212\332e{\33\5\0\0\260\33\5\0\0\0\0\0", 3200, MSG_DONTWAIT, NULL, NULL) = 32
10476 1784445695.733940 recvfrom(39, 0x7fed458190, 3200, MSG_DONTWAIT, NULL, NULL) = -1 EAGAIN (Try again)
10476 1784445695.735189 recvfrom(152, 0x6fafa14420, 2272, MSG_DONTWAIT, NULL, NULL) = -1 EAGAIN (Try again)
10476 1784445695.736742 recvfrom(39, 0x7fed457050, 3200, MSG_DONTWAIT, NULL, NULL) = -1 EAGAIN (Try again)
10476 1784445695.751265 recvfrom(39, "nysv\0\0\0\0\0\0\0\0\0\0\0\0\264*d|\33\5\0\0\261\33\5\0\0\0\0\0", 3200, MSG_DONTWAIT, NULL, NULL) = 32
10476 1784445695.751712 recvfrom(39, 0x7fed458190, 3200, MSG_DONTWAIT, NULL, NULL) = -1 EAGAIN (Try again)
10476 1784445695.753542 recvfrom(152, 0x6fafa14420, 2272, MSG_DONTWAIT, NULL, NULL) = -1 EAGAIN (Try again)
10476 1784445695.754827 recvfrom(39, 0x7fed457050, 3200, MSG_DONTWAIT, NULL, NULL) = -1 EAGAIN (Try again)
10476 1784445695.771653 recvfrom(39, "nysv\0\0\0\0\0\0\0\0\0\0\0\0r|b}\33\5\0\0\262\33\5\0\0\0\0\0", 3200, MSG_DONTWAIT, NULL, NULL) = 32
10476 1784445695.772209 recvfrom(39, 0x7fed458190, 3200, MSG_DONTWAIT, NULL, NULL) = -1 EAGAIN (Try again)
10476 1784445695.777022 recvfrom(152, 0x6fafa14420, 2272, MSG_DONTWAIT, NULL, NULL) = -1 EAGAIN (Try again)
10476 1784445695.777881 recvfrom(39, 0x7fed457050, 3200, MSG_DONTWAIT, NULL, NULL) = -1 EAGAIN (Try again)
10476 1784445695.791036 recvfrom(39, "nysv\0\0\0\0\0\0\0\0\0\0\0\0\10\313`~\33\5\0\0\263\33\5\0\0\0\0\0", 3200, MSG_DONTWAIT, NULL, NULL) = 32
10476 1784445695.791395 recvfrom(39, 0x7fed458190, 3200, MSG_DONTWAIT, NULL, NULL) = -1 EAGAIN (Try again)
10476 1784445695.794814 recvfrom(152, 0x6fafa14420, 2272, MSG_DONTWAIT, NULL, NULL) = -1 EAGAIN (Try again)
10476 1784445695.795647 recvfrom(39, 0x7fed457050, 3200, MSG_DONTWAIT, NULL, NULL) = -1 EAGAIN (Try again)
10476 1784445695.805756 recvfrom(39, "nysv\0\0\0\0\0\0\0\0\0\0\0\0Ke_\177\33\5\0\0\264\33\5\0\0\0\0\0", 3200, MSG_DONTWAIT, NULL, NULL) = 32
10476 1784445695.806202 recvfrom(39, 0x7fed458190, 3200, MSG_DONTWAIT, NULL, NULL) = -1 EAGAIN (Try again)
10476 1784445695.809090 recvfrom(152, 0x6fafa14420, 2272, MSG_DONTWAIT, NULL, NULL) = -1 EAGAIN (Try again)
10476 1784445695.809723 recvfrom(39, 0x7fed457050, 3200, MSG_DONTWAIT, NULL, NULL) = -1 EAGAIN (Try again)
10476 1784445695.819957 recvfrom(39, "nysv\0\0\0\0\0\0\0\0\0\0\0\0006\t^\200\33\5\0\0\265\33\5\0\0\0\0\0", 3200, MSG_DONTWAIT, NULL, NULL) = 32
10476 1784445695.820216 recvfrom(39, 0x7fed458190, 3200, MSG_DONTWAIT, NULL, NULL) = -1 EAGAIN (Try again)
10476 1784445695.822681 recvfrom(152, 0x6fafa14420, 2272, MSG_DONTWAIT, NULL, NULL) = -1 EAGAIN (Try again)
10476 1784445695.823123 recvfrom(39, 0x7fed457050, 3200, MSG_DONTWAIT, NULL, NULL) = -1 EAGAIN (Try again)
10476 1784445695.836491 recvfrom(39, "nysv\0\0\0\0\0\0\0\0\0\0\0\0lP\\\201\33\5\0\0\266\33\5\0\0\0\0\0", 3200, MSG_DONTWAIT, NULL, NULL) = 32
10476 1784445695.836723 recvfrom(39, 0x7fed458190, 3200, MSG_DONTWAIT, NULL, NULL) = -1 EAGAIN (Try again)
10476 1784445695.839222 recvfrom(152, 0x6fafa14420, 2272, MSG_DONTWAIT, NULL, NULL) = -1 EAGAIN (Try again)
10476 1784445695.839646 recvfrom(39, 0x7fed457050, 3200, MSG_DONTWAIT, NULL, NULL) = -1 EAGAIN (Try again)
10476 1784445695.854307 recvfrom(39, "nysv\0\0\0\0\0\0\0\0\0\0\0\0P\224Z\202\33\5\0\0\267\33\5\0\0\0\0\0", 3200, MSG_DONTWAIT, NULL, NULL) = 32
10476 1784445695.854544 recvfrom(39, 0x7fed458190, 3200, MSG_DONTWAIT, NULL, NULL) = -1 EAGAIN (Try again)
10476 1784445695.857428 recvfrom(152, 0x6fafa14420, 2272, MSG_DONTWAIT, NULL, NULL) = -1 EAGAIN (Try again)
10476 1784445695.857954 recvfrom(39, 0x7fed457050, 3200, MSG_DONTWAIT, NULL, NULL) = -1 EAGAIN (Try again)
10476 1784445695.868769 recvfrom(39, "nysv\0\0\0\0\0\0\0\0\0\0\0\0;\fY\203\33\5\0\0\270\33\5\0\0\0\0\0", 3200, MSG_DONTWAIT, NULL, NULL) = 32
10476 1784445695.868993 recvfrom(39, 0x7fed458190, 3200, MSG_DONTWAIT, NULL, NULL) = -1 EAGAIN (Try again)
10476 1784445695.871684 recvfrom(152, 0x6fafa14420, 2272, MSG_DONTWAIT, NULL, NULL) = -1 EAGAIN (Try again)
10476 1784445695.872204 recvfrom(39, 0x7fed457050, 3200, MSG_DONTWAIT, NULL, NULL) = -1 EAGAIN (Try again)
10476 1784445695.887876 recvfrom(39, "nysv\0\0\0\0\0\0\0\0\0\0\0\0_7W\204\33\5\0\0\271\33\5\0\0\0\0\0", 3200, MSG_DONTWAIT, NULL, NULL) = 32
10476 1784445695.888101 recvfrom(39, 0x7fed458190, 3200, MSG_DONTWAIT, NULL, NULL) = -1 EAGAIN (Try again)
10476 1784445695.890584 recvfrom(152, 0x6fafa14420, 2272, MSG_DONTWAIT, NULL, NULL) = -1 EAGAIN (Try again)
10476 1784445695.891074 recvfrom(39, 0x7fed457050, 3200, MSG_DONTWAIT, NULL, NULL) = -1 EAGAIN (Try again)
10476 1784445695.903363 recvfrom(39, "nysv\0\0\0\0\0\0\0\0\0\0\0\0S\tV\205\33\5\0\0\272\33\5\0\0\0\0\0", 3200, MSG_DONTWAIT, NULL, NULL) = 32
10476 1784445695.903603 recvfrom(39, 0x7fed458190, 3200, MSG_DONTWAIT, NULL, NULL) = -1 EAGAIN (Try again)
10476 1784445695.906082 recvfrom(152, 0x6fafa14420, 2272, MSG_DONTWAIT, NULL, NULL) = -1 EAGAIN (Try again)
10476 1784445695.906532 recvfrom(39, 0x7fed457050, 3200, MSG_DONTWAIT, NULL, NULL) = -1 EAGAIN (Try again)
10476 1784445695.920536 recvfrom(39, "nysv\0\0\0\0\0\0\0\0\0\0\0\0<RT\206\33\5\0\0\273\33\5\0\0\0\0\0", 3200, MSG_DONTWAIT, NULL, NULL) = 32
10476 1784445695.920763 recvfrom(39, 0x7fed458190, 3200, MSG_DONTWAIT, NULL, NULL) = -1 EAGAIN (Try again)
10476 1784445695.923689 recvfrom(152, 0x6fafa14420, 2272, MSG_DONTWAIT, NULL, NULL) = -1 EAGAIN (Try again)
10476 1784445695.924330 recvfrom(39, 0x7fed457050, 3200, MSG_DONTWAIT, NULL, NULL) = -1 EAGAIN (Try again)
10476 1784445695.936212 recvfrom(39, "nysv\0\0\0\0\0\0\0\0\0\0\0\0\303\261R\207\33\5\0\0\274\33\5\0\0\0\0\0", 3200, MSG_DONTWAIT, NULL, NULL) = 32
10476 1784445695.936477 recvfrom(39, 0x7fed458190, 3200, MSG_DONTWAIT, NULL, NULL) = -1 EAGAIN (Try again)
10476 1784445695.939053 recvfrom(152, 0x6fafa14420, 2272, MSG_DONTWAIT, NULL, NULL) = -1 EAGAIN (Try again)
10476 1784445695.939554 recvfrom(39, 0x7fed457050, 3200, MSG_DONTWAIT, NULL, NULL) = -1 EAGAIN (Try again)
10476 1784445695.954284 recvfrom(39, "nysv\0\0\0\0\0\0\0\0\0\0\0\0\327\352P\210\33\5\0\0\275\33\5\0\0\0\0\0", 3200, MSG_DONTWAIT, NULL, NULL) = 32
10476 1784445695.954521 recvfrom(39, 0x7fed458190, 3200, MSG_DONTWAIT, NULL, NULL) = -1 EAGAIN (Try again)
10476 1784445695.957084 recvfrom(152, 0x6fafa14420, 2272, MSG_DONTWAIT, NULL, NULL) = -1 EAGAIN (Try again)
10476 1784445695.957605 recvfrom(39, 0x7fed457050, 3200, MSG_DONTWAIT, NULL, NULL) = -1 EAGAIN (Try again)
10476 1784445695.969894 recvfrom(39, "nysv\0\0\0\0\0\0\0\0\0\0\0\0\242UO\211\33\5\0\0\276\33\5\0\0\0\0\0", 3200, MSG_DONTWAIT, NULL, NULL) = 32
10476 1784445695.970189 recvfrom(39, 0x7fed458190, 3200, MSG_DONTWAIT, NULL, NULL) = -1 EAGAIN (Try again)
10476 1784445695.972687 recvfrom(152, 0x6fafa14420, 2272, MSG_DONTWAIT, NULL, NULL) = -1 EAGAIN (Try again)
10476 1784445695.973148 recvfrom(39, 0x7fed457050, 3200, MSG_DONTWAIT, NULL, NULL) = -1 EAGAIN (Try again)
10476 1784445695.987158 recvfrom(39, "nysv\0\0\0\0\0\0\0\0\0\0\0\0O\227M\212\33\5\0\0\277\33\5\0\0\0\0\0", 3200, MSG_DONTWAIT, NULL, NULL) = 32
10476 1784445695.987399 recvfrom(39, 0x7fed458190, 3200, MSG_DONTWAIT, NULL, NULL) = -1 EAGAIN (Try again)
10476 1784445695.990342 recvfrom(152, 0x6fafa14420, 2272, MSG_DONTWAIT, NULL, NULL) = -1 EAGAIN (Try again)
10476 1784445695.990827 recvfrom(39, 0x7fed457050, 3200, MSG_DONTWAIT, NULL, NULL) = -1 EAGAIN (Try again)
10476 1784445696.003138 recvfrom(39, "nysv\0\0\0\0\0\0\0\0\0\0\0\0y\347K\213\33\5\0\0\300\33\5\0\0\0\0\0", 3200, MSG_DONTWAIT, NULL, NULL) = 32
10476 1784445696.003369 recvfrom(39, 0x7fed458190, 3200, MSG_DONTWAIT, NULL, NULL) = -1 EAGAIN (Try again)
10476 1784445696.005801 recvfrom(152, 0x6fafa14420, 2272, MSG_DONTWAIT, NULL, NULL) = -1 EAGAIN (Try again)
10579 1784445696.056124 sendmsg(150, {msg_name=NULL, msg_namelen=0, msg_iov=[{iov_base="l\1\1\1\374\0\0\0\206\0\0\0\235\0\0\0\1\1o\0;\0\0\0/re/frid"..., iov_len=428}], msg_iovlen=1, msg_controllen=0, msg_flags=0}, MSG_NOSIGNAL) = 428
10579 1784445696.064583 sendmsg(150, {msg_name=NULL, msg_namelen=0, msg_iov=[{iov_base="l\1\1\1\374\0\0\0\207\0\0\0\235\0\0\0\1\1o\0;\0\0\0/re/frid"..., iov_len=428}], msg_iovlen=1, msg_controllen=0, msg_flags=0}, MSG_NOSIGNAL) = 428
10688 1784445697.147214 exit(0)         = ?
10688 1784445697.148343 +++ exited with 0 +++
10576 1784445697.197283 faccessat(AT_FDCWD, "/proc/self/task/10688", F_OK) = -1 ENOENT (No such file or directory)
10533 1784445702.859664 recvmsg(109, {msg_name=NULL, msg_namelen=0, msg_iov=[{iov_base="\210\0\0\0\0\0\0\0\5\0\0\0\0\0\0\0\0\0\0\0\0\0\0\0KK\323\210^\22\1]"..., iov_len=4096}], msg_iovlen=1, msg_controllen=0, msg_flags=0}, MSG_DONTWAIT) = 184
10533 1784445702.861664 sendto(109, "0\0\0\0\0\0\0\0\5\0\0\0\0\0\0\0\4\0\0\0\0\0\0\0\362\372I\371\16\221\210\231"..., 48, MSG_NOSIGNAL, NULL, 0) = 48
10533 1784445702.862272 sendto(109, "0\0\0\0\0\0\0\0\5\0\0\0\0\0\0\0\4\0\0\0\0\0\0\0\362\372I\371\16\221\210\231"..., 48, MSG_NOSIGNAL, NULL, 0) = 48
10533 1784445702.863975 sendto(109, "\210\0\0\0\0\0\0\0\5\0\0\0\0\0\0\0\0\0\0\0\0\0\0\0\270\270\236\203\203\2\250F"..., 136, MSG_NOSIGNAL, NULL, 0) = 136
10496 1784445707.536179 openat(AT_FDCWD, "/data/misc/profiles/cur/0/cl.coders.faketraveler/primary.prof", O_RDWR|O_NOFOLLOW|O_CLOEXEC) = 133
10496 1784445707.539153 newfstatat(AT_FDCWD, "/data/misc/profiles/cur/0/cl.coders.faketraveler/primary.prof", {st_mode=S_IFREG|0600, st_size=6237, ...}, 0) = 0
10476 1784445712.614459 recvfrom(152, "\2\0\0\0\0\0\0\0\231\26\0\0\0\0\0\0\300\354\253i\37\5\0\0\1\0\0\0\2\20\0\0"..., 2272, MSG_DONTWAIT, NULL, NULL) = 232
10476 1784445712.615053 sendto(152, "\3\0\0\0\0\0\0\0\231\26\0\0\1\0\0\0", 16, MSG_DONTWAIT|MSG_NOSIGNAL, NULL, 0) = 16
10476 1784445712.615282 recvfrom(152, 0x6fafa14420, 2272, MSG_DONTWAIT, NULL, NULL) = -1 EAGAIN (Try again)
10476 1784445712.615873 recvfrom(152, "\2\0\0\0\0\0\0\0\233\26\0\0\0\0\0\0\300\354\253i\37\5\0\0\1\0\0\0\2\20\0\0"..., 2272, MSG_DONTWAIT, NULL, NULL) = 232
10476 1784445712.616288 sendto(152, "\3\0\0\0\0\0\0\0\233\26\0\0\1\0\0\0", 16, MSG_DONTWAIT|MSG_NOSIGNAL, NULL, 0) = 16
10476 1784445712.616549 recvfrom(152, 0x6fafa14420, 2272, MSG_DONTWAIT, NULL, NULL) = -1 EAGAIN (Try again)
10579 1784445712.623106 sendmsg(150, {msg_name=NULL, msg_namelen=0, msg_iov=[{iov_base="l\1\1\1\374\0\0\0\210\0\0\0\235\0\0\0\1\1o\0;\0\0\0/re/frid"..., iov_len=428}], msg_iovlen=1, msg_controllen=0, msg_flags=0}, MSG_NOSIGNAL) = 428
10579 1784445712.694343 sendmsg(150, {msg_name=NULL, msg_namelen=0, msg_iov=[{iov_base="l\1\1\1\374\0\0\0\211\0\0\0\235\0\0\0\1\1o\0;\0\0\0/re/frid"..., iov_len=428}], msg_iovlen=1, msg_controllen=0, msg_flags=0}, MSG_NOSIGNAL) = 428
