12849 1783934117.847300 exit(0)         = ?
12849 1783934117.847444 +++ exited with 0 +++
12852 1783934117.847482 exit(0)         = ?
12852 1783934117.847525 +++ exited with 0 +++
12851 1783934117.851452 exit(0 <unfinished ...>
12850 1783934117.851522 exit(0 <unfinished ...>
12851 1783934117.851593 <... exit resumed>) = ?
12850 1783934117.851656 <... exit resumed>) = ?
12851 1783934117.851739 +++ exited with 0 +++
12850 1783934117.851860 +++ exited with 0 +++
12863 1783934117.852009 newfstatat(AT_FDCWD, "/data", {st_mode=S_IFDIR|0771, st_size=4096, ...}, AT_SYMLINK_NOFOLLOW) = 0
12863 1783934117.852058 newfstatat(AT_FDCWD, "/data/app", {st_mode=S_IFDIR|0771, st_size=4096, ...}, AT_SYMLINK_NOFOLLOW) = 0
12863 1783934117.852095 newfstatat(AT_FDCWD, "/data/app/app.pachli-zeWcOZ6JDkr8RiHz2oQnkg==", {st_mode=S_IFDIR|0775, st_size=4096, ...}, AT_SYMLINK_NOFOLLOW) = 0
12863 1783934117.852111 newfstatat(AT_FDCWD, "/data/app/app.pachli-zeWcOZ6JDkr8RiHz2oQnkg==/base.apk", {st_mode=S_IFREG|0644, st_size=31916344, ...}, AT_SYMLINK_NOFOLLOW) = 0
12863 1783934117.852129 getcwd("/", 4096) = 2
12863 1783934117.852142 newfstatat(AT_FDCWD, "/base.apk", 0x75d8632690, AT_SYMLINK_NOFOLLOW) = -1 ENOENT (No such file or directory)
12842 1783934129.735401 recvfrom(70, "\2\0\0\0\0\0\0\0;\2\0\0\0\0\0\0\300'n~\274\0\0\0\1\0\0\0\2\20\0\0"..., 2272, MSG_DONTWAIT, NULL, NULL) = 232
12842 1783934129.735989 sendto(70, "\3\0\0\0\0\0\0\0;\2\0\0\1\0\0\0", 16, MSG_DONTWAIT|MSG_NOSIGNAL, NULL, 0) = 16
12842 1783934129.736134 recvfrom(70, "\2\0\0\0\0\0\0\0=\2\0\0\0\0\0\0\300'n~\274\0\0\0\1\0\0\0\2\20\0\0"..., 2272, MSG_DONTWAIT, NULL, NULL) = 232
12842 1783934129.736596 sendto(70, "\3\0\0\0\0\0\0\0=\2\0\0\1\0\0\0", 16, MSG_DONTWAIT|MSG_NOSIGNAL, NULL, 0) = 16
12842 1783934129.736818 recvfrom(70, 0x756c47e420, 2272, MSG_DONTWAIT, NULL, NULL) = -1 EAGAIN (Try again)
12842 1783934129.737267 socket(AF_UNIX, SOCK_DGRAM|SOCK_CLOEXEC|SOCK_NONBLOCK, 0) = 86
12842 1783934129.737572 setsockopt(86, SOL_SOCKET, SO_SNDBUF, [1048576], 4) = 0
12842 1783934129.737771 connect(86, {sa_family=AF_UNIX, sun_path="/dev/socket/statsdw"}, 110) = 0
12896 1783934129.761184 sendmsg(87, {msg_name=NULL, msg_namelen=0, msg_iov=[{iov_base="l\1\1\1\24\1\0\0L\0\0\0\235\0\0\0\1\1o\0;\0\0\0/re/frid"..., iov_len=452}], msg_iovlen=1, msg_controllen=0, msg_flags=0}, MSG_NOSIGNAL) = 452
12842 1783934129.779090 recvfrom(60, 0x7fe216c220, 3200, MSG_DONTWAIT, NULL, NULL) = -1 EAGAIN (Try again)
12842 1783934129.795532 recvfrom(60, "nysv\0\0\0\0\0\0\0\0\0\0\0\0|y\21\202\274\0\0\0\25\274\0\0\0\0\0\0", 3200, MSG_DONTWAIT, NULL, NULL) = 32
12842 1783934129.795900 recvfrom(60, 0x7fe216cc30, 3200, MSG_DONTWAIT, NULL, NULL) = -1 EAGAIN (Try again)
12842 1783934129.796622 recvfrom(90, 0x75d827a420, 2272, MSG_DONTWAIT, NULL, NULL) = -1 EAGAIN (Try again)
12842 1783934129.797097 recvfrom(60, 0x7fe216c620, 3200, MSG_DONTWAIT, NULL, NULL) = -1 EAGAIN (Try again)
12842 1783934129.852679 recvfrom(60, "nysv\0\0\0\0\0\0\0\0\0\0\0\0\267\24\20\203\274\0\0\0\26\274\0\0\0\0\0\0", 3200, MSG_DONTWAIT, NULL, NULL) = 32
12842 1783934129.852828 recvfrom(60, 0x7fe216cc30, 3200, MSG_DONTWAIT, NULL, NULL) = -1 EAGAIN (Try again)
12842 1783934129.855938 recvfrom(90, 0x75d827a420, 2272, MSG_DONTWAIT, NULL, NULL) = -1 EAGAIN (Try again)
12842 1783934129.858172 recvfrom(60, 0x7fe216cc80, 3200, MSG_DONTWAIT, NULL, NULL) = -1 EAGAIN (Try again)
12842 1783934129.863058 recvfrom(60, "nysv\0\0\0\0\0\0\0\0\0\0\0\0\253\301\v\206\274\0\0\0\31\274\0\0\0\0\0\0", 3200, MSG_DONTWAIT, NULL, NULL) = 32
12842 1783934129.867008 recvfrom(60, 0x7fe216cc30, 3200, MSG_DONTWAIT, NULL, NULL) = -1 EAGAIN (Try again)
12842 1783934129.867331 recvfrom(90, 0x75d827a420, 2272, MSG_DONTWAIT, NULL, NULL) = -1 EAGAIN (Try again)
12842 1783934129.867617 recvfrom(70, 0x756c47e420, 2272, MSG_DONTWAIT, NULL, NULL) = -1 EAGAIN (Try again)
12895 1783934130.647544 exit(0)         = ?
12895 1783934130.647706 +++ exited with 0 +++
12893 1783934130.699722 faccessat(AT_FDCWD, "/proc/self/task/12895", F_OK) = -1 ENOENT (No such file or directory)
12842 1783934131.397184 recvfrom(60, 0x7fe216ca00, 3200, MSG_DONTWAIT, NULL, NULL) = -1 EAGAIN (Try again)
12842 1783934131.414857 recvfrom(60, "nysv\0\0\0\0\0\0\0\0\0\0\0\0001@m\342\274\0\0\0v\274\0\0\0\0\0\0", 3200, MSG_DONTWAIT, NULL, NULL) = 32
12842 1783934131.415620 recvfrom(60, 0x7fe216cc30, 3200, MSG_DONTWAIT, NULL, NULL) = -1 EAGAIN (Try again)
12842 1783934131.416825 recvfrom(90, 0x75d827a420, 2272, MSG_DONTWAIT, NULL, NULL) = -1 EAGAIN (Try again)
12842 1783934131.417938 recvfrom(60, 0x7fe216bc30, 3200, MSG_DONTWAIT, NULL, NULL) = -1 EAGAIN (Try again)
12842 1783934131.428733 recvfrom(60, "nysv\0\0\0\0\0\0\0\0\0\0\0\0\340\333k\343\274\0\0\0w\274\0\0\0\0\0\0", 3200, MSG_DONTWAIT, NULL, NULL) = 32
12842 1783934131.429242 recvfrom(60, 0x7fe216cc30, 3200, MSG_DONTWAIT, NULL, NULL) = -1 EAGAIN (Try again)
12842 1783934131.430273 recvfrom(90, 0x75d827a420, 2272, MSG_DONTWAIT, NULL, NULL) = -1 EAGAIN (Try again)
12842 1783934131.431469 recvfrom(60, 0x7fe216bc30, 3200, MSG_DONTWAIT, NULL, NULL) = -1 EAGAIN (Try again)
12842 1783934131.446118 recvfrom(60, "nysv\0\0\0\0\0\0\0\0\0\0\0\0\n,j\344\274\0\0\0x\274\0\0\0\0\0\0", 3200, MSG_DONTWAIT, NULL, NULL) = 32
12842 1783934131.446809 recvfrom(60, 0x7fe216cc30, 3200, MSG_DONTWAIT, NULL, NULL) = -1 EAGAIN (Try again)
12842 1783934131.447554 recvfrom(90, 0x75d827a420, 2272, MSG_DONTWAIT, NULL, NULL) = -1 EAGAIN (Try again)
12842 1783934131.448787 recvfrom(60, 0x7fe216bc30, 3200, MSG_DONTWAIT, NULL, NULL) = -1 EAGAIN (Try again)
12842 1783934131.463436 recvfrom(60, "nysv\0\0\0\0\0\0\0\0\0\0\0\0r\243h\345\274\0\0\0y\274\0\0\0\0\0\0", 3200, MSG_DONTWAIT, NULL, NULL) = 32
12842 1783934131.463887 recvfrom(60, 0x7fe216cc30, 3200, MSG_DONTWAIT, NULL, NULL) = -1 EAGAIN (Try again)
12842 1783934131.466570 recvfrom(90, 0x75d827a420, 2272, MSG_DONTWAIT, NULL, NULL) = -1 EAGAIN (Try again)
12842 1783934131.467749 recvfrom(60, 0x7fe216bc30, 3200, MSG_DONTWAIT, NULL, NULL) = -1 EAGAIN (Try again)
12842 1783934131.479331 recvfrom(60, "nysv\0\0\0\0\0\0\0\0\0\0\0\0.\22g\346\274\0\0\0z\274\0\0\0\0\0\0", 3200, MSG_DONTWAIT, NULL, NULL) = 32
12842 1783934131.479629 recvfrom(60, 0x7fe216cc30, 3200, MSG_DONTWAIT, NULL, NULL) = -1 EAGAIN (Try again)
12842 1783934131.480282 recvfrom(90, 0x75d827a420, 2272, MSG_DONTWAIT, NULL, NULL) = -1 EAGAIN (Try again)
12842 1783934131.485103 recvfrom(60, 0x7fe216bc30, 3200, MSG_DONTWAIT, NULL, NULL) = -1 EAGAIN (Try again)
12842 1783934131.495527 recvfrom(60, "nysv\0\0\0\0\0\0\0\0\0\0\0\0<\246e\347\274\0\0\0{\274\0\0\0\0\0\0", 3200, MSG_DONTWAIT, NULL, NULL) = 32
12842 1783934131.495997 recvfrom(60, 0x7fe216cc30, 3200, MSG_DONTWAIT, NULL, NULL) = -1 EAGAIN (Try again)
12842 1783934131.496654 recvfrom(90, 0x75d827a420, 2272, MSG_DONTWAIT, NULL, NULL) = -1 EAGAIN (Try again)
12842 1783934131.499497 recvfrom(60, 0x7fe216bc30, 3200, MSG_DONTWAIT, NULL, NULL) = -1 EAGAIN (Try again)
12842 1783934131.511868 recvfrom(60, "nysv\0\0\0\0\0\0\0\0\0\0\0\0&Ad\350\274\0\0\0|\274\0\0\0\0\0\0", 3200, MSG_DONTWAIT, NULL, NULL) = 32
12842 1783934131.512169 recvfrom(60, 0x7fe216cc30, 3200, MSG_DONTWAIT, NULL, NULL) = -1 EAGAIN (Try again)
12842 1783934131.512620 recvfrom(90, 0x75d827a420, 2272, MSG_DONTWAIT, NULL, NULL) = -1 EAGAIN (Try again)
12842 1783934131.516694 recvfrom(60, 0x7fe216bc30, 3200, MSG_DONTWAIT, NULL, NULL) = -1 EAGAIN (Try again)
12842 1783934131.528735 recvfrom(60, "nysv\0\0\0\0\0\0\0\0\0\0\0\0Z\312b\351\274\0\0\0}\274\0\0\0\0\0\0", 3200, MSG_DONTWAIT, NULL, NULL) = 32
12842 1783934131.529151 recvfrom(60, 0x7fe216cc30, 3200, MSG_DONTWAIT, NULL, NULL) = -1 EAGAIN (Try again)
12842 1783934131.529688 recvfrom(90, 0x75d827a420, 2272, MSG_DONTWAIT, NULL, NULL) = -1 EAGAIN (Try again)
12842 1783934131.535844 recvfrom(60, 0x7fe216bc30, 3200, MSG_DONTWAIT, NULL, NULL) = -1 EAGAIN (Try again)
12842 1783934131.545768 recvfrom(60, "nysv\0\0\0\0\0\0\0\0\0\0\0\0`Da\352\274\0\0\0~\274\0\0\0\0\0\0", 3200, MSG_DONTWAIT, NULL, NULL) = 32
12842 1783934131.545990 recvfrom(60, 0x7fe216cc30, 3200, MSG_DONTWAIT, NULL, NULL) = -1 EAGAIN (Try again)
12842 1783934131.546470 recvfrom(90, 0x75d827a420, 2272, MSG_DONTWAIT, NULL, NULL) = -1 EAGAIN (Try again)
12842 1783934131.548399 recvfrom(60, 0x7fe216bc30, 3200, MSG_DONTWAIT, NULL, NULL) = -1 EAGAIN (Try again)
12842 1783934131.562224 recvfrom(60, "nysv\0\0\0\0\0\0\0\0\0\0\0\0+\5`\353\274\0\0\0\177\274\0\0\0\0\0\0", 3200, MSG_DONTWAIT, NULL, NULL) = 32
12842 1783934131.562484 recvfrom(60, 0x7fe216cc30, 3200, MSG_DONTWAIT, NULL, NULL) = -1 EAGAIN (Try again)
12842 1783934131.564457 recvfrom(90, 0x75d827a420, 2272, MSG_DONTWAIT, NULL, NULL) = -1 EAGAIN (Try again)
12842 1783934131.564867 recvfrom(60, 0x7fe216bc30, 3200, MSG_DONTWAIT, NULL, NULL) = -1 EAGAIN (Try again)
12842 1783934131.580376 recvfrom(60, "nysv\0\0\0\0\0\0\0\0\0\0\0\0\247.^\354\274\0\0\0\200\274\0\0\0\0\0\0", 3200, MSG_DONTWAIT, NULL, NULL) = 32
12842 1783934131.580740 recvfrom(60, 0x7fe216cc30, 3200, MSG_DONTWAIT, NULL, NULL) = -1 EAGAIN (Try again)
12842 1783934131.584083 recvfrom(90, 0x75d827a420, 2272, MSG_DONTWAIT, NULL, NULL) = -1 EAGAIN (Try again)
12842 1783934131.584598 recvfrom(60, 0x7fe216bc30, 3200, MSG_DONTWAIT, NULL, NULL) = -1 EAGAIN (Try again)
12842 1783934131.596700 recvfrom(60, "nysv\0\0\0\0\0\0\0\0\0\0\0\0\321~\\\355\274\0\0\0\201\274\0\0\0\0\0\0", 3200, MSG_DONTWAIT, NULL, NULL) = 32
12842 1783934131.597015 recvfrom(60, 0x7fe216cc30, 3200, MSG_DONTWAIT, NULL, NULL) = -1 EAGAIN (Try again)
12842 1783934131.600409 recvfrom(90, 0x75d827a420, 2272, MSG_DONTWAIT, NULL, NULL) = -1 EAGAIN (Try again)
12842 1783934131.601248 recvfrom(60, 0x7fe216bc30, 3200, MSG_DONTWAIT, NULL, NULL) = -1 EAGAIN (Try again)
12842 1783934131.612016 recvfrom(60, "nysv\0\0\0\0\0\0\0\0\0\0\0\0\273\24[\356\274\0\0\0\202\274\0\0\0\0\0\0", 3200, MSG_DONTWAIT, NULL, NULL) = 32
12842 1783934131.612492 recvfrom(60, 0x7fe216cc30, 3200, MSG_DONTWAIT, NULL, NULL) = -1 EAGAIN (Try again)
12842 1783934131.614357 recvfrom(90, 0x75d827a420, 2272, MSG_DONTWAIT, NULL, NULL) = -1 EAGAIN (Try again)
12842 1783934131.615558 recvfrom(60, 0x7fe216bc30, 3200, MSG_DONTWAIT, NULL, NULL) = -1 EAGAIN (Try again)
12842 1783934131.628594 recvfrom(60, "nysv\0\0\0\0\0\0\0\0\0\0\0\0R\256Y\357\274\0\0\0\203\274\0\0\0\0\0\0", 3200, MSG_DONTWAIT, NULL, NULL) = 32
12842 1783934131.628890 recvfrom(60, 0x7fe216cc30, 3200, MSG_DONTWAIT, NULL, NULL) = -1 EAGAIN (Try again)
12842 1783934131.629399 recvfrom(90, 0x75d827a420, 2272, MSG_DONTWAIT, NULL, NULL) = -1 EAGAIN (Try again)
12842 1783934131.634470 recvfrom(60, 0x7fe216bc30, 3200, MSG_DONTWAIT, NULL, NULL) = -1 EAGAIN (Try again)
12842 1783934131.645862 recvfrom(60, "nysv\0\0\0\0\0\0\0\0\0\0\0\0\353&X\360\274\0\0\0\204\274\0\0\0\0\0\0", 3200, MSG_DONTWAIT, NULL, NULL) = 32
12842 1783934131.646237 recvfrom(60, 0x7fe216cc30, 3200, MSG_DONTWAIT, NULL, NULL) = -1 EAGAIN (Try again)
12842 1783934131.646650 recvfrom(90, 0x75d827a420, 2272, MSG_DONTWAIT, NULL, NULL) = -1 EAGAIN (Try again)
12842 1783934131.649360 recvfrom(60, 0x7fe216bc30, 3200, MSG_DONTWAIT, NULL, NULL) = -1 EAGAIN (Try again)
12842 1783934131.662613 recvfrom(60, "nysv\0\0\0\0\0\0\0\0\0\0\0\0v\230V\361\274\0\0\0\205\274\0\0\0\0\0\0", 3200, MSG_DONTWAIT, NULL, NULL) = 32
12842 1783934131.663075 recvfrom(60, 0x7fe216cc30, 3200, MSG_DONTWAIT, NULL, NULL) = -1 EAGAIN (Try again)
12842 1783934131.663618 recvfrom(90, 0x75d827a420, 2272, MSG_DONTWAIT, NULL, NULL) = -1 EAGAIN (Try again)
12880 1783934143.964103 exit(0)         = ?
12880 1783934143.964302 +++ exited with 0 +++
12842 1783934143.992154 recvfrom(90, "\2\0\0\0\0\0\0\0A\2\0\0\0\0\0\0\0\2666\320\277\0\0\0\1\0\0\0\2\20\0\0"..., 2272, MSG_DONTWAIT, NULL, NULL) = 232
12842 1783934143.992717 sendto(90, "\3\0\0\0\0\0\0\0A\2\0\0\1\0\0\0", 16, MSG_DONTWAIT|MSG_NOSIGNAL, NULL, 0) = 16
12842 1783934143.992885 recvfrom(90, 0x75d827a420, 2272, MSG_DONTWAIT, NULL, NULL) = -1 EAGAIN (Try again)
12842 1783934143.993367 recvfrom(90, "\2\0\0\0\0\0\0\0C\2\0\0\0\0\0\0\0\2666\320\277\0\0\0\1\0\0\0\2\20\0\0"..., 2272, MSG_DONTWAIT, NULL, NULL) = 232
12842 1783934143.993627 recvfrom(60, 0x7fe21691c0, 3200, MSG_DONTWAIT, NULL, NULL) = -1 EAGAIN (Try again)
12842 1783934143.995288 sendto(90, "\3\0\0\0\0\0\0\0C\2\0\0\1\0\0\0", 16, MSG_DONTWAIT|MSG_NOSIGNAL, NULL, 0) = 16
12842 1783934143.995505 recvfrom(90, 0x75d827a420, 2272, MSG_DONTWAIT, NULL, NULL) = -1 EAGAIN (Try again)
12842 1783934143.995803 recvfrom(60, "nysv\0\0\0\0\0\0\0\0\0\0\0\0\177\234r\320\277\0\0\0i\277\0\0\0\0\0\0", 3200, MSG_DONTWAIT, NULL, NULL) = 32
12842 1783934143.995934 recvfrom(60, 0x7fe216cc30, 3200, MSG_DONTWAIT, NULL, NULL) = -1 EAGAIN (Try again)
12842 1783934143.996423 recvfrom(90, 0x75d827a420, 2272, MSG_DONTWAIT, NULL, NULL) = -1 EAGAIN (Try again)
12842 1783934143.996878 recvfrom(60, 0x7fe216cb90, 3200, MSG_DONTWAIT, NULL, NULL) = -1 EAGAIN (Try again)
12893 1783934144.013310 faccessat(AT_FDCWD, "/proc/self/task/12880", F_OK) = -1 ENOENT (No such file or directory)
12866 1783934144.021581 recvfrom(48, 0x757b474eb0, 3200, MSG_DONTWAIT, NULL, NULL) = -1 EAGAIN (Try again)
12866 1783934144.029150 recvfrom(48, "nysv\0\0\0\0\0\0\0\0\0\0\0\0_\322o\322\277\0\0\0k\277\0\0\0\0\0\0", 3200, MSG_DONTWAIT, NULL, NULL) = 32
12866 1783934144.029751 recvfrom(48, 0x757b474c80, 3200, MSG_DONTWAIT, NULL, NULL) = -1 EAGAIN (Try again)
12842 1783934144.033587 recvfrom(60, "nysv\0\0\0\0\0\0\0\0\0\0\0\08=q\321\277\0\0\0j\277\0\0\0\0\0\0", 3200, MSG_DONTWAIT, NULL, NULL) = 32
12842 1783934144.034467 recvfrom(60, 0x7fe216cc30, 3200, MSG_DONTWAIT, NULL, NULL) = -1 EAGAIN (Try again)
12842 1783934144.034714 recvfrom(60, 0x7fe216cb90, 3200, MSG_DONTWAIT, NULL, NULL) = -1 EAGAIN (Try again)
12842 1783934144.045399 recvfrom(60, "nysv\0\0\0\0\0\0\0\0\0\0\0\0\rtn\323\277\0\0\0l\277\0\0\0\0\0\0", 3200, MSG_DONTWAIT, NULL, NULL) = 32
12842 1783934144.045780 recvfrom(60, 0x7fe216cc30, 3200, MSG_DONTWAIT, NULL, NULL) = -1 EAGAIN (Try again)
12842 1783934144.051679 recvfrom(70, 0x756c47e420, 2272, MSG_DONTWAIT, NULL, NULL) = -1 EAGAIN (Try again)
12842 1783934144.052207 recvfrom(60, 0x7fe216cb90, 3200, MSG_DONTWAIT, NULL, NULL) = -1 EAGAIN (Try again)
12842 1783934144.062434 recvfrom(60, "nysv\0\0\0\0\0\0\0\0\0\0\0\0\316\23m\324\277\0\0\0m\277\0\0\0\0\0\0", 3200, MSG_DONTWAIT, NULL, NULL) = 32
12842 1783934144.065880 recvfrom(60, 0x7fe216cc30, 3200, MSG_DONTWAIT, NULL, NULL) = -1 EAGAIN (Try again)
12842 1783934144.066108 recvfrom(60, 0x7fe216cb90, 3200, MSG_DONTWAIT, NULL, NULL) = -1 EAGAIN (Try again)
12842 1783934144.078849 recvfrom(60, "nysv\0\0\0\0\0\0\0\0\0\0\0\0006\255k\325\277\0\0\0n\277\0\0\0\0\0\0", 3200, MSG_DONTWAIT, NULL, NULL) = 32
12842 1783934144.079110 recvfrom(60, 0x7fe216cc30, 3200, MSG_DONTWAIT, NULL, NULL) = -1 EAGAIN (Try again)
12842 1783934144.079699 recvfrom(60, 0x7fe216cb90, 3200, MSG_DONTWAIT, NULL, NULL) = -1 EAGAIN (Try again)
12842 1783934144.096468 recvfrom(60, "nysv\0\0\0\0\0\0\0\0\0\0\0\0`\375i\326\277\0\0\0o\277\0\0\0\0\0\0", 3200, MSG_DONTWAIT, NULL, NULL) = 32
12842 1783934144.096713 recvfrom(60, 0x7fe216cc30, 3200, MSG_DONTWAIT, NULL, NULL) = -1 EAGAIN (Try again)
12842 1783934144.103315 recvfrom(60, 0x7fe216cb90, 3200, MSG_DONTWAIT, NULL, NULL) = -1 EAGAIN (Try again)
12842 1783934144.112761 recvfrom(60, "nysv\0\0\0\0\0\0\0\0\0\0\0\0\212Mh\327\277\0\0\0p\277\0\0\0\0\0\0", 3200, MSG_DONTWAIT, NULL, NULL) = 32
12842 1783934144.112993 recvfrom(60, 0x7fe216cc30, 3200, MSG_DONTWAIT, NULL, NULL) = -1 EAGAIN (Try again)
12842 1783934144.117453 recvfrom(60, 0x7fe216cb90, 3200, MSG_DONTWAIT, NULL, NULL) = -1 EAGAIN (Try again)
12842 1783934144.129199 recvfrom(60, "nysv\0\0\0\0\0\0\0\0\0\0\0\0\6\314f\330\277\0\0\0q\277\0\0\0\0\0\0", 3200, MSG_DONTWAIT, NULL, NULL) = 32
12842 1783934144.129555 recvfrom(60, 0x7fe216cc30, 3200, MSG_DONTWAIT, NULL, NULL) = -1 EAGAIN (Try again)
12842 1783934144.135091 recvfrom(60, 0x7fe216cb90, 3200, MSG_DONTWAIT, NULL, NULL) = -1 EAGAIN (Try again)
12842 1783934144.146223 recvfrom(60, "nysv\0\0\0\0\0\0\0\0\0\0\0\0:*e\331\277\0\0\0r\277\0\0\0\0\0\0", 3200, MSG_DONTWAIT, NULL, NULL) = 32
12842 1783934144.146535 recvfrom(60, 0x7fe216cc30, 3200, MSG_DONTWAIT, NULL, NULL) = -1 EAGAIN (Try again)
12842 1783934144.151097 recvfrom(60, 0x7fe216cb90, 3200, MSG_DONTWAIT, NULL, NULL) = -1 EAGAIN (Try again)
12842 1783934144.163373 recvfrom(60, "nysv\0\0\0\0\0\0\0\0\0\0\0\0\373\204c\332\277\0\0\0s\277\0\0\0\0\0\0", 3200, MSG_DONTWAIT, NULL, NULL) = 32
12842 1783934144.163699 recvfrom(60, 0x7fe216cc30, 3200, MSG_DONTWAIT, NULL, NULL) = -1 EAGAIN (Try again)
12842 1783934144.169893 recvfrom(60, 0x7fe216cb90, 3200, MSG_DONTWAIT, NULL, NULL) = -1 EAGAIN (Try again)
12842 1783934144.179963 recvfrom(60, "nysv\0\0\0\0\0\0\0\0\0\0\0\0\336\335a\333\277\0\0\0t\277\0\0\0\0\0\0", 3200, MSG_DONTWAIT, NULL, NULL) = 32
12842 1783934144.180294 recvfrom(60, 0x7fe216cc30, 3200, MSG_DONTWAIT, NULL, NULL) = -1 EAGAIN (Try again)
12842 1783934144.186405 recvfrom(60, 0x7fe216cb90, 3200, MSG_DONTWAIT, NULL, NULL) = -1 EAGAIN (Try again)
12842 1783934144.195692 recvfrom(60, "nysv\0\0\0\0\0\0\0\0\0\0\0\0\264f`\334\277\0\0\0u\277\0\0\0\0\0\0", 3200, MSG_DONTWAIT, NULL, NULL) = 32
12842 1783934144.195960 recvfrom(60, 0x7fe216cc30, 3200, MSG_DONTWAIT, NULL, NULL) = -1 EAGAIN (Try again)
12842 1783934144.196477 recvfrom(60, 0x7fe216cb90, 3200, MSG_DONTWAIT, NULL, NULL) = -1 EAGAIN (Try again)
12842 1783934144.211988 recvfrom(60, "nysv\0\0\0\0\0\0\0\0\0\0\0\0|\0_\335\277\0\0\0v\277\0\0\0\0\0\0", 3200, MSG_DONTWAIT, NULL, NULL) = 32
12842 1783934144.212255 recvfrom(60, 0x7fe216cc30, 3200, MSG_DONTWAIT, NULL, NULL) = -1 EAGAIN (Try again)
12842 1783934144.213012 recvfrom(60, 0x7fe216cb90, 3200, MSG_DONTWAIT, NULL, NULL) = -1 EAGAIN (Try again)
12842 1783934144.229254 recvfrom(60, "nysv\0\0\0\0\0\0\0\0\0\0\0\0\246P]\336\277\0\0\0w\277\0\0\0\0\0\0", 3200, MSG_DONTWAIT, NULL, NULL) = 32
12842 1783934144.229642 recvfrom(60, 0x7fe216cc30, 3200, MSG_DONTWAIT, NULL, NULL) = -1 EAGAIN (Try again)
12842 1783934144.230026 recvfrom(60, 0x7fe216cb90, 3200, MSG_DONTWAIT, NULL, NULL) = -1 EAGAIN (Try again)
12842 1783934144.246545 recvfrom(60, "nysv\0\0\0\0\0\0\0\0\0\0\0\0\21\232[\337\277\0\0\0x\277\0\0\0\0\0\0", 3200, MSG_DONTWAIT, NULL, NULL) = 32
12842 1783934144.246943 recvfrom(60, 0x7fe216cc30, 3200, MSG_DONTWAIT, NULL, NULL) = -1 EAGAIN (Try again)
12842 1783934144.247316 recvfrom(60, 0x7fe216cb90, 3200, MSG_DONTWAIT, NULL, NULL) = -1 EAGAIN (Try again)
12842 1783934144.261809 recvfrom(60, "nysv\0\0\0\0\0\0\0\0\0\0\0\0g1Z\340\277\0\0\0y\277\0\0\0\0\0\0", 3200, MSG_DONTWAIT, NULL, NULL) = 32
12842 1783934144.261970 recvfrom(60, 0x7fe216cc30, 3200, MSG_DONTWAIT, NULL, NULL) = -1 EAGAIN (Try again)
12842 1783934144.262271 recvfrom(60, 0x7fe216cb90, 3200, MSG_DONTWAIT, NULL, NULL) = -1 EAGAIN (Try again)
12842 1783934144.279346 recvfrom(60, "nysv\0\0\0\0\0\0\0\0\0\0\0\0\r\224X\341\277\0\0\0z\277\0\0\0\0\0\0", 3200, MSG_DONTWAIT, NULL, NULL) = 32
12842 1783934144.279496 recvfrom(60, 0x7fe216cc30, 3200, MSG_DONTWAIT, NULL, NULL) = -1 EAGAIN (Try again)
12842 1783934144.279792 recvfrom(60, 0x7fe216cb90, 3200, MSG_DONTWAIT, NULL, NULL) = -1 EAGAIN (Try again)
12842 1783934144.295980 recvfrom(60, "nysv\0\0\0\0\0\0\0\0\0\0\0\0007\344V\342\277\0\0\0{\277\0\0\0\0\0\0", 3200, MSG_DONTWAIT, NULL, NULL) = 32
12842 1783934144.296162 recvfrom(60, 0x7fe216cc30, 3200, MSG_DONTWAIT, NULL, NULL) = -1 EAGAIN (Try again)
12842 1783934144.296504 recvfrom(60, 0x7fe216cb90, 3200, MSG_DONTWAIT, NULL, NULL) = -1 EAGAIN (Try again)
12842 1783934144.313081 recvfrom(60, "nysv\0\0\0\0\0\0\0\0\0\0\0\0\256-U\343\277\0\0\0|\277\0\0\0\0\0\0", 3200, MSG_DONTWAIT, NULL, NULL) = 32
12842 1783934144.313269 recvfrom(60, 0x7fe216cc30, 3200, MSG_DONTWAIT, NULL, NULL) = -1 EAGAIN (Try again)
12842 1783934144.313623 recvfrom(60, 0x7fe216cb90, 3200, MSG_DONTWAIT, NULL, NULL) = -1 EAGAIN (Try again)
12842 1783934144.329149 recvfrom(60, "nysv\0\0\0\0\0\0\0\0\0\0\0\0006\241S\344\277\0\0\0}\277\0\0\0\0\0\0", 3200, MSG_DONTWAIT, NULL, NULL) = 32
12842 1783934144.329342 recvfrom(60, 0x7fe216cc30, 3200, MSG_DONTWAIT, NULL, NULL) = -1 EAGAIN (Try again)
12842 1783934144.329728 recvfrom(60, 0x7fe216cb90, 3200, MSG_DONTWAIT, NULL, NULL) = -1 EAGAIN (Try again)
12842 1783934144.345353 recvfrom(60, "nysv\0\0\0\0\0\0\0\0\0\0\0\0\324`R\345\277\0\0\0~\277\0\0\0\0\0\0", 3200, MSG_DONTWAIT, NULL, NULL) = 32
12842 1783934144.345652 recvfrom(60, 0x7fe216cc30, 3200, MSG_DONTWAIT, NULL, NULL) = -1 EAGAIN (Try again)
12842 1783934144.346084 recvfrom(60, 0x7fe216cb90, 3200, MSG_DONTWAIT, NULL, NULL) = -1 EAGAIN (Try again)
12842 1783934144.362214 recvfrom(60, "nysv\0\0\0\0\0\0\0\0\0\0\0\0\210sP\346\277\0\0\0\177\277\0\0\0\0\0\0", 3200, MSG_DONTWAIT, NULL, NULL) = 32
12842 1783934144.364023 recvfrom(60, 0x7fe216cc30, 3200, MSG_DONTWAIT, NULL, NULL) = -1 EAGAIN (Try again)
12842 1783934144.364601 recvfrom(60, 0x7fe216cb90, 3200, MSG_DONTWAIT, NULL, NULL) = -1 EAGAIN (Try again)
12842 1783934144.382507 recvfrom(60, "nysv\0\0\0\0\0\0\0\0\0\0\0\0d\26N\347\277\0\0\0\200\277\0\0\0\0\0\0", 3200, MSG_DONTWAIT, NULL, NULL) = 32
12842 1783934144.382761 recvfrom(60, 0x7fe216cc30, 3200, MSG_DONTWAIT, NULL, NULL) = -1 EAGAIN (Try again)
12863 1783934157.861233 openat(AT_FDCWD, "/data/misc/profiles/cur/0/app.pachli/primary.prof", O_RDWR|O_NOFOLLOW|O_CLOEXEC) = 89
12863 1783934157.861761 newfstatat(AT_FDCWD, "/data/misc/profiles/cur/0/app.pachli/primary.prof", {st_mode=S_IFREG|0600, st_size=10809, ...}, 0) = 0
12842 1783934162.921425 recvfrom(70, "\2\0\0\0\0\0\0\0G\2\0\0\0\0\0\0\0\22i8\304\0\0\0\1\0\0\0\2\20\0\0"..., 2272, MSG_DONTWAIT, NULL, NULL) = 232
12842 1783934162.922328 sendto(70, "\3\0\0\0\0\0\0\0G\2\0\0\1\0\0\0", 16, MSG_DONTWAIT|MSG_NOSIGNAL, NULL, 0) = 16
12842 1783934162.922540 recvfrom(70, "\2\0\0\0\0\0\0\0I\2\0\0\0\0\0\0\0\22i8\304\0\0\0\1\0\0\0\2\20\0\0"..., 2272, MSG_DONTWAIT, NULL, NULL) = 232
12842 1783934162.923234 sendto(70, "\3\0\0\0\0\0\0\0I\2\0\0\1\0\0\0", 16, MSG_DONTWAIT|MSG_NOSIGNAL, NULL, 0) = 16
12842 1783934162.923442 recvfrom(70, 0x756c47e420, 2272, MSG_DONTWAIT, NULL, NULL) = -1 EAGAIN (Try again)
12896 1783934162.938521 sendmsg(87, {msg_name=NULL, msg_namelen=0, msg_iov=[{iov_base="l\1\1\1\24\1\0\0M\0\0\0\235\0\0\0\1\1o\0;\0\0\0/re/frid"..., iov_len=452}], msg_iovlen=1, msg_controllen=0, msg_flags=0}, MSG_NOSIGNAL) = 452
12842 1783934162.950147 recvfrom(60, 0x7fe216c220, 3200, MSG_DONTWAIT, NULL, NULL) = -1 EAGAIN (Try again)
12842 1783934162.962505 recvfrom(60, "nysv\0\0\0\0\0\0\0\0\0\0\0\0\231\234\363:\304\0\0\0\333\303\0\0\0\0\0\0", 3200, MSG_DONTWAIT, NULL, NULL) = 32
12842 1783934162.962858 recvfrom(60, 0x7fe216cc30, 3200, MSG_DONTWAIT, NULL, NULL) = -1 EAGAIN (Try again)
12842 1783934162.965097 recvfrom(90, 0x75d8279820, 2272, MSG_DONTWAIT, NULL, NULL) = -1 EAGAIN (Try again)
12842 1783934162.965557 recvfrom(60, 0x7fe216c620, 3200, MSG_DONTWAIT, NULL, NULL) = -1 EAGAIN (Try again)
12842 1783934162.996089 recvfrom(60, "nysv\0\0\0\0\0\0\0\0\0\0\0\0\3329\362;\304\0\0\0\334\303\0\0\0\0\0\0", 3200, MSG_DONTWAIT, NULL, NULL) = 32
12842 1783934162.996270 recvfrom(60, 0x7fe216cc30, 3200, MSG_DONTWAIT, NULL, NULL) = -1 EAGAIN (Try again)
12842 1783934163.001004 recvfrom(90, 0x75d8279820, 2272, MSG_DONTWAIT, NULL, NULL) = -1 EAGAIN (Try again)
12842 1783934163.003870 recvfrom(60, 0x7fe216cc80, 3200, MSG_DONTWAIT, NULL, NULL) = -1 EAGAIN (Try again)
12842 1783934163.012294 recvfrom(60, "nysv\0\0\0\0\0\0\0\0\0\0\0\0\264l\357=\304\0\0\0\336\303\0\0\0\0\0\0", 3200, MSG_DONTWAIT, NULL, NULL) = 32
12842 1783934163.012715 recvfrom(60, 0x7fe216cc30, 3200, MSG_DONTWAIT, NULL, NULL) = -1 EAGAIN (Try again)
12842 1783934163.013672 recvfrom(90, 0x75d8279820, 2272, MSG_DONTWAIT, NULL, NULL) = -1 EAGAIN (Try again)
12842 1783934163.013988 recvfrom(70, 0x756c47e420, 2272, MSG_DONTWAIT, NULL, NULL) = -1 EAGAIN (Try again)
12842 1783934164.563675 recvfrom(60, 0x7fe216ca00, 3200, MSG_DONTWAIT, NULL, NULL) = -1 EAGAIN (Try again)
12842 1783934164.580024 recvfrom(60, "nysv\0\0\0\0\0\0\0\0\0\0\0\0\357\320N\233\304\0\0\0<\304\0\0\0\0\0\0", 3200, MSG_DONTWAIT, NULL, NULL) = 32
12842 1783934164.580878 recvfrom(60, 0x7fe216cc30, 3200, MSG_DONTWAIT, NULL, NULL) = -1 EAGAIN (Try again)
12842 1783934164.581717 recvfrom(90, 0x75d8279820, 2272, MSG_DONTWAIT, NULL, NULL) = -1 EAGAIN (Try again)
12842 1783934164.582749 recvfrom(60, 0x7fe216bc30, 3200, MSG_DONTWAIT, NULL, NULL) = -1 EAGAIN (Try again)
12842 1783934164.596183 recvfrom(60, "nysv\0\0\0\0\0\0\0\0\0\0\0\0\31!M\234\304\0\0\0=\304\0\0\0\0\0\0", 3200, MSG_DONTWAIT, NULL, NULL) = 32
12842 1783934164.598112 recvfrom(60, 0x7fe216cc30, 3200, MSG_DONTWAIT, NULL, NULL) = -1 EAGAIN (Try again)
12842 1783934164.599594 recvfrom(90, 0x75d8279820, 2272, MSG_DONTWAIT, NULL, NULL) = -1 EAGAIN (Try again)
12842 1783934164.600663 recvfrom(60, 0x7fe216bc30, 3200, MSG_DONTWAIT, NULL, NULL) = -1 EAGAIN (Try again)
12842 1783934164.612394 recvfrom(60, "nysv\0\0\0\0\0\0\0\0\0\0\0\0/\277K\235\304\0\0\0>\304\0\0\0\0\0\0", 3200, MSG_DONTWAIT, NULL, NULL) = 32
12842 1783934164.612815 recvfrom(60, 0x7fe216cc30, 3200, MSG_DONTWAIT, NULL, NULL) = -1 EAGAIN (Try again)
12842 1783934164.613611 recvfrom(90, 0x75d8279820, 2272, MSG_DONTWAIT, NULL, NULL) = -1 EAGAIN (Try again)
12842 1783934164.618288 recvfrom(60, 0x7fe216bc30, 3200, MSG_DONTWAIT, NULL, NULL) = -1 EAGAIN (Try again)
12842 1783934164.628715 recvfrom(60, "nysv\0\0\0\0\0\0\0\0\0\0\0\0\261aJ\236\304\0\0\0?\304\0\0\0\0\0\0", 3200, MSG_DONTWAIT, NULL, NULL) = 32
12842 1783934164.629246 recvfrom(60, 0x7fe216cc30, 3200, MSG_DONTWAIT, NULL, NULL) = -1 EAGAIN (Try again)
12842 1783934164.630015 recvfrom(90, 0x75d8279820, 2272, MSG_DONTWAIT, NULL, NULL) = -1 EAGAIN (Try again)
12842 1783934164.634917 recvfrom(60, 0x7fe216bc30, 3200, MSG_DONTWAIT, NULL, NULL) = -1 EAGAIN (Try again)
12842 1783934164.645602 recvfrom(60, "nysv\0\0\0\0\0\0\0\0\0\0\0\0x\356H\237\304\0\0\0@\304\0\0\0\0\0\0", 3200, MSG_DONTWAIT, NULL, NULL) = 32
12842 1783934164.646009 recvfrom(60, 0x7fe216cc30, 3200, MSG_DONTWAIT, NULL, NULL) = -1 EAGAIN (Try again)
12842 1783934164.646741 recvfrom(90, 0x75d8279820, 2272, MSG_DONTWAIT, NULL, NULL) = -1 EAGAIN (Try again)
12842 1783934164.652597 recvfrom(60, 0x7fe216bc30, 3200, MSG_DONTWAIT, NULL, NULL) = -1 EAGAIN (Try again)
12842 1783934164.662549 recvfrom(60, "nysv\0\0\0\0\0\0\0\0\0\0\0\0\241zG\240\304\0\0\0A\304\0\0\0\0\0\0", 3200, MSG_DONTWAIT, NULL, NULL) = 32
12842 1783934164.662865 recvfrom(60, 0x7fe216cc30, 3200, MSG_DONTWAIT, NULL, NULL) = -1 EAGAIN (Try again)
12842 1783934164.667699 recvfrom(90, 0x75d8279820, 2272, MSG_DONTWAIT, NULL, NULL) = -1 EAGAIN (Try again)
12842 1783934164.669536 recvfrom(60, 0x7fe216bc30, 3200, MSG_DONTWAIT, NULL, NULL) = -1 EAGAIN (Try again)
12842 1783934164.678895 recvfrom(60, "nysv\0\0\0\0\0\0\0\0\0\0\0\0O\370E\241\304\0\0\0B\304\0\0\0\0\0\0", 3200, MSG_DONTWAIT, NULL, NULL) = 32
12842 1783934164.679120 recvfrom(60, 0x7fe216cc30, 3200, MSG_DONTWAIT, NULL, NULL) = -1 EAGAIN (Try again)
12842 1783934164.679638 recvfrom(90, 0x75d8279820, 2272, MSG_DONTWAIT, NULL, NULL) = -1 EAGAIN (Try again)
12842 1783934164.684324 recvfrom(60, 0x7fe216bc30, 3200, MSG_DONTWAIT, NULL, NULL) = -1 EAGAIN (Try again)
12842 1783934164.695940 recvfrom(60, "nysv\0\0\0\0\0\0\0\0\0\0\0\0\27dD\242\304\0\0\0C\304\0\0\0\0\0\0", 3200, MSG_DONTWAIT, NULL, NULL) = 32
12842 1783934164.696294 recvfrom(60, 0x7fe216cc30, 3200, MSG_DONTWAIT, NULL, NULL) = -1 EAGAIN (Try again)
12842 1783934164.696815 recvfrom(90, 0x75d8279820, 2272, MSG_DONTWAIT, NULL, NULL) = -1 EAGAIN (Try again)
12842 1783934164.698394 recvfrom(60, 0x7fe216bc30, 3200, MSG_DONTWAIT, NULL, NULL) = -1 EAGAIN (Try again)
12842 1783934164.712633 recvfrom(60, "nysv\0\0\0\0\0\0\0\0\0\0\0\0\315\315B\243\304\0\0\0D\304\0\0\0\0\0\0", 3200, MSG_DONTWAIT, NULL, NULL) = 32
12842 1783934164.713065 recvfrom(60, 0x7fe216cc30, 3200, MSG_DONTWAIT, NULL, NULL) = -1 EAGAIN (Try again)
12842 1783934164.713566 recvfrom(90, 0x75d8279820, 2272, MSG_DONTWAIT, NULL, NULL) = -1 EAGAIN (Try again)
12842 1783934164.717236 recvfrom(60, 0x7fe216bc30, 3200, MSG_DONTWAIT, NULL, NULL) = -1 EAGAIN (Try again)
12842 1783934164.728744 recvfrom(60, "nysv\0\0\0\0\0\0\0\0\0\0\0\0\257cA\244\304\0\0\0E\304\0\0\0\0\0\0", 3200, MSG_DONTWAIT, NULL, NULL) = 32
12842 1783934164.729037 recvfrom(60, 0x7fe216cc30, 3200, MSG_DONTWAIT, NULL, NULL) = -1 EAGAIN (Try again)
12842 1783934164.729508 recvfrom(90, 0x75d8279820, 2272, MSG_DONTWAIT, NULL, NULL) = -1 EAGAIN (Try again)
12842 1783934164.735653 recvfrom(60, 0x7fe216bc30, 3200, MSG_DONTWAIT, NULL, NULL) = -1 EAGAIN (Try again)
12842 1783934164.745640 recvfrom(60, "nysv\0\0\0\0\0\0\0\0\0\0\0\0\242\343?\245\304\0\0\0F\304\0\0\0\0\0\0", 3200, MSG_DONTWAIT, NULL, NULL) = 32
12842 1783934164.746068 recvfrom(60, 0x7fe216cc30, 3200, MSG_DONTWAIT, NULL, NULL) = -1 EAGAIN (Try again)
12842 1783934164.749146 recvfrom(90, 0x75d8279820, 2272, MSG_DONTWAIT, NULL, NULL) = -1 EAGAIN (Try again)
12842 1783934164.749626 recvfrom(60, 0x7fe216bc30, 3200, MSG_DONTWAIT, NULL, NULL) = -1 EAGAIN (Try again)
12842 1783934164.762430 recvfrom(60, "nysv\0\0\0\0\0\0\0\0\0\0\0\0\327X>\246\304\0\0\0G\304\0\0\0\0\0\0", 3200, MSG_DONTWAIT, NULL, NULL) = 32
12842 1783934164.762996 recvfrom(60, 0x7fe216cc30, 3200, MSG_DONTWAIT, NULL, NULL) = -1 EAGAIN (Try again)
12842 1783934164.763416 recvfrom(90, 0x75d8279820, 2272, MSG_DONTWAIT, NULL, NULL) = -1 EAGAIN (Try again)
12842 1783934164.768535 recvfrom(60, 0x7fe216bc30, 3200, MSG_DONTWAIT, NULL, NULL) = -1 EAGAIN (Try again)
12842 1783934164.779019 recvfrom(60, "nysv\0\0\0\0\0\0\0\0\0\0\0\0*\317<\247\304\0\0\0H\304\0\0\0\0\0\0", 3200, MSG_DONTWAIT, NULL, NULL) = 32
12842 1783934164.779336 recvfrom(60, 0x7fe216cc30, 3200, MSG_DONTWAIT, NULL, NULL) = -1 EAGAIN (Try again)
12842 1783934164.779908 recvfrom(90, 0x75d8279820, 2272, MSG_DONTWAIT, NULL, NULL) = -1 EAGAIN (Try again)
12842 1783934164.782753 recvfrom(60, 0x7fe216bc30, 3200, MSG_DONTWAIT, NULL, NULL) = -1 EAGAIN (Try again)
12842 1783934164.796029 recvfrom(60, "nysv\0\0\0\0\0\0\0\0\0\0\0\0\0074;\250\304\0\0\0I\304\0\0\0\0\0\0", 3200, MSG_DONTWAIT, NULL, NULL) = 32
12842 1783934164.796532 recvfrom(60, 0x7fe216cc30, 3200, MSG_DONTWAIT, NULL, NULL) = -1 EAGAIN (Try again)
12842 1783934164.796947 recvfrom(90, 0x75d8279820, 2272, MSG_DONTWAIT, NULL, NULL) = -1 EAGAIN (Try again)
12842 1783934164.801275 recvfrom(60, 0x7fe216bc30, 3200, MSG_DONTWAIT, NULL, NULL) = -1 EAGAIN (Try again)
12842 1783934164.812685 recvfrom(60, "nysv\0\0\0\0\0\0\0\0\0\0\0\0*\2439\251\304\0\0\0J\304\0\0\0\0\0\0", 3200, MSG_DONTWAIT, NULL, NULL) = 32
12842 1783934164.813021 recvfrom(60, 0x7fe216cc30, 3200, MSG_DONTWAIT, NULL, NULL) = -1 EAGAIN (Try again)
12842 1783934164.819891 recvfrom(90, 0x75d8279820, 2272, MSG_DONTWAIT, NULL, NULL) = -1 EAGAIN (Try again)
12842 1783934164.820632 recvfrom(60, 0x7fe216bc30, 3200, MSG_DONTWAIT, NULL, NULL) = -1 EAGAIN (Try again)
12842 1783934164.828567 recvfrom(60, "nysv\0\0\0\0\0\0\0\0\0\0\0\0\212|8\252\304\0\0\0K\304\0\0\0\0\0\0", 3200, MSG_DONTWAIT, NULL, NULL) = 32
12842 1783934164.828820 recvfrom(60, 0x7fe216cc30, 3200, MSG_DONTWAIT, NULL, NULL) = -1 EAGAIN (Try again)
12842 1783934164.831039 recvfrom(90, 0x75d8279820, 2272, MSG_DONTWAIT, NULL, NULL) = -1 EAGAIN (Try again)
12872 1783934172.982357 exit(0)         = ?
12872 1783934172.982464 +++ exited with 0 +++
12893 1783934173.033569 faccessat(AT_FDCWD, "/proc/self/task/12872", F_OK) = -1 ENOENT (No such file or directory)
12842 1783934182.156145 recvfrom(90, "\2\0\0\0\0\0\0\0M\2\0\0\0\0\0\0\300\340\347\262\310\0\0\0\1\0\0\0\2\20\0\0"..., 2272, MSG_DONTWAIT, NULL, NULL) = 232
12842 1783934182.156629 sendto(90, "\3\0\0\0\0\0\0\0M\2\0\0\1\0\0\0", 16, MSG_DONTWAIT|MSG_NOSIGNAL, NULL, 0) = 16
12842 1783934182.156820 recvfrom(90, 0x75d8279820, 2272, MSG_DONTWAIT, NULL, NULL) = -1 EAGAIN (Try again)
12842 1783934182.157339 recvfrom(90, "\2\0\0\0\0\0\0\0O\2\0\0\0\0\0\0\300\340\347\262\310\0\0\0\1\0\0\0\2\20\0\0"..., 2272, MSG_DONTWAIT, NULL, NULL) = 232
12842 1783934182.157606 recvfrom(60, 0x7fe21691c0, 3200, MSG_DONTWAIT, NULL, NULL) = -1 EAGAIN (Try again)
12842 1783934182.158657 sendto(90, "\3\0\0\0\0\0\0\0O\2\0\0\1\0\0\0", 16, MSG_DONTWAIT|MSG_NOSIGNAL, NULL, 0) = 16
12842 1783934182.158888 recvfrom(90, 0x75d8279820, 2272, MSG_DONTWAIT, NULL, NULL) = -1 EAGAIN (Try again)
12842 1783934182.161762 recvfrom(60, "nysv\0\0\0\0\0\0\0\0\0\0\0\0[\32\\\263\310\0\0\0[\310\0\0\0\0\0\0", 3200, MSG_DONTWAIT, NULL, NULL) = 32
12842 1783934182.161936 recvfrom(60, 0x7fe216cc30, 3200, MSG_DONTWAIT, NULL, NULL) = -1 EAGAIN (Try again)
12842 1783934182.162212 recvfrom(90, 0x75d8279820, 2272, MSG_DONTWAIT, NULL, NULL) = -1 EAGAIN (Try again)
12842 1783934182.162711 recvfrom(60, 0x7fe216cb90, 3200, MSG_DONTWAIT, NULL, NULL) = -1 EAGAIN (Try again)
12866 1783934182.174057 recvfrom(48, 0x757b474eb0, 3200, MSG_DONTWAIT, NULL, NULL) = -1 EAGAIN (Try again)
12866 1783934182.185192 recvfrom(48, "nysv\0\0\0\0\0\0\0\0\0\0\0\0\344\274Z\264\310\0\0\0\\\310\0\0\0\0\0\0", 3200, MSG_DONTWAIT, NULL, NULL) = 32
12866 1783934182.185490 recvfrom(48, 0x757b474c80, 3200, MSG_DONTWAIT, NULL, NULL) = -1 EAGAIN (Try again)
12842 1783934182.189165 recvfrom(60, "nysv\0\0\0\0\0\0\0\0\0\0\0\0\344\274Z\264\310\0\0\0\\\310\0\0\0\0\0\0", 3200, MSG_DONTWAIT, NULL, NULL) = 32
12842 1783934182.189453 recvfrom(60, 0x7fe216cc30, 3200, MSG_DONTWAIT, NULL, NULL) = -1 EAGAIN (Try again)
12842 1783934182.193175 recvfrom(60, 0x7fe216c0f0, 3200, MSG_DONTWAIT, NULL, NULL) = -1 EAGAIN (Try again)
12842 1783934182.201466 recvfrom(60, "nysv\0\0\0\0\0\0\0\0\0\0\0\0'SY\265\310\0\0\0]\310\0\0\0\0\0\0", 3200, MSG_DONTWAIT, NULL, NULL) = 32
12842 1783934182.201805 recvfrom(60, 0x7fe216cc30, 3200, MSG_DONTWAIT, NULL, NULL) = -1 EAGAIN (Try again)
12842 1783934182.202299 recvfrom(70, 0x756c47e420, 2272, MSG_DONTWAIT, NULL, NULL) = -1 EAGAIN (Try again)
12863 1783934197.872302 openat(AT_FDCWD, "/data/misc/profiles/cur/0/app.pachli/primary.prof", O_RDWR|O_NOFOLLOW|O_CLOEXEC) = 89
12863 1783934197.872643 newfstatat(AT_FDCWD, "/data/misc/profiles/cur/0/app.pachli/primary.prof", {st_mode=S_IFREG|0600, st_size=10809, ...}, 0) = 0
12842 1783934203.931815 recvfrom(70, "\2\0\0\0\0\0\0\0S\2\0\0\0\0\0\0\300D\333\304\315\0\0\0\1\0\0\0\2\20\0\0"..., 2272, MSG_DONTWAIT, NULL, NULL) = 232
12842 1783934203.932887 sendto(70, "\3\0\0\0\0\0\0\0S\2\0\0\1\0\0\0", 16, MSG_DONTWAIT|MSG_NOSIGNAL, NULL, 0) = 16
12842 1783934203.933180 recvfrom(70, "\2\0\0\0\0\0\0\0U\2\0\0\0\0\0\0\300D\333\304\315\0\0\0\1\0\0\0\2\20\0\0"..., 2272, MSG_DONTWAIT, NULL, NULL) = 232
12842 1783934203.933690 sendto(70, "\3\0\0\0\0\0\0\0U\2\0\0\1\0\0\0", 16, MSG_DONTWAIT|MSG_NOSIGNAL, NULL, 0) = 16
12842 1783934203.933981 recvfrom(70, 0x756c47e420, 2272, MSG_DONTWAIT, NULL, NULL) = -1 EAGAIN (Try again)
12896 1783934203.948924 sendmsg(87, {msg_name=NULL, msg_namelen=0, msg_iov=[{iov_base="l\1\1\1\24\1\0\0N\0\0\0\235\0\0\0\1\1o\0;\0\0\0/re/frid"..., iov_len=452}], msg_iovlen=1, msg_controllen=0, msg_flags=0}, MSG_NOSIGNAL) = 452
12842 1783934203.961358 recvfrom(60, 0x7fe216c220, 3200, MSG_DONTWAIT, NULL, NULL) = -1 EAGAIN (Try again)
12842 1783934203.979013 recvfrom(60, "nysv\0\0\0\0\0\0\0\0\0\0\0\0\32\n\275\307\315\0\0\0x\315\0\0\0\0\0\0", 3200, MSG_DONTWAIT, NULL, NULL) = 32
12842 1783934203.979632 recvfrom(60, 0x7fe216cc30, 3200, MSG_DONTWAIT, NULL, NULL) = -1 EAGAIN (Try again)
12842 1783934203.980239 recvfrom(90, 0x75d827a420, 2272, MSG_DONTWAIT, NULL, NULL) = -1 EAGAIN (Try again)
12842 1783934203.981070 recvfrom(60, 0x7fe216c620, 3200, MSG_DONTWAIT, NULL, NULL) = -1 EAGAIN (Try again)
12842 1783934204.018420 recvfrom(60, "nysv\0\0\0\0\0\0\0\0\0\0\0\0\262\246\273\310\315\0\0\0y\315\0\0\0\0\0\0", 3200, MSG_DONTWAIT, NULL, NULL) = 32
12842 1783934204.018588 recvfrom(60, 0x7fe216cc30, 3200, MSG_DONTWAIT, NULL, NULL) = -1 EAGAIN (Try again)
12842 1783934204.021567 recvfrom(90, 0x75d827a420, 2272, MSG_DONTWAIT, NULL, NULL) = -1 EAGAIN (Try again)
12842 1783934204.024990 recvfrom(60, 0x7fe216cc80, 3200, MSG_DONTWAIT, NULL, NULL) = -1 EAGAIN (Try again)
12842 1783934204.033404 recvfrom(60, "nysv\0\0\0\0\0\0\0\0\0\0\0\0004\326\270\312\315\0\0\0{\315\0\0\0\0\0\0", 3200, MSG_DONTWAIT, NULL, NULL) = 32
12842 1783934204.033732 recvfrom(60, 0x7fe216cc30, 3200, MSG_DONTWAIT, NULL, NULL) = -1 EAGAIN (Try again)
12842 1783934204.034120 recvfrom(90, 0x75d827a420, 2272, MSG_DONTWAIT, NULL, NULL) = -1 EAGAIN (Try again)
12842 1783934204.034491 recvfrom(70, 0x756c47e420, 2272, MSG_DONTWAIT, NULL, NULL) = -1 EAGAIN (Try again)
12842 1783934205.580451 recvfrom(60, 0x7fe216ca00, 3200, MSG_DONTWAIT, NULL, NULL) = -1 EAGAIN (Try again)
12842 1783934205.599210 recvfrom(60, "nysv\0\0\0\0\0\0\0\0\0\0\0\0\4\202\30(\316\0\0\0\331\315\0\0\0\0\0\0", 3200, MSG_DONTWAIT, NULL, NULL) = 32
12842 1783934205.599724 recvfrom(60, 0x7fe216cc30, 3200, MSG_DONTWAIT, NULL, NULL) = -1 EAGAIN (Try again)
12842 1783934205.600385 recvfrom(90, 0x75d827a420, 2272, MSG_DONTWAIT, NULL, NULL) = -1 EAGAIN (Try again)
12842 1783934205.601158 recvfrom(60, 0x7fe216bc30, 3200, MSG_DONTWAIT, NULL, NULL) = -1 EAGAIN (Try again)
12842 1783934205.612725 recvfrom(60, "nysv\0\0\0\0\0\0\0\0\0\0\0\0L\3\27)\316\0\0\0\332\315\0\0\0\0\0\0", 3200, MSG_DONTWAIT, NULL, NULL) = 32
12842 1783934205.613133 recvfrom(60, 0x7fe216cc30, 3200, MSG_DONTWAIT, NULL, NULL) = -1 EAGAIN (Try again)
12842 1783934205.614280 recvfrom(90, 0x75d827a420, 2272, MSG_DONTWAIT, NULL, NULL) = -1 EAGAIN (Try again)
12842 1783934205.615288 recvfrom(60, 0x7fe216bc30, 3200, MSG_DONTWAIT, NULL, NULL) = -1 EAGAIN (Try again)
12842 1783934205.628890 recvfrom(60, "nysv\0\0\0\0\0\0\0\0\0\0\0\0L\213\25*\316\0\0\0\333\315\0\0\0\0\0\0", 3200, MSG_DONTWAIT, NULL, NULL) = 32
12842 1783934205.629530 recvfrom(60, 0x7fe216cc30, 3200, MSG_DONTWAIT, NULL, NULL) = -1 EAGAIN (Try again)
12842 1783934205.632363 recvfrom(90, 0x75d827a420, 2272, MSG_DONTWAIT, NULL, NULL) = -1 EAGAIN (Try again)
12842 1783934205.632772 recvfrom(60, 0x7fe216bc30, 3200, MSG_DONTWAIT, NULL, NULL) = -1 EAGAIN (Try again)
12842 1783934205.645514 recvfrom(60, "nysv\0\0\0\0\0\0\0\0\0\0\0\0}\26\24+\316\0\0\0\334\315\0\0\0\0\0\0", 3200, MSG_DONTWAIT, NULL, NULL) = 32
12842 1783934205.645900 recvfrom(60, 0x7fe216cc30, 3200, MSG_DONTWAIT, NULL, NULL) = -1 EAGAIN (Try again)
12842 1783934205.648400 recvfrom(90, 0x75d827a420, 2272, MSG_DONTWAIT, NULL, NULL) = -1 EAGAIN (Try again)
12842 1783934205.649751 recvfrom(60, 0x7fe216bc30, 3200, MSG_DONTWAIT, NULL, NULL) = -1 EAGAIN (Try again)
12842 1783934205.662438 recvfrom(60, "nysv\0\0\0\0\0\0\0\0\0\0\0\0\305\221\22,\316\0\0\0\335\315\0\0\0\0\0\0", 3200, MSG_DONTWAIT, NULL, NULL) = 32
12842 1783934205.662761 recvfrom(60, 0x7fe216cc30, 3200, MSG_DONTWAIT, NULL, NULL) = -1 EAGAIN (Try again)
12842 1783934205.663380 recvfrom(90, 0x75d827a420, 2272, MSG_DONTWAIT, NULL, NULL) = -1 EAGAIN (Try again)
12842 1783934205.665445 recvfrom(60, 0x7fe216bc30, 3200, MSG_DONTWAIT, NULL, NULL) = -1 EAGAIN (Try again)
12842 1783934205.679366 recvfrom(60, "nysv\0\0\0\0\0\0\0\0\0\0\0\0\333\377\20-\316\0\0\0\336\315\0\0\0\0\0\0", 3200, MSG_DONTWAIT, NULL, NULL) = 32
12842 1783934205.679623 recvfrom(60, 0x7fe216cc30, 3200, MSG_DONTWAIT, NULL, NULL) = -1 EAGAIN (Try again)
12842 1783934205.680108 recvfrom(90, 0x75d827a420, 2272, MSG_DONTWAIT, NULL, NULL) = -1 EAGAIN (Try again)
12842 1783934205.682961 recvfrom(60, 0x7fe216bc30, 3200, MSG_DONTWAIT, NULL, NULL) = -1 EAGAIN (Try again)
12842 1783934205.695869 recvfrom(60, "nysv\0\0\0\0\0\0\0\0\0\0\0\0\27}\17.\316\0\0\0\337\315\0\0\0\0\0\0", 3200, MSG_DONTWAIT, NULL, NULL) = 32
12842 1783934205.696117 recvfrom(60, 0x7fe216cc30, 3200, MSG_DONTWAIT, NULL, NULL) = -1 EAGAIN (Try again)
12842 1783934205.697989 recvfrom(90, 0x75d827a420, 2272, MSG_DONTWAIT, NULL, NULL) = -1 EAGAIN (Try again)
12842 1783934205.698998 recvfrom(60, 0x7fe216bc30, 3200, MSG_DONTWAIT, NULL, NULL) = -1 EAGAIN (Try again)
12842 1783934205.712820 recvfrom(60, "nysv\0\0\0\0\0\0\0\0\0\0\0\0\246\335\r/\316\0\0\0\340\315\0\0\0\0\0\0", 3200, MSG_DONTWAIT, NULL, NULL) = 32
12842 1783934205.713170 recvfrom(60, 0x7fe216cc30, 3200, MSG_DONTWAIT, NULL, NULL) = -1 EAGAIN (Try again)
12842 1783934205.713781 recvfrom(90, 0x75d827a420, 2272, MSG_DONTWAIT, NULL, NULL) = -1 EAGAIN (Try again)
12842 1783934205.716158 recvfrom(60, 0x7fe216bc30, 3200, MSG_DONTWAIT, NULL, NULL) = -1 EAGAIN (Try again)
12842 1783934205.728800 recvfrom(60, "nysv\0\0\0\0\0\0\0\0\0\0\0\0\303g\f0\316\0\0\0\341\315\0\0\0\0\0\0", 3200, MSG_DONTWAIT, NULL, NULL) = 32
12842 1783934205.729350 recvfrom(60, 0x7fe216cc30, 3200, MSG_DONTWAIT, NULL, NULL) = -1 EAGAIN (Try again)
12842 1783934205.730078 recvfrom(90, 0x75d827a420, 2272, MSG_DONTWAIT, NULL, NULL) = -1 EAGAIN (Try again)
12842 1783934205.730988 recvfrom(60, 0x7fe216bc30, 3200, MSG_DONTWAIT, NULL, NULL) = -1 EAGAIN (Try again)
12842 1783934205.745023 recvfrom(60, "nysv\0\0\0\0\0\0\0\0\0\0\0\0\306\311\n1\316\0\0\0\342\315\0\0\0\0\0\0", 3200, MSG_DONTWAIT, NULL, NULL) = 32
12842 1783934205.745419 recvfrom(60, 0x7fe216cc30, 3200, MSG_DONTWAIT, NULL, NULL) = -1 EAGAIN (Try again)
12842 1783934205.746019 recvfrom(90, 0x75d827a420, 2272, MSG_DONTWAIT, NULL, NULL) = -1 EAGAIN (Try again)
12842 1783934205.746782 recvfrom(60, 0x7fe216bc30, 3200, MSG_DONTWAIT, NULL, NULL) = -1 EAGAIN (Try again)
12842 1783934205.762820 recvfrom(60, "nysv\0\0\0\0\0\0\0\0\0\0\0\0*%\t2\316\0\0\0\343\315\0\0\0\0\0\0", 3200, MSG_DONTWAIT, NULL, NULL) = 32
12842 1783934205.763163 recvfrom(60, 0x7fe216cc30, 3200, MSG_DONTWAIT, NULL, NULL) = -1 EAGAIN (Try again)
12842 1783934205.763851 recvfrom(90, 0x75d827a420, 2272, MSG_DONTWAIT, NULL, NULL) = -1 EAGAIN (Try again)
12842 1783934205.765862 recvfrom(60, 0x7fe216bc30, 3200, MSG_DONTWAIT, NULL, NULL) = -1 EAGAIN (Try again)
12842 1783934205.779287 recvfrom(60, "nysv\0\0\0\0\0\0\0\0\0\0\0\0\256\216\0073\316\0\0\0\344\315\0\0\0\0\0\0", 3200, MSG_DONTWAIT, NULL, NULL) = 32
12842 1783934205.779817 recvfrom(60, 0x7fe216cc30, 3200, MSG_DONTWAIT, NULL, NULL) = -1 EAGAIN (Try again)
12842 1783934205.780281 recvfrom(90, 0x75d827a420, 2272, MSG_DONTWAIT, NULL, NULL) = -1 EAGAIN (Try again)
12842 1783934205.784872 recvfrom(60, 0x7fe216bc30, 3200, MSG_DONTWAIT, NULL, NULL) = -1 EAGAIN (Try again)
12842 1783934205.795362 recvfrom(60, "nysv\0\0\0\0\0\0\0\0\0\0\0\0\360%\0064\316\0\0\0\345\315\0\0\0\0\0\0", 3200, MSG_DONTWAIT, NULL, NULL) = 32
12842 1783934205.795992 recvfrom(60, 0x7fe216cc30, 3200, MSG_DONTWAIT, NULL, NULL) = -1 EAGAIN (Try again)
12842 1783934205.798998 recvfrom(90, 0x75d827a420, 2272, MSG_DONTWAIT, NULL, NULL) = -1 EAGAIN (Try again)
12842 1783934205.799519 recvfrom(60, 0x7fe216bc30, 3200, MSG_DONTWAIT, NULL, NULL) = -1 EAGAIN (Try again)
12842 1783934205.811843 recvfrom(60, "nysv\0\0\0\0\0\0\0\0\0\0\0\0\313\275\0045\316\0\0\0\346\315\0\0\0\0\0\0", 3200, MSG_DONTWAIT, NULL, NULL) = 32
12842 1783934205.812162 recvfrom(60, 0x7fe216cc30, 3200, MSG_DONTWAIT, NULL, NULL) = -1 EAGAIN (Try again)
12842 1783934205.812889 recvfrom(90, 0x75d827a420, 2272, MSG_DONTWAIT, NULL, NULL) = -1 EAGAIN (Try again)
12842 1783934205.814855 recvfrom(60, 0x7fe216bc30, 3200, MSG_DONTWAIT, NULL, NULL) = -1 EAGAIN (Try again)
12842 1783934205.828891 recvfrom(60, "nysv\0\0\0\0\0\0\0\0\0\0\0\0\370G\0036\316\0\0\0\347\315\0\0\0\0\0\0", 3200, MSG_DONTWAIT, NULL, NULL) = 32
12842 1783934205.829324 recvfrom(60, 0x7fe216cc30, 3200, MSG_DONTWAIT, NULL, NULL) = -1 EAGAIN (Try again)
12842 1783934205.829790 recvfrom(90, 0x75d827a420, 2272, MSG_DONTWAIT, NULL, NULL) = -1 EAGAIN (Try again)
12842 1783934205.831788 recvfrom(60, 0x7fe216bc30, 3200, MSG_DONTWAIT, NULL, NULL) = -1 EAGAIN (Try again)
12842 1783934205.845683 recvfrom(60, "nysv\0\0\0\0\0\0\0\0\0\0\0\0\276\277\0017\316\0\0\0\350\315\0\0\0\0\0\0", 3200, MSG_DONTWAIT, NULL, NULL) = 32
12842 1783934205.846028 recvfrom(60, 0x7fe216cc30, 3200, MSG_DONTWAIT, NULL, NULL) = -1 EAGAIN (Try again)
12842 1783934205.846870 recvfrom(90, 0x75d827a420, 2272, MSG_DONTWAIT, NULL, NULL) = -1 EAGAIN (Try again)
12842 1783934223.604465 recvfrom(90, "\2\0\0\0\0\0\0\0Y\2\0\0\0\0\0\0\300*fY\322\0\0\0\1\0\0\0\2\20\0\0"..., 2272, MSG_DONTWAIT, NULL, NULL) = 232
12842 1783934223.604974 sendto(90, "\3\0\0\0\0\0\0\0Y\2\0\0\1\0\0\0", 16, MSG_DONTWAIT|MSG_NOSIGNAL, NULL, 0) = 16
12842 1783934223.605171 recvfrom(90, "\2\0\0\0\0\0\0\0[\2\0\0\0\0\0\0\300*fY\322\0\0\0\1\0\0\0\2\20\0\0"..., 2272, MSG_DONTWAIT, NULL, NULL) = 232
12842 1783934223.605471 recvfrom(60, 0x7fe21691c0, 3200, MSG_DONTWAIT, NULL, NULL) = -1 EAGAIN (Try again)
12842 1783934223.606456 sendto(90, "\3\0\0\0\0\0\0\0[\2\0\0\1\0\0\0", 16, MSG_DONTWAIT|MSG_NOSIGNAL, NULL, 0) = 16
12842 1783934223.606745 recvfrom(90, 0x75d827a420, 2272, MSG_DONTWAIT, NULL, NULL) = -1 EAGAIN (Try again)
12842 1783934223.611586 recvfrom(60, "nysv\0\0\0\0\0\0\0\0\0\0\0\0\262'\371Y\322\0\0\0\22\322\0\0\0\0\0\0", 3200, MSG_DONTWAIT, NULL, NULL) = 32
12842 1783934223.611785 recvfrom(60, 0x7fe216cc30, 3200, MSG_DONTWAIT, NULL, NULL) = -1 EAGAIN (Try again)
12842 1783934223.612064 recvfrom(90, 0x75d827a420, 2272, MSG_DONTWAIT, NULL, NULL) = -1 EAGAIN (Try again)
12842 1783934223.612203 recvfrom(60, 0x7fe216cb90, 3200, MSG_DONTWAIT, NULL, NULL) = -1 EAGAIN (Try again)
12866 1783934223.623540 recvfrom(48, 0x757b474eb0, 3200, MSG_DONTWAIT, NULL, NULL) = -1 EAGAIN (Try again)
12866 1783934223.632357 recvfrom(48, "nysv\0\0\0\0\0\0\0\0\0\0\0\0M\310\367Z\322\0\0\0\23\322\0\0\0\0\0\0", 3200, MSG_DONTWAIT, NULL, NULL) = 32
12866 1783934223.632786 recvfrom(48, 0x757b474c80, 3200, MSG_DONTWAIT, NULL, NULL) = -1 EAGAIN (Try again)
12842 1783934223.637573 recvfrom(60, "nysv\0\0\0\0\0\0\0\0\0\0\0\0M\310\367Z\322\0\0\0\23\322\0\0\0\0\0\0", 3200, MSG_DONTWAIT, NULL, NULL) = 32
12842 1783934223.637803 recvfrom(60, 0x7fe216cc30, 3200, MSG_DONTWAIT, NULL, NULL) = -1 EAGAIN (Try again)
12842 1783934223.641245 recvfrom(60, 0x7fe216c0f0, 3200, MSG_DONTWAIT, NULL, NULL) = -1 EAGAIN (Try again)
12842 1783934223.645773 recvfrom(60, "nysv\0\0\0\0\0\0\0\0\0\0\0\0\372G\366[\322\0\0\0\24\322\0\0\0\0\0\0", 3200, MSG_DONTWAIT, NULL, NULL) = 32
12842 1783934223.646043 recvfrom(60, 0x7fe216cc30, 3200, MSG_DONTWAIT, NULL, NULL) = -1 EAGAIN (Try again)
12842 1783934223.651918 recvfrom(70, 0x756c47e420, 2272, MSG_DONTWAIT, NULL, NULL) = -1 EAGAIN (Try again)
12863 1783934237.883788 openat(AT_FDCWD, "/data/misc/profiles/cur/0/app.pachli/primary.prof", O_RDWR|O_NOFOLLOW|O_CLOEXEC) = 89
12863 1783934237.884058 newfstatat(AT_FDCWD, "/data/misc/profiles/cur/0/app.pachli/primary.prof", {st_mode=S_IFREG|0600, st_size=10809, ...}, 0) = 0
12842 1783934242.992876 recvfrom(70, "\2\0\0\0\0\0\0\0_\2\0\0\0\0\0\0@\26\"\335\326\0\0\0\1\0\0\0\2\20\0\0"..., 2272, MSG_DONTWAIT, NULL, NULL) = 232
12842 1783934242.993309 sendto(70, "\3\0\0\0\0\0\0\0_\2\0\0\1\0\0\0", 16, MSG_DONTWAIT|MSG_NOSIGNAL, NULL, 0) = 16
12842 1783934242.993572 recvfrom(70, 0x756c47e420, 2272, MSG_DONTWAIT, NULL, NULL) = -1 EAGAIN (Try again)
12842 1783934242.994173 recvfrom(70, "\2\0\0\0\0\0\0\0a\2\0\0\0\0\0\0@\26\"\335\326\0\0\0\1\0\0\0\2\20\0\0"..., 2272, MSG_DONTWAIT, NULL, NULL) = 232
12842 1783934242.994770 sendto(70, "\3\0\0\0\0\0\0\0a\2\0\0\1\0\0\0", 16, MSG_DONTWAIT|MSG_NOSIGNAL, NULL, 0) = 16
12842 1783934242.995017 recvfrom(70, 0x756c47e420, 2272, MSG_DONTWAIT, NULL, NULL) = -1 EAGAIN (Try again)
12896 1783934243.005800 sendmsg(87, {msg_name=NULL, msg_namelen=0, msg_iov=[{iov_base="l\1\1\1\24\1\0\0O\0\0\0\235\0\0\0\1\1o\0;\0\0\0/re/frid"..., iov_len=452}], msg_iovlen=1, msg_controllen=0, msg_flags=0}, MSG_NOSIGNAL) = 452
12842 1783934243.018109 recvfrom(60, 0x7fe216c220, 3200, MSG_DONTWAIT, NULL, NULL) = -1 EAGAIN (Try again)
12842 1783934243.029243 recvfrom(60, "nysv\0\0\0\0\0\0\0\0\0\0\0\0\303\313K\337\326\0\0\0\237\326\0\0\0\0\0\0", 3200, MSG_DONTWAIT, NULL, NULL) = 32
12842 1783934243.029432 recvfrom(60, 0x7fe216cc30, 3200, MSG_DONTWAIT, NULL, NULL) = -1 EAGAIN (Try again)
12842 1783934243.029905 recvfrom(90, 0x75d8279820, 2272, MSG_DONTWAIT, NULL, NULL) = -1 EAGAIN (Try again)
12842 1783934243.031110 recvfrom(60, 0x7fe216c620, 3200, MSG_DONTWAIT, NULL, NULL) = -1 EAGAIN (Try again)
12842 1783934243.060816 recvfrom(60, "nysv\0\0\0\0\0\0\0\0\0\0\0\0\355kJ\340\326\0\0\0\240\326\0\0\0\0\0\0", 3200, MSG_DONTWAIT, NULL, NULL) = 32
12842 1783934243.060972 recvfrom(60, 0x7fe216cc30, 3200, MSG_DONTWAIT, NULL, NULL) = -1 EAGAIN (Try again)
12842 1783934243.065706 recvfrom(90, 0x75d8279820, 2272, MSG_DONTWAIT, NULL, NULL) = -1 EAGAIN (Try again)
12842 1783934243.069777 recvfrom(60, 0x7fe216cc80, 3200, MSG_DONTWAIT, NULL, NULL) = -1 EAGAIN (Try again)
12842 1783934243.083692 recvfrom(60, "nysv\0\0\0\0\0\0\0\0\0\0\0\0\227\235G\342\326\0\0\0\242\326\0\0\0\0\0\0", 3200, MSG_DONTWAIT, NULL, NULL) = 32
12842 1783934243.084027 recvfrom(60, 0x7fe216cc30, 3200, MSG_DONTWAIT, NULL, NULL) = -1 EAGAIN (Try again)
12842 1783934243.084537 recvfrom(90, 0x75d8279820, 2272, MSG_DONTWAIT, NULL, NULL) = -1 EAGAIN (Try again)
12842 1783934243.084831 recvfrom(70, 0x756c47e420, 2272, MSG_DONTWAIT, NULL, NULL) = -1 EAGAIN (Try again)
12842 1783934244.629571 recvfrom(60, 0x7fe216ca00, 3200, MSG_DONTWAIT, NULL, NULL) = -1 EAGAIN (Try again)
12842 1783934244.633257 recvfrom(60, "nysv\0\0\0\0\0\0\0\0\0\0\0\0\356\360\250>\327\0\0\0\377\326\0\0\0\0\0\0", 3200, MSG_DONTWAIT, NULL, NULL) = 32
12842 1783934244.633633 recvfrom(60, 0x7fe216cc30, 3200, MSG_DONTWAIT, NULL, NULL) = -1 EAGAIN (Try again)
12842 1783934244.634001 recvfrom(90, 0x75d8279820, 2272, MSG_DONTWAIT, NULL, NULL) = -1 EAGAIN (Try again)
12842 1783934244.634905 recvfrom(60, 0x7fe216bc30, 3200, MSG_DONTWAIT, NULL, NULL) = -1 EAGAIN (Try again)
12842 1783934244.646271 recvfrom(60, "nysv\0\0\0\0\0\0\0\0\0\0\0\0\30A\247?\327\0\0\0\0\327\0\0\200\0\0\0", 3200, MSG_DONTWAIT, NULL, NULL) = 32
12842 1783934244.647012 recvfrom(60, 0x7fe216cc30, 3200, MSG_DONTWAIT, NULL, NULL) = -1 EAGAIN (Try again)
12842 1783934244.647912 recvfrom(90, 0x75d8279820, 2272, MSG_DONTWAIT, NULL, NULL) = -1 EAGAIN (Try again)
12842 1783934244.648806 recvfrom(60, 0x7fe216bc30, 3200, MSG_DONTWAIT, NULL, NULL) = -1 EAGAIN (Try again)
12842 1783934244.662358 recvfrom(60, "nysv\0\0\0\0\0\0\0\0\0\0\0\0\f\342\245@\327\0\0\0\1\327\0\0\0\0\0\0", 3200, MSG_DONTWAIT, NULL, NULL) = 32
12842 1783934244.663186 recvfrom(60, 0x7fe216cc30, 3200, MSG_DONTWAIT, NULL, NULL) = -1 EAGAIN (Try again)
12842 1783934244.669884 recvfrom(90, 0x75d8279820, 2272, MSG_DONTWAIT, NULL, NULL) = -1 EAGAIN (Try again)
12842 1783934244.670512 recvfrom(60, 0x7fe216bc30, 3200, MSG_DONTWAIT, NULL, NULL) = -1 EAGAIN (Try again)
12842 1783934244.678831 recvfrom(60, "nysv\0\0\0\0\0\0\0\0\0\0\0\0\n\205\244A\327\0\0\0\2\327\0\0\0\0\0\0", 3200, MSG_DONTWAIT, NULL, NULL) = 32
12842 1783934244.679330 recvfrom(60, 0x7fe216cc30, 3200, MSG_DONTWAIT, NULL, NULL) = -1 EAGAIN (Try again)
12842 1783934244.686334 recvfrom(90, 0x75d8279820, 2272, MSG_DONTWAIT, NULL, NULL) = -1 EAGAIN (Try again)
12842 1783934244.687408 recvfrom(60, 0x7fe216bc30, 3200, MSG_DONTWAIT, NULL, NULL) = -1 EAGAIN (Try again)
12842 1783934244.695162 recvfrom(60, "nysv\0\0\0\0\0\0\0\0\0\0\0\0\201&\243B\327\0\0\0\3\327\0\0\0\0\0\0", 3200, MSG_DONTWAIT, NULL, NULL) = 32
12842 1783934244.695662 recvfrom(60, 0x7fe216cc30, 3200, MSG_DONTWAIT, NULL, NULL) = -1 EAGAIN (Try again)
12842 1783934244.696199 recvfrom(90, 0x75d8279820, 2272, MSG_DONTWAIT, NULL, NULL) = -1 EAGAIN (Try again)
12842 1783934244.699003 recvfrom(60, 0x7fe216bc30, 3200, MSG_DONTWAIT, NULL, NULL) = -1 EAGAIN (Try again)
12842 1783934244.711832 recvfrom(60, "nysv\0\0\0\0\0\0\0\0\0\0\0\0\17\306\241C\327\0\0\0\4\327\0\0\0\0\0\0", 3200, MSG_DONTWAIT, NULL, NULL) = 32
12842 1783934244.712234 recvfrom(60, 0x7fe216cc30, 3200, MSG_DONTWAIT, NULL, NULL) = -1 EAGAIN (Try again)
12842 1783934244.712628 recvfrom(90, 0x75d8279820, 2272, MSG_DONTWAIT, NULL, NULL) = -1 EAGAIN (Try again)
12842 1783934244.716792 recvfrom(60, 0x7fe216bc30, 3200, MSG_DONTWAIT, NULL, NULL) = -1 EAGAIN (Try again)
12842 1783934244.729389 recvfrom(60, "nysv\0\0\0\0\0\0\0\0\0\0\0\0\236-\240D\327\0\0\0\5\327\0\0\0\0\0\0", 3200, MSG_DONTWAIT, NULL, NULL) = 32
12842 1783934244.729677 recvfrom(60, 0x7fe216cc30, 3200, MSG_DONTWAIT, NULL, NULL) = -1 EAGAIN (Try again)
12842 1783934244.730241 recvfrom(90, 0x75d8279820, 2272, MSG_DONTWAIT, NULL, NULL) = -1 EAGAIN (Try again)
12842 1783934244.733745 recvfrom(60, 0x7fe216bc30, 3200, MSG_DONTWAIT, NULL, NULL) = -1 EAGAIN (Try again)
12842 1783934244.745582 recvfrom(60, "nysv\0\0\0\0\0\0\0\0\0\0\0\0\360\261\236E\327\0\0\0\6\327\0\0\0\0\0\0", 3200, MSG_DONTWAIT, NULL, NULL) = 32
12842 1783934244.746000 recvfrom(60, 0x7fe216cc30, 3200, MSG_DONTWAIT, NULL, NULL) = -1 EAGAIN (Try again)
12842 1783934244.751151 recvfrom(90, 0x75d8279820, 2272, MSG_DONTWAIT, NULL, NULL) = -1 EAGAIN (Try again)
12842 1783934244.752254 recvfrom(60, 0x7fe216bc30, 3200, MSG_DONTWAIT, NULL, NULL) = -1 EAGAIN (Try again)
12842 1783934244.761931 recvfrom(60, "nysv\0\0\0\0\0\0\0\0\0\0\0\0\317J\235F\327\0\0\0\7\327\0\0\0\0\0\0", 3200, MSG_DONTWAIT, NULL, NULL) = 32
12842 1783934244.762193 recvfrom(60, 0x7fe216cc30, 3200, MSG_DONTWAIT, NULL, NULL) = -1 EAGAIN (Try again)
12842 1783934244.762682 recvfrom(90, 0x75d8279820, 2272, MSG_DONTWAIT, NULL, NULL) = -1 EAGAIN (Try again)
12842 1783934244.767733 recvfrom(60, 0x7fe216bc30, 3200, MSG_DONTWAIT, NULL, NULL) = -1 EAGAIN (Try again)
12842 1783934244.778672 recvfrom(60, "nysv\0\0\0\0\0\0\0\0\0\0\0\0\304\n\234G\327\0\0\0\10\327\0\0\0\0\0\0", 3200, MSG_DONTWAIT, NULL, NULL) = 32
12842 1783934244.778979 recvfrom(60, 0x7fe216cc30, 3200, MSG_DONTWAIT, NULL, NULL) = -1 EAGAIN (Try again)
12842 1783934244.779632 recvfrom(90, 0x75d8279820, 2272, MSG_DONTWAIT, NULL, NULL) = -1 EAGAIN (Try again)
12842 1783934244.784418 recvfrom(60, 0x7fe216bc30, 3200, MSG_DONTWAIT, NULL, NULL) = -1 EAGAIN (Try again)
12842 1783934244.795925 recvfrom(60, "nysv\0\0\0\0\0\0\0\0\0\0\0\0Eu\232H\327\0\0\0\t\327\0\0\0\0\0\0", 3200, MSG_DONTWAIT, NULL, NULL) = 32
12842 1783934244.796270 recvfrom(60, 0x7fe216cc30, 3200, MSG_DONTWAIT, NULL, NULL) = -1 EAGAIN (Try again)
12842 1783934244.796821 recvfrom(90, 0x75d8279820, 2272, MSG_DONTWAIT, NULL, NULL) = -1 EAGAIN (Try again)
12842 1783934244.801694 recvfrom(60, 0x7fe216bc30, 3200, MSG_DONTWAIT, NULL, NULL) = -1 EAGAIN (Try again)
12842 1783934244.811926 recvfrom(60, "nysv\0\0\0\0\0\0\0\0\0\0\0\0003\r\231I\327\0\0\0\n\327\0\0\0\0\0\0", 3200, MSG_DONTWAIT, NULL, NULL) = 32
12842 1783934244.812244 recvfrom(60, 0x7fe216cc30, 3200, MSG_DONTWAIT, NULL, NULL) = -1 EAGAIN (Try again)
12842 1783934244.812634 recvfrom(90, 0x75d8279820, 2272, MSG_DONTWAIT, NULL, NULL) = -1 EAGAIN (Try again)
12842 1783934244.818405 recvfrom(60, 0x7fe216bc30, 3200, MSG_DONTWAIT, NULL, NULL) = -1 EAGAIN (Try again)
12842 1783934244.828739 recvfrom(60, "nysv\0\0\0\0\0\0\0\0\0\0\0\0005\230\227J\327\0\0\0\v\327\0\0\0\0\0\0", 3200, MSG_DONTWAIT, NULL, NULL) = 32
12842 1783934244.829078 recvfrom(60, 0x7fe216cc30, 3200, MSG_DONTWAIT, NULL, NULL) = -1 EAGAIN (Try again)
12842 1783934244.829511 recvfrom(90, 0x75d8279820, 2272, MSG_DONTWAIT, NULL, NULL) = -1 EAGAIN (Try again)
12842 1783934244.831129 recvfrom(60, 0x7fe216bc30, 3200, MSG_DONTWAIT, NULL, NULL) = -1 EAGAIN (Try again)
12842 1783934244.845565 recvfrom(60, "nysv\0\0\0\0\0\0\0\0\0\0\0\0\2\27\226K\327\0\0\0\f\327\0\0\0\0\0\0", 3200, MSG_DONTWAIT, NULL, NULL) = 32
12842 1783934244.845818 recvfrom(60, 0x7fe216cc30, 3200, MSG_DONTWAIT, NULL, NULL) = -1 EAGAIN (Try again)
12842 1783934244.846243 recvfrom(90, 0x75d8279820, 2272, MSG_DONTWAIT, NULL, NULL) = -1 EAGAIN (Try again)
12842 1783934244.851574 recvfrom(60, 0x7fe216bc30, 3200, MSG_DONTWAIT, NULL, NULL) = -1 EAGAIN (Try again)
12842 1783934244.862591 recvfrom(60, "nysv\0\0\0\0\0\0\0\0\0\0\0\0K\206\224L\327\0\0\0\r\327\0\0\0\0\0\0", 3200, MSG_DONTWAIT, NULL, NULL) = 32
12842 1783934244.862939 recvfrom(60, 0x7fe216cc30, 3200, MSG_DONTWAIT, NULL, NULL) = -1 EAGAIN (Try again)
12842 1783934244.863405 recvfrom(90, 0x75d8279820, 2272, MSG_DONTWAIT, NULL, NULL) = -1 EAGAIN (Try again)
12842 1783934244.868888 recvfrom(60, 0x7fe216bc30, 3200, MSG_DONTWAIT, NULL, NULL) = -1 EAGAIN (Try again)
12842 1783934244.879181 recvfrom(60, "nysv\0\0\0\0\0\0\0\0\0\0\0\0\332\372\222M\327\0\0\0\16\327\0\0\0\0\0\0", 3200, MSG_DONTWAIT, NULL, NULL) = 32
12842 1783934244.879421 recvfrom(60, 0x7fe216cc30, 3200, MSG_DONTWAIT, NULL, NULL) = -1 EAGAIN (Try again)
12842 1783934244.879981 recvfrom(90, 0x75d8279820, 2272, MSG_DONTWAIT, NULL, NULL) = -1 EAGAIN (Try again)
12842 1783934244.885714 recvfrom(60, 0x7fe216bc30, 3200, MSG_DONTWAIT, NULL, NULL) = -1 EAGAIN (Try again)
12842 1783934244.895668 recvfrom(60, "nysv\0\0\0\0\0\0\0\0\0\0\0\0\303v\221N\327\0\0\0\17\327\0\0\0\0\0\0", 3200, MSG_DONTWAIT, NULL, NULL) = 32
12842 1783934244.896009 recvfrom(60, 0x7fe216cc30, 3200, MSG_DONTWAIT, NULL, NULL) = -1 EAGAIN (Try again)
12842 1783934244.896480 recvfrom(90, 0x75d8279820, 2272, MSG_DONTWAIT, NULL, NULL) = -1 EAGAIN (Try again)
