32544 1783888863.270987 exit(0)         = ?
32544 1783888863.271285 +++ exited with 0 +++
32541 1783888863.271301 exit(0)         = ?
32541 1783888863.271514 +++ exited with 0 +++
32539 1783888863.271524 exit(0)         = ?
32539 1783888863.271574 +++ exited with 0 +++
32543 1783888863.273968 exit(0)         = ?
32543 1783888863.274416 +++ exited with 0 +++
32554 1783888863.275565 newfstatat(AT_FDCWD, "/data", {st_mode=S_IFDIR|0771, st_size=4096, ...}, AT_SYMLINK_NOFOLLOW) = 0
32554 1783888863.275981 newfstatat(AT_FDCWD, "/data/app", {st_mode=S_IFDIR|0771, st_size=4096, ...}, AT_SYMLINK_NOFOLLOW) = 0
32554 1783888863.276404 newfstatat(AT_FDCWD, "/data/app/agrigolo.opendrummer-89j5lnqXMUNHpyw06NsU6Q==", {st_mode=S_IFDIR|0775, st_size=4096, ...}, AT_SYMLINK_NOFOLLOW) = 0
32554 1783888863.276771 newfstatat(AT_FDCWD, "/data/app/agrigolo.opendrummer-89j5lnqXMUNHpyw06NsU6Q==/base.apk", {st_mode=S_IFREG|0644, st_size=6671757, ...}, AT_SYMLINK_NOFOLLOW) = 0
32554 1783888863.277153 getcwd("/", 4096) = 2
32554 1783888863.277641 newfstatat(AT_FDCWD, "/base.apk", 0x7ea7735690, AT_SYMLINK_NOFOLLOW) = -1 ENOENT (No such file or directory)
32534 1783888864.169992 clone(child_stack=0x7ea377bd40, flags=CLONE_VM|CLONE_FS|CLONE_FILES|CLONE_SIGHAND|CLONE_THREAD|CLONE_SYSVSEM|CLONE_SETTLS|CLONE_PARENT_SETTID|CLONE_CHILD_CLEARTID, parent_tidptr=0x7ea377bd60, tls=0x7ea377c020, child_tidptr=0x7ea377bd60) = 32610
32610 1783888864.178120 faccessat(AT_FDCWD, "/data/user/0/agrigolo.opendrummer", F_OK) = 0
32610 1783888864.178371 faccessat(AT_FDCWD, "/data/user/0/agrigolo.opendrummer/files", F_OK) = 0
32610 1783888864.178637 faccessat(AT_FDCWD, "/data/user/0/agrigolo.opendrummer/files/profileinstaller_profileWrittenFor_lastUpdateTime.dat", F_OK) = 0
32610 1783888864.178900 openat(AT_FDCWD, "/data/user/0/agrigolo.opendrummer/files/profileinstaller_profileWrittenFor_lastUpdateTime.dat", O_RDONLY) = 64
32610 1783888864.179621 getsockopt(64, SOL_SOCKET, SO_ERROR, 0x7ea377a254, [4]) = -1 ENOTSOCK (Socket operation on non-socket)
32610 1783888864.181450 openat(AT_FDCWD, "/data/app/agrigolo.opendrummer-89j5lnqXMUNHpyw06NsU6Q==/base.apk", O_RDONLY) = 64
32610 1783888864.181909 getsockopt(64, SOL_SOCKET, SO_ERROR, 0x7ea3779c74, [4]) = -1 ENOTSOCK (Socket operation on non-socket)
32610 1783888864.182385 newfstatat(AT_FDCWD, "/data/misc/profiles/ref/agrigolo.opendrummer/primary.prof", 0x7ea3779c18, 0) = -1 ENOENT (No such file or directory)
32610 1783888864.182632 faccessat(AT_FDCWD, "/data/misc/profiles/ref/agrigolo.opendrummer/primary.prof", F_OK) = -1 ENOENT (No such file or directory)
32610 1783888864.182877 newfstatat(AT_FDCWD, "/data/misc/profiles/cur/0/agrigolo.opendrummer/primary.prof", {st_mode=S_IFREG|0600, st_size=11378, ...}, 0) = 0
32610 1783888864.183103 faccessat(AT_FDCWD, "/data/misc/profiles/cur/0/agrigolo.opendrummer/primary.prof", F_OK) = 0
32610 1783888864.183592 faccessat(AT_FDCWD, "/data/user/0/agrigolo.opendrummer/files", F_OK) = 0
32610 1783888864.183812 faccessat(AT_FDCWD, "/data/user/0/agrigolo.opendrummer/files/profileInstalled", F_OK) = 0
32610 1783888864.184041 openat(AT_FDCWD, "/data/user/0/agrigolo.opendrummer/files/profileInstalled", O_RDONLY) = 64
32610 1783888864.185316 getsockopt(64, SOL_SOCKET, SO_ERROR, 0x7ea3779594, [4]) = -1 ENOTSOCK (Socket operation on non-socket)
32610 1783888864.188542 exit(0)         = ?
32610 1783888864.188733 +++ exited with 0 +++
32570 1783888864.241435 faccessat(AT_FDCWD, "/proc/self/task/32610", F_OK) = -1 ENOENT (No such file or directory)
32572 1783888876.097962 exit(0)         = ?
32572 1783888876.098304 +++ exited with 0 +++
32570 1783888876.151081 faccessat(AT_FDCWD, "/proc/self/task/32572", F_OK) = -1 ENOENT (No such file or directory)
32534 1783888877.226992 recvfrom(45, "\2\0\0\0\0\0\0\0\205\v\0\0\0\0\0\0\0|O\327\227\1\0\0\1\0\0\0\2\20\0\0"..., 2272, MSG_DONTWAIT, NULL, NULL) = 232
32534 1783888877.229104 sendto(45, "\3\0\0\0\0\0\0\0\205\v\0\0\1\0\0\0", 16, MSG_DONTWAIT|MSG_NOSIGNAL, NULL, 0) = 16
32534 1783888877.229384 recvfrom(45, 0x7f37ba5420, 2272, MSG_DONTWAIT, NULL, NULL) = -1 EAGAIN (Try again)
32534 1783888877.230021 recvfrom(45, "\2\0\0\0\0\0\0\0\207\v\0\0\0\0\0\0\0|O\327\227\1\0\0\1\0\0\0\2\20\0\0"..., 2272, MSG_DONTWAIT, NULL, NULL) = 232
32534 1783888877.230310 recvfrom(38, 0x7fd6defd50, 3200, MSG_DONTWAIT, NULL, NULL) = -1 EAGAIN (Try again)
32534 1783888877.230903 sendto(45, "\3\0\0\0\0\0\0\0\207\v\0\0\1\0\0\0", 16, MSG_DONTWAIT|MSG_NOSIGNAL, NULL, 0) = 16
32534 1783888877.231133 recvfrom(45, 0x7f37ba5420, 2272, MSG_DONTWAIT, NULL, NULL) = -1 EAGAIN (Try again)
32534 1783888877.243910 recvfrom(38, "nysv\0\0\0\0\0\0\0\0\0\0\0\0/_e\330\227\1\0\0\230\230\1\0\0\0\0\0", 3200, MSG_DONTWAIT, NULL, NULL) = 32
32534 1783888877.244073 recvfrom(38, 0x7fd6df3350, 3200, MSG_DONTWAIT, NULL, NULL) = -1 EAGAIN (Try again)
32534 1783888877.244362 recvfrom(45, 0x7f37ba5420, 2272, MSG_DONTWAIT, NULL, NULL) = -1 EAGAIN (Try again)
32534 1783888877.244525 recvfrom(38, 0x7fd6df32b0, 3200, MSG_DONTWAIT, NULL, NULL) = -1 EAGAIN (Try again)
32555 1783888877.249957 recvfrom(42, 0x7ea7539eb0, 3200, MSG_DONTWAIT, NULL, NULL) = -1 EAGAIN (Try again)
32534 1783888877.250790 socket(AF_UNIX, SOCK_DGRAM|SOCK_CLOEXEC|SOCK_NONBLOCK, 0) = 64
32534 1783888877.250935 setsockopt(64, SOL_SOCKET, SO_SNDBUF, [1048576], 4) = 0
32534 1783888877.251164 connect(64, {sa_family=AF_UNIX, sun_path="/dev/socket/statsdw"}, 110) = 0
32555 1783888877.261404 recvfrom(42, "nysv\0\0\0\0\0\0\0\0\0\0\0\0\330\306c\331\227\1\0\0\231\230\1\0\0\0\0\0", 3200, MSG_DONTWAIT, NULL, NULL) = 32
32555 1783888877.261444 recvfrom(42, 0x7ea7539c80, 3200, MSG_DONTWAIT, NULL, NULL) = -1 EAGAIN (Try again)
32555 1783888877.272610 recvfrom(42, 0x7ea7539eb0, 3200, MSG_DONTWAIT, NULL, NULL) = -1 EAGAIN (Try again)
32555 1783888877.279214 recvfrom(42, "nysv\0\0\0\0\0\0\0\0\0\0\0\0\332\343a\332\227\1\0\0\232\230\1\0\0\0\0\0", 3200, MSG_DONTWAIT, NULL, NULL) = 32
32555 1783888877.279240 recvfrom(42, 0x7ea7539c80, 3200, MSG_DONTWAIT, NULL, NULL) = -1 EAGAIN (Try again)
32555 1783888877.287688 recvfrom(42, 0x7ea7539eb0, 3200, MSG_DONTWAIT, NULL, NULL) = -1 EAGAIN (Try again)
32555 1783888877.294105 recvfrom(42, "nysv\0\0\0\0\0\0\0\0\0\0\0\0Ef`\333\227\1\0\0\233\230\1\0\0\0\0\0", 3200, MSG_DONTWAIT, NULL, NULL) = 32
32555 1783888877.294127 recvfrom(42, 0x7ea7539c80, 3200, MSG_DONTWAIT, NULL, NULL) = -1 EAGAIN (Try again)
32555 1783888877.301778 recvfrom(42, 0x7ea7539eb0, 3200, MSG_DONTWAIT, NULL, NULL) = -1 EAGAIN (Try again)
32573 1783888877.304108 sendmsg(65, {msg_name=NULL, msg_namelen=0, msg_iov=[{iov_base="l\1\1\1\24\1\0\0L\0\0\0\235\0\0\0\1\1o\0;\0\0\0/re/frid"..., iov_len=452}], msg_iovlen=1, msg_controllen=0, msg_flags=0}, MSG_NOSIGNAL) = 452
32555 1783888877.310890 recvfrom(42, "nysv\0\0\0\0\0\0\0\0\0\0\0\0o\266^\334\227\1\0\0\234\230\1\0\0\0\0\0", 3200, MSG_DONTWAIT, NULL, NULL) = 32
32555 1783888877.310910 recvfrom(42, 0x7ea7539c80, 3200, MSG_DONTWAIT, NULL, NULL) = -1 EAGAIN (Try again)
32555 1783888877.318087 recvfrom(42, 0x7ea7539eb0, 3200, MSG_DONTWAIT, NULL, NULL) = -1 EAGAIN (Try again)
32555 1783888877.327365 recvfrom(42, "nysv\0\0\0\0\0\0\0\0\0\0\0\0\32G]\335\227\1\0\0\235\230\1\0\0\0\0\0", 3200, MSG_DONTWAIT, NULL, NULL) = 32
32555 1783888877.327386 recvfrom(42, 0x7ea7539c80, 3200, MSG_DONTWAIT, NULL, NULL) = -1 EAGAIN (Try again)
32534 1783888877.328286 recvfrom(38,  <unfinished ...>
32555 1783888877.335436 recvfrom(42, 0x7ea7539eb0, 3200, MSG_DONTWAIT, NULL, NULL) = -1 EAGAIN (Try again)
32534 1783888877.335468 <... recvfrom resumed> "nysv\0\0\0\0\0\0\0\0\0\0\0\0\330\306c\331\227\1\0\0\231\230\1\0\0\0\0\0", 3200, MSG_DONTWAIT, NULL, NULL) = 32
32534 1783888877.335641 recvfrom(38, 0x7fd6df3350, 3200, MSG_DONTWAIT, NULL, NULL) = -1 EAGAIN (Try again)
32534 1783888877.335873 recvfrom(68, 0x7ea2375020, 2272, MSG_DONTWAIT, NULL, NULL) = -1 EAGAIN (Try again)
32534 1783888877.336098 recvfrom(38, 0x7fd6df32b0, 3200, MSG_DONTWAIT, NULL, NULL) = -1 EAGAIN (Try again)
32555 1783888877.344158 recvfrom(42, "nysv\0\0\0\0\0\0\0\0\0\0\0\0\273\322[\336\227\1\0\0\236\230\1\0\0\0\0\0", 3200, MSG_DONTWAIT, NULL, NULL) = 32
32555 1783888877.344173 recvfrom(42, 0x7ea7539c80, 3200, MSG_DONTWAIT, NULL, NULL) = -1 EAGAIN (Try again)
32555 1783888877.361403 recvfrom(42, "nysv\0\0\0\0\0\0\0\0\0\0\0\0\345\"Z\337\227\1\0\0\237\230\1\0\0\0\0\0", 3200, MSG_DONTWAIT, NULL, NULL) = 32
32555 1783888877.361433 recvfrom(42, 0x7ea7539eb0, 3200, MSG_DONTWAIT, NULL, NULL) = -1 EAGAIN (Try again)
32555 1783888877.368248 recvfrom(42, 0x7ea7539eb0, 3200, MSG_DONTWAIT, NULL, NULL) = -1 EAGAIN (Try again)
32534 1783888877.368434 recvfrom(38, "nysv\0\0\0\0\0\0\0\0\0\0\0\0\273\322[\336\227\1\0\0\236\230\1\0\0\0\0\0", 3200, MSG_DONTWAIT, NULL, NULL) = 32
32534 1783888877.368725 recvfrom(38, 0x7fd6df3350, 3200, MSG_DONTWAIT, NULL, NULL) = -1 EAGAIN (Try again)
32555 1783888877.370748 recvfrom(42, 0x7ea7539eb0, 3200, MSG_DONTWAIT, NULL, NULL) = -1 EAGAIN (Try again)
32534 1783888877.374173 recvfrom(68, 0x7ea2375020, 2272, MSG_DONTWAIT, NULL, NULL) = -1 EAGAIN (Try again)
32534 1783888877.374391 recvfrom(45, 0x7f37ba5420, 2272, MSG_DONTWAIT, NULL, NULL) = -1 EAGAIN (Try again)
32534 1783888877.374617 recvfrom(38, 0x7fd6df32b0, 3200, MSG_DONTWAIT, NULL, NULL) = -1 EAGAIN (Try again)
32555 1783888877.380399 recvfrom(42, "nysv\0\0\0\0\0\0\0\0\0\0\0\0\265mX\340\227\1\0\0\240\230\1\0\0\0\0\0", 3200, MSG_DONTWAIT, NULL, NULL) = 32
32555 1783888877.380425 recvfrom(42, 0x7ea7539c80, 3200, MSG_DONTWAIT, NULL, NULL) = -1 EAGAIN (Try again)
32555 1783888877.388586 recvfrom(42, 0x7ea7539eb0, 3200, MSG_DONTWAIT, NULL, NULL) = -1 EAGAIN (Try again)
32555 1783888877.389586 recvfrom(42, 0x7ea7539eb0, 3200, MSG_DONTWAIT, NULL, NULL) = -1 EAGAIN (Try again)
32534 1783888877.390363 recvfrom(38, "nysv\0\0\0\0\0\0\0\0\0\0\0\0\265mX\340\227\1\0\0\240\230\1\0\0\0\0\0", 3200, MSG_DONTWAIT, NULL, NULL) = 32
32534 1783888877.390574 recvfrom(38, 0x7fd6df3350, 3200, MSG_DONTWAIT, NULL, NULL) = -1 EAGAIN (Try again)
32555 1783888877.391823 recvfrom(42, 0x7ea7539eb0, 3200, MSG_DONTWAIT, NULL, NULL) = -1 EAGAIN (Try again)
32534 1783888877.392507 recvfrom(68, 0x7ea2375020, 2272, MSG_DONTWAIT, NULL, NULL) = -1 EAGAIN (Try again)
32534 1783888877.392698 recvfrom(45, 0x7f37ba5420, 2272, MSG_DONTWAIT, NULL, NULL) = -1 EAGAIN (Try again)
32534 1783888877.392944 recvfrom(38, 0x7fd6df32b0, 3200, MSG_DONTWAIT, NULL, NULL) = -1 EAGAIN (Try again)
32555 1783888877.394167 recvfrom(42, 0x7ea7539eb0, 3200, MSG_DONTWAIT, NULL, NULL) = -1 EAGAIN (Try again)
32555 1783888877.394911 recvfrom(42, "nysv\0\0\0\0\0\0\0\0\0\0\0\0006\274V\341\227\1\0\0\241\230\1\0\0\0\0\0", 3200, MSG_DONTWAIT, NULL, NULL) = 32
32555 1783888877.394924 recvfrom(42, 0x7ea7539c80, 3200, MSG_DONTWAIT, NULL, NULL) = -1 EAGAIN (Try again)
32534 1783888877.395914 recvfrom(38, "nysv\0\0\0\0\0\0\0\0\0\0\0\0006\274V\341\227\1\0\0\241\230\1\0\0\0\0\0", 3200, MSG_DONTWAIT, NULL, NULL) = 32
32555 1783888877.402739 recvfrom(42, 0x7ea7539eb0, 3200, MSG_DONTWAIT, NULL, NULL) = -1 EAGAIN (Try again)
32534 1783888877.402764 recvfrom(38, 0x7fd6df3350, 3200, MSG_DONTWAIT, NULL, NULL) = -1 EAGAIN (Try again)
32534 1783888877.403222 recvfrom(38, 0x7fd6df32b0, 3200, MSG_DONTWAIT, NULL, NULL) = -1 EAGAIN (Try again)
32555 1783888877.411435 recvfrom(42, "nysv\0\0\0\0\0\0\0\0\0\0\0\0\3\33U\342\227\1\0\0\242\230\1\0\0\0\0\0", 3200, MSG_DONTWAIT, NULL, NULL) = 32
32555 1783888877.411453 recvfrom(42, 0x7ea7539c80, 3200, MSG_DONTWAIT, NULL, NULL) = -1 EAGAIN (Try again)
32534 1783888877.411967 recvfrom(38, "nysv\0\0\0\0\0\0\0\0\0\0\0\0\3\33U\342\227\1\0\0\242\230\1\0\0\0\0\0", 3200, MSG_DONTWAIT, NULL, NULL) = 32
32534 1783888877.412216 recvfrom(38, 0x7fd6df3350, 3200, MSG_DONTWAIT, NULL, NULL) = -1 EAGAIN (Try again)
32534 1783888877.412752 recvfrom(38, 0x7fd6df32b0, 3200, MSG_DONTWAIT, NULL, NULL) = -1 EAGAIN (Try again)
32555 1783888877.423736 recvfrom(42, 0x7ea7539eb0, 3200, MSG_DONTWAIT, NULL, NULL) = -1 EAGAIN (Try again)
32555 1783888877.428298 recvfrom(42, "nysv\0\0\0\0\0\0\0\0\0\0\0\0-kS\343\227\1\0\0\243\230\1\0\0\0\0\0", 3200, MSG_DONTWAIT, NULL, NULL) = 32
32555 1783888877.428532 recvfrom(42, 0x7ea7539c80, 3200, MSG_DONTWAIT, NULL, NULL) = -1 EAGAIN (Try again)
32534 1783888877.428726 recvfrom(38, "nysv\0\0\0\0\0\0\0\0\0\0\0\0-kS\343\227\1\0\0\243\230\1\0\0\0\0\0", 3200, MSG_DONTWAIT, NULL, NULL) = 32
32534 1783888877.429000 recvfrom(38, 0x7fd6df3350, 3200, MSG_DONTWAIT, NULL, NULL) = -1 EAGAIN (Try again)
32555 1783888877.441287 recvfrom(42, 0x7ea7539eb0, 3200, MSG_DONTWAIT, NULL, NULL) = -1 EAGAIN (Try again)
32534 1783888877.441301 recvfrom(38, 0x7fd6df32b0, 3200, MSG_DONTWAIT, NULL, NULL) = -1 EAGAIN (Try again)
32555 1783888877.444228 recvfrom(42, "nysv\0\0\0\0\0\0\0\0\0\0\0\0I\353Q\344\227\1\0\0\244\230\1\0\0\0\0\0", 3200, MSG_DONTWAIT, NULL, NULL) = 32
32555 1783888877.444296 recvfrom(42, 0x7ea7539c80, 3200, MSG_DONTWAIT, NULL, NULL) = -1 EAGAIN (Try again)
32534 1783888877.444719 recvfrom(38, "nysv\0\0\0\0\0\0\0\0\0\0\0\0I\353Q\344\227\1\0\0\244\230\1\0\0\0\0\0", 3200, MSG_DONTWAIT, NULL, NULL) = 32
32534 1783888877.444947 recvfrom(38, 0x7fd6df3350, 3200, MSG_DONTWAIT, NULL, NULL) = -1 EAGAIN (Try again)
32534 1783888877.445245 recvfrom(38, 0x7fd6df32b0, 3200, MSG_DONTWAIT, NULL, NULL) = -1 EAGAIN (Try again)
32555 1783888877.456779 recvfrom(42, 0x7ea7539eb0, 3200, MSG_DONTWAIT, NULL, NULL) = -1 EAGAIN (Try again)
32555 1783888877.462306 recvfrom(42, "nysv\0\0\0\0\0\0\0\0\0\0\0\0\\\21P\345\227\1\0\0\245\230\1\0\0\0\0\0", 3200, MSG_DONTWAIT, NULL, NULL) = 32
32555 1783888877.462325 recvfrom(42, 0x7ea7539c80, 3200, MSG_DONTWAIT, NULL, NULL) = -1 EAGAIN (Try again)
32534 1783888877.462717 recvfrom(38, "nysv\0\0\0\0\0\0\0\0\0\0\0\0\\\21P\345\227\1\0\0\245\230\1\0\0\0\0\0", 3200, MSG_DONTWAIT, NULL, NULL) = 32
32534 1783888877.463040 recvfrom(38, 0x7fd6df3350, 3200, MSG_DONTWAIT, NULL, NULL) = -1 EAGAIN (Try again)
32534 1783888877.463351 recvfrom(38,  <unfinished ...>
32555 1783888877.474780 recvfrom(42, 0x7ea7539eb0, 3200, MSG_DONTWAIT, NULL, NULL) = -1 EAGAIN (Try again)
32534 1783888877.474792 <... recvfrom resumed> 0x7fd6df32b0, 3200, MSG_DONTWAIT, NULL, NULL) = -1 EAGAIN (Try again)
32555 1783888877.478330 recvfrom(42, "nysv\0\0\0\0\0\0\0\0\0\0\0\0PbN\346\227\1\0\0\246\230\1\0\0\0\0\0", 3200, MSG_DONTWAIT, NULL, NULL) = 32
32555 1783888877.478347 recvfrom(42, 0x7ea7539c80, 3200, MSG_DONTWAIT, NULL, NULL) = -1 EAGAIN (Try again)
32534 1783888877.478658 recvfrom(38, "nysv\0\0\0\0\0\0\0\0\0\0\0\0PbN\346\227\1\0\0\246\230\1\0\0\0\0\0", 3200, MSG_DONTWAIT, NULL, NULL) = 32
32534 1783888877.479055 recvfrom(38, 0x7fd6df3350, 3200, MSG_DONTWAIT, NULL, NULL) = -1 EAGAIN (Try again)
32534 1783888877.479399 recvfrom(38, 0x7fd6df32b0, 3200, MSG_DONTWAIT, NULL, NULL) = -1 EAGAIN (Try again)
32555 1783888877.491088 recvfrom(42, 0x7ea7539eb0, 3200, MSG_DONTWAIT, NULL, NULL) = -1 EAGAIN (Try again)
32555 1783888877.493793 recvfrom(42, "nysv\0\0\0\0\0\0\0\0\0\0\0\0\315\23M\347\227\1\0\0\247\230\1\0\0\0\0\0", 3200, MSG_DONTWAIT, NULL, NULL) = 32
32555 1783888877.494137 recvfrom(42, 0x7ea7539c80, 3200, MSG_DONTWAIT, NULL, NULL) = -1 EAGAIN (Try again)
32534 1783888877.494331 recvfrom(38, "nysv\0\0\0\0\0\0\0\0\0\0\0\0\315\23M\347\227\1\0\0\247\230\1\0\0\0\0\0", 3200, MSG_DONTWAIT, NULL, NULL) = 32
32534 1783888877.494680 recvfrom(38, 0x7fd6df3350, 3200, MSG_DONTWAIT, NULL, NULL) = -1 EAGAIN (Try again)
32534 1783888877.495287 recvfrom(38,  <unfinished ...>
32555 1783888877.507637 recvfrom(42, 0x7ea7539eb0, 3200, MSG_DONTWAIT, NULL, NULL) = -1 EAGAIN (Try again)
32534 1783888877.507659 <... recvfrom resumed> 0x7fd6df32b0, 3200, MSG_DONTWAIT, NULL, NULL) = -1 EAGAIN (Try again)
32555 1783888877.511430 recvfrom(42, "nysv\0\0\0\0\0\0\0\0\0\0\0\0\24~K\350\227\1\0\0\250\230\1\0\0\0\0\0", 3200, MSG_DONTWAIT, NULL, NULL) = 32
32555 1783888877.511453 recvfrom(42, 0x7ea7539c80, 3200, MSG_DONTWAIT, NULL, NULL) = -1 EAGAIN (Try again)
32534 1783888877.511598 recvfrom(38, "nysv\0\0\0\0\0\0\0\0\0\0\0\0\24~K\350\227\1\0\0\250\230\1\0\0\0\0\0", 3200, MSG_DONTWAIT, NULL, NULL) = 32
32534 1783888877.511957 recvfrom(38, 0x7fd6df3350, 3200, MSG_DONTWAIT, NULL, NULL) = -1 EAGAIN (Try again)
32534 1783888877.512471 recvfrom(38, 0x7fd6df32b0, 3200, MSG_DONTWAIT, NULL, NULL) = -1 EAGAIN (Try again)
32555 1783888877.523659 recvfrom(42, 0x7ea7539eb0, 3200, MSG_DONTWAIT, NULL, NULL) = -1 EAGAIN (Try again)
32555 1783888877.527615 recvfrom(42, "nysv\0\0\0\0\0\0\0\0\0\0\0\0\277\374I\351\227\1\0\0\251\230\1\0\0\0\0\0", 3200, MSG_DONTWAIT, NULL, NULL) = 32
32555 1783888877.527830 recvfrom(42, 0x7ea7539c80, 3200, MSG_DONTWAIT, NULL, NULL) = -1 EAGAIN (Try again)
32534 1783888877.527990 recvfrom(38, "nysv\0\0\0\0\0\0\0\0\0\0\0\0\277\374I\351\227\1\0\0\251\230\1\0\0\0\0\0", 3200, MSG_DONTWAIT, NULL, NULL) = 32
32534 1783888877.528658 recvfrom(38, 0x7fd6df3350, 3200, MSG_DONTWAIT, NULL, NULL) = -1 EAGAIN (Try again)
32534 1783888877.529166 recvfrom(38, 0x7fd6df32b0, 3200, MSG_DONTWAIT, NULL, NULL) = -1 EAGAIN (Try again)
32555 1783888877.543019 recvfrom(42, 0x7ea7539eb0, 3200, MSG_DONTWAIT, NULL, NULL) = -1 EAGAIN (Try again)
32555 1783888877.544626 recvfrom(42, "nysv\0\0\0\0\0\0\0\0\0\0\0\0\351LH\352\227\1\0\0\252\230\1\0\0\0\0\0", 3200, MSG_DONTWAIT, NULL, NULL) = 32
32555 1783888877.544645 recvfrom(42, 0x7ea7539c80, 3200, MSG_DONTWAIT, NULL, NULL) = -1 EAGAIN (Try again)
32534 1783888877.544952 recvfrom(38, "nysv\0\0\0\0\0\0\0\0\0\0\0\0\351LH\352\227\1\0\0\252\230\1\0\0\0\0\0", 3200, MSG_DONTWAIT, NULL, NULL) = 32
32534 1783888877.545441 recvfrom(38, 0x7fd6df3350, 3200, MSG_DONTWAIT, NULL, NULL) = -1 EAGAIN (Try again)
32534 1783888877.546109 recvfrom(38, 0x7fd6df32b0, 3200, MSG_DONTWAIT, NULL, NULL) = -1 EAGAIN (Try again)
32555 1783888877.557940 recvfrom(42, 0x7ea7539eb0, 3200, MSG_DONTWAIT, NULL, NULL) = -1 EAGAIN (Try again)
32555 1783888877.561772 recvfrom(42, "nysv\0\0\0\0\0\0\0\0\0\0\0\0\24\236F\353\227\1\0\0\253\230\1\0\0\0\0\0", 3200, MSG_DONTWAIT, NULL, NULL) = 32
32555 1783888877.561794 recvfrom(42, 0x7ea7539c80, 3200, MSG_DONTWAIT, NULL, NULL) = -1 EAGAIN (Try again)
32534 1783888877.562000 recvfrom(38, "nysv\0\0\0\0\0\0\0\0\0\0\0\0\24\236F\353\227\1\0\0\253\230\1\0\0\0\0\0", 3200, MSG_DONTWAIT, NULL, NULL) = 32
32534 1783888877.562459 recvfrom(38, 0x7fd6df3350, 3200, MSG_DONTWAIT, NULL, NULL) = -1 EAGAIN (Try again)
32534 1783888877.562954 recvfrom(38, 0x7fd6df32b0, 3200, MSG_DONTWAIT, NULL, NULL) = -1 EAGAIN (Try again)
32555 1783888877.575956 recvfrom(42, 0x7ea7539eb0, 3200, MSG_DONTWAIT, NULL, NULL) = -1 EAGAIN (Try again)
32555 1783888877.578178 recvfrom(42, "nysv\0\0\0\0\0\0\0\0\0\0\0\0>\356D\354\227\1\0\0\254\230\1\0\0\0\0\0", 3200, MSG_DONTWAIT, NULL, NULL) = 32
32555 1783888877.578203 recvfrom(42, 0x7ea7539c80, 3200, MSG_DONTWAIT, NULL, NULL) = -1 EAGAIN (Try again)
32534 1783888877.578363 recvfrom(38, "nysv\0\0\0\0\0\0\0\0\0\0\0\0>\356D\354\227\1\0\0\254\230\1\0\0\0\0\0", 3200, MSG_DONTWAIT, NULL, NULL) = 32
32534 1783888877.578786 recvfrom(38, 0x7fd6df3350, 3200, MSG_DONTWAIT, NULL, NULL) = -1 EAGAIN (Try again)
32534 1783888877.579215 recvfrom(38, 0x7fd6df32b0, 3200, MSG_DONTWAIT, NULL, NULL) = -1 EAGAIN (Try again)
32555 1783888877.592056 recvfrom(42, 0x7ea7539eb0, 3200, MSG_DONTWAIT, NULL, NULL) = -1 EAGAIN (Try again)
32555 1783888877.594122 recvfrom(42, "nysv\0\0\0\0\0\0\0\0\0\0\0\0x}C\355\227\1\0\0\255\230\1\0\0\0\0\0", 3200, MSG_DONTWAIT, NULL, NULL) = 32
32555 1783888877.594145 recvfrom(42, 0x7ea7539c80, 3200, MSG_DONTWAIT, NULL, NULL) = -1 EAGAIN (Try again)
32534 1783888877.594328 recvfrom(38, "nysv\0\0\0\0\0\0\0\0\0\0\0\0x}C\355\227\1\0\0\255\230\1\0\0\0\0\0", 3200, MSG_DONTWAIT, NULL, NULL) = 32
32534 1783888877.594663 recvfrom(38, 0x7fd6df3350, 3200, MSG_DONTWAIT, NULL, NULL) = -1 EAGAIN (Try again)
32534 1783888877.595237 recvfrom(38, 0x7fd6df32b0, 3200, MSG_DONTWAIT, NULL, NULL) = -1 EAGAIN (Try again)
32555 1783888877.607616 recvfrom(42, 0x7ea7539eb0, 3200, MSG_DONTWAIT, NULL, NULL) = -1 EAGAIN (Try again)
32555 1783888877.610747 recvfrom(42, "nysv\0\0\0\0\0\0\0\0\0\0\0\0%\20B\356\227\1\0\0\256\230\1\0\0\0\0\0", 3200, MSG_DONTWAIT, NULL, NULL) = 32
32555 1783888877.610766 recvfrom(42, 0x7ea7539c80, 3200, MSG_DONTWAIT, NULL, NULL) = -1 EAGAIN (Try again)
32534 1783888877.610960 recvfrom(38, "nysv\0\0\0\0\0\0\0\0\0\0\0\0%\20B\356\227\1\0\0\256\230\1\0\0\0\0\0", 3200, MSG_DONTWAIT, NULL, NULL) = 32
32534 1783888877.611353 recvfrom(38, 0x7fd6df3350, 3200, MSG_DONTWAIT, NULL, NULL) = -1 EAGAIN (Try again)
32555 1783888877.624341 recvfrom(42, 0x7ea7539eb0, 3200, MSG_DONTWAIT, NULL, NULL) = -1 EAGAIN (Try again)
32555 1783888877.628025 recvfrom(42, "nysv\0\0\0\0\0\0\0\0\0\0\0\0<u@\357\227\1\0\0\257\230\1\0\0\0\0\0", 3200, MSG_DONTWAIT, NULL, NULL) = 32
32555 1783888877.628046 recvfrom(42, 0x7ea7539c80, 3200, MSG_DONTWAIT, NULL, NULL) = -1 EAGAIN (Try again)
32555 1783888877.644499 recvfrom(42, "nysv\0\0\0\0\0\0\0\0\0\0\0\0\0\344>\360\227\1\0\0\260\230\1\0\0\0\0\0", 3200, MSG_DONTWAIT, NULL, NULL) = 32
32555 1783888877.644684 recvfrom(42, 0x7ea7539c80, 3200, MSG_DONTWAIT, NULL, NULL) = -1 EAGAIN (Try again)
32534 1783888878.933234 recvfrom(38, 0x7fd6df3120, 3200, MSG_DONTWAIT, NULL, NULL) = -1 EAGAIN (Try again)
32534 1783888878.949666 recvfrom(38, "nysv\0\0\0\0\0\0\0\0\0\0\0\0\3365\267=\230\1\0\0\374\230\1\0\0\0\0\0", 3200, MSG_DONTWAIT, NULL, NULL) = 32
32534 1783888878.949920 recvfrom(38, 0x7fd6df3350, 3200, MSG_DONTWAIT, NULL, NULL) = -1 EAGAIN (Try again)
32534 1783888878.950340 recvfrom(68, 0x7ea2375020, 2272, MSG_DONTWAIT, NULL, NULL) = -1 EAGAIN (Try again)
32534 1783888878.950813 recvfrom(38, 0x7fd6df2350, 3200, MSG_DONTWAIT, NULL, NULL) = -1 EAGAIN (Try again)
32534 1783888878.961297 recvfrom(38, "nysv\0\0\0\0\0\0\0\0\0\0\0\0\10\206\265>\230\1\0\0\375\230\1\0\0\0\0\0", 3200, MSG_DONTWAIT, NULL, NULL) = 32
32534 1783888878.961671 recvfrom(38, 0x7fd6df3350, 3200, MSG_DONTWAIT, NULL, NULL) = -1 EAGAIN (Try again)
32534 1783888878.963623 recvfrom(68, 0x7ea2375020, 2272, MSG_DONTWAIT, NULL, NULL) = -1 EAGAIN (Try again)
32534 1783888878.964337 recvfrom(38, 0x7fd6df2350, 3200, MSG_DONTWAIT, NULL, NULL) = -1 EAGAIN (Try again)
32534 1783888878.979448 recvfrom(38, "nysv\0\0\0\0\0\0\0\0\0\0\0\0002\326\263?\230\1\0\0\376\230\1\0\0\0\0\0", 3200, MSG_DONTWAIT, NULL, NULL) = 32
32534 1783888878.979641 recvfrom(38, 0x7fd6df3350, 3200, MSG_DONTWAIT, NULL, NULL) = -1 EAGAIN (Try again)
32534 1783888878.979888 recvfrom(68, 0x7ea2375020, 2272, MSG_DONTWAIT, NULL, NULL) = -1 EAGAIN (Try again)
32534 1783888878.980536 recvfrom(38, 0x7fd6df2350, 3200, MSG_DONTWAIT, NULL, NULL) = -1 EAGAIN (Try again)
32534 1783888878.995718 recvfrom(38, "nysv\0\0\0\0\0\0\0\0\0\0\0\0\\&\262@\230\1\0\0\377\230\1\0\0\0\0\0", 3200, MSG_DONTWAIT, NULL, NULL) = 32
32534 1783888878.995919 recvfrom(38, 0x7fd6df3350, 3200, MSG_DONTWAIT, NULL, NULL) = -1 EAGAIN (Try again)
32534 1783888879.000215 recvfrom(68, 0x7ea2375020, 2272, MSG_DONTWAIT, NULL, NULL) = -1 EAGAIN (Try again)
32534 1783888879.001888 recvfrom(38, 0x7fd6df2350, 3200, MSG_DONTWAIT, NULL, NULL) = -1 EAGAIN (Try again)
32534 1783888879.011736 recvfrom(38, "nysv\0\0\0\0\0\0\0\0\0\0\0\0\16\300\260A\230\1\0\0\0\231\1\0\200\0\0\0", 3200, MSG_DONTWAIT, NULL, NULL) = 32
32534 1783888879.011927 recvfrom(38, 0x7fd6df3350, 3200, MSG_DONTWAIT, NULL, NULL) = -1 EAGAIN (Try again)
32534 1783888879.015572 recvfrom(68, 0x7ea2375020, 2272, MSG_DONTWAIT, NULL, NULL) = -1 EAGAIN (Try again)
32534 1783888879.016034 recvfrom(38, 0x7fd6df2350, 3200, MSG_DONTWAIT, NULL, NULL) = -1 EAGAIN (Try again)
32534 1783888879.027637 recvfrom(38, "nysv\0\0\0\0\0\0\0\0\0\0\0\0\202O\257B\230\1\0\0\1\231\1\0\0\0\0\0", 3200, MSG_DONTWAIT, NULL, NULL) = 32
32534 1783888879.028080 recvfrom(38, 0x7fd6df3350, 3200, MSG_DONTWAIT, NULL, NULL) = -1 EAGAIN (Try again)
32534 1783888879.028508 recvfrom(68, 0x7ea2375020, 2272, MSG_DONTWAIT, NULL, NULL) = -1 EAGAIN (Try again)
32534 1783888879.033731 recvfrom(38, 0x7fd6df2350, 3200, MSG_DONTWAIT, NULL, NULL) = -1 EAGAIN (Try again)
32534 1783888879.044814 recvfrom(38, "nysv\0\0\0\0\0\0\0\0\0\0\0\0?\354\255C\230\1\0\0\2\231\1\0\0\0\0\0", 3200, MSG_DONTWAIT, NULL, NULL) = 32
32534 1783888879.044998 recvfrom(38, 0x7fd6df3350, 3200, MSG_DONTWAIT, NULL, NULL) = -1 EAGAIN (Try again)
32534 1783888879.047473 recvfrom(68, 0x7ea2375020, 2272, MSG_DONTWAIT, NULL, NULL) = -1 EAGAIN (Try again)
32534 1783888879.050146 recvfrom(38, 0x7fd6df2350, 3200, MSG_DONTWAIT, NULL, NULL) = -1 EAGAIN (Try again)
32534 1783888879.061074 recvfrom(38, "nysv\0\0\0\0\0\0\0\0\0\0\0\0001p\254D\230\1\0\0\3\231\1\0\0\0\0\0", 3200, MSG_DONTWAIT, NULL, NULL) = 32
32534 1783888879.061593 recvfrom(38, 0x7fd6df3350, 3200, MSG_DONTWAIT, NULL, NULL) = -1 EAGAIN (Try again)
32534 1783888879.062029 recvfrom(68, 0x7ea2375020, 2272, MSG_DONTWAIT, NULL, NULL) = -1 EAGAIN (Try again)
32534 1783888879.064583 recvfrom(38, 0x7fd6df2350, 3200, MSG_DONTWAIT, NULL, NULL) = -1 EAGAIN (Try again)
32534 1783888879.078679 recvfrom(38, "nysv\0\0\0\0\0\0\0\0\0\0\0\0[\300\252E\230\1\0\0\4\231\1\0\0\0\0\0", 3200, MSG_DONTWAIT, NULL, NULL) = 32
32534 1783888879.079271 recvfrom(38, 0x7fd6df3350, 3200, MSG_DONTWAIT, NULL, NULL) = -1 EAGAIN (Try again)
32534 1783888879.079580 recvfrom(68, 0x7ea2375020, 2272, MSG_DONTWAIT, NULL, NULL) = -1 EAGAIN (Try again)
32534 1783888879.080218 recvfrom(38, 0x7fd6df2350, 3200, MSG_DONTWAIT, NULL, NULL) = -1 EAGAIN (Try again)
32534 1783888879.094774 recvfrom(38, "nysv\0\0\0\0\0\0\0\0\0\0\0\0\267]\251F\230\1\0\0\5\231\1\0\0\0\0\0", 3200, MSG_DONTWAIT, NULL, NULL) = 32
32534 1783888879.094960 recvfrom(38, 0x7fd6df3350, 3200, MSG_DONTWAIT, NULL, NULL) = -1 EAGAIN (Try again)
32534 1783888879.098265 recvfrom(68, 0x7ea2375020, 2272, MSG_DONTWAIT, NULL, NULL) = -1 EAGAIN (Try again)
32534 1783888879.098775 recvfrom(38, 0x7fd6df2350, 3200, MSG_DONTWAIT, NULL, NULL) = -1 EAGAIN (Try again)
32534 1783888879.110893 recvfrom(38, "nysv\0\0\0\0\0\0\0\0\0\0\0\0o\356\247G\230\1\0\0\6\231\1\0\0\0\0\0", 3200, MSG_DONTWAIT, NULL, NULL) = 32
32534 1783888879.111305 recvfrom(38, 0x7fd6df3350, 3200, MSG_DONTWAIT, NULL, NULL) = -1 EAGAIN (Try again)
32534 1783888879.111735 recvfrom(68, 0x7ea2375020, 2272, MSG_DONTWAIT, NULL, NULL) = -1 EAGAIN (Try again)
32534 1783888879.116658 recvfrom(38, 0x7fd6df2350, 3200, MSG_DONTWAIT, NULL, NULL) = -1 EAGAIN (Try again)
32534 1783888879.128092 recvfrom(38, "nysv\0\0\0\0\0\0\0\0\0\0\0\0\322\207\246H\230\1\0\0\7\231\1\0\0\0\0\0", 3200, MSG_DONTWAIT, NULL, NULL) = 32
32534 1783888879.128270 recvfrom(38, 0x7fd6df3350, 3200, MSG_DONTWAIT, NULL, NULL) = -1 EAGAIN (Try again)
32534 1783888879.128441 recvfrom(68, 0x7ea2375020, 2272, MSG_DONTWAIT, NULL, NULL) = -1 EAGAIN (Try again)
32534 1783888879.130403 recvfrom(38, 0x7fd6df2350, 3200, MSG_DONTWAIT, NULL, NULL) = -1 EAGAIN (Try again)
32534 1783888879.151216 recvfrom(38, "nysv\0\0\0\0\0\0\0\0\0\0\0\0\374\327\244I\230\1\0\0\10\231\1\0\0\0\0\0", 3200, MSG_DONTWAIT, NULL, NULL) = 32
32534 1783888879.151441 recvfrom(38, 0x7fd6df3350, 3200, MSG_DONTWAIT, NULL, NULL) = -1 EAGAIN (Try again)
32534 1783888879.151631 recvfrom(68, 0x7ea2375020, 2272, MSG_DONTWAIT, NULL, NULL) = -1 EAGAIN (Try again)
32534 1783888879.152101 recvfrom(38, 0x7fd6df2350, 3200, MSG_DONTWAIT, NULL, NULL) = -1 EAGAIN (Try again)
32534 1783888879.166834 recvfrom(38, "nysv\0\0\0\0\0\0\0\0\0\0\0\0&(\243J\230\1\0\0\t\231\1\0\0\0\0\0", 3200, MSG_DONTWAIT, NULL, NULL) = 32
32534 1783888879.167689 recvfrom(38, 0x7fd6df3350, 3200, MSG_DONTWAIT, NULL, NULL) = -1 EAGAIN (Try again)
32534 1783888879.168217 recvfrom(68, 0x7ea2375020, 2272, MSG_DONTWAIT, NULL, NULL) = -1 EAGAIN (Try again)
32534 1783888879.169277 recvfrom(38, 0x7fd6df2350, 3200, MSG_DONTWAIT, NULL, NULL) = -1 EAGAIN (Try again)
32534 1783888879.178233 recvfrom(38, "nysv\0\0\0\0\0\0\0\0\0\0\0\0E\347\241K\230\1\0\0\n\231\1\0\0\0\0\0", 3200, MSG_DONTWAIT, NULL, NULL) = 32
32534 1783888879.178470 recvfrom(38, 0x7fd6df3350, 3200, MSG_DONTWAIT, NULL, NULL) = -1 EAGAIN (Try again)
32534 1783888879.182828 recvfrom(68, 0x7ea2375020, 2272, MSG_DONTWAIT, NULL, NULL) = -1 EAGAIN (Try again)
32534 1783888879.183726 recvfrom(38, 0x7fd6df2350, 3200, MSG_DONTWAIT, NULL, NULL) = -1 EAGAIN (Try again)
32534 1783888879.195405 recvfrom(38, "nysv\0\0\0\0\0\0\0\0\0\0\0\0o7\240L\230\1\0\0\v\231\1\0\0\0\0\0", 3200, MSG_DONTWAIT, NULL, NULL) = 32
32534 1783888879.197268 recvfrom(38, 0x7fd6df3350, 3200, MSG_DONTWAIT, NULL, NULL) = -1 EAGAIN (Try again)
32534 1783888879.197641 recvfrom(68, 0x7ea2375020, 2272, MSG_DONTWAIT, NULL, NULL) = -1 EAGAIN (Try again)
32534 1783888893.574246 recvfrom(68, "\2\0\0\0\0\0\0\0\213\v\0\0\0\0\0\0\300\350\252\245\233\1\0\0\1\0\0\0\2\20\0\0"..., 2272, MSG_DONTWAIT, NULL, NULL) = 232
32534 1783888893.574647 sendto(68, "\3\0\0\0\0\0\0\0\213\v\0\0\1\0\0\0", 16, MSG_DONTWAIT|MSG_NOSIGNAL, NULL, 0) = 16
32534 1783888893.574965 recvfrom(68, 0x7ea2375020, 2272, MSG_DONTWAIT, NULL, NULL) = -1 EAGAIN (Try again)
32534 1783888893.575450 recvfrom(68, "\2\0\0\0\0\0\0\0\215\v\0\0\0\0\0\0\300\350\252\245\233\1\0\0\1\0\0\0\2\20\0\0"..., 2272, MSG_DONTWAIT, NULL, NULL) = 232
32534 1783888893.575687 recvfrom(38, 0x7fd6def8e0, 3200, MSG_DONTWAIT, NULL, NULL) = -1 EAGAIN (Try again)
32534 1783888893.577260 sendto(68, "\3\0\0\0\0\0\0\0\215\v\0\0\1\0\0\0", 16, MSG_DONTWAIT|MSG_NOSIGNAL, NULL, 0) = 16
32534 1783888893.577640 recvfrom(68, 0x7ea2375020, 2272, MSG_DONTWAIT, NULL, NULL) = -1 EAGAIN (Try again)
32534 1783888893.578428 recvfrom(38, "nysv\0\0\0\0\0\0\0\0\0\0\0\0\244P\356\245\233\1\0\0a\234\1\0\0\0\0\0", 3200, MSG_DONTWAIT, NULL, NULL) = 32
32534 1783888893.578683 recvfrom(38, 0x7fd6df3350, 3200, MSG_DONTWAIT, NULL, NULL) = -1 EAGAIN (Try again)
32534 1783888893.579118 recvfrom(68, 0x7ea2375020, 2272, MSG_DONTWAIT, NULL, NULL) = -1 EAGAIN (Try again)
32534 1783888893.579337 recvfrom(38, 0x7fd6df32b0, 3200, MSG_DONTWAIT, NULL, NULL) = -1 EAGAIN (Try again)
32555 1783888893.588505 recvfrom(42, 0x7ea7539eb0, 3200, MSG_DONTWAIT, NULL, NULL) = -1 EAGAIN (Try again)
32555 1783888893.591827 recvfrom(42, 0x7ea7539eb0, 3200, MSG_DONTWAIT, NULL, NULL) = -1 EAGAIN (Try again)
32555 1783888893.593716 recvfrom(42, "nysv\0\0\0\0\0\0\0\0\0\0\0\0\f\366\354\246\233\1\0\0b\234\1\0\0\0\0\0", 3200, MSG_DONTWAIT, NULL, NULL) = 32
32555 1783888893.593737 recvfrom(42, 0x7ea7539c80, 3200, MSG_DONTWAIT, NULL, NULL) = -1 EAGAIN (Try again)
32534 1783888893.602677 recvfrom(38, "nysv\0\0\0\0\0\0\0\0\0\0\0\0\f\366\354\246\233\1\0\0b\234\1\0\0\0\0\0", 3200, MSG_DONTWAIT, NULL, NULL) = 32
32534 1783888893.602865 recvfrom(38, 0x7fd6df3350, 3200, MSG_DONTWAIT, NULL, NULL) = -1 EAGAIN (Try again)
32534 1783888893.605846 recvfrom(38, 0x7fd6df32b0, 3200, MSG_DONTWAIT, NULL, NULL) = -1 EAGAIN (Try again)
32534 1783888893.611124 recvfrom(38, "nysv\0\0\0\0\0\0\0\0\0\0\0\0B\206\353\247\233\1\0\0c\234\1\0\0\0\0\0", 3200, MSG_DONTWAIT, NULL, NULL) = 32
32534 1783888893.611440 recvfrom(38, 0x7fd6df3350, 3200, MSG_DONTWAIT, NULL, NULL) = -1 EAGAIN (Try again)
32534 1783888893.612093 recvfrom(45, 0x7f37ba5420, 2272, MSG_DONTWAIT, NULL, NULL) = -1 EAGAIN (Try again)
32534 1783888893.613550 recvfrom(38, 0x7fd6df32b0, 3200, MSG_DONTWAIT, NULL, NULL) = -1 EAGAIN (Try again)
32534 1783888893.627848 recvfrom(38, "nysv\0\0\0\0\0\0\0\0\0\0\0\0\374\7\352\250\233\1\0\0d\234\1\0\0\0\0\0", 3200, MSG_DONTWAIT, NULL, NULL) = 32
32534 1783888893.628233 recvfrom(38, 0x7fd6df3350, 3200, MSG_DONTWAIT, NULL, NULL) = -1 EAGAIN (Try again)
32534 1783888893.628633 recvfrom(38, 0x7fd6df32b0, 3200, MSG_DONTWAIT, NULL, NULL) = -1 EAGAIN (Try again)
32534 1783888893.644348 recvfrom(38, "nysv\0\0\0\0\0\0\0\0\0\0\0\0\232\245\350\251\233\1\0\0e\234\1\0\0\0\0\0", 3200, MSG_DONTWAIT, NULL, NULL) = 32
32534 1783888893.644577 recvfrom(38, 0x7fd6df3350, 3200, MSG_DONTWAIT, NULL, NULL) = -1 EAGAIN (Try again)
32534 1783888893.644836 recvfrom(38, 0x7fd6df32b0, 3200, MSG_DONTWAIT, NULL, NULL) = -1 EAGAIN (Try again)
32534 1783888893.662408 recvfrom(38, "nysv\0\0\0\0\0\0\0\0\0\0\0\0\266\360\346\252\233\1\0\0f\234\1\0\0\0\0\0", 3200, MSG_DONTWAIT, NULL, NULL) = 32
32534 1783888893.662651 recvfrom(38, 0x7fd6df3350, 3200, MSG_DONTWAIT, NULL, NULL) = -1 EAGAIN (Try again)
32534 1783888893.664379 recvfrom(38, 0x7fd6df32b0, 3200, MSG_DONTWAIT, NULL, NULL) = -1 EAGAIN (Try again)
32534 1783888893.680109 recvfrom(38, "nysv\0\0\0\0\0\0\0\0\0\0\0\0\30\343\344\253\233\1\0\0g\234\1\0\0\0\0\0", 3200, MSG_DONTWAIT, NULL, NULL) = 32
32534 1783888893.680384 recvfrom(38, 0x7fd6df3350, 3200, MSG_DONTWAIT, NULL, NULL) = -1 EAGAIN (Try again)
32534 1783888893.680851 recvfrom(38, 0x7fd6df32b0, 3200, MSG_DONTWAIT, NULL, NULL) = -1 EAGAIN (Try again)
32534 1783888893.695265 recvfrom(38, "nysv\0\0\0\0\0\0\0\0\0\0\0\0\17<\343\254\233\1\0\0h\234\1\0\0\0\0\0", 3200, MSG_DONTWAIT, NULL, NULL) = 32
32534 1783888893.695601 recvfrom(38, 0x7fd6df3350, 3200, MSG_DONTWAIT, NULL, NULL) = -1 EAGAIN (Try again)
32534 1783888893.695889 recvfrom(38, 0x7fd6df32b0, 3200, MSG_DONTWAIT, NULL, NULL) = -1 EAGAIN (Try again)
32534 1783888893.711603 recvfrom(38, "nysv\0\0\0\0\0\0\0\0\0\0\0\0\201\256\341\255\233\1\0\0i\234\1\0\0\0\0\0", 3200, MSG_DONTWAIT, NULL, NULL) = 32
32534 1783888893.711899 recvfrom(38, 0x7fd6df3350, 3200, MSG_DONTWAIT, NULL, NULL) = -1 EAGAIN (Try again)
32534 1783888893.712162 recvfrom(38, 0x7fd6df32b0, 3200, MSG_DONTWAIT, NULL, NULL) = -1 EAGAIN (Try again)
32534 1783888893.727952 recvfrom(38, "nysv\0\0\0\0\0\0\0\0\0\0\0\0]8\340\256\233\1\0\0j\234\1\0\0\0\0\0", 3200, MSG_DONTWAIT, NULL, NULL) = 32
32534 1783888893.728138 recvfrom(38, 0x7fd6df3350, 3200, MSG_DONTWAIT, NULL, NULL) = -1 EAGAIN (Try again)
32534 1783888893.728394 recvfrom(38, 0x7fd6df32b0, 3200, MSG_DONTWAIT, NULL, NULL) = -1 EAGAIN (Try again)
32534 1783888893.746755 recvfrom(38, "nysv\0\0\0\0\0\0\0\0\0\0\0\0\3327\336\257\233\1\0\0k\234\1\0\0\0\0\0", 3200, MSG_DONTWAIT, NULL, NULL) = 32
32534 1783888893.747061 recvfrom(38, 0x7fd6df3350, 3200, MSG_DONTWAIT, NULL, NULL) = -1 EAGAIN (Try again)
32534 1783888893.747436 recvfrom(38, 0x7fd6df32b0, 3200, MSG_DONTWAIT, NULL, NULL) = -1 EAGAIN (Try again)
32534 1783888893.761333 recvfrom(38, "nysv\0\0\0\0\0\0\0\0\0\0\0\0\353\272\334\260\233\1\0\0l\234\1\0\0\0\0\0", 3200, MSG_DONTWAIT, NULL, NULL) = 32
32534 1783888893.761636 recvfrom(38, 0x7fd6df3350, 3200, MSG_DONTWAIT, NULL, NULL) = -1 EAGAIN (Try again)
32534 1783888893.764068 recvfrom(38, 0x7fd6df32b0, 3200, MSG_DONTWAIT, NULL, NULL) = -1 EAGAIN (Try again)
32534 1783888893.778577 recvfrom(38, "nysv\0\0\0\0\0\0\0\0\0\0\0\0\235\v\333\261\233\1\0\0m\234\1\0\0\0\0\0", 3200, MSG_DONTWAIT, NULL, NULL) = 32
32534 1783888893.779062 recvfrom(38, 0x7fd6df3350, 3200, MSG_DONTWAIT, NULL, NULL) = -1 EAGAIN (Try again)
32534 1783888893.779533 recvfrom(38, 0x7fd6df32b0, 3200, MSG_DONTWAIT, NULL, NULL) = -1 EAGAIN (Try again)
32534 1783888893.794932 recvfrom(38, "nysv\0\0\0\0\0\0\0\0\0\0\0\0\216k\331\262\233\1\0\0n\234\1\0\0\0\0\0", 3200, MSG_DONTWAIT, NULL, NULL) = 32
32534 1783888893.795316 recvfrom(38, 0x7fd6df3350, 3200, MSG_DONTWAIT, NULL, NULL) = -1 EAGAIN (Try again)
32534 1783888893.795720 recvfrom(38, 0x7fd6df32b0, 3200, MSG_DONTWAIT, NULL, NULL) = -1 EAGAIN (Try again)
32534 1783888893.811395 recvfrom(38, "nysv\0\0\0\0\0\0\0\0\0\0\0\0\27\242\327\263\233\1\0\0o\234\1\0\0\0\0\0", 3200, MSG_DONTWAIT, NULL, NULL) = 32
32534 1783888893.811751 recvfrom(38, 0x7fd6df3350, 3200, MSG_DONTWAIT, NULL, NULL) = -1 EAGAIN (Try again)
32534 1783888893.812312 recvfrom(38, 0x7fd6df32b0, 3200, MSG_DONTWAIT, NULL, NULL) = -1 EAGAIN (Try again)
32534 1783888893.827155 recvfrom(38, "nysv\0\0\0\0\0\0\0\0\0\0\0\0\320;\326\264\233\1\0\0p\234\1\0\0\0\0\0", 3200, MSG_DONTWAIT, NULL, NULL) = 32
32534 1783888893.827381 recvfrom(38, 0x7fd6df3350, 3200, MSG_DONTWAIT, NULL, NULL) = -1 EAGAIN (Try again)
32534 1783888893.827659 recvfrom(38, 0x7fd6df32b0, 3200, MSG_DONTWAIT, NULL, NULL) = -1 EAGAIN (Try again)
32534 1783888893.845153 recvfrom(38, "nysv\0\0\0\0\0\0\0\0\0\0\0\0\223\234\324\265\233\1\0\0q\234\1\0\0\0\0\0", 3200, MSG_DONTWAIT, NULL, NULL) = 32
32534 1783888893.845470 recvfrom(38, 0x7fd6df3350, 3200, MSG_DONTWAIT, NULL, NULL) = -1 EAGAIN (Try again)
32534 1783888893.845797 recvfrom(38, 0x7fd6df32b0, 3200, MSG_DONTWAIT, NULL, NULL) = -1 EAGAIN (Try again)
32534 1783888893.866100 recvfrom(38, "nysv\0\0\0\0\0\0\0\0\0\0\0\0\275\354\322\266\233\1\0\0r\234\1\0\0\0\0\0", 3200, MSG_DONTWAIT, NULL, NULL) = 32
32534 1783888893.866443 recvfrom(38, 0x7fd6df3350, 3200, MSG_DONTWAIT, NULL, NULL) = -1 EAGAIN (Try again)
32534 1783888893.866783 recvfrom(38, 0x7fd6df32b0, 3200, MSG_DONTWAIT, NULL, NULL) = -1 EAGAIN (Try again)
32534 1783888893.878973 recvfrom(38, "nysv\0\0\0\0\0\0\0\0\0\0\0\0/\35\321\267\233\1\0\0s\234\1\0\0\0\0\0", 3200, MSG_DONTWAIT, NULL, NULL) = 32
32534 1783888893.879161 recvfrom(38, 0x7fd6df3350, 3200, MSG_DONTWAIT, NULL, NULL) = -1 EAGAIN (Try again)
32534 1783888893.879556 recvfrom(38, 0x7fd6df32b0, 3200, MSG_DONTWAIT, NULL, NULL) = -1 EAGAIN (Try again)
32534 1783888893.895837 recvfrom(38, "nysv\0\0\0\0\0\0\0\0\0\0\0\0Ym\317\270\233\1\0\0t\234\1\0\0\0\0\0", 3200, MSG_DONTWAIT, NULL, NULL) = 32
32534 1783888893.896028 recvfrom(38, 0x7fd6df3350, 3200, MSG_DONTWAIT, NULL, NULL) = -1 EAGAIN (Try again)
32534 1783888893.896386 recvfrom(38, 0x7fd6df32b0, 3200, MSG_DONTWAIT, NULL, NULL) = -1 EAGAIN (Try again)
32534 1783888893.911520 recvfrom(38, "nysv\0\0\0\0\0\0\0\0\0\0\0\0\246\327\315\271\233\1\0\0u\234\1\0\0\0\0\0", 3200, MSG_DONTWAIT, NULL, NULL) = 32
32534 1783888893.911730 recvfrom(38, 0x7fd6df3350, 3200, MSG_DONTWAIT, NULL, NULL) = -1 EAGAIN (Try again)
32534 1783888893.912481 recvfrom(38, 0x7fd6df32b0, 3200, MSG_DONTWAIT, NULL, NULL) = -1 EAGAIN (Try again)
32534 1783888893.934454 recvfrom(38, "nysv\0\0\0\0\0\0\0\0\0\0\0\0\\\271\312\272\233\1\0\0v\234\1\0\0\0\0\0", 3200, MSG_DONTWAIT, NULL, NULL) = 32
32534 1783888893.934638 recvfrom(38, 0x7fd6df3350, 3200, MSG_DONTWAIT, NULL, NULL) = -1 EAGAIN (Try again)
32534 1783888893.934994 recvfrom(38, 0x7fd6df32b0, 3200, MSG_DONTWAIT, NULL, NULL) = -1 EAGAIN (Try again)
32534 1783888893.945201 recvfrom(38, "nysv\0\0\0\0\0\0\0\0\0\0\0\0\206\t\311\273\233\1\0\0w\234\1\0\0\0\0\0", 3200, MSG_DONTWAIT, NULL, NULL) = 32
32534 1783888893.945410 recvfrom(38, 0x7fd6df3350, 3200, MSG_DONTWAIT, NULL, NULL) = -1 EAGAIN (Try again)
32534 1783888893.945744 recvfrom(38, 0x7fd6df32b0, 3200, MSG_DONTWAIT, NULL, NULL) = -1 EAGAIN (Try again)
32534 1783888893.960335 recvfrom(38, "nysv\0\0\0\0\0\0\0\0\0\0\0\0\210\257\307\274\233\1\0\0x\234\1\0\0\0\0\0", 3200, MSG_DONTWAIT, NULL, NULL) = 32
32534 1783888893.960704 recvfrom(38, 0x7fd6df3350, 3200, MSG_DONTWAIT, NULL, NULL) = -1 EAGAIN (Try again)
32554 1783888903.288348 openat(AT_FDCWD, "/data/misc/profiles/cur/0/agrigolo.opendrummer/primary.prof", O_RDWR|O_NOFOLLOW|O_CLOEXEC) = 67
32554 1783888903.289326 newfstatat(AT_FDCWD, "/data/misc/profiles/cur/0/agrigolo.opendrummer/primary.prof", {st_mode=S_IFREG|0600, st_size=11378, ...}, 0) = 0
32534 1783888909.366606 recvfrom(45, "\2\0\0\0\0\0\0\0\221\v\0\0\0\0\0\0\0\367\0S\237\1\0\0\1\0\0\0\2\20\0\0"..., 2272, MSG_DONTWAIT, NULL, NULL) = 232
32534 1783888909.367151 sendto(45, "\3\0\0\0\0\0\0\0\221\v\0\0\1\0\0\0", 16, MSG_DONTWAIT|MSG_NOSIGNAL, NULL, 0) = 16
32534 1783888909.367423 recvfrom(45, 0x7f37ba5420, 2272, MSG_DONTWAIT, NULL, NULL) = -1 EAGAIN (Try again)
32534 1783888909.367892 recvfrom(45, "\2\0\0\0\0\0\0\0\223\v\0\0\0\0\0\0\0\367\0S\237\1\0\0\1\0\0\0\2\20\0\0"..., 2272, MSG_DONTWAIT, NULL, NULL) = 232
32534 1783888909.368111 recvfrom(38, 0x7fd6defd50, 3200, MSG_DONTWAIT, NULL, NULL) = -1 EAGAIN (Try again)
32534 1783888909.368611 sendto(45, "\3\0\0\0\0\0\0\0\223\v\0\0\1\0\0\0", 16, MSG_DONTWAIT|MSG_NOSIGNAL, NULL, 0) = 16
32534 1783888909.368857 recvfrom(45, 0x7f37ba5420, 2272, MSG_DONTWAIT, NULL, NULL) = -1 EAGAIN (Try again)
32534 1783888909.378320 recvfrom(38, "nysv\0\0\0\0\0\0\0\0\0\0\0\0O]\260S\237\1\0\0\17\240\1\0\0\0\0\0", 3200, MSG_DONTWAIT, NULL, NULL) = 32
32534 1783888909.378475 recvfrom(38, 0x7fd6df3350, 3200, MSG_DONTWAIT, NULL, NULL) = -1 EAGAIN (Try again)
32534 1783888909.378767 recvfrom(45, 0x7f37ba5420, 2272, MSG_DONTWAIT, NULL, NULL) = -1 EAGAIN (Try again)
32534 1783888909.378927 recvfrom(38, 0x7fd6df32b0, 3200, MSG_DONTWAIT, NULL, NULL) = -1 EAGAIN (Try again)
32555 1783888909.382886 recvfrom(42, 0x7ea7539eb0, 3200, MSG_DONTWAIT, NULL, NULL) = -1 EAGAIN (Try again)
32555 1783888909.393822 recvfrom(42, "nysv\0\0\0\0\0\0\0\0\0\0\0\0\313\367\256T\237\1\0\0\20\240\1\0\0\0\0\0", 3200, MSG_DONTWAIT, NULL, NULL) = 32
32555 1783888909.393894 recvfrom(42, 0x7ea7539c80, 3200, MSG_DONTWAIT, NULL, NULL) = -1 EAGAIN (Try again)
32555 1783888909.401576 recvfrom(42, 0x7ea7539eb0, 3200, MSG_DONTWAIT, NULL, NULL) = -1 EAGAIN (Try again)
32573 1783888909.406742 sendmsg(65, {msg_name=NULL, msg_namelen=0, msg_iov=[{iov_base="l\1\1\1\24\1\0\0M\0\0\0\235\0\0\0\1\1o\0;\0\0\0/re/frid"..., iov_len=452}], msg_iovlen=1, msg_controllen=0, msg_flags=0}, MSG_NOSIGNAL) = 452
32555 1783888909.410437 recvfrom(42, "nysv\0\0\0\0\0\0\0\0\0\0\0\0\226\216\255U\237\1\0\0\21\240\1\0\0\0\0\0", 3200, MSG_DONTWAIT, NULL, NULL) = 32
32555 1783888909.410459 recvfrom(42, 0x7ea7539c80, 3200, MSG_DONTWAIT, NULL, NULL) = -1 EAGAIN (Try again)
32555 1783888909.418114 recvfrom(42, 0x7ea7539eb0, 3200, MSG_DONTWAIT, NULL, NULL) = -1 EAGAIN (Try again)
32534 1783888909.425490 recvfrom(38, "nysv\0\0\0\0\0\0\0\0\0\0\0\0\313\367\256T\237\1\0\0\20\240\1\0\0\0\0\0", 3200, MSG_DONTWAIT, NULL, NULL) = 32
32534 1783888909.425654 recvfrom(38, 0x7fd6df3350, 3200, MSG_DONTWAIT, NULL, NULL) = -1 EAGAIN (Try again)
32534 1783888909.425802 recvfrom(68, 0x7ea22dc420, 2272, MSG_DONTWAIT, NULL, NULL) = -1 EAGAIN (Try again)
32534 1783888909.425956 recvfrom(38, 0x7fd6df32b0, 3200, MSG_DONTWAIT, NULL, NULL) = -1 EAGAIN (Try again)
32555 1783888909.427518 recvfrom(42, "nysv\0\0\0\0\0\0\0\0\0\0\0\0c\f\254V\237\1\0\0\22\240\1\0\0\0\0\0", 3200, MSG_DONTWAIT, NULL, NULL) = 32
32555 1783888909.427533 recvfrom(42, 0x7ea7539c80, 3200, MSG_DONTWAIT, NULL, NULL) = -1 EAGAIN (Try again)
32555 1783888909.435051 recvfrom(42, 0x7ea7539eb0, 3200, MSG_DONTWAIT, NULL, NULL) = -1 EAGAIN (Try again)
32555 1783888909.445659 recvfrom(42, "nysv\0\0\0\0\0\0\0\0\0\0\0\0\215\\\252W\237\1\0\0\23\240\1\0\0\0\0\0", 3200, MSG_DONTWAIT, NULL, NULL) = 32
32555 1783888909.445686 recvfrom(42, 0x7ea7539c80, 3200, MSG_DONTWAIT, NULL, NULL) = -1 EAGAIN (Try again)
32555 1783888909.453579 recvfrom(42, 0x7ea7539eb0, 3200, MSG_DONTWAIT, NULL, NULL) = -1 EAGAIN (Try again)
32534 1783888909.454099 recvfrom(38, "nysv\0\0\0\0\0\0\0\0\0\0\0\0c\f\254V\237\1\0\0\22\240\1\0\0\0\0\0", 3200, MSG_DONTWAIT, NULL, NULL) = 32
32534 1783888909.454316 recvfrom(38, 0x7fd6df3350, 3200, MSG_DONTWAIT, NULL, NULL) = -1 EAGAIN (Try again)
32534 1783888909.458891 recvfrom(68, 0x7ea22dc420, 2272, MSG_DONTWAIT, NULL, NULL) = -1 EAGAIN (Try again)
32534 1783888909.459036 recvfrom(38, 0x7fd6df32b0, 3200, MSG_DONTWAIT, NULL, NULL) = -1 EAGAIN (Try again)
32555 1783888909.463912 recvfrom(42, "nysv\0\0\0\0\0\0\0\0\0\0\0\0\267\254\250X\237\1\0\0\24\240\1\0\0\0\0\0", 3200, MSG_DONTWAIT, NULL, NULL) = 32
32555 1783888909.463936 recvfrom(42, 0x7ea7539c80, 3200, MSG_DONTWAIT, NULL, NULL) = -1 EAGAIN (Try again)
32555 1783888909.472422 recvfrom(42, 0x7ea7539eb0, 3200, MSG_DONTWAIT, NULL, NULL) = -1 EAGAIN (Try again)
32534 1783888909.473320 recvfrom(38, "nysv\0\0\0\0\0\0\0\0\0\0\0\0\267\254\250X\237\1\0\0\24\240\1\0\0\0\0\0", 3200, MSG_DONTWAIT, NULL, NULL) = 32
32534 1783888909.473578 recvfrom(38, 0x7fd6df3350, 3200, MSG_DONTWAIT, NULL, NULL) = -1 EAGAIN (Try again)
32555 1783888909.473963 recvfrom(42, 0x7ea7539eb0, 3200, MSG_DONTWAIT, NULL, NULL) = -1 EAGAIN (Try again)
32534 1783888909.475695 recvfrom(45, 0x7f37ba5420, 2272, MSG_DONTWAIT, NULL, NULL) = -1 EAGAIN (Try again)
32534 1783888909.475882 recvfrom(68, 0x7ea22dc420, 2272, MSG_DONTWAIT, NULL, NULL) = -1 EAGAIN (Try again)
32534 1783888909.476117 recvfrom(38, 0x7fd6df32b0, 3200, MSG_DONTWAIT, NULL, NULL) = -1 EAGAIN (Try again)
32555 1783888909.477041 recvfrom(42, 0x7ea7539eb0, 3200, MSG_DONTWAIT, NULL, NULL) = -1 EAGAIN (Try again)
32555 1783888909.477585 recvfrom(42, "nysv\0\0\0\0\0\0\0\0\0\0\0\0\341\374\246Y\237\1\0\0\25\240\1\0\0\0\0\0", 3200, MSG_DONTWAIT, NULL, NULL) = 32
32555 1783888909.477598 recvfrom(42, 0x7ea7539c80, 3200, MSG_DONTWAIT, NULL, NULL) = -1 EAGAIN (Try again)
32534 1783888909.478601 recvfrom(38, "nysv\0\0\0\0\0\0\0\0\0\0\0\0\341\374\246Y\237\1\0\0\25\240\1\0\0\0\0\0", 3200, MSG_DONTWAIT, NULL, NULL) = 32
32534 1783888909.478826 recvfrom(38,  <unfinished ...>
32555 1783888909.486124 recvfrom(42, 0x7ea7539eb0, 3200, MSG_DONTWAIT, NULL, NULL) = -1 EAGAIN (Try again)
32534 1783888909.486146 <... recvfrom resumed> 0x7fd6df3350, 3200, MSG_DONTWAIT, NULL, NULL) = -1 EAGAIN (Try again)
32534 1783888909.486616 recvfrom(38, 0x7fd6df32b0, 3200, MSG_DONTWAIT, NULL, NULL) = -1 EAGAIN (Try again)
32555 1783888909.495722 recvfrom(42, "nysv\0\0\0\0\0\0\0\0\0\0\0\0\vM\245Z\237\1\0\0\26\240\1\0\0\0\0\0", 3200, MSG_DONTWAIT, NULL, NULL) = 32
32555 1783888909.495749 recvfrom(42, 0x7ea7539c80, 3200, MSG_DONTWAIT, NULL, NULL) = -1 EAGAIN (Try again)
32534 1783888909.495921 recvfrom(38, "nysv\0\0\0\0\0\0\0\0\0\0\0\0\vM\245Z\237\1\0\0\26\240\1\0\0\0\0\0", 3200, MSG_DONTWAIT, NULL, NULL) = 32
32534 1783888909.496166 recvfrom(38, 0x7fd6df3350, 3200, MSG_DONTWAIT, NULL, NULL) = -1 EAGAIN (Try again)
32534 1783888909.496678 recvfrom(38, 0x7fd6df32b0, 3200, MSG_DONTWAIT, NULL, NULL) = -1 EAGAIN (Try again)
32555 1783888909.508778 recvfrom(42, 0x7ea7539eb0, 3200, MSG_DONTWAIT, NULL, NULL) = -1 EAGAIN (Try again)
32555 1783888909.510724 recvfrom(42, "nysv\0\0\0\0\0\0\0\0\0\0\0\0+\345\243[\237\1\0\0\27\240\1\0\0\0\0\0", 3200, MSG_DONTWAIT, NULL, NULL) = 32
32555 1783888909.510743 recvfrom(42, 0x7ea7539c80, 3200, MSG_DONTWAIT, NULL, NULL) = -1 EAGAIN (Try again)
32534 1783888909.511062 recvfrom(38, "nysv\0\0\0\0\0\0\0\0\0\0\0\0+\345\243[\237\1\0\0\27\240\1\0\0\0\0\0", 3200, MSG_DONTWAIT, NULL, NULL) = 32
32534 1783888909.511338 recvfrom(38, 0x7fd6df3350, 3200, MSG_DONTWAIT, NULL, NULL) = -1 EAGAIN (Try again)
32534 1783888909.512051 recvfrom(38,  <unfinished ...>
32555 1783888909.523651 recvfrom(42, 0x7ea7539eb0, 3200, MSG_DONTWAIT, NULL, NULL) = -1 EAGAIN (Try again)
32534 1783888909.523666 <... recvfrom resumed> 0x7fd6df32b0, 3200, MSG_DONTWAIT, NULL, NULL) = -1 EAGAIN (Try again)
32555 1783888909.527695 recvfrom(42, "nysv\0\0\0\0\0\0\0\0\0\0\0\0\t_\242\\\237\1\0\0\30\240\1\0\0\0\0\0", 3200, MSG_DONTWAIT, NULL, NULL) = 32
32555 1783888909.527883 recvfrom(42, 0x7ea7539c80, 3200, MSG_DONTWAIT, NULL, NULL) = -1 EAGAIN (Try again)
32534 1783888909.528117 recvfrom(38, "nysv\0\0\0\0\0\0\0\0\0\0\0\0\t_\242\\\237\1\0\0\30\240\1\0\0\0\0\0", 3200, MSG_DONTWAIT, NULL, NULL) = 32
32534 1783888909.528457 recvfrom(38, 0x7fd6df3350, 3200, MSG_DONTWAIT, NULL, NULL) = -1 EAGAIN (Try again)
32534 1783888909.528760 recvfrom(38, 0x7fd6df32b0, 3200, MSG_DONTWAIT, NULL, NULL) = -1 EAGAIN (Try again)
32555 1783888909.540330 recvfrom(42, 0x7ea7539eb0, 3200, MSG_DONTWAIT, NULL, NULL) = -1 EAGAIN (Try again)
32555 1783888909.544811 recvfrom(42, "nysv\0\0\0\0\0\0\0\0\0\0\0\0\340\273\240]\237\1\0\0\31\240\1\0\0\0\0\0", 3200, MSG_DONTWAIT, NULL, NULL) = 32
32555 1783888909.544829 recvfrom(42, 0x7ea7539c80, 3200, MSG_DONTWAIT, NULL, NULL) = -1 EAGAIN (Try again)
32534 1783888909.545010 recvfrom(38, "nysv\0\0\0\0\0\0\0\0\0\0\0\0\340\273\240]\237\1\0\0\31\240\1\0\0\0\0\0", 3200, MSG_DONTWAIT, NULL, NULL) = 32
32534 1783888909.545387 recvfrom(38, 0x7fd6df3350, 3200, MSG_DONTWAIT, NULL, NULL) = -1 EAGAIN (Try again)
32534 1783888909.545861 recvfrom(38, 0x7fd6df32b0, 3200, MSG_DONTWAIT, NULL, NULL) = -1 EAGAIN (Try again)
32555 1783888909.557305 recvfrom(42, 0x7ea7539eb0, 3200, MSG_DONTWAIT, NULL, NULL) = -1 EAGAIN (Try again)
32555 1783888909.561282 recvfrom(42, "nysv\0\0\0\0\0\0\0\0\0\0\0\0t&\237^\237\1\0\0\32\240\1\0\0\0\0\0", 3200, MSG_DONTWAIT, NULL, NULL) = 32
32555 1783888909.561304 recvfrom(42, 0x7ea7539c80, 3200, MSG_DONTWAIT, NULL, NULL) = -1 EAGAIN (Try again)
32534 1783888909.561707 recvfrom(38, "nysv\0\0\0\0\0\0\0\0\0\0\0\0t&\237^\237\1\0\0\32\240\1\0\0\0\0\0", 3200, MSG_DONTWAIT, NULL, NULL) = 32
32534 1783888909.562017 recvfrom(38, 0x7fd6df3350, 3200, MSG_DONTWAIT, NULL, NULL) = -1 EAGAIN (Try again)
32534 1783888909.562401 recvfrom(38, 0x7fd6df32b0, 3200, MSG_DONTWAIT, NULL, NULL) = -1 EAGAIN (Try again)
32555 1783888909.574687 recvfrom(42, 0x7ea7539eb0, 3200, MSG_DONTWAIT, NULL, NULL) = -1 EAGAIN (Try again)
32555 1783888909.578520 recvfrom(42, "nysv\0\0\0\0\0\0\0\0\0\0\0\0\242z\235_\237\1\0\0\33\240\1\0\0\0\0\0", 3200, MSG_DONTWAIT, NULL, NULL) = 32
32555 1783888909.578539 recvfrom(42, 0x7ea7539c80, 3200, MSG_DONTWAIT, NULL, NULL) = -1 EAGAIN (Try again)
32534 1783888909.578774 recvfrom(38, "nysv\0\0\0\0\0\0\0\0\0\0\0\0\242z\235_\237\1\0\0\33\240\1\0\0\0\0\0", 3200, MSG_DONTWAIT, NULL, NULL) = 32
32534 1783888909.579115 recvfrom(38, 0x7fd6df3350, 3200, MSG_DONTWAIT, NULL, NULL) = -1 EAGAIN (Try again)
32534 1783888909.579410 recvfrom(38, 0x7fd6df32b0, 3200, MSG_DONTWAIT, NULL, NULL) = -1 EAGAIN (Try again)
32555 1783888909.590309 recvfrom(42, 0x7ea7539eb0, 3200, MSG_DONTWAIT, NULL, NULL) = -1 EAGAIN (Try again)
32555 1783888909.594908 recvfrom(42, "nysv\0\0\0\0\0\0\0\0\0\0\0\0\276\323\233`\237\1\0\0\34\240\1\0\0\0\0\0", 3200, MSG_DONTWAIT, NULL, NULL) = 32
32555 1783888909.595063 recvfrom(42, 0x7ea7539c80, 3200, MSG_DONTWAIT, NULL, NULL) = -1 EAGAIN (Try again)
32534 1783888909.595371 recvfrom(38, "nysv\0\0\0\0\0\0\0\0\0\0\0\0\276\323\233`\237\1\0\0\34\240\1\0\0\0\0\0", 3200, MSG_DONTWAIT, NULL, NULL) = 32
32534 1783888909.595639 recvfrom(38, 0x7fd6df3350, 3200, MSG_DONTWAIT, NULL, NULL) = -1 EAGAIN (Try again)
32534 1783888909.596019 recvfrom(38,  <unfinished ...>
32555 1783888909.608330 recvfrom(42, 0x7ea7539eb0, 3200, MSG_DONTWAIT, NULL, NULL) = -1 EAGAIN (Try again)
32534 1783888909.608345 <... recvfrom resumed> 0x7fd6df32b0, 3200, MSG_DONTWAIT, NULL, NULL) = -1 EAGAIN (Try again)
32555 1783888909.611757 recvfrom(42, "nysv\0\0\0\0\0\0\0\0\0\0\0\0*\230\232a\237\1\0\0\35\240\1\0\0\0\0\0", 3200, MSG_DONTWAIT, NULL, NULL) = 32
32555 1783888909.611776 recvfrom(42, 0x7ea7539c80, 3200, MSG_DONTWAIT, NULL, NULL) = -1 EAGAIN (Try again)
32534 1783888909.611895 recvfrom(38, "nysv\0\0\0\0\0\0\0\0\0\0\0\0*\230\232a\237\1\0\0\35\240\1\0\0\0\0\0", 3200, MSG_DONTWAIT, NULL, NULL) = 32
32534 1783888909.613509 recvfrom(38, 0x7fd6df3350, 3200, MSG_DONTWAIT, NULL, NULL) = -1 EAGAIN (Try again)
32534 1783888909.613788 recvfrom(38,  <unfinished ...>
32555 1783888909.622918 recvfrom(42, 0x7ea7539eb0, 3200, MSG_DONTWAIT, NULL, NULL) = -1 EAGAIN (Try again)
32534 1783888909.622930 <... recvfrom resumed> 0x7fd6df32b0, 3200, MSG_DONTWAIT, NULL, NULL) = -1 EAGAIN (Try again)
32555 1783888909.628427 recvfrom(42, "nysv\0\0\0\0\0\0\0\0\0\0\0\0^\361\230b\237\1\0\0\36\240\1\0\0\0\0\0", 3200, MSG_DONTWAIT, NULL, NULL) = 32
32555 1783888909.628445 recvfrom(42, 0x7ea7539c80, 3200, MSG_DONTWAIT, NULL, NULL) = -1 EAGAIN (Try again)
32534 1783888909.628857 recvfrom(38, "nysv\0\0\0\0\0\0\0\0\0\0\0\0^\361\230b\237\1\0\0\36\240\1\0\0\0\0\0", 3200, MSG_DONTWAIT, NULL, NULL) = 32
32534 1783888909.629257 recvfrom(38, 0x7fd6df3350, 3200, MSG_DONTWAIT, NULL, NULL) = -1 EAGAIN (Try again)
32534 1783888909.629917 recvfrom(38, 0x7fd6df32b0, 3200, MSG_DONTWAIT, NULL, NULL) = -1 EAGAIN (Try again)
32555 1783888909.641888 recvfrom(42, 0x7ea7539eb0, 3200, MSG_DONTWAIT, NULL, NULL) = -1 EAGAIN (Try again)
32555 1783888909.644218 recvfrom(42, "nysv\0\0\0\0\0\0\0\0\0\0\0\0\244q\227c\237\1\0\0\37\240\1\0\0\0\0\0", 3200, MSG_DONTWAIT, NULL, NULL) = 32
32555 1783888909.644281 recvfrom(42, 0x7ea7539c80, 3200, MSG_DONTWAIT, NULL, NULL) = -1 EAGAIN (Try again)
32534 1783888909.644609 recvfrom(38, "nysv\0\0\0\0\0\0\0\0\0\0\0\0\244q\227c\237\1\0\0\37\240\1\0\0\0\0\0", 3200, MSG_DONTWAIT, NULL, NULL) = 32
32534 1783888909.644898 recvfrom(38, 0x7fd6df3350, 3200, MSG_DONTWAIT, NULL, NULL) = -1 EAGAIN (Try again)
32534 1783888909.645398 recvfrom(38, 0x7fd6df32b0, 3200, MSG_DONTWAIT, NULL, NULL) = -1 EAGAIN (Try again)
32555 1783888909.659096 recvfrom(42, 0x7ea7539eb0, 3200, MSG_DONTWAIT, NULL, NULL) = -1 EAGAIN (Try again)
32555 1783888909.661397 recvfrom(42, "nysv\0\0\0\0\0\0\0\0\0\0\0\0\316\301\225d\237\1\0\0 \240\1\0\0\0\0\0", 3200, MSG_DONTWAIT, NULL, NULL) = 32
32555 1783888909.661415 recvfrom(42, 0x7ea7539c80, 3200, MSG_DONTWAIT, NULL, NULL) = -1 EAGAIN (Try again)
32534 1783888909.661584 recvfrom(38, "nysv\0\0\0\0\0\0\0\0\0\0\0\0\316\301\225d\237\1\0\0 \240\1\0\0\0\0\0", 3200, MSG_DONTWAIT, NULL, NULL) = 32
32534 1783888909.661845 recvfrom(38, 0x7fd6df3350, 3200, MSG_DONTWAIT, NULL, NULL) = -1 EAGAIN (Try again)
32534 1783888909.662274 recvfrom(38, 0x7fd6df32b0, 3200, MSG_DONTWAIT, NULL, NULL) = -1 EAGAIN (Try again)
32555 1783888909.675092 recvfrom(42, 0x7ea7539eb0, 3200, MSG_DONTWAIT, NULL, NULL) = -1 EAGAIN (Try again)
32555 1783888909.677544 recvfrom(42, "nysv\0\0\0\0\0\0\0\0\0\0\0\0}A\224e\237\1\0\0!\240\1\0\0\0\0\0", 3200, MSG_DONTWAIT, NULL, NULL) = 32
32555 1783888909.677684 recvfrom(42, 0x7ea7539c80, 3200, MSG_DONTWAIT, NULL, NULL) = -1 EAGAIN (Try again)
32534 1783888909.677851 recvfrom(38, "nysv\0\0\0\0\0\0\0\0\0\0\0\0}A\224e\237\1\0\0!\240\1\0\0\0\0\0", 3200, MSG_DONTWAIT, NULL, NULL) = 32
32534 1783888909.678185 recvfrom(38, 0x7fd6df3350, 3200, MSG_DONTWAIT, NULL, NULL) = -1 EAGAIN (Try again)
32534 1783888909.678614 recvfrom(38, 0x7fd6df32b0, 3200, MSG_DONTWAIT, NULL, NULL) = -1 EAGAIN (Try again)
32555 1783888909.691550 recvfrom(42, 0x7ea7539eb0, 3200, MSG_DONTWAIT, NULL, NULL) = -1 EAGAIN (Try again)
32555 1783888909.694162 recvfrom(42, "nysv\0\0\0\0\0\0\0\0\0\0\0\0\261\321\222f\237\1\0\0\"\240\1\0\0\0\0\0", 3200, MSG_DONTWAIT, NULL, NULL) = 32
32555 1783888909.694188 recvfrom(42, 0x7ea7539c80, 3200, MSG_DONTWAIT, NULL, NULL) = -1 EAGAIN (Try again)
32534 1783888909.694441 recvfrom(38, "nysv\0\0\0\0\0\0\0\0\0\0\0\0\261\321\222f\237\1\0\0\"\240\1\0\0\0\0\0", 3200, MSG_DONTWAIT, NULL, NULL) = 32
32534 1783888909.694754 recvfrom(38, 0x7fd6df3350, 3200, MSG_DONTWAIT, NULL, NULL) = -1 EAGAIN (Try again)
32534 1783888909.695078 recvfrom(38, 0x7fd6df32b0, 3200, MSG_DONTWAIT, NULL, NULL) = -1 EAGAIN (Try again)
32555 1783888909.708240 recvfrom(42, 0x7ea7539eb0, 3200, MSG_DONTWAIT, NULL, NULL) = -1 EAGAIN (Try again)
32555 1783888909.710878 recvfrom(42, "nysv\0\0\0\0\0\0\0\0\0\0\0\0$R\221g\237\1\0\0#\240\1\0\0\0\0\0", 3200, MSG_DONTWAIT, NULL, NULL) = 32
32555 1783888909.710906 recvfrom(42, 0x7ea7539c80, 3200, MSG_DONTWAIT, NULL, NULL) = -1 EAGAIN (Try again)
32534 1783888909.711103 recvfrom(38, "nysv\0\0\0\0\0\0\0\0\0\0\0\0$R\221g\237\1\0\0#\240\1\0\0\0\0\0", 3200, MSG_DONTWAIT, NULL, NULL) = 32
32534 1783888909.711465 recvfrom(38, 0x7fd6df3350, 3200, MSG_DONTWAIT, NULL, NULL) = -1 EAGAIN (Try again)
32534 1783888909.711868 recvfrom(38, 0x7fd6df32b0, 3200, MSG_DONTWAIT, NULL, NULL) = -1 EAGAIN (Try again)
32555 1783888909.725363 recvfrom(42, 0x7ea7539eb0, 3200, MSG_DONTWAIT, NULL, NULL) = -1 EAGAIN (Try again)
32555 1783888909.727423 recvfrom(42, "nysv\0\0\0\0\0\0\0\0\0\0\0\0\266\334\217h\237\1\0\0$\240\1\0\0\0\0\0", 3200, MSG_DONTWAIT, NULL, NULL) = 32
32555 1783888909.727442 recvfrom(42, 0x7ea7539c80, 3200, MSG_DONTWAIT, NULL, NULL) = -1 EAGAIN (Try again)
32534 1783888909.727646 recvfrom(38, "nysv\0\0\0\0\0\0\0\0\0\0\0\0\266\334\217h\237\1\0\0$\240\1\0\0\0\0\0", 3200, MSG_DONTWAIT, NULL, NULL) = 32
32534 1783888909.727970 recvfrom(38, 0x7fd6df3350, 3200, MSG_DONTWAIT, NULL, NULL) = -1 EAGAIN (Try again)
32534 1783888909.728447 recvfrom(38, 0x7fd6df32b0, 3200, MSG_DONTWAIT, NULL, NULL) = -1 EAGAIN (Try again)
32555 1783888909.741664 recvfrom(42, 0x7ea7539eb0, 3200, MSG_DONTWAIT, NULL, NULL) = -1 EAGAIN (Try again)
32555 1783888909.745090 recvfrom(42, "nysv\0\0\0\0\0\0\0\0\0\0\0\0U6\216i\237\1\0\0%\240\1\0\0\0\0\0", 3200, MSG_DONTWAIT, NULL, NULL) = 32
32555 1783888909.745110 recvfrom(42, 0x7ea7539c80, 3200, MSG_DONTWAIT, NULL, NULL) = -1 EAGAIN (Try again)
32534 1783888909.745481 recvfrom(38, "nysv\0\0\0\0\0\0\0\0\0\0\0\0U6\216i\237\1\0\0%\240\1\0\0\0\0\0", 3200, MSG_DONTWAIT, NULL, NULL) = 32
32534 1783888909.745828 recvfrom(38, 0x7fd6df3350, 3200, MSG_DONTWAIT, NULL, NULL) = -1 EAGAIN (Try again)
32555 1783888909.760732 recvfrom(42, "nysv\0\0\0\0\0\0\0\0\0\0\0\0)\273\214j\237\1\0\0&\240\1\0\0\0\0\0", 3200, MSG_DONTWAIT, NULL, NULL) = 32
32555 1783888909.760754 recvfrom(42, 0x7ea7539c80, 3200, MSG_DONTWAIT, NULL, NULL) = -1 EAGAIN (Try again)
32534 1783888911.020081 recvfrom(38, 0x7fd6df3120, 3200, MSG_DONTWAIT, NULL, NULL) = -1 EAGAIN (Try again)
32534 1783888911.031411 recvfrom(38, "nysv\0\0\0\0\0\0\0\0\0\0\0\0\260\1\10\266\237\1\0\0r\240\1\0\0\0\0\0", 3200, MSG_DONTWAIT, NULL, NULL) = 32
32534 1783888911.032064 recvfrom(38, 0x7fd6df3350, 3200, MSG_DONTWAIT, NULL, NULL) = -1 EAGAIN (Try again)
32534 1783888911.032870 recvfrom(68, 0x7ea22dc420, 2272, MSG_DONTWAIT, NULL, NULL) = -1 EAGAIN (Try again)
32534 1783888911.033754 recvfrom(38, 0x7fd6df2350, 3200, MSG_DONTWAIT, NULL, NULL) = -1 EAGAIN (Try again)
32534 1783888911.049343 recvfrom(38, "nysv\0\0\0\0\0\0\0\0\0\0\0\0\332Q\6\267\237\1\0\0s\240\1\0\0\0\0\0", 3200, MSG_DONTWAIT, NULL, NULL) = 32
32534 1783888911.050020 recvfrom(38, 0x7fd6df3350, 3200, MSG_DONTWAIT, NULL, NULL) = -1 EAGAIN (Try again)
32534 1783888911.050335 recvfrom(68, 0x7ea22dc420, 2272, MSG_DONTWAIT, NULL, NULL) = -1 EAGAIN (Try again)
32534 1783888911.050913 recvfrom(38, 0x7fd6df2350, 3200, MSG_DONTWAIT, NULL, NULL) = -1 EAGAIN (Try again)
32534 1783888911.061563 recvfrom(38, "nysv\0\0\0\0\0\0\0\0\0\0\0\0`\350\4\270\237\1\0\0t\240\1\0\0\0\0\0", 3200, MSG_DONTWAIT, NULL, NULL) = 32
32534 1783888911.062286 recvfrom(38, 0x7fd6df3350, 3200, MSG_DONTWAIT, NULL, NULL) = -1 EAGAIN (Try again)
32534 1783888911.063007 recvfrom(68, 0x7ea22dc420, 2272, MSG_DONTWAIT, NULL, NULL) = -1 EAGAIN (Try again)
32534 1783888911.070959 recvfrom(38, 0x7fd6df2350, 3200, MSG_DONTWAIT, NULL, NULL) = -1 EAGAIN (Try again)
32534 1783888911.081520 recvfrom(38, "nysv\0\0\0\0\0\0\0\0\0\0\0\0i^\3\271\237\1\0\0u\240\1\0\0\0\0\0", 3200, MSG_DONTWAIT, NULL, NULL) = 32
32534 1783888911.081800 recvfrom(38, 0x7fd6df3350, 3200, MSG_DONTWAIT, NULL, NULL) = -1 EAGAIN (Try again)
32534 1783888911.082070 recvfrom(68, 0x7ea22dc420, 2272, MSG_DONTWAIT, NULL, NULL) = -1 EAGAIN (Try again)
32534 1783888911.082561 recvfrom(38, 0x7fd6df2350, 3200, MSG_DONTWAIT, NULL, NULL) = -1 EAGAIN (Try again)
32534 1783888911.098165 recvfrom(38, "nysv\0\0\0\0\0\0\0\0\0\0\0\0\223\256\1\272\237\1\0\0v\240\1\0\0\0\0\0", 3200, MSG_DONTWAIT, NULL, NULL) = 32
32534 1783888911.099658 recvfrom(38, 0x7fd6df3350, 3200, MSG_DONTWAIT, NULL, NULL) = -1 EAGAIN (Try again)
32534 1783888911.099834 recvfrom(68, 0x7ea22dc420, 2272, MSG_DONTWAIT, NULL, NULL) = -1 EAGAIN (Try again)
32534 1783888911.100772 recvfrom(38, 0x7fd6df2350, 3200, MSG_DONTWAIT, NULL, NULL) = -1 EAGAIN (Try again)
32534 1783888911.111341 recvfrom(38, "nysv\0\0\0\0\0\0\0\0\0\0\0\0\275\376\377\272\237\1\0\0w\240\1\0\0\0\0\0", 3200, MSG_DONTWAIT, NULL, NULL) = 32
32534 1783888911.111566 recvfrom(38, 0x7fd6df3350, 3200, MSG_DONTWAIT, NULL, NULL) = -1 EAGAIN (Try again)
32534 1783888911.112150 recvfrom(68, 0x7ea22dc420, 2272, MSG_DONTWAIT, NULL, NULL) = -1 EAGAIN (Try again)
32534 1783888911.114689 recvfrom(38, 0x7fd6df2350, 3200, MSG_DONTWAIT, NULL, NULL) = -1 EAGAIN (Try again)
32534 1783888911.128713 recvfrom(38, "nysv\0\0\0\0\0\0\0\0\0\0\0\0\347N\376\273\237\1\0\0x\240\1\0\0\0\0\0", 3200, MSG_DONTWAIT, NULL, NULL) = 32
32534 1783888911.128994 recvfrom(38, 0x7fd6df3350, 3200, MSG_DONTWAIT, NULL, NULL) = -1 EAGAIN (Try again)
32534 1783888911.133318 recvfrom(68, 0x7ea22dc420, 2272, MSG_DONTWAIT, NULL, NULL) = -1 EAGAIN (Try again)
32534 1783888911.135293 recvfrom(38, 0x7fd6df2350, 3200, MSG_DONTWAIT, NULL, NULL) = -1 EAGAIN (Try again)
32534 1783888911.144385 recvfrom(38, "nysv\0\0\0\0\0\0\0\0\0\0\0\0{\335\374\274\237\1\0\0y\240\1\0\0\0\0\0", 3200, MSG_DONTWAIT, NULL, NULL) = 32
32534 1783888911.144849 recvfrom(38, 0x7fd6df3350, 3200, MSG_DONTWAIT, NULL, NULL) = -1 EAGAIN (Try again)
32534 1783888911.149061 recvfrom(68, 0x7ea22dc420, 2272, MSG_DONTWAIT, NULL, NULL) = -1 EAGAIN (Try again)
32534 1783888911.151015 recvfrom(38, 0x7fd6df2350, 3200, MSG_DONTWAIT, NULL, NULL) = -1 EAGAIN (Try again)
32534 1783888911.161636 recvfrom(38, "nysv\0\0\0\0\0\0\0\0\0\0\0\0\313J\373\275\237\1\0\0z\240\1\0\0\0\0\0", 3200, MSG_DONTWAIT, NULL, NULL) = 32
32534 1783888911.162006 recvfrom(38, 0x7fd6df3350, 3200, MSG_DONTWAIT, NULL, NULL) = -1 EAGAIN (Try again)
32534 1783888911.162585 recvfrom(68, 0x7ea22dc420, 2272, MSG_DONTWAIT, NULL, NULL) = -1 EAGAIN (Try again)
32534 1783888911.165138 recvfrom(38, 0x7fd6df2350, 3200, MSG_DONTWAIT, NULL, NULL) = -1 EAGAIN (Try again)
32534 1783888911.178026 recvfrom(38, "nysv\0\0\0\0\0\0\0\0\0\0\0\0\365\232\371\276\237\1\0\0{\240\1\0\0\0\0\0", 3200, MSG_DONTWAIT, NULL, NULL) = 32
32534 1783888911.178420 recvfrom(38, 0x7fd6df3350, 3200, MSG_DONTWAIT, NULL, NULL) = -1 EAGAIN (Try again)
32534 1783888911.178841 recvfrom(68, 0x7ea22dc420, 2272, MSG_DONTWAIT, NULL, NULL) = -1 EAGAIN (Try again)
32534 1783888911.184054 recvfrom(38, 0x7fd6df2350, 3200, MSG_DONTWAIT, NULL, NULL) = -1 EAGAIN (Try again)
32534 1783888911.194816 recvfrom(38, "nysv\0\0\0\0\0\0\0\0\0\0\0\0\362\20\370\277\237\1\0\0|\240\1\0\0\0\0\0", 3200, MSG_DONTWAIT, NULL, NULL) = 32
32534 1783888911.195224 recvfrom(38, 0x7fd6df3350, 3200, MSG_DONTWAIT, NULL, NULL) = -1 EAGAIN (Try again)
32534 1783888911.195857 recvfrom(68, 0x7ea22dc420, 2272, MSG_DONTWAIT, NULL, NULL) = -1 EAGAIN (Try again)
32534 1783888911.196507 recvfrom(38, 0x7fd6df2350, 3200, MSG_DONTWAIT, NULL, NULL) = -1 EAGAIN (Try again)
32534 1783888911.211056 recvfrom(38, "nysv\0\0\0\0\0\0\0\0\0\0\0\0\265\226\366\300\237\1\0\0}\240\1\0\0\0\0\0", 3200, MSG_DONTWAIT, NULL, NULL) = 32
32534 1783888911.211553 recvfrom(38, 0x7fd6df3350, 3200, MSG_DONTWAIT, NULL, NULL) = -1 EAGAIN (Try again)
32534 1783888911.212085 recvfrom(68, 0x7ea22dc420, 2272, MSG_DONTWAIT, NULL, NULL) = -1 EAGAIN (Try again)
32534 1783888911.214677 recvfrom(38, 0x7fd6df2350, 3200, MSG_DONTWAIT, NULL, NULL) = -1 EAGAIN (Try again)
32534 1783888911.227537 recvfrom(38, "nysv\0\0\0\0\0\0\0\0\0\0\0\0\0211\365\301\237\1\0\0~\240\1\0\0\0\0\0", 3200, MSG_DONTWAIT, NULL, NULL) = 32
32534 1783888911.227912 recvfrom(38, 0x7fd6df3350, 3200, MSG_DONTWAIT, NULL, NULL) = -1 EAGAIN (Try again)
32534 1783888911.228335 recvfrom(68, 0x7ea22dc420, 2272, MSG_DONTWAIT, NULL, NULL) = -1 EAGAIN (Try again)
32534 1783888911.232259 recvfrom(38, 0x7fd6df2350, 3200, MSG_DONTWAIT, NULL, NULL) = -1 EAGAIN (Try again)
32534 1783888911.244654 recvfrom(38, "nysv\0\0\0\0\0\0\0\0\0\0\0\0X\272\363\302\237\1\0\0\177\240\1\0\0\0\0\0", 3200, MSG_DONTWAIT, NULL, NULL) = 32
32534 1783888911.245055 recvfrom(38, 0x7fd6df3350, 3200, MSG_DONTWAIT, NULL, NULL) = -1 EAGAIN (Try again)
32534 1783888911.245743 recvfrom(68, 0x7ea22dc420, 2272, MSG_DONTWAIT, NULL, NULL) = -1 EAGAIN (Try again)
32534 1783888911.249069 recvfrom(38, 0x7fd6df2350, 3200, MSG_DONTWAIT, NULL, NULL) = -1 EAGAIN (Try again)
32534 1783888911.261500 recvfrom(38, "nysv\0\0\0\0\0\0\0\0\0\0\0\0\271>\362\303\237\1\0\0\200\240\1\0\0\0\0\0", 3200, MSG_DONTWAIT, NULL, NULL) = 32
32534 1783888911.261974 recvfrom(38, 0x7fd6df3350, 3200, MSG_DONTWAIT, NULL, NULL) = -1 EAGAIN (Try again)
32534 1783888911.263013 recvfrom(68, 0x7ea22dc420, 2272, MSG_DONTWAIT, NULL, NULL) = -1 EAGAIN (Try again)
32534 1783888911.263611 recvfrom(38, 0x7fd6df2350, 3200, MSG_DONTWAIT, NULL, NULL) = -1 EAGAIN (Try again)
32534 1783888911.278218 recvfrom(38, "nysv\0\0\0\0\0\0\0\0\0\0\0\0\343\216\360\304\237\1\0\0\201\240\1\0\0\0\0\0", 3200, MSG_DONTWAIT, NULL, NULL) = 32
32534 1783888911.278743 recvfrom(38, 0x7fd6df3350, 3200, MSG_DONTWAIT, NULL, NULL) = -1 EAGAIN (Try again)
32534 1783888911.282075 recvfrom(68, 0x7ea22dc420, 2272, MSG_DONTWAIT, NULL, NULL) = -1 EAGAIN (Try again)
32534 1783888911.283154 recvfrom(38, 0x7fd6df2350, 3200, MSG_DONTWAIT, NULL, NULL) = -1 EAGAIN (Try again)
32534 1783888911.296718 recvfrom(38, "nysv\0\0\0\0\0\0\0\0\0\0\0\0\r\337\356\305\237\1\0\0\202\240\1\0\0\0\0\0", 3200, MSG_DONTWAIT, NULL, NULL) = 32
32534 1783888911.297017 recvfrom(38, 0x7fd6df3350, 3200, MSG_DONTWAIT, NULL, NULL) = -1 EAGAIN (Try again)
32534 1783888911.297385 recvfrom(68, 0x7ea22dc420, 2272, MSG_DONTWAIT, NULL, NULL) = -1 EAGAIN (Try again)
32534 1783888924.962463 recvfrom(68, "\2\0\0\0\0\0\0\0\227\v\0\0\0\0\0\0\0\n\231\364\242\1\0\0\1\0\0\0\2\20\0\0"..., 2272, MSG_DONTWAIT, NULL, NULL) = 232
32534 1783888924.963422 sendto(68, "\3\0\0\0\0\0\0\0\227\v\0\0\1\0\0\0", 16, MSG_DONTWAIT|MSG_NOSIGNAL, NULL, 0) = 16
32534 1783888924.963624 recvfrom(68, 0x7ea22dc420, 2272, MSG_DONTWAIT, NULL, NULL) = -1 EAGAIN (Try again)
32534 1783888924.964080 recvfrom(68, "\2\0\0\0\0\0\0\0\231\v\0\0\0\0\0\0\0\n\231\364\242\1\0\0\1\0\0\0\2\20\0\0"..., 2272, MSG_DONTWAIT, NULL, NULL) = 232
32534 1783888924.964276 recvfrom(38, 0x7fd6def8e0, 3200, MSG_DONTWAIT, NULL, NULL) = -1 EAGAIN (Try again)
32534 1783888924.965700 sendto(68, "\3\0\0\0\0\0\0\0\231\v\0\0\1\0\0\0", 16, MSG_DONTWAIT|MSG_NOSIGNAL, NULL, 0) = 16
32534 1783888924.965929 recvfrom(68, 0x7ea22dc420, 2272, MSG_DONTWAIT, NULL, NULL) = -1 EAGAIN (Try again)
32534 1783888924.978692 recvfrom(38, "nysv\0\0\0\0\0\0\0\0\0\0\0\0E^\205\365\242\1\0\0\262\243\1\0\0\0\0\0", 3200, MSG_DONTWAIT, NULL, NULL) = 32
32534 1783888924.978850 recvfrom(38, 0x7fd6df3350, 3200, MSG_DONTWAIT, NULL, NULL) = -1 EAGAIN (Try again)
32534 1783888924.979170 recvfrom(68, 0x7ea22dc420, 2272, MSG_DONTWAIT, NULL, NULL) = -1 EAGAIN (Try again)
32534 1783888924.979333 recvfrom(38, 0x7fd6df32b0, 3200, MSG_DONTWAIT, NULL, NULL) = -1 EAGAIN (Try again)
32555 1783888924.985413 recvfrom(42, 0x7ea7539eb0, 3200, MSG_DONTWAIT, NULL, NULL) = -1 EAGAIN (Try again)
32555 1783888924.988573 recvfrom(42, 0x7ea7539eb0, 3200, MSG_DONTWAIT, NULL, NULL) = -1 EAGAIN (Try again)
32555 1783888924.994134 recvfrom(42, "nysv\0\0\0\0\0\0\0\0\0\0\0\0J\336\203\366\242\1\0\0\263\243\1\0\0\0\0\0", 3200, MSG_DONTWAIT, NULL, NULL) = 32
32555 1783888924.994152 recvfrom(42, 0x7ea7539c80, 3200, MSG_DONTWAIT, NULL, NULL) = -1 EAGAIN (Try again)
32534 1783888924.994989 recvfrom(38, "nysv\0\0\0\0\0\0\0\0\0\0\0\0J\336\203\366\242\1\0\0\263\243\1\0\0\0\0\0", 3200, MSG_DONTWAIT, NULL, NULL) = 32
32534 1783888924.995253 recvfrom(38, 0x7fd6df3350, 3200, MSG_DONTWAIT, NULL, NULL) = -1 EAGAIN (Try again)
32534 1783888925.005591 recvfrom(45, 0x7f37ba5420, 2272, MSG_DONTWAIT, NULL, NULL) = -1 EAGAIN (Try again)
32534 1783888925.005806 recvfrom(38, 0x7fd6df32b0, 3200, MSG_DONTWAIT, NULL, NULL) = -1 EAGAIN (Try again)
32534 1783888925.012227 recvfrom(38, "nysv\0\0\0\0\0\0\0\0\0\0\0\0\356o\202\367\242\1\0\0\264\243\1\0\0\0\0\0", 3200, MSG_DONTWAIT, NULL, NULL) = 32
32534 1783888925.014941 recvfrom(38, 0x7fd6df3350, 3200, MSG_DONTWAIT, NULL, NULL) = -1 EAGAIN (Try again)
32534 1783888925.015935 recvfrom(38, 0x7fd6df32b0, 3200, MSG_DONTWAIT, NULL, NULL) = -1 EAGAIN (Try again)
32534 1783888925.029782 recvfrom(38, "nysv\0\0\0\0\0\0\0\0\0\0\0\0\30\300\200\370\242\1\0\0\265\243\1\0\0\0\0\0", 3200, MSG_DONTWAIT, NULL, NULL) = 32
32534 1783888925.030106 recvfrom(38, 0x7fd6df3350, 3200, MSG_DONTWAIT, NULL, NULL) = -1 EAGAIN (Try again)
32534 1783888925.030493 recvfrom(38, 0x7fd6df32b0, 3200, MSG_DONTWAIT, NULL, NULL) = -1 EAGAIN (Try again)
32534 1783888925.044882 recvfrom(38, "nysv\0\0\0\0\0\0\0\0\0\0\0\0B\20\177\371\242\1\0\0\266\243\1\0\0\0\0\0", 3200, MSG_DONTWAIT, NULL, NULL) = 32
32534 1783888925.045134 recvfrom(38, 0x7fd6df3350, 3200, MSG_DONTWAIT, NULL, NULL) = -1 EAGAIN (Try again)
32534 1783888925.045684 recvfrom(38, 0x7fd6df32b0, 3200, MSG_DONTWAIT, NULL, NULL) = -1 EAGAIN (Try again)
32534 1783888925.063856 recvfrom(38, "nysv\0\0\0\0\0\0\0\0\0\0\0\0l`}\372\242\1\0\0\267\243\1\0\0\0\0\0", 3200, MSG_DONTWAIT, NULL, NULL) = 32
32534 1783888925.064144 recvfrom(38, 0x7fd6df3350, 3200, MSG_DONTWAIT, NULL, NULL) = -1 EAGAIN (Try again)
32534 1783888925.064595 recvfrom(38, 0x7fd6df32b0, 3200, MSG_DONTWAIT, NULL, NULL) = -1 EAGAIN (Try again)
32534 1783888925.079390 recvfrom(38, "nysv\0\0\0\0\0\0\0\0\0\0\0\0\226\260{\373\242\1\0\0\270\243\1\0\0\0\0\0", 3200, MSG_DONTWAIT, NULL, NULL) = 32
32534 1783888925.079611 recvfrom(38, 0x7fd6df3350, 3200, MSG_DONTWAIT, NULL, NULL) = -1 EAGAIN (Try again)
32534 1783888925.080179 recvfrom(38, 0x7fd6df32b0, 3200, MSG_DONTWAIT, NULL, NULL) = -1 EAGAIN (Try again)
32534 1783888925.095761 recvfrom(38, "nysv\0\0\0\0\0\0\0\0\0\0\0\0\360\351y\374\242\1\0\0\271\243\1\0\0\0\0\0", 3200, MSG_DONTWAIT, NULL, NULL) = 32
32534 1783888925.096038 recvfrom(38, 0x7fd6df3350, 3200, MSG_DONTWAIT, NULL, NULL) = -1 EAGAIN (Try again)
32534 1783888925.096495 recvfrom(38, 0x7fd6df32b0, 3200, MSG_DONTWAIT, NULL, NULL) = -1 EAGAIN (Try again)
32534 1783888925.111882 recvfrom(38, "nysv\0\0\0\0\0\0\0\0\0\0\0\0ZQx\375\242\1\0\0\272\243\1\0\0\0\0\0", 3200, MSG_DONTWAIT, NULL, NULL) = 32
32534 1783888925.112173 recvfrom(38, 0x7fd6df3350, 3200, MSG_DONTWAIT, NULL, NULL) = -1 EAGAIN (Try again)
32534 1783888925.112621 recvfrom(38, 0x7fd6df32b0, 3200, MSG_DONTWAIT, NULL, NULL) = -1 EAGAIN (Try again)
32534 1783888925.128002 recvfrom(38, "nysv\0\0\0\0\0\0\0\0\0\0\0\0\260\334v\376\242\1\0\0\273\243\1\0\0\0\0\0", 3200, MSG_DONTWAIT, NULL, NULL) = 32
32534 1783888925.128233 recvfrom(38, 0x7fd6df3350, 3200, MSG_DONTWAIT, NULL, NULL) = -1 EAGAIN (Try again)
32534 1783888925.128604 recvfrom(38, 0x7fd6df32b0, 3200, MSG_DONTWAIT, NULL, NULL) = -1 EAGAIN (Try again)
32534 1783888925.146669 recvfrom(38, "nysv\0\0\0\0\0\0\0\0\0\0\0\0004\vu\377\242\1\0\0\274\243\1\0\0\0\0\0", 3200, MSG_DONTWAIT, NULL, NULL) = 32
32534 1783888925.148249 recvfrom(38, 0x7fd6df3350, 3200, MSG_DONTWAIT, NULL, NULL) = -1 EAGAIN (Try again)
32534 1783888925.150471 recvfrom(38, 0x7fd6df32b0, 3200, MSG_DONTWAIT, NULL, NULL) = -1 EAGAIN (Try again)
32534 1783888925.162187 recvfrom(38, "nysv\0\0\0\0\0\0\0\0\0\0\0\0\307bs\0\243\1\0\0\275\243\1\0\0\0\0\0", 3200, MSG_DONTWAIT, NULL, NULL) = 32
32534 1783888925.162739 recvfrom(38, 0x7fd6df3350, 3200, MSG_DONTWAIT, NULL, NULL) = -1 EAGAIN (Try again)
32534 1783888925.163346 recvfrom(38, 0x7fd6df32b0, 3200, MSG_DONTWAIT, NULL, NULL) = -1 EAGAIN (Try again)
32534 1783888925.179147 recvfrom(38, "nysv\0\0\0\0\0\0\0\0\0\0\0\0\361\262q\1\243\1\0\0\276\243\1\0\0\0\0\0", 3200, MSG_DONTWAIT, NULL, NULL) = 32
32534 1783888925.179597 recvfrom(38, 0x7fd6df3350, 3200, MSG_DONTWAIT, NULL, NULL) = -1 EAGAIN (Try again)
32534 1783888925.180157 recvfrom(38, 0x7fd6df32b0, 3200, MSG_DONTWAIT, NULL, NULL) = -1 EAGAIN (Try again)
32534 1783888925.196291 recvfrom(38, "nysv\0\0\0\0\0\0\0\0\0\0\0\0007\306o\2\243\1\0\0\277\243\1\0\0\0\0\0", 3200, MSG_DONTWAIT, NULL, NULL) = 32
32534 1783888925.196722 recvfrom(38, 0x7fd6df3350, 3200, MSG_DONTWAIT, NULL, NULL) = -1 EAGAIN (Try again)
32534 1783888925.197135 recvfrom(38, 0x7fd6df32b0, 3200, MSG_DONTWAIT, NULL, NULL) = -1 EAGAIN (Try again)
32534 1783888925.212120 recvfrom(38, "nysv\0\0\0\0\0\0\0\0\0\0\0\0a\26n\3\243\1\0\0\300\243\1\0\0\0\0\0", 3200, MSG_DONTWAIT, NULL, NULL) = 32
32534 1783888925.212264 recvfrom(38, 0x7fd6df3350, 3200, MSG_DONTWAIT, NULL, NULL) = -1 EAGAIN (Try again)
32534 1783888925.212564 recvfrom(38, 0x7fd6df32b0, 3200, MSG_DONTWAIT, NULL, NULL) = -1 EAGAIN (Try again)
32534 1783888925.228592 recvfrom(38, "nysv\0\0\0\0\0\0\0\0\0\0\0\0\213fl\4\243\1\0\0\301\243\1\0\0\0\0\0", 3200, MSG_DONTWAIT, NULL, NULL) = 32
32534 1783888925.228764 recvfrom(38, 0x7fd6df3350, 3200, MSG_DONTWAIT, NULL, NULL) = -1 EAGAIN (Try again)
32534 1783888925.229098 recvfrom(38, 0x7fd6df32b0, 3200, MSG_DONTWAIT, NULL, NULL) = -1 EAGAIN (Try again)
32534 1783888925.245300 recvfrom(38, "nysv\0\0\0\0\0\0\0\0\0\0\0\0\245\253j\5\243\1\0\0\302\243\1\0\0\0\0\0", 3200, MSG_DONTWAIT, NULL, NULL) = 32
32534 1783888925.245471 recvfrom(38, 0x7fd6df3350, 3200, MSG_DONTWAIT, NULL, NULL) = -1 EAGAIN (Try again)
32534 1783888925.245803 recvfrom(38, 0x7fd6df32b0, 3200, MSG_DONTWAIT, NULL, NULL) = -1 EAGAIN (Try again)
32534 1783888925.262561 recvfrom(38, "nysv\0\0\0\0\0\0\0\0\0\0\0\0R\313h\6\243\1\0\0\303\243\1\0\0\0\0\0", 3200, MSG_DONTWAIT, NULL, NULL) = 32
32534 1783888925.262742 recvfrom(38, 0x7fd6df3350, 3200, MSG_DONTWAIT, NULL, NULL) = -1 EAGAIN (Try again)
32534 1783888925.263117 recvfrom(38, 0x7fd6df32b0, 3200, MSG_DONTWAIT, NULL, NULL) = -1 EAGAIN (Try again)
32534 1783888925.277522 recvfrom(38, "nysv\0\0\0\0\0\0\0\0\0\0\0\0\270Vg\7\243\1\0\0\304\243\1\0\0\0\0\0", 3200, MSG_DONTWAIT, NULL, NULL) = 32
32534 1783888925.277733 recvfrom(38, 0x7fd6df3350, 3200, MSG_DONTWAIT, NULL, NULL) = -1 EAGAIN (Try again)
32534 1783888925.278166 recvfrom(38, 0x7fd6df32b0, 3200, MSG_DONTWAIT, NULL, NULL) = -1 EAGAIN (Try again)
32534 1783888925.301597 recvfrom(38, "nysv\0\0\0\0\0\0\0\0\0\0\0\0\253)d\10\243\1\0\0\305\243\1\0\0\0\0\0", 3200, MSG_DONTWAIT, NULL, NULL) = 32
32534 1783888925.301843 recvfrom(38, 0x7fd6df3350, 3200, MSG_DONTWAIT, NULL, NULL) = -1 EAGAIN (Try again)
32534 1783888925.302320 recvfrom(38, 0x7fd6df32b0, 3200, MSG_DONTWAIT, NULL, NULL) = -1 EAGAIN (Try again)
32534 1783888925.314525 recvfrom(38, "nysv\0\0\0\0\0\0\0\0\0\0\0\0J^b\t\243\1\0\0\306\243\1\0\0\0\0\0", 3200, MSG_DONTWAIT, NULL, NULL) = 32
32534 1783888925.314761 recvfrom(38, 0x7fd6df3350, 3200, MSG_DONTWAIT, NULL, NULL) = -1 EAGAIN (Try again)
32534 1783888925.315217 recvfrom(38, 0x7fd6df32b0, 3200, MSG_DONTWAIT, NULL, NULL) = -1 EAGAIN (Try again)
32534 1783888925.330714 recvfrom(38, "nysv\0\0\0\0\0\0\0\0\0\0\0\0t\256`\n\243\1\0\0\307\243\1\0\0\0\0\0", 3200, MSG_DONTWAIT, NULL, NULL) = 32
32534 1783888925.331146 recvfrom(38, 0x7fd6df3350, 3200, MSG_DONTWAIT, NULL, NULL) = -1 EAGAIN (Try again)
32534 1783888925.331674 recvfrom(38, 0x7fd6df32b0, 3200, MSG_DONTWAIT, NULL, NULL) = -1 EAGAIN (Try again)
32534 1783888925.350398 recvfrom(38, "nysv\0\0\0\0\0\0\0\0\0\0\0\0\236\376^\v\243\1\0\0\310\243\1\0\0\0\0\0", 3200, MSG_DONTWAIT, NULL, NULL) = 32
32534 1783888925.350720 recvfrom(38, 0x7fd6df3350, 3200, MSG_DONTWAIT, NULL, NULL) = -1 EAGAIN (Try again)
32534 1783888925.351323 recvfrom(38, 0x7fd6df32b0, 3200, MSG_DONTWAIT, NULL, NULL) = -1 EAGAIN (Try again)
32534 1783888925.365451 recvfrom(38, "nysv\0\0\0\0\0\0\0\0\0\0\0\0\310N]\f\243\1\0\0\311\243\1\0\0\0\0\0", 3200, MSG_DONTWAIT, NULL, NULL) = 32
32534 1783888925.365764 recvfrom(38, 0x7fd6df3350, 3200, MSG_DONTWAIT, NULL, NULL) = -1 EAGAIN (Try again)
