5803  1784078298.856685 exit(0)         = ?
5806  1784078298.856910 exit(0 <unfinished ...>
5803  1784078298.856963 +++ exited with 0 +++
5806  1784078298.857046 <... exit resumed>) = ?
5806  1784078298.857288 +++ exited with 0 +++
5805  1784078298.859157 exit(0)         = ?
5804  1784078298.859447 exit(0)         = ?
5805  1784078298.860178 +++ exited with 0 +++
5804  1784078298.860194 +++ exited with 0 +++
5817  1784078298.862701 newfstatat(AT_FDCWD, "/data", {st_mode=S_IFDIR|0771, st_size=4096, ...}, AT_SYMLINK_NOFOLLOW) = 0
5817  1784078298.863099 newfstatat(AT_FDCWD, "/data/app", {st_mode=S_IFDIR|0771, st_size=4096, ...}, AT_SYMLINK_NOFOLLOW) = 0
5817  1784078298.863457 newfstatat(AT_FDCWD, "/data/app/be.humanoids.webthingify-1cUQHoU2K0k42UD3rCssIQ==", {st_mode=S_IFDIR|0775, st_size=4096, ...}, AT_SYMLINK_NOFOLLOW) = 0
5817  1784078298.863814 newfstatat(AT_FDCWD, "/data/app/be.humanoids.webthingify-1cUQHoU2K0k42UD3rCssIQ==/base.apk", {st_mode=S_IFREG|0644, st_size=2541163, ...}, AT_SYMLINK_NOFOLLOW) = 0
5817  1784078298.864162 getcwd("/", 4096) = 2
5817  1784078298.864478 newfstatat(AT_FDCWD, "/base.apk", 0x7e39fb4690, AT_SYMLINK_NOFOLLOW) = -1 ENOENT (No such file or directory)
5796  1784078307.298282 recvfrom(48, "\2\0\0\0\0\0\0\0\274\f\0\0\0\0\0\0\200\326\22\30\371\2\0\0\1\0\0\0\2\20\0\0"..., 2272, MSG_DONTWAIT, NULL, NULL) = 232
5796  1784078307.298660 recvfrom(46, 0x7fecfbb700, 3200, MSG_DONTWAIT, NULL, NULL) = -1 EAGAIN (Try again)
5796  1784078307.299266 sendto(48, "\3\0\0\0\0\0\0\0\274\f\0\0\1\0\0\0", 16, MSG_DONTWAIT|MSG_NOSIGNAL, NULL, 0) = 16
5796  1784078307.299448 recvfrom(48, 0x7eca48a820, 2272, MSG_DONTWAIT, NULL, NULL) = -1 EAGAIN (Try again)
5796  1784078307.299855 recvfrom(48, "\2\0\0\0\0\0\0\0\276\f\0\0\0\0\0\0\200\326\22\30\371\2\0\0\1\0\0\0\2\20\0\0"..., 2272, MSG_DONTWAIT, NULL, NULL) = 232
5796  1784078307.300031 sendto(48, "\3\0\0\0\0\0\0\0\276\f\0\0\1\0\0\0", 16, MSG_DONTWAIT|MSG_NOSIGNAL, NULL, 0) = 16
5796  1784078307.300214 recvfrom(48, 0x7eca48a820, 2272, MSG_DONTWAIT, NULL, NULL) = -1 EAGAIN (Try again)
5796  1784078307.304032 recvfrom(46, "nysv\0\0\0\0\0\0\0\0\0\0\0\0I\374\200\30\371\2\0\0F\371\2\0\0\0\0\0", 3200, MSG_DONTWAIT, NULL, NULL) = 32
5796  1784078307.304207 recvfrom(46, 0x7fecfbe140, 3200, MSG_DONTWAIT, NULL, NULL) = -1 EAGAIN (Try again)
5796  1784078307.304480 recvfrom(48, 0x7eca48a820, 2272, MSG_DONTWAIT, NULL, NULL) = -1 EAGAIN (Try again)
5796  1784078307.304627 recvfrom(46, 0x7fecfbe0a0, 3200, MSG_DONTWAIT, NULL, NULL) = -1 EAGAIN (Try again)
5796  1784078307.306651 socket(AF_UNIX, SOCK_DGRAM|SOCK_CLOEXEC|SOCK_NONBLOCK, 0) = 67
5796  1784078307.306844 setsockopt(67, SOL_SOCKET, SO_SNDBUF, [1048576], 4) = 0
5796  1784078307.307025 connect(67, {sa_family=AF_UNIX, sun_path="/dev/socket/statsdw"}, 110) = 0
5818  1784078307.309948 recvfrom(42, 0x7e39e7ceb0, 3200, MSG_DONTWAIT, NULL, NULL) = -1 EAGAIN (Try again)
5818  1784078307.309975 recvfrom(42, 0x7e39e7ceb0, 3200, MSG_DONTWAIT, NULL, NULL) = -1 EAGAIN (Try again)
5818  1784078307.321253 recvfrom(42, "nysv\0\0\0\0\0\0\0\0\0\0\0\0\275{\177\31\371\2\0\0G\371\2\0\0\0\0\0", 3200, MSG_DONTWAIT, NULL, NULL) = 32
5818  1784078307.321274 recvfrom(42, 0x7e39e7cc80, 3200, MSG_DONTWAIT, NULL, NULL) = -1 EAGAIN (Try again)
5796  1784078307.321577 recvfrom(46, "nysv\0\0\0\0\0\0\0\0\0\0\0\0\275{\177\31\371\2\0\0G\371\2\0\0\0\0\0", 3200, MSG_DONTWAIT, NULL, NULL) = 32
5796  1784078307.321874 recvfrom(46, 0x7fecfbe140, 3200, MSG_DONTWAIT, NULL, NULL) = -1 EAGAIN (Try again)
5796  1784078307.322595 recvfrom(48, 0x7eca48a820, 2272, MSG_DONTWAIT, NULL, NULL) = -1 EAGAIN (Try again)
5796  1784078307.325663 recvfrom(46, 0x7fecfbe0a0, 3200, MSG_DONTWAIT, NULL, NULL) = -1 EAGAIN (Try again)
5818  1784078307.331070 recvfrom(42, 0x7e39e7ceb0, 3200, MSG_DONTWAIT, NULL, NULL) = -1 EAGAIN (Try again)
5818  1784078307.331740 recvfrom(42, 0x7e39e7ceb0, 3200, MSG_DONTWAIT, NULL, NULL) = -1 EAGAIN (Try again)
5818  1784078307.337305 recvfrom(42, "nysv\0\0\0\0\0\0\0\0\0\0\0\0\305\27~\32\371\2\0\0H\371\2\0\0\0\0\0", 3200, MSG_DONTWAIT, NULL, NULL) = 32
5818  1784078307.337323 recvfrom(42, 0x7e39e7cc80, 3200, MSG_DONTWAIT, NULL, NULL) = -1 EAGAIN (Try again)
5818  1784078307.349618 recvfrom(42, 0x7e39e7ceb0, 3200, MSG_DONTWAIT, NULL, NULL) = -1 EAGAIN (Try again)
5818  1784078307.354852 recvfrom(42, "nysv\0\0\0\0\0\0\0\0\0\0\0\0u\264|\33\371\2\0\0I\371\2\0\0\0\0\0", 3200, MSG_DONTWAIT, NULL, NULL) = 32
5818  1784078307.354880 recvfrom(42, 0x7e39e7cc80, 3200, MSG_DONTWAIT, NULL, NULL) = -1 EAGAIN (Try again)
5796  1784078307.355709 recvfrom(46, "nysv\0\0\0\0\0\0\0\0\0\0\0\0\305\27~\32\371\2\0\0H\371\2\0\0\0\0\0", 3200, MSG_DONTWAIT, NULL, NULL) = 32
5796  1784078307.356028 recvfrom(46, 0x7fecfbe140, 3200, MSG_DONTWAIT, NULL, NULL) = -1 EAGAIN (Try again)
5818  1784078307.357845 recvfrom(42, 0x7e39e7ceb0, 3200, MSG_DONTWAIT, NULL, NULL) = -1 EAGAIN (Try again)
5796  1784078307.358297 recvfrom(48, 0x7eca48a820, 2272, MSG_DONTWAIT, NULL, NULL) = -1 EAGAIN (Try again)
5796  1784078307.359313 recvfrom(46, 0x7fecfbe0a0, 3200, MSG_DONTWAIT, NULL, NULL) = -1 EAGAIN (Try again)
5818  1784078307.370833 recvfrom(42, "nysv\0\0\0\0\0\0\0\0\0\0\0\0'I{\34\371\2\0\0J\371\2\0\0\0\0\0", 3200, MSG_DONTWAIT, NULL, NULL) = 32
5818  1784078307.370863 recvfrom(42, 0x7e39e7ceb0, 3200, MSG_DONTWAIT, NULL, NULL) = -1 EAGAIN (Try again)
5796  1784078307.371164 recvfrom(46, "nysv\0\0\0\0\0\0\0\0\0\0\0\0'I{\34\371\2\0\0J\371\2\0\0\0\0\0", 3200, MSG_DONTWAIT, NULL, NULL) = 32
5796  1784078307.371403 recvfrom(46, 0x7fecfbe140, 3200, MSG_DONTWAIT, NULL, NULL) = -1 EAGAIN (Try again)
5796  1784078307.376465 recvfrom(46, 0x7fecfbcde0, 3200, MSG_DONTWAIT, NULL, NULL) = -1 EAGAIN (Try again)
5818  1784078307.383061 recvfrom(42, 0x7e39e7ceb0, 3200, MSG_DONTWAIT, NULL, NULL) = -1 EAGAIN (Try again)
5818  1784078307.383402 recvfrom(42, 0x7e39e7ceb0, 3200, MSG_DONTWAIT, NULL, NULL) = -1 EAGAIN (Try again)
5818  1784078307.387669 recvfrom(42, "nysv\0\0\0\0\0\0\0\0\0\0\0\0\350\322y\35\371\2\0\0K\371\2\0\0\0\0\0", 3200, MSG_DONTWAIT, NULL, NULL) = 32
5818  1784078307.387699 recvfrom(42, 0x7e39e7cc80, 3200, MSG_DONTWAIT, NULL, NULL) = -1 EAGAIN (Try again)
5796  1784078307.388117 recvfrom(46, "nysv\0\0\0\0\0\0\0\0\0\0\0\0\350\322y\35\371\2\0\0K\371\2\0\0\0\0\0", 3200, MSG_DONTWAIT, NULL, NULL) = 32
5796  1784078307.388589 recvfrom(46, 0x7fecfbe140, 3200, MSG_DONTWAIT, NULL, NULL) = -1 EAGAIN (Try again)
5796  1784078307.390186 recvfrom(48, 0x7eca48a820, 2272, MSG_DONTWAIT, NULL, NULL) = -1 EAGAIN (Try again)
5796  1784078307.394744 recvfrom(46, 0x7fecfbcde0, 3200, MSG_DONTWAIT, NULL, NULL) = -1 EAGAIN (Try again)
5818  1784078307.402823 recvfrom(42, 0x7e39e7ceb0, 3200, MSG_DONTWAIT, NULL, NULL) = -1 EAGAIN (Try again)
5818  1784078307.403061 recvfrom(42, 0x7e39e7ceb0, 3200, MSG_DONTWAIT, NULL, NULL) = -1 EAGAIN (Try again)
5818  1784078307.407560 recvfrom(42, "nysv\0\0\0\0\0\0\0\0\0\0\0\0\241gx\36\371\2\0\0L\371\2\0\0\0\0\0", 3200, MSG_DONTWAIT, NULL, NULL) = 32
5818  1784078307.407580 recvfrom(42, 0x7e39e7cc80, 3200, MSG_DONTWAIT, NULL, NULL) = -1 EAGAIN (Try again)
5796  1784078307.416121 recvfrom(46, "nysv\0\0\0\0\0\0\0\0\0\0\0\0\241gx\36\371\2\0\0L\371\2\0\0\0\0\0", 3200, MSG_DONTWAIT, NULL, NULL) = 32
5796  1784078307.416891 recvfrom(46, 0x7fecfbe140, 3200, MSG_DONTWAIT, NULL, NULL) = -1 EAGAIN (Try again)
5818  1784078307.425703 recvfrom(42, "nysv\0\0\0\0\0\0\0\0\0\0\0\0\336\357v\37\371\2\0\0M\371\2\0\0\0\0\0", 3200, MSG_DONTWAIT, NULL, NULL) = 32
5818  1784078307.425725 recvfrom(42, 0x7e39e7ceb0, 3200, MSG_DONTWAIT, NULL, NULL) = -1 EAGAIN (Try again)
5796  1784078307.428503 recvfrom(48, 0x7eca48a820, 2272, MSG_DONTWAIT, NULL, NULL) = -1 EAGAIN (Try again)
5796  1784078307.429593 recvfrom(46, 0x7fecfbcde0, 3200, MSG_DONTWAIT, NULL, NULL) = -1 EAGAIN (Try again)
5818  1784078307.439253 recvfrom(42, "nysv\0\0\0\0\0\0\0\0\0\0\0\0J\320u \371\2\0\0N\371\2\0\0\0\0\0", 3200, MSG_DONTWAIT, NULL, NULL) = 32
5818  1784078307.439273 recvfrom(42, 0x7e39e7ceb0, 3200, MSG_DONTWAIT, NULL, NULL) = -1 EAGAIN (Try again)
5796  1784078307.444075 recvfrom(46, "nysv\0\0\0\0\0\0\0\0\0\0\0\0J\320u \371\2\0\0N\371\2\0\0\0\0\0", 3200, MSG_DONTWAIT, NULL, NULL) = 32
5796  1784078307.444793 recvfrom(46, 0x7fecfbe140, 3200, MSG_DONTWAIT, NULL, NULL) = -1 EAGAIN (Try again)
5796  1784078307.445940 recvfrom(48, 0x7eca48a820, 2272, MSG_DONTWAIT, NULL, NULL) = -1 EAGAIN (Try again)
5796  1784078307.446214 recvfrom(46, 0x7fecfbcde0, 3200, MSG_DONTWAIT, NULL, NULL) = -1 EAGAIN (Try again)
5818  1784078307.456408 recvfrom(42, "nysv\0\0\0\0\0\0\0\0\0\0\0\0aet!\371\2\0\0O\371\2\0\0\0\0\0", 3200, MSG_DONTWAIT, NULL, NULL) = 32
5818  1784078307.456436 recvfrom(42, 0x7e39e7cc80, 3200, MSG_DONTWAIT, NULL, NULL) = -1 EAGAIN (Try again)
5796  1784078307.460849 recvfrom(46, "nysv\0\0\0\0\0\0\0\0\0\0\0\0aet!\371\2\0\0O\371\2\0\0\0\0\0", 3200, MSG_DONTWAIT, NULL, NULL) = 32
5796  1784078307.461153 recvfrom(46, 0x7fecfbe140, 3200, MSG_DONTWAIT, NULL, NULL) = -1 EAGAIN (Try again)
5796  1784078307.462004 recvfrom(48, 0x7eca48a820, 2272, MSG_DONTWAIT, NULL, NULL) = -1 EAGAIN (Try again)
5796  1784078307.462789 recvfrom(46, 0x7fecfbcde0, 3200, MSG_DONTWAIT, NULL, NULL) = -1 EAGAIN (Try again)
5818  1784078307.472122 recvfrom(42, 0x7e39e7ceb0, 3200, MSG_DONTWAIT, NULL, NULL) = -1 EAGAIN (Try again)
5818  1784078307.472456 recvfrom(42, 0x7e39e7ceb0, 3200, MSG_DONTWAIT, NULL, NULL) = -1 EAGAIN (Try again)
5796  1784078307.474489 recvfrom(46, "nysv\0\0\0\0\0\0\0\0\0\0\0\0\35\364r\"\371\2\0\0P\371\2\0\0\0\0\0", 3200, MSG_DONTWAIT, NULL, NULL) = 32
5796  1784078307.474844 recvfrom(46, 0x7fecfbe140, 3200, MSG_DONTWAIT, NULL, NULL) = -1 EAGAIN (Try again)
5796  1784078307.475700 recvfrom(48, 0x7eca48a820, 2272, MSG_DONTWAIT, NULL, NULL) = -1 EAGAIN (Try again)
5796  1784078307.476113 recvfrom(46, 0x7fecfbcde0, 3200, MSG_DONTWAIT, NULL, NULL) = -1 EAGAIN (Try again)
5818  1784078307.476687 recvfrom(42, 0x7e39e7ceb0, 3200, MSG_DONTWAIT, NULL, NULL) = -1 EAGAIN (Try again)
5796  1784078307.487896 recvfrom(46, "nysv\0\0\0\0\0\0\0\0\0\0\0\0T\211q#\371\2\0\0Q\371\2\0\0\0\0\0", 3200, MSG_DONTWAIT, NULL, NULL) = 32
5796  1784078307.488221 recvfrom(46, 0x7fecfbe140, 3200, MSG_DONTWAIT, NULL, NULL) = -1 EAGAIN (Try again)
5796  1784078307.488761 recvfrom(48,  <unfinished ...>
5818  1784078307.488817 recvfrom(42, "nysv\0\0\0\0\0\0\0\0\0\0\0\0T\211q#\371\2\0\0Q\371\2\0\0\0\0\0", 3200, MSG_DONTWAIT, NULL, NULL) = 32
5818  1784078307.488832 recvfrom(42, 0x7e39e7ceb0, 3200, MSG_DONTWAIT, NULL, NULL) = -1 EAGAIN (Try again)
5796  1784078307.488837 <... recvfrom resumed> 0x7eca48a820, 2272, MSG_DONTWAIT, NULL, NULL) = -1 EAGAIN (Try again)
5796  1784078307.489159 recvfrom(46, 0x7fecfbcde0, 3200, MSG_DONTWAIT, NULL, NULL) = -1 EAGAIN (Try again)
5818  1784078307.504988 recvfrom(42, "nysv\0\0\0\0\0\0\0\0\0\0\0\0\273\31p$\371\2\0\0R\371\2\0\0\0\0\0", 3200, MSG_DONTWAIT, NULL, NULL) = 32
5818  1784078307.505015 recvfrom(42, 0x7e39e7ceb0, 3200, MSG_DONTWAIT, NULL, NULL) = -1 EAGAIN (Try again)
5796  1784078307.509244 recvfrom(46, "nysv\0\0\0\0\0\0\0\0\0\0\0\0\273\31p$\371\2\0\0R\371\2\0\0\0\0\0", 3200, MSG_DONTWAIT, NULL, NULL) = 32
5796  1784078307.509400 recvfrom(46, 0x7fecfbe140, 3200, MSG_DONTWAIT, NULL, NULL) = -1 EAGAIN (Try again)
5796  1784078307.509806 recvfrom(48, 0x7eca48a820, 2272, MSG_DONTWAIT, NULL, NULL) = -1 EAGAIN (Try again)
5796  1784078307.509963 recvfrom(46, 0x7fecfbcde0, 3200, MSG_DONTWAIT, NULL, NULL) = -1 EAGAIN (Try again)
5818  1784078307.523310 recvfrom(42, "nysv\0\0\0\0\0\0\0\0\0\0\0\0002Qn%\371\2\0\0S\371\2\0\0\0\0\0", 3200, MSG_DONTWAIT, NULL, NULL) = 32
5818  1784078307.523332 recvfrom(42, 0x7e39e7cc80, 3200, MSG_DONTWAIT, NULL, NULL) = -1 EAGAIN (Try again)
5796  1784078307.530250 recvfrom(46, "nysv\0\0\0\0\0\0\0\0\0\0\0\0002Qn%\371\2\0\0S\371\2\0\0\0\0\0", 3200, MSG_DONTWAIT, NULL, NULL) = 32
5796  1784078307.530469 recvfrom(46, 0x7fecfbe140, 3200, MSG_DONTWAIT, NULL, NULL) = -1 EAGAIN (Try again)
5796  1784078307.531321 recvfrom(48, 0x7eca48a820, 2272, MSG_DONTWAIT, NULL, NULL) = -1 EAGAIN (Try again)
5796  1784078307.531495 recvfrom(46, 0x7fecfbd0b0, 3200, MSG_DONTWAIT, NULL, NULL) = -1 EAGAIN (Try again)
5818  1784078307.539092 recvfrom(42, 0x7e39e7ceb0, 3200, MSG_DONTWAIT, NULL, NULL) = -1 EAGAIN (Try again)
5818  1784078307.541014 recvfrom(42, 0x7e39e7ceb0, 3200, MSG_DONTWAIT, NULL, NULL) = -1 EAGAIN (Try again)
5796  1784078307.541570 recvfrom(46, "nysv\0\0\0\0\0\0\0\0\0\0\0\0`\266l&\371\2\0\0T\371\2\0\0\0\0\0", 3200, MSG_DONTWAIT, NULL, NULL) = 32
5796  1784078307.541708 recvfrom(46, 0x7fecfbe140, 3200, MSG_DONTWAIT, NULL, NULL) = -1 EAGAIN (Try again)
5796  1784078307.542099 recvfrom(48, 0x7eca48a820, 2272, MSG_DONTWAIT, NULL, NULL) = -1 EAGAIN (Try again)
5796  1784078307.542247 recvfrom(46, 0x7fecfbd0b0, 3200, MSG_DONTWAIT, NULL, NULL) = -1 EAGAIN (Try again)
5818  1784078307.542637 recvfrom(42, 0x7e39e7ceb0, 3200, MSG_DONTWAIT, NULL, NULL) = -1 EAGAIN (Try again)
5796  1784078307.555991 recvfrom(46, "nysv\0\0\0\0\0\0\0\0\0\0\0\0\211\0k'\371\2\0\0U\371\2\0\0\0\0\0", 3200, MSG_DONTWAIT, NULL, NULL) = 32
5796  1784078307.556467 recvfrom(46, 0x7fecfbe140, 3200, MSG_DONTWAIT, NULL, NULL) = -1 EAGAIN (Try again)
5818  1784078307.556640 recvfrom(42, "nysv\0\0\0\0\0\0\0\0\0\0\0\0\211\0k'\371\2\0\0U\371\2\0\0\0\0\0", 3200, MSG_DONTWAIT, NULL, NULL) = 32
5818  1784078307.556655 recvfrom(42, 0x7e39e7ceb0, 3200, MSG_DONTWAIT, NULL, NULL) = -1 EAGAIN (Try again)
5796  1784078307.556837 recvfrom(48, 0x7eca48a820, 2272, MSG_DONTWAIT, NULL, NULL) = -1 EAGAIN (Try again)
5796  1784078307.559498 recvfrom(46, 0x7fecfbd0b0, 3200, MSG_DONTWAIT, NULL, NULL) = -1 EAGAIN (Try again)
5818  1784078307.572601 recvfrom(42, "nysv\0\0\0\0\0\0\0\0\0\0\0\0\263Pi(\371\2\0\0V\371\2\0\0\0\0\0", 3200, MSG_DONTWAIT, NULL, NULL) = 32
5818  1784078307.572620 recvfrom(42, 0x7e39e7ceb0, 3200, MSG_DONTWAIT, NULL, NULL) = -1 EAGAIN (Try again)
5796  1784078307.579395 recvfrom(46, "nysv\0\0\0\0\0\0\0\0\0\0\0\0\263Pi(\371\2\0\0V\371\2\0\0\0\0\0", 3200, MSG_DONTWAIT, NULL, NULL) = 32
5796  1784078307.579950 recvfrom(46, 0x7fecfbe140, 3200, MSG_DONTWAIT, NULL, NULL) = -1 EAGAIN (Try again)
5796  1784078307.580828 recvfrom(48, 0x7eca48a820, 2272, MSG_DONTWAIT, NULL, NULL) = -1 EAGAIN (Try again)
5796  1784078307.581083 recvfrom(46, 0x7fecfbd0b0, 3200, MSG_DONTWAIT, NULL, NULL) = -1 EAGAIN (Try again)
5818  1784078307.588628 recvfrom(42, "nysv\0\0\0\0\0\0\0\0\0\0\0\0\335\240g)\371\2\0\0W\371\2\0\0\0\0\0", 3200, MSG_DONTWAIT, NULL, NULL) = 32
5818  1784078307.588646 recvfrom(42, 0x7e39e7cc80, 3200, MSG_DONTWAIT, NULL, NULL) = -1 EAGAIN (Try again)
5796  1784078307.595275 recvfrom(46, "nysv\0\0\0\0\0\0\0\0\0\0\0\0\335\240g)\371\2\0\0W\371\2\0\0\0\0\0", 3200, MSG_DONTWAIT, NULL, NULL) = 32
5796  1784078307.596466 recvfrom(46, 0x7fecfbe140, 3200, MSG_DONTWAIT, NULL, NULL) = -1 EAGAIN (Try again)
5796  1784078307.597113 recvfrom(48, 0x7eca48a820, 2272, MSG_DONTWAIT, NULL, NULL) = -1 EAGAIN (Try again)
5796  1784078307.597405 recvfrom(46, 0x7fecfbe0a0, 3200, MSG_DONTWAIT, NULL, NULL) = -1 EAGAIN (Try again)
5796  1784078307.606007 recvfrom(46, "nysv\0\0\0\0\0\0\0\0\0\0\0\0\367\333e*\371\2\0\0X\371\2\0\0\0\0\0", 3200, MSG_DONTWAIT, NULL, NULL) = 32
5796  1784078307.606307 recvfrom(46, 0x7fecfbe140, 3200, MSG_DONTWAIT, NULL, NULL) = -1 EAGAIN (Try again)
5818  1784078307.606800 recvfrom(42, 0x7e39e7ceb0, 3200, MSG_DONTWAIT, NULL, NULL) = -1 EAGAIN (Try again)
5796  1784078307.606850 recvfrom(46, 0x7fecfbe0a0, 3200, MSG_DONTWAIT, NULL, NULL) = -1 EAGAIN (Try again)
5818  1784078307.622315 recvfrom(42, "nysv\0\0\0\0\0\0\0\0\0\0\0\0!,d+\371\2\0\0Y\371\2\0\0\0\0\0", 3200, MSG_DONTWAIT, NULL, NULL) = 32
5818  1784078307.622342 recvfrom(42,  <unfinished ...>
5796  1784078307.622343 recvfrom(46, "nysv\0\0\0\0\0\0\0\0\0\0\0\0!,d+\371\2\0\0Y\371\2\0\0\0\0\0", 3200, MSG_DONTWAIT, NULL, NULL) = 32
5796  1784078307.622734 recvfrom(46,  <unfinished ...>
5818  1784078307.622771 <... recvfrom resumed> 0x7e39e7cc80, 3200, MSG_DONTWAIT, NULL, NULL) = -1 EAGAIN (Try again)
5796  1784078307.622882 <... recvfrom resumed> 0x7fecfbe140, 3200, MSG_DONTWAIT, NULL, NULL) = -1 EAGAIN (Try again)
5796  1784078307.623254 recvfrom(46, 0x7fecfbe0a0, 3200, MSG_DONTWAIT, NULL, NULL) = -1 EAGAIN (Try again)
5818  1784078307.636437 recvfrom(42, 0x7e39e7ceb0, 3200, MSG_DONTWAIT, NULL, NULL) = -1 EAGAIN (Try again)
5818  1784078307.637683 recvfrom(42, "nysv\0\0\0\0\0\0\0\0\0\0\0\0\352\260b,\371\2\0\0Z\371\2\0\0\0\0\0", 3200, MSG_DONTWAIT, NULL, NULL) = 32
5818  1784078307.637704 recvfrom(42, 0x7e39e7cc80, 3200, MSG_DONTWAIT, NULL, NULL) = -1 EAGAIN (Try again)
5796  1784078307.637868 recvfrom(46, "nysv\0\0\0\0\0\0\0\0\0\0\0\0\352\260b,\371\2\0\0Z\371\2\0\0\0\0\0", 3200, MSG_DONTWAIT, NULL, NULL) = 32
5796  1784078307.638200 recvfrom(46, 0x7fecfbe140, 3200, MSG_DONTWAIT, NULL, NULL) = -1 EAGAIN (Try again)
5796  1784078307.639126 recvfrom(46, 0x7fecfbe0a0, 3200, MSG_DONTWAIT, NULL, NULL) = -1 EAGAIN (Try again)
5818  1784078307.652534 recvfrom(42, 0x7e39e7ceb0, 3200, MSG_DONTWAIT, NULL, NULL) = -1 EAGAIN (Try again)
5818  1784078307.654095 recvfrom(42, "nysv\0\0\0\0\0\0\0\0\0\0\0\0\355?a-\371\2\0\0[\371\2\0\0\0\0\0", 3200, MSG_DONTWAIT, NULL, NULL) = 32
5818  1784078307.654119 recvfrom(42, 0x7e39e7cc80, 3200, MSG_DONTWAIT, NULL, NULL) = -1 EAGAIN (Try again)
5796  1784078307.654603 recvfrom(46, "nysv\0\0\0\0\0\0\0\0\0\0\0\0\355?a-\371\2\0\0[\371\2\0\0\0\0\0", 3200, MSG_DONTWAIT, NULL, NULL) = 32
5796  1784078307.655038 recvfrom(46, 0x7fecfbe140, 3200, MSG_DONTWAIT, NULL, NULL) = -1 EAGAIN (Try again)
5796  1784078307.655755 recvfrom(46, 0x7fecfbe0a0, 3200, MSG_DONTWAIT, NULL, NULL) = -1 EAGAIN (Try again)
5818  1784078307.669820 recvfrom(42, 0x7e39e7ceb0, 3200, MSG_DONTWAIT, NULL, NULL) = -1 EAGAIN (Try again)
5796  1784078307.671356 recvfrom(46,  <unfinished ...>
5818  1784078307.671539 recvfrom(42,  <unfinished ...>
5796  1784078307.671563 <... recvfrom resumed> "nysv\0\0\0\0\0\0\0\0\0\0\0\0Y\321_.\371\2\0\0\\\371\2\0\0\0\0\0", 3200, MSG_DONTWAIT, NULL, NULL) = 32
5818  1784078307.671719 <... recvfrom resumed> "nysv\0\0\0\0\0\0\0\0\0\0\0\0Y\321_.\371\2\0\0\\\371\2\0\0\0\0\0", 3200, MSG_DONTWAIT, NULL, NULL) = 32
5796  1784078307.671751 recvfrom(46,  <unfinished ...>
5818  1784078307.671993 recvfrom(42,  <unfinished ...>
5796  1784078307.672014 <... recvfrom resumed> 0x7fecfbe140, 3200, MSG_DONTWAIT, NULL, NULL) = -1 EAGAIN (Try again)
5818  1784078307.672246 <... recvfrom resumed> 0x7e39e7cc80, 3200, MSG_DONTWAIT, NULL, NULL) = -1 EAGAIN (Try again)
5796  1784078307.672652 recvfrom(46, 0x7fecfbe0a0, 3200, MSG_DONTWAIT, NULL, NULL) = -1 EAGAIN (Try again)
5796  1784078307.688022 recvfrom(46, "nysv\0\0\0\0\0\0\0\0\0\0\0\0\4`^/\371\2\0\0]\371\2\0\0\0\0\0", 3200, MSG_DONTWAIT, NULL, NULL) = 32
5796  1784078307.688527 recvfrom(46, 0x7fecfbe140, 3200, MSG_DONTWAIT, NULL, NULL) = -1 EAGAIN (Try again)
5818  1784078307.696582 recvfrom(42, "nysv\0\0\0\0\0\0\0\0\0\0\0\0\4`^/\371\2\0\0]\371\2\0\0\0\0\0", 3200, MSG_DONTWAIT, NULL, NULL) = 32
5818  1784078307.696871 recvfrom(42, 0x7e39e7ceb0, 3200, MSG_DONTWAIT, NULL, NULL) = -1 EAGAIN (Try again)
5818  1784078307.714562 recvfrom(42, "nysv\0\0\0\0\0\0\0\0\0\0\0\0.\260\\0\371\2\0\0^\371\2\0\0\0\0\0", 3200, MSG_DONTWAIT, NULL, NULL) = 32
5818  1784078307.714833 recvfrom(42, 0x7e39e7cc80, 3200, MSG_DONTWAIT, NULL, NULL) = -1 EAGAIN (Try again)
5796  1784078307.923030 recvfrom(46, 0x7fecfbe190, 3200, MSG_DONTWAIT, NULL, NULL) = -1 EAGAIN (Try again)
5796  1784078307.938288 recvfrom(46, "nysv\0\0\0\0\0\0\0\0\0\0\0\0\310\23D>\371\2\0\0l\371\2\0\0\0\0\0", 3200, MSG_DONTWAIT, NULL, NULL) = 32
5796  1784078307.939102 recvfrom(46, 0x7fecfbe140, 3200, MSG_DONTWAIT, NULL, NULL) = -1 EAGAIN (Try again)
5796  1784078307.940642 recvfrom(48, 0x7eca48a820, 2272, MSG_DONTWAIT, NULL, NULL) = -1 EAGAIN (Try again)
5796  1784078307.957823 recvfrom(46, 0x7fecfbdec0, 3200, MSG_DONTWAIT, NULL, NULL) = -1 EAGAIN (Try again)
5796  1784078307.960388 clone(child_stack=0x7e3619bd40, flags=CLONE_VM|CLONE_FS|CLONE_FILES|CLONE_SIGHAND|CLONE_THREAD|CLONE_SYSVSEM|CLONE_SETTLS|CLONE_PARENT_SETTID|CLONE_CHILD_CLEARTID, parent_tidptr=0x7e3619bd60, tls=0x7e3619c020, child_tidptr=0x7e3619bd60) = 5891
5796  1784078307.972420 recvfrom(46, "nysv\0\0\0\0\0\0\0\0\0\0\0\0\322r@@\371\2\0\0n\371\2\0\0\0\0\0", 3200, MSG_DONTWAIT, NULL, NULL) = 32
5796  1784078307.972628 recvfrom(46, 0x7fecfbe140, 3200, MSG_DONTWAIT, NULL, NULL) = -1 EAGAIN (Try again)
5796  1784078307.975365 recvfrom(48, 0x7eca48a820, 2272, MSG_DONTWAIT, NULL, NULL) = -1 EAGAIN (Try again)
5796  1784078308.276997 recvfrom(46, 0x7fecfbe190, 3200, MSG_DONTWAIT, NULL, NULL) = -1 EAGAIN (Try again)
5796  1784078308.295998 recvfrom(46, "nysv\0\0\0\0\0\0\0\0\0\0\0\0%\232\35S\371\2\0\0\201\371\2\0\0\0\0\0", 3200, MSG_DONTWAIT, NULL, NULL) = 32
5796  1784078308.296153 recvfrom(46, 0x7fecfbe140, 3200, MSG_DONTWAIT, NULL, NULL) = -1 EAGAIN (Try again)
5796  1784078308.296313 recvfrom(48, 0x7eca48a820, 2272, MSG_DONTWAIT, NULL, NULL) = -1 EAGAIN (Try again)
5796  1784078308.330273 recvfrom(46, 0x7fecfbd8c0, 3200, MSG_DONTWAIT, NULL, NULL) = -1 EAGAIN (Try again)
5796  1784078308.339271 recvfrom(46, "nysv\0\0\0\0\0\0\0\0\0\0\0\0\204\307\30V\371\2\0\0\204\371\2\0\0\0\0\0", 3200, MSG_DONTWAIT, NULL, NULL) = 32
5796  1784078308.339618 recvfrom(46, 0x7fecfbe140, 3200, MSG_DONTWAIT, NULL, NULL) = -1 EAGAIN (Try again)
5796  1784078308.340057 recvfrom(48, 0x7eca48a820, 2272, MSG_DONTWAIT, NULL, NULL) = -1 EAGAIN (Try again)
5832  1784078311.671821 exit(0)         = ?
5832  1784078311.672151 +++ exited with 0 +++
5830  1784078311.722511 faccessat(AT_FDCWD, "/proc/self/task/5832", F_OK) = -1 ENOENT (No such file or directory)
