15728 1784098318.387434 recvfrom(44, "nysv\0\0\0\0\0\0\0\0\0\0\0\0\10\241\252\272`\3\0\0\326<\0\0\0\0\0\0", 3200, MSG_DONTWAIT, NULL, NULL) = 32
15728 1784098318.387476 recvfrom(44, 0x7feb340460, 3200, MSG_DONTWAIT, NULL, NULL) = -1 EAGAIN (Try again)
15728 1784098318.387506 recvfrom(46, 0x761f7cc820, 2272, MSG_DONTWAIT, NULL, NULL) = -1 EAGAIN (Try again)
15752 1784098318.818482 exit(0)         = ?
15752 1784098318.818797 +++ exited with 0 +++
15728 1784098318.879058 recvfrom(44, 0x7feb340300, 3200, MSG_DONTWAIT, NULL, NULL) = -1 EAGAIN (Try again)
15728 1784098318.890693 recvfrom(44, "nysv\0\0\0\0\0\0\0\0\0\0\0\0b\vv\330`\3\0\0\330<\0\0\0\0\0\0", 3200, MSG_DONTWAIT, NULL, NULL) = 32
15728 1784098318.890880 recvfrom(44, 0x7feb340460, 3200, MSG_DONTWAIT, NULL, NULL) = -1 EAGAIN (Try again)
15728 1784098318.890985 recvfrom(46, 0x761f7cc820, 2272, MSG_DONTWAIT, NULL, NULL) = -1 EAGAIN (Try again)
15728 1784098319.385424 recvfrom(44, 0x7feb340300, 3200, MSG_DONTWAIT, NULL, NULL) = -1 EAGAIN (Try again)
15728 1784098319.387574 recvfrom(44, "nysv\0\0\0\0\0\0\0\0\0\0\0\0y\344C\366`\3\0\0\331<\0\0\0\0\0\0", 3200, MSG_DONTWAIT, NULL, NULL) = 32
15728 1784098319.387697 recvfrom(44, 0x7feb340460, 3200, MSG_DONTWAIT, NULL, NULL) = -1 EAGAIN (Try again)
15728 1784098319.387809 recvfrom(46, 0x761f7cc820, 2272, MSG_DONTWAIT, NULL, NULL) = -1 EAGAIN (Try again)
15728 1784098319.890966 recvfrom(44, 0x7feb340300, 3200, MSG_DONTWAIT, NULL, NULL) = -1 EAGAIN (Try again)
15728 1784098319.905651 recvfrom(44, "nysv\0\0\0\0\0\0\0\0\0\0\0\0\3239\20\25a\3\0\0\332<\0\0\0\0\0\0", 3200, MSG_DONTWAIT, NULL, NULL) = 32
15728 1784098319.905759 recvfrom(44, 0x7feb340460, 3200, MSG_DONTWAIT, NULL, NULL) = -1 EAGAIN (Try again)
15728 1784098319.905860 recvfrom(46, 0x761f7cc820, 2272, MSG_DONTWAIT, NULL, NULL) = -1 EAGAIN (Try again)
15728 1784098320.393985 recvfrom(44, 0x7feb340300, 3200, MSG_DONTWAIT, NULL, NULL) = -1 EAGAIN (Try again)
15728 1784098320.403618 recvfrom(44, "nysv\0\0\0\0\0\0\0\0\0\0\0\0\332|\3342a\3\0\0\335<\0\0\0\0\0\0", 3200, MSG_DONTWAIT, NULL, NULL) = 32
15728 1784098320.403692 recvfrom(44, 0x7feb340460, 3200, MSG_DONTWAIT, NULL, NULL) = -1 EAGAIN (Try again)
15728 1784098320.403765 recvfrom(46, 0x761f7cc820, 2272, MSG_DONTWAIT, NULL, NULL) = -1 EAGAIN (Try again)
15738 1784098320.777968 exit(0)         = ?
15738 1784098320.778068 +++ exited with 0 +++
15736 1784098320.782181 exit(0 <unfinished ...>
15737 1784098320.782254 exit(0 <unfinished ...>
15736 1784098320.782329 <... exit resumed>) = ?
15737 1784098320.782470 <... exit resumed>) = ?
15736 1784098320.782540 +++ exited with 0 +++
15737 1784098320.782657 +++ exited with 0 +++
15735 1784098320.782662 exit(0)         = ?
15735 1784098320.783008 +++ exited with 0 +++
15748 1784098320.785560 newfstatat(AT_FDCWD, "/data", {st_mode=S_IFDIR|0771, st_size=4096, ...}, AT_SYMLINK_NOFOLLOW) = 0
15748 1784098320.785953 newfstatat(AT_FDCWD, "/data/app", {st_mode=S_IFDIR|0771, st_size=4096, ...}, AT_SYMLINK_NOFOLLOW) = 0
15748 1784098320.786331 newfstatat(AT_FDCWD, "/data/app/buet.rafi.dictionary-Pt3uD-CDGRPZqWn_h-eruQ==", {st_mode=S_IFDIR|0775, st_size=4096, ...}, AT_SYMLINK_NOFOLLOW) = 0
15748 1784098320.786682 newfstatat(AT_FDCWD, "/data/app/buet.rafi.dictionary-Pt3uD-CDGRPZqWn_h-eruQ==/base.apk", {st_mode=S_IFREG|0644, st_size=477072, ...}, AT_SYMLINK_NOFOLLOW) = 0
15748 1784098320.787060 getcwd("/", 4096) = 2
15748 1784098320.787461 newfstatat(AT_FDCWD, "/base.apk", 0x758f298690, AT_SYMLINK_NOFOLLOW) = -1 ENOENT (No such file or directory)
15728 1784098320.897459 recvfrom(44, 0x7feb340300, 3200, MSG_DONTWAIT, NULL, NULL) = -1 EAGAIN (Try again)
15728 1784098320.906171 recvfrom(44, "nysv\0\0\0\0\0\0\0\0\0\0\0\0D\375\250Pa\3\0\0\336<\0\0\0\0\0\0", 3200, MSG_DONTWAIT, NULL, NULL) = 32
15728 1784098320.906276 recvfrom(44, 0x7feb340460, 3200, MSG_DONTWAIT, NULL, NULL) = -1 EAGAIN (Try again)
15728 1784098320.906378 recvfrom(46, 0x761f7cc820, 2272, MSG_DONTWAIT, NULL, NULL) = -1 EAGAIN (Try again)
15728 1784098321.398926 recvfrom(44, 0x7feb340300, 3200, MSG_DONTWAIT, NULL, NULL) = -1 EAGAIN (Try again)
15728 1784098321.405640 recvfrom(44, "nysv\0\0\0\0\0\0\0\0\0\0\0\0n\177vna\3\0\0\337<\0\0\0\0\0\0", 3200, MSG_DONTWAIT, NULL, NULL) = 32
15728 1784098321.405738 recvfrom(44, 0x7feb340460, 3200, MSG_DONTWAIT, NULL, NULL) = -1 EAGAIN (Try again)
15728 1784098321.405816 recvfrom(46, 0x761f7cc820, 2272, MSG_DONTWAIT, NULL, NULL) = -1 EAGAIN (Try again)
15728 1784098321.900907 recvfrom(44, 0x7feb340300, 3200, MSG_DONTWAIT, NULL, NULL) = -1 EAGAIN (Try again)
15728 1784098321.904643 recvfrom(44, "nysv\0\0\0\0\0\0\0\0\0\0\0\0\"\335C\214a\3\0\0\340<\0\0\0\0\0\0", 3200, MSG_DONTWAIT, NULL, NULL) = 32
15728 1784098321.904762 recvfrom(44, 0x7feb340460, 3200, MSG_DONTWAIT, NULL, NULL) = -1 EAGAIN (Try again)
15728 1784098321.904866 recvfrom(46, 0x761f7cc820, 2272, MSG_DONTWAIT, NULL, NULL) = -1 EAGAIN (Try again)
15728 1784098322.403778 recvfrom(44, 0x7feb340300, 3200, MSG_DONTWAIT, NULL, NULL) = -1 EAGAIN (Try again)
15728 1784098322.404731 recvfrom(44, "nysv\0\0\0\0\0\0\0\0\0\0\0\0\2746\21\252a\3\0\0\341<\0\0\0\0\0\0", 3200, MSG_DONTWAIT, NULL, NULL) = 32
15728 1784098322.404829 recvfrom(44, 0x7feb340460, 3200, MSG_DONTWAIT, NULL, NULL) = -1 EAGAIN (Try again)
15728 1784098322.404922 recvfrom(46, 0x761f7cc820, 2272, MSG_DONTWAIT, NULL, NULL) = -1 EAGAIN (Try again)
15728 1784098322.907644 recvfrom(44, 0x7feb340300, 3200, MSG_DONTWAIT, NULL, NULL) = -1 EAGAIN (Try again)
15728 1784098322.926314 recvfrom(44, "nysv\0\0\0\0\0\0\0\0\0\0\0\0G\33\334\310a\3\0\0\342<\0\0\0\0\0\0", 3200, MSG_DONTWAIT, NULL, NULL) = 32
15728 1784098322.926429 recvfrom(44, 0x7feb340460, 3200, MSG_DONTWAIT, NULL, NULL) = -1 EAGAIN (Try again)
15728 1784098322.926551 recvfrom(46, 0x761f7cc820, 2272, MSG_DONTWAIT, NULL, NULL) = -1 EAGAIN (Try again)
15728 1784098323.409864 recvfrom(44, 0x7feb340300, 3200, MSG_DONTWAIT, NULL, NULL) = -1 EAGAIN (Try again)
15728 1784098323.424493 recvfrom(44, "nysv\0\0\0\0\0\0\0\0\0\0\0\0003\200\251\346a\3\0\0\343<\0\0\0\0\0\0", 3200, MSG_DONTWAIT, NULL, NULL) = 32
15728 1784098323.424598 recvfrom(44, 0x7feb340460, 3200, MSG_DONTWAIT, NULL, NULL) = -1 EAGAIN (Try again)
15728 1784098323.424703 recvfrom(46, 0x761f7cc820, 2272, MSG_DONTWAIT, NULL, NULL) = -1 EAGAIN (Try again)
15728 1784098323.918179 recvfrom(44, 0x7feb340300, 3200, MSG_DONTWAIT, NULL, NULL) = -1 EAGAIN (Try again)
15728 1784098323.920984 recvfrom(44, "nysv\0\0\0\0\0\0\0\0\0\0\0\0\0\16w\4b\3\0\0\344<\0\0\0\0\0\0", 3200, MSG_DONTWAIT, NULL, NULL) = 32
15728 1784098323.921078 recvfrom(44, 0x7feb340460, 3200, MSG_DONTWAIT, NULL, NULL) = -1 EAGAIN (Try again)
15728 1784098323.921161 recvfrom(46, 0x761f7cc820, 2272, MSG_DONTWAIT, NULL, NULL) = -1 EAGAIN (Try again)
15728 1784098324.424428 recvfrom(44, 0x7feb340300, 3200, MSG_DONTWAIT, NULL, NULL) = -1 EAGAIN (Try again)
15728 1784098324.437687 recvfrom(44, "nysv\0\0\0\0\0\0\0\0\0\0\0\0_\340B#b\3\0\0\345<\0\0\0\0\0\0", 3200, MSG_DONTWAIT, NULL, NULL) = 32
15728 1784098324.438118 recvfrom(44, 0x7feb340460, 3200, MSG_DONTWAIT, NULL, NULL) = -1 EAGAIN (Try again)
15728 1784098324.438222 recvfrom(46, 0x761f7cc820, 2272, MSG_DONTWAIT, NULL, NULL) = -1 EAGAIN (Try again)
15728 1784098324.929593 recvfrom(44, 0x7feb340300, 3200, MSG_DONTWAIT, NULL, NULL) = -1 EAGAIN (Try again)
15728 1784098324.937053 recvfrom(44, "nysv\0\0\0\0\0\0\0\0\0\0\0\0\261i\20Ab\3\0\0\346<\0\0\0\0\0\0", 3200, MSG_DONTWAIT, NULL, NULL) = 32
15728 1784098324.937120 recvfrom(44, 0x7feb340460, 3200, MSG_DONTWAIT, NULL, NULL) = -1 EAGAIN (Try again)
15728 1784098324.937180 recvfrom(46, 0x761f7cc820, 2272, MSG_DONTWAIT, NULL, NULL) = -1 EAGAIN (Try again)
15728 1784098325.431055 recvfrom(44, 0x7feb340300, 3200, MSG_DONTWAIT, NULL, NULL) = -1 EAGAIN (Try again)
15728 1784098325.437475 recvfrom(44, "nysv\0\0\0\0\0\0\0\0\0\0\0\0!\375\335^b\3\0\0\347<\0\0\0\0\0\0", 3200, MSG_DONTWAIT, NULL, NULL) = 32
15728 1784098325.437608 recvfrom(44, 0x7feb340460, 3200, MSG_DONTWAIT, NULL, NULL) = -1 EAGAIN (Try again)
15728 1784098325.437691 recvfrom(46, 0x761f7cc820, 2272, MSG_DONTWAIT, NULL, NULL) = -1 EAGAIN (Try again)
15728 1784098325.935625 recvfrom(44, 0x7feb340300, 3200, MSG_DONTWAIT, NULL, NULL) = -1 EAGAIN (Try again)
15728 1784098325.937276 recvfrom(44, "nysv\0\0\0\0\0\0\0\0\0\0\0\0\223\364\253|b\3\0\0\350<\0\0\0\0\0\0", 3200, MSG_DONTWAIT, NULL, NULL) = 32
15728 1784098325.937361 recvfrom(44, 0x7feb340460, 3200, MSG_DONTWAIT, NULL, NULL) = -1 EAGAIN (Try again)
15728 1784098325.937440 recvfrom(46, 0x761f7cc820, 2272, MSG_DONTWAIT, NULL, NULL) = -1 EAGAIN (Try again)
15728 1784098326.438139 recvfrom(44, 0x7feb340300, 3200, MSG_DONTWAIT, NULL, NULL) = -1 EAGAIN (Try again)
15728 1784098326.458665 recvfrom(44, "nysv\0\0\0\0\0\0\0\0\0\0\0\0\373\370v\233b\3\0\0\351<\0\0\0\0\0\0", 3200, MSG_DONTWAIT, NULL, NULL) = 32
15728 1784098326.458777 recvfrom(44, 0x7feb340460, 3200, MSG_DONTWAIT, NULL, NULL) = -1 EAGAIN (Try again)
15728 1784098326.458874 recvfrom(46, 0x761f7cc820, 2272, MSG_DONTWAIT, NULL, NULL) = -1 EAGAIN (Try again)
15728 1784098326.944939 recvfrom(44, 0x7feb340300, 3200, MSG_DONTWAIT, NULL, NULL) = -1 EAGAIN (Try again)
15728 1784098326.953744 recvfrom(44, "nysv\0\0\0\0\0\0\0\0\0\0\0\0Y\245D\271b\3\0\0\352<\0\0\0\0\0\0", 3200, MSG_DONTWAIT, NULL, NULL) = 32
15728 1784098326.953790 recvfrom(44, 0x7feb340460, 3200, MSG_DONTWAIT, NULL, NULL) = -1 EAGAIN (Try again)
15728 1784098326.953835 recvfrom(46, 0x761f7cc820, 2272, MSG_DONTWAIT, NULL, NULL) = -1 EAGAIN (Try again)
15728 1784098327.448282 recvfrom(44, 0x7feb340300, 3200, MSG_DONTWAIT, NULL, NULL) = -1 EAGAIN (Try again)
15728 1784098327.453907 recvfrom(44, "nysv\0\0\0\0\0\0\0\0\0\0\0\0\360\277\21\327b\3\0\0\353<\0\0\0\0\0\0", 3200, MSG_DONTWAIT, NULL, NULL) = 32
15728 1784098327.454007 recvfrom(44, 0x7feb340460, 3200, MSG_DONTWAIT, NULL, NULL) = -1 EAGAIN (Try again)
15728 1784098327.454099 recvfrom(46, 0x761f7cc820, 2272, MSG_DONTWAIT, NULL, NULL) = -1 EAGAIN (Try again)
15728 1784098327.950191 recvfrom(44, 0x7feb340300, 3200, MSG_DONTWAIT, NULL, NULL) = -1 EAGAIN (Try again)
15728 1784098327.954778 recvfrom(44, "nysv\0\0\0\0\0\0\0\0\0\0\0\0005o\337\364b\3\0\0\354<\0\0\0\0\0\0", 3200, MSG_DONTWAIT, NULL, NULL) = 32
15728 1784098327.954876 recvfrom(44, 0x7feb340460, 3200, MSG_DONTWAIT, NULL, NULL) = -1 EAGAIN (Try again)
15728 1784098327.954966 recvfrom(46, 0x761f7cc820, 2272, MSG_DONTWAIT, NULL, NULL) = -1 EAGAIN (Try again)
15728 1784098328.455721 recvfrom(44, 0x7feb340300, 3200, MSG_DONTWAIT, NULL, NULL) = -1 EAGAIN (Try again)
15728 1784098328.470552 recvfrom(44, "nysv\0\0\0\0\0\0\0\0\0\0\0\0Gr\253\23c\3\0\0\355<\0\0\0\0\0\0", 3200, MSG_DONTWAIT, NULL, NULL) = 32
15728 1784098328.470676 recvfrom(44, 0x7feb340460, 3200, MSG_DONTWAIT, NULL, NULL) = -1 EAGAIN (Try again)
15728 1784098328.470759 recvfrom(46, 0x761f7cc820, 2272, MSG_DONTWAIT, NULL, NULL) = -1 EAGAIN (Try again)
15728 1784098328.965085 recvfrom(44, 0x7feb340300, 3200, MSG_DONTWAIT, NULL, NULL) = -1 EAGAIN (Try again)
15728 1784098328.970758 recvfrom(44, "nysv\0\0\0\0\0\0\0\0\0\0\0\0,7y1c\3\0\0\356<\0\0\0\0\0\0", 3200, MSG_DONTWAIT, NULL, NULL) = 32
15728 1784098328.970851 recvfrom(44, 0x7feb340460, 3200, MSG_DONTWAIT, NULL, NULL) = -1 EAGAIN (Try again)
15728 1784098328.970934 recvfrom(46, 0x761f7cc820, 2272, MSG_DONTWAIT, NULL, NULL) = -1 EAGAIN (Try again)
15728 1784098329.469519 recvfrom(44, 0x7feb340300, 3200, MSG_DONTWAIT, NULL, NULL) = -1 EAGAIN (Try again)
15728 1784098329.470272 recvfrom(44, "nysv\0\0\0\0\0\0\0\0\0\0\0\0\247\202FOc\3\0\0\357<\0\0\0\0\0\0", 3200, MSG_DONTWAIT, NULL, NULL) = 32
15728 1784098329.470307 recvfrom(44, 0x7feb340460, 3200, MSG_DONTWAIT, NULL, NULL) = -1 EAGAIN (Try again)
15728 1784098329.470341 recvfrom(46, 0x761f7cc820, 2272, MSG_DONTWAIT, NULL, NULL) = -1 EAGAIN (Try again)
15728 1784098329.976786 recvfrom(44, 0x7feb340300, 3200, MSG_DONTWAIT, NULL, NULL) = -1 EAGAIN (Try again)
15728 1784098329.989418 recvfrom(44, "nysv\0\0\0\0\0\0\0\0\0\0\0\0\312\367\20nc\3\0\0\360<\0\0\0\0\0\0", 3200, MSG_DONTWAIT, NULL, NULL) = 32
15728 1784098329.989519 recvfrom(44, 0x7feb340460, 3200, MSG_DONTWAIT, NULL, NULL) = -1 EAGAIN (Try again)
15728 1784098329.989614 recvfrom(46, 0x761f7cc820, 2272, MSG_DONTWAIT, NULL, NULL) = -1 EAGAIN (Try again)
15728 1784098330.481646 recvfrom(44, 0x7feb340300, 3200, MSG_DONTWAIT, NULL, NULL) = -1 EAGAIN (Try again)
15728 1784098330.488721 recvfrom(44, "nysv\0\0\0\0\0\0\0\0\0\0\0\0\303E\336\213c\3\0\0\361<\0\0\0\0\0\0", 3200, MSG_DONTWAIT, NULL, NULL) = 32
15728 1784098330.488815 recvfrom(44, 0x7feb340460, 3200, MSG_DONTWAIT, NULL, NULL) = -1 EAGAIN (Try again)
15728 1784098330.488903 recvfrom(46, 0x761f7cc820, 2272, MSG_DONTWAIT, NULL, NULL) = -1 EAGAIN (Try again)
15728 1784098330.985050 recvfrom(44, 0x7feb340300, 3200, MSG_DONTWAIT, NULL, NULL) = -1 EAGAIN (Try again)
15728 1784098330.987700 recvfrom(44, "nysv\0\0\0\0\0\0\0\0\0\0\0\0u\33\254\251c\3\0\0\362<\0\0\0\0\0\0", 3200, MSG_DONTWAIT, NULL, NULL) = 32
15728 1784098330.987789 recvfrom(44, 0x7feb340460, 3200, MSG_DONTWAIT, NULL, NULL) = -1 EAGAIN (Try again)
15728 1784098330.987875 recvfrom(46, 0x761f7cc820, 2272, MSG_DONTWAIT, NULL, NULL) = -1 EAGAIN (Try again)
15728 1784098331.491873 recvfrom(44, 0x7feb340300, 3200, MSG_DONTWAIT, NULL, NULL) = -1 EAGAIN (Try again)
15728 1784098331.505376 recvfrom(44, "nysv\0\0\0\0\0\0\0\0\0\0\0\0\203\273w\310c\3\0\0\363<\0\0\0\0\0\0", 3200, MSG_DONTWAIT, NULL, NULL) = 32
15728 1784098331.505479 recvfrom(44, 0x7feb340460, 3200, MSG_DONTWAIT, NULL, NULL) = -1 EAGAIN (Try again)
15728 1784098331.505572 recvfrom(46, 0x761f7cc820, 2272, MSG_DONTWAIT, NULL, NULL) = -1 EAGAIN (Try again)
15728 1784098331.996615 recvfrom(44, 0x7feb340300, 3200, MSG_DONTWAIT, NULL, NULL) = -1 EAGAIN (Try again)
15728 1784098332.005477 recvfrom(44, "nysv\0\0\0\0\0\0\0\0\0\0\0\0-OE\346c\3\0\0\364<\0\0\0\0\0\0", 3200, MSG_DONTWAIT, NULL, NULL) = 32
15728 1784098332.005515 recvfrom(44, 0x7feb340460, 3200, MSG_DONTWAIT, NULL, NULL) = -1 EAGAIN (Try again)
15728 1784098332.005551 recvfrom(46, 0x761f7cc820, 2272, MSG_DONTWAIT, NULL, NULL) = -1 EAGAIN (Try again)
15728 1784098332.501372 recvfrom(44, 0x7feb340300, 3200, MSG_DONTWAIT, NULL, NULL) = -1 EAGAIN (Try again)
15728 1784098332.503628 recvfrom(44, "nysv\0\0\0\0\0\0\0\0\0\0\0\0\235)\22\4d\3\0\0\365<\0\0\0\0\0\0", 3200, MSG_DONTWAIT, NULL, NULL) = 32
15728 1784098332.503692 recvfrom(44, 0x7feb340460, 3200, MSG_DONTWAIT, NULL, NULL) = -1 EAGAIN (Try again)
15728 1784098332.503749 recvfrom(46, 0x761f7cc820, 2272, MSG_DONTWAIT, NULL, NULL) = -1 EAGAIN (Try again)
15728 1784098333.008879 recvfrom(44, 0x7feb340300, 3200, MSG_DONTWAIT, NULL, NULL) = -1 EAGAIN (Try again)
15728 1784098333.021587 recvfrom(44, "nysv\0\0\0\0\0\0\0\0\0\0\0\0\304\350\335\"d\3\0\0\366<\0\0\0\0\0\0", 3200, MSG_DONTWAIT, NULL, NULL) = 32
15728 1784098333.021688 recvfrom(44, 0x7feb340460, 3200, MSG_DONTWAIT, NULL, NULL) = -1 EAGAIN (Try again)
15728 1784098333.021780 recvfrom(46, 0x761f7cc820, 2272, MSG_DONTWAIT, NULL, NULL) = -1 EAGAIN (Try again)
15728 1784098333.515558 recvfrom(44, 0x7feb340300, 3200, MSG_DONTWAIT, NULL, NULL) = -1 EAGAIN (Try again)
15728 1784098333.522599 recvfrom(44, "nysv\0\0\0\0\0\0\0\0\0\0\0\0\237C\253@d\3\0\0\367<\0\0\0\0\0\0", 3200, MSG_DONTWAIT, NULL, NULL) = 32
15728 1784098333.522693 recvfrom(44, 0x7feb340460, 3200, MSG_DONTWAIT, NULL, NULL) = -1 EAGAIN (Try again)
15728 1784098333.522780 recvfrom(46, 0x761f7cc820, 2272, MSG_DONTWAIT, NULL, NULL) = -1 EAGAIN (Try again)
15763 1784098333.583200 exit(0)         = ?
15763 1784098333.583608 +++ exited with 0 +++
15761 1784098333.635119 faccessat(AT_FDCWD, "/proc/self/task/15763", F_OK) = -1 ENOENT (No such file or directory)
15728 1784098334.026159 recvfrom(44, 0x7feb340300, 3200, MSG_DONTWAIT, NULL, NULL) = -1 EAGAIN (Try again)
15728 1784098334.041453 recvfrom(44, "nysv\0\0\0\0\0\0\0\0\0\0\0\0\265\370v_d\3\0\0\370<\0\0\0\0\0\0", 3200, MSG_DONTWAIT, NULL, NULL) = 32
15728 1784098334.041544 recvfrom(44, 0x7feb340460, 3200, MSG_DONTWAIT, NULL, NULL) = -1 EAGAIN (Try again)
15728 1784098334.041630 recvfrom(46, 0x761f7cc820, 2272, MSG_DONTWAIT, NULL, NULL) = -1 EAGAIN (Try again)
15728 1784098334.535619 recvfrom(44, 0x7feb340300, 3200, MSG_DONTWAIT, NULL, NULL) = -1 EAGAIN (Try again)
15728 1784098334.537427 recvfrom(44, "nysv\0\0\0\0\0\0\0\0\0\0\0\0V\336D}d\3\0\0\371<\0\0\0\0\0\0", 3200, MSG_DONTWAIT, NULL, NULL) = 32
15728 1784098334.537520 recvfrom(44, 0x7feb340460, 3200, MSG_DONTWAIT, NULL, NULL) = -1 EAGAIN (Try again)
15728 1784098334.537605 recvfrom(46, 0x761f7cc820, 2272, MSG_DONTWAIT, NULL, NULL) = -1 EAGAIN (Try again)
15728 1784098335.039591 recvfrom(44, 0x7feb340300, 3200, MSG_DONTWAIT, NULL, NULL) = -1 EAGAIN (Try again)
15728 1784098335.054880 recvfrom(44, "nysv\0\0\0\0\0\0\0\0\0\0\0\0\264_\20\234d\3\0\0\372<\0\0\0\0\0\0", 3200, MSG_DONTWAIT, NULL, NULL) = 32
15728 1784098335.054979 recvfrom(44, 0x7feb340460, 3200, MSG_DONTWAIT, NULL, NULL) = -1 EAGAIN (Try again)
15728 1784098335.055068 recvfrom(46, 0x761f7cc820, 2272, MSG_DONTWAIT, NULL, NULL) = -1 EAGAIN (Try again)
15728 1784098335.544695 recvfrom(44, 0x7feb340300, 3200, MSG_DONTWAIT, NULL, NULL) = -1 EAGAIN (Try again)
15728 1784098335.556091 recvfrom(44, "nysv\0\0\0\0\0\0\0\0\0\0\0\0E}\335\271d\3\0\0\373<\0\0\0\0\0\0", 3200, MSG_DONTWAIT, NULL, NULL) = 32
15728 1784098335.556188 recvfrom(44, 0x7feb340460, 3200, MSG_DONTWAIT, NULL, NULL) = -1 EAGAIN (Try again)
15728 1784098335.556276 recvfrom(46, 0x761f7cc820, 2272, MSG_DONTWAIT, NULL, NULL) = -1 EAGAIN (Try again)
15728 1784098336.054326 recvfrom(44, 0x7feb340300, 3200, MSG_DONTWAIT, NULL, NULL) = -1 EAGAIN (Try again)
15728 1784098336.074617 recvfrom(44, "nysv\0\0\0\0\0\0\0\0\0\0\0\0\271,\251\330d\3\0\0\374<\0\0\0\0\0\0", 3200, MSG_DONTWAIT, NULL, NULL) = 32
15728 1784098336.074712 recvfrom(44, 0x7feb340460, 3200, MSG_DONTWAIT, NULL, NULL) = -1 EAGAIN (Try again)
15728 1784098336.074805 recvfrom(46, 0x761f7cc820, 2272, MSG_DONTWAIT, NULL, NULL) = -1 EAGAIN (Try again)
15728 1784098336.561840 recvfrom(44, 0x7feb340300, 3200, MSG_DONTWAIT, NULL, NULL) = -1 EAGAIN (Try again)
15728 1784098336.573362 recvfrom(44, "nysv\0\0\0\0\0\0\0\0\0\0\0\0\245\221v\366d\3\0\0\375<\0\0\0\0\0\0", 3200, MSG_DONTWAIT, NULL, NULL) = 32
15728 1784098336.573445 recvfrom(44, 0x7feb340460, 3200, MSG_DONTWAIT, NULL, NULL) = -1 EAGAIN (Try again)
15728 1784098336.573517 recvfrom(46, 0x761f7cc820, 2272, MSG_DONTWAIT, NULL, NULL) = -1 EAGAIN (Try again)
