15415 1783939083.266249 recvfrom(40, 0x7fc3ae5860, 3200, MSG_DONTWAIT, NULL, NULL) = -1 EAGAIN (Try again)
15415 1783939083.275481 recvfrom(40, "nysv\0\0\0\0\0\0\0\0\0\0\0\0\n\7\336M\334\0\0\0\241\334\0\0\0\0\0\0", 3200, MSG_DONTWAIT, NULL, NULL) = 32
15415 1783939083.276067 recvfrom(40, 0x7fc3ae5be0, 3200, MSG_DONTWAIT, NULL, NULL) = -1 EAGAIN (Try again)
15415 1783939083.276643 recvfrom(55, 0x75eb9c2820, 2272, MSG_DONTWAIT, NULL, NULL) = -1 EAGAIN (Try again)
15415 1783939083.769894 recvfrom(40, 0x7fc3ae5860, 3200, MSG_DONTWAIT, NULL, NULL) = -1 EAGAIN (Try again)
15415 1783939083.775583 recvfrom(40, "nysv\0\0\0\0\0\0\0\0\0\0\0\0\366k\253k\334\0\0\0\277\334\0\0\0\0\0\0", 3200, MSG_DONTWAIT, NULL, NULL) = 32
15415 1783939083.775884 recvfrom(40, 0x7fc3ae5be0, 3200, MSG_DONTWAIT, NULL, NULL) = -1 EAGAIN (Try again)
15415 1783939083.776414 recvfrom(55, 0x75eb9c2820, 2272, MSG_DONTWAIT, NULL, NULL) = -1 EAGAIN (Try again)
15415 1783939084.272516 recvfrom(40, 0x7fc3ae5860, 3200, MSG_DONTWAIT, NULL, NULL) = -1 EAGAIN (Try again)
15415 1783939084.277020 recvfrom(40, "nysv\0\0\0\0\0\0\0\0\0\0\0\0\376\233y\211\334\0\0\0\335\334\0\0\0\0\0\0", 3200, MSG_DONTWAIT, NULL, NULL) = 32
15415 1783939084.277235 recvfrom(40, 0x7fc3ae5be0, 3200, MSG_DONTWAIT, NULL, NULL) = -1 EAGAIN (Try again)
15415 1783939084.277598 recvfrom(55, 0x75eb9c2820, 2272, MSG_DONTWAIT, NULL, NULL) = -1 EAGAIN (Try again)
15415 1783939084.775517 recvfrom(40, 0x7fc3ae5860, 3200, MSG_DONTWAIT, NULL, NULL) = -1 EAGAIN (Try again)
15415 1783939084.793760 recvfrom(40, "nysv\0\0\0\0\0\0\0\0\0\0\0\0\370\205D\250\334\0\0\0\374\334\0\0\0\0\0\0", 3200, MSG_DONTWAIT, NULL, NULL) = 32
15415 1783939084.794529 recvfrom(40, 0x7fc3ae5be0, 3200, MSG_DONTWAIT, NULL, NULL) = -1 EAGAIN (Try again)
15415 1783939084.795260 recvfrom(55, 0x75eb9c2820, 2272, MSG_DONTWAIT, NULL, NULL) = -1 EAGAIN (Try again)
15415 1783939085.278941 recvfrom(40, 0x7fc3ae5860, 3200, MSG_DONTWAIT, NULL, NULL) = -1 EAGAIN (Try again)
15415 1783939085.292263 recvfrom(40, "nysv\0\0\0\0\0\0\0\0\0\0\0\0\344\352\21\306\334\0\0\0\32\335\0\0\0\0\0\0", 3200, MSG_DONTWAIT, NULL, NULL) = 32
15415 1783939085.292708 recvfrom(40, 0x7fc3ae5be0, 3200, MSG_DONTWAIT, NULL, NULL) = -1 EAGAIN (Try again)
15415 1783939085.293509 recvfrom(55, 0x75eb9c2820, 2272, MSG_DONTWAIT, NULL, NULL) = -1 EAGAIN (Try again)
15424 1783939085.484727 exit(0)         = ?
15424 1783939085.484817 +++ exited with 0 +++
15422 1783939085.484975 exit(0)         = ?
15422 1783939085.485076 +++ exited with 0 +++
15425 1783939085.487313 exit(0 <unfinished ...>
15423 1783939085.487344 exit(0 <unfinished ...>
15425 1783939085.487466 <... exit resumed>) = ?
15423 1783939085.487492 <... exit resumed>) = ?
15425 1783939085.487692 +++ exited with 0 +++
15423 1783939085.487702 +++ exited with 0 +++
15435 1783939085.489442 newfstatat(AT_FDCWD, "/data", {st_mode=S_IFDIR|0771, st_size=4096, ...}, AT_SYMLINK_NOFOLLOW) = 0
15435 1783939085.489762 newfstatat(AT_FDCWD, "/data/app", {st_mode=S_IFDIR|0771, st_size=4096, ...}, AT_SYMLINK_NOFOLLOW) = 0
15435 1783939085.490018 newfstatat(AT_FDCWD, "/data/app/app.prav.client--gpolotLCdg-G2R3J5rhgg==", {st_mode=S_IFDIR|0775, st_size=4096, ...}, AT_SYMLINK_NOFOLLOW) = 0
15435 1783939085.490602 newfstatat(AT_FDCWD, "/data/app/app.prav.client--gpolotLCdg-G2R3J5rhgg==/base.apk", {st_mode=S_IFREG|0644, st_size=32692263, ...}, AT_SYMLINK_NOFOLLOW) = 0
15435 1783939085.491262 getcwd("/", 4096) = 2
15435 1783939085.491643 newfstatat(AT_FDCWD, "/base.apk", 0x764c304690, AT_SYMLINK_NOFOLLOW) = -1 ENOENT (No such file or directory)
15415 1783939085.782206 recvfrom(40, 0x7fc3ae5860, 3200, MSG_DONTWAIT, NULL, NULL) = -1 EAGAIN (Try again)
15415 1783939085.792415 recvfrom(40, "nysv\0\0\0\0\0\0\0\0\0\0\0\0\20`\337\343\334\0\0\08\335\0\0\0\0\0\0", 3200, MSG_DONTWAIT, NULL, NULL) = 32
15415 1783939085.793000 recvfrom(40, 0x7fc3ae5be0, 3200, MSG_DONTWAIT, NULL, NULL) = -1 EAGAIN (Try again)
15415 1783939085.793989 recvfrom(55, 0x75eb9c2820, 2272, MSG_DONTWAIT, NULL, NULL) = -1 EAGAIN (Try again)
15415 1783939086.290530 recvfrom(40, 0x7fc3ae5860, 3200, MSG_DONTWAIT, NULL, NULL) = -1 EAGAIN (Try again)
15415 1783939086.310570 recvfrom(40, "nysv\0\0\0\0\0\0\0\0\0\0\0\0\346\4\253\2\335\0\0\0W\335\0\0\0\0\0\0", 3200, MSG_DONTWAIT, NULL, NULL) = 32
15415 1783939086.311418 recvfrom(40, 0x7fc3ae5be0, 3200, MSG_DONTWAIT, NULL, NULL) = -1 EAGAIN (Try again)
15415 1783939086.312502 recvfrom(55, 0x75eb9c2820, 2272, MSG_DONTWAIT, NULL, NULL) = -1 EAGAIN (Try again)
15415 1783939086.415146 clone(child_stack=0x764837bd40, flags=CLONE_VM|CLONE_FS|CLONE_FILES|CLONE_SIGHAND|CLONE_THREAD|CLONE_SYSVSEM|CLONE_SETTLS|CLONE_PARENT_SETTID|CLONE_CHILD_CLEARTID, parent_tidptr=0x764837bd60, tls=0x764837c020, child_tidptr=0x764837bd60) = 15502
15502 1783939086.416957 faccessat(AT_FDCWD, "/data/user/0/app.prav.client", F_OK) = 0
15502 1783939086.416996 faccessat(AT_FDCWD, "/data/user/0/app.prav.client/files", F_OK) = 0
15502 1783939086.417059 faccessat(AT_FDCWD, "/data/user/0/app.prav.client/files/profileinstaller_profileWrittenFor_lastUpdateTime.dat", F_OK) = 0
15502 1783939086.417099 openat(AT_FDCWD, "/data/user/0/app.prav.client/files/profileinstaller_profileWrittenFor_lastUpdateTime.dat", O_RDONLY) = 77
15502 1783939086.417152 getsockopt(77, SOL_SOCKET, SO_ERROR, 0x764837a254, [4]) = -1 ENOTSOCK (Socket operation on non-socket)
15502 1783939086.417293 newfstatat(AT_FDCWD, "/data/misc/profiles/ref/app.prav.client/primary.prof", 0x7648379c28, 0) = -1 ENOENT (No such file or directory)
15502 1783939086.417470 faccessat(AT_FDCWD, "/data/misc/profiles/ref/app.prav.client/primary.prof", F_OK) = -1 ENOENT (No such file or directory)
15502 1783939086.417519 newfstatat(AT_FDCWD, "/data/misc/profiles/cur/0/app.prav.client/primary.prof", {st_mode=S_IFREG|0600, st_size=13918, ...}, 0) = 0
15502 1783939086.417545 faccessat(AT_FDCWD, "/data/misc/profiles/cur/0/app.prav.client/primary.prof", F_OK) = 0
15502 1783939086.417625 faccessat(AT_FDCWD, "/data/user/0/app.prav.client/files", F_OK) = 0
15502 1783939086.417642 faccessat(AT_FDCWD, "/data/user/0/app.prav.client/files/profileInstalled", F_OK) = 0
15502 1783939086.417707 openat(AT_FDCWD, "/data/user/0/app.prav.client/files/profileInstalled", O_RDONLY) = 77
15502 1783939086.417780 getsockopt(77, SOL_SOCKET, SO_ERROR, 0x76483795a4, [4]) = -1 ENOTSOCK (Socket operation on non-socket)
15502 1783939086.417983 exit(0)         = ?
15502 1783939086.418009 +++ exited with 0 +++
15462 1783939086.470477 faccessat(AT_FDCWD, "/proc/self/task/15502", F_OK) = -1 ENOENT (No such file or directory)
15415 1783939086.797106 recvfrom(40, 0x7fc3ae5860, 3200, MSG_DONTWAIT, NULL, NULL) = -1 EAGAIN (Try again)
15415 1783939086.808700 recvfrom(40, "nysv\0\0\0\0\0\0\0\0\0\0\0\0\321\304x \335\0\0\0u\335\0\0\0\0\0\0", 3200, MSG_DONTWAIT, NULL, NULL) = 32
15415 1783939086.809305 recvfrom(40, 0x7fc3ae5be0, 3200, MSG_DONTWAIT, NULL, NULL) = -1 EAGAIN (Try again)
15415 1783939086.809913 recvfrom(55, 0x75eb9c2820, 2272, MSG_DONTWAIT, NULL, NULL) = -1 EAGAIN (Try again)
15415 1783939087.302772 recvfrom(40, 0x7fc3ae5860, 3200, MSG_DONTWAIT, NULL, NULL) = -1 EAGAIN (Try again)
15415 1783939087.309986 recvfrom(40, "nysv\0\0\0\0\0\0\0\0\0\0\0\0\276\316E>\335\0\0\0\223\335\0\0\0\0\0\0", 3200, MSG_DONTWAIT, NULL, NULL) = 32
15415 1783939087.310497 recvfrom(40, 0x7fc3ae5be0, 3200, MSG_DONTWAIT, NULL, NULL) = -1 EAGAIN (Try again)
15415 1783939087.311319 recvfrom(55, 0x75eb9c2820, 2272, MSG_DONTWAIT, NULL, NULL) = -1 EAGAIN (Try again)
15415 1783939087.809079 recvfrom(40, 0x7fc3ae5860, 3200, MSG_DONTWAIT, NULL, NULL) = -1 EAGAIN (Try again)
15415 1783939087.828358 recvfrom(40, "nysv\0\0\0\0\0\0\0\0\0\0\0\0\324\203\21]\335\0\0\0\262\335\0\0\0\0\0\0", 3200, MSG_DONTWAIT, NULL, NULL) = 32
15415 1783939087.828664 recvfrom(40, 0x7fc3ae5be0, 3200, MSG_DONTWAIT, NULL, NULL) = -1 EAGAIN (Try again)
15415 1783939087.829206 recvfrom(55, 0x75eb9c2820, 2272, MSG_DONTWAIT, NULL, NULL) = -1 EAGAIN (Try again)
15415 1783939088.313404 recvfrom(40, 0x7fc3ae5860, 3200, MSG_DONTWAIT, NULL, NULL) = -1 EAGAIN (Try again)
15415 1783939088.326436 recvfrom(40, "nysv\0\0\0\0\0\0\0\0\0\0\0\0\300\350\336z\335\0\0\0\320\335\0\0\0\0\0\0", 3200, MSG_DONTWAIT, NULL, NULL) = 32
15415 1783939088.327411 recvfrom(40, 0x7fc3ae5be0, 3200, MSG_DONTWAIT, NULL, NULL) = -1 EAGAIN (Try again)
15415 1783939088.328574 recvfrom(55, 0x75eb9c2820, 2272, MSG_DONTWAIT, NULL, NULL) = -1 EAGAIN (Try again)
15415 1783939088.817520 recvfrom(40, 0x7fc3ae5860, 3200, MSG_DONTWAIT, NULL, NULL) = -1 EAGAIN (Try again)
15415 1783939088.827566 recvfrom(40, "nysv\0\0\0\0\0\0\0\0\0\0\0\0\254M\254\230\335\0\0\0\356\335\0\0\0\0\0\0", 3200, MSG_DONTWAIT, NULL, NULL) = 32
15415 1783939088.828183 recvfrom(40, 0x7fc3ae5be0, 3200, MSG_DONTWAIT, NULL, NULL) = -1 EAGAIN (Try again)
15415 1783939088.829153 recvfrom(55, 0x75eb9c2820, 2272, MSG_DONTWAIT, NULL, NULL) = -1 EAGAIN (Try again)
15415 1783939089.321695 recvfrom(40, 0x7fc3ae5860, 3200, MSG_DONTWAIT, NULL, NULL) = -1 EAGAIN (Try again)
15415 1783939089.326328 recvfrom(40, "nysv\0\0\0\0\0\0\0\0\0\0\0\0\230\262y\266\335\0\0\0\f\336\0\0\0\0\0\0", 3200, MSG_DONTWAIT, NULL, NULL) = 32
15415 1783939089.326753 recvfrom(40, 0x7fc3ae5be0, 3200, MSG_DONTWAIT, NULL, NULL) = -1 EAGAIN (Try again)
15415 1783939089.327603 recvfrom(55, 0x75eb9c2820, 2272, MSG_DONTWAIT, NULL, NULL) = -1 EAGAIN (Try again)
15415 1783939089.826422 recvfrom(40, 0x7fc3ae5860, 3200, MSG_DONTWAIT, NULL, NULL) = -1 EAGAIN (Try again)
15415 1783939089.841658 recvfrom(40, "nysv\0\0\0\0\0\0\0\0\0\0\0\0`\360E\325\335\0\0\0+\336\0\0\0\0\0\0", 3200, MSG_DONTWAIT, NULL, NULL) = 32
15415 1783939089.842323 recvfrom(40, 0x7fc3ae5be0, 3200, MSG_DONTWAIT, NULL, NULL) = -1 EAGAIN (Try again)
15415 1783939089.843059 recvfrom(55, 0x75eb9c2820, 2272, MSG_DONTWAIT, NULL, NULL) = -1 EAGAIN (Try again)
15415 1783939090.331343 recvfrom(40, 0x7fc3ae5860, 3200, MSG_DONTWAIT, NULL, NULL) = -1 EAGAIN (Try again)
15415 1783939090.343935 recvfrom(40, "nysv\0\0\0\0\0\0\0\0\0\0\0\0\232\314\22\363\335\0\0\0I\336\0\0\0\0\0\0", 3200, MSG_DONTWAIT, NULL, NULL) = 32
15415 1783939090.344209 recvfrom(40, 0x7fc3ae5be0, 3200, MSG_DONTWAIT, NULL, NULL) = -1 EAGAIN (Try again)
15415 1783939090.344698 recvfrom(55, 0x75eb9c2820, 2272, MSG_DONTWAIT, NULL, NULL) = -1 EAGAIN (Try again)
15415 1783939090.832815 recvfrom(40, 0x7fc3ae5860, 3200, MSG_DONTWAIT, NULL, NULL) = -1 EAGAIN (Try again)
15415 1783939090.843409 recvfrom(40, "nysv\0\0\0\0\0\0\0\0\0\0\0\0003(\341\20\336\0\0\0g\336\0\0\0\0\0\0", 3200, MSG_DONTWAIT, NULL, NULL) = 32
15415 1783939090.843929 recvfrom(40, 0x7fc3ae5be0, 3200, MSG_DONTWAIT, NULL, NULL) = -1 EAGAIN (Try again)
15415 1783939090.844699 recvfrom(55, 0x75eb9c2820, 2272, MSG_DONTWAIT, NULL, NULL) = -1 EAGAIN (Try again)
15415 1783939091.338511 recvfrom(40, 0x7fc3ae5860, 3200, MSG_DONTWAIT, NULL, NULL) = -1 EAGAIN (Try again)
15415 1783939091.342000 recvfrom(40, "nysv\0\0\0\0\0\0\0\0\0\0\0\0#\260\255.\336\0\0\0\205\336\0\0\0\0\0\0", 3200, MSG_DONTWAIT, NULL, NULL) = 32
15415 1783939091.342422 recvfrom(40, 0x7fc3ae5be0, 3200, MSG_DONTWAIT, NULL, NULL) = -1 EAGAIN (Try again)
15415 1783939091.342805 recvfrom(55, 0x75eb9c2820, 2272, MSG_DONTWAIT, NULL, NULL) = -1 EAGAIN (Try again)
15415 1783939091.841942 recvfrom(40, 0x7fc3ae5860, 3200, MSG_DONTWAIT, NULL, NULL) = -1 EAGAIN (Try again)
15415 1783939091.858044 recvfrom(40, "nysv\0\0\0\0\0\0\0\0\0\0\0\0\33\314yM\336\0\0\0\244\336\0\0\0\0\0\0", 3200, MSG_DONTWAIT, NULL, NULL) = 32
15415 1783939091.858775 recvfrom(40, 0x7fc3ae5be0, 3200, MSG_DONTWAIT, NULL, NULL) = -1 EAGAIN (Try again)
15415 1783939091.859818 recvfrom(55, 0x75eb9c2820, 2272, MSG_DONTWAIT, NULL, NULL) = -1 EAGAIN (Try again)
15415 1783939092.349190 recvfrom(40, 0x7fc3ae5860, 3200, MSG_DONTWAIT, NULL, NULL) = -1 EAGAIN (Try again)
15415 1783939092.358702 recvfrom(40, "nysv\0\0\0\0\0\0\0\0\0\0\0\0T\314Fk\336\0\0\0\302\336\0\0\0\0\0\0", 3200, MSG_DONTWAIT, NULL, NULL) = 32
15415 1783939092.359264 recvfrom(40, 0x7fc3ae5be0, 3200, MSG_DONTWAIT, NULL, NULL) = -1 EAGAIN (Try again)
15415 1783939092.360253 recvfrom(55, 0x75eb9c2820, 2272, MSG_DONTWAIT, NULL, NULL) = -1 EAGAIN (Try again)
15415 1783939092.857346 recvfrom(40, 0x7fc3ae5860, 3200, MSG_DONTWAIT, NULL, NULL) = -1 EAGAIN (Try again)
15415 1783939092.876596 recvfrom(40, "nysv\0\0\0\0\0\0\0\0\0\0\0\0\212e\22\212\336\0\0\0\341\336\0\0\0\0\0\0", 3200, MSG_DONTWAIT, NULL, NULL) = 32
15415 1783939092.876763 recvfrom(40, 0x7fc3ae5be0, 3200, MSG_DONTWAIT, NULL, NULL) = -1 EAGAIN (Try again)
15415 1783939092.877049 recvfrom(55, 0x75eb9c2820, 2272, MSG_DONTWAIT, NULL, NULL) = -1 EAGAIN (Try again)
15415 1783939093.363180 recvfrom(40, 0x7fc3ae5860, 3200, MSG_DONTWAIT, NULL, NULL) = -1 EAGAIN (Try again)
15415 1783939093.377986 recvfrom(40, "nysv\0\0\0\0\0\0\0\0\0\0\0\0v\312\337\247\336\0\0\0\377\336\0\0\0\0\0\0", 3200, MSG_DONTWAIT, NULL, NULL) = 32
15415 1783939093.378537 recvfrom(40, 0x7fc3ae5be0, 3200, MSG_DONTWAIT, NULL, NULL) = -1 EAGAIN (Try again)
15415 1783939093.379361 recvfrom(55, 0x75eb9c2820, 2272, MSG_DONTWAIT, NULL, NULL) = -1 EAGAIN (Try again)
15415 1783939093.866261 recvfrom(40, 0x7fc3ae5860, 3200, MSG_DONTWAIT, NULL, NULL) = -1 EAGAIN (Try again)
15415 1783939093.874896 recvfrom(40, "nysv\0\0\0\0\0\0\0\0\0\0\0\0\25[\255\305\336\0\0\0\35\337\0\0\0\0\0\0", 3200, MSG_DONTWAIT, NULL, NULL) = 32
15415 1783939093.875394 recvfrom(40, 0x7fc3ae5be0, 3200, MSG_DONTWAIT, NULL, NULL) = -1 EAGAIN (Try again)
15415 1783939093.876074 recvfrom(55, 0x75eb9c2820, 2272, MSG_DONTWAIT, NULL, NULL) = -1 EAGAIN (Try again)
15415 1783939094.371744 recvfrom(40, 0x7fc3ae5860, 3200, MSG_DONTWAIT, NULL, NULL) = -1 EAGAIN (Try again)
15415 1783939094.376329 recvfrom(40, "nysv\0\0\0\0\0\0\0\0\0\0\0\0N\224z\343\336\0\0\0;\337\0\0\0\0\0\0", 3200, MSG_DONTWAIT, NULL, NULL) = 32
15415 1783939094.376775 recvfrom(40, 0x7fc3ae5be0, 3200, MSG_DONTWAIT, NULL, NULL) = -1 EAGAIN (Try again)
15415 1783939094.377612 recvfrom(55, 0x75eb9c2820, 2272, MSG_DONTWAIT, NULL, NULL) = -1 EAGAIN (Try again)
15415 1783939094.874883 recvfrom(40, 0x7fc3ae5860, 3200, MSG_DONTWAIT, NULL, NULL) = -1 EAGAIN (Try again)
15415 1783939094.893099 recvfrom(40, "nysv\0\0\0\0\0\0\0\0\0\0\0\0\325\20G\2\337\0\0\0Z\337\0\0\0\0\0\0", 3200, MSG_DONTWAIT, NULL, NULL) = 32
15415 1783939094.893640 recvfrom(40, 0x7fc3ae5be0, 3200, MSG_DONTWAIT, NULL, NULL) = -1 EAGAIN (Try again)
15415 1783939094.894650 recvfrom(55, 0x75eb9c2820, 2272, MSG_DONTWAIT, NULL, NULL) = -1 EAGAIN (Try again)
15415 1783939095.380738 recvfrom(40, 0x7fc3ae5860, 3200, MSG_DONTWAIT, NULL, NULL) = -1 EAGAIN (Try again)
15415 1783939095.393666 recvfrom(40, "nysv\0\0\0\0\0\0\0\0\0\0\0\0P\256\23 \337\0\0\0x\337\0\0\0\0\0\0", 3200, MSG_DONTWAIT, NULL, NULL) = 32
15415 1783939095.393829 recvfrom(40, 0x7fc3ae5be0, 3200, MSG_DONTWAIT, NULL, NULL) = -1 EAGAIN (Try again)
15415 1783939095.394259 recvfrom(55, 0x75eb9c2820, 2272, MSG_DONTWAIT, NULL, NULL) = -1 EAGAIN (Try again)
