14395 1784167395.930985 recvfrom(42, 0x7fda6f6950, 3200, MSG_DONTWAIT, NULL, NULL) = -1 EAGAIN (Try again)
14395 1784167395.952153 recvfrom(42, "nysv\0\0\0\0\0\0\0\0\0\0\0\0I?\242G\336\0\0\0\344\334\0\0\0\0\0\0", 3200, MSG_DONTWAIT, NULL, NULL) = 32
14395 1784167395.952367 recvfrom(42, 0x7fda6f6e30, 3200, MSG_DONTWAIT, NULL, NULL) = -1 EAGAIN (Try again)
14395 1784167395.953708 recvfrom(51, 0x7c1fb50c20, 2272, MSG_DONTWAIT, NULL, NULL) = -1 EAGAIN (Try again)
14395 1784167396.002970 recvfrom(42, 0x7fda6f6e80, 3200, MSG_DONTWAIT, NULL, NULL) = -1 EAGAIN (Try again)
14395 1784167396.012087 recvfrom(42, "nysv\0\0\0\0\0\0\0\0\0\0\0\0\21F\233K\336\0\0\0\350\334\0\0\0\0\0\0", 3200, MSG_DONTWAIT, NULL, NULL) = 32
14395 1784167396.013762 recvfrom(42, 0x7fda6f6e30, 3200, MSG_DONTWAIT, NULL, NULL) = -1 EAGAIN (Try again)
14395 1784167396.014290 recvfrom(51, 0x7c1fb50c20, 2272, MSG_DONTWAIT, NULL, NULL) = -1 EAGAIN (Try again)
14403 1784167396.843038 exit(0 <unfinished ...>
14404 1784167396.843147 exit(0)         = ?
14403 1784167396.843390 <... exit resumed>) = ?
14405 1784167396.843594 exit(0 <unfinished ...>
14404 1784167396.843614 +++ exited with 0 +++
14403 1784167396.843622 +++ exited with 0 +++
14405 1784167396.843748 <... exit resumed>) = ?
14405 1784167396.844083 +++ exited with 0 +++
14402 1784167396.844231 exit(0)         = ?
14402 1784167396.844536 +++ exited with 0 +++
14415 1784167396.844668 newfstatat(AT_FDCWD, "/data", {st_mode=S_IFDIR|0771, st_size=4096, ...}, AT_SYMLINK_NOFOLLOW) = 0
14415 1784167396.844717 newfstatat(AT_FDCWD, "/data/app", {st_mode=S_IFDIR|0771, st_size=4096, ...}, AT_SYMLINK_NOFOLLOW) = 0
14415 1784167396.844733 newfstatat(AT_FDCWD, "/data/app/cat.jordihernandez.cinecat-FhkYAv3KeSEktwznflJ3ww==", {st_mode=S_IFDIR|0775, st_size=4096, ...}, AT_SYMLINK_NOFOLLOW) = 0
14415 1784167396.844748 newfstatat(AT_FDCWD, "/data/app/cat.jordihernandez.cinecat-FhkYAv3KeSEktwznflJ3ww==/base.apk", {st_mode=S_IFREG|0644, st_size=647775, ...}, AT_SYMLINK_NOFOLLOW) = 0
14415 1784167396.844764 getcwd("/", 4096) = 2
14415 1784167396.844777 newfstatat(AT_FDCWD, "/base.apk", 0x7c7b948690, AT_SYMLINK_NOFOLLOW) = -1 ENOENT (No such file or directory)
14431 1784167396.945391 exit(0)         = ?
14431 1784167396.945786 +++ exited with 0 +++
14395 1784167397.933010 recvfrom(42, 0x7fda6f6950, 3200, MSG_DONTWAIT, NULL, NULL) = -1 EAGAIN (Try again)
14395 1784167397.951837 recvfrom(42, "nysv\0\0\0\0\0\0\0\0\0\0\0\0e\333\327\276\336\0\0\0X\335\0\0\0\0\0\0", 3200, MSG_DONTWAIT, NULL, NULL) = 32
14395 1784167397.952252 recvfrom(42, 0x7fda6f6e30, 3200, MSG_DONTWAIT, NULL, NULL) = -1 EAGAIN (Try again)
14395 1784167397.959710 recvfrom(51, 0x7c1fb50c20, 2272, MSG_DONTWAIT, NULL, NULL) = -1 EAGAIN (Try again)
14395 1784167397.989490 recvfrom(42, 0x7fda6f6e80, 3200, MSG_DONTWAIT, NULL, NULL) = -1 EAGAIN (Try again)
14395 1784167397.995739 recvfrom(42, "nysv\0\0\0\0\0\0\0\0\0\0\0\0\242c\323\301\336\0\0\0[\335\0\0\0\0\0\0", 3200, MSG_DONTWAIT, NULL, NULL) = 32
14395 1784167397.996119 recvfrom(42, 0x7fda6f6e30, 3200, MSG_DONTWAIT, NULL, NULL) = -1 EAGAIN (Try again)
14395 1784167397.996532 recvfrom(51, 0x7c1fb50c20, 2272, MSG_DONTWAIT, NULL, NULL) = -1 EAGAIN (Try again)
14395 1784167399.941254 recvfrom(42, 0x7fda6f6950, 3200, MSG_DONTWAIT, NULL, NULL) = -1 EAGAIN (Try again)
14395 1784167399.965619 recvfrom(42, "nysv\0\0\0\0\0\0\0\0\0\0\0\0\271p\r6\337\0\0\0\320\335\0\0\0\0\0\0", 3200, MSG_DONTWAIT, NULL, NULL) = 32
14395 1784167399.965924 recvfrom(42, 0x7fda6f6e30, 3200, MSG_DONTWAIT, NULL, NULL) = -1 EAGAIN (Try again)
14395 1784167399.973168 recvfrom(51, 0x7c1fb50c20, 2272, MSG_DONTWAIT, NULL, NULL) = -1 EAGAIN (Try again)
14395 1784167400.017649 recvfrom(42, 0x7fda6f6e80, 3200, MSG_DONTWAIT, NULL, NULL) = -1 EAGAIN (Try again)
14395 1784167400.028684 recvfrom(42, "nysv\0\0\0\0\0\0\0\0\0\0\0\0[T\6;\337\0\0\0\325\335\0\0\0\0\0\0", 3200, MSG_DONTWAIT, NULL, NULL) = 32
14395 1784167400.028883 recvfrom(42, 0x7fda6f6e30, 3200, MSG_DONTWAIT, NULL, NULL) = -1 EAGAIN (Try again)
14395 1784167400.029191 recvfrom(51, 0x7c1fb50c20, 2272, MSG_DONTWAIT, NULL, NULL) = -1 EAGAIN (Try again)
14395 1784167401.947590 recvfrom(42, 0x7fda6f6950, 3200, MSG_DONTWAIT, NULL, NULL) = -1 EAGAIN (Try again)
14395 1784167401.969145 recvfrom(42, "nysv\0\0\0\0\0\0\0\0\0\0\0\0oTA\256\337\0\0\0I\336\0\0\0\0\0\0", 3200, MSG_DONTWAIT, NULL, NULL) = 32
14395 1784167401.969462 recvfrom(42, 0x7fda6f6e30, 3200, MSG_DONTWAIT, NULL, NULL) = -1 EAGAIN (Try again)
14435 1784167409.664831 exit(0)         = ?
14435 1784167409.665169 +++ exited with 0 +++
14433 1784167409.715603 faccessat(AT_FDCWD, "/proc/self/task/14435", F_OK) = -1 ENOENT (No such file or directory)
