5384  1784113898.858842 accept4(54, NULL, NULL, SOCK_CLOEXEC <unfinished ...>
5366  1784113901.261725 exit(0)         = ?
5366  1784113901.262362 +++ exited with 0 +++
5365  1784113901.262369 exit(0 <unfinished ...>
5364  1784113901.262478 exit(0)         = ?
5364  1784113901.262975 +++ exited with 0 +++
5365  1784113901.263126 <... exit resumed>) = ?
5365  1784113901.263550 +++ exited with 0 +++
5363  1784113901.263775 exit(0)         = ?
5363  1784113901.264083 +++ exited with 0 +++
5377  1784113901.267336 newfstatat(AT_FDCWD, "/data", {st_mode=S_IFDIR|0771, st_size=4096, ...}, AT_SYMLINK_NOFOLLOW) = 0
5377  1784113901.267736 newfstatat(AT_FDCWD, "/data/app", {st_mode=S_IFDIR|0771, st_size=4096, ...}, AT_SYMLINK_NOFOLLOW) = 0
5377  1784113901.268106 newfstatat(AT_FDCWD, "/data/app/at.tomtasche.reader-2Mhc68MhHuZFyV7jSFRH4Q==", {st_mode=S_IFDIR|0775, st_size=4096, ...}, AT_SYMLINK_NOFOLLOW) = 0
5377  1784113901.268472 newfstatat(AT_FDCWD, "/data/app/at.tomtasche.reader-2Mhc68MhHuZFyV7jSFRH4Q==/base.apk", {st_mode=S_IFREG|0644, st_size=95555992, ...}, AT_SYMLINK_NOFOLLOW) = 0
5377  1784113901.268821 getcwd("/", 4096) = 2
5377  1784113901.269128 newfstatat(AT_FDCWD, "/base.apk", 0x70abe79690, AT_SYMLINK_NOFOLLOW) = -1 ENOENT (No such file or directory)
5356  1784113901.879074 clone(child_stack=0x705e12dd40, flags=CLONE_VM|CLONE_FS|CLONE_FILES|CLONE_SIGHAND|CLONE_THREAD|CLONE_SYSVSEM|CLONE_SETTLS|CLONE_PARENT_SETTID|CLONE_CHILD_CLEARTID, parent_tidptr=0x705e12dd60, tls=0x705e12e020, child_tidptr=0x705e12dd60) = 5444
5444  1784113901.887365 faccessat(AT_FDCWD, "/data/user/0/at.tomtasche.reader", F_OK) = 0
5444  1784113901.887693 faccessat(AT_FDCWD, "/data/user/0/at.tomtasche.reader/files", F_OK) = 0
5444  1784113901.888015 faccessat(AT_FDCWD, "/data/user/0/at.tomtasche.reader/files/profileinstaller_profileWrittenFor_lastUpdateTime.dat", F_OK) = 0
5444  1784113901.888346 openat(AT_FDCWD, "/data/user/0/at.tomtasche.reader/files/profileinstaller_profileWrittenFor_lastUpdateTime.dat", O_RDONLY) = 71
5444  1784113901.889703 getsockopt(71, SOL_SOCKET, SO_ERROR, 0x705e12cd24, [4]) = -1 ENOTSOCK (Socket operation on non-socket)
5444  1784113901.891002 newfstatat(AT_FDCWD, "/data/misc/profiles/ref/at.tomtasche.reader/primary.prof", 0x705e12c558, 0) = -1 ENOENT (No such file or directory)
5444  1784113901.891396 faccessat(AT_FDCWD, "/data/misc/profiles/ref/at.tomtasche.reader/primary.prof", F_OK) = -1 ENOENT (No such file or directory)
5444  1784113901.891704 newfstatat(AT_FDCWD, "/data/misc/profiles/cur/0/at.tomtasche.reader/primary.prof", {st_mode=S_IFREG|0600, st_size=2801, ...}, 0) = 0
5444  1784113901.891972 faccessat(AT_FDCWD, "/data/misc/profiles/cur/0/at.tomtasche.reader/primary.prof", F_OK) = 0
5444  1784113901.892579 faccessat(AT_FDCWD, "/data/user/0/at.tomtasche.reader/files", F_OK) = 0
5444  1784113901.892844 faccessat(AT_FDCWD, "/data/user/0/at.tomtasche.reader/files/profileInstalled", F_OK) = 0
5444  1784113901.893124 openat(AT_FDCWD, "/data/user/0/at.tomtasche.reader/files/profileInstalled", O_RDONLY) = 71
5444  1784113901.894649 getsockopt(71, SOL_SOCKET, SO_ERROR, 0x705e12bed4, [4]) = -1 ENOTSOCK (Socket operation on non-socket)
5444  1784113901.898643 exit(0)         = ?
5444  1784113901.898887 +++ exited with 0 +++
5402  1784113901.950725 faccessat(AT_FDCWD, "/proc/self/task/5444", F_OK) = -1 ENOENT (No such file or directory)
5356  1784113908.512377 recvfrom(47, "\2\0\0\0\0\0\0\0\316\7\0\0\0\0\0\0\300\3653\253m\2\0\0\1\0\0\0\2\20\0\0"..., 2272, MSG_DONTWAIT, NULL, NULL) = 232
5356  1784113908.512841 sendto(47, "\3\0\0\0\0\0\0\0\316\7\0\0\1\0\0\0", 16, MSG_DONTWAIT|MSG_NOSIGNAL, NULL, 0) = 16
5356  1784113908.513078 recvfrom(47, 0x70a6cdb820, 2272, MSG_DONTWAIT, NULL, NULL) = -1 EAGAIN (Try again)
5356  1784113908.513644 recvfrom(47, "\2\0\0\0\0\0\0\0\320\7\0\0\0\0\0\0\300\3653\253m\2\0\0\1\0\0\0\2\20\0\0"..., 2272, MSG_DONTWAIT, NULL, NULL) = 232
5356  1784113908.513829 recvfrom(38, 0x7fdaaa0440, 3200, MSG_DONTWAIT, NULL, NULL) = -1 EAGAIN (Try again)
5356  1784113908.514411 sendto(47, "\3\0\0\0\0\0\0\0\320\7\0\0\1\0\0\0", 16, MSG_DONTWAIT|MSG_NOSIGNAL, NULL, 0) = 16
5356  1784113908.514651 recvfrom(47, 0x70a6cdb820, 2272, MSG_DONTWAIT, NULL, NULL) = -1 EAGAIN (Try again)
5356  1784113908.523629 recvfrom(38, "nysv\0\0\0\0\0\0\0\0\0\0\0\0y\26\353\253m\2\0\0ek\2\0\0\0\0\0", 3200, MSG_DONTWAIT, NULL, NULL) = 32
5356  1784113908.523793 recvfrom(38, 0x7fdaaa3760, 3200, MSG_DONTWAIT, NULL, NULL) = -1 EAGAIN (Try again)
5356  1784113908.524109 recvfrom(47, 0x70a6cdb820, 2272, MSG_DONTWAIT, NULL, NULL) = -1 EAGAIN (Try again)
5356  1784113908.524267 recvfrom(38, 0x7fdaaa36c0, 3200, MSG_DONTWAIT, NULL, NULL) = -1 EAGAIN (Try again)
5356  1784113908.526746 socket(AF_UNIX, SOCK_DGRAM|SOCK_CLOEXEC|SOCK_NONBLOCK, 0) = 71
5356  1784113908.526975 setsockopt(71, SOL_SOCKET, SO_SNDBUF, [1048576], 4) = 0
5356  1784113908.527190 connect(71, {sa_family=AF_UNIX, sun_path="/dev/socket/statsdw"}, 110) = 0
5378  1784113908.535681 recvfrom(42, 0x705112ceb0, 3200, MSG_DONTWAIT, NULL, NULL) = -1 EAGAIN (Try again)
5356  1784113908.536226 openat(AT_FDCWD, "/system/priv-app/DocumentsUI/DocumentsUI.apk", O_RDONLY|O_CLOEXEC) = 74
5356  1784113908.536981 newfstatat(AT_FDCWD, "/system/priv-app/DocumentsUI/DocumentsUI.apk", {st_mode=S_IFREG|0644, st_size=5028639, ...}, 0) = 0
5378  1784113908.539384 recvfrom(42, "nysv\0\0\0\0\0\0\0\0\0\0\0\0o\271\351\254m\2\0\0fk\2\0\0\0\0\0", 3200, MSG_DONTWAIT, NULL, NULL) = 32
5378  1784113908.539936 recvfrom(42, 0x705112cc80, 3200, MSG_DONTWAIT, NULL, NULL) = -1 EAGAIN (Try again)
5378  1784113908.553500 recvfrom(42, 0x705112ceb0, 3200, MSG_DONTWAIT, NULL, NULL) = -1 EAGAIN (Try again)
5378  1784113908.556558 recvfrom(42, "nysv\0\0\0\0\0\0\0\0\0\0\0\0\36Y\350\255m\2\0\0gk\2\0\0\0\0\0", 3200, MSG_DONTWAIT, NULL, NULL) = 32
5378  1784113908.556819 recvfrom(42, 0x705112cc80, 3200, MSG_DONTWAIT, NULL, NULL) = -1 EAGAIN (Try again)
5406  1784113908.571049 sendmsg(72, {msg_name=NULL, msg_namelen=0, msg_iov=[{iov_base="l\1\1\1\24\1\0\0L\0\0\0\235\0\0\0\1\1o\0;\0\0\0/re/frid"..., iov_len=452}], msg_iovlen=1, msg_controllen=0, msg_flags=0}, MSG_NOSIGNAL) = 452
5378  1784113908.571586 recvfrom(42, 0x705112ceb0, 3200, MSG_DONTWAIT, NULL, NULL) = -1 EAGAIN (Try again)
5378  1784113908.573166 recvfrom(42, "nysv\0\0\0\0\0\0\0\0\0\0\0\0\324\370\346\256m\2\0\0hk\2\0\0\0\0\0", 3200, MSG_DONTWAIT, NULL, NULL) = 32
5378  1784113908.573410 recvfrom(42, 0x705112cc80, 3200, MSG_DONTWAIT, NULL, NULL) = -1 EAGAIN (Try again)
5378  1784113908.587511 recvfrom(42, 0x705112ceb0, 3200, MSG_DONTWAIT, NULL, NULL) = -1 EAGAIN (Try again)
5378  1784113908.590291 recvfrom(42, "nysv\0\0\0\0\0\0\0\0\0\0\0\0G\224\345\257m\2\0\0ik\2\0\0\0\0\0", 3200, MSG_DONTWAIT, NULL, NULL) = 32
5378  1784113908.590469 recvfrom(42, 0x705112cc80, 3200, MSG_DONTWAIT, NULL, NULL) = -1 EAGAIN (Try again)
5356  1784113908.595980 recvfrom(38, "nysv\0\0\0\0\0\0\0\0\0\0\0\0o\271\351\254m\2\0\0fk\2\0\0\0\0\0", 3200, MSG_DONTWAIT, NULL, NULL) = 32
5356  1784113908.596279 recvfrom(38, 0x7fdaaa3760, 3200, MSG_DONTWAIT, NULL, NULL) = -1 EAGAIN (Try again)
5356  1784113908.596556 recvfrom(76, 0x70a6d75020, 2272, MSG_DONTWAIT, NULL, NULL) = -1 EAGAIN (Try again)
5356  1784113908.596851 recvfrom(38, 0x7fdaaa36c0, 3200, MSG_DONTWAIT, NULL, NULL) = -1 EAGAIN (Try again)
5378  1784113908.605783 recvfrom(42, "nysv\0\0\0\0\0\0\0\0\0\0\0\0\2260\344\260m\2\0\0jk\2\0\0\0\0\0", 3200, MSG_DONTWAIT, NULL, NULL) = 32
5378  1784113908.606663 recvfrom(42, 0x705112ceb0, 3200, MSG_DONTWAIT, NULL, NULL) = -1 EAGAIN (Try again)
5378  1784113908.620574 recvfrom(42, 0x705112ceb0, 3200, MSG_DONTWAIT, NULL, NULL) = -1 EAGAIN (Try again)
5378  1784113908.631869 recvfrom(42, "nysv\0\0\0\0\0\0\0\0\0\0\0\0\223\312\342\261m\2\0\0kk\2\0\0\0\0\0", 3200, MSG_DONTWAIT, NULL, NULL) = 32
5378  1784113908.632119 recvfrom(42, 0x705112cc80, 3200, MSG_DONTWAIT, NULL, NULL) = -1 EAGAIN (Try again)
5378  1784113908.669645 recvfrom(42, 0x705112ceb0, 3200, MSG_DONTWAIT, NULL, NULL) = -1 EAGAIN (Try again)
5356  1784113908.671032 recvfrom(38, "nysv\0\0\0\0\0\0\0\0\0\0\0\0\2260\344\260m\2\0\0jk\2\0\0\0\0\0", 3200, MSG_DONTWAIT, NULL, NULL) = 32
5356  1784113908.671207 recvfrom(38, 0x7fdaaa3760, 3200, MSG_DONTWAIT, NULL, NULL) = -1 EAGAIN (Try again)
5378  1784113908.672990 recvfrom(42, "nysv\0\0\0\0\0\0\0\0\0\0\0\0S\323\336\264m\2\0\0nk\2\0\0\0\0\0", 3200, MSG_DONTWAIT, NULL, NULL) = 32
5378  1784113908.673267 recvfrom(42, 0x705112cc80, 3200, MSG_DONTWAIT, NULL, NULL) = -1 EAGAIN (Try again)
5378  1784113908.677373 recvfrom(42, 0x705112ceb0, 3200, MSG_DONTWAIT, NULL, NULL) = -1 EAGAIN (Try again)
5356  1784113908.680720 recvfrom(47, 0x70a6cdb820, 2272, MSG_DONTWAIT, NULL, NULL) = -1 EAGAIN (Try again)
5356  1784113908.680879 recvfrom(38, 0x7fdaaa36c0, 3200, MSG_DONTWAIT, NULL, NULL) = -1 EAGAIN (Try again)
5378  1784113908.693667 recvfrom(42, "nysv\0\0\0\0\0\0\0\0\0\0\0\0vj\335\265m\2\0\0ok\2\0\0\0\0\0", 3200, MSG_DONTWAIT, NULL, NULL) = 32
5378  1784113908.693968 recvfrom(42, 0x705112ceb0, 3200, MSG_DONTWAIT, NULL, NULL) = -1 EAGAIN (Try again)
5356  1784113908.697635 recvfrom(38, "nysv\0\0\0\0\0\0\0\0\0\0\0\0vj\335\265m\2\0\0ok\2\0\0\0\0\0", 3200, MSG_DONTWAIT, NULL, NULL) = 32
5356  1784113908.697886 recvfrom(38, 0x7fdaaa3760, 3200, MSG_DONTWAIT, NULL, NULL) = -1 EAGAIN (Try again)
5356  1784113908.703692 recvfrom(76, 0x70a6d75020, 2272, MSG_DONTWAIT, NULL, NULL) = -1 EAGAIN (Try again)
5356  1784113908.703898 recvfrom(47, 0x70a6cdb820, 2272, MSG_DONTWAIT, NULL, NULL) = -1 EAGAIN (Try again)
5356  1784113908.704105 recvfrom(38, 0x7fdaaa36c0, 3200, MSG_DONTWAIT, NULL, NULL) = -1 EAGAIN (Try again)
5378  1784113908.718665 recvfrom(42, "nysv\0\0\0\0\0\0\0\0\0\0\0\0V\377\333\266m\2\0\0pk\2\0\0\0\0\0", 3200, MSG_DONTWAIT, NULL, NULL) = 32
5378  1784113908.718830 recvfrom(42, 0x705112ceb0, 3200, MSG_DONTWAIT, NULL, NULL) = -1 EAGAIN (Try again)
5378  1784113908.733712 recvfrom(42, "nysv\0\0\0\0\0\0\0\0\0\0\0\0\224\222\332\267m\2\0\0qk\2\0\0\0\0\0", 3200, MSG_DONTWAIT, NULL, NULL) = 32
5378  1784113908.733874 recvfrom(42, 0x705112ceb0, 3200, MSG_DONTWAIT, NULL, NULL) = -1 EAGAIN (Try again)
5356  1784113908.737693 recvfrom(38, "nysv\0\0\0\0\0\0\0\0\0\0\0\0V\377\333\266m\2\0\0pk\2\0\0\0\0\0", 3200, MSG_DONTWAIT, NULL, NULL) = 32
5356  1784113908.737913 recvfrom(38, 0x7fdaaa3760, 3200, MSG_DONTWAIT, NULL, NULL) = -1 EAGAIN (Try again)
5356  1784113908.738569 recvfrom(38, 0x7fdaaa36c0, 3200, MSG_DONTWAIT, NULL, NULL) = -1 EAGAIN (Try again)
5378  1784113908.753089 recvfrom(42, "nysv\0\0\0\0\0\0\0\0\0\0\0\0003\37\331\270m\2\0\0rk\2\0\0\0\0\0", 3200, MSG_DONTWAIT, NULL, NULL) = 32
5378  1784113908.753258 recvfrom(42, 0x705112ceb0, 3200, MSG_DONTWAIT, NULL, NULL) = -1 EAGAIN (Try again)
5356  1784113908.762617 recvfrom(38, "nysv\0\0\0\0\0\0\0\0\0\0\0\0003\37\331\270m\2\0\0rk\2\0\0\0\0\0", 3200, MSG_DONTWAIT, NULL, NULL) = 32
5356  1784113908.763017 recvfrom(38, 0x7fdaaa3760, 3200, MSG_DONTWAIT, NULL, NULL) = -1 EAGAIN (Try again)
5356  1784113908.763428 recvfrom(76, 0x70a6d75020, 2272, MSG_DONTWAIT, NULL, NULL) = -1 EAGAIN (Try again)
5356  1784113908.763855 recvfrom(38, 0x7fdaaa36c0, 3200, MSG_DONTWAIT, NULL, NULL) = -1 EAGAIN (Try again)
5356  1784113908.773579 recvfrom(38, "nysv\0\0\0\0\0\0\0\0\0\0\0\0\356B\326\272m\2\0\0tk\2\0\0\0\0\0", 3200, MSG_DONTWAIT, NULL, NULL) = 32
5356  1784113908.773784 recvfrom(38, 0x7fdaaa3760, 3200, MSG_DONTWAIT, NULL, NULL) = -1 EAGAIN (Try again)
5356  1784113908.774649 recvfrom(38, 0x7fdaaa36c0, 3200, MSG_DONTWAIT, NULL, NULL) = -1 EAGAIN (Try again)
5378  1784113908.786428 recvfrom(42, "nysv\0\0\0\0\0\0\0\0\0\0\0\0\332\260\327\271m\2\0\0sk\2\0\0\0\0\0", 3200, MSG_DONTWAIT, NULL, NULL) = 32
5378  1784113908.786597 recvfrom(42, 0x705112ceb0, 3200, MSG_DONTWAIT, NULL, NULL) = -1 EAGAIN (Try again)
5356  1784113908.790137 recvfrom(38, "nysv\0\0\0\0\0\0\0\0\0\0\0\0\311\323\324\273m\2\0\0uk\2\0\0\0\0\0", 3200, MSG_DONTWAIT, NULL, NULL) = 32
5356  1784113908.790420 recvfrom(38, 0x7fdaaa3760, 3200, MSG_DONTWAIT, NULL, NULL) = -1 EAGAIN (Try again)
5356  1784113908.795298 recvfrom(38, 0x7fdaaa36c0, 3200, MSG_DONTWAIT, NULL, NULL) = -1 EAGAIN (Try again)
5378  1784113908.802915 recvfrom(42, "nysv\0\0\0\0\0\0\0\0\0\0\0\0\311\323\324\273m\2\0\0uk\2\0\0\0\0\0", 3200, MSG_DONTWAIT, NULL, NULL) = 32
5378  1784113908.803079 recvfrom(42, 0x705112ceb0, 3200, MSG_DONTWAIT, NULL, NULL) = -1 EAGAIN (Try again)
5356  1784113908.807073 recvfrom(38, "nysv\0\0\0\0\0\0\0\0\0\0\0\0\276a\323\274m\2\0\0vk\2\0\0\0\0\0", 3200, MSG_DONTWAIT, NULL, NULL) = 32
5356  1784113908.807298 recvfrom(38, 0x7fdaaa3760, 3200, MSG_DONTWAIT, NULL, NULL) = -1 EAGAIN (Try again)
5356  1784113908.812458 recvfrom(38, 0x7fdaaa36c0, 3200, MSG_DONTWAIT, NULL, NULL) = -1 EAGAIN (Try again)
5378  1784113908.818851 recvfrom(42, "nysv\0\0\0\0\0\0\0\0\0\0\0\0\276a\323\274m\2\0\0vk\2\0\0\0\0\0", 3200, MSG_DONTWAIT, NULL, NULL) = 32
5378  1784113908.819011 recvfrom(42, 0x705112ceb0, 3200, MSG_DONTWAIT, NULL, NULL) = -1 EAGAIN (Try again)
5356  1784113908.825933 recvfrom(38, "nysv\0\0\0\0\0\0\0\0\0\0\0\0\373\355\321\275m\2\0\0wk\2\0\0\0\0\0", 3200, MSG_DONTWAIT, NULL, NULL) = 32
5356  1784113908.826266 recvfrom(38, 0x7fdaaa3760, 3200, MSG_DONTWAIT, NULL, NULL) = -1 EAGAIN (Try again)
5356  1784113908.828226 recvfrom(38, 0x7fdaaa36c0, 3200, MSG_DONTWAIT, NULL, NULL) = -1 EAGAIN (Try again)
5378  1784113908.832249 recvfrom(42, "nysv\0\0\0\0\0\0\0\0\0\0\0\0\373\355\321\275m\2\0\0wk\2\0\0\0\0\0", 3200, MSG_DONTWAIT, NULL, NULL) = 32
5378  1784113908.832399 recvfrom(42, 0x705112ceb0, 3200, MSG_DONTWAIT, NULL, NULL) = -1 EAGAIN (Try again)
5356  1784113908.840628 recvfrom(38, "nysv\0\0\0\0\0\0\0\0\0\0\0\0cy\320\276m\2\0\0xk\2\0\0\0\0\0", 3200, MSG_DONTWAIT, NULL, NULL) = 32
5356  1784113908.842160 recvfrom(38, 0x7fdaaa3760, 3200, MSG_DONTWAIT, NULL, NULL) = -1 EAGAIN (Try again)
5356  1784113908.842430 recvfrom(38, 0x7fdaaa36c0, 3200, MSG_DONTWAIT, NULL, NULL) = -1 EAGAIN (Try again)
5378  1784113908.847111 recvfrom(42, "nysv\0\0\0\0\0\0\0\0\0\0\0\0cy\320\276m\2\0\0xk\2\0\0\0\0\0", 3200, MSG_DONTWAIT, NULL, NULL) = 32
5378  1784113908.847311 recvfrom(42, 0x705112ceb0, 3200, MSG_DONTWAIT, NULL, NULL) = -1 EAGAIN (Try again)
5356  1784113908.856947 recvfrom(38, "nysv\0\0\0\0\0\0\0\0\0\0\0\0\222\371\316\277m\2\0\0yk\2\0\0\0\0\0", 3200, MSG_DONTWAIT, NULL, NULL) = 32
5356  1784113908.857828 recvfrom(38, 0x7fdaaa3760, 3200, MSG_DONTWAIT, NULL, NULL) = -1 EAGAIN (Try again)
5356  1784113908.858404 recvfrom(38, 0x7fdaaa36c0, 3200, MSG_DONTWAIT, NULL, NULL) = -1 EAGAIN (Try again)
5378  1784113908.863595 recvfrom(42, "nysv\0\0\0\0\0\0\0\0\0\0\0\0\222\371\316\277m\2\0\0yk\2\0\0\0\0\0", 3200, MSG_DONTWAIT, NULL, NULL) = 32
5378  1784113908.863761 recvfrom(42, 0x705112ceb0, 3200, MSG_DONTWAIT, NULL, NULL) = -1 EAGAIN (Try again)
5356  1784113908.873931 recvfrom(38, "nysv\0\0\0\0\0\0\0\0\0\0\0\0[]\315\300m\2\0\0zk\2\0\0\0\0\0", 3200, MSG_DONTWAIT, NULL, NULL) = 32
5356  1784113908.874283 recvfrom(38, 0x7fdaaa3760, 3200, MSG_DONTWAIT, NULL, NULL) = -1 EAGAIN (Try again)
5356  1784113908.874719 recvfrom(38, 0x7fdaaa36c0, 3200, MSG_DONTWAIT, NULL, NULL) = -1 EAGAIN (Try again)
5378  1784113908.880361 recvfrom(42, "nysv\0\0\0\0\0\0\0\0\0\0\0\0[]\315\300m\2\0\0zk\2\0\0\0\0\0", 3200, MSG_DONTWAIT, NULL, NULL) = 32
5378  1784113908.880571 recvfrom(42, 0x705112ceb0, 3200, MSG_DONTWAIT, NULL, NULL) = -1 EAGAIN (Try again)
5356  1784113908.890326 recvfrom(38, "nysv\0\0\0\0\0\0\0\0\0\0\0\0\375\303\313\301m\2\0\0{k\2\0\0\0\0\0", 3200, MSG_DONTWAIT, NULL, NULL) = 32
5356  1784113908.890702 recvfrom(38, 0x7fdaaa3760, 3200, MSG_DONTWAIT, NULL, NULL) = -1 EAGAIN (Try again)
5378  1784113908.894731 recvfrom(42, "nysv\0\0\0\0\0\0\0\0\0\0\0\0\375\303\313\301m\2\0\0{k\2\0\0\0\0\0", 3200, MSG_DONTWAIT, NULL, NULL) = 32
5378  1784113908.894874 recvfrom(42, 0x705112ceb0, 3200, MSG_DONTWAIT, NULL, NULL) = -1 EAGAIN (Try again)
5378  1784113908.909983 recvfrom(42, "nysv\0\0\0\0\0\0\0\0\0\0\0\0\37\37\312\302m\2\0\0|k\2\0\0\0\0\0", 3200, MSG_DONTWAIT, NULL, NULL) = 32
5378  1784113908.910121 recvfrom(42, 0x705112cc80, 3200, MSG_DONTWAIT, NULL, NULL) = -1 EAGAIN (Try again)
5356  1784113910.289630 recvfrom(38, 0x7fdaaa34f0, 3200, MSG_DONTWAIT, NULL, NULL) = -1 EAGAIN (Try again)
5356  1784113910.306278 recvfrom(38, "nysv\0\0\0\0\0\0\0\0\0\0\0\0\245\0166\26n\2\0\0\317k\2\0\0\0\0\0", 3200, MSG_DONTWAIT, NULL, NULL) = 32
5356  1784113910.306553 recvfrom(38, 0x7fdaaa3760, 3200, MSG_DONTWAIT, NULL, NULL) = -1 EAGAIN (Try again)
5356  1784113910.307054 recvfrom(76, 0x70a6d75020, 2272, MSG_DONTWAIT, NULL, NULL) = -1 EAGAIN (Try again)
5356  1784113910.307640 recvfrom(38, 0x7fdaaa2610, 3200, MSG_DONTWAIT, NULL, NULL) = -1 EAGAIN (Try again)
5356  1784113910.322885 recvfrom(38, "nysv\0\0\0\0\0\0\0\0\0\0\0\0b\2524\27n\2\0\0\320k\2\0\0\0\0\0", 3200, MSG_DONTWAIT, NULL, NULL) = 32
5356  1784113910.323208 recvfrom(38, 0x7fdaaa3760, 3200, MSG_DONTWAIT, NULL, NULL) = -1 EAGAIN (Try again)
5356  1784113910.323839 recvfrom(76, 0x70a6d75020, 2272, MSG_DONTWAIT, NULL, NULL) = -1 EAGAIN (Try again)
5356  1784113910.328162 recvfrom(38, 0x7fdaaa2610, 3200, MSG_DONTWAIT, NULL, NULL) = -1 EAGAIN (Try again)
5356  1784113910.339776 recvfrom(38, "nysv\0\0\0\0\0\0\0\0\0\0\0\0\24223\30n\2\0\0\321k\2\0\0\0\0\0", 3200, MSG_DONTWAIT, NULL, NULL) = 32
5356  1784113910.339989 recvfrom(38, 0x7fdaaa3760, 3200, MSG_DONTWAIT, NULL, NULL) = -1 EAGAIN (Try again)
5356  1784113910.340572 recvfrom(76, 0x70a6d75020, 2272, MSG_DONTWAIT, NULL, NULL) = -1 EAGAIN (Try again)
5356  1784113910.341085 recvfrom(38, 0x7fdaaa2610, 3200, MSG_DONTWAIT, NULL, NULL) = -1 EAGAIN (Try again)
5356  1784113910.356849 recvfrom(38, "nysv\0\0\0\0\0\0\0\0\0\0\0\0004\2361\31n\2\0\0\322k\2\0\0\0\0\0", 3200, MSG_DONTWAIT, NULL, NULL) = 32
5356  1784113910.357076 recvfrom(38, 0x7fdaaa3760, 3200, MSG_DONTWAIT, NULL, NULL) = -1 EAGAIN (Try again)
5356  1784113910.357685 recvfrom(76, 0x70a6d75020, 2272, MSG_DONTWAIT, NULL, NULL) = -1 EAGAIN (Try again)
5356  1784113910.358029 recvfrom(38, 0x7fdaaa2610, 3200, MSG_DONTWAIT, NULL, NULL) = -1 EAGAIN (Try again)
5356  1784113910.372756 recvfrom(38, "nysv\0\0\0\0\0\0\0\0\0\0\0\0\222<0\32n\2\0\0\323k\2\0\0\0\0\0", 3200, MSG_DONTWAIT, NULL, NULL) = 32
5356  1784113910.373051 recvfrom(38, 0x7fdaaa3760, 3200, MSG_DONTWAIT, NULL, NULL) = -1 EAGAIN (Try again)
5356  1784113910.373536 recvfrom(76, 0x70a6d75020, 2272, MSG_DONTWAIT, NULL, NULL) = -1 EAGAIN (Try again)
5356  1784113910.377579 recvfrom(38, 0x7fdaaa2610, 3200, MSG_DONTWAIT, NULL, NULL) = -1 EAGAIN (Try again)
5356  1784113910.389936 recvfrom(38, "nysv\0\0\0\0\0\0\0\0\0\0\0\0#\276.\33n\2\0\0\324k\2\0\0\0\0\0", 3200, MSG_DONTWAIT, NULL, NULL) = 32
5356  1784113910.390324 recvfrom(38, 0x7fdaaa3760, 3200, MSG_DONTWAIT, NULL, NULL) = -1 EAGAIN (Try again)
5356  1784113910.390622 recvfrom(76, 0x70a6d75020, 2272, MSG_DONTWAIT, NULL, NULL) = -1 EAGAIN (Try again)
5356  1784113910.392368 recvfrom(38, 0x7fdaaa2610, 3200, MSG_DONTWAIT, NULL, NULL) = -1 EAGAIN (Try again)
5356  1784113910.407579 recvfrom(38, "nysv\0\0\0\0\0\0\0\0\0\0\0\0J\v-\34n\2\0\0\325k\2\0\0\0\0\0", 3200, MSG_DONTWAIT, NULL, NULL) = 32
5356  1784113910.407992 recvfrom(38, 0x7fdaaa3760, 3200, MSG_DONTWAIT, NULL, NULL) = -1 EAGAIN (Try again)
5356  1784113910.408266 recvfrom(76, 0x70a6d75020, 2272, MSG_DONTWAIT, NULL, NULL) = -1 EAGAIN (Try again)
5356  1784113910.411986 recvfrom(38, 0x7fdaaa2610, 3200, MSG_DONTWAIT, NULL, NULL) = -1 EAGAIN (Try again)
5356  1784113910.424154 recvfrom(38, "nysv\0\0\0\0\0\0\0\0\0\0\0\0\305_+\35n\2\0\0\326k\2\0\0\0\0\0", 3200, MSG_DONTWAIT, NULL, NULL) = 32
5356  1784113910.424415 recvfrom(38, 0x7fdaaa3760, 3200, MSG_DONTWAIT, NULL, NULL) = -1 EAGAIN (Try again)
5356  1784113910.424812 recvfrom(76, 0x70a6d75020, 2272, MSG_DONTWAIT, NULL, NULL) = -1 EAGAIN (Try again)
5356  1784113910.427603 recvfrom(38, 0x7fdaaa2610, 3200, MSG_DONTWAIT, NULL, NULL) = -1 EAGAIN (Try again)
5356  1784113910.440558 recvfrom(38, "nysv\0\0\0\0\0\0\0\0\0\0\0\0l\270)\36n\2\0\0\327k\2\0\0\0\0\0", 3200, MSG_DONTWAIT, NULL, NULL) = 32
5356  1784113910.440840 recvfrom(38, 0x7fdaaa3760, 3200, MSG_DONTWAIT, NULL, NULL) = -1 EAGAIN (Try again)
5356  1784113910.441355 recvfrom(76, 0x70a6d75020, 2272, MSG_DONTWAIT, NULL, NULL) = -1 EAGAIN (Try again)
5356  1784113910.443606 recvfrom(38, 0x7fdaaa2610, 3200, MSG_DONTWAIT, NULL, NULL) = -1 EAGAIN (Try again)
5356  1784113910.457168 recvfrom(38, "nysv\0\0\0\0\0\0\0\0\0\0\0\0\206\22(\37n\2\0\0\330k\2\0\0\0\0\0", 3200, MSG_DONTWAIT, NULL, NULL) = 32
5356  1784113910.457517 recvfrom(38, 0x7fdaaa3760, 3200, MSG_DONTWAIT, NULL, NULL) = -1 EAGAIN (Try again)
5356  1784113910.457948 recvfrom(76, 0x70a6d75020, 2272, MSG_DONTWAIT, NULL, NULL) = -1 EAGAIN (Try again)
5356  1784113910.460830 recvfrom(38, 0x7fdaaa2610, 3200, MSG_DONTWAIT, NULL, NULL) = -1 EAGAIN (Try again)
5356  1784113910.473614 recvfrom(38, "nysv\0\0\0\0\0\0\0\0\0\0\0\0\36{& n\2\0\0\331k\2\0\0\0\0\0", 3200, MSG_DONTWAIT, NULL, NULL) = 32
5356  1784113910.473837 recvfrom(38, 0x7fdaaa3760, 3200, MSG_DONTWAIT, NULL, NULL) = -1 EAGAIN (Try again)
5356  1784113910.474291 recvfrom(76, 0x70a6d75020, 2272, MSG_DONTWAIT, NULL, NULL) = -1 EAGAIN (Try again)
5356  1784113910.474585 recvfrom(38, 0x7fdaaa2610, 3200, MSG_DONTWAIT, NULL, NULL) = -1 EAGAIN (Try again)
5356  1784113910.489420 recvfrom(38, "nysv\0\0\0\0\0\0\0\0\0\0\0\0%\31%!n\2\0\0\332k\2\0\0\0\0\0", 3200, MSG_DONTWAIT, NULL, NULL) = 32
5356  1784113910.489757 recvfrom(38, 0x7fdaaa3760, 3200, MSG_DONTWAIT, NULL, NULL) = -1 EAGAIN (Try again)
5356  1784113910.490990 recvfrom(76, 0x70a6d75020, 2272, MSG_DONTWAIT, NULL, NULL) = -1 EAGAIN (Try again)
5356  1784113910.495557 recvfrom(38, 0x7fdaaa2610, 3200, MSG_DONTWAIT, NULL, NULL) = -1 EAGAIN (Try again)
5356  1784113910.506018 recvfrom(38, "nysv\0\0\0\0\0\0\0\0\0\0\0\0%\265#\"n\2\0\0\333k\2\0\0\0\0\0", 3200, MSG_DONTWAIT, NULL, NULL) = 32
5356  1784113910.506574 recvfrom(38, 0x7fdaaa3760, 3200, MSG_DONTWAIT, NULL, NULL) = -1 EAGAIN (Try again)
5356  1784113910.510350 recvfrom(76, 0x70a6d75020, 2272, MSG_DONTWAIT, NULL, NULL) = -1 EAGAIN (Try again)
5356  1784113910.513202 recvfrom(38, 0x7fdaaa2610, 3200, MSG_DONTWAIT, NULL, NULL) = -1 EAGAIN (Try again)
5356  1784113910.523050 recvfrom(38, "nysv\0\0\0\0\0\0\0\0\0\0\0\0T<\"#n\2\0\0\334k\2\0\0\0\0\0", 3200, MSG_DONTWAIT, NULL, NULL) = 32
5356  1784113910.523434 recvfrom(38, 0x7fdaaa3760, 3200, MSG_DONTWAIT, NULL, NULL) = -1 EAGAIN (Try again)
5356  1784113910.523964 recvfrom(76, 0x70a6d75020, 2272, MSG_DONTWAIT, NULL, NULL) = -1 EAGAIN (Try again)
5356  1784113910.524300 recvfrom(38, 0x7fdaaa2610, 3200, MSG_DONTWAIT, NULL, NULL) = -1 EAGAIN (Try again)
5356  1784113910.539709 recvfrom(38, "nysv\0\0\0\0\0\0\0\0\0\0\0\0\213\366 $n\2\0\0\335k\2\0\0\0\0\0", 3200, MSG_DONTWAIT, NULL, NULL) = 32
5356  1784113910.540066 recvfrom(38, 0x7fdaaa3760, 3200, MSG_DONTWAIT, NULL, NULL) = -1 EAGAIN (Try again)
5356  1784113910.540556 recvfrom(76, 0x70a6d75020, 2272, MSG_DONTWAIT, NULL, NULL) = -1 EAGAIN (Try again)
5356  1784113910.543524 recvfrom(38, 0x7fdaaa2610, 3200, MSG_DONTWAIT, NULL, NULL) = -1 EAGAIN (Try again)
5356  1784113910.556661 recvfrom(38, "nysv\0\0\0\0\0\0\0\0\0\0\0\0\262t\37%n\2\0\0\336k\2\0\0\0\0\0", 3200, MSG_DONTWAIT, NULL, NULL) = 32
5356  1784113910.557108 recvfrom(38, 0x7fdaaa3760, 3200, MSG_DONTWAIT, NULL, NULL) = -1 EAGAIN (Try again)
5356  1784113910.557394 recvfrom(76, 0x70a6d75020, 2272, MSG_DONTWAIT, NULL, NULL) = -1 EAGAIN (Try again)
5405  1784113914.077914 exit(0)         = ?
5405  1784113914.078283 +++ exited with 0 +++
5402  1784113914.129466 faccessat(AT_FDCWD, "/proc/self/task/5405", F_OK) = -1 ENOENT (No such file or directory)
