25321 1784088812.218662 exit(0)         = ?
25321 1784088812.218748 +++ exited with 0 +++
25320 1784088812.222213 exit(0 <unfinished ...>
25319 1784088812.222241 exit(0 <unfinished ...>
25320 1784088812.222323 <... exit resumed>) = ?
25319 1784088812.222560 <... exit resumed>) = ?
25320 1784088812.222634 +++ exited with 0 +++
25319 1784088812.222717 +++ exited with 0 +++
25318 1784088812.223083 exit(0)         = ?
25318 1784088812.223418 +++ exited with 0 +++
25334 1784088812.226463 newfstatat(AT_FDCWD, "/data", {st_mode=S_IFDIR|0771, st_size=4096, ...}, AT_SYMLINK_NOFOLLOW) = 0
25334 1784088812.226801 newfstatat(AT_FDCWD, "/data/app", {st_mode=S_IFDIR|0771, st_size=4096, ...}, AT_SYMLINK_NOFOLLOW) = 0
25334 1784088812.227117 newfstatat(AT_FDCWD, "/data/app/biz.binarysolutions.stress-SxnpcxGZHBB7-U0jx27BpQ==", {st_mode=S_IFDIR|0775, st_size=4096, ...}, AT_SYMLINK_NOFOLLOW) = 0
25334 1784088812.227412 newfstatat(AT_FDCWD, "/data/app/biz.binarysolutions.stress-SxnpcxGZHBB7-U0jx27BpQ==/base.apk", {st_mode=S_IFREG|0644, st_size=956165, ...}, AT_SYMLINK_NOFOLLOW) = 0
25334 1784088812.227887 getcwd("/", 4096) = 2
25334 1784088812.228334 newfstatat(AT_FDCWD, "/base.apk", 0x71c09b9690, AT_SYMLINK_NOFOLLOW) = -1 ENOENT (No such file or directory)
25314 1784088812.874329 clone(child_stack=0x71bdbfbd40, flags=CLONE_VM|CLONE_FS|CLONE_FILES|CLONE_SIGHAND|CLONE_THREAD|CLONE_SYSVSEM|CLONE_SETTLS|CLONE_PARENT_SETTID|CLONE_CHILD_CLEARTID, parent_tidptr=0x71bdbfbd60, tls=0x71bdbfc020, child_tidptr=0x71bdbfbd60) = 25396
25396 1784088812.881415 faccessat(AT_FDCWD, "/data/user/0/biz.binarysolutions.stress", F_OK) = 0
25396 1784088812.881674 faccessat(AT_FDCWD, "/data/user/0/biz.binarysolutions.stress/files", F_OK) = 0
25396 1784088812.882037 faccessat(AT_FDCWD, "/data/user/0/biz.binarysolutions.stress/files/profileinstaller_profileWrittenFor_lastUpdateTime.dat", F_OK) = 0
25396 1784088812.882419 openat(AT_FDCWD, "/data/user/0/biz.binarysolutions.stress/files/profileinstaller_profileWrittenFor_lastUpdateTime.dat", O_RDONLY) = 66
25396 1784088812.883783 getsockopt(66, SOL_SOCKET, SO_ERROR, 0x71bdbfad14, [4]) = -1 ENOTSOCK (Socket operation on non-socket)
25396 1784088812.884885 newfstatat(AT_FDCWD, "/data/misc/profiles/ref/biz.binarysolutions.stress/primary.prof", 0x71bdbfa548, 0) = -1 ENOENT (No such file or directory)
25396 1784088812.885203 faccessat(AT_FDCWD, "/data/misc/profiles/ref/biz.binarysolutions.stress/primary.prof", F_OK) = -1 ENOENT (No such file or directory)
25396 1784088812.885522 newfstatat(AT_FDCWD, "/data/misc/profiles/cur/0/biz.binarysolutions.stress/primary.prof", {st_mode=S_IFREG|0600, st_size=2464, ...}, 0) = 0
25396 1784088812.885807 faccessat(AT_FDCWD, "/data/misc/profiles/cur/0/biz.binarysolutions.stress/primary.prof", F_OK) = 0
25396 1784088812.886434 faccessat(AT_FDCWD, "/data/user/0/biz.binarysolutions.stress/files", F_OK) = 0
25396 1784088812.886690 faccessat(AT_FDCWD, "/data/user/0/biz.binarysolutions.stress/files/profileInstalled", F_OK) = 0
25396 1784088812.886975 openat(AT_FDCWD, "/data/user/0/biz.binarysolutions.stress/files/profileInstalled", O_RDONLY) = 66
25396 1784088812.888579 getsockopt(66, SOL_SOCKET, SO_ERROR, 0x71bdbf9ec4, [4]) = -1 ENOTSOCK (Socket operation on non-socket)
25396 1784088812.892464 exit(0)         = ?
25396 1784088812.892700 +++ exited with 0 +++
25351 1784088812.943416 faccessat(AT_FDCWD, "/proc/self/task/25396", F_OK) = -1 ENOENT (No such file or directory)
25314 1784088821.113165 recvfrom(45, "\2\0\0\0\0\0\0\0\37\23\0\0\0\0\0\0\300\262\324k\267\3\0\0\1\0\0\0\2\20\0\0"..., 2272, MSG_DONTWAIT, NULL, NULL) = 232
25314 1784088821.114484 sendto(45, "\3\0\0\0\0\0\0\0\37\23\0\0\1\0\0\0", 16, MSG_DONTWAIT|MSG_NOSIGNAL, NULL, 0) = 16
25314 1784088821.114716 recvfrom(45, 0x7250e7ac20, 2272, MSG_DONTWAIT, NULL, NULL) = -1 EAGAIN (Try again)
25314 1784088821.115427 recvfrom(45, "\2\0\0\0\0\0\0\0!\23\0\0\0\0\0\0\300\262\324k\267\3\0\0\1\0\0\0\2\20\0\0"..., 2272, MSG_DONTWAIT, NULL, NULL) = 232
25314 1784088821.115808 sendto(45, "\3\0\0\0\0\0\0\0!\23\0\0\1\0\0\0", 16, MSG_DONTWAIT|MSG_NOSIGNAL, NULL, 0) = 16
25314 1784088821.116022 recvfrom(45, 0x7250e7ac20, 2272, MSG_DONTWAIT, NULL, NULL) = -1 EAGAIN (Try again)
25314 1784088821.116538 socket(AF_UNIX, SOCK_DGRAM|SOCK_CLOEXEC|SOCK_NONBLOCK, 0) = 66
25314 1784088821.116729 setsockopt(66, SOL_SOCKET, SO_SNDBUF, [1048576], 4) = 0
25314 1784088821.116959 connect(66, {sa_family=AF_UNIX, sun_path="/dev/socket/statsdw"}, 110) = 0
25353 1784088825.011227 exit(0)         = ?
25353 1784088825.011591 +++ exited with 0 +++
25351 1784088825.062410 faccessat(AT_FDCWD, "/proc/self/task/25353", F_OK) = -1 ENOENT (No such file or directory)
