19799 1784167876.794598 recvfrom(42, 0x7fda6f6950, 3200, MSG_DONTWAIT, NULL, NULL) = -1 EAGAIN (Try again)
19799 1784167876.817937 recvfrom(42, "nysv\0\0\0\0\0\0\0\0\0\0\0\0\255\32\205=N\1\0\0WL\1\0\0\0\0\0", 3200, MSG_DONTWAIT, NULL, NULL) = 32
19799 1784167876.818245 recvfrom(42, 0x7fda6f6e30, 3200, MSG_DONTWAIT, NULL, NULL) = -1 EAGAIN (Try again)
19799 1784167876.819428 recvfrom(51, 0x7c1f681c20, 2272, MSG_DONTWAIT, NULL, NULL) = -1 EAGAIN (Try again)
19799 1784167876.836212 recvfrom(42, 0x7fda6f6e80, 3200, MSG_DONTWAIT, NULL, NULL) = -1 EAGAIN (Try again)
19799 1784167876.845142 recvfrom(42, "nysv\0\0\0\0\0\0\0\0\0\0\0\0\1\273\201?N\1\0\0YL\1\0\0\0\0\0", 3200, MSG_DONTWAIT, NULL, NULL) = 32
19799 1784167876.845636 recvfrom(42, 0x7fda6f6e30, 3200, MSG_DONTWAIT, NULL, NULL) = -1 EAGAIN (Try again)
19799 1784167876.846060 recvfrom(51, 0x7c1f681c20, 2272, MSG_DONTWAIT, NULL, NULL) = -1 EAGAIN (Try again)
19806 1784167877.682330 exit(0)         = ?
19806 1784167877.682519 +++ exited with 0 +++
19807 1784167877.685040 exit(0)         = ?
19807 1784167877.685643 +++ exited with 0 +++
19809 1784167877.685811 exit(0 <unfinished ...>
19808 1784167877.685817 exit(0 <unfinished ...>
19809 1784167877.685988 <... exit resumed>) = ?
19808 1784167877.685992 <... exit resumed>) = ?
19809 1784167877.686173 +++ exited with 0 +++
19808 1784167877.686182 +++ exited with 0 +++
19819 1784167877.688502 newfstatat(AT_FDCWD, "/data", {st_mode=S_IFDIR|0771, st_size=4096, ...}, AT_SYMLINK_NOFOLLOW) = 0
19819 1784167877.688937 newfstatat(AT_FDCWD, "/data/app", {st_mode=S_IFDIR|0771, st_size=4096, ...}, AT_SYMLINK_NOFOLLOW) = 0
19819 1784167877.689304 newfstatat(AT_FDCWD, "/data/app/cat.jordihernandez.cinecat-n0qCMOh1vsdr4GTsViEBJg==", {st_mode=S_IFDIR|0775, st_size=4096, ...}, AT_SYMLINK_NOFOLLOW) = 0
19819 1784167877.689625 newfstatat(AT_FDCWD, "/data/app/cat.jordihernandez.cinecat-n0qCMOh1vsdr4GTsViEBJg==/base.apk", {st_mode=S_IFREG|0644, st_size=647775, ...}, AT_SYMLINK_NOFOLLOW) = 0
19819 1784167877.689942 getcwd("/", 4096) = 2
19819 1784167877.690246 newfstatat(AT_FDCWD, "/base.apk", 0x7c76c03690, AT_SYMLINK_NOFOLLOW) = -1 ENOENT (No such file or directory)
19824 1784167877.769510 exit(0)         = ?
19824 1784167877.769881 +++ exited with 0 +++
19799 1784167878.799308 recvfrom(42, 0x7fda6f6950, 3200, MSG_DONTWAIT, NULL, NULL) = -1 EAGAIN (Try again)
19799 1784167878.820062 recvfrom(42, "nysv\0\0\0\0\0\0\0\0\0\0\0\0\336\270\272\264N\1\0\0\315L\1\0\0\0\0\0", 3200, MSG_DONTWAIT, NULL, NULL) = 32
19799 1784167878.820344 recvfrom(42, 0x7fda6f6e30, 3200, MSG_DONTWAIT, NULL, NULL) = -1 EAGAIN (Try again)
19799 1784167878.821408 recvfrom(51, 0x7c1f681c20, 2272, MSG_DONTWAIT, NULL, NULL) = -1 EAGAIN (Try again)
19799 1784167878.843191 recvfrom(42, 0x7fda6f6e80, 3200, MSG_DONTWAIT, NULL, NULL) = -1 EAGAIN (Try again)
19799 1784167878.861005 recvfrom(42, "nysv\0\0\0\0\0\0\0\0\0\0\0\0\253\214\266\267N\1\0\0\320L\1\0\0\0\0\0", 3200, MSG_DONTWAIT, NULL, NULL) = 32
19799 1784167878.861581 recvfrom(42, 0x7fda6f6e30, 3200, MSG_DONTWAIT, NULL, NULL) = -1 EAGAIN (Try again)
19799 1784167878.861924 recvfrom(51, 0x7c1f681c20, 2272, MSG_DONTWAIT, NULL, NULL) = -1 EAGAIN (Try again)
19799 1784167880.808719 recvfrom(42, 0x7fda6f6950, 3200, MSG_DONTWAIT, NULL, NULL) = -1 EAGAIN (Try again)
19799 1784167880.826509 recvfrom(42, "nysv\0\0\0\0\0\0\0\0\0\0\0\0\221,\360+O\1\0\0AM\1\0\0\0\0\0", 3200, MSG_DONTWAIT, NULL, NULL) = 32
19799 1784167880.827331 recvfrom(42, 0x7fda6f6e30, 3200, MSG_DONTWAIT, NULL, NULL) = -1 EAGAIN (Try again)
19799 1784167880.833933 recvfrom(42, 0x7fda6f6c60, 3200, MSG_DONTWAIT, NULL, NULL) = -1 EAGAIN (Try again)
19799 1784167880.845207 recvfrom(42, "nysv\0\0\0\0\0\0\0\0\0\0\0\0P\31\355-O\1\0\0CM\1\0\0\0\0\0", 3200, MSG_DONTWAIT, NULL, NULL) = 32
19799 1784167880.845970 recvfrom(42, 0x7fda6f6e30, 3200, MSG_DONTWAIT, NULL, NULL) = -1 EAGAIN (Try again)
19799 1784167880.846395 recvfrom(51, 0x7c1f681c20, 2272, MSG_DONTWAIT, NULL, NULL) = -1 EAGAIN (Try again)
19799 1784167880.861589 recvfrom(42, 0x7fda6f6e80, 3200, MSG_DONTWAIT, NULL, NULL) = -1 EAGAIN (Try again)
19799 1784167880.877662 recvfrom(42, "nysv\0\0\0\0\0\0\0\0\0\0\0\0\221H\352/O\1\0\0EM\1\0\0\0\0\0", 3200, MSG_DONTWAIT, NULL, NULL) = 32
19799 1784167880.878255 recvfrom(42, 0x7fda6f6e30, 3200, MSG_DONTWAIT, NULL, NULL) = -1 EAGAIN (Try again)
19799 1784167880.878619 recvfrom(51, 0x7c1f681c20, 2272, MSG_DONTWAIT, NULL, NULL) = -1 EAGAIN (Try again)
19799 1784167882.819156 recvfrom(42, 0x7fda6f6950, 3200, MSG_DONTWAIT, NULL, NULL) = -1 EAGAIN (Try again)
19799 1784167882.839242 recvfrom(42, "nysv\0\0\0\0\0\0\0\0\0\0\0\0%\6$\244O\1\0\0\271M\1\0\0\0\0\0", 3200, MSG_DONTWAIT, NULL, NULL) = 32
19799 1784167882.839558 recvfrom(42, 0x7fda6f6e30, 3200, MSG_DONTWAIT, NULL, NULL) = -1 EAGAIN (Try again)
19838 1784167890.491141 exit(0)         = ?
19838 1784167890.491236 +++ exited with 0 +++
19836 1784167890.545879 faccessat(AT_FDCWD, "/proc/self/task/19838", F_OK) = -1 ENOENT (No such file or directory)
