25566 1784093389.630538 exit(0)         = ?
25566 1784093389.630654 +++ exited with 0 +++
25564 1784093389.630675 exit(0)         = ?
25564 1784093389.630710 +++ exited with 0 +++
25567 1784093389.632960 exit(0)         = ?
25567 1784093389.633365 +++ exited with 0 +++
25565 1784093389.633720 exit(0)         = ?
25565 1784093389.634051 +++ exited with 0 +++
25577 1784093389.635518 newfstatat(AT_FDCWD, "/data", {st_mode=S_IFDIR|0771, st_size=4096, ...}, AT_SYMLINK_NOFOLLOW) = 0
25577 1784093389.635774 newfstatat(AT_FDCWD, "/data/app", {st_mode=S_IFDIR|0771, st_size=4096, ...}, AT_SYMLINK_NOFOLLOW) = 0
25577 1784093389.636018 newfstatat(AT_FDCWD, "/data/app/bluepie.ad_silence-vZReluStRJjKeTrXJ32GDQ==", {st_mode=S_IFDIR|0775, st_size=4096, ...}, AT_SYMLINK_NOFOLLOW) = 0
25577 1784093389.636250 newfstatat(AT_FDCWD, "/data/app/bluepie.ad_silence-vZReluStRJjKeTrXJ32GDQ==/base.apk", {st_mode=S_IFREG|0644, st_size=175552, ...}, AT_SYMLINK_NOFOLLOW) = 0
25577 1784093389.636494 getcwd("/", 4096) = 2
25577 1784093389.636782 newfstatat(AT_FDCWD, "/base.apk", 0x7a750c3690, AT_SYMLINK_NOFOLLOW) = -1 ENOENT (No such file or directory)
25590 1784093402.441553 exit(0)         = ?
25590 1784093402.441905 +++ exited with 0 +++
25588 1784093402.499320 faccessat(AT_FDCWD, "/proc/self/task/25590", F_OK) = -1 ENOENT (No such file or directory)
25557 1784093405.801277 recvfrom(46, "\2\0\0\0\0\0\0\0\207\n\0\0\0\0\0\0\300k\321\316S\3\0\0\1\0\0\0\2\20\0\0"..., 2272, MSG_DONTWAIT, NULL, NULL) = 232
25557 1784093405.801804 sendto(46, "\3\0\0\0\0\0\0\0\207\n\0\0\1\0\0\0", 16, MSG_DONTWAIT|MSG_NOSIGNAL, NULL, 0) = 16
25557 1784093405.801988 recvfrom(46, "\2\0\0\0\0\0\0\0\211\n\0\0\0\0\0\0\300k\321\316S\3\0\0\1\0\0\0\2\20\0\0"..., 2272, MSG_DONTWAIT, NULL, NULL) = 232
25557 1784093405.802267 recvfrom(43, 0x7fc2dd14c0, 3200, MSG_DONTWAIT, NULL, NULL) = -1 EAGAIN (Try again)
25591 1784093405.818456 sendmsg(66, {msg_name=NULL, msg_namelen=0, msg_iov=[{iov_base="l\1\1\1\374\0\0\0L\0\0\0\235\0\0\0\1\1o\0;\0\0\0/re/frid"..., iov_len=428}], msg_iovlen=1, msg_controllen=0, msg_flags=0}, MSG_NOSIGNAL) = 428
25591 1784093405.825440 sendmsg(66, {msg_name=NULL, msg_namelen=0, msg_iov=[{iov_base="l\1\1\1\0\1\0\0M\0\0\0\235\0\0\0\1\1o\0;\0\0\0/re/frid"..., iov_len=432}], msg_iovlen=1, msg_controllen=0, msg_flags=0}, MSG_NOSIGNAL) = 432
25557 1784093405.826635 sendto(46, "\3\0\0\0\0\0\0\0\211\n\0\0\1\0\0\0", 16, MSG_DONTWAIT|MSG_NOSIGNAL, NULL, 0) = 16
25557 1784093405.827193 recvfrom(46, 0x7a6fcdb820, 2272, MSG_DONTWAIT, NULL, NULL) = -1 EAGAIN (Try again)
25557 1784093405.828231 socket(AF_UNIX, SOCK_DGRAM|SOCK_CLOEXEC|SOCK_NONBLOCK, 0) = 65
25557 1784093405.828459 setsockopt(65, SOL_SOCKET, SO_SNDBUF, [1048576], 4) = 0
25557 1784093405.828822 connect(65, {sa_family=AF_UNIX, sun_path="/dev/socket/statsdw"}, 110) = 0
25557 1784093405.893413 recvfrom(43, "nysv\0\0\0\0\0\0\0\0\0\0\0\0\245Y\322\317S\3\0\0001Q\3\0\0\0\0\0", 3200, MSG_DONTWAIT, NULL, NULL) = 32
25557 1784093405.893563 recvfrom(43, 0x7fc2dd2d30, 3200, MSG_DONTWAIT, NULL, NULL) = -1 EAGAIN (Try again)
25557 1784093405.893709 recvfrom(69, 0x7a19cf0820, 2272, MSG_DONTWAIT, NULL, NULL) = -1 EAGAIN (Try again)
25557 1784093405.893850 recvfrom(43, 0x7fc2dd2c90, 3200, MSG_DONTWAIT, NULL, NULL) = -1 EAGAIN (Try again)
25591 1784093405.898657 sendmsg(66, {msg_name=NULL, msg_namelen=0, msg_iov=[{iov_base="l\1\1\1\374\0\0\0N\0\0\0\235\0\0\0\1\1o\0;\0\0\0/re/frid"..., iov_len=428}], msg_iovlen=1, msg_controllen=0, msg_flags=0}, MSG_NOSIGNAL) = 428
25591 1784093405.912632 sendmsg(66, {msg_name=NULL, msg_namelen=0, msg_iov=[{iov_base="l\1\1\1\0\1\0\0O\0\0\0\235\0\0\0\1\1o\0;\0\0\0/re/frid"..., iov_len=432}], msg_iovlen=1, msg_controllen=0, msg_flags=0}, MSG_NOSIGNAL) = 432
25591 1784093405.928452 sendmsg(66, {msg_name=NULL, msg_namelen=0, msg_iov=[{iov_base="l\1\1\1\374\0\0\0P\0\0\0\235\0\0\0\1\1o\0;\0\0\0/re/frid"..., iov_len=428}], msg_iovlen=1, msg_controllen=0, msg_flags=0}, MSG_NOSIGNAL) = 428
25591 1784093405.935865 sendmsg(66, {msg_name=NULL, msg_namelen=0, msg_iov=[{iov_base="l\1\1\1\0\1\0\0Q\0\0\0\235\0\0\0\1\1o\0;\0\0\0/re/frid"..., iov_len=432}], msg_iovlen=1, msg_controllen=0, msg_flags=0}, MSG_NOSIGNAL) = 432
25557 1784093405.946556 recvfrom(43, "nysv\0\0\0\0\0\0\0\0\0\0\0\0\244\367\312\324S\3\0\0006Q\3\0\0\0\0\0", 3200, MSG_DONTWAIT, NULL, NULL) = 32
25557 1784093405.946706 recvfrom(43, 0x7fc2dd2d30, 3200, MSG_DONTWAIT, NULL, NULL) = -1 EAGAIN (Try again)
25591 1784093405.963556 sendmsg(66, {msg_name=NULL, msg_namelen=0, msg_iov=[{iov_base="l\1\1\1\374\0\0\0R\0\0\0\235\0\0\0\1\1o\0;\0\0\0/re/frid"..., iov_len=428}], msg_iovlen=1, msg_controllen=0, msg_flags=0}, MSG_NOSIGNAL) = 428
25591 1784093405.972919 sendmsg(66, {msg_name=NULL, msg_namelen=0, msg_iov=[{iov_base="l\1\1\1\0\1\0\0S\0\0\0\235\0\0\0\1\1o\0;\0\0\0/re/frid"..., iov_len=432}], msg_iovlen=1, msg_controllen=0, msg_flags=0}, MSG_NOSIGNAL) = 432
25557 1784093405.979436 recvfrom(69, 0x7a19cf0820, 2272, MSG_DONTWAIT, NULL, NULL) = -1 EAGAIN (Try again)
25557 1784093405.979592 recvfrom(43, 0x7fc2dd2c90, 3200, MSG_DONTWAIT, NULL, NULL) = -1 EAGAIN (Try again)
25557 1784093405.984821 recvfrom(43, "nysv\0\0\0\0\0\0\0\0\0\0\0\0j\232\302\331S\3\0\0;Q\3\0\0\0\0\0", 3200, MSG_DONTWAIT, NULL, NULL) = 32
25557 1784093405.985066 recvfrom(43, 0x7fc2dd2d30, 3200, MSG_DONTWAIT, NULL, NULL) = -1 EAGAIN (Try again)
25557 1784093405.985470 recvfrom(69, 0x7a19cf0820, 2272, MSG_DONTWAIT, NULL, NULL) = -1 EAGAIN (Try again)
25557 1784093405.985606 recvfrom(46, 0x7a6fcdb820, 2272, MSG_DONTWAIT, NULL, NULL) = -1 EAGAIN (Try again)
25557 1784093405.987251 recvfrom(43, 0x7fc2dd2c90, 3200, MSG_DONTWAIT, NULL, NULL) = -1 EAGAIN (Try again)
25557 1784093406.005391 recvfrom(43, "nysv\0\0\0\0\0\0\0\0\0\0\0\0p\376\300\332S\3\0\0<Q\3\0\0\0\0\0", 3200, MSG_DONTWAIT, NULL, NULL) = 32
25557 1784093406.005545 recvfrom(43, 0x7fc2dd2d30, 3200, MSG_DONTWAIT, NULL, NULL) = -1 EAGAIN (Try again)
25557 1784093406.006501 recvfrom(43, 0x7fc2dd2c90, 3200, MSG_DONTWAIT, NULL, NULL) = -1 EAGAIN (Try again)
25557 1784093406.017424 recvfrom(43, "nysv\0\0\0\0\0\0\0\0\0\0\0\0\362\230\277\333S\3\0\0=Q\3\0\0\0\0\0", 3200, MSG_DONTWAIT, NULL, NULL) = 32
25557 1784093406.017662 recvfrom(43, 0x7fc2dd2d30, 3200, MSG_DONTWAIT, NULL, NULL) = -1 EAGAIN (Try again)
25557 1784093406.018019 recvfrom(43, 0x7fc2dd2c90, 3200, MSG_DONTWAIT, NULL, NULL) = -1 EAGAIN (Try again)
25557 1784093406.035793 recvfrom(43, "nysv\0\0\0\0\0\0\0\0\0\0\0\0p\302\275\334S\3\0\0>Q\3\0\0\0\0\0", 3200, MSG_DONTWAIT, NULL, NULL) = 32
25557 1784093406.036147 recvfrom(43, 0x7fc2dd2d30, 3200, MSG_DONTWAIT, NULL, NULL) = -1 EAGAIN (Try again)
25557 1784093406.036551 recvfrom(43, 0x7fc2dd2c90, 3200, MSG_DONTWAIT, NULL, NULL) = -1 EAGAIN (Try again)
25557 1784093406.050895 recvfrom(43, "nysv\0\0\0\0\0\0\0\0\0\0\0\0hI\274\335S\3\0\0?Q\3\0\0\0\0\0", 3200, MSG_DONTWAIT, NULL, NULL) = 32
25557 1784093406.051193 recvfrom(43, 0x7fc2dd2d30, 3200, MSG_DONTWAIT, NULL, NULL) = -1 EAGAIN (Try again)
25557 1784093406.051570 recvfrom(43, 0x7fc2dd2c90, 3200, MSG_DONTWAIT, NULL, NULL) = -1 EAGAIN (Try again)
25557 1784093406.068744 recvfrom(43, "nysv\0\0\0\0\0\0\0\0\0\0\0\0\317\214\272\336S\3\0\0@Q\3\0\0\0\0\0", 3200, MSG_DONTWAIT, NULL, NULL) = 32
25557 1784093406.069069 recvfrom(43, 0x7fc2dd2d30, 3200, MSG_DONTWAIT, NULL, NULL) = -1 EAGAIN (Try again)
25557 1784093423.667928 recvfrom(69, "\2\0\0\0\0\0\0\0\215\n\0\0\0\0\0\0\2004\306\367W\3\0\0\1\0\0\0\2\20\0\0"..., 2272, MSG_DONTWAIT, NULL, NULL) = 232
25557 1784093423.668208 recvfrom(43, 0x7fc2dd1260, 3200, MSG_DONTWAIT, NULL, NULL) = -1 EAGAIN (Try again)
25591 1784093423.673936 sendmsg(66, {msg_name=NULL, msg_namelen=0, msg_iov=[{iov_base="l\1\1\1\374\0\0\0T\0\0\0\235\0\0\0\1\1o\0;\0\0\0/re/frid"..., iov_len=428}], msg_iovlen=1, msg_controllen=0, msg_flags=0}, MSG_NOSIGNAL) = 428
25591 1784093423.681235 sendmsg(66, {msg_name=NULL, msg_namelen=0, msg_iov=[{iov_base="l\1\1\1\0\1\0\0U\0\0\0\235\0\0\0\1\1o\0;\0\0\0/re/frid"..., iov_len=432}], msg_iovlen=1, msg_controllen=0, msg_flags=0}, MSG_NOSIGNAL) = 432
25557 1784093423.681328 sendto(69, "\3\0\0\0\0\0\0\0\215\n\0\0\1\0\0\0", 16, MSG_DONTWAIT|MSG_NOSIGNAL, NULL, 0) = 16
25557 1784093423.682046 recvfrom(69, "\2\0\0\0\0\0\0\0\217\n\0\0\0\0\0\0\2004\306\367W\3\0\0\1\0\0\0\2\20\0\0"..., 2272, MSG_DONTWAIT, NULL, NULL) = 232
25557 1784093423.682461 sendto(69, "\3\0\0\0\0\0\0\0\217\n\0\0\1\0\0\0", 16, MSG_DONTWAIT|MSG_NOSIGNAL, NULL, 0) = 16
25557 1784093423.682719 recvfrom(69, 0x7a19cf0820, 2272, MSG_DONTWAIT, NULL, NULL) = -1 EAGAIN (Try again)
25557 1784093423.692073 recvfrom(43, "nysv\0\0\0\0\0\0\0\0\0\0\0\0\334 \302\370W\3\0\0TU\3\0\0\0\0\0", 3200, MSG_DONTWAIT, NULL, NULL) = 32
25557 1784093423.692207 recvfrom(43, 0x7fc2dd2d30, 3200, MSG_DONTWAIT, NULL, NULL) = -1 EAGAIN (Try again)
25591 1784093423.696832 sendmsg(66, {msg_name=NULL, msg_namelen=0, msg_iov=[{iov_base="l\1\1\1\374\0\0\0V\0\0\0\235\0\0\0\1\1o\0;\0\0\0/re/frid"..., iov_len=428}], msg_iovlen=1, msg_controllen=0, msg_flags=0}, MSG_NOSIGNAL) = 428
25591 1784093423.713863 sendmsg(66, {msg_name=NULL, msg_namelen=0, msg_iov=[{iov_base="l\1\1\1\0\1\0\0W\0\0\0\235\0\0\0\1\1o\0;\0\0\0/re/frid"..., iov_len=432}], msg_iovlen=1, msg_controllen=0, msg_flags=0}, MSG_NOSIGNAL) = 432
25557 1784093423.715213 recvfrom(43, 0x7fc2dd2c90, 3200, MSG_DONTWAIT, NULL, NULL) = -1 EAGAIN (Try again)
25557 1784093423.726885 recvfrom(43, "nysv\0\0\0\0\0\0\0\0\0\0\0\0J\372\276\372W\3\0\0VU\3\0\0\0\0\0", 3200, MSG_DONTWAIT, NULL, NULL) = 32
25557 1784093423.727522 recvfrom(43, 0x7fc2dd2d30, 3200, MSG_DONTWAIT, NULL, NULL) = -1 EAGAIN (Try again)
25557 1784093423.728174 recvfrom(70, 0x7a19cf1420, 2272, MSG_DONTWAIT, NULL, NULL) = -1 EAGAIN (Try again)
25557 1784093423.728322 recvfrom(43, 0x7fc2dd2c90, 3200, MSG_DONTWAIT, NULL, NULL) = -1 EAGAIN (Try again)
25557 1784093423.750057 recvfrom(43, "nysv\0\0\0\0\0\0\0\0\0\0\0\0tJ\275\373W\3\0\0WU\3\0\0\0\0\0", 3200, MSG_DONTWAIT, NULL, NULL) = 32
25557 1784093423.750225 recvfrom(43, 0x7fc2dd2d30, 3200, MSG_DONTWAIT, NULL, NULL) = -1 EAGAIN (Try again)
25557 1784093423.751606 recvfrom(43, 0x7fc2dd2c90, 3200, MSG_DONTWAIT, NULL, NULL) = -1 EAGAIN (Try again)
25557 1784093423.767915 recvfrom(43, "nysv\0\0\0\0\0\0\0\0\0\0\0\0\34>\272\375W\3\0\0YU\3\0\0\0\0\0", 3200, MSG_DONTWAIT, NULL, NULL) = 32
25557 1784093423.768269 recvfrom(43, 0x7fc2dd2d30, 3200, MSG_DONTWAIT, NULL, NULL) = -1 EAGAIN (Try again)
25557 1784093423.768744 recvfrom(70, 0x7a19cf1420, 2272, MSG_DONTWAIT, NULL, NULL) = -1 EAGAIN (Try again)
25557 1784093423.771293 recvfrom(43, 0x7fc2dd2c90, 3200, MSG_DONTWAIT, NULL, NULL) = -1 EAGAIN (Try again)
25557 1784093423.785012 recvfrom(43, "nysv\0\0\0\0\0\0\0\0\0\0\0\0\263\220\270\376W\3\0\0ZU\3\0\0\0\0\0", 3200, MSG_DONTWAIT, NULL, NULL) = 32
25557 1784093423.785298 recvfrom(43, 0x7fc2dd2d30, 3200, MSG_DONTWAIT, NULL, NULL) = -1 EAGAIN (Try again)
25557 1784093423.785765 recvfrom(43, 0x7fc2dd2c90, 3200, MSG_DONTWAIT, NULL, NULL) = -1 EAGAIN (Try again)
25557 1784093423.801383 recvfrom(43, "nysv\0\0\0\0\0\0\0\0\0\0\0\0\237\360\266\377W\3\0\0[U\3\0\0\0\0\0", 3200, MSG_DONTWAIT, NULL, NULL) = 32
25557 1784093423.801638 recvfrom(43, 0x7fc2dd2d30, 3200, MSG_DONTWAIT, NULL, NULL) = -1 EAGAIN (Try again)
25557 1784093424.196916 recvfrom(43, 0x7fc2dd2240, 3200, MSG_DONTWAIT, NULL, NULL) = -1 EAGAIN (Try again)
25557 1784093424.201987 recvfrom(43, "nysv\0\0\0\0\0\0\0\0\0\0\0\0\321\267\217\27X\3\0\0sU\3\0\0\0\0\0", 3200, MSG_DONTWAIT, NULL, NULL) = 32
25557 1784093424.202506 recvfrom(43, 0x7fc2dd2d30, 3200, MSG_DONTWAIT, NULL, NULL) = -1 EAGAIN (Try again)
25557 1784093424.203170 recvfrom(69, 0x7a19cf0820, 2272, MSG_DONTWAIT, NULL, NULL) = -1 EAGAIN (Try again)
25557 1784093425.693782 recvfrom(43, 0x7fc2dd2850, 3200, MSG_DONTWAIT, NULL, NULL) = -1 EAGAIN (Try again)
25557 1784093425.702102 recvfrom(43, "nysv\0\0\0\0\0\0\0\0\0\0\0\0\"?\366pX\3\0\0\315U\3\0\0\0\0\0", 3200, MSG_DONTWAIT, NULL, NULL) = 32
25557 1784093425.702567 recvfrom(43, 0x7fc2dd2d30, 3200, MSG_DONTWAIT, NULL, NULL) = -1 EAGAIN (Try again)
25557 1784093441.313905 recvfrom(69, "\2\0\0\0\0\0\0\0\223\n\0\0\0\0\0\0\0\314\216\23\\\3\0\0\1\0\0\0\2\20\0\0"..., 2272, MSG_DONTWAIT, NULL, NULL) = 232
25557 1784093441.314218 recvfrom(43, 0x7fc2dd0710, 3200, MSG_DONTWAIT, NULL, NULL) = -1 EAGAIN (Try again)
25557 1784093441.314769 sendto(69, "\3\0\0\0\0\0\0\0\223\n\0\0\1\0\0\0", 16, MSG_DONTWAIT|MSG_NOSIGNAL, NULL, 0) = 16
25557 1784093441.314954 recvfrom(69, "\2\0\0\0\0\0\0\0\225\n\0\0\0\0\0\0\0\314\216\23\\\3\0\0\1\0\0\0\2\20\0\0"..., 2272, MSG_DONTWAIT, NULL, NULL) = 232
25557 1784093441.315264 sendto(69, "\3\0\0\0\0\0\0\0\225\n\0\0\1\0\0\0", 16, MSG_DONTWAIT|MSG_NOSIGNAL, NULL, 0) = 16
25557 1784093441.315522 recvfrom(69, 0x7a19cf0820, 2272, MSG_DONTWAIT, NULL, NULL) = -1 EAGAIN (Try again)
25557 1784093441.316851 recvfrom(43, "nysv\0\0\0\0\0\0\0\0\0\0\0\0\343\310\311\23\\\3\0\0pY\3\0\0\0\0\0", 3200, MSG_DONTWAIT, NULL, NULL) = 32
25557 1784093441.316987 recvfrom(43, 0x7fc2dd2d30, 3200, MSG_DONTWAIT, NULL, NULL) = -1 EAGAIN (Try again)
25557 1784093441.317404 recvfrom(69, 0x7a19cf0820, 2272, MSG_DONTWAIT, NULL, NULL) = -1 EAGAIN (Try again)
25557 1784093441.317644 recvfrom(43, 0x7fc2dd2c90, 3200, MSG_DONTWAIT, NULL, NULL) = -1 EAGAIN (Try again)
25578 1784093441.321721 recvfrom(40, 0x7a74fc8eb0, 3200, MSG_DONTWAIT, NULL, NULL) = -1 EAGAIN (Try again)
25578 1784093441.322486 recvfrom(40, 0x7a74fc8eb0, 3200, MSG_DONTWAIT, NULL, NULL) = -1 EAGAIN (Try again)
25557 1784093441.323310 faccessat(AT_FDCWD, "/data/user/0/bluepie.ad_silence/shared_prefs/W.xml", F_OK) = 0
25557 1784093441.323494 faccessat(AT_FDCWD, "/data/user/0/bluepie.ad_silence/shared_prefs/W.xml.bak", F_OK) = -1 ENOENT (No such file or directory)
25557 1784093441.323698 renameat(AT_FDCWD, "/data/user/0/bluepie.ad_silence/shared_prefs/W.xml", AT_FDCWD, "/data/user/0/bluepie.ad_silence/shared_prefs/W.xml.bak") = 0
25557 1784093441.323880 openat(AT_FDCWD, "/data/user/0/bluepie.ad_silence/shared_prefs/W.xml", O_WRONLY|O_CREAT|O_TRUNC, 0600) = 68
25557 1784093441.326105 getsockopt(68, SOL_SOCKET, SO_ERROR, 0x7fc2dd29e4, [4]) = -1 ENOTSOCK (Socket operation on non-socket)
25557 1784093441.326362 fchmodat(AT_FDCWD, "/data/user/0/bluepie.ad_silence/shared_prefs/W.xml", 0660) = 0
25557 1784093441.326498 newfstatat(AT_FDCWD, "/data/user/0/bluepie.ad_silence/shared_prefs/W.xml", {st_mode=S_IFREG|0660, st_size=340, ...}, 0) = 0
25557 1784093441.329684 unlinkat(AT_FDCWD, "/data/user/0/bluepie.ad_silence/shared_prefs/W.xml.bak", 0) = 0
25591 1784093441.330445 sendmsg(66, {msg_name=NULL, msg_namelen=0, msg_iov=[{iov_base="l\1\1\1\0\1\0\0X\0\0\0\235\0\0\0\1\1o\0;\0\0\0/re/frid"..., iov_len=432}], msg_iovlen=1, msg_controllen=0, msg_flags=0}, MSG_NOSIGNAL) = 432
25591 1784093441.332142 sendmsg(66, {msg_name=NULL, msg_namelen=0, msg_iov=[{iov_base="l\1\1\1\310\0\0\0Y\0\0\0\235\0\0\0\1\1o\0;\0\0\0/re/frid"..., iov_len=376}], msg_iovlen=1, msg_controllen=0, msg_flags=0}, MSG_NOSIGNAL) = 376
25557 1784093441.333180 clone( <unfinished ...>
25578 1784093441.333584 recvfrom(40, "nysv\0\0\0\0\0\0\0\0\0\0\0\0\261Y\310\24\\\3\0\0qY\3\0\0\0\0\0", 3200, MSG_DONTWAIT, NULL, NULL) = 32
25578 1784093441.333604 recvfrom(40, 0x7a74fc8c80, 3200, MSG_DONTWAIT, NULL, NULL) = -1 EAGAIN (Try again)
25557 1784093441.333624 <... clone resumed> child_stack=0x7a70b92d40, flags=CLONE_VM|CLONE_FS|CLONE_FILES|CLONE_SIGHAND|CLONE_THREAD|CLONE_SYSVSEM|CLONE_SETTLS|CLONE_PARENT_SETTID|CLONE_CHILD_CLEARTID, parent_tidptr=0x7a70b92d60, tls=0x7a70b93020, child_tidptr=0x7a70b92d60) = 25763
25578 1784093441.350557 recvfrom(40, "nysv\0\0\0\0\0\0\0\0\0\0\0\0\333\251\306\25\\\3\0\0rY\3\0\0\0\0\0", 3200, MSG_DONTWAIT, NULL, NULL) = 32
25578 1784093441.350582 recvfrom(40, 0x7a74fc8eb0, 3200, MSG_DONTWAIT, NULL, NULL) = -1 EAGAIN (Try again)
25557 1784093441.353651 recvfrom(43, "nysv\0\0\0\0\0\0\0\0\0\0\0\0\261Y\310\24\\\3\0\0qY\3\0\0\0\0\0", 3200, MSG_DONTWAIT, NULL, NULL) = 32
25557 1784093441.354030 recvfrom(43, 0x7fc2dd2d30, 3200, MSG_DONTWAIT, NULL, NULL) = -1 EAGAIN (Try again)
25578 1784093441.365625 recvfrom(40, 0x7a74fc8eb0, 3200, MSG_DONTWAIT, NULL, NULL) = -1 EAGAIN (Try again)
25557 1784093441.365937 recvfrom(69, 0x7a19cf0820, 2272, MSG_DONTWAIT, NULL, NULL) = -1 EAGAIN (Try again)
25557 1784093441.366105 recvfrom(43, 0x7fc2dd2c90, 3200, MSG_DONTWAIT, NULL, NULL) = -1 EAGAIN (Try again)
25578 1784093441.366959 recvfrom(40, 0x7a74fc8eb0, 3200, MSG_DONTWAIT, NULL, NULL) = -1 EAGAIN (Try again)
25578 1784093441.367213 recvfrom(40, "nysv\0\0\0\0\0\0\0\0\0\0\0\0\36,\305\26\\\3\0\0sY\3\0\0\0\0\0", 3200, MSG_DONTWAIT, NULL, NULL) = 32
25578 1784093441.367231 recvfrom(40, 0x7a74fc8c80, 3200, MSG_DONTWAIT, NULL, NULL) = -1 EAGAIN (Try again)
25557 1784093441.368113 recvfrom(43, "nysv\0\0\0\0\0\0\0\0\0\0\0\0\36,\305\26\\\3\0\0sY\3\0\0\0\0\0", 3200, MSG_DONTWAIT, NULL, NULL) = 32
25557 1784093441.368252 recvfrom(43, 0x7fc2dd2d30, 3200, MSG_DONTWAIT, NULL, NULL) = -1 EAGAIN (Try again)
25557 1784093441.368415 recvfrom(43, 0x7fc2dd1c20, 3200, MSG_DONTWAIT, NULL, NULL) = -1 EAGAIN (Try again)
25578 1784093441.382646 recvfrom(40, 0x7a74fc8eb0, 3200, MSG_DONTWAIT, NULL, NULL) = -1 EAGAIN (Try again)
25578 1784093441.382665 recvfrom(40, 0x7a74fc8eb0, 3200, MSG_DONTWAIT, NULL, NULL) = -1 EAGAIN (Try again)
25578 1784093441.383065 recvfrom(40, 0x7a74fc8eb0, 3200, MSG_DONTWAIT, NULL, NULL) = -1 EAGAIN (Try again)
25578 1784093441.383941 recvfrom(40, "nysv\0\0\0\0\0\0\0\0\0\0\0\0\5\276\303\27\\\3\0\0tY\3\0\0\0\0\0", 3200, MSG_DONTWAIT, NULL, NULL) = 32
25578 1784093441.383960 recvfrom(40, 0x7a74fc8eb0, 3200, MSG_DONTWAIT, NULL, NULL) = -1 EAGAIN (Try again)
25557 1784093441.387544 recvfrom(43, "nysv\0\0\0\0\0\0\0\0\0\0\0\0\5\276\303\27\\\3\0\0tY\3\0\0\0\0\0", 3200, MSG_DONTWAIT, NULL, NULL) = 32
25557 1784093441.398275 recvfrom(43,  <unfinished ...>
25578 1784093441.398353 recvfrom(40, 0x7a74fc8eb0, 3200, MSG_DONTWAIT, NULL, NULL) = -1 EAGAIN (Try again)
25557 1784093441.398435 <... recvfrom resumed> 0x7fc2dd2d30, 3200, MSG_DONTWAIT, NULL, NULL) = -1 EAGAIN (Try again)
25557 1784093441.398521 recvfrom(69, 0x7a19cf0820, 2272, MSG_DONTWAIT, NULL, NULL) = -1 EAGAIN (Try again)
25557 1784093441.398713 recvfrom(43, 0x7fc2dd2c90, 3200, MSG_DONTWAIT, NULL, NULL) = -1 EAGAIN (Try again)
25578 1784093441.399346 recvfrom(40, 0x7a74fc8eb0, 3200, MSG_DONTWAIT, NULL, NULL) = -1 EAGAIN (Try again)
25578 1784093441.399800 recvfrom(40, 0x7a74fc8eb0, 3200, MSG_DONTWAIT, NULL, NULL) = -1 EAGAIN (Try again)
25578 1784093441.400169 recvfrom(40, "nysv\0\0\0\0\0\0\0\0\0\0\0\0\316W\302\30\\\3\0\0uY\3\0\0\0\0\0", 3200, MSG_DONTWAIT, NULL, NULL) = 32
25578 1784093441.400180 recvfrom(40, 0x7a74fc8c80, 3200, MSG_DONTWAIT, NULL, NULL) = -1 EAGAIN (Try again)
25557 1784093441.404688 recvfrom(43, "nysv\0\0\0\0\0\0\0\0\0\0\0\0\316W\302\30\\\3\0\0uY\3\0\0\0\0\0", 3200, MSG_DONTWAIT, NULL, NULL) = 32
25557 1784093441.415592 recvfrom(43, 0x7fc2dd2d30, 3200, MSG_DONTWAIT, NULL, NULL) = -1 EAGAIN (Try again)
25578 1784093441.415930 recvfrom(40, 0x7a74fc8eb0, 3200, MSG_DONTWAIT, NULL, NULL) = -1 EAGAIN (Try again)
25557 1784093441.415940 recvfrom(69, 0x7a19cf0820, 2272, MSG_DONTWAIT, NULL, NULL) = -1 EAGAIN (Try again)
25557 1784093441.416156 recvfrom(43, 0x7fc2dd2c90, 3200, MSG_DONTWAIT, NULL, NULL) = -1 EAGAIN (Try again)
25578 1784093441.416718 recvfrom(40, 0x7a74fc8eb0, 3200, MSG_DONTWAIT, NULL, NULL) = -1 EAGAIN (Try again)
25578 1784093441.417203 recvfrom(40, "nysv\0\0\0\0\0\0\0\0\0\0\0\0F\334\300\31\\\3\0\0vY\3\0\0\0\0\0", 3200, MSG_DONTWAIT, NULL, NULL) = 32
25578 1784093441.417217 recvfrom(40, 0x7a74fc8c80, 3200, MSG_DONTWAIT, NULL, NULL) = -1 EAGAIN (Try again)
25578 1784093441.432784 recvfrom(40, 0x7a74fc8eb0, 3200, MSG_DONTWAIT, NULL, NULL) = -1 EAGAIN (Try again)
25557 1784093441.433166 recvfrom(43, "nysv\0\0\0\0\0\0\0\0\0\0\0\0F\334\300\31\\\3\0\0vY\3\0\0\0\0\0", 3200, MSG_DONTWAIT, NULL, NULL) = 32
25557 1784093441.433309 recvfrom(43, 0x7fc2dd2d30, 3200, MSG_DONTWAIT, NULL, NULL) = -1 EAGAIN (Try again)
25578 1784093441.433663 recvfrom(40, "nysv\0\0\0\0\0\0\0\0\0\0\0\0fi\277\32\\\3\0\0wY\3\0\0\0\0\0", 3200, MSG_DONTWAIT, NULL, NULL) = 32
25578 1784093441.433674 recvfrom(40, 0x7a74fc8c80, 3200, MSG_DONTWAIT, NULL, NULL) = -1 EAGAIN (Try again)
25557 1784093441.434150 recvfrom(69, 0x7a19cf0820, 2272, MSG_DONTWAIT, NULL, NULL) = -1 EAGAIN (Try again)
25557 1784093441.434462 recvfrom(43, 0x7fc2dd2c90, 3200, MSG_DONTWAIT, NULL, NULL) = -1 EAGAIN (Try again)
25578 1784093441.448179 recvfrom(40, 0x7a74fc8eb0, 3200, MSG_DONTWAIT, NULL, NULL) = -1 EAGAIN (Try again)
25578 1784093441.448425 recvfrom(40, 0x7a74fc8eb0, 3200, MSG_DONTWAIT, NULL, NULL) = -1 EAGAIN (Try again)
25578 1784093441.450736 recvfrom(40, "nysv\0\0\0\0\0\0\0\0\0\0\0\0v0\276\33\\\3\0\0xY\3\0\0\0\0\0", 3200, MSG_DONTWAIT, NULL, NULL) = 32
25578 1784093441.450754 recvfrom(40, 0x7a74fc8c80, 3200, MSG_DONTWAIT, NULL, NULL) = -1 EAGAIN (Try again)
25763 1784093441.450980 faccessat(AT_FDCWD, "/data/user/0/bluepie.ad_silence/shared_prefs/W.xml", F_OK <unfinished ...>
25557 1784093441.450998 recvfrom(43,  <unfinished ...>
25763 1784093441.451131 <... faccessat resumed> ) = 0
25557 1784093441.451144 <... recvfrom resumed> "nysv\0\0\0\0\0\0\0\0\0\0\0\0v0\276\33\\\3\0\0xY\3\0\0\0\0\0", 3200, MSG_DONTWAIT, NULL, NULL) = 32
25557 1784093441.451369 recvfrom(43, 0x7fc2dd2d30, 3200, MSG_DONTWAIT, NULL, NULL) = -1 EAGAIN (Try again)
25557 1784093441.452039 recvfrom(69, 0x7a19cf0820, 2272, MSG_DONTWAIT, NULL, NULL) = -1 EAGAIN (Try again)
25557 1784093441.452381 recvfrom(43, 0x7fc2dd2c90, 3200, MSG_DONTWAIT, NULL, NULL) = -1 EAGAIN (Try again)
25578 1784093441.454023 recvfrom(40, 0x7a74fc8eb0, 3200, MSG_DONTWAIT, NULL, NULL) = -1 EAGAIN (Try again)
25578 1784093441.465968 recvfrom(40, 0x7a74fc8eb0, 3200, MSG_DONTWAIT, NULL, NULL) = -1 EAGAIN (Try again)
25578 1784093441.467221 recvfrom(40, "nysv\0\0\0\0\0\0\0\0\0\0\0\0\305\264\274\34\\\3\0\0yY\3\0\0\0\0\0", 3200, MSG_DONTWAIT, NULL, NULL) = 32
25578 1784093441.467235 recvfrom(40, 0x7a74fc8c80, 3200, MSG_DONTWAIT, NULL, NULL) = -1 EAGAIN (Try again)
25557 1784093441.467398 recvfrom(43, "nysv\0\0\0\0\0\0\0\0\0\0\0\0\305\264\274\34\\\3\0\0yY\3\0\0\0\0\0", 3200, MSG_DONTWAIT, NULL, NULL) = 32
25557 1784093441.467824 recvfrom(43, 0x7fc2dd2d30, 3200, MSG_DONTWAIT, NULL, NULL) = -1 EAGAIN (Try again)
25557 1784093441.468153 recvfrom(69, 0x7a19cf0820, 2272, MSG_DONTWAIT, NULL, NULL) = -1 EAGAIN (Try again)
25557 1784093441.468632 recvfrom(43, 0x7fc2dd2c90, 3200, MSG_DONTWAIT, NULL, NULL) = -1 EAGAIN (Try again)
25578 1784093441.470706 recvfrom(40, 0x7a74fc8eb0, 3200, MSG_DONTWAIT, NULL, NULL) = -1 EAGAIN (Try again)
25578 1784093441.483710 recvfrom(40, "nysv\0\0\0\0\0\0\0\0\0\0\0\0\357\4\273\35\\\3\0\0zY\3\0\0\0\0\0", 3200, MSG_DONTWAIT, NULL, NULL) = 32
25578 1784093441.483728 recvfrom(40, 0x7a74fc8eb0, 3200, MSG_DONTWAIT, NULL, NULL) = -1 EAGAIN (Try again)
25557 1784093441.484611 recvfrom(43, "nysv\0\0\0\0\0\0\0\0\0\0\0\0\357\4\273\35\\\3\0\0zY\3\0\0\0\0\0", 3200, MSG_DONTWAIT, NULL, NULL) = 32
25557 1784093441.484778 recvfrom(43, 0x7fc2dd2d30, 3200, MSG_DONTWAIT, NULL, NULL) = -1 EAGAIN (Try again)
25557 1784093441.484912 recvfrom(69, 0x7a19cf0820, 2272, MSG_DONTWAIT, NULL, NULL) = -1 EAGAIN (Try again)
25557 1784093441.486585 recvfrom(43, 0x7fc2dd2c90, 3200, MSG_DONTWAIT, NULL, NULL) = -1 EAGAIN (Try again)
25578 1784093441.499307 recvfrom(40, 0x7a74fc8eb0, 3200, MSG_DONTWAIT, NULL, NULL) = -1 EAGAIN (Try again)
25578 1784093441.499323 recvfrom(40, 0x7a74fc8eb0, 3200, MSG_DONTWAIT, NULL, NULL) = -1 EAGAIN (Try again)
25578 1784093441.499766 recvfrom(40, 0x7a74fc8eb0, 3200, MSG_DONTWAIT, NULL, NULL) = -1 EAGAIN (Try again)
25578 1784093441.500522 recvfrom(40, "nysv\0\0\0\0\0\0\0\0\0\0\0\0s\207\271\36\\\3\0\0{Y\3\0\0\0\0\0", 3200, MSG_DONTWAIT, NULL, NULL) = 32
25578 1784093441.500670 recvfrom(40, 0x7a74fc8c80, 3200, MSG_DONTWAIT, NULL, NULL) = -1 EAGAIN (Try again)
25557 1784093441.500827 recvfrom(43, "nysv\0\0\0\0\0\0\0\0\0\0\0\0s\207\271\36\\\3\0\0{Y\3\0\0\0\0\0", 3200, MSG_DONTWAIT, NULL, NULL) = 32
25557 1784093441.501162 recvfrom(43, 0x7fc2dd2d30, 3200, MSG_DONTWAIT, NULL, NULL) = -1 EAGAIN (Try again)
25557 1784093441.501421 recvfrom(69, 0x7a19cf0820, 2272, MSG_DONTWAIT, NULL, NULL) = -1 EAGAIN (Try again)
25557 1784093441.501617 recvfrom(43, 0x7fc2dd2c90, 3200, MSG_DONTWAIT, NULL, NULL) = -1 EAGAIN (Try again)
25578 1784093441.515969 recvfrom(40, 0x7a74fc8eb0, 3200, MSG_DONTWAIT, NULL, NULL) = -1 EAGAIN (Try again)
25578 1784093441.516239 recvfrom(40, 0x7a74fc8eb0, 3200, MSG_DONTWAIT, NULL, NULL) = -1 EAGAIN (Try again)
25578 1784093441.517036 recvfrom(40, "nysv\0\0\0\0\0\0\0\0\0\0\0\0\375\24\270\37\\\3\0\0|Y\3\0\0\0\0\0", 3200, MSG_DONTWAIT, NULL, NULL) = 32
25578 1784093441.517050 recvfrom(40, 0x7a74fc8c80, 3200, MSG_DONTWAIT, NULL, NULL) = -1 EAGAIN (Try again)
25557 1784093441.517236 recvfrom(43, "nysv\0\0\0\0\0\0\0\0\0\0\0\0\375\24\270\37\\\3\0\0|Y\3\0\0\0\0\0", 3200, MSG_DONTWAIT, NULL, NULL) = 32
25557 1784093441.517675 recvfrom(43, 0x7fc2dd2d30, 3200, MSG_DONTWAIT, NULL, NULL) = -1 EAGAIN (Try again)
25557 1784093441.517956 recvfrom(69, 0x7a19cf0820, 2272, MSG_DONTWAIT, NULL, NULL) = -1 EAGAIN (Try again)
25557 1784093441.518120 recvfrom(43, 0x7fc2dd2c90, 3200, MSG_DONTWAIT, NULL, NULL) = -1 EAGAIN (Try again)
25578 1784093441.532387 recvfrom(40, 0x7a74fc8eb0, 3200, MSG_DONTWAIT, NULL, NULL) = -1 EAGAIN (Try again)
25578 1784093441.532403 recvfrom(40, 0x7a74fc8eb0, 3200, MSG_DONTWAIT, NULL, NULL) = -1 EAGAIN (Try again)
25578 1784093441.532852 recvfrom(40, 0x7a74fc8eb0, 3200, MSG_DONTWAIT, NULL, NULL) = -1 EAGAIN (Try again)
25578 1784093441.533986 recvfrom(40, "nysv\0\0\0\0\0\0\0\0\0\0\0\0\302\217\266 \\\3\0\0}Y\3\0\0\0\0\0", 3200, MSG_DONTWAIT, NULL, NULL) = 32
25578 1784093441.534004 recvfrom(40, 0x7a74fc8c80, 3200, MSG_DONTWAIT, NULL, NULL) = -1 EAGAIN (Try again)
25557 1784093441.534299 recvfrom(43, "nysv\0\0\0\0\0\0\0\0\0\0\0\0\302\217\266 \\\3\0\0}Y\3\0\0\0\0\0", 3200, MSG_DONTWAIT, NULL, NULL) = 32
25557 1784093441.534644 recvfrom(43, 0x7fc2dd2d30, 3200, MSG_DONTWAIT, NULL, NULL) = -1 EAGAIN (Try again)
25557 1784093441.534923 recvfrom(69, 0x7a19cf0820, 2272, MSG_DONTWAIT, NULL, NULL) = -1 EAGAIN (Try again)
25557 1784093441.535100 recvfrom(43, 0x7fc2dd2c90, 3200, MSG_DONTWAIT, NULL, NULL) = -1 EAGAIN (Try again)
25578 1784093441.549758 recvfrom(40, 0x7a74fc8eb0, 3200, MSG_DONTWAIT, NULL, NULL) = -1 EAGAIN (Try again)
25578 1784093441.550037 recvfrom(40, 0x7a74fc8eb0, 3200, MSG_DONTWAIT, NULL, NULL) = -1 EAGAIN (Try again)
25578 1784093441.550278 recvfrom(40, "nysv\0\0\0\0\0\0\0\0\0\0\0\0f\34\265!\\\3\0\0~Y\3\0\0\0\0\0", 3200, MSG_DONTWAIT, NULL, NULL) = 32
25578 1784093441.550292 recvfrom(40, 0x7a74fc8c80, 3200, MSG_DONTWAIT, NULL, NULL) = -1 EAGAIN (Try again)
25578 1784093441.566847 recvfrom(40, 0x7a74fc8eb0, 3200, MSG_DONTWAIT, NULL, NULL) = -1 EAGAIN (Try again)
25557 1784093441.567825 recvfrom(43, "nysv\0\0\0\0\0\0\0\0\0\0\0\0f\34\265!\\\3\0\0~Y\3\0\0\0\0\0", 3200, MSG_DONTWAIT, NULL, NULL) = 32
25557 1784093441.570860 recvfrom(43, 0x7fc2dd2d30, 3200, MSG_DONTWAIT, NULL, NULL) = -1 EAGAIN (Try again)
25557 1784093441.571184 recvfrom(69, 0x7a19cf0820, 2272, MSG_DONTWAIT, NULL, NULL) = -1 EAGAIN (Try again)
25557 1784093441.571364 recvfrom(43, 0x7fc2dd2c90, 3200, MSG_DONTWAIT, NULL, NULL) = -1 EAGAIN (Try again)
25578 1784093441.571995 recvfrom(40, 0x7a74fc8eb0, 3200, MSG_DONTWAIT, NULL, NULL) = -1 EAGAIN (Try again)
25578 1784093441.582368 recvfrom(40, 0x7a74fc8eb0, 3200, MSG_DONTWAIT, NULL, NULL) = -1 EAGAIN (Try again)
25578 1784093441.584282 recvfrom(40, "nysv\0\0\0\0\0\0\0\0\0\0\0\0\363\5\262#\\\3\0\0\200Y\3\0\0\0\0\0", 3200, MSG_DONTWAIT, NULL, NULL) = 32
25578 1784093441.584308 recvfrom(40, 0x7a74fc8c80, 3200, MSG_DONTWAIT, NULL, NULL) = -1 EAGAIN (Try again)
25557 1784093441.584625 recvfrom(43, "nysv\0\0\0\0\0\0\0\0\0\0\0\0\363\5\262#\\\3\0\0\200Y\3\0\0\0\0\0", 3200, MSG_DONTWAIT, NULL, NULL) = 32
25557 1784093441.584856 recvfrom(43, 0x7fc2dd2d30, 3200, MSG_DONTWAIT, NULL, NULL) = -1 EAGAIN (Try again)
25557 1784093441.585283 recvfrom(69, 0x7a19cf0820, 2272, MSG_DONTWAIT, NULL, NULL) = -1 EAGAIN (Try again)
25557 1784093441.585569 recvfrom(43, 0x7fc2dd2c90, 3200, MSG_DONTWAIT, NULL, NULL) = -1 EAGAIN (Try again)
25578 1784093441.588260 recvfrom(40, 0x7a74fc8eb0, 3200, MSG_DONTWAIT, NULL, NULL) = -1 EAGAIN (Try again)
25578 1784093441.599709 recvfrom(40, 0x7a74fc8eb0, 3200, MSG_DONTWAIT, NULL, NULL) = -1 EAGAIN (Try again)
25578 1784093441.600520 recvfrom(40, "nysv\0\0\0\0\0\0\0\0\0\0\0\0D\220\260$\\\3\0\0\201Y\3\0\0\0\0\0", 3200, MSG_DONTWAIT, NULL, NULL) = 32
25578 1784093441.600684 recvfrom(40, 0x7a74fc8c80, 3200, MSG_DONTWAIT, NULL, NULL) = -1 EAGAIN (Try again)
25557 1784093441.600887 recvfrom(43, "nysv\0\0\0\0\0\0\0\0\0\0\0\0D\220\260$\\\3\0\0\201Y\3\0\0\0\0\0", 3200, MSG_DONTWAIT, NULL, NULL) = 32
25557 1784093441.601252 recvfrom(43, 0x7fc2dd2d30, 3200, MSG_DONTWAIT, NULL, NULL) = -1 EAGAIN (Try again)
25557 1784093441.601555 recvfrom(69, 0x7a19cf0820, 2272, MSG_DONTWAIT, NULL, NULL) = -1 EAGAIN (Try again)
25557 1784093441.601771 recvfrom(43, 0x7fc2dd2c90, 3200, MSG_DONTWAIT, NULL, NULL) = -1 EAGAIN (Try again)
25578 1784093441.604124 recvfrom(40, 0x7a74fc8eb0, 3200, MSG_DONTWAIT, NULL, NULL) = -1 EAGAIN (Try again)
25577 1784093441.618541 openat(AT_FDCWD, "/data/misc/profiles/cur/0/bluepie.ad_silence/primary.prof", O_RDWR|O_NOFOLLOW|O_CLOEXEC) = 71
25557 1784093441.618677 recvfrom(43, "nysv\0\0\0\0\0\0\0\0\0\0\0\0\350\357\256%\\\3\0\0\202Y\3\0\0\0\0\0", 3200, MSG_DONTWAIT, NULL, NULL) = 32
25557 1784093441.618915 recvfrom(43, 0x7fc2dd2d30, 3200, MSG_DONTWAIT, NULL, NULL) = -1 EAGAIN (Try again)
25557 1784093441.619147 recvfrom(69,  <unfinished ...>
25577 1784093441.619259 newfstatat(AT_FDCWD, "/data/misc/profiles/cur/0/bluepie.ad_silence/primary.prof",  <unfinished ...>
25557 1784093441.619273 <... recvfrom resumed> 0x7a19cf0820, 2272, MSG_DONTWAIT, NULL, NULL) = -1 EAGAIN (Try again)
25577 1784093441.619394 <... newfstatat resumed> {st_mode=S_IFREG|0600, st_size=235, ...}, 0) = 0
25557 1784093441.619412 recvfrom(43, 0x7fc2dd2c90, 3200, MSG_DONTWAIT, NULL, NULL) = -1 EAGAIN (Try again)
25578 1784093441.620001 recvfrom(40, "nysv\0\0\0\0\0\0\0\0\0\0\0\0\350\357\256%\\\3\0\0\202Y\3\0\0\0\0\0", 3200, MSG_DONTWAIT, NULL, NULL) = 32
25578 1784093441.620012 recvfrom(40, 0x7a74fc8eb0, 3200, MSG_DONTWAIT, NULL, NULL) = -1 EAGAIN (Try again)
25578 1784093441.634840 recvfrom(40, "nysv\0\0\0\0\0\0\0\0\0\0\0\0`u\255&\\\3\0\0\203Y\3\0\0\0\0\0", 3200, MSG_DONTWAIT, NULL, NULL) = 32
25578 1784093441.634855 recvfrom(40, 0x7a74fc8eb0, 3200, MSG_DONTWAIT, NULL, NULL) = -1 EAGAIN (Try again)
25557 1784093441.653751 recvfrom(43,  <unfinished ...>
25578 1784093441.653887 recvfrom(40, "nysv\0\0\0\0\0\0\0\0\0\0\0\0\241\202\253'\\\3\0\0\204Y\3\0\0\0\0\0", 3200, MSG_DONTWAIT, NULL, NULL) = 32
25578 1784093441.653902 recvfrom(40, 0x7a74fc8c80, 3200, MSG_DONTWAIT, NULL, NULL) = -1 EAGAIN (Try again)
25578 1784093441.653908 recvfrom(40, 0x7a74fc8eb0, 3200, MSG_DONTWAIT, NULL, NULL) = -1 EAGAIN (Try again)
25557 1784093441.653933 <... recvfrom resumed> "nysv\0\0\0\0\0\0\0\0\0\0\0\0`u\255&\\\3\0\0\203Y\3\0\0\0\0\0", 3200, MSG_DONTWAIT, NULL, NULL) = 32
25557 1784093441.654004 recvfrom(43, 0x7fc2dd2d30, 3200, MSG_DONTWAIT, NULL, NULL) = -1 EAGAIN (Try again)
25557 1784093441.654185 recvfrom(43, 0x7fc2dd2c90, 3200, MSG_DONTWAIT, NULL, NULL) = -1 EAGAIN (Try again)
25578 1784093441.670370 recvfrom(40, "nysv\0\0\0\0\0\0\0\0\0\0\0\0\367B\251(\\\3\0\0\205Y\3\0\0\0\0\0", 3200, MSG_DONTWAIT, NULL, NULL) = 32
25578 1784093441.670384 recvfrom(40, 0x7a74fc8c80, 3200, MSG_DONTWAIT, NULL, NULL) = -1 EAGAIN (Try again)
25557 1784093441.670952 recvfrom(43, "nysv\0\0\0\0\0\0\0\0\0\0\0\0\367B\251(\\\3\0\0\205Y\3\0\0\0\0\0", 3200, MSG_DONTWAIT, NULL, NULL) = 32
25557 1784093441.686138 recvfrom(43, 0x7fc2dd2d30, 3200, MSG_DONTWAIT, NULL, NULL) = -1 EAGAIN (Try again)
25578 1784093441.686488 recvfrom(40, "nysv\0\0\0\0\0\0\0\0\0\0\0\0v\324\247)\\\3\0\0\206Y\3\0\0\0\0\0", 3200, MSG_DONTWAIT, NULL, NULL) = 32
25578 1784093441.686501 recvfrom(40, 0x7a74fc8eb0, 3200, MSG_DONTWAIT, NULL, NULL) = -1 EAGAIN (Try again)
25578 1784093441.705633 recvfrom(40, "nysv\0\0\0\0\0\0\0\0\0\0\0\0TQ\245*\\\3\0\0\207Y\3\0\0\0\0\0", 3200, MSG_DONTWAIT, NULL, NULL) = 32
25578 1784093441.705644 recvfrom(40, 0x7a74fc8c80, 3200, MSG_DONTWAIT, NULL, NULL) = -1 EAGAIN (Try again)
25574 1784093442.176022 clone(child_stack=0x7a70a39d40, flags=CLONE_VM|CLONE_FS|CLONE_FILES|CLONE_SIGHAND|CLONE_THREAD|CLONE_SYSVSEM|CLONE_SETTLS|CLONE_PARENT_SETTID|CLONE_CHILD_CLEARTID, parent_tidptr=0x7a70a39d60, tls=0x7a70a3a020, child_tidptr=0x7a70a39d60) = 25767
25767 1784093442.179087 openat(AT_FDCWD, "/proc/25767/timerslack_ns", O_WRONLY|O_CREAT|O_TRUNC|O_NOFOLLOW|O_CLOEXEC, 0666) = 71
