17578 1783934579.866769 exit(0)         = ?
17578 1783934579.867021 +++ exited with 0 +++
17577 1783934579.867081 exit(0)         = ?
17577 1783934579.867179 +++ exited with 0 +++
17579 1783934579.868263 exit(0)         = ?
17576 1783934579.868459 exit(0 <unfinished ...>
17579 1783934579.868618 +++ exited with 0 +++
17576 1783934579.868623 <... exit resumed>) = ?
17576 1783934579.868796 +++ exited with 0 +++
17593 1783934579.871626 newfstatat(AT_FDCWD, "/data", {st_mode=S_IFDIR|0771, st_size=4096, ...}, AT_SYMLINK_NOFOLLOW) = 0
17593 1783934579.872096 newfstatat(AT_FDCWD, "/data/app", {st_mode=S_IFDIR|0771, st_size=4096, ...}, AT_SYMLINK_NOFOLLOW) = 0
17593 1783934579.872459 newfstatat(AT_FDCWD, "/data/app/app.pachli-gd1Yqz1IhHnx3pcMRD_sfg==", {st_mode=S_IFDIR|0775, st_size=4096, ...}, AT_SYMLINK_NOFOLLOW) = 0
17593 1783934579.872836 newfstatat(AT_FDCWD, "/data/app/app.pachli-gd1Yqz1IhHnx3pcMRD_sfg==/base.apk", {st_mode=S_IFREG|0644, st_size=31916344, ...}, AT_SYMLINK_NOFOLLOW) = 0
17593 1783934579.873217 getcwd("/", 4096) = 2
17593 1783934579.873577 newfstatat(AT_FDCWD, "/base.apk", 0x75d8632690, AT_SYMLINK_NOFOLLOW) = -1 ENOENT (No such file or directory)
17572 1783934592.010532 recvfrom(70, "\2\0\0\0\0\0\0\0o\3\0\0\0\0\0\0@\234\33 (\1\0\0\1\0\0\0\2\20\0\0"..., 2272, MSG_DONTWAIT, NULL, NULL) = 232
17572 1783934592.012291 sendto(70, "\3\0\0\0\0\0\0\0o\3\0\0\1\0\0\0", 16, MSG_DONTWAIT|MSG_NOSIGNAL, NULL, 0) = 16
17572 1783934592.012342 recvfrom(70, 0x756c00b420, 2272, MSG_DONTWAIT, NULL, NULL) = -1 EAGAIN (Try again)
17572 1783934592.012736 recvfrom(70, "\2\0\0\0\0\0\0\0q\3\0\0\0\0\0\0@\234\33 (\1\0\0\1\0\0\0\2\20\0\0"..., 2272, MSG_DONTWAIT, NULL, NULL) = 232
17572 1783934592.013015 sendto(70, "\3\0\0\0\0\0\0\0q\3\0\0\1\0\0\0", 16, MSG_DONTWAIT|MSG_NOSIGNAL, NULL, 0) = 16
17572 1783934592.013043 recvfrom(70, 0x756c00b420, 2272, MSG_DONTWAIT, NULL, NULL) = -1 EAGAIN (Try again)
17572 1783934592.013103 socket(AF_UNIX, SOCK_DGRAM|SOCK_CLOEXEC|SOCK_NONBLOCK, 0) = 86
17572 1783934592.013145 setsockopt(86, SOL_SOCKET, SO_SNDBUF, [1048576], 4) = 0
17572 1783934592.013209 connect(86, {sa_family=AF_UNIX, sun_path="/dev/socket/statsdw"}, 110) = 0
17626 1783934592.025693 sendmsg(87, {msg_name=NULL, msg_namelen=0, msg_iov=[{iov_base="l\1\1\1\24\1\0\0L\0\0\0\235\0\0\0\1\1o\0;\0\0\0/re/frid"..., iov_len=452}], msg_iovlen=1, msg_controllen=0, msg_flags=0}, MSG_NOSIGNAL) = 452
17572 1783934592.031181 recvfrom(59, 0x7fe216c220, 3200, MSG_DONTWAIT, NULL, NULL) = -1 EAGAIN (Try again)
17572 1783934592.045083 recvfrom(59, "nysv\0\0\0\0\0\0\0\0\0\0\0\0\330+O\"(\1\0\0\304'\1\0\0\0\0\0", 3200, MSG_DONTWAIT, NULL, NULL) = 32
17572 1783934592.045132 recvfrom(59, 0x7fe216cc30, 3200, MSG_DONTWAIT, NULL, NULL) = -1 EAGAIN (Try again)
17572 1783934592.045614 recvfrom(90, 0x75d352a420, 2272, MSG_DONTWAIT, NULL, NULL) = -1 EAGAIN (Try again)
17572 1783934592.045825 recvfrom(59, 0x7fe216c620, 3200, MSG_DONTWAIT, NULL, NULL) = -1 EAGAIN (Try again)
17572 1783934592.112728 recvfrom(59, "nysv\0\0\0\0\0\0\0\0\0\0\0\0D\240M#(\1\0\0\305'\1\0\0\0\0\0", 3200, MSG_DONTWAIT, NULL, NULL) = 32
17572 1783934592.112794 recvfrom(59, 0x7fe216cc30, 3200, MSG_DONTWAIT, NULL, NULL) = -1 EAGAIN (Try again)
17572 1783934592.113711 recvfrom(90, 0x75d352a420, 2272, MSG_DONTWAIT, NULL, NULL) = -1 EAGAIN (Try again)
17572 1783934592.117358 recvfrom(59, 0x7fe216cc80, 3200, MSG_DONTWAIT, NULL, NULL) = -1 EAGAIN (Try again)
17572 1783934592.132633 recvfrom(59, "nysv\0\0\0\0\0\0\0\0\0\0\0\0=\251E'(\1\0\0\311'\1\0\0\0\0\0", 3200, MSG_DONTWAIT, NULL, NULL) = 32
17572 1783934592.132662 recvfrom(59, 0x7fe216cc30, 3200, MSG_DONTWAIT, NULL, NULL) = -1 EAGAIN (Try again)
17572 1783934592.132686 recvfrom(90, 0x75d352a420, 2272, MSG_DONTWAIT, NULL, NULL) = -1 EAGAIN (Try again)
17572 1783934592.132694 recvfrom(70, 0x756c00b420, 2272, MSG_DONTWAIT, NULL, NULL) = -1 EAGAIN (Try again)
17625 1783934592.760693 exit(0)         = ?
17625 1783934592.761440 +++ exited with 0 +++
17623 1783934592.809524 faccessat(AT_FDCWD, "/proc/self/task/17625", F_OK) = -1 ENOENT (No such file or directory)
17572 1783934593.647957 recvfrom(59, 0x7fe216ca00, 3200, MSG_DONTWAIT, NULL, NULL) = -1 EAGAIN (Try again)
17572 1783934593.668707 recvfrom(59, "nysv\0\0\0\0\0\0\0\0\0\0\0\0\245N\252\202(\1\0\0#(\1\0\0\0\0\0", 3200, MSG_DONTWAIT, NULL, NULL) = 32
17572 1783934593.669350 recvfrom(59, 0x7fe216cc30, 3200, MSG_DONTWAIT, NULL, NULL) = -1 EAGAIN (Try again)
17572 1783934593.670225 recvfrom(90, 0x75d352a420, 2272, MSG_DONTWAIT, NULL, NULL) = -1 EAGAIN (Try again)
17572 1783934593.671120 recvfrom(59, 0x7fe216bc30, 3200, MSG_DONTWAIT, NULL, NULL) = -1 EAGAIN (Try again)
17572 1783934593.684169 recvfrom(59, "nysv\0\0\0\0\0\0\0\0\0\0\0\0\310\264\250\203(\1\0\0$(\1\0\0\0\0\0", 3200, MSG_DONTWAIT, NULL, NULL) = 32
17572 1783934593.684482 recvfrom(59, 0x7fe216cc30, 3200, MSG_DONTWAIT, NULL, NULL) = -1 EAGAIN (Try again)
17572 1783934593.684776 recvfrom(90, 0x75d352a420, 2272, MSG_DONTWAIT, NULL, NULL) = -1 EAGAIN (Try again)
17572 1783934593.685390 recvfrom(59, 0x7fe216bc30, 3200, MSG_DONTWAIT, NULL, NULL) = -1 EAGAIN (Try again)
17572 1783934593.700939 recvfrom(59, "nysv\0\0\0\0\0\0\0\0\0\0\0\0\371\356\246\204(\1\0\0%(\1\0\0\0\0\0", 3200, MSG_DONTWAIT, NULL, NULL) = 32
17572 1783934593.701524 recvfrom(59, 0x7fe216cc30, 3200, MSG_DONTWAIT, NULL, NULL) = -1 EAGAIN (Try again)
17572 1783934593.702429 recvfrom(90, 0x75d352a420, 2272, MSG_DONTWAIT, NULL, NULL) = -1 EAGAIN (Try again)
17572 1783934593.707315 recvfrom(59, 0x7fe216bc30, 3200, MSG_DONTWAIT, NULL, NULL) = -1 EAGAIN (Try again)
17572 1783934593.716668 recvfrom(59, "nysv\0\0\0\0\0\0\0\0\0\0\0\0;\207\245\205(\1\0\0&(\1\0\0\0\0\0", 3200, MSG_DONTWAIT, NULL, NULL) = 32
17572 1783934593.716901 recvfrom(59, 0x7fe216cc30, 3200, MSG_DONTWAIT, NULL, NULL) = -1 EAGAIN (Try again)
17572 1783934593.717117 recvfrom(90, 0x75d352a420, 2272, MSG_DONTWAIT, NULL, NULL) = -1 EAGAIN (Try again)
17572 1783934593.717580 recvfrom(59, 0x7fe216bc30, 3200, MSG_DONTWAIT, NULL, NULL) = -1 EAGAIN (Try again)
17572 1783934593.750903 recvfrom(59, "nysv\0\0\0\0\0\0\0\0\0\0\0\0M\217\243\206(\1\0\0'(\1\0\0\0\0\0", 3200, MSG_DONTWAIT, NULL, NULL) = 32
17572 1783934593.755944 recvfrom(59, 0x7fe216cc30, 3200, MSG_DONTWAIT, NULL, NULL) = -1 EAGAIN (Try again)
17572 1783934593.757000 recvfrom(90, 0x75d352a420, 2272, MSG_DONTWAIT, NULL, NULL) = -1 EAGAIN (Try again)
17572 1783934593.757592 recvfrom(59, 0x7fe216bc30, 3200, MSG_DONTWAIT, NULL, NULL) = -1 EAGAIN (Try again)
17572 1783934593.763697 recvfrom(59, "nysv\0\0\0\0\0\0\0\0\0\0\0\0\241/\240\210(\1\0\0)(\1\0\0\0\0\0", 3200, MSG_DONTWAIT, NULL, NULL) = 32
17572 1783934593.764124 recvfrom(59, 0x7fe216cc30, 3200, MSG_DONTWAIT, NULL, NULL) = -1 EAGAIN (Try again)
17572 1783934593.764507 recvfrom(90, 0x75d352a420, 2272, MSG_DONTWAIT, NULL, NULL) = -1 EAGAIN (Try again)
17572 1783934593.766496 recvfrom(59, 0x7fe216bc30, 3200, MSG_DONTWAIT, NULL, NULL) = -1 EAGAIN (Try again)
17572 1783934593.779681 recvfrom(59, "nysv\0\0\0\0\0\0\0\0\0\0\0\0\201\200\236\211(\1\0\0*(\1\0\0\0\0\0", 3200, MSG_DONTWAIT, NULL, NULL) = 32
17572 1783934593.780101 recvfrom(59, 0x7fe216cc30, 3200, MSG_DONTWAIT, NULL, NULL) = -1 EAGAIN (Try again)
17572 1783934593.780644 recvfrom(90, 0x75d352a420, 2272, MSG_DONTWAIT, NULL, NULL) = -1 EAGAIN (Try again)
17572 1783934593.783795 recvfrom(59, 0x7fe216bc30, 3200, MSG_DONTWAIT, NULL, NULL) = -1 EAGAIN (Try again)
17572 1783934593.802330 recvfrom(59, "nysv\0\0\0\0\0\0\0\0\0\0\0\0\365\317\234\212(\1\0\0+(\1\0\0\0\0\0", 3200, MSG_DONTWAIT, NULL, NULL) = 32
17572 1783934593.802729 recvfrom(59, 0x7fe216cc30, 3200, MSG_DONTWAIT, NULL, NULL) = -1 EAGAIN (Try again)
17572 1783934593.805979 recvfrom(90, 0x75d352a420, 2272, MSG_DONTWAIT, NULL, NULL) = -1 EAGAIN (Try again)
17572 1783934593.806311 recvfrom(59, 0x7fe216bc30, 3200, MSG_DONTWAIT, NULL, NULL) = -1 EAGAIN (Try again)
17572 1783934593.815869 recvfrom(59, "nysv\0\0\0\0\0\0\0\0\0\0\0\0\37 \233\213(\1\0\0,(\1\0\0\0\0\0", 3200, MSG_DONTWAIT, NULL, NULL) = 32
17572 1783934593.816186 recvfrom(59, 0x7fe216cc30, 3200, MSG_DONTWAIT, NULL, NULL) = -1 EAGAIN (Try again)
17572 1783934593.816495 recvfrom(90, 0x75d352a420, 2272, MSG_DONTWAIT, NULL, NULL) = -1 EAGAIN (Try again)
17572 1783934593.817140 recvfrom(59, 0x7fe216bc30, 3200, MSG_DONTWAIT, NULL, NULL) = -1 EAGAIN (Try again)
17572 1783934593.832787 recvfrom(59, "nysv\0\0\0\0\0\0\0\0\0\0\0\0Ip\231\214(\1\0\0-(\1\0\0\0\0\0", 3200, MSG_DONTWAIT, NULL, NULL) = 32
17572 1783934593.833109 recvfrom(59, 0x7fe216cc30, 3200, MSG_DONTWAIT, NULL, NULL) = -1 EAGAIN (Try again)
17572 1783934593.833550 recvfrom(90, 0x75d352a420, 2272, MSG_DONTWAIT, NULL, NULL) = -1 EAGAIN (Try again)
17572 1783934593.835236 recvfrom(59, 0x7fe216bc30, 3200, MSG_DONTWAIT, NULL, NULL) = -1 EAGAIN (Try again)
17572 1783934593.845250 recvfrom(59, "nysv\0\0\0\0\0\0\0\0\0\0\0\0\356\4\230\215(\1\0\0.(\1\0\0\0\0\0", 3200, MSG_DONTWAIT, NULL, NULL) = 32
17572 1783934593.845703 recvfrom(59, 0x7fe216cc30, 3200, MSG_DONTWAIT, NULL, NULL) = -1 EAGAIN (Try again)
17572 1783934593.846307 recvfrom(90, 0x75d352a420, 2272, MSG_DONTWAIT, NULL, NULL) = -1 EAGAIN (Try again)
17572 1783934593.846916 recvfrom(59, 0x7fe216bc30, 3200, MSG_DONTWAIT, NULL, NULL) = -1 EAGAIN (Try again)
17572 1783934593.862893 recvfrom(59, "nysv\0\0\0\0\0\0\0\0\0\0\0\09]\226\216(\1\0\0/(\1\0\0\0\0\0", 3200, MSG_DONTWAIT, NULL, NULL) = 32
17572 1783934593.863248 recvfrom(59, 0x7fe216cc30, 3200, MSG_DONTWAIT, NULL, NULL) = -1 EAGAIN (Try again)
17572 1783934593.863829 recvfrom(90, 0x75d352a420, 2272, MSG_DONTWAIT, NULL, NULL) = -1 EAGAIN (Try again)
17572 1783934593.864156 recvfrom(59, 0x7fe216bc30, 3200, MSG_DONTWAIT, NULL, NULL) = -1 EAGAIN (Try again)
17572 1783934593.880617 recvfrom(59, "nysv\0\0\0\0\0\0\0\0\0\0\0\0c\255\224\217(\1\0\0000(\1\0\0\0\0\0", 3200, MSG_DONTWAIT, NULL, NULL) = 32
17572 1783934593.881009 recvfrom(59, 0x7fe216cc30, 3200, MSG_DONTWAIT, NULL, NULL) = -1 EAGAIN (Try again)
17572 1783934593.881548 recvfrom(90, 0x75d352a420, 2272, MSG_DONTWAIT, NULL, NULL) = -1 EAGAIN (Try again)
17572 1783934593.881916 recvfrom(59, 0x7fe216bc30, 3200, MSG_DONTWAIT, NULL, NULL) = -1 EAGAIN (Try again)
17572 1783934593.896288 recvfrom(59, "nysv\0\0\0\0\0\0\0\0\0\0\0\0\301\371\222\220(\1\0\0001(\1\0\0\0\0\0", 3200, MSG_DONTWAIT, NULL, NULL) = 32
17572 1783934593.896700 recvfrom(59, 0x7fe216cc30, 3200, MSG_DONTWAIT, NULL, NULL) = -1 EAGAIN (Try again)
17572 1783934593.897233 recvfrom(90, 0x75d352a420, 2272, MSG_DONTWAIT, NULL, NULL) = -1 EAGAIN (Try again)
17572 1783934593.897551 recvfrom(59, 0x7fe216bc30, 3200, MSG_DONTWAIT, NULL, NULL) = -1 EAGAIN (Try again)
17572 1783934593.912908 recvfrom(59, "nysv\0\0\0\0\0\0\0\0\0\0\0\0\f'\221\221(\1\0\0002(\1\0\0\0\0\0", 3200, MSG_DONTWAIT, NULL, NULL) = 32
17572 1783934593.913261 recvfrom(59, 0x7fe216cc30, 3200, MSG_DONTWAIT, NULL, NULL) = -1 EAGAIN (Try again)
17572 1783934593.913849 recvfrom(90, 0x75d352a420, 2272, MSG_DONTWAIT, NULL, NULL) = -1 EAGAIN (Try again)
17572 1783934593.917818 recvfrom(59, 0x7fe216bc30, 3200, MSG_DONTWAIT, NULL, NULL) = -1 EAGAIN (Try again)
17572 1783934593.928345 recvfrom(59, "nysv\0\0\0\0\0\0\0\0\0\0\0\0\n\304\217\222(\1\0\0003(\1\0\0\0\0\0", 3200, MSG_DONTWAIT, NULL, NULL) = 32
17572 1783934593.928699 recvfrom(59, 0x7fe216cc30, 3200, MSG_DONTWAIT, NULL, NULL) = -1 EAGAIN (Try again)
17572 1783934593.929156 recvfrom(90, 0x75d352a420, 2272, MSG_DONTWAIT, NULL, NULL) = -1 EAGAIN (Try again)
17610 1783934605.982780 exit(0)         = ?
17610 1783934605.982853 +++ exited with 0 +++
17623 1783934606.034306 faccessat(AT_FDCWD, "/proc/self/task/17610", F_OK) = -1 ENOENT (No such file or directory)
17572 1783934606.457085 recvfrom(90, "\2\0\0\0\0\0\0\0u\3\0\0\0\0\0\0@\230F}+\1\0\0\1\0\0\0\2\20\0\0"..., 2272, MSG_DONTWAIT, NULL, NULL) = 232
17572 1783934606.457481 sendto(90, "\3\0\0\0\0\0\0\0u\3\0\0\1\0\0\0", 16, MSG_DONTWAIT|MSG_NOSIGNAL, NULL, 0) = 16
17572 1783934606.457724 recvfrom(90, 0x75d352a420, 2272, MSG_DONTWAIT, NULL, NULL) = -1 EAGAIN (Try again)
17572 1783934606.458431 recvfrom(90, "\2\0\0\0\0\0\0\0w\3\0\0\0\0\0\0@\230F}+\1\0\0\1\0\0\0\2\20\0\0"..., 2272, MSG_DONTWAIT, NULL, NULL) = 232
17572 1783934606.458725 recvfrom(59, 0x7fe21691c0, 3200, MSG_DONTWAIT, NULL, NULL) = -1 EAGAIN (Try again)
17572 1783934606.460748 sendto(90, "\3\0\0\0\0\0\0\0w\3\0\0\1\0\0\0", 16, MSG_DONTWAIT|MSG_NOSIGNAL, NULL, 0) = 16
17572 1783934606.460945 recvfrom(90, 0x75d352a420, 2272, MSG_DONTWAIT, NULL, NULL) = -1 EAGAIN (Try again)
17572 1783934606.461877 recvfrom(59, "nysv\0\0\0\0\0\0\0\0\0\0\0\0Q&\234}+\1\0\0\33+\1\0\0\0\0\0", 3200, MSG_DONTWAIT, NULL, NULL) = 32
17572 1783934606.462109 recvfrom(59, 0x7fe216cc30, 3200, MSG_DONTWAIT, NULL, NULL) = -1 EAGAIN (Try again)
17572 1783934606.462385 recvfrom(90, 0x75d352a420, 2272, MSG_DONTWAIT, NULL, NULL) = -1 EAGAIN (Try again)
17572 1783934606.463093 recvfrom(59, 0x7fe216cb90, 3200, MSG_DONTWAIT, NULL, NULL) = -1 EAGAIN (Try again)
17596 1783934606.473453 recvfrom(50, 0x757b475eb0, 3200, MSG_DONTWAIT, NULL, NULL) = -1 EAGAIN (Try again)
17596 1783934606.476239 recvfrom(50, 0x757b475eb0, 3200, MSG_DONTWAIT, NULL, NULL) = -1 EAGAIN (Try again)
17596 1783934606.478143 recvfrom(50, "nysv\0\0\0\0\0\0\0\0\0\0\0\0006\305\232~+\1\0\0\34+\1\0\0\0\0\0", 3200, MSG_DONTWAIT, NULL, NULL) = 32
17596 1783934606.478174 recvfrom(50, 0x757b475c80, 3200, MSG_DONTWAIT, NULL, NULL) = -1 EAGAIN (Try again)
17572 1783934606.486862 recvfrom(59, "nysv\0\0\0\0\0\0\0\0\0\0\0\0006\305\232~+\1\0\0\34+\1\0\0\0\0\0", 3200, MSG_DONTWAIT, NULL, NULL) = 32
17572 1783934606.487070 recvfrom(59, 0x7fe216cc30, 3200, MSG_DONTWAIT, NULL, NULL) = -1 EAGAIN (Try again)
17572 1783934606.489555 recvfrom(59, 0x7fe216cb90, 3200, MSG_DONTWAIT, NULL, NULL) = -1 EAGAIN (Try again)
17572 1783934606.496796 recvfrom(59, "nysv\0\0\0\0\0\0\0\0\0\0\0\0m\27\231\177+\1\0\0\35+\1\0\0\0\0\0", 3200, MSG_DONTWAIT, NULL, NULL) = 32
17572 1783934606.497214 recvfrom(59, 0x7fe216cc30, 3200, MSG_DONTWAIT, NULL, NULL) = -1 EAGAIN (Try again)
17572 1783934606.497830 recvfrom(70, 0x756c00b420, 2272, MSG_DONTWAIT, NULL, NULL) = -1 EAGAIN (Try again)
17572 1783934606.498160 recvfrom(59, 0x7fe216cb90, 3200, MSG_DONTWAIT, NULL, NULL) = -1 EAGAIN (Try again)
17572 1783934606.513571 recvfrom(59, "nysv\0\0\0\0\0\0\0\0\0\0\0\0\3\235\227\200+\1\0\0\36+\1\0\0\0\0\0", 3200, MSG_DONTWAIT, NULL, NULL) = 32
17572 1783934606.517463 recvfrom(59, 0x7fe216cc30, 3200, MSG_DONTWAIT, NULL, NULL) = -1 EAGAIN (Try again)
17572 1783934606.521021 recvfrom(59, 0x7fe216cb90, 3200, MSG_DONTWAIT, NULL, NULL) = -1 EAGAIN (Try again)
17572 1783934606.529464 recvfrom(59, "nysv\0\0\0\0\0\0\0\0\0\0\0\0-\355\225\201+\1\0\0\37+\1\0\0\0\0\0", 3200, MSG_DONTWAIT, NULL, NULL) = 32
17572 1783934606.529842 recvfrom(59, 0x7fe216cc30, 3200, MSG_DONTWAIT, NULL, NULL) = -1 EAGAIN (Try again)
17572 1783934606.530397 recvfrom(59, 0x7fe216cb90, 3200, MSG_DONTWAIT, NULL, NULL) = -1 EAGAIN (Try again)
17572 1783934606.545646 recvfrom(59, "nysv\0\0\0\0\0\0\0\0\0\0\0\0Sl\224\202+\1\0\0 +\1\0\0\0\0\0", 3200, MSG_DONTWAIT, NULL, NULL) = 32
17572 1783934606.546175 recvfrom(59, 0x7fe216cc30, 3200, MSG_DONTWAIT, NULL, NULL) = -1 EAGAIN (Try again)
17572 1783934606.546703 recvfrom(59, 0x7fe216cb90, 3200, MSG_DONTWAIT, NULL, NULL) = -1 EAGAIN (Try again)
17572 1783934606.563559 recvfrom(59, "nysv\0\0\0\0\0\0\0\0\0\0\0\0}\274\222\203+\1\0\0!+\1\0\0\0\0\0", 3200, MSG_DONTWAIT, NULL, NULL) = 32
17572 1783934606.563900 recvfrom(59, 0x7fe216cc30, 3200, MSG_DONTWAIT, NULL, NULL) = -1 EAGAIN (Try again)
17572 1783934606.564488 recvfrom(59, 0x7fe216cb90, 3200, MSG_DONTWAIT, NULL, NULL) = -1 EAGAIN (Try again)
17572 1783934606.580146 recvfrom(59, "nysv\0\0\0\0\0\0\0\0\0\0\0\0\235\3\221\204+\1\0\0\"+\1\0\0\0\0\0", 3200, MSG_DONTWAIT, NULL, NULL) = 32
17572 1783934606.580365 recvfrom(59, 0x7fe216cc30, 3200, MSG_DONTWAIT, NULL, NULL) = -1 EAGAIN (Try again)
17572 1783934606.580889 recvfrom(59, 0x7fe216cb90, 3200, MSG_DONTWAIT, NULL, NULL) = -1 EAGAIN (Try again)
17572 1783934606.597035 recvfrom(59, "nysv\0\0\0\0\0\0\0\0\0\0\0\0\3055\217\205+\1\0\0#+\1\0\0\0\0\0", 3200, MSG_DONTWAIT, NULL, NULL) = 32
17572 1783934606.597340 recvfrom(59, 0x7fe216cc30, 3200, MSG_DONTWAIT, NULL, NULL) = -1 EAGAIN (Try again)
17572 1783934606.597945 recvfrom(59, 0x7fe216cb90, 3200, MSG_DONTWAIT, NULL, NULL) = -1 EAGAIN (Try again)
17572 1783934606.613773 recvfrom(59, "nysv\0\0\0\0\0\0\0\0\0\0\0\0w]\215\206+\1\0\0$+\1\0\0\0\0\0", 3200, MSG_DONTWAIT, NULL, NULL) = 32
17572 1783934606.614202 recvfrom(59, 0x7fe216cc30, 3200, MSG_DONTWAIT, NULL, NULL) = -1 EAGAIN (Try again)
17572 1783934606.614677 recvfrom(59, 0x7fe216cb90, 3200, MSG_DONTWAIT, NULL, NULL) = -1 EAGAIN (Try again)
17572 1783934606.628552 recvfrom(59, "nysv\0\0\0\0\0\0\0\0\0\0\0\0\217\366\213\207+\1\0\0%+\1\0\0\0\0\0", 3200, MSG_DONTWAIT, NULL, NULL) = 32
17572 1783934606.628925 recvfrom(59, 0x7fe216cc30, 3200, MSG_DONTWAIT, NULL, NULL) = -1 EAGAIN (Try again)
17572 1783934606.629562 recvfrom(59, 0x7fe216cb90, 3200, MSG_DONTWAIT, NULL, NULL) = -1 EAGAIN (Try again)
17572 1783934606.646588 recvfrom(59, "nysv\0\0\0\0\0\0\0\0\0\0\0\0\213d\212\210+\1\0\0&+\1\0\0\0\0\0", 3200, MSG_DONTWAIT, NULL, NULL) = 32
17572 1783934606.650304 recvfrom(59, 0x7fe216cc30, 3200, MSG_DONTWAIT, NULL, NULL) = -1 EAGAIN (Try again)
17572 1783934606.651007 recvfrom(59, 0x7fe216cb90, 3200, MSG_DONTWAIT, NULL, NULL) = -1 EAGAIN (Try again)
17572 1783934606.665322 recvfrom(59, "nysv\0\0\0\0\0\0\0\0\0\0\0\0\330B\210\211+\1\0\0'+\1\0\0\0\0\0", 3200, MSG_DONTWAIT, NULL, NULL) = 32
17572 1783934606.665999 recvfrom(59, 0x7fe216cc30, 3200, MSG_DONTWAIT, NULL, NULL) = -1 EAGAIN (Try again)
17572 1783934606.666366 recvfrom(59, 0x7fe216cb90, 3200, MSG_DONTWAIT, NULL, NULL) = -1 EAGAIN (Try again)
17572 1783934606.679406 recvfrom(59, "nysv\0\0\0\0\0\0\0\0\0\0\0\0 \271\206\212+\1\0\0(+\1\0\0\0\0\0", 3200, MSG_DONTWAIT, NULL, NULL) = 32
17572 1783934606.679661 recvfrom(59, 0x7fe216cc30, 3200, MSG_DONTWAIT, NULL, NULL) = -1 EAGAIN (Try again)
17572 1783934606.682786 recvfrom(59, 0x7fe216cb90, 3200, MSG_DONTWAIT, NULL, NULL) = -1 EAGAIN (Try again)
17572 1783934606.695003 recvfrom(59, "nysv\0\0\0\0\0\0\0\0\0\0\0\0\216q\205\213+\1\0\0)+\1\0\0\0\0\0", 3200, MSG_DONTWAIT, NULL, NULL) = 32
17572 1783934606.695454 recvfrom(59, 0x7fe216cc30, 3200, MSG_DONTWAIT, NULL, NULL) = -1 EAGAIN (Try again)
17572 1783934606.695744 recvfrom(59, 0x7fe216cb90, 3200, MSG_DONTWAIT, NULL, NULL) = -1 EAGAIN (Try again)
17572 1783934606.717675 recvfrom(59, "nysv\0\0\0\0\0\0\0\0\0\0\0\0\252\236\202\214+\1\0\0*+\1\0\0\0\0\0", 3200, MSG_DONTWAIT, NULL, NULL) = 32
17572 1783934606.717829 recvfrom(59, 0x7fe216cc30, 3200, MSG_DONTWAIT, NULL, NULL) = -1 EAGAIN (Try again)
17572 1783934606.718120 recvfrom(59, 0x7fe216cb90, 3200, MSG_DONTWAIT, NULL, NULL) = -1 EAGAIN (Try again)
17572 1783934606.729329 recvfrom(59, "nysv\0\0\0\0\0\0\0\0\0\0\0\0\3\6\201\215+\1\0\0++\1\0\0\0\0\0", 3200, MSG_DONTWAIT, NULL, NULL) = 32
17572 1783934606.729776 recvfrom(59, 0x7fe216cc30, 3200, MSG_DONTWAIT, NULL, NULL) = -1 EAGAIN (Try again)
17572 1783934606.730173 recvfrom(59, 0x7fe216cb90, 3200, MSG_DONTWAIT, NULL, NULL) = -1 EAGAIN (Try again)
17572 1783934606.750113 recvfrom(59, "nysv\0\0\0\0\0\0\0\0\0\0\0\0\271g~\216+\1\0\0,+\1\0\0\0\0\0", 3200, MSG_DONTWAIT, NULL, NULL) = 32
17572 1783934606.750314 recvfrom(59, 0x7fe216cc30, 3200, MSG_DONTWAIT, NULL, NULL) = -1 EAGAIN (Try again)
17572 1783934606.750735 recvfrom(59, 0x7fe216cb90, 3200, MSG_DONTWAIT, NULL, NULL) = -1 EAGAIN (Try again)
17572 1783934606.762122 recvfrom(59, "nysv\0\0\0\0\0\0\0\0\0\0\0\0\213\344|\217+\1\0\0-+\1\0\0\0\0\0", 3200, MSG_DONTWAIT, NULL, NULL) = 32
17572 1783934606.762283 recvfrom(59, 0x7fe216cc30, 3200, MSG_DONTWAIT, NULL, NULL) = -1 EAGAIN (Try again)
17572 1783934606.762572 recvfrom(59, 0x7fe216cb90, 3200, MSG_DONTWAIT, NULL, NULL) = -1 EAGAIN (Try again)
17572 1783934606.783474 recvfrom(59, "nysv\0\0\0\0\0\0\0\0\0\0\0\0\303\277z\220+\1\0\0.+\1\0\0\0\0\0", 3200, MSG_DONTWAIT, NULL, NULL) = 32
17572 1783934606.783650 recvfrom(59, 0x7fe216cc30, 3200, MSG_DONTWAIT, NULL, NULL) = -1 EAGAIN (Try again)
17572 1783934606.784093 recvfrom(59, 0x7fe216cb90, 3200, MSG_DONTWAIT, NULL, NULL) = -1 EAGAIN (Try again)
17572 1783934606.798213 recvfrom(59, "nysv\0\0\0\0\0\0\0\0\0\0\0\0\355\17y\221+\1\0\0/+\1\0\0\0\0\0", 3200, MSG_DONTWAIT, NULL, NULL) = 32
17572 1783934606.798451 recvfrom(59, 0x7fe216cc30, 3200, MSG_DONTWAIT, NULL, NULL) = -1 EAGAIN (Try again)
17572 1783934606.798859 recvfrom(59, 0x7fe216cb90, 3200, MSG_DONTWAIT, NULL, NULL) = -1 EAGAIN (Try again)
17572 1783934606.814252 recvfrom(59, "nysv\0\0\0\0\0\0\0\0\0\0\0\0\27`w\222+\1\0\0000+\1\0\0\0\0\0", 3200, MSG_DONTWAIT, NULL, NULL) = 32
17572 1783934606.814452 recvfrom(59, 0x7fe216cc30, 3200, MSG_DONTWAIT, NULL, NULL) = -1 EAGAIN (Try again)
17572 1783934606.814879 recvfrom(59, 0x7fe216cb90, 3200, MSG_DONTWAIT, NULL, NULL) = -1 EAGAIN (Try again)
17572 1783934606.834975 recvfrom(59, "nysv\0\0\0\0\0\0\0\0\0\0\0\0A\260u\223+\1\0\0001+\1\0\0\0\0\0", 3200, MSG_DONTWAIT, NULL, NULL) = 32
17572 1783934606.835189 recvfrom(59, 0x7fe216cc30, 3200, MSG_DONTWAIT, NULL, NULL) = -1 EAGAIN (Try again)
17572 1783934606.835611 recvfrom(59, 0x7fe216cb90, 3200, MSG_DONTWAIT, NULL, NULL) = -1 EAGAIN (Try again)
17572 1783934606.847892 recvfrom(59, "nysv\0\0\0\0\0\0\0\0\0\0\0\0k\0t\224+\1\0\0002+\1\0\0\0\0\0", 3200, MSG_DONTWAIT, NULL, NULL) = 32
17572 1783934606.848246 recvfrom(59, 0x7fe216cc30, 3200, MSG_DONTWAIT, NULL, NULL) = -1 EAGAIN (Try again)
17593 1783934619.883966 openat(AT_FDCWD, "/data/misc/profiles/cur/0/app.pachli/primary.prof", O_RDWR|O_NOFOLLOW|O_CLOEXEC) = 89
17593 1783934619.884941 newfstatat(AT_FDCWD, "/data/misc/profiles/cur/0/app.pachli/primary.prof", {st_mode=S_IFREG|0600, st_size=10638, ...}, 0) = 0
17572 1783934623.109766 recvfrom(70, "\2\0\0\0\0\0\0\0{\3\0\0\0\0\0\0@\363\317]/\1\0\0\1\0\0\0\2\20\0\0"..., 2272, MSG_DONTWAIT, NULL, NULL) = 232
17572 1783934623.110624 sendto(70, "\3\0\0\0\0\0\0\0{\3\0\0\1\0\0\0", 16, MSG_DONTWAIT|MSG_NOSIGNAL, NULL, 0) = 16
17572 1783934623.110953 recvfrom(70, 0x756c00b420, 2272, MSG_DONTWAIT, NULL, NULL) = -1 EAGAIN (Try again)
17572 1783934623.111762 recvfrom(70, "\2\0\0\0\0\0\0\0}\3\0\0\0\0\0\0@\363\317]/\1\0\0\1\0\0\0\2\20\0\0"..., 2272, MSG_DONTWAIT, NULL, NULL) = 232
17572 1783934623.112175 sendto(70, "\3\0\0\0\0\0\0\0}\3\0\0\1\0\0\0", 16, MSG_DONTWAIT|MSG_NOSIGNAL, NULL, 0) = 16
17572 1783934623.112352 recvfrom(70, 0x756c00b420, 2272, MSG_DONTWAIT, NULL, NULL) = -1 EAGAIN (Try again)
17626 1783934623.125420 sendmsg(87, {msg_name=NULL, msg_namelen=0, msg_iov=[{iov_base="l\1\1\1\24\1\0\0M\0\0\0\235\0\0\0\1\1o\0;\0\0\0/re/frid"..., iov_len=452}], msg_iovlen=1, msg_controllen=0, msg_flags=0}, MSG_NOSIGNAL) = 452
17572 1783934623.134949 recvfrom(59, 0x7fe216c220, 3200, MSG_DONTWAIT, NULL, NULL) = -1 EAGAIN (Try again)
17572 1783934623.146462 recvfrom(59, "nysv\0\0\0\0\0\0\0\0\0\0\0\0V\370\2`/\1\0\0\373.\1\0\0\0\0\0", 3200, MSG_DONTWAIT, NULL, NULL) = 32
17572 1783934623.146755 recvfrom(59, 0x7fe216cc30, 3200, MSG_DONTWAIT, NULL, NULL) = -1 EAGAIN (Try again)
17572 1783934623.147184 recvfrom(90, 0x75d3529820, 2272, MSG_DONTWAIT, NULL, NULL) = -1 EAGAIN (Try again)
17572 1783934623.148719 recvfrom(59, 0x7fe216c620, 3200, MSG_DONTWAIT, NULL, NULL) = -1 EAGAIN (Try again)
17572 1783934623.167012 recvfrom(59, "nysv\0\0\0\0\0\0\0\0\0\0\0\0\251\226\1a/\1\0\0\374.\1\0\0\0\0\0", 3200, MSG_DONTWAIT, NULL, NULL) = 32
17572 1783934623.167628 recvfrom(59, 0x7fe216cc30, 3200, MSG_DONTWAIT, NULL, NULL) = -1 EAGAIN (Try again)
17572 1783934623.168952 recvfrom(90, 0x75d3529820, 2272, MSG_DONTWAIT, NULL, NULL) = -1 EAGAIN (Try again)
17572 1783934623.173041 recvfrom(59, 0x7fe216cc80, 3200, MSG_DONTWAIT, NULL, NULL) = -1 EAGAIN (Try again)
17572 1783934623.180819 recvfrom(59, "nysv\0\0\0\0\0\0\0\0\0\0\0\0h\322\377a/\1\0\0\375.\1\0\0\0\0\0", 3200, MSG_DONTWAIT, NULL, NULL) = 32
17572 1783934623.181114 recvfrom(59, 0x7fe216cc30, 3200, MSG_DONTWAIT, NULL, NULL) = -1 EAGAIN (Try again)
17572 1783934623.184078 recvfrom(90, 0x75d3529820, 2272, MSG_DONTWAIT, NULL, NULL) = -1 EAGAIN (Try again)
17572 1783934623.184418 recvfrom(70, 0x756c00b420, 2272, MSG_DONTWAIT, NULL, NULL) = -1 EAGAIN (Try again)
17572 1783934624.752448 recvfrom(59, 0x7fe216ca00, 3200, MSG_DONTWAIT, NULL, NULL) = -1 EAGAIN (Try again)
17572 1783934624.765980 recvfrom(59, "nysv\0\0\0\0\0\0\0\0\0\0\0\0\311\240^\300/\1\0\0[/\1\0\0\0\0\0", 3200, MSG_DONTWAIT, NULL, NULL) = 32
17572 1783934624.766168 recvfrom(59, 0x7fe216cc30, 3200, MSG_DONTWAIT, NULL, NULL) = -1 EAGAIN (Try again)
17572 1783934624.766467 recvfrom(90, 0x75d3529820, 2272, MSG_DONTWAIT, NULL, NULL) = -1 EAGAIN (Try again)
17572 1783934624.766870 recvfrom(59, 0x7fe216bc30, 3200, MSG_DONTWAIT, NULL, NULL) = -1 EAGAIN (Try again)
17572 1783934624.781544 recvfrom(59, "nysv\0\0\0\0\0\0\0\0\0\0\0\0\363\360\\\301/\1\0\0\\/\1\0\0\0\0\0", 3200, MSG_DONTWAIT, NULL, NULL) = 32
17572 1783934624.781822 recvfrom(59, 0x7fe216cc30, 3200, MSG_DONTWAIT, NULL, NULL) = -1 EAGAIN (Try again)
17572 1783934624.782336 recvfrom(90, 0x75d3529820, 2272, MSG_DONTWAIT, NULL, NULL) = -1 EAGAIN (Try again)
17572 1783934624.785312 recvfrom(59, 0x7fe216bc30, 3200, MSG_DONTWAIT, NULL, NULL) = -1 EAGAIN (Try again)
17572 1783934624.795556 recvfrom(59, "nysv\0\0\0\0\0\0\0\0\0\0\0\0\23r[\302/\1\0\0]/\1\0\0\0\0\0", 3200, MSG_DONTWAIT, NULL, NULL) = 32
17572 1783934624.795846 recvfrom(59, 0x7fe216cc30, 3200, MSG_DONTWAIT, NULL, NULL) = -1 EAGAIN (Try again)
17572 1783934624.796193 recvfrom(90, 0x75d3529820, 2272, MSG_DONTWAIT, NULL, NULL) = -1 EAGAIN (Try again)
17572 1783934624.801036 recvfrom(59, 0x7fe216bc30, 3200, MSG_DONTWAIT, NULL, NULL) = -1 EAGAIN (Try again)
17572 1783934624.812701 recvfrom(59, "nysv\0\0\0\0\0\0\0\0\0\0\0\0\274\325Y\303/\1\0\0^/\1\0\0\0\0\0", 3200, MSG_DONTWAIT, NULL, NULL) = 32
17572 1783934624.812929 recvfrom(59, 0x7fe216cc30, 3200, MSG_DONTWAIT, NULL, NULL) = -1 EAGAIN (Try again)
17572 1783934624.813375 recvfrom(90, 0x75d3529820, 2272, MSG_DONTWAIT, NULL, NULL) = -1 EAGAIN (Try again)
17572 1783934624.817099 recvfrom(59, 0x7fe216bc30, 3200, MSG_DONTWAIT, NULL, NULL) = -1 EAGAIN (Try again)
17572 1783934624.830401 recvfrom(59, "nysv\0\0\0\0\0\0\0\0\0\0\0\0V\375W\304/\1\0\0_/\1\0\0\0\0\0", 3200, MSG_DONTWAIT, NULL, NULL) = 32
17572 1783934624.830803 recvfrom(59, 0x7fe216cc30, 3200, MSG_DONTWAIT, NULL, NULL) = -1 EAGAIN (Try again)
17572 1783934624.831089 recvfrom(90, 0x75d3529820, 2272, MSG_DONTWAIT, NULL, NULL) = -1 EAGAIN (Try again)
17572 1783934624.837953 recvfrom(59, 0x7fe216bc30, 3200, MSG_DONTWAIT, NULL, NULL) = -1 EAGAIN (Try again)
17572 1783934624.845972 recvfrom(59, "nysv\0\0\0\0\0\0\0\0\0\0\0\0\320dV\305/\1\0\0`/\1\0\0\0\0\0", 3200, MSG_DONTWAIT, NULL, NULL) = 32
17572 1783934624.846256 recvfrom(59, 0x7fe216cc30, 3200, MSG_DONTWAIT, NULL, NULL) = -1 EAGAIN (Try again)
17572 1783934624.846657 recvfrom(90, 0x75d3529820, 2272, MSG_DONTWAIT, NULL, NULL) = -1 EAGAIN (Try again)
17572 1783934624.847553 recvfrom(59, 0x7fe216bc30, 3200, MSG_DONTWAIT, NULL, NULL) = -1 EAGAIN (Try again)
17572 1783934624.863587 recvfrom(59, "nysv\0\0\0\0\0\0\0\0\0\0\0\0\210\240T\306/\1\0\0a/\1\0\0\0\0\0", 3200, MSG_DONTWAIT, NULL, NULL) = 32
17572 1783934624.863888 recvfrom(59, 0x7fe216cc30, 3200, MSG_DONTWAIT, NULL, NULL) = -1 EAGAIN (Try again)
17572 1783934624.864183 recvfrom(90, 0x75d3529820, 2272, MSG_DONTWAIT, NULL, NULL) = -1 EAGAIN (Try again)
17572 1783934624.864899 recvfrom(59, 0x7fe216bc30, 3200, MSG_DONTWAIT, NULL, NULL) = -1 EAGAIN (Try again)
17572 1783934624.879554 recvfrom(59, "nysv\0\0\0\0\0\0\0\0\0\0\0\0\353\375R\307/\1\0\0b/\1\0\0\0\0\0", 3200, MSG_DONTWAIT, NULL, NULL) = 32
17572 1783934624.879818 recvfrom(59, 0x7fe216cc30, 3200, MSG_DONTWAIT, NULL, NULL) = -1 EAGAIN (Try again)
17572 1783934624.880306 recvfrom(90, 0x75d3529820, 2272, MSG_DONTWAIT, NULL, NULL) = -1 EAGAIN (Try again)
17572 1783934624.883418 recvfrom(59, 0x7fe216bc30, 3200, MSG_DONTWAIT, NULL, NULL) = -1 EAGAIN (Try again)
17572 1783934624.895220 recvfrom(59, "nysv\0\0\0\0\0\0\0\0\0\0\0\0GYQ\310/\1\0\0c/\1\0\0\0\0\0", 3200, MSG_DONTWAIT, NULL, NULL) = 32
17572 1783934624.895578 recvfrom(59, 0x7fe216cc30, 3200, MSG_DONTWAIT, NULL, NULL) = -1 EAGAIN (Try again)
17572 1783934624.895920 recvfrom(90, 0x75d3529820, 2272, MSG_DONTWAIT, NULL, NULL) = -1 EAGAIN (Try again)
17572 1783934624.901550 recvfrom(59, 0x7fe216bc30, 3200, MSG_DONTWAIT, NULL, NULL) = -1 EAGAIN (Try again)
17572 1783934624.913913 recvfrom(59, "nysv\0\0\0\0\0\0\0\0\0\0\0\0\303rO\311/\1\0\0d/\1\0\0\0\0\0", 3200, MSG_DONTWAIT, NULL, NULL) = 32
17572 1783934624.914185 recvfrom(59, 0x7fe216cc30, 3200, MSG_DONTWAIT, NULL, NULL) = -1 EAGAIN (Try again)
17572 1783934624.914649 recvfrom(90, 0x75d3529820, 2272, MSG_DONTWAIT, NULL, NULL) = -1 EAGAIN (Try again)
17572 1783934624.918184 recvfrom(59, 0x7fe216bc30, 3200, MSG_DONTWAIT, NULL, NULL) = -1 EAGAIN (Try again)
17572 1783934624.929120 recvfrom(59, "nysv\0\0\0\0\0\0\0\0\0\0\0\0\340\345M\312/\1\0\0e/\1\0\0\0\0\0", 3200, MSG_DONTWAIT, NULL, NULL) = 32
17572 1783934624.929410 recvfrom(59, 0x7fe216cc30, 3200, MSG_DONTWAIT, NULL, NULL) = -1 EAGAIN (Try again)
17572 1783934624.929781 recvfrom(90, 0x75d3529820, 2272, MSG_DONTWAIT, NULL, NULL) = -1 EAGAIN (Try again)
17572 1783934624.932522 recvfrom(59, 0x7fe216bc30, 3200, MSG_DONTWAIT, NULL, NULL) = -1 EAGAIN (Try again)
17572 1783934624.947001 recvfrom(59, "nysv\0\0\0\0\0\0\0\0\0\0\0\0:\24L\313/\1\0\0f/\1\0\0\0\0\0", 3200, MSG_DONTWAIT, NULL, NULL) = 32
17572 1783934624.947229 recvfrom(59, 0x7fe216cc30, 3200, MSG_DONTWAIT, NULL, NULL) = -1 EAGAIN (Try again)
17572 1783934624.947576 recvfrom(90, 0x75d3529820, 2272, MSG_DONTWAIT, NULL, NULL) = -1 EAGAIN (Try again)
17572 1783934624.953579 recvfrom(59, 0x7fe216bc30, 3200, MSG_DONTWAIT, NULL, NULL) = -1 EAGAIN (Try again)
17572 1783934624.962704 recvfrom(59, "nysv\0\0\0\0\0\0\0\0\0\0\0\0\2yJ\314/\1\0\0g/\1\0\0\0\0\0", 3200, MSG_DONTWAIT, NULL, NULL) = 32
17572 1783934624.963011 recvfrom(59, 0x7fe216cc30, 3200, MSG_DONTWAIT, NULL, NULL) = -1 EAGAIN (Try again)
17572 1783934624.963425 recvfrom(90, 0x75d3529820, 2272, MSG_DONTWAIT, NULL, NULL) = -1 EAGAIN (Try again)
17572 1783934624.965437 recvfrom(59, 0x7fe216bc30, 3200, MSG_DONTWAIT, NULL, NULL) = -1 EAGAIN (Try again)
17572 1783934624.979503 recvfrom(59, "nysv\0\0\0\0\0\0\0\0\0\0\0\0\254\325H\315/\1\0\0h/\1\0\0\0\0\0", 3200, MSG_DONTWAIT, NULL, NULL) = 32
17572 1783934624.979719 recvfrom(59, 0x7fe216cc30, 3200, MSG_DONTWAIT, NULL, NULL) = -1 EAGAIN (Try again)
17572 1783934624.980063 recvfrom(90, 0x75d3529820, 2272, MSG_DONTWAIT, NULL, NULL) = -1 EAGAIN (Try again)
17572 1783934624.980688 recvfrom(59, 0x7fe216bc30, 3200, MSG_DONTWAIT, NULL, NULL) = -1 EAGAIN (Try again)
17572 1783934624.996291 recvfrom(59, "nysv\0\0\0\0\0\0\0\0\0\0\0\0@-G\316/\1\0\0i/\1\0\0\0\0\0", 3200, MSG_DONTWAIT, NULL, NULL) = 32
17572 1783934624.996568 recvfrom(59, 0x7fe216cc30, 3200, MSG_DONTWAIT, NULL, NULL) = -1 EAGAIN (Try again)
17572 1783934624.997662 recvfrom(90, 0x75d3529820, 2272, MSG_DONTWAIT, NULL, NULL) = -1 EAGAIN (Try again)
17572 1783934624.998821 recvfrom(59, 0x7fe216bc30, 3200, MSG_DONTWAIT, NULL, NULL) = -1 EAGAIN (Try again)
17572 1783934625.012167 recvfrom(59, "nysv\0\0\0\0\0\0\0\0\0\0\0\0s\263E\317/\1\0\0j/\1\0\0\0\0\0", 3200, MSG_DONTWAIT, NULL, NULL) = 32
17572 1783934625.012529 recvfrom(59, 0x7fe216cc30, 3200, MSG_DONTWAIT, NULL, NULL) = -1 EAGAIN (Try again)
17572 1783934625.013067 recvfrom(90, 0x75d3529820, 2272, MSG_DONTWAIT, NULL, NULL) = -1 EAGAIN (Try again)
17572 1783934625.014123 recvfrom(59, 0x7fe216bc30, 3200, MSG_DONTWAIT, NULL, NULL) = -1 EAGAIN (Try again)
17572 1783934625.029829 recvfrom(59, "nysv\0\0\0\0\0\0\0\0\0\0\0\0\243\374C\320/\1\0\0k/\1\0\0\0\0\0", 3200, MSG_DONTWAIT, NULL, NULL) = 32
17572 1783934625.030321 recvfrom(59, 0x7fe216cc30, 3200, MSG_DONTWAIT, NULL, NULL) = -1 EAGAIN (Try again)
17572 1783934625.037455 recvfrom(90, 0x75d3529820, 2272, MSG_DONTWAIT, NULL, NULL) = -1 EAGAIN (Try again)
17605 1783934635.002720 exit(0)         = ?
17605 1783934635.003218 +++ exited with 0 +++
17623 1783934635.052979 faccessat(AT_FDCWD, "/proc/self/task/17605", F_OK) = -1 ENOENT (No such file or directory)
17572 1783934642.689794 recvfrom(90, "\2\0\0\0\0\0\0\0\201\3\0\0\0\0\0\0@\n\337\3543\1\0\0\1\0\0\0\2\20\0\0"..., 2272, MSG_DONTWAIT, NULL, NULL) = 232
17572 1783934642.690750 sendto(90, "\3\0\0\0\0\0\0\0\201\3\0\0\1\0\0\0", 16, MSG_DONTWAIT|MSG_NOSIGNAL, NULL, 0) = 16
17572 1783934642.691005 recvfrom(90, 0x75d3529820, 2272, MSG_DONTWAIT, NULL, NULL) = -1 EAGAIN (Try again)
17572 1783934642.691600 recvfrom(90, "\2\0\0\0\0\0\0\0\203\3\0\0\0\0\0\0@\n\337\3543\1\0\0\1\0\0\0\2\20\0\0"..., 2272, MSG_DONTWAIT, NULL, NULL) = 232
17572 1783934642.691969 recvfrom(59, 0x7fe21691c0, 3200, MSG_DONTWAIT, NULL, NULL) = -1 EAGAIN (Try again)
17572 1783934642.693305 sendto(90, "\3\0\0\0\0\0\0\0\203\3\0\0\1\0\0\0", 16, MSG_DONTWAIT|MSG_NOSIGNAL, NULL, 0) = 16
17572 1783934642.693639 recvfrom(90, 0x75d3529820, 2272, MSG_DONTWAIT, NULL, NULL) = -1 EAGAIN (Try again)
17572 1783934642.695013 recvfrom(59, "nysv\0\0\0\0\0\0\0\0\0\0\0\0\nVH\3553\1\0\0\2103\1\0\0\0\0\0", 3200, MSG_DONTWAIT, NULL, NULL) = 32
17572 1783934642.695279 recvfrom(59, 0x7fe216cc30, 3200, MSG_DONTWAIT, NULL, NULL) = -1 EAGAIN (Try again)
17572 1783934642.695657 recvfrom(90, 0x75d3529820, 2272, MSG_DONTWAIT, NULL, NULL) = -1 EAGAIN (Try again)
17572 1783934642.695821 recvfrom(59, 0x7fe216cb90, 3200, MSG_DONTWAIT, NULL, NULL) = -1 EAGAIN (Try again)
17596 1783934642.702030 recvfrom(50, 0x757b475eb0, 3200, MSG_DONTWAIT, NULL, NULL) = -1 EAGAIN (Try again)
17596 1783934642.705442 recvfrom(50, 0x757b475eb0, 3200, MSG_DONTWAIT, NULL, NULL) = -1 EAGAIN (Try again)
17596 1783934642.712010 recvfrom(50, "nysv\0\0\0\0\0\0\0\0\0\0\0\0\274\351F\3563\1\0\0\2113\1\0\0\0\0\0", 3200, MSG_DONTWAIT, NULL, NULL) = 32
17596 1783934642.712035 recvfrom(50, 0x757b475c80, 3200, MSG_DONTWAIT, NULL, NULL) = -1 EAGAIN (Try again)
17572 1783934642.712593 recvfrom(59, "nysv\0\0\0\0\0\0\0\0\0\0\0\0\274\351F\3563\1\0\0\2113\1\0\0\0\0\0", 3200, MSG_DONTWAIT, NULL, NULL) = 32
17572 1783934642.712930 recvfrom(59, 0x7fe216cc30, 3200, MSG_DONTWAIT, NULL, NULL) = -1 EAGAIN (Try again)
17572 1783934642.726918 recvfrom(70, 0x756c00b420, 2272, MSG_DONTWAIT, NULL, NULL) = -1 EAGAIN (Try again)
17572 1783934642.727079 recvfrom(59, 0x7fe216cb90, 3200, MSG_DONTWAIT, NULL, NULL) = -1 EAGAIN (Try again)
17572 1783934642.746739 recvfrom(59, "nysv\0\0\0\0\0\0\0\0\0\0\0\0\352eE\3573\1\0\0\2123\1\0\0\0\0\0", 3200, MSG_DONTWAIT, NULL, NULL) = 32
17572 1783934642.749881 recvfrom(59, 0x7fe216cc30, 3200, MSG_DONTWAIT, NULL, NULL) = -1 EAGAIN (Try again)
17572 1783934642.753757 recvfrom(59, 0x7fe216cb90, 3200, MSG_DONTWAIT, NULL, NULL) = -1 EAGAIN (Try again)
17572 1783934642.763925 recvfrom(59, "nysv\0\0\0\0\0\0\0\0\0\0\0\0\320\336A\3613\1\0\0\2143\1\0\0\0\0\0", 3200, MSG_DONTWAIT, NULL, NULL) = 32
17572 1783934642.764246 recvfrom(59, 0x7fe216cc30, 3200, MSG_DONTWAIT, NULL, NULL) = -1 EAGAIN (Try again)
17572 1783934642.764947 recvfrom(59, 0x7fe216cb90, 3200, MSG_DONTWAIT, NULL, NULL) = -1 EAGAIN (Try again)
17572 1783934642.779444 recvfrom(59, "nysv\0\0\0\0\0\0\0\0\0\0\0\0iM@\3623\1\0\0\2153\1\0\0\0\0\0", 3200, MSG_DONTWAIT, NULL, NULL) = 32
17572 1783934642.779887 recvfrom(59, 0x7fe216cc30, 3200, MSG_DONTWAIT, NULL, NULL) = -1 EAGAIN (Try again)
17572 1783934642.783190 recvfrom(59, 0x7fe216cb90, 3200, MSG_DONTWAIT, NULL, NULL) = -1 EAGAIN (Try again)
17572 1783934642.796673 recvfrom(59, "nysv\0\0\0\0\0\0\0\0\0\0\0\0\23\225>\3633\1\0\0\2163\1\0\0\0\0\0", 3200, MSG_DONTWAIT, NULL, NULL) = 32
17572 1783934642.797006 recvfrom(59, 0x7fe216cc30, 3200, MSG_DONTWAIT, NULL, NULL) = -1 EAGAIN (Try again)
17572 1783934642.797551 recvfrom(59, 0x7fe216cb90, 3200, MSG_DONTWAIT, NULL, NULL) = -1 EAGAIN (Try again)
17572 1783934642.813802 recvfrom(59, "nysv\0\0\0\0\0\0\0\0\0\0\0\0\245\316<\3643\1\0\0\2173\1\0\0\0\0\0", 3200, MSG_DONTWAIT, NULL, NULL) = 32
17572 1783934642.814248 recvfrom(59, 0x7fe216cc30, 3200, MSG_DONTWAIT, NULL, NULL) = -1 EAGAIN (Try again)
17572 1783934642.820241 recvfrom(59, 0x7fe216cb90, 3200, MSG_DONTWAIT, NULL, NULL) = -1 EAGAIN (Try again)
17572 1783934642.830227 recvfrom(59, "nysv\0\0\0\0\0\0\0\0\0\0\0\0\214\10;\3653\1\0\0\2203\1\0\0\0\0\0", 3200, MSG_DONTWAIT, NULL, NULL) = 32
17572 1783934642.830724 recvfrom(59, 0x7fe216cc30, 3200, MSG_DONTWAIT, NULL, NULL) = -1 EAGAIN (Try again)
17572 1783934642.835036 recvfrom(59, 0x7fe216cb90, 3200, MSG_DONTWAIT, NULL, NULL) = -1 EAGAIN (Try again)
17572 1783934642.846909 recvfrom(59, "nysv\0\0\0\0\0\0\0\0\0\0\0\0\201G9\3663\1\0\0\2213\1\0\0\0\0\0", 3200, MSG_DONTWAIT, NULL, NULL) = 32
17572 1783934642.847501 recvfrom(59, 0x7fe216cc30, 3200, MSG_DONTWAIT, NULL, NULL) = -1 EAGAIN (Try again)
17572 1783934642.848189 recvfrom(59, 0x7fe216cb90, 3200, MSG_DONTWAIT, NULL, NULL) = -1 EAGAIN (Try again)
17572 1783934642.863558 recvfrom(59, "nysv\0\0\0\0\0\0\0\0\0\0\0\0\326\2677\3673\1\0\0\2223\1\0\0\0\0\0", 3200, MSG_DONTWAIT, NULL, NULL) = 32
17572 1783934642.863743 recvfrom(59, 0x7fe216cc30, 3200, MSG_DONTWAIT, NULL, NULL) = -1 EAGAIN (Try again)
17572 1783934642.864343 recvfrom(59, 0x7fe216cb90, 3200, MSG_DONTWAIT, NULL, NULL) = -1 EAGAIN (Try again)
17572 1783934642.886095 recvfrom(59, "nysv\0\0\0\0\0\0\0\0\0\0\0\0\37\0035\3703\1\0\0\2233\1\0\0\0\0\0", 3200, MSG_DONTWAIT, NULL, NULL) = 32
17572 1783934642.886914 recvfrom(59, 0x7fe216cc30, 3200, MSG_DONTWAIT, NULL, NULL) = -1 EAGAIN (Try again)
17572 1783934642.887434 recvfrom(59, 0x7fe216cb90, 3200, MSG_DONTWAIT, NULL, NULL) = -1 EAGAIN (Try again)
17572 1783934642.896258 recvfrom(59, "nysv\0\0\0\0\0\0\0\0\0\0\0\0\fb3\3713\1\0\0\2243\1\0\0\0\0\0", 3200, MSG_DONTWAIT, NULL, NULL) = 32
17572 1783934642.896616 recvfrom(59, 0x7fe216cc30, 3200, MSG_DONTWAIT, NULL, NULL) = -1 EAGAIN (Try again)
17572 1783934642.896909 recvfrom(59, 0x7fe216cb90, 3200, MSG_DONTWAIT, NULL, NULL) = -1 EAGAIN (Try again)
17572 1783934642.912228 recvfrom(59, "nysv\0\0\0\0\0\0\0\0\0\0\0\0\34\3371\3723\1\0\0\2253\1\0\0\0\0\0", 3200, MSG_DONTWAIT, NULL, NULL) = 32
17572 1783934642.912648 recvfrom(59, 0x7fe216cc30, 3200, MSG_DONTWAIT, NULL, NULL) = -1 EAGAIN (Try again)
17572 1783934642.912972 recvfrom(59, 0x7fe216cb90, 3200, MSG_DONTWAIT, NULL, NULL) = -1 EAGAIN (Try again)
17572 1783934642.933296 recvfrom(59, "nysv\0\0\0\0\0\0\0\0\0\0\0\0\235\363/\3733\1\0\0\2263\1\0\0\0\0\0", 3200, MSG_DONTWAIT, NULL, NULL) = 32
17572 1783934642.933482 recvfrom(59, 0x7fe216cc30, 3200, MSG_DONTWAIT, NULL, NULL) = -1 EAGAIN (Try again)
17572 1783934642.933798 recvfrom(59, 0x7fe216cb90, 3200, MSG_DONTWAIT, NULL, NULL) = -1 EAGAIN (Try again)
17572 1783934642.945136 recvfrom(59, "nysv\0\0\0\0\0\0\0\0\0\0\0\0\320\214.\3743\1\0\0\2273\1\0\0\0\0\0", 3200, MSG_DONTWAIT, NULL, NULL) = 32
17572 1783934642.945334 recvfrom(59, 0x7fe216cc30, 3200, MSG_DONTWAIT, NULL, NULL) = -1 EAGAIN (Try again)
17572 1783934642.945633 recvfrom(59, 0x7fe216cb90, 3200, MSG_DONTWAIT, NULL, NULL) = -1 EAGAIN (Try again)
17572 1783934642.964703 recvfrom(59, "nysv\0\0\0\0\0\0\0\0\0\0\0\0\361\223,\3753\1\0\0\2303\1\0\0\0\0\0", 3200, MSG_DONTWAIT, NULL, NULL) = 32
17572 1783934642.964873 recvfrom(59, 0x7fe216cc30, 3200, MSG_DONTWAIT, NULL, NULL) = -1 EAGAIN (Try again)
17572 1783934642.965213 recvfrom(59, 0x7fe216cb90, 3200, MSG_DONTWAIT, NULL, NULL) = -1 EAGAIN (Try again)
17572 1783934642.979284 recvfrom(59, "nysv\0\0\0\0\0\0\0\0\0\0\0\0\233\375*\3763\1\0\0\2313\1\0\0\0\0\0", 3200, MSG_DONTWAIT, NULL, NULL) = 32
17572 1783934642.979726 recvfrom(59, 0x7fe216cc30, 3200, MSG_DONTWAIT, NULL, NULL) = -1 EAGAIN (Try again)
17572 1783934642.980062 recvfrom(59, 0x7fe216cb90, 3200, MSG_DONTWAIT, NULL, NULL) = -1 EAGAIN (Try again)
17572 1783934642.996505 recvfrom(59, "nysv\0\0\0\0\0\0\0\0\0\0\0\0\373F)\3773\1\0\0\2323\1\0\0\0\0\0", 3200, MSG_DONTWAIT, NULL, NULL) = 32
17572 1783934642.996701 recvfrom(59, 0x7fe216cc30, 3200, MSG_DONTWAIT, NULL, NULL) = -1 EAGAIN (Try again)
17572 1783934642.997096 recvfrom(59, 0x7fe216cb90, 3200, MSG_DONTWAIT, NULL, NULL) = -1 EAGAIN (Try again)
17572 1783934643.012932 recvfrom(59, "nysv\0\0\0\0\0\0\0\0\0\0\0\0%\227'\0004\1\0\0\2333\1\0\0\0\0\0", 3200, MSG_DONTWAIT, NULL, NULL) = 32
17572 1783934643.013172 recvfrom(59, 0x7fe216cc30, 3200, MSG_DONTWAIT, NULL, NULL) = -1 EAGAIN (Try again)
17572 1783934643.013556 recvfrom(59, 0x7fe216cb90, 3200, MSG_DONTWAIT, NULL, NULL) = -1 EAGAIN (Try again)
17572 1783934643.036097 recvfrom(59, "nysv\0\0\0\0\0\0\0\0\0\0\0\0\231\324%\0014\1\0\0\2343\1\0\0\0\0\0", 3200, MSG_DONTWAIT, NULL, NULL) = 32
17572 1783934643.036499 recvfrom(59, 0x7fe216cc30, 3200, MSG_DONTWAIT, NULL, NULL) = -1 EAGAIN (Try again)
17572 1783934643.037115 recvfrom(59, 0x7fe216cb90, 3200, MSG_DONTWAIT, NULL, NULL) = -1 EAGAIN (Try again)
17572 1783934643.065684 recvfrom(59, "nysv\0\0\0\0\0\0\0\0\0\0\0\0\355t\"\0034\1\0\0\2353\1\0\0\0\0\0", 3200, MSG_DONTWAIT, NULL, NULL) = 32
17572 1783934643.066020 recvfrom(59, 0x7fe216cc30, 3200, MSG_DONTWAIT, NULL, NULL) = -1 EAGAIN (Try again)
17572 1783934643.066561 recvfrom(59, 0x7fe216cb90, 3200, MSG_DONTWAIT, NULL, NULL) = -1 EAGAIN (Try again)
17572 1783934643.078999 recvfrom(59, "nysv\0\0\0\0\0\0\0\0\0\0\0\0\272\365 \0044\1\0\0\2363\1\0\0\0\0\0", 3200, MSG_DONTWAIT, NULL, NULL) = 32
17572 1783934643.079279 recvfrom(59, 0x7fe216cc30, 3200, MSG_DONTWAIT, NULL, NULL) = -1 EAGAIN (Try again)
17593 1783934659.903601 openat(AT_FDCWD, "/data/misc/profiles/cur/0/app.pachli/primary.prof", O_RDWR|O_NOFOLLOW|O_CLOEXEC) = 89
17593 1783934659.904924 newfstatat(AT_FDCWD, "/data/misc/profiles/cur/0/app.pachli/primary.prof", {st_mode=S_IFREG|0600, st_size=10638, ...}, 0) = 0
17572 1783934664.261967 recvfrom(70, "\2\0\0\0\0\0\0\0\207\3\0\0\0\0\0\0@\243\251\3628\1\0\0\1\0\0\0\2\20\0\0"..., 2272, MSG_DONTWAIT, NULL, NULL) = 232
17572 1783934664.262469 sendto(70, "\3\0\0\0\0\0\0\0\207\3\0\0\1\0\0\0", 16, MSG_DONTWAIT|MSG_NOSIGNAL, NULL, 0) = 16
17572 1783934664.262711 recvfrom(70, 0x756c00b420, 2272, MSG_DONTWAIT, NULL, NULL) = -1 EAGAIN (Try again)
17572 1783934664.263286 recvfrom(70, "\2\0\0\0\0\0\0\0\211\3\0\0\0\0\0\0@\243\251\3628\1\0\0\1\0\0\0\2\20\0\0"..., 2272, MSG_DONTWAIT, NULL, NULL) = 232
17572 1783934664.263629 sendto(70, "\3\0\0\0\0\0\0\0\211\3\0\0\1\0\0\0", 16, MSG_DONTWAIT|MSG_NOSIGNAL, NULL, 0) = 16
17572 1783934664.264455 recvfrom(70, 0x756c00b420, 2272, MSG_DONTWAIT, NULL, NULL) = -1 EAGAIN (Try again)
17626 1783934664.284146 sendmsg(87, {msg_name=NULL, msg_namelen=0, msg_iov=[{iov_base="l\1\1\1\24\1\0\0N\0\0\0\235\0\0\0\1\1o\0;\0\0\0/re/frid"..., iov_len=452}], msg_iovlen=1, msg_controllen=0, msg_flags=0}, MSG_NOSIGNAL) = 452
17572 1783934664.295216 recvfrom(59, 0x7fe216c220, 3200, MSG_DONTWAIT, NULL, NULL) = -1 EAGAIN (Try again)
17572 1783934664.298900 recvfrom(59, "nysv\0\0\0\0\0\0\0\0\0\0\0\0\2\355\276\3648\1\0\0\2168\1\0\0\0\0\0", 3200, MSG_DONTWAIT, NULL, NULL) = 32
17572 1783934664.299184 recvfrom(59, 0x7fe216cc30, 3200, MSG_DONTWAIT, NULL, NULL) = -1 EAGAIN (Try again)
17572 1783934664.301534 recvfrom(90, 0x75d352a420, 2272, MSG_DONTWAIT, NULL, NULL) = -1 EAGAIN (Try again)
17572 1783934664.301892 recvfrom(59, 0x7fe216c620, 3200, MSG_DONTWAIT, NULL, NULL) = -1 EAGAIN (Try again)
17572 1783934664.317833 recvfrom(59, "nysv\0\0\0\0\0\0\0\0\0\0\0\0}|\275\3658\1\0\0\2178\1\0\0\0\0\0", 3200, MSG_DONTWAIT, NULL, NULL) = 32
17572 1783934664.317992 recvfrom(59, 0x7fe216cc30, 3200, MSG_DONTWAIT, NULL, NULL) = -1 EAGAIN (Try again)
17572 1783934664.320665 recvfrom(90, 0x75d352a420, 2272, MSG_DONTWAIT, NULL, NULL) = -1 EAGAIN (Try again)
17572 1783934664.324807 recvfrom(59, 0x7fe216cc80, 3200, MSG_DONTWAIT, NULL, NULL) = -1 EAGAIN (Try again)
17572 1783934664.332865 recvfrom(59, "nysv\0\0\0\0\0\0\0\0\0\0\0\0002\374\273\3668\1\0\0\2208\1\0\0\0\0\0", 3200, MSG_DONTWAIT, NULL, NULL) = 32
17572 1783934664.333024 recvfrom(59, 0x7fe216cc30, 3200, MSG_DONTWAIT, NULL, NULL) = -1 EAGAIN (Try again)
17572 1783934664.333168 recvfrom(90, 0x75d352a420, 2272, MSG_DONTWAIT, NULL, NULL) = -1 EAGAIN (Try again)
17572 1783934664.333302 recvfrom(70, 0x756c00b420, 2272, MSG_DONTWAIT, NULL, NULL) = -1 EAGAIN (Try again)
17572 1783934665.899010 recvfrom(59, 0x7fe216ca00, 3200, MSG_DONTWAIT, NULL, NULL) = -1 EAGAIN (Try again)
17572 1783934665.912495 recvfrom(59, "nysv\0\0\0\0\0\0\0\0\0\0\0\0\373\347\31U9\1\0\0\3568\1\0\0\0\0\0", 3200, MSG_DONTWAIT, NULL, NULL) = 32
17572 1783934665.912747 recvfrom(59, 0x7fe216cc30, 3200, MSG_DONTWAIT, NULL, NULL) = -1 EAGAIN (Try again)
17572 1783934665.913192 recvfrom(90, 0x75d352a420, 2272, MSG_DONTWAIT, NULL, NULL) = -1 EAGAIN (Try again)
17572 1783934665.913677 recvfrom(59, 0x7fe216bc30, 3200, MSG_DONTWAIT, NULL, NULL) = -1 EAGAIN (Try again)
17572 1783934665.932139 recvfrom(59, "nysv\0\0\0\0\0\0\0\0\0\0\0\0\5\26\30V9\1\0\0\3578\1\0\0\0\0\0", 3200, MSG_DONTWAIT, NULL, NULL) = 32
17572 1783934665.932747 recvfrom(59, 0x7fe216cc30, 3200, MSG_DONTWAIT, NULL, NULL) = -1 EAGAIN (Try again)
17572 1783934665.933149 recvfrom(90, 0x75d352a420, 2272, MSG_DONTWAIT, NULL, NULL) = -1 EAGAIN (Try again)
17572 1783934665.938462 recvfrom(59, 0x7fe216bc30, 3200, MSG_DONTWAIT, NULL, NULL) = -1 EAGAIN (Try again)
17572 1783934665.947060 recvfrom(59, "nysv\0\0\0\0\0\0\0\0\0\0\0\0\231\222\26W9\1\0\0\3608\1\0\0\0\0\0", 3200, MSG_DONTWAIT, NULL, NULL) = 32
17572 1783934665.947277 recvfrom(59, 0x7fe216cc30, 3200, MSG_DONTWAIT, NULL, NULL) = -1 EAGAIN (Try again)
17572 1783934665.947470 recvfrom(90, 0x75d352a420, 2272, MSG_DONTWAIT, NULL, NULL) = -1 EAGAIN (Try again)
17572 1783934665.952881 recvfrom(59, 0x7fe216bc30, 3200, MSG_DONTWAIT, NULL, NULL) = -1 EAGAIN (Try again)
17572 1783934665.962723 recvfrom(59, "nysv\0\0\0\0\0\0\0\0\0\0\0\0&\377\24X9\1\0\0\3618\1\0\0\0\0\0", 3200, MSG_DONTWAIT, NULL, NULL) = 32
17572 1783934665.963172 recvfrom(59, 0x7fe216cc30, 3200, MSG_DONTWAIT, NULL, NULL) = -1 EAGAIN (Try again)
17572 1783934665.963496 recvfrom(90, 0x75d352a420, 2272, MSG_DONTWAIT, NULL, NULL) = -1 EAGAIN (Try again)
17572 1783934665.967808 recvfrom(59, 0x7fe216bc30, 3200, MSG_DONTWAIT, NULL, NULL) = -1 EAGAIN (Try again)
17572 1783934665.980490 recvfrom(59, "nysv\0\0\0\0\0\0\0\0\0\0\0\0\364(\23Y9\1\0\0\3628\1\0\0\0\0\0", 3200, MSG_DONTWAIT, NULL, NULL) = 32
17572 1783934665.980912 recvfrom(59, 0x7fe216cc30, 3200, MSG_DONTWAIT, NULL, NULL) = -1 EAGAIN (Try again)
17572 1783934665.981219 recvfrom(90, 0x75d352a420, 2272, MSG_DONTWAIT, NULL, NULL) = -1 EAGAIN (Try again)
17572 1783934665.987619 recvfrom(59, 0x7fe216bc30, 3200, MSG_DONTWAIT, NULL, NULL) = -1 EAGAIN (Try again)
17572 1783934665.995882 recvfrom(59, "nysv\0\0\0\0\0\0\0\0\0\0\0\0\243\224\21Z9\1\0\0\3638\1\0\0\0\0\0", 3200, MSG_DONTWAIT, NULL, NULL) = 32
17572 1783934665.996349 recvfrom(59, 0x7fe216cc30, 3200, MSG_DONTWAIT, NULL, NULL) = -1 EAGAIN (Try again)
17572 1783934665.996645 recvfrom(90, 0x75d352a420, 2272, MSG_DONTWAIT, NULL, NULL) = -1 EAGAIN (Try again)
17572 1783934665.999699 recvfrom(59, 0x7fe216bc30, 3200, MSG_DONTWAIT, NULL, NULL) = -1 EAGAIN (Try again)
17572 1783934666.012930 recvfrom(59, "nysv\0\0\0\0\0\0\0\0\0\0\0\0{\346\17[9\1\0\0\3648\1\0\0\0\0\0", 3200, MSG_DONTWAIT, NULL, NULL) = 32
17572 1783934666.013310 recvfrom(59, 0x7fe216cc30, 3200, MSG_DONTWAIT, NULL, NULL) = -1 EAGAIN (Try again)
17572 1783934666.013579 recvfrom(90, 0x75d352a420, 2272, MSG_DONTWAIT, NULL, NULL) = -1 EAGAIN (Try again)
17572 1783934666.016390 recvfrom(59, 0x7fe216bc30, 3200, MSG_DONTWAIT, NULL, NULL) = -1 EAGAIN (Try again)
17572 1783934666.030213 recvfrom(59, "nysv\0\0\0\0\0\0\0\0\0\0\0\0p\17\16\\9\1\0\0\3658\1\0\0\0\0\0", 3200, MSG_DONTWAIT, NULL, NULL) = 32
17572 1783934666.030665 recvfrom(59, 0x7fe216cc30, 3200, MSG_DONTWAIT, NULL, NULL) = -1 EAGAIN (Try again)
17572 1783934666.031066 recvfrom(90, 0x75d352a420, 2272, MSG_DONTWAIT, NULL, NULL) = -1 EAGAIN (Try again)
17572 1783934666.035757 recvfrom(59, 0x7fe216bc30, 3200, MSG_DONTWAIT, NULL, NULL) = -1 EAGAIN (Try again)
17572 1783934666.045209 recvfrom(59, "nysv\0\0\0\0\0\0\0\0\0\0\0\0zh\f]9\1\0\0\3668\1\0\0\0\0\0", 3200, MSG_DONTWAIT, NULL, NULL) = 32
17572 1783934666.045727 recvfrom(59, 0x7fe216cc30, 3200, MSG_DONTWAIT, NULL, NULL) = -1 EAGAIN (Try again)
17572 1783934666.046027 recvfrom(90, 0x75d352a420, 2272, MSG_DONTWAIT, NULL, NULL) = -1 EAGAIN (Try again)
17572 1783934666.050791 recvfrom(59, 0x7fe216bc30, 3200, MSG_DONTWAIT, NULL, NULL) = -1 EAGAIN (Try again)
17572 1783934666.063764 recvfrom(59, "nysv\0\0\0\0\0\0\0\0\0\0\0\0U\227\n^9\1\0\0\3678\1\0\0\0\0\0", 3200, MSG_DONTWAIT, NULL, NULL) = 32
17572 1783934666.064169 recvfrom(59, 0x7fe216cc30, 3200, MSG_DONTWAIT, NULL, NULL) = -1 EAGAIN (Try again)
17572 1783934666.064477 recvfrom(90, 0x75d352a420, 2272, MSG_DONTWAIT, NULL, NULL) = -1 EAGAIN (Try again)
17572 1783934666.067648 recvfrom(59, 0x7fe216bc30, 3200, MSG_DONTWAIT, NULL, NULL) = -1 EAGAIN (Try again)
17572 1783934666.079954 recvfrom(59, "nysv\0\0\0\0\0\0\0\0\0\0\0\0\177\347\10_9\1\0\0\3708\1\0\0\0\0\0", 3200, MSG_DONTWAIT, NULL, NULL) = 32
17572 1783934666.080243 recvfrom(59, 0x7fe216cc30, 3200, MSG_DONTWAIT, NULL, NULL) = -1 EAGAIN (Try again)
17572 1783934666.080666 recvfrom(90, 0x75d352a420, 2272, MSG_DONTWAIT, NULL, NULL) = -1 EAGAIN (Try again)
17572 1783934666.083746 recvfrom(59, 0x7fe216bc30, 3200, MSG_DONTWAIT, NULL, NULL) = -1 EAGAIN (Try again)
17572 1783934666.096802 recvfrom(59, "nysv\0\0\0\0\0\0\0\0\0\0\0\0\2517\7`9\1\0\0\3718\1\0\0\0\0\0", 3200, MSG_DONTWAIT, NULL, NULL) = 32
17572 1783934666.097083 recvfrom(59, 0x7fe216cc30, 3200, MSG_DONTWAIT, NULL, NULL) = -1 EAGAIN (Try again)
17572 1783934666.097401 recvfrom(90, 0x75d352a420, 2272, MSG_DONTWAIT, NULL, NULL) = -1 EAGAIN (Try again)
17572 1783934666.101829 recvfrom(59, 0x7fe216bc30, 3200, MSG_DONTWAIT, NULL, NULL) = -1 EAGAIN (Try again)
17572 1783934666.112239 recvfrom(59, "nysv\0\0\0\0\0\0\0\0\0\0\0\0+\272\5a9\1\0\0\3728\1\0\0\0\0\0", 3200, MSG_DONTWAIT, NULL, NULL) = 32
17572 1783934666.112539 recvfrom(59, 0x7fe216cc30, 3200, MSG_DONTWAIT, NULL, NULL) = -1 EAGAIN (Try again)
17572 1783934666.112982 recvfrom(90, 0x75d352a420, 2272, MSG_DONTWAIT, NULL, NULL) = -1 EAGAIN (Try again)
17572 1783934666.118534 recvfrom(59, 0x7fe216bc30, 3200, MSG_DONTWAIT, NULL, NULL) = -1 EAGAIN (Try again)
17572 1783934666.130776 recvfrom(59, "nysv\0\0\0\0\0\0\0\0\0\0\0\0\375\327\3b9\1\0\0\3738\1\0\0\0\0\0", 3200, MSG_DONTWAIT, NULL, NULL) = 32
17572 1783934666.131175 recvfrom(59, 0x7fe216cc30, 3200, MSG_DONTWAIT, NULL, NULL) = -1 EAGAIN (Try again)
17572 1783934666.131464 recvfrom(90, 0x75d352a420, 2272, MSG_DONTWAIT, NULL, NULL) = -1 EAGAIN (Try again)
17572 1783934666.133266 recvfrom(59, 0x7fe216bc30, 3200, MSG_DONTWAIT, NULL, NULL) = -1 EAGAIN (Try again)
17572 1783934666.146448 recvfrom(59, "nysv\0\0\0\0\0\0\0\0\0\0\0\0'(\2c9\1\0\0\3748\1\0\0\0\0\0", 3200, MSG_DONTWAIT, NULL, NULL) = 32
17572 1783934666.146845 recvfrom(59, 0x7fe216cc30, 3200, MSG_DONTWAIT, NULL, NULL) = -1 EAGAIN (Try again)
17572 1783934666.147342 recvfrom(90, 0x75d352a420, 2272, MSG_DONTWAIT, NULL, NULL) = -1 EAGAIN (Try again)
17572 1783934666.150276 recvfrom(59, 0x7fe216bc30, 3200, MSG_DONTWAIT, NULL, NULL) = -1 EAGAIN (Try again)
17572 1783934666.163362 recvfrom(59, "nysv\0\0\0\0\0\0\0\0\0\0\0\0Qx\0d9\1\0\0\3758\1\0\0\0\0\0", 3200, MSG_DONTWAIT, NULL, NULL) = 32
17572 1783934666.163673 recvfrom(59, 0x7fe216cc30, 3200, MSG_DONTWAIT, NULL, NULL) = -1 EAGAIN (Try again)
17572 1783934666.164040 recvfrom(90, 0x75d352a420, 2272, MSG_DONTWAIT, NULL, NULL) = -1 EAGAIN (Try again)
17591 1783934666.452573 clone(child_stack=0x75d4f27d40, flags=CLONE_VM|CLONE_FS|CLONE_FILES|CLONE_SIGHAND|CLONE_THREAD|CLONE_SYSVSEM|CLONE_SETTLS|CLONE_PARENT_SETTID|CLONE_CHILD_CLEARTID, parent_tidptr=0x75d4f27d60, tls=0x75d4f28020, child_tidptr=0x75d4f27d60) = 17859
17859 1783934666.455275 openat(AT_FDCWD, "/proc/17859/timerslack_ns", O_WRONLY|O_CREAT|O_TRUNC|O_NOFOLLOW|O_CLOEXEC, 0666) = 89
17572 1783934684.169004 recvfrom(90, "\2\0\0\0\0\0\0\0\215\3\0\0\0\0\0\0@\234E\225=\1\0\0\1\0\0\0\2\20\0\0"..., 2272, MSG_DONTWAIT, NULL, NULL) = 232
17572 1783934684.169479 sendto(90, "\3\0\0\0\0\0\0\0\215\3\0\0\1\0\0\0", 16, MSG_DONTWAIT|MSG_NOSIGNAL, NULL, 0) = 16
17572 1783934684.169682 recvfrom(90, 0x75d352a420, 2272, MSG_DONTWAIT, NULL, NULL) = -1 EAGAIN (Try again)
17572 1783934684.170294 recvfrom(90, "\2\0\0\0\0\0\0\0\217\3\0\0\0\0\0\0@\234E\225=\1\0\0\1\0\0\0\2\20\0\0"..., 2272, MSG_DONTWAIT, NULL, NULL) = 232
17572 1783934684.170517 recvfrom(59, 0x7fe21691c0, 3200, MSG_DONTWAIT, NULL, NULL) = -1 EAGAIN (Try again)
17572 1783934684.172189 sendto(90, "\3\0\0\0\0\0\0\0\217\3\0\0\1\0\0\0", 16, MSG_DONTWAIT|MSG_NOSIGNAL, NULL, 0) = 16
17572 1783934684.172410 recvfrom(90, 0x75d352a420, 2272, MSG_DONTWAIT, NULL, NULL) = -1 EAGAIN (Try again)
17572 1783934684.178241 recvfrom(59, "nysv\0\0\0\0\0\0\0\0\0\0\0\0r\26\342\225=\1\0\0002=\1\0\0\0\0\0", 3200, MSG_DONTWAIT, NULL, NULL) = 32
17572 1783934684.178432 recvfrom(59, 0x7fe216cc30, 3200, MSG_DONTWAIT, NULL, NULL) = -1 EAGAIN (Try again)
17572 1783934684.178823 recvfrom(90, 0x75d352a420, 2272, MSG_DONTWAIT, NULL, NULL) = -1 EAGAIN (Try again)
17572 1783934684.179007 recvfrom(59, 0x7fe216cb90, 3200, MSG_DONTWAIT, NULL, NULL) = -1 EAGAIN (Try again)
17596 1783934684.183472 recvfrom(50, 0x757b475eb0, 3200, MSG_DONTWAIT, NULL, NULL) = -1 EAGAIN (Try again)
17596 1783934684.185622 recvfrom(50, 0x757b475eb0, 3200, MSG_DONTWAIT, NULL, NULL) = -1 EAGAIN (Try again)
17596 1783934684.194850 recvfrom(50, "nysv\0\0\0\0\0\0\0\0\0\0\0\0\362\262\340\226=\1\0\0003=\1\0\0\0\0\0", 3200, MSG_DONTWAIT, NULL, NULL) = 32
17596 1783934684.195213 recvfrom(50, 0x757b475c80, 3200, MSG_DONTWAIT, NULL, NULL) = -1 EAGAIN (Try again)
17572 1783934684.195533 recvfrom(59, "nysv\0\0\0\0\0\0\0\0\0\0\0\0\362\262\340\226=\1\0\0003=\1\0\0\0\0\0", 3200, MSG_DONTWAIT, NULL, NULL) = 32
17572 1783934684.195779 recvfrom(59, 0x7fe216cc30, 3200, MSG_DONTWAIT, NULL, NULL) = -1 EAGAIN (Try again)
17572 1783934684.196131 recvfrom(70, 0x756c00b420, 2272, MSG_DONTWAIT, NULL, NULL) = -1 EAGAIN (Try again)
17572 1783934684.201338 recvfrom(59, 0x7fe216cb90, 3200, MSG_DONTWAIT, NULL, NULL) = -1 EAGAIN (Try again)
17572 1783934684.212218 recvfrom(59, "nysv\0\0\0\0\0\0\0\0\0\0\0\0\231C\337\227=\1\0\0004=\1\0\0\0\0\0", 3200, MSG_DONTWAIT, NULL, NULL) = 32
17572 1783934684.212575 recvfrom(59, 0x7fe216cc30, 3200, MSG_DONTWAIT, NULL, NULL) = -1 EAGAIN (Try again)
17572 1783934684.216035 recvfrom(59, 0x7fe216cb90, 3200, MSG_DONTWAIT, NULL, NULL) = -1 EAGAIN (Try again)
17572 1783934684.229165 recvfrom(59, "nysv\0\0\0\0\0\0\0\0\0\0\0\0/\300\335\230=\1\0\0005=\1\0\0\0\0\0", 3200, MSG_DONTWAIT, NULL, NULL) = 32
17572 1783934684.229410 recvfrom(59, 0x7fe216cc30, 3200, MSG_DONTWAIT, NULL, NULL) = -1 EAGAIN (Try again)
17572 1783934684.230067 recvfrom(59, 0x7fe216cb90, 3200, MSG_DONTWAIT, NULL, NULL) = -1 EAGAIN (Try again)
17572 1783934684.246359 recvfrom(59, "nysv\0\0\0\0\0\0\0\0\0\0\0\0\246\25\334\231=\1\0\0006=\1\0\0\0\0\0", 3200, MSG_DONTWAIT, NULL, NULL) = 32
17572 1783934684.246842 recvfrom(59, 0x7fe216cc30, 3200, MSG_DONTWAIT, NULL, NULL) = -1 EAGAIN (Try again)
17572 1783934684.247823 recvfrom(59, 0x7fe216cb90, 3200, MSG_DONTWAIT, NULL, NULL) = -1 EAGAIN (Try again)
17572 1783934684.263476 recvfrom(59, "nysv\0\0\0\0\0\0\0\0\0\0\0\0003Q\332\232=\1\0\0007=\1\0\0\0\0\0", 3200, MSG_DONTWAIT, NULL, NULL) = 32
17572 1783934684.264061 recvfrom(59, 0x7fe216cc30, 3200, MSG_DONTWAIT, NULL, NULL) = -1 EAGAIN (Try again)
17572 1783934684.267828 recvfrom(59, 0x7fe216cb90, 3200, MSG_DONTWAIT, NULL, NULL) = -1 EAGAIN (Try again)
17572 1783934684.279989 recvfrom(59, "nysv\0\0\0\0\0\0\0\0\0\0\0\0\252\231\330\233=\1\0\08=\1\0\0\0\0\0", 3200, MSG_DONTWAIT, NULL, NULL) = 32
17572 1783934684.280578 recvfrom(59, 0x7fe216cc30, 3200, MSG_DONTWAIT, NULL, NULL) = -1 EAGAIN (Try again)
17572 1783934684.282463 recvfrom(59, 0x7fe216cb90, 3200, MSG_DONTWAIT, NULL, NULL) = -1 EAGAIN (Try again)
17572 1783934684.297133 recvfrom(59, "nysv\0\0\0\0\0\0\0\0\0\0\0\0\0\305\326\234=\1\0\09=\1\0\0\0\0\0", 3200, MSG_DONTWAIT, NULL, NULL) = 32
17572 1783934684.298015 recvfrom(59, 0x7fe216cc30, 3200, MSG_DONTWAIT, NULL, NULL) = -1 EAGAIN (Try again)
17572 1783934684.304219 recvfrom(59, 0x7fe216cb90, 3200, MSG_DONTWAIT, NULL, NULL) = -1 EAGAIN (Try again)
17572 1783934684.313567 recvfrom(59, "nysv\0\0\0\0\0\0\0\0\0\0\0\0\301\1\325\235=\1\0\0:=\1\0\0\0\0\0", 3200, MSG_DONTWAIT, NULL, NULL) = 32
17572 1783934684.313968 recvfrom(59, 0x7fe216cc30, 3200, MSG_DONTWAIT, NULL, NULL) = -1 EAGAIN (Try again)
17572 1783934684.317115 recvfrom(59, 0x7fe216cb90, 3200, MSG_DONTWAIT, NULL, NULL) = -1 EAGAIN (Try again)
17572 1783934684.329693 recvfrom(59, "nysv\0\0\0\0\0\0\0\0\0\0\0\0\tY\323\236=\1\0\0;=\1\0\0\0\0\0", 3200, MSG_DONTWAIT, NULL, NULL) = 32
17572 1783934684.330042 recvfrom(59, 0x7fe216cc30, 3200, MSG_DONTWAIT, NULL, NULL) = -1 EAGAIN (Try again)
17572 1783934684.330544 recvfrom(59, 0x7fe216cb90, 3200, MSG_DONTWAIT, NULL, NULL) = -1 EAGAIN (Try again)
17572 1783934684.347668 recvfrom(59, "nysv\0\0\0\0\0\0\0\0\0\0\0\0\225|\321\237=\1\0\0<=\1\0\0\0\0\0", 3200, MSG_DONTWAIT, NULL, NULL) = 32
17572 1783934684.347967 recvfrom(59, 0x7fe216cc30, 3200, MSG_DONTWAIT, NULL, NULL) = -1 EAGAIN (Try again)
17572 1783934684.348499 recvfrom(59, 0x7fe216cb90, 3200, MSG_DONTWAIT, NULL, NULL) = -1 EAGAIN (Try again)
17572 1783934684.365583 recvfrom(59, "nysv\0\0\0\0\0\0\0\0\0\0\0\0\rK\317\240=\1\0\0==\1\0\0\0\0\0", 3200, MSG_DONTWAIT, NULL, NULL) = 32
17572 1783934684.366201 recvfrom(59, 0x7fe216cc30, 3200, MSG_DONTWAIT, NULL, NULL) = -1 EAGAIN (Try again)
17572 1783934684.366560 recvfrom(59, 0x7fe216cb90, 3200, MSG_DONTWAIT, NULL, NULL) = -1 EAGAIN (Try again)
17572 1783934684.379700 recvfrom(59, "nysv\0\0\0\0\0\0\0\0\0\0\0\0001\260\315\241=\1\0\0>=\1\0\0\0\0\0", 3200, MSG_DONTWAIT, NULL, NULL) = 32
17572 1783934684.380004 recvfrom(59, 0x7fe216cc30, 3200, MSG_DONTWAIT, NULL, NULL) = -1 EAGAIN (Try again)
17572 1783934684.380289 recvfrom(59, 0x7fe216cb90, 3200, MSG_DONTWAIT, NULL, NULL) = -1 EAGAIN (Try again)
17572 1783934684.399914 recvfrom(59, "nysv\0\0\0\0\0\0\0\0\0\0\0\0n9\313\242=\1\0\0?=\1\0\0\0\0\0", 3200, MSG_DONTWAIT, NULL, NULL) = 32
17572 1783934684.400404 recvfrom(59, 0x7fe216cc30, 3200, MSG_DONTWAIT, NULL, NULL) = -1 EAGAIN (Try again)
17572 1783934684.402262 recvfrom(59, 0x7fe216cb90, 3200, MSG_DONTWAIT, NULL, NULL) = -1 EAGAIN (Try again)
17572 1783934684.412644 recvfrom(59, "nysv\0\0\0\0\0\0\0\0\0\0\0\0f\235\311\243=\1\0\0@=\1\0\0\0\0\0", 3200, MSG_DONTWAIT, NULL, NULL) = 32
17572 1783934684.412807 recvfrom(59, 0x7fe216cc30, 3200, MSG_DONTWAIT, NULL, NULL) = -1 EAGAIN (Try again)
17572 1783934684.413136 recvfrom(59, 0x7fe216cb90, 3200, MSG_DONTWAIT, NULL, NULL) = -1 EAGAIN (Try again)
17572 1783934684.430290 recvfrom(59, "nysv\0\0\0\0\0\0\0\0\0\0\0\0\32\311\307\244=\1\0\0A=\1\0\0\0\0\0", 3200, MSG_DONTWAIT, NULL, NULL) = 32
17572 1783934684.430456 recvfrom(59, 0x7fe216cc30, 3200, MSG_DONTWAIT, NULL, NULL) = -1 EAGAIN (Try again)
17572 1783934684.430758 recvfrom(59, 0x7fe216cb90, 3200, MSG_DONTWAIT, NULL, NULL) = -1 EAGAIN (Try again)
17572 1783934684.449421 recvfrom(59, "nysv\0\0\0\0\0\0\0\0\0\0\0\0K\374\305\245=\1\0\0B=\1\0\0\0\0\0", 3200, MSG_DONTWAIT, NULL, NULL) = 32
17572 1783934684.449597 recvfrom(59, 0x7fe216cc30, 3200, MSG_DONTWAIT, NULL, NULL) = -1 EAGAIN (Try again)
17572 1783934684.449932 recvfrom(59, 0x7fe216cb90, 3200, MSG_DONTWAIT, NULL, NULL) = -1 EAGAIN (Try again)
17572 1783934684.467686 recvfrom(59, "nysv\0\0\0\0\0\0\0\0\0\0\0\0uL\304\246=\1\0\0C=\1\0\0\0\0\0", 3200, MSG_DONTWAIT, NULL, NULL) = 32
17572 1783934684.467874 recvfrom(59, 0x7fe216cc30, 3200, MSG_DONTWAIT, NULL, NULL) = -1 EAGAIN (Try again)
17572 1783934684.468243 recvfrom(59, 0x7fe216cb90, 3200, MSG_DONTWAIT, NULL, NULL) = -1 EAGAIN (Try again)
17572 1783934684.481135 recvfrom(59, "nysv\0\0\0\0\0\0\0\0\0\0\0\0\237\234\302\247=\1\0\0D=\1\0\0\0\0\0", 3200, MSG_DONTWAIT, NULL, NULL) = 32
17572 1783934684.481368 recvfrom(59, 0x7fe216cc30, 3200, MSG_DONTWAIT, NULL, NULL) = -1 EAGAIN (Try again)
17572 1783934684.481734 recvfrom(59, 0x7fe216cb90, 3200, MSG_DONTWAIT, NULL, NULL) = -1 EAGAIN (Try again)
17572 1783934684.501850 recvfrom(59, "nysv\0\0\0\0\0\0\0\0\0\0\0\0\311\354\300\250=\1\0\0E=\1\0\0\0\0\0", 3200, MSG_DONTWAIT, NULL, NULL) = 32
17572 1783934684.502120 recvfrom(59, 0x7fe216cc30, 3200, MSG_DONTWAIT, NULL, NULL) = -1 EAGAIN (Try again)
17572 1783934684.502553 recvfrom(59, 0x7fe216cb90, 3200, MSG_DONTWAIT, NULL, NULL) = -1 EAGAIN (Try again)
17572 1783934684.516337 recvfrom(59, "nysv\0\0\0\0\0\0\0\0\0\0\0\0\363<\277\251=\1\0\0F=\1\0\0\0\0\0", 3200, MSG_DONTWAIT, NULL, NULL) = 32
17572 1783934684.516663 recvfrom(59, 0x7fe216cc30, 3200, MSG_DONTWAIT, NULL, NULL) = -1 EAGAIN (Try again)
17572 1783934684.517149 recvfrom(59, 0x7fe216cb90, 3200, MSG_DONTWAIT, NULL, NULL) = -1 EAGAIN (Try again)
17572 1783934684.531791 recvfrom(59, "nysv\0\0\0\0\0\0\0\0\0\0\0\0\35\215\275\252=\1\0\0G=\1\0\0\0\0\0", 3200, MSG_DONTWAIT, NULL, NULL) = 32
17572 1783934684.532064 recvfrom(59, 0x7fe216cc30, 3200, MSG_DONTWAIT, NULL, NULL) = -1 EAGAIN (Try again)
17572 1783934684.532542 recvfrom(59, 0x7fe216cb90, 3200, MSG_DONTWAIT, NULL, NULL) = -1 EAGAIN (Try again)
17572 1783934684.547167 recvfrom(59, "nysv\0\0\0\0\0\0\0\0\0\0\0\0G\335\273\253=\1\0\0H=\1\0\0\0\0\0", 3200, MSG_DONTWAIT, NULL, NULL) = 32
17572 1783934684.547432 recvfrom(59, 0x7fe216cc30, 3200, MSG_DONTWAIT, NULL, NULL) = -1 EAGAIN (Try again)
17572 1783934684.547970 recvfrom(59, 0x7fe216cb90, 3200, MSG_DONTWAIT, NULL, NULL) = -1 EAGAIN (Try again)
17572 1783934684.567217 recvfrom(59, "nysv\0\0\0\0\0\0\0\0\0\0\0\0q-\272\254=\1\0\0I=\1\0\0\0\0\0", 3200, MSG_DONTWAIT, NULL, NULL) = 32
17572 1783934684.567492 recvfrom(59, 0x7fe216cc30, 3200, MSG_DONTWAIT, NULL, NULL) = -1 EAGAIN (Try again)
17593 1783934699.921279 openat(AT_FDCWD, "/data/misc/profiles/cur/0/app.pachli/primary.prof", O_RDWR|O_NOFOLLOW|O_CLOEXEC) = 89
17593 1783934699.922173 newfstatat(AT_FDCWD, "/data/misc/profiles/cur/0/app.pachli/primary.prof", {st_mode=S_IFREG|0600, st_size=10638, ...}, 0) = 0
17572 1783934704.700100 recvfrom(70, "\2\0\0\0\0\0\0\0\223\3\0\0\0\0\0\0\0\317\3]B\1\0\0\1\0\0\0\2\20\0\0"..., 2272, MSG_DONTWAIT, NULL, NULL) = 232
17572 1783934704.700676 sendto(70, "\3\0\0\0\0\0\0\0\223\3\0\0\1\0\0\0", 16, MSG_DONTWAIT|MSG_NOSIGNAL, NULL, 0) = 16
17572 1783934704.700927 recvfrom(70, 0x756c00b420, 2272, MSG_DONTWAIT, NULL, NULL) = -1 EAGAIN (Try again)
17572 1783934704.701552 recvfrom(70, "\2\0\0\0\0\0\0\0\225\3\0\0\0\0\0\0\0\317\3]B\1\0\0\1\0\0\0\2\20\0\0"..., 2272, MSG_DONTWAIT, NULL, NULL) = 232
17572 1783934704.701872 sendto(70, "\3\0\0\0\0\0\0\0\225\3\0\0\1\0\0\0", 16, MSG_DONTWAIT|MSG_NOSIGNAL, NULL, 0) = 16
17572 1783934704.702173 recvfrom(70, 0x756c00b420, 2272, MSG_DONTWAIT, NULL, NULL) = -1 EAGAIN (Try again)
17626 1783934704.715476 sendmsg(87, {msg_name=NULL, msg_namelen=0, msg_iov=[{iov_base="l\1\1\1\24\1\0\0O\0\0\0\235\0\0\0\1\1o\0;\0\0\0/re/frid"..., iov_len=452}], msg_iovlen=1, msg_controllen=0, msg_flags=0}, MSG_NOSIGNAL) = 452
17572 1783934704.724170 recvfrom(59, 0x7fe216c220, 3200, MSG_DONTWAIT, NULL, NULL) = -1 EAGAIN (Try again)
17572 1783934704.729743 recvfrom(59, "nysv\0\0\0\0\0\0\0\0\0\0\0\0\213\304\301^B\1\0\0\362A\1\0\0\0\0\0", 3200, MSG_DONTWAIT, NULL, NULL) = 32
17572 1783934704.729985 recvfrom(59, 0x7fe216cc30, 3200, MSG_DONTWAIT, NULL, NULL) = -1 EAGAIN (Try again)
17572 1783934704.730569 recvfrom(90, 0x75d3529820, 2272, MSG_DONTWAIT, NULL, NULL) = -1 EAGAIN (Try again)
17572 1783934704.733599 recvfrom(59, 0x7fe216c620, 3200, MSG_DONTWAIT, NULL, NULL) = -1 EAGAIN (Try again)
17572 1783934704.745954 recvfrom(59, "nysv\0\0\0\0\0\0\0\0\0\0\0\0\311R\300_B\1\0\0\363A\1\0\0\0\0\0", 3200, MSG_DONTWAIT, NULL, NULL) = 32
17572 1783934704.750753 recvfrom(59, 0x7fe216cc30, 3200, MSG_DONTWAIT, NULL, NULL) = -1 EAGAIN (Try again)
17572 1783934704.752833 recvfrom(90, 0x75d3529820, 2272, MSG_DONTWAIT, NULL, NULL) = -1 EAGAIN (Try again)
17572 1783934704.756836 recvfrom(59, 0x7fe216cc80, 3200, MSG_DONTWAIT, NULL, NULL) = -1 EAGAIN (Try again)
17572 1783934704.764783 recvfrom(59, "nysv\0\0\0\0\0\0\0\0\0\0\0\08f\276`B\1\0\0\364A\1\0\0\0\0\0", 3200, MSG_DONTWAIT, NULL, NULL) = 32
17572 1783934704.765610 recvfrom(59, 0x7fe216cc30, 3200, MSG_DONTWAIT, NULL, NULL) = -1 EAGAIN (Try again)
17572 1783934704.768229 recvfrom(90, 0x75d3529820, 2272, MSG_DONTWAIT, NULL, NULL) = -1 EAGAIN (Try again)
17572 1783934704.768520 recvfrom(70, 0x756c00b420, 2272, MSG_DONTWAIT, NULL, NULL) = -1 EAGAIN (Try again)
17572 1783934706.330880 recvfrom(59, 0x7fe216ca00, 3200, MSG_DONTWAIT, NULL, NULL) = -1 EAGAIN (Try again)
17572 1783934706.345737 recvfrom(59, "nysv\0\0\0\0\0\0\0\0\0\0\0\0\234\241\35\277B\1\0\0RB\1\0\0\0\0\0", 3200, MSG_DONTWAIT, NULL, NULL) = 32
17572 1783934706.346208 recvfrom(59, 0x7fe216cc30, 3200, MSG_DONTWAIT, NULL, NULL) = -1 EAGAIN (Try again)
17572 1783934706.346945 recvfrom(90, 0x75d3529820, 2272, MSG_DONTWAIT, NULL, NULL) = -1 EAGAIN (Try again)
17572 1783934706.347758 recvfrom(59, 0x7fe216bc30, 3200, MSG_DONTWAIT, NULL, NULL) = -1 EAGAIN (Try again)
17572 1783934706.363602 recvfrom(59, "nysv\0\0\0\0\0\0\0\0\0\0\0\0\217\346\33\300B\1\0\0SB\1\0\0\0\0\0", 3200, MSG_DONTWAIT, NULL, NULL) = 32
17572 1783934706.364526 recvfrom(59, 0x7fe216cc30, 3200, MSG_DONTWAIT, NULL, NULL) = -1 EAGAIN (Try again)
17572 1783934706.365141 recvfrom(90, 0x75d3529820, 2272, MSG_DONTWAIT, NULL, NULL) = -1 EAGAIN (Try again)
17572 1783934706.370557 recvfrom(59, 0x7fe216bc30, 3200, MSG_DONTWAIT, NULL, NULL) = -1 EAGAIN (Try again)
17572 1783934706.381751 recvfrom(59, "nysv\0\0\0\0\0\0\0\0\0\0\0\0\2716\32\301B\1\0\0TB\1\0\0\0\0\0", 3200, MSG_DONTWAIT, NULL, NULL) = 32
17572 1783934706.382133 recvfrom(59, 0x7fe216cc30, 3200, MSG_DONTWAIT, NULL, NULL) = -1 EAGAIN (Try again)
17572 1783934706.382509 recvfrom(90, 0x75d3529820, 2272, MSG_DONTWAIT, NULL, NULL) = -1 EAGAIN (Try again)
17572 1783934706.383037 recvfrom(59, 0x7fe216bc30, 3200, MSG_DONTWAIT, NULL, NULL) = -1 EAGAIN (Try again)
17572 1783934706.401376 recvfrom(59, "nysv\0\0\0\0\0\0\0\0\0\0\0\0]d\30\302B\1\0\0UB\1\0\0\0\0\0", 3200, MSG_DONTWAIT, NULL, NULL) = 32
17572 1783934706.401831 recvfrom(59, 0x7fe216cc30, 3200, MSG_DONTWAIT, NULL, NULL) = -1 EAGAIN (Try again)
17572 1783934706.403095 recvfrom(90, 0x75d3529820, 2272, MSG_DONTWAIT, NULL, NULL) = -1 EAGAIN (Try again)
17572 1783934706.403782 recvfrom(59, 0x7fe216bc30, 3200, MSG_DONTWAIT, NULL, NULL) = -1 EAGAIN (Try again)
17572 1783934706.417044 recvfrom(59, "nysv\0\0\0\0\0\0\0\0\0\0\0\0\207\264\26\303B\1\0\0VB\1\0\0\0\0\0", 3200, MSG_DONTWAIT, NULL, NULL) = 32
17572 1783934706.417526 recvfrom(59, 0x7fe216cc30, 3200, MSG_DONTWAIT, NULL, NULL) = -1 EAGAIN (Try again)
17572 1783934706.417955 recvfrom(90, 0x75d3529820, 2272, MSG_DONTWAIT, NULL, NULL) = -1 EAGAIN (Try again)
17572 1783934706.423759 recvfrom(59, 0x7fe216bc30, 3200, MSG_DONTWAIT, NULL, NULL) = -1 EAGAIN (Try again)
17572 1783934706.430560 recvfrom(59, "nysv\0\0\0\0\0\0\0\0\0\0\0\0\373F\25\304B\1\0\0WB\1\0\0\0\0\0", 3200, MSG_DONTWAIT, NULL, NULL) = 32
17572 1783934706.430828 recvfrom(59, 0x7fe216cc30, 3200, MSG_DONTWAIT, NULL, NULL) = -1 EAGAIN (Try again)
17572 1783934706.431242 recvfrom(90, 0x75d3529820, 2272, MSG_DONTWAIT, NULL, NULL) = -1 EAGAIN (Try again)
17572 1783934706.431904 recvfrom(59, 0x7fe216bc30, 3200, MSG_DONTWAIT, NULL, NULL) = -1 EAGAIN (Try again)
17572 1783934706.448705 recvfrom(59, "nysv\0\0\0\0\0\0\0\0\0\0\0\0\333T\23\305B\1\0\0XB\1\0\0\0\0\0", 3200, MSG_DONTWAIT, NULL, NULL) = 32
17572 1783934706.449236 recvfrom(59, 0x7fe216cc30, 3200, MSG_DONTWAIT, NULL, NULL) = -1 EAGAIN (Try again)
17572 1783934706.449674 recvfrom(90, 0x75d3529820, 2272, MSG_DONTWAIT, NULL, NULL) = -1 EAGAIN (Try again)
17572 1783934706.452985 recvfrom(59, 0x7fe216bc30, 3200, MSG_DONTWAIT, NULL, NULL) = -1 EAGAIN (Try again)
17572 1783934706.462036 recvfrom(59, "nysv\0\0\0\0\0\0\0\0\0\0\0\0\337\335\21\306B\1\0\0YB\1\0\0\0\0\0", 3200, MSG_DONTWAIT, NULL, NULL) = 32
17572 1783934706.462473 recvfrom(59, 0x7fe216cc30, 3200, MSG_DONTWAIT, NULL, NULL) = -1 EAGAIN (Try again)
17572 1783934706.462967 recvfrom(90, 0x75d3529820, 2272, MSG_DONTWAIT, NULL, NULL) = -1 EAGAIN (Try again)
17572 1783934706.468650 recvfrom(59, 0x7fe216bc30, 3200, MSG_DONTWAIT, NULL, NULL) = -1 EAGAIN (Try again)
17572 1783934706.478865 recvfrom(59, "nysv\0\0\0\0\0\0\0\0\0\0\0\0\211#\20\307B\1\0\0ZB\1\0\0\0\0\0", 3200, MSG_DONTWAIT, NULL, NULL) = 32
17572 1783934706.479271 recvfrom(59, 0x7fe216cc30, 3200, MSG_DONTWAIT, NULL, NULL) = -1 EAGAIN (Try again)
17572 1783934706.479799 recvfrom(90, 0x75d3529820, 2272, MSG_DONTWAIT, NULL, NULL) = -1 EAGAIN (Try again)
17572 1783934706.485542 recvfrom(59, 0x7fe216bc30, 3200, MSG_DONTWAIT, NULL, NULL) = -1 EAGAIN (Try again)
17572 1783934706.496342 recvfrom(59, "nysv\0\0\0\0\0\0\0\0\0\0\0\0On\16\310B\1\0\0[B\1\0\0\0\0\0", 3200, MSG_DONTWAIT, NULL, NULL) = 32
17572 1783934706.496723 recvfrom(59, 0x7fe216cc30, 3200, MSG_DONTWAIT, NULL, NULL) = -1 EAGAIN (Try again)
17572 1783934706.497163 recvfrom(90, 0x75d3529820, 2272, MSG_DONTWAIT, NULL, NULL) = -1 EAGAIN (Try again)
17572 1783934706.501681 recvfrom(59, 0x7fe216bc30, 3200, MSG_DONTWAIT, NULL, NULL) = -1 EAGAIN (Try again)
17572 1783934706.513275 recvfrom(59, "nysv\0\0\0\0\0\0\0\0\0\0\0\0\266\262\f\311B\1\0\0\\B\1\0\0\0\0\0", 3200, MSG_DONTWAIT, NULL, NULL) = 32
17572 1783934706.513617 recvfrom(59, 0x7fe216cc30, 3200, MSG_DONTWAIT, NULL, NULL) = -1 EAGAIN (Try again)
17572 1783934706.514098 recvfrom(90, 0x75d3529820, 2272, MSG_DONTWAIT, NULL, NULL) = -1 EAGAIN (Try again)
17572 1783934706.514837 recvfrom(59, 0x7fe216bc30, 3200, MSG_DONTWAIT, NULL, NULL) = -1 EAGAIN (Try again)
17572 1783934706.528990 recvfrom(59, "nysv\0\0\0\0\0\0\0\0\0\0\0\0006(\v\312B\1\0\0]B\1\0\0\0\0\0", 3200, MSG_DONTWAIT, NULL, NULL) = 32
17572 1783934706.529303 recvfrom(59, 0x7fe216cc30, 3200, MSG_DONTWAIT, NULL, NULL) = -1 EAGAIN (Try again)
17572 1783934706.529786 recvfrom(90, 0x75d3529820, 2272, MSG_DONTWAIT, NULL, NULL) = -1 EAGAIN (Try again)
17572 1783934706.534165 recvfrom(59, 0x7fe216bc30, 3200, MSG_DONTWAIT, NULL, NULL) = -1 EAGAIN (Try again)
17572 1783934706.545794 recvfrom(59, "nysv\0\0\0\0\0\0\0\0\0\0\0\0\216\220\t\313B\1\0\0^B\1\0\0\0\0\0", 3200, MSG_DONTWAIT, NULL, NULL) = 32
17572 1783934706.546083 recvfrom(59, 0x7fe216cc30, 3200, MSG_DONTWAIT, NULL, NULL) = -1 EAGAIN (Try again)
17572 1783934706.546634 recvfrom(90, 0x75d3529820, 2272, MSG_DONTWAIT, NULL, NULL) = -1 EAGAIN (Try again)
17572 1783934706.547207 recvfrom(59, 0x7fe216bc30, 3200, MSG_DONTWAIT, NULL, NULL) = -1 EAGAIN (Try again)
17572 1783934706.562637 recvfrom(59, "nysv\0\0\0\0\0\0\0\0\0\0\0\0\21\364\7\314B\1\0\0_B\1\0\0\0\0\0", 3200, MSG_DONTWAIT, NULL, NULL) = 32
17572 1783934706.562960 recvfrom(59, 0x7fe216cc30, 3200, MSG_DONTWAIT, NULL, NULL) = -1 EAGAIN (Try again)
17572 1783934706.563421 recvfrom(90, 0x75d3529820, 2272, MSG_DONTWAIT, NULL, NULL) = -1 EAGAIN (Try again)
17572 1783934706.567434 recvfrom(59, 0x7fe216bc30, 3200, MSG_DONTWAIT, NULL, NULL) = -1 EAGAIN (Try again)
17572 1783934706.579954 recvfrom(59, "nysv\0\0\0\0\0\0\0\0\0\0\0\0\2447\6\315B\1\0\0`B\1\0\0\0\0\0", 3200, MSG_DONTWAIT, NULL, NULL) = 32
17572 1783934706.580190 recvfrom(59, 0x7fe216cc30, 3200, MSG_DONTWAIT, NULL, NULL) = -1 EAGAIN (Try again)
17572 1783934706.580639 recvfrom(90, 0x75d3529820, 2272, MSG_DONTWAIT, NULL, NULL) = -1 EAGAIN (Try again)
17572 1783934706.585639 recvfrom(59, 0x7fe216bc30, 3200, MSG_DONTWAIT, NULL, NULL) = -1 EAGAIN (Try again)
17572 1783934706.596352 recvfrom(59, "nysv\0\0\0\0\0\0\0\0\0\0\0\0J\201\4\316B\1\0\0aB\1\0\0\0\0\0", 3200, MSG_DONTWAIT, NULL, NULL) = 32
17572 1783934706.596676 recvfrom(59, 0x7fe216cc30, 3200, MSG_DONTWAIT, NULL, NULL) = -1 EAGAIN (Try again)
17572 1783934706.597201 recvfrom(90, 0x75d3529820, 2272, MSG_DONTWAIT, NULL, NULL) = -1 EAGAIN (Try again)
