[desc_seed] seed 42 …
  seed=42 [1/53] InfinityLoop1309.NewPipeEnhanced OK
  seed=42 [2/53] a2dp.Vol OK
  seed=42 [3/53] ac.robinson.mediaphone OK
  seed=42 [4/53] ademar.bitac OK
  seed=42 [5/53] agrigolo.opendrummer OK
  seed=42 [6/53] anonvpn.anon_next.android OK
  seed=42 [7/53] app.alextran.immich OK
  seed=42 [8/53] app.comaps.fdroid OK
  seed=42 [9/53] app.crescentcash.src OK
  seed=42 [10/53] app.fedilab.castlab OK
  seed=42 [11/53] app.fedilab.mobilizon OK
  seed=42 [12/53] app.fedilab.nitterizemelite OK
  seed=42 [13/53] app.hypostats OK
  seed=42 [14/53] app.ladefuchs.android OK
  seed=42 [15/53] app.michaelwuensch.bitbanana OK
  seed=42 [16/53] app.notesr OK
  seed=42 [17/53] app.organicmaps OK
  seed=42 [18/53] app.pachli OK
  seed=42 [19/53] app.prav.client OK
  seed=42 [20/53] app.tice.TICE.production OK
  seed=42 [21/53] app.tujice.jergasColombia OK
  seed=42 [22/53] app.udderance OK
  seed=42 [23/53] at.linuxtage.Eventfahrplan OK
  seed=42 [24/53] at.manuelbichler.octalsuntime OK
  seed=42 [25/53] at.tomtasche.reader OK
  seed=42 [26/53] au.com.wallaceit.reddinator OK
  seed=42 [27/53] barilyuk.batterytemperature OK
  seed=42 [28/53] be.digitalia.fosdem OK
  seed=42 [29/53] be.humanoids.webthingify OK
  seed=42 [30/53] be.mygod.vpnhotspot_foss OK
  seed=42 [31/53] biz.binarysolutions.mindfulnessmeditation OK
  seed=42 [32/53] biz.binarysolutions.stress OK
  seed=42 [33/53] biz.binarysolutions.vatcalculator OK
  seed=42 [34/53] bluepie.ad_silence OK
  seed=42 [35/53] btools.routingapp OK
  seed=42 [36/53] bus.chio.wishmaster OK
  seed=42 [37/53] ca.andries.portknocker OK
  seed=42 [38/53] ca.chancehorizon.paseo OK
  seed=42 [39/53] ca.farrelltonsolar.classic OK
  seed=42 [40/53] ca.momi.lift OK
  seed=42 [41/53] ca.ramzan.delist OK
  seed=42 [42/53] ca.rmen.android.frenchcalendar OK
  seed=42 [43/53] ca.rmen.android.scrumchatter OK
  seed=42 [44/53] ca.rmen.nounours OK
  seed=42 [45/53] cc.kafuu.bilidownload OK
  seed=42 [46/53] cf.playhi.freezeyou OK
  seed=42 [47/53] ch.abertschi.waterme.water_me OK
  seed=42 [48/53] ch.bubendorf.locusaddon.gsakdatabase OK
  seed=42 [49/53] ch.hgdev.toposuite OK
  seed=42 [50/53] ch.joshuah.bibleverseapp OK
  seed=42 [51/53] ch.mydoli.focal OK
  seed=42 [52/53] cityfreqs.com.pilfershushjammer OK
  seed=42 [53/53] cl.coders.faketraveler OK
[desc_seed] seed 43 …
  seed=43 [1/53] InfinityLoop1309.NewPipeEnhanced OK
  seed=43 [2/53] a2dp.Vol OK
  seed=43 [3/53] ac.robinson.mediaphone OK
  seed=43 [4/53] ademar.bitac OK
  seed=43 [5/53] agrigolo.opendrummer OK
  seed=43 [6/53] anonvpn.anon_next.android OK
  seed=43 [7/53] app.alextran.immich OK
  seed=43 [8/53] app.comaps.fdroid OK
  seed=43 [9/53] app.crescentcash.src OK
  seed=43 [10/53] app.fedilab.castlab OK
  seed=43 [11/53] app.fedilab.mobilizon OK
  seed=43 [12/53] app.fedilab.nitterizemelite OK
  seed=43 [13/53] app.hypostats OK
  seed=43 [14/53] app.ladefuchs.android OK
  seed=43 [15/53] app.michaelwuensch.bitbanana OK
  seed=43 [16/53] app.notesr OK
  seed=43 [17/53] app.organicmaps OK
  seed=43 [18/53] app.pachli OK
  seed=43 [19/53] app.prav.client OK
  seed=43 [20/53] app.tice.TICE.production OK
  seed=43 [21/53] app.tujice.jergasColombia OK
  seed=43 [22/53] app.udderance OK
  seed=43 [23/53] at.linuxtage.Eventfahrplan OK
  seed=43 [24/53] at.manuelbichler.octalsuntime OK
  seed=43 [25/53] at.tomtasche.reader OK
  seed=43 [26/53] au.com.wallaceit.reddinator OK
  seed=43 [27/53] barilyuk.batterytemperature OK
  seed=43 [28/53] be.digitalia.fosdem OK
  seed=43 [29/53] be.humanoids.webthingify OK
  seed=43 [30/53] be.mygod.vpnhotspot_foss OK
  seed=43 [31/53] biz.binarysolutions.mindfulnessmeditation OK
  seed=43 [32/53] biz.binarysolutions.stress OK
  seed=43 [33/53] biz.binarysolutions.vatcalculator OK
  seed=43 [34/53] bluepie.ad_silence OK
  seed=43 [35/53] btools.routingapp OK
  seed=43 [36/53] bus.chio.wishmaster OK
  seed=43 [37/53] ca.andries.portknocker OK
  seed=43 [38/53] ca.chancehorizon.paseo OK
  seed=43 [39/53] ca.farrelltonsolar.classic OK
  seed=43 [40/53] ca.momi.lift OK
  seed=43 [41/53] ca.ramzan.delist OK
  seed=43 [42/53] ca.rmen.android.frenchcalendar OK
  seed=43 [43/53] ca.rmen.android.scrumchatter OK
  seed=43 [44/53] ca.rmen.nounours OK
  seed=43 [45/53] cc.kafuu.bilidownload OK
  seed=43 [46/53] cf.playhi.freezeyou OK
  seed=43 [47/53] ch.abertschi.waterme.water_me OK
  seed=43 [48/53] ch.bubendorf.locusaddon.gsakdatabase OK
  seed=43 [49/53] ch.hgdev.toposuite OK
  seed=43 [50/53] ch.joshuah.bibleverseapp OK
  seed=43 [51/53] ch.mydoli.focal OK
  seed=43 [52/53] cityfreqs.com.pilfershushjammer OK
  seed=43 [53/53] cl.coders.faketraveler OK
[desc_seed] seed 44 …
  seed=44 [1/53] InfinityLoop1309.NewPipeEnhanced OK
  seed=44 [2/53] a2dp.Vol OK
  seed=44 [3/53] ac.robinson.mediaphone OK
  seed=44 [4/53] ademar.bitac OK
  seed=44 [5/53] agrigolo.opendrummer OK
  seed=44 [6/53] anonvpn.anon_next.android OK
  seed=44 [7/53] app.alextran.immich OK
  seed=44 [8/53] app.comaps.fdroid OK
  seed=44 [9/53] app.crescentcash.src OK
  seed=44 [10/53] app.fedilab.castlab OK
  seed=44 [11/53] app.fedilab.mobilizon OK
  seed=44 [12/53] app.fedilab.nitterizemelite OK
  seed=44 [13/53] app.hypostats OK
  seed=44 [14/53] app.ladefuchs.android OK
  seed=44 [15/53] app.michaelwuensch.bitbanana OK
  seed=44 [16/53] app.notesr OK
  seed=44 [17/53] app.organicmaps OK
  seed=44 [18/53] app.pachli OK
  seed=44 [19/53] app.prav.client OK
  seed=44 [20/53] app.tice.TICE.production OK
  seed=44 [21/53] app.tujice.jergasColombia OK
  seed=44 [22/53] app.udderance OK
  seed=44 [23/53] at.linuxtage.Eventfahrplan OK
  seed=44 [24/53] at.manuelbichler.octalsuntime OK
  seed=44 [25/53] at.tomtasche.reader OK
  seed=44 [26/53] au.com.wallaceit.reddinator OK
  seed=44 [27/53] barilyuk.batterytemperature OK
  seed=44 [28/53] be.digitalia.fosdem OK
  seed=44 [29/53] be.humanoids.webthingify OK
  seed=44 [30/53] be.mygod.vpnhotspot_foss OK
  seed=44 [31/53] biz.binarysolutions.mindfulnessmeditation OK
  seed=44 [32/53] biz.binarysolutions.stress OK
  seed=44 [33/53] biz.binarysolutions.vatcalculator OK
  seed=44 [34/53] bluepie.ad_silence OK
  seed=44 [35/53] btools.routingapp OK
  seed=44 [36/53] bus.chio.wishmaster OK
  seed=44 [37/53] ca.andries.portknocker OK
  seed=44 [38/53] ca.chancehorizon.paseo OK
  seed=44 [39/53] ca.farrelltonsolar.classic OK
  seed=44 [40/53] ca.momi.lift OK
  seed=44 [41/53] ca.ramzan.delist OK
  seed=44 [42/53] ca.rmen.android.frenchcalendar OK
  seed=44 [43/53] ca.rmen.android.scrumchatter OK
  seed=44 [44/53] ca.rmen.nounours OK
  seed=44 [45/53] cc.kafuu.bilidownload OK
  seed=44 [46/53] cf.playhi.freezeyou OK
  seed=44 [47/53] ch.abertschi.waterme.water_me OK
  seed=44 [48/53] ch.bubendorf.locusaddon.gsakdatabase OK
  seed=44 [49/53] ch.hgdev.toposuite OK
  seed=44 [50/53] ch.joshuah.bibleverseapp OK
  seed=44 [51/53] ch.mydoli.focal OK
  seed=44 [52/53] cityfreqs.com.pilfershushjammer OK
  seed=44 [53/53] cl.coders.faketraveler OK
[desc_seed] seed 45 …
  seed=45 [1/53] InfinityLoop1309.NewPipeEnhanced OK
  seed=45 [2/53] a2dp.Vol OK
  seed=45 [3/53] ac.robinson.mediaphone OK
  seed=45 [4/53] ademar.bitac OK
  seed=45 [5/53] agrigolo.opendrummer OK
  seed=45 [6/53] anonvpn.anon_next.android OK
  seed=45 [7/53] app.alextran.immich OK
  seed=45 [8/53] app.comaps.fdroid OK
  seed=45 [9/53] app.crescentcash.src OK
  seed=45 [10/53] app.fedilab.castlab OK
  seed=45 [11/53] app.fedilab.mobilizon OK
  seed=45 [12/53] app.fedilab.nitterizemelite OK
  seed=45 [13/53] app.hypostats OK
  seed=45 [14/53] app.ladefuchs.android OK
  seed=45 [15/53] app.michaelwuensch.bitbanana OK
  seed=45 [16/53] app.notesr OK
  seed=45 [17/53] app.organicmaps OK
  seed=45 [18/53] app.pachli OK
  seed=45 [19/53] app.prav.client OK
  seed=45 [20/53] app.tice.TICE.production OK
  seed=45 [21/53] app.tujice.jergasColombia OK
  seed=45 [22/53] app.udderance OK
  seed=45 [23/53] at.linuxtage.Eventfahrplan OK
  seed=45 [24/53] at.manuelbichler.octalsuntime OK
  seed=45 [25/53] at.tomtasche.reader OK
  seed=45 [26/53] au.com.wallaceit.reddinator OK
  seed=45 [27/53] barilyuk.batterytemperature OK
  seed=45 [28/53] be.digitalia.fosdem OK
  seed=45 [29/53] be.humanoids.webthingify OK
  seed=45 [30/53] be.mygod.vpnhotspot_foss OK
  seed=45 [31/53] biz.binarysolutions.mindfulnessmeditation OK
  seed=45 [32/53] biz.binarysolutions.stress OK
  seed=45 [33/53] biz.binarysolutions.vatcalculator OK
  seed=45 [34/53] bluepie.ad_silence OK
  seed=45 [35/53] btools.routingapp OK
  seed=45 [36/53] bus.chio.wishmaster OK
  seed=45 [37/53] ca.andries.portknocker OK
  seed=45 [38/53] ca.chancehorizon.paseo OK
  seed=45 [39/53] ca.farrelltonsolar.classic OK
  seed=45 [40/53] ca.momi.lift OK
  seed=45 [41/53] ca.ramzan.delist OK
  seed=45 [42/53] ca.rmen.android.frenchcalendar OK
  seed=45 [43/53] ca.rmen.android.scrumchatter OK
  seed=45 [44/53] ca.rmen.nounours OK
  seed=45 [45/53] cc.kafuu.bilidownload OK
  seed=45 [46/53] cf.playhi.freezeyou OK
  seed=45 [47/53] ch.abertschi.waterme.water_me OK
  seed=45 [48/53] ch.bubendorf.locusaddon.gsakdatabase OK
  seed=45 [49/53] ch.hgdev.toposuite OK
  seed=45 [50/53] ch.joshuah.bibleverseapp OK
  seed=45 [51/53] ch.mydoli.focal OK
  seed=45 [52/53] cityfreqs.com.pilfershushjammer OK
  seed=45 [53/53] cl.coders.faketraveler OK
[desc_seed] seed 46 …
  seed=46 [1/53] InfinityLoop1309.NewPipeEnhanced OK
  seed=46 [2/53] a2dp.Vol OK
  seed=46 [3/53] ac.robinson.mediaphone OK
  seed=46 [4/53] ademar.bitac OK
  seed=46 [5/53] agrigolo.opendrummer OK
  seed=46 [6/53] anonvpn.anon_next.android OK
  seed=46 [7/53] app.alextran.immich OK
  seed=46 [8/53] app.comaps.fdroid OK
  seed=46 [9/53] app.crescentcash.src OK
  seed=46 [10/53] app.fedilab.castlab OK
  seed=46 [11/53] app.fedilab.mobilizon OK
  seed=46 [12/53] app.fedilab.nitterizemelite OK
  seed=46 [13/53] app.hypostats OK
  seed=46 [14/53] app.ladefuchs.android OK
  seed=46 [15/53] app.michaelwuensch.bitbanana OK
  seed=46 [16/53] app.notesr OK
  seed=46 [17/53] app.organicmaps OK
  seed=46 [18/53] app.pachli OK
  seed=46 [19/53] app.prav.client OK
  seed=46 [20/53] app.tice.TICE.production OK
  seed=46 [21/53] app.tujice.jergasColombia OK
  seed=46 [22/53] app.udderance OK
  seed=46 [23/53] at.linuxtage.Eventfahrplan OK
  seed=46 [24/53] at.manuelbichler.octalsuntime OK
  seed=46 [25/53] at.tomtasche.reader OK
  seed=46 [26/53] au.com.wallaceit.reddinator OK
  seed=46 [27/53] barilyuk.batterytemperature OK
  seed=46 [28/53] be.digitalia.fosdem OK
  seed=46 [29/53] be.humanoids.webthingify OK
  seed=46 [30/53] be.mygod.vpnhotspot_foss OK
  seed=46 [31/53] biz.binarysolutions.mindfulnessmeditation OK
  seed=46 [32/53] biz.binarysolutions.stress OK
  seed=46 [33/53] biz.binarysolutions.vatcalculator OK
  seed=46 [34/53] bluepie.ad_silence OK
  seed=46 [35/53] btools.routingapp OK
  seed=46 [36/53] bus.chio.wishmaster OK
  seed=46 [37/53] ca.andries.portknocker OK
  seed=46 [38/53] ca.chancehorizon.paseo OK
  seed=46 [39/53] ca.farrelltonsolar.classic OK
  seed=46 [40/53] ca.momi.lift OK
  seed=46 [41/53] ca.ramzan.delist OK
  seed=46 [42/53] ca.rmen.android.frenchcalendar OK
  seed=46 [43/53] ca.rmen.android.scrumchatter OK
  seed=46 [44/53] ca.rmen.nounours OK
  seed=46 [45/53] cc.kafuu.bilidownload OK
  seed=46 [46/53] cf.playhi.freezeyou OK
  seed=46 [47/53] ch.abertschi.waterme.water_me OK
  seed=46 [48/53] ch.bubendorf.locusaddon.gsakdatabase OK
  seed=46 [49/53] ch.hgdev.toposuite OK
  seed=46 [50/53] ch.joshuah.bibleverseapp OK
  seed=46 [51/53] ch.mydoli.focal OK
  seed=46 [52/53] cityfreqs.com.pilfershushjammer OK
  seed=46 [53/53] cl.coders.faketraveler OK
{
  "n_apps_common_across_seeds": 53,
  "parse_success_rate_per_seed": {
    "42": 1.0,
    "43": 1.0,
    "44": 1.0,
    "45": 1.0,
    "46": 1.0
  },
  "mean_per_app_per_category_std": 0.0,
  "mean_pairwise_seed_correlation": 1.0,
  "pairwise_seed_correlations": [
    1.0,
    1.0,
    1.0,
    1.0,
    1.0,
    1.0,
    1.0,
    1.0,
    1.0,
    1.0
  ],
  "mean_predicted_probability_per_category": {
    "accounts": 0.4354716981132075,
    "audio": 0.3450943396226415,
    "camera": 0.4675471698113208,
    "clipboard": 0.15962264150943395,
    "content_access": 0.6247169811320755,
    "crypto": 0.29415094339622644,
    "database": 0.48150943396226414,
    "device_info": 0.3690566037735849,
    "dynamic_code_loading": 0.1960377358490566,
    "file_io": 0.48320754716981135,
    "ipc_intents": 0.5283018867924528,
    "location": 0.2858490566037736,
    "media": 0.45433962264150946,
    "native_code": 0.20452830188679247,
    "network": 0.5643396226415094,
    "notifications": 0.28773584905660377,
    "package_manager": 0.39433962264150946,
    "process": 0.30150943396226415,
    "sms": 0.15490566037735848,
    "storage": 0.5467924528301887,
    "telephony": 0.33,
    "webview": 0.549433962264151
  },
  "overall_mean_predicted_probability": 0.38447684391080617
}
