15392 1783904826.115348 exit(0)         = ?
15392 1783904826.115978 +++ exited with 0 +++
15370 1783904827.993858 exit(0)         = ?
15370 1783904827.993964 +++ exited with 0 +++
15367 1783904827.993994 exit(0)         = ?
15367 1783904827.994050 +++ exited with 0 +++
15369 1783904827.996905 exit(0 <unfinished ...>
15368 1783904827.996939 exit(0 <unfinished ...>
15369 1783904827.997118 <... exit resumed>) = ?
15368 1783904827.997151 <... exit resumed>) = ?
15369 1783904827.997356 +++ exited with 0 +++
15368 1783904827.997365 +++ exited with 0 +++
15382 1783904827.999241 newfstatat(AT_FDCWD, "/data", {st_mode=S_IFDIR|0771, st_size=4096, ...}, AT_SYMLINK_NOFOLLOW) = 0
15382 1783904827.999578 newfstatat(AT_FDCWD, "/data/app", {st_mode=S_IFDIR|0771, st_size=4096, ...}, AT_SYMLINK_NOFOLLOW) = 0
15382 1783904827.999913 newfstatat(AT_FDCWD, "/data/app/app.crescentcash.src-Qha1jjvmeYzFReNAXVrJtA==", {st_mode=S_IFDIR|0775, st_size=4096, ...}, AT_SYMLINK_NOFOLLOW) = 0
15382 1783904828.000157 newfstatat(AT_FDCWD, "/data/app/app.crescentcash.src-Qha1jjvmeYzFReNAXVrJtA==/base.apk", {st_mode=S_IFREG|0644, st_size=9839433, ...}, AT_SYMLINK_NOFOLLOW) = 0
15382 1783904828.000419 getcwd("/", 4096) = 2
15382 1783904828.000826 newfstatat(AT_FDCWD, "/base.apk", 0x7626170690, AT_SYMLINK_NOFOLLOW) = -1 ENOENT (No such file or directory)
15406 1783904840.812061 exit(0)         = ?
15406 1783904840.812528 +++ exited with 0 +++
15404 1783904840.863935 faccessat(AT_FDCWD, "/proc/self/task/15406", F_OK) = -1 ENOENT (No such file or directory)
15362 1783904859.086730 recvfrom(49, "\2\0\0\0\0\0\0\0L\v\0\0\0\0\0\0@\207=\2714\3\0\0\1\0\0\0\2\20\0\0"..., 2272, MSG_DONTWAIT, NULL, NULL) = 232
15362 1783904859.087349 recvfrom(47, 0x7fff4b9df0, 3200, MSG_DONTWAIT, NULL, NULL) = -1 EAGAIN (Try again)
15407 1783904859.091338 sendmsg(67, {msg_name=NULL, msg_namelen=0, msg_iov=[{iov_base="l\1\1\1\374\0\0\0L\0\0\0\235\0\0\0\1\1o\0;\0\0\0/re/frid"..., iov_len=428}], msg_iovlen=1, msg_controllen=0, msg_flags=0}, MSG_NOSIGNAL) = 428
15362 1783904859.092226 sendto(49, "\3\0\0\0\0\0\0\0L\v\0\0\1\0\0\0", 16, MSG_DONTWAIT|MSG_NOSIGNAL, NULL, 0) = 16
15362 1783904859.092255 recvfrom(49, 0x75c8c42020, 2272, MSG_DONTWAIT, NULL, NULL) = -1 EAGAIN (Try again)
15362 1783904859.092730 recvfrom(49, "\2\0\0\0\0\0\0\0N\v\0\0\0\0\0\0@\207=\2714\3\0\0\1\0\0\0\2\20\0\0"..., 2272, MSG_DONTWAIT, NULL, NULL) = 232
15362 1783904859.092868 sendto(49, "\3\0\0\0\0\0\0\0N\v\0\0\1\0\0\0", 16, MSG_DONTWAIT|MSG_NOSIGNAL, NULL, 0) = 16
15362 1783904859.092945 recvfrom(49, 0x75c8c42020, 2272, MSG_DONTWAIT, NULL, NULL) = -1 EAGAIN (Try again)
15362 1783904859.093053 socket(AF_UNIX, SOCK_DGRAM|SOCK_CLOEXEC|SOCK_NONBLOCK, 0) = 66
15362 1783904859.093270 setsockopt(66, SOL_SOCKET, SO_SNDBUF, [1048576], 4) = 0
15362 1783904859.093292 connect(66, {sa_family=AF_UNIX, sun_path="/dev/socket/statsdw"}, 110) = 0
15407 1783904859.093965 sendmsg(67, {msg_name=NULL, msg_namelen=0, msg_iov=[{iov_base="l\1\1\1\0\1\0\0M\0\0\0\235\0\0\0\1\1o\0;\0\0\0/re/frid"..., iov_len=432}], msg_iovlen=1, msg_controllen=0, msg_flags=0}, MSG_NOSIGNAL) = 432
15407 1783904859.097077 sendmsg(67, {msg_name=NULL, msg_namelen=0, msg_iov=[{iov_base="l\1\1\1\370\0\0\0N\0\0\0\235\0\0\0\1\1o\0;\0\0\0/re/frid"..., iov_len=424}], msg_iovlen=1, msg_controllen=0, msg_flags=0}, MSG_NOSIGNAL) = 424
15407 1783904859.098788 sendmsg(67, {msg_name=NULL, msg_namelen=0, msg_iov=[{iov_base="l\1\1\1\370\0\0\0O\0\0\0\235\0\0\0\1\1o\0;\0\0\0/re/frid"..., iov_len=424}], msg_iovlen=1, msg_controllen=0, msg_flags=0}, MSG_NOSIGNAL) = 424
15407 1783904859.100157 sendmsg(67, {msg_name=NULL, msg_namelen=0, msg_iov=[{iov_base="l\1\1\1\370\0\0\0P\0\0\0\235\0\0\0\1\1o\0;\0\0\0/re/frid"..., iov_len=424}], msg_iovlen=1, msg_controllen=0, msg_flags=0}, MSG_NOSIGNAL) = 424
15407 1783904859.101388 sendmsg(67, {msg_name=NULL, msg_namelen=0, msg_iov=[{iov_base="l\1\1\1\374\0\0\0Q\0\0\0\235\0\0\0\1\1o\0;\0\0\0/re/frid"..., iov_len=428}], msg_iovlen=1, msg_controllen=0, msg_flags=0}, MSG_NOSIGNAL) = 428
15407 1783904859.102996 sendmsg(67, {msg_name=NULL, msg_namelen=0, msg_iov=[{iov_base="l\1\1\1\374\0\0\0R\0\0\0\235\0\0\0\1\1o\0;\0\0\0/re/frid"..., iov_len=428}], msg_iovlen=1, msg_controllen=0, msg_flags=0}, MSG_NOSIGNAL) = 428
15407 1783904859.104288 sendmsg(67, {msg_name=NULL, msg_namelen=0, msg_iov=[{iov_base="l\1\1\1\374\0\0\0S\0\0\0\235\0\0\0\1\1o\0;\0\0\0/re/frid"..., iov_len=428}], msg_iovlen=1, msg_controllen=0, msg_flags=0}, MSG_NOSIGNAL) = 428
15407 1783904859.106300 sendmsg(67, {msg_name=NULL, msg_namelen=0, msg_iov=[{iov_base="l\1\1\1\370\0\0\0T\0\0\0\235\0\0\0\1\1o\0;\0\0\0/re/frid"..., iov_len=424}], msg_iovlen=1, msg_controllen=0, msg_flags=0}, MSG_NOSIGNAL) = 424
15407 1783904859.106426 sendmsg(67, {msg_name=NULL, msg_namelen=0, msg_iov=[{iov_base="l\1\1\1\370\0\0\0U\0\0\0\235\0\0\0\1\1o\0;\0\0\0/re/frid"..., iov_len=424}], msg_iovlen=1, msg_controllen=0, msg_flags=0}, MSG_NOSIGNAL) = 424
15407 1783904859.108619 sendmsg(67, {msg_name=NULL, msg_namelen=0, msg_iov=[{iov_base="l\1\1\1\370\0\0\0V\0\0\0\235\0\0\0\1\1o\0;\0\0\0/re/frid"..., iov_len=424}], msg_iovlen=1, msg_controllen=0, msg_flags=0}, MSG_NOSIGNAL) = 424
15407 1783904859.110071 sendmsg(67, {msg_name=NULL, msg_namelen=0, msg_iov=[{iov_base="l\1\1\1\374\0\0\0W\0\0\0\235\0\0\0\1\1o\0;\0\0\0/re/frid"..., iov_len=428}], msg_iovlen=1, msg_controllen=0, msg_flags=0}, MSG_NOSIGNAL) = 428
15407 1783904859.111419 sendmsg(67, {msg_name=NULL, msg_namelen=0, msg_iov=[{iov_base="l\1\1\1\374\0\0\0X\0\0\0\235\0\0\0\1\1o\0;\0\0\0/re/frid"..., iov_len=428}], msg_iovlen=1, msg_controllen=0, msg_flags=0}, MSG_NOSIGNAL) = 428
15407 1783904859.113828 sendmsg(67, {msg_name=NULL, msg_namelen=0, msg_iov=[{iov_base="l\1\1\1\374\0\0\0Y\0\0\0\235\0\0\0\1\1o\0;\0\0\0/re/frid"..., iov_len=428}], msg_iovlen=1, msg_controllen=0, msg_flags=0}, MSG_NOSIGNAL) = 428
15407 1783904859.115155 sendmsg(67, {msg_name=NULL, msg_namelen=0, msg_iov=[{iov_base="l\1\1\1\370\0\0\0Z\0\0\0\235\0\0\0\1\1o\0;\0\0\0/re/frid"..., iov_len=424}], msg_iovlen=1, msg_controllen=0, msg_flags=0}, MSG_NOSIGNAL) = 424
15407 1783904859.117097 sendmsg(67, {msg_name=NULL, msg_namelen=0, msg_iov=[{iov_base="l\1\1\1\370\0\0\0[\0\0\0\235\0\0\0\1\1o\0;\0\0\0/re/frid"..., iov_len=424}], msg_iovlen=1, msg_controllen=0, msg_flags=0}, MSG_NOSIGNAL) = 424
15407 1783904859.118183 sendmsg(67, {msg_name=NULL, msg_namelen=0, msg_iov=[{iov_base="l\1\1\1\370\0\0\0\\\0\0\0\235\0\0\0\1\1o\0;\0\0\0/re/frid"..., iov_len=424}], msg_iovlen=1, msg_controllen=0, msg_flags=0}, MSG_NOSIGNAL) = 424
15407 1783904859.119433 sendmsg(67, {msg_name=NULL, msg_namelen=0, msg_iov=[{iov_base="l\1\1\1\374\0\0\0]\0\0\0\235\0\0\0\1\1o\0;\0\0\0/re/frid"..., iov_len=428}], msg_iovlen=1, msg_controllen=0, msg_flags=0}, MSG_NOSIGNAL) = 428
15407 1783904859.120633 sendmsg(67, {msg_name=NULL, msg_namelen=0, msg_iov=[{iov_base="l\1\1\1\374\0\0\0^\0\0\0\235\0\0\0\1\1o\0;\0\0\0/re/frid"..., iov_len=428}], msg_iovlen=1, msg_controllen=0, msg_flags=0}, MSG_NOSIGNAL) = 428
15407 1783904859.121875 sendmsg(67, {msg_name=NULL, msg_namelen=0, msg_iov=[{iov_base="l\1\1\1\374\0\0\0_\0\0\0\235\0\0\0\1\1o\0;\0\0\0/re/frid"..., iov_len=428}], msg_iovlen=1, msg_controllen=0, msg_flags=0}, MSG_NOSIGNAL) = 428
15407 1783904859.123077 sendmsg(67, {msg_name=NULL, msg_namelen=0, msg_iov=[{iov_base="l\1\1\1\370\0\0\0`\0\0\0\235\0\0\0\1\1o\0;\0\0\0/re/frid"..., iov_len=424}], msg_iovlen=1, msg_controllen=0, msg_flags=0}, MSG_NOSIGNAL) = 424
15407 1783904859.124258 sendmsg(67, {msg_name=NULL, msg_namelen=0, msg_iov=[{iov_base="l\1\1\1\370\0\0\0a\0\0\0\235\0\0\0\1\1o\0;\0\0\0/re/frid"..., iov_len=424}], msg_iovlen=1, msg_controllen=0, msg_flags=0}, MSG_NOSIGNAL) = 424
15407 1783904859.126177 sendmsg(67, {msg_name=NULL, msg_namelen=0, msg_iov=[{iov_base="l\1\1\1\370\0\0\0b\0\0\0\235\0\0\0\1\1o\0;\0\0\0/re/frid"..., iov_len=424}], msg_iovlen=1, msg_controllen=0, msg_flags=0}, MSG_NOSIGNAL) = 424
15407 1783904859.127295 sendmsg(67, {msg_name=NULL, msg_namelen=0, msg_iov=[{iov_base="l\1\1\1\374\0\0\0c\0\0\0\235\0\0\0\1\1o\0;\0\0\0/re/frid"..., iov_len=428}], msg_iovlen=1, msg_controllen=0, msg_flags=0}, MSG_NOSIGNAL) = 428
15407 1783904859.128633 sendmsg(67, {msg_name=NULL, msg_namelen=0, msg_iov=[{iov_base="l\1\1\1\374\0\0\0d\0\0\0\235\0\0\0\1\1o\0;\0\0\0/re/frid"..., iov_len=428}], msg_iovlen=1, msg_controllen=0, msg_flags=0}, MSG_NOSIGNAL) = 428
15407 1783904859.130195 sendmsg(67, {msg_name=NULL, msg_namelen=0, msg_iov=[{iov_base="l\1\1\1\374\0\0\0e\0\0\0\235\0\0\0\1\1o\0;\0\0\0/re/frid"..., iov_len=428}], msg_iovlen=1, msg_controllen=0, msg_flags=0}, MSG_NOSIGNAL) = 428
15407 1783904859.131759 sendmsg(67, {msg_name=NULL, msg_namelen=0, msg_iov=[{iov_base="l\1\1\1\370\0\0\0f\0\0\0\235\0\0\0\1\1o\0;\0\0\0/re/frid"..., iov_len=424}], msg_iovlen=1, msg_controllen=0, msg_flags=0}, MSG_NOSIGNAL) = 424
15407 1783904859.132965 sendmsg(67, {msg_name=NULL, msg_namelen=0, msg_iov=[{iov_base="l\1\1\1\370\0\0\0g\0\0\0\235\0\0\0\1\1o\0;\0\0\0/re/frid"..., iov_len=424}], msg_iovlen=1, msg_controllen=0, msg_flags=0}, MSG_NOSIGNAL) = 424
15407 1783904859.134304 sendmsg(67, {msg_name=NULL, msg_namelen=0, msg_iov=[{iov_base="l\1\1\1\370\0\0\0h\0\0\0\235\0\0\0\1\1o\0;\0\0\0/re/frid"..., iov_len=424}], msg_iovlen=1, msg_controllen=0, msg_flags=0}, MSG_NOSIGNAL) = 424
15407 1783904859.135547 sendmsg(67, {msg_name=NULL, msg_namelen=0, msg_iov=[{iov_base="l\1\1\1\374\0\0\0i\0\0\0\235\0\0\0\1\1o\0;\0\0\0/re/frid"..., iov_len=428}], msg_iovlen=1, msg_controllen=0, msg_flags=0}, MSG_NOSIGNAL) = 428
15407 1783904859.137187 sendmsg(67, {msg_name=NULL, msg_namelen=0, msg_iov=[{iov_base="l\1\1\1\374\0\0\0j\0\0\0\235\0\0\0\1\1o\0;\0\0\0/re/frid"..., iov_len=428}], msg_iovlen=1, msg_controllen=0, msg_flags=0}, MSG_NOSIGNAL) = 428
15407 1783904859.138631 sendmsg(67, {msg_name=NULL, msg_namelen=0, msg_iov=[{iov_base="l\1\1\1\374\0\0\0k\0\0\0\235\0\0\0\1\1o\0;\0\0\0/re/frid"..., iov_len=428}], msg_iovlen=1, msg_controllen=0, msg_flags=0}, MSG_NOSIGNAL) = 428
15407 1783904859.140527 sendmsg(67, {msg_name=NULL, msg_namelen=0, msg_iov=[{iov_base="l\1\1\1\370\0\0\0l\0\0\0\235\0\0\0\1\1o\0;\0\0\0/re/frid"..., iov_len=424}], msg_iovlen=1, msg_controllen=0, msg_flags=0}, MSG_NOSIGNAL) = 424
15362 1783904859.141057 recvfrom(47, "nysv\0\0\0\0\0\0\0\0\0\0\0\0\24\316\357\2714\3\0\0\0264\3\0\0\0\0\0", 3200, MSG_DONTWAIT, NULL, NULL) = 32
15362 1783904859.141122 recvfrom(47, 0x7fff4bc6a0, 3200, MSG_DONTWAIT, NULL, NULL) = -1 EAGAIN (Try again)
15407 1783904859.142212 sendmsg(67, {msg_name=NULL, msg_namelen=0, msg_iov=[{iov_base="l\1\1\1\370\0\0\0m\0\0\0\235\0\0\0\1\1o\0;\0\0\0/re/frid"..., iov_len=424}], msg_iovlen=1, msg_controllen=0, msg_flags=0}, MSG_NOSIGNAL) = 424
15362 1783904859.142821 recvfrom(49, 0x75c8c42020, 2272, MSG_DONTWAIT, NULL, NULL) = -1 EAGAIN (Try again)
15362 1783904859.142839 recvfrom(47, 0x7fff4bc600, 3200, MSG_DONTWAIT, NULL, NULL) = -1 EAGAIN (Try again)
15407 1783904859.144338 sendmsg(67, {msg_name=NULL, msg_namelen=0, msg_iov=[{iov_base="l\1\1\1\370\0\0\0n\0\0\0\235\0\0\0\1\1o\0;\0\0\0/re/frid"..., iov_len=424}], msg_iovlen=1, msg_controllen=0, msg_flags=0}, MSG_NOSIGNAL) = 424
15407 1783904859.145626 sendmsg(67, {msg_name=NULL, msg_namelen=0, msg_iov=[{iov_base="l\1\1\1\374\0\0\0o\0\0\0\235\0\0\0\1\1o\0;\0\0\0/re/frid"..., iov_len=428}], msg_iovlen=1, msg_controllen=0, msg_flags=0}, MSG_NOSIGNAL) = 428
15407 1783904859.147308 sendmsg(67, {msg_name=NULL, msg_namelen=0, msg_iov=[{iov_base="l\1\1\1\374\0\0\0p\0\0\0\235\0\0\0\1\1o\0;\0\0\0/re/frid"..., iov_len=428}], msg_iovlen=1, msg_controllen=0, msg_flags=0}, MSG_NOSIGNAL) = 428
15407 1783904859.148931 sendmsg(67, {msg_name=NULL, msg_namelen=0, msg_iov=[{iov_base="l\1\1\1\374\0\0\0q\0\0\0\235\0\0\0\1\1o\0;\0\0\0/re/frid"..., iov_len=428}], msg_iovlen=1, msg_controllen=0, msg_flags=0}, MSG_NOSIGNAL) = 428
15407 1783904859.150036 sendmsg(67, {msg_name=NULL, msg_namelen=0, msg_iov=[{iov_base="l\1\1\1\370\0\0\0r\0\0\0\235\0\0\0\1\1o\0;\0\0\0/re/frid"..., iov_len=424}], msg_iovlen=1, msg_controllen=0, msg_flags=0}, MSG_NOSIGNAL) = 424
15407 1783904859.151231 sendmsg(67, {msg_name=NULL, msg_namelen=0, msg_iov=[{iov_base="l\1\1\1\370\0\0\0s\0\0\0\235\0\0\0\1\1o\0;\0\0\0/re/frid"..., iov_len=424}], msg_iovlen=1, msg_controllen=0, msg_flags=0}, MSG_NOSIGNAL) = 424
15407 1783904859.152568 sendmsg(67, {msg_name=NULL, msg_namelen=0, msg_iov=[{iov_base="l\1\1\1\370\0\0\0t\0\0\0\235\0\0\0\1\1o\0;\0\0\0/re/frid"..., iov_len=424}], msg_iovlen=1, msg_controllen=0, msg_flags=0}, MSG_NOSIGNAL) = 424
15407 1783904859.153880 sendmsg(67, {msg_name=NULL, msg_namelen=0, msg_iov=[{iov_base="l\1\1\1\374\0\0\0u\0\0\0\235\0\0\0\1\1o\0;\0\0\0/re/frid"..., iov_len=428}], msg_iovlen=1, msg_controllen=0, msg_flags=0}, MSG_NOSIGNAL) = 428
15407 1783904859.155157 sendmsg(67, {msg_name=NULL, msg_namelen=0, msg_iov=[{iov_base="l\1\1\1\374\0\0\0v\0\0\0\235\0\0\0\1\1o\0;\0\0\0/re/frid"..., iov_len=428}], msg_iovlen=1, msg_controllen=0, msg_flags=0}, MSG_NOSIGNAL) = 428
15407 1783904859.156279 sendmsg(67, {msg_name=NULL, msg_namelen=0, msg_iov=[{iov_base="l\1\1\1\374\0\0\0w\0\0\0\235\0\0\0\1\1o\0;\0\0\0/re/frid"..., iov_len=428}], msg_iovlen=1, msg_controllen=0, msg_flags=0}, MSG_NOSIGNAL) = 428
15407 1783904859.157501 sendmsg(67, {msg_name=NULL, msg_namelen=0, msg_iov=[{iov_base="l\1\1\1\370\0\0\0x\0\0\0\235\0\0\0\1\1o\0;\0\0\0/re/frid"..., iov_len=424}], msg_iovlen=1, msg_controllen=0, msg_flags=0}, MSG_NOSIGNAL) = 424
15407 1783904859.158778 sendmsg(67, {msg_name=NULL, msg_namelen=0, msg_iov=[{iov_base="l\1\1\1\370\0\0\0y\0\0\0\235\0\0\0\1\1o\0;\0\0\0/re/frid"..., iov_len=424}], msg_iovlen=1, msg_controllen=0, msg_flags=0}, MSG_NOSIGNAL) = 424
15407 1783904859.160311 sendmsg(67, {msg_name=NULL, msg_namelen=0, msg_iov=[{iov_base="l\1\1\1\370\0\0\0z\0\0\0\235\0\0\0\1\1o\0;\0\0\0/re/frid"..., iov_len=424}], msg_iovlen=1, msg_controllen=0, msg_flags=0}, MSG_NOSIGNAL) = 424
15407 1783904859.161598 sendmsg(67, {msg_name=NULL, msg_namelen=0, msg_iov=[{iov_base="l\1\1\1\374\0\0\0{\0\0\0\235\0\0\0\1\1o\0;\0\0\0/re/frid"..., iov_len=428}], msg_iovlen=1, msg_controllen=0, msg_flags=0}, MSG_NOSIGNAL) = 428
15407 1783904859.162726 sendmsg(67, {msg_name=NULL, msg_namelen=0, msg_iov=[{iov_base="l\1\1\1\374\0\0\0|\0\0\0\235\0\0\0\1\1o\0;\0\0\0/re/frid"..., iov_len=428}], msg_iovlen=1, msg_controllen=0, msg_flags=0}, MSG_NOSIGNAL) = 428
15407 1783904859.164773 sendmsg(67, {msg_name=NULL, msg_namelen=0, msg_iov=[{iov_base="l\1\1\1\374\0\0\0}\0\0\0\235\0\0\0\1\1o\0;\0\0\0/re/frid"..., iov_len=428}], msg_iovlen=1, msg_controllen=0, msg_flags=0}, MSG_NOSIGNAL) = 428
15362 1783904859.165498 recvfrom(47, "nysv\0\0\0\0\0\0\0\0\0\0\0\0i\203\353\2744\3\0\0\0314\3\0\0\0\0\0", 3200, MSG_DONTWAIT, NULL, NULL) = 32
15362 1783904859.165530 recvfrom(47, 0x7fff4bc6a0, 3200, MSG_DONTWAIT, NULL, NULL) = -1 EAGAIN (Try again)
15362 1783904859.165558 recvfrom(47, 0x7fff4bbc30, 3200, MSG_DONTWAIT, NULL, NULL) = -1 EAGAIN (Try again)
15407 1783904859.166570 sendmsg(67, {msg_name=NULL, msg_namelen=0, msg_iov=[{iov_base="l\1\1\1\370\0\0\0~\0\0\0\235\0\0\0\1\1o\0;\0\0\0/re/frid"..., iov_len=424}], msg_iovlen=1, msg_controllen=0, msg_flags=0}, MSG_NOSIGNAL) = 424
15407 1783904859.167607 sendmsg(67, {msg_name=NULL, msg_namelen=0, msg_iov=[{iov_base="l\1\1\1\370\0\0\0\177\0\0\0\235\0\0\0\1\1o\0;\0\0\0/re/frid"..., iov_len=424}], msg_iovlen=1, msg_controllen=0, msg_flags=0}, MSG_NOSIGNAL) = 424
15407 1783904859.168571 sendmsg(67, {msg_name=NULL, msg_namelen=0, msg_iov=[{iov_base="l\1\1\1\370\0\0\0\200\0\0\0\235\0\0\0\1\1o\0;\0\0\0/re/frid"..., iov_len=424}], msg_iovlen=1, msg_controllen=0, msg_flags=0}, MSG_NOSIGNAL) = 424
15407 1783904859.169597 sendmsg(67, {msg_name=NULL, msg_namelen=0, msg_iov=[{iov_base="l\1\1\1\374\0\0\0\201\0\0\0\235\0\0\0\1\1o\0;\0\0\0/re/frid"..., iov_len=428}], msg_iovlen=1, msg_controllen=0, msg_flags=0}, MSG_NOSIGNAL) = 428
15407 1783904859.170855 sendmsg(67, {msg_name=NULL, msg_namelen=0, msg_iov=[{iov_base="l\1\1\1\374\0\0\0\202\0\0\0\235\0\0\0\1\1o\0;\0\0\0/re/frid"..., iov_len=428}], msg_iovlen=1, msg_controllen=0, msg_flags=0}, MSG_NOSIGNAL) = 428
15407 1783904859.172165 sendmsg(67, {msg_name=NULL, msg_namelen=0, msg_iov=[{iov_base="l\1\1\1\374\0\0\0\203\0\0\0\235\0\0\0\1\1o\0;\0\0\0/re/frid"..., iov_len=428}], msg_iovlen=1, msg_controllen=0, msg_flags=0}, MSG_NOSIGNAL) = 428
15407 1783904859.173945 sendmsg(67, {msg_name=NULL, msg_namelen=0, msg_iov=[{iov_base="l\1\1\1\374\0\0\0\204\0\0\0\235\0\0\0\1\1o\0;\0\0\0/re/frid"..., iov_len=428}], msg_iovlen=1, msg_controllen=0, msg_flags=0}, MSG_NOSIGNAL) = 428
15407 1783904859.175943 sendmsg(67, {msg_name=NULL, msg_namelen=0, msg_iov=[{iov_base="l\1\1\1\0\1\0\0\205\0\0\0\235\0\0\0\1\1o\0;\0\0\0/re/frid"..., iov_len=432}], msg_iovlen=1, msg_controllen=0, msg_flags=0}, MSG_NOSIGNAL) = 432
15407 1783904859.177558 sendmsg(67, {msg_name=NULL, msg_namelen=0, msg_iov=[{iov_base="l\1\1\1\370\0\0\0\206\0\0\0\235\0\0\0\1\1o\0;\0\0\0/re/frid"..., iov_len=424}], msg_iovlen=1, msg_controllen=0, msg_flags=0}, MSG_NOSIGNAL) = 424
15407 1783904859.178766 sendmsg(67, {msg_name=NULL, msg_namelen=0, msg_iov=[{iov_base="l\1\1\1\370\0\0\0\207\0\0\0\235\0\0\0\1\1o\0;\0\0\0/re/frid"..., iov_len=424}], msg_iovlen=1, msg_controllen=0, msg_flags=0}, MSG_NOSIGNAL) = 424
15407 1783904859.180016 sendmsg(67, {msg_name=NULL, msg_namelen=0, msg_iov=[{iov_base="l\1\1\1\370\0\0\0\210\0\0\0\235\0\0\0\1\1o\0;\0\0\0/re/frid"..., iov_len=424}], msg_iovlen=1, msg_controllen=0, msg_flags=0}, MSG_NOSIGNAL) = 424
15407 1783904859.181632 sendmsg(67, {msg_name=NULL, msg_namelen=0, msg_iov=[{iov_base="l\1\1\1\374\0\0\0\211\0\0\0\235\0\0\0\1\1o\0;\0\0\0/re/frid"..., iov_len=428}], msg_iovlen=1, msg_controllen=0, msg_flags=0}, MSG_NOSIGNAL) = 428
15407 1783904859.182763 sendmsg(67, {msg_name=NULL, msg_namelen=0, msg_iov=[{iov_base="l\1\1\1\374\0\0\0\212\0\0\0\235\0\0\0\1\1o\0;\0\0\0/re/frid"..., iov_len=428}], msg_iovlen=1, msg_controllen=0, msg_flags=0}, MSG_NOSIGNAL) = 428
15407 1783904859.183961 sendmsg(67, {msg_name=NULL, msg_namelen=0, msg_iov=[{iov_base="l\1\1\1\374\0\0\0\213\0\0\0\235\0\0\0\1\1o\0;\0\0\0/re/frid"..., iov_len=428}], msg_iovlen=1, msg_controllen=0, msg_flags=0}, MSG_NOSIGNAL) = 428
15407 1783904859.185278 sendmsg(67, {msg_name=NULL, msg_namelen=0, msg_iov=[{iov_base="l\1\1\1\370\0\0\0\214\0\0\0\235\0\0\0\1\1o\0;\0\0\0/re/frid"..., iov_len=424}], msg_iovlen=1, msg_controllen=0, msg_flags=0}, MSG_NOSIGNAL) = 424
15407 1783904859.186746 sendmsg(67, {msg_name=NULL, msg_namelen=0, msg_iov=[{iov_base="l\1\1\1\370\0\0\0\215\0\0\0\235\0\0\0\1\1o\0;\0\0\0/re/frid"..., iov_len=424}], msg_iovlen=1, msg_controllen=0, msg_flags=0}, MSG_NOSIGNAL) = 424
15407 1783904859.188104 sendmsg(67, {msg_name=NULL, msg_namelen=0, msg_iov=[{iov_base="l\1\1\1\370\0\0\0\216\0\0\0\235\0\0\0\1\1o\0;\0\0\0/re/frid"..., iov_len=424}], msg_iovlen=1, msg_controllen=0, msg_flags=0}, MSG_NOSIGNAL) = 424
15407 1783904859.189433 sendmsg(67, {msg_name=NULL, msg_namelen=0, msg_iov=[{iov_base="l\1\1\1\374\0\0\0\217\0\0\0\235\0\0\0\1\1o\0;\0\0\0/re/frid"..., iov_len=428}], msg_iovlen=1, msg_controllen=0, msg_flags=0}, MSG_NOSIGNAL) = 428
15407 1783904859.190628 sendmsg(67, {msg_name=NULL, msg_namelen=0, msg_iov=[{iov_base="l\1\1\1\374\0\0\0\220\0\0\0\235\0\0\0\1\1o\0;\0\0\0/re/frid"..., iov_len=428}], msg_iovlen=1, msg_controllen=0, msg_flags=0}, MSG_NOSIGNAL) = 428
15407 1783904859.191941 sendmsg(67, {msg_name=NULL, msg_namelen=0, msg_iov=[{iov_base="l\1\1\1\374\0\0\0\221\0\0\0\235\0\0\0\1\1o\0;\0\0\0/re/frid"..., iov_len=428}], msg_iovlen=1, msg_controllen=0, msg_flags=0}, MSG_NOSIGNAL) = 428
15407 1783904859.193049 sendmsg(67, {msg_name=NULL, msg_namelen=0, msg_iov=[{iov_base="l\1\1\1\370\0\0\0\222\0\0\0\235\0\0\0\1\1o\0;\0\0\0/re/frid"..., iov_len=424}], msg_iovlen=1, msg_controllen=0, msg_flags=0}, MSG_NOSIGNAL) = 424
15407 1783904859.194198 sendmsg(67, {msg_name=NULL, msg_namelen=0, msg_iov=[{iov_base="l\1\1\1\370\0\0\0\223\0\0\0\235\0\0\0\1\1o\0;\0\0\0/re/frid"..., iov_len=424}], msg_iovlen=1, msg_controllen=0, msg_flags=0}, MSG_NOSIGNAL) = 424
15407 1783904859.195682 sendmsg(67, {msg_name=NULL, msg_namelen=0, msg_iov=[{iov_base="l\1\1\1\370\0\0\0\224\0\0\0\235\0\0\0\1\1o\0;\0\0\0/re/frid"..., iov_len=424}], msg_iovlen=1, msg_controllen=0, msg_flags=0}, MSG_NOSIGNAL) = 424
15407 1783904859.197445 sendmsg(67, {msg_name=NULL, msg_namelen=0, msg_iov=[{iov_base="l\1\1\1\374\0\0\0\225\0\0\0\235\0\0\0\1\1o\0;\0\0\0/re/frid"..., iov_len=428}], msg_iovlen=1, msg_controllen=0, msg_flags=0}, MSG_NOSIGNAL) = 428
15407 1783904859.199063 sendmsg(67, {msg_name=NULL, msg_namelen=0, msg_iov=[{iov_base="l\1\1\1\374\0\0\0\226\0\0\0\235\0\0\0\1\1o\0;\0\0\0/re/frid"..., iov_len=428}], msg_iovlen=1, msg_controllen=0, msg_flags=0}, MSG_NOSIGNAL) = 428
15407 1783904859.200349 sendmsg(67, {msg_name=NULL, msg_namelen=0, msg_iov=[{iov_base="l\1\1\1\374\0\0\0\227\0\0\0\235\0\0\0\1\1o\0;\0\0\0/re/frid"..., iov_len=428}], msg_iovlen=1, msg_controllen=0, msg_flags=0}, MSG_NOSIGNAL) = 428
15407 1783904859.201211 sendmsg(67, {msg_name=NULL, msg_namelen=0, msg_iov=[{iov_base="l\1\1\1\370\0\0\0\230\0\0\0\235\0\0\0\1\1o\0;\0\0\0/re/frid"..., iov_len=424}], msg_iovlen=1, msg_controllen=0, msg_flags=0}, MSG_NOSIGNAL) = 424
15407 1783904859.202096 sendmsg(67, {msg_name=NULL, msg_namelen=0, msg_iov=[{iov_base="l\1\1\1\370\0\0\0\231\0\0\0\235\0\0\0\1\1o\0;\0\0\0/re/frid"..., iov_len=424}], msg_iovlen=1, msg_controllen=0, msg_flags=0}, MSG_NOSIGNAL) = 424
15407 1783904859.202944 sendmsg(67, {msg_name=NULL, msg_namelen=0, msg_iov=[{iov_base="l\1\1\1\370\0\0\0\232\0\0\0\235\0\0\0\1\1o\0;\0\0\0/re/frid"..., iov_len=424}], msg_iovlen=1, msg_controllen=0, msg_flags=0}, MSG_NOSIGNAL) = 424
15407 1783904859.203797 sendmsg(67, {msg_name=NULL, msg_namelen=0, msg_iov=[{iov_base="l\1\1\1\374\0\0\0\233\0\0\0\235\0\0\0\1\1o\0;\0\0\0/re/frid"..., iov_len=428}], msg_iovlen=1, msg_controllen=0, msg_flags=0}, MSG_NOSIGNAL) = 428
15407 1783904859.204609 sendmsg(67, {msg_name=NULL, msg_namelen=0, msg_iov=[{iov_base="l\1\1\1\374\0\0\0\234\0\0\0\235\0\0\0\1\1o\0;\0\0\0/re/frid"..., iov_len=428}], msg_iovlen=1, msg_controllen=0, msg_flags=0}, MSG_NOSIGNAL) = 428
15407 1783904859.205534 sendmsg(67, {msg_name=NULL, msg_namelen=0, msg_iov=[{iov_base="l\1\1\1\374\0\0\0\235\0\0\0\235\0\0\0\1\1o\0;\0\0\0/re/frid"..., iov_len=428}], msg_iovlen=1, msg_controllen=0, msg_flags=0}, MSG_NOSIGNAL) = 428
15407 1783904859.206379 sendmsg(67, {msg_name=NULL, msg_namelen=0, msg_iov=[{iov_base="l\1\1\1\370\0\0\0\236\0\0\0\235\0\0\0\1\1o\0;\0\0\0/re/frid"..., iov_len=424}], msg_iovlen=1, msg_controllen=0, msg_flags=0}, MSG_NOSIGNAL) = 424
15407 1783904859.207244 sendmsg(67, {msg_name=NULL, msg_namelen=0, msg_iov=[{iov_base="l\1\1\1\370\0\0\0\237\0\0\0\235\0\0\0\1\1o\0;\0\0\0/re/frid"..., iov_len=424}], msg_iovlen=1, msg_controllen=0, msg_flags=0}, MSG_NOSIGNAL) = 424
15407 1783904859.210326 sendmsg(67, {msg_name=NULL, msg_namelen=0, msg_iov=[{iov_base="l\1\1\1\370\0\0\0\240\0\0\0\235\0\0\0\1\1o\0;\0\0\0/re/frid"..., iov_len=424}], msg_iovlen=1, msg_controllen=0, msg_flags=0}, MSG_NOSIGNAL) = 424
15407 1783904859.211470 sendmsg(67, {msg_name=NULL, msg_namelen=0, msg_iov=[{iov_base="l\1\1\1\374\0\0\0\241\0\0\0\235\0\0\0\1\1o\0;\0\0\0/re/frid"..., iov_len=428}], msg_iovlen=1, msg_controllen=0, msg_flags=0}, MSG_NOSIGNAL) = 428
15407 1783904859.214468 sendmsg(67, {msg_name=NULL, msg_namelen=0, msg_iov=[{iov_base="l\1\1\1\374\0\0\0\242\0\0\0\235\0\0\0\1\1o\0;\0\0\0/re/frid"..., iov_len=428}], msg_iovlen=1, msg_controllen=0, msg_flags=0}, MSG_NOSIGNAL) = 428
15407 1783904859.215435 sendmsg(67, {msg_name=NULL, msg_namelen=0, msg_iov=[{iov_base="l\1\1\1\374\0\0\0\243\0\0\0\235\0\0\0\1\1o\0;\0\0\0/re/frid"..., iov_len=428}], msg_iovlen=1, msg_controllen=0, msg_flags=0}, MSG_NOSIGNAL) = 428
15362 1783904859.221320 recvfrom(47, "nysv\0\0\0\0\0\0\0\0\0\0\0\0\334\261\350\2764\3\0\0\0334\3\0\0\0\0\0", 3200, MSG_DONTWAIT, NULL, NULL) = 32
15362 1783904859.221348 recvfrom(47, 0x7fff4bc6a0, 3200, MSG_DONTWAIT, NULL, NULL) = -1 EAGAIN (Try again)
15362 1783904859.221441 recvfrom(49, 0x75c8c42020, 2272, MSG_DONTWAIT, NULL, NULL) = -1 EAGAIN (Try again)
15362 1783904859.221482 recvfrom(47, 0x7fff4bbc30, 3200, MSG_DONTWAIT, NULL, NULL) = -1 EAGAIN (Try again)
15362 1783904859.242984 recvfrom(47, "nysv\0\0\0\0\0\0\0\0\0\0\0\0\326\302\342\3014\3\0\0\0364\3\0\0\0\0\0", 3200, MSG_DONTWAIT, NULL, NULL) = 32
15362 1783904859.243035 recvfrom(47, 0x7fff4bc6a0, 3200, MSG_DONTWAIT, NULL, NULL) = -1 EAGAIN (Try again)
15362 1783904859.243119 recvfrom(49, 0x75c8c42020, 2272, MSG_DONTWAIT, NULL, NULL) = -1 EAGAIN (Try again)
15362 1783904859.243171 recvfrom(47, 0x7fff4bbc30, 3200, MSG_DONTWAIT, NULL, NULL) = -1 EAGAIN (Try again)
15362 1783904859.254716 recvfrom(47, "nysv\0\0\0\0\0\0\0\0\0\0\0\0c9\341\3024\3\0\0\0374\3\0\0\0\0\0", 3200, MSG_DONTWAIT, NULL, NULL) = 32
15362 1783904859.254745 recvfrom(47, 0x7fff4bc6a0, 3200, MSG_DONTWAIT, NULL, NULL) = -1 EAGAIN (Try again)
15362 1783904859.254796 recvfrom(49, 0x75c8c42020, 2272, MSG_DONTWAIT, NULL, NULL) = -1 EAGAIN (Try again)
15362 1783904859.254836 recvfrom(47, 0x7fff4bbc30, 3200, MSG_DONTWAIT, NULL, NULL) = -1 EAGAIN (Try again)
15362 1783904859.270548 recvfrom(47, "nysv\0\0\0\0\0\0\0\0\0\0\0\0Vv\337\3034\3\0\0 4\3\0\0\0\0\0", 3200, MSG_DONTWAIT, NULL, NULL) = 32
15362 1783904859.270578 recvfrom(47, 0x7fff4bc6a0, 3200, MSG_DONTWAIT, NULL, NULL) = -1 EAGAIN (Try again)
15362 1783904859.270634 recvfrom(49, 0x75c8c42020, 2272, MSG_DONTWAIT, NULL, NULL) = -1 EAGAIN (Try again)
15362 1783904859.270673 recvfrom(47, 0x7fff4bbc30, 3200, MSG_DONTWAIT, NULL, NULL) = -1 EAGAIN (Try again)
15362 1783904859.285908 recvfrom(47, "nysv\0\0\0\0\0\0\0\0\0\0\0\0\376\311\335\3044\3\0\0!4\3\0\0\0\0\0", 3200, MSG_DONTWAIT, NULL, NULL) = 32
15362 1783904859.285940 recvfrom(47, 0x7fff4bc6a0, 3200, MSG_DONTWAIT, NULL, NULL) = -1 EAGAIN (Try again)
15362 1783904859.285988 recvfrom(49, 0x75c8c42020, 2272, MSG_DONTWAIT, NULL, NULL) = -1 EAGAIN (Try again)
15362 1783904859.286031 recvfrom(47, 0x7fff4bbc30, 3200, MSG_DONTWAIT, NULL, NULL) = -1 EAGAIN (Try again)
15362 1783904859.302594 recvfrom(47, "nysv\0\0\0\0\0\0\0\0\0\0\0\0~=\334\3054\3\0\0\"4\3\0\0\0\0\0", 3200, MSG_DONTWAIT, NULL, NULL) = 32
15362 1783904859.302622 recvfrom(47, 0x7fff4bc6a0, 3200, MSG_DONTWAIT, NULL, NULL) = -1 EAGAIN (Try again)
15362 1783904859.302665 recvfrom(49, 0x75c8c42020, 2272, MSG_DONTWAIT, NULL, NULL) = -1 EAGAIN (Try again)
15362 1783904859.302695 recvfrom(47, 0x7fff4bbc30, 3200, MSG_DONTWAIT, NULL, NULL) = -1 EAGAIN (Try again)
15362 1783904859.318545 recvfrom(47, "nysv\0\0\0\0\0\0\0\0\0\0\0\0\201\334\332\3064\3\0\0#4\3\0\0\0\0\0", 3200, MSG_DONTWAIT, NULL, NULL) = 32
15362 1783904859.318574 recvfrom(47, 0x7fff4bc6a0, 3200, MSG_DONTWAIT, NULL, NULL) = -1 EAGAIN (Try again)
15362 1783904859.318624 recvfrom(49, 0x75c8c42020, 2272, MSG_DONTWAIT, NULL, NULL) = -1 EAGAIN (Try again)
15362 1783904859.318657 recvfrom(47, 0x7fff4bbc30, 3200, MSG_DONTWAIT, NULL, NULL) = -1 EAGAIN (Try again)
15362 1783904859.338116 recvfrom(47, "nysv\0\0\0\0\0\0\0\0\0\0\0\0\312\261\330\3074\3\0\0$4\3\0\0\0\0\0", 3200, MSG_DONTWAIT, NULL, NULL) = 32
15362 1783904859.338138 recvfrom(47, 0x7fff4bc6a0, 3200, MSG_DONTWAIT, NULL, NULL) = -1 EAGAIN (Try again)
15362 1783904859.338177 recvfrom(49, 0x75c8c42020, 2272, MSG_DONTWAIT, NULL, NULL) = -1 EAGAIN (Try again)
15362 1783904859.338279 recvfrom(47, 0x7fff4bbc30, 3200, MSG_DONTWAIT, NULL, NULL) = -1 EAGAIN (Try again)
15362 1783904859.352302 recvfrom(47, "nysv\0\0\0\0\0\0\0\0\0\0\0\0\332\204\327\3104\3\0\0%4\3\0\0\0\0\0", 3200, MSG_DONTWAIT, NULL, NULL) = 32
15362 1783904859.352320 recvfrom(47, 0x7fff4bc6a0, 3200, MSG_DONTWAIT, NULL, NULL) = -1 EAGAIN (Try again)
15362 1783904859.352346 recvfrom(49, 0x75c8c42020, 2272, MSG_DONTWAIT, NULL, NULL) = -1 EAGAIN (Try again)
15362 1783904859.352371 recvfrom(47, 0x7fff4bbc30, 3200, MSG_DONTWAIT, NULL, NULL) = -1 EAGAIN (Try again)
15362 1783904859.369062 recvfrom(47, "nysv\0\0\0\0\0\0\0\0\0\0\0\0\6\350\325\3114\3\0\0&4\3\0\0\0\0\0", 3200, MSG_DONTWAIT, NULL, NULL) = 32
15362 1783904859.369089 recvfrom(47, 0x7fff4bc6a0, 3200, MSG_DONTWAIT, NULL, NULL) = -1 EAGAIN (Try again)
15362 1783904859.369132 recvfrom(49, 0x75c8c42020, 2272, MSG_DONTWAIT, NULL, NULL) = -1 EAGAIN (Try again)
15362 1783904859.369152 recvfrom(47, 0x7fff4bbc30, 3200, MSG_DONTWAIT, NULL, NULL) = -1 EAGAIN (Try again)
15362 1783904859.386600 recvfrom(47, "nysv\0\0\0\0\0\0\0\0\0\0\0\0\351\35\324\3124\3\0\0'4\3\0\0\0\0\0", 3200, MSG_DONTWAIT, NULL, NULL) = 32
15362 1783904859.386622 recvfrom(47, 0x7fff4bc6a0, 3200, MSG_DONTWAIT, NULL, NULL) = -1 EAGAIN (Try again)
15362 1783904859.386779 recvfrom(49, 0x75c8c42020, 2272, MSG_DONTWAIT, NULL, NULL) = -1 EAGAIN (Try again)
15362 1783904859.386800 recvfrom(47, 0x7fff4bbc30, 3200, MSG_DONTWAIT, NULL, NULL) = -1 EAGAIN (Try again)
15362 1783904859.403968 recvfrom(47, "nysv\0\0\0\0\0\0\0\0\0\0\0\0\272\243\322\3134\3\0\0(4\3\0\0\0\0\0", 3200, MSG_DONTWAIT, NULL, NULL) = 32
15362 1783904859.403999 recvfrom(47, 0x7fff4bc6a0, 3200, MSG_DONTWAIT, NULL, NULL) = -1 EAGAIN (Try again)
15362 1783904859.404044 recvfrom(49, 0x75c8c42020, 2272, MSG_DONTWAIT, NULL, NULL) = -1 EAGAIN (Try again)
15362 1783904859.404068 recvfrom(47, 0x7fff4bbc30, 3200, MSG_DONTWAIT, NULL, NULL) = -1 EAGAIN (Try again)
15362 1783904859.418256 recvfrom(47, "nysv\0\0\0\0\0\0\0\0\0\0\0\0\364A\321\3144\3\0\0)4\3\0\0\0\0\0", 3200, MSG_DONTWAIT, NULL, NULL) = 32
15362 1783904859.418291 recvfrom(47, 0x7fff4bc6a0, 3200, MSG_DONTWAIT, NULL, NULL) = -1 EAGAIN (Try again)
15362 1783904859.418341 recvfrom(49, 0x75c8c42020, 2272, MSG_DONTWAIT, NULL, NULL) = -1 EAGAIN (Try again)
15362 1783904859.418377 recvfrom(47, 0x7fff4bbc30, 3200, MSG_DONTWAIT, NULL, NULL) = -1 EAGAIN (Try again)
15362 1783904859.438211 recvfrom(47, "nysv\0\0\0\0\0\0\0\0\0\0\0\0`J\317\3154\3\0\0*4\3\0\0\0\0\0", 3200, MSG_DONTWAIT, NULL, NULL) = 32
15362 1783904859.438238 recvfrom(47, 0x7fff4bc6a0, 3200, MSG_DONTWAIT, NULL, NULL) = -1 EAGAIN (Try again)
15362 1783904859.438277 recvfrom(49, 0x75c8c42020, 2272, MSG_DONTWAIT, NULL, NULL) = -1 EAGAIN (Try again)
15362 1783904859.438315 recvfrom(47, 0x7fff4bbc30, 3200, MSG_DONTWAIT, NULL, NULL) = -1 EAGAIN (Try again)
15362 1783904859.452706 recvfrom(47, "nysv\0\0\0\0\0\0\0\0\0\0\0\0\3\263\315\3164\3\0\0+4\3\0\0\0\0\0", 3200, MSG_DONTWAIT, NULL, NULL) = 32
15362 1783904859.452731 recvfrom(47, 0x7fff4bc6a0, 3200, MSG_DONTWAIT, NULL, NULL) = -1 EAGAIN (Try again)
15362 1783904859.452761 recvfrom(49, 0x75c8c42020, 2272, MSG_DONTWAIT, NULL, NULL) = -1 EAGAIN (Try again)
15362 1783904859.452788 recvfrom(47, 0x7fff4bc600, 3200, MSG_DONTWAIT, NULL, NULL) = -1 EAGAIN (Try again)
15362 1783904859.465197 recvfrom(47, "nysv\0\0\0\0\0\0\0\0\0\0\0\0\35\345\313\3174\3\0\0,4\3\0\0\0\0\0", 3200, MSG_DONTWAIT, NULL, NULL) = 32
15362 1783904859.465232 recvfrom(47, 0x7fff4bc6a0, 3200, MSG_DONTWAIT, NULL, NULL) = -1 EAGAIN (Try again)
15362 1783904859.465266 recvfrom(47, 0x7fff4bc600, 3200, MSG_DONTWAIT, NULL, NULL) = -1 EAGAIN (Try again)
15362 1783904859.487058 recvfrom(47, "nysv\0\0\0\0\0\0\0\0\0\0\0\0\212\333\310\3204\3\0\0-4\3\0\0\0\0\0", 3200, MSG_DONTWAIT, NULL, NULL) = 32
15362 1783904859.487079 recvfrom(47, 0x7fff4bc6a0, 3200, MSG_DONTWAIT, NULL, NULL) = -1 EAGAIN (Try again)
15362 1783904859.487100 recvfrom(47, 0x7fff4bc600, 3200, MSG_DONTWAIT, NULL, NULL) = -1 EAGAIN (Try again)
15362 1783904859.501158 recvfrom(47, "nysv\0\0\0\0\0\0\0\0\0\0\0\0\360\252\306\3214\3\0\0.4\3\0\0\0\0\0", 3200, MSG_DONTWAIT, NULL, NULL) = 32
15362 1783904859.501180 recvfrom(47, 0x7fff4bc6a0, 3200, MSG_DONTWAIT, NULL, NULL) = -1 EAGAIN (Try again)
15362 1783904859.501196 recvfrom(47, 0x7fff4bc600, 3200, MSG_DONTWAIT, NULL, NULL) = -1 EAGAIN (Try again)
15362 1783904859.517106 recvfrom(47, "nysv\0\0\0\0\0\0\0\0\0\0\0\0\32\373\304\3224\3\0\0/4\3\0\0\0\0\0", 3200, MSG_DONTWAIT, NULL, NULL) = 32
15362 1783904859.517124 recvfrom(47, 0x7fff4bc6a0, 3200, MSG_DONTWAIT, NULL, NULL) = -1 EAGAIN (Try again)
15362 1783904859.517146 recvfrom(47, 0x7fff4bc600, 3200, MSG_DONTWAIT, NULL, NULL) = -1 EAGAIN (Try again)
15362 1783904859.530099 recvfrom(47, "nysv\0\0\0\0\0\0\0\0\0\0\0\0\332\222\303\3234\3\0\00004\3\0\0\0\0\0", 3200, MSG_DONTWAIT, NULL, NULL) = 32
15362 1783904859.530121 recvfrom(47, 0x7fff4bc6a0, 3200, MSG_DONTWAIT, NULL, NULL) = -1 EAGAIN (Try again)
15362 1783904859.530228 recvfrom(47, 0x7fff4bc600, 3200, MSG_DONTWAIT, NULL, NULL) = -1 EAGAIN (Try again)
15362 1783904859.547149 recvfrom(47, "nysv\0\0\0\0\0\0\0\0\0\0\0\0;\24\302\3244\3\0\00014\3\0\0\0\0\0", 3200, MSG_DONTWAIT, NULL, NULL) = 32
15362 1783904859.547162 recvfrom(47, 0x7fff4bc6a0, 3200, MSG_DONTWAIT, NULL, NULL) = -1 EAGAIN (Try again)
15362 1783904879.429731 recvfrom(49, "\2\0\0\0\0\0\0\0R\v\0\0\0\0\0\0\0\23\307u9\3\0\0\1\0\0\0\2\20\0\0"..., 2272, MSG_DONTWAIT, NULL, NULL) = 232
15362 1783904879.430410 recvfrom(47, 0x7fff4b9df0, 3200, MSG_DONTWAIT, NULL, NULL) = -1 EAGAIN (Try again)
15407 1783904879.437346 sendmsg(67, {msg_name=NULL, msg_namelen=0, msg_iov=[{iov_base="l\1\1\1\374\0\0\0\244\0\0\0\235\0\0\0\1\1o\0;\0\0\0/re/frid"..., iov_len=428}], msg_iovlen=1, msg_controllen=0, msg_flags=0}, MSG_NOSIGNAL) = 428
15407 1783904879.442710 sendmsg(67, {msg_name=NULL, msg_namelen=0, msg_iov=[{iov_base="l\1\1\1\0\1\0\0\245\0\0\0\235\0\0\0\1\1o\0;\0\0\0/re/frid"..., iov_len=432}], msg_iovlen=1, msg_controllen=0, msg_flags=0}, MSG_NOSIGNAL) = 432
15362 1783904879.444248 sendto(49, "\3\0\0\0\0\0\0\0R\v\0\0\1\0\0\0", 16, MSG_DONTWAIT|MSG_NOSIGNAL, NULL, 0) = 16
15362 1783904879.444550 recvfrom(49, 0x75c8c42020, 2272, MSG_DONTWAIT, NULL, NULL) = -1 EAGAIN (Try again)
15362 1783904879.445137 recvfrom(49, "\2\0\0\0\0\0\0\0T\v\0\0\0\0\0\0\0\23\307u9\3\0\0\1\0\0\0\2\20\0\0"..., 2272, MSG_DONTWAIT, NULL, NULL) = 232
15362 1783904879.445419 sendto(49, "\3\0\0\0\0\0\0\0T\v\0\0\1\0\0\0", 16, MSG_DONTWAIT|MSG_NOSIGNAL, NULL, 0) = 16
15362 1783904879.445621 recvfrom(49, 0x75c8c42020, 2272, MSG_DONTWAIT, NULL, NULL) = -1 EAGAIN (Try again)
15362 1783904879.449717 recvfrom(47, "nysv\0\0\0\0\0\0\0\0\0\0\0\0\327u\344v9\3\0\0\3258\3\0\0\0\0\0", 3200, MSG_DONTWAIT, NULL, NULL) = 32
15362 1783904879.449861 recvfrom(47, 0x7fff4bc6a0, 3200, MSG_DONTWAIT, NULL, NULL) = -1 EAGAIN (Try again)
15407 1783904879.455283 sendmsg(67, {msg_name=NULL, msg_namelen=0, msg_iov=[{iov_base="l\1\1\1\374\0\0\0\246\0\0\0\235\0\0\0\1\1o\0;\0\0\0/re/frid"..., iov_len=428}], msg_iovlen=1, msg_controllen=0, msg_flags=0}, MSG_NOSIGNAL) = 428
15407 1783904879.463945 sendmsg(67, {msg_name=NULL, msg_namelen=0, msg_iov=[{iov_base="l\1\1\1\0\1\0\0\247\0\0\0\235\0\0\0\1\1o\0;\0\0\0/re/frid"..., iov_len=432}], msg_iovlen=1, msg_controllen=0, msg_flags=0}, MSG_NOSIGNAL) = 432
15362 1783904879.464811 recvfrom(47, 0x7fff4bc600, 3200, MSG_DONTWAIT, NULL, NULL) = -1 EAGAIN (Try again)
15362 1783904879.480734 recvfrom(47, "nysv\0\0\0\0\0\0\0\0\0\0\0\0#h\341x9\3\0\0\3278\3\0\0\0\0\0", 3200, MSG_DONTWAIT, NULL, NULL) = 32
15362 1783904879.480884 recvfrom(47, 0x7fff4bc6a0, 3200, MSG_DONTWAIT, NULL, NULL) = -1 EAGAIN (Try again)
15362 1783904879.481155 recvfrom(47, 0x7fff4bc600, 3200, MSG_DONTWAIT, NULL, NULL) = -1 EAGAIN (Try again)
15362 1783904879.500118 recvfrom(47, "nysv\0\0\0\0\0\0\0\0\0\0\0\0\302K\337y9\3\0\0\3308\3\0\0\0\0\0", 3200, MSG_DONTWAIT, NULL, NULL) = 32
15362 1783904879.500288 recvfrom(47, 0x7fff4bc6a0, 3200, MSG_DONTWAIT, NULL, NULL) = -1 EAGAIN (Try again)
15362 1783904879.500592 recvfrom(47, 0x7fff4bc600, 3200, MSG_DONTWAIT, NULL, NULL) = -1 EAGAIN (Try again)
15362 1783904879.515803 recvfrom(47, "nysv\0\0\0\0\0\0\0\0\0\0\0\0\376c\335z9\3\0\0\3318\3\0\0\0\0\0", 3200, MSG_DONTWAIT, NULL, NULL) = 32
15362 1783904879.516046 recvfrom(47, 0x7fff4bc6a0, 3200, MSG_DONTWAIT, NULL, NULL) = -1 EAGAIN (Try again)
15362 1783904879.516354 recvfrom(47, 0x7fff4bc600, 3200, MSG_DONTWAIT, NULL, NULL) = -1 EAGAIN (Try again)
15362 1783904879.531396 recvfrom(47, "nysv\0\0\0\0\0\0\0\0\0\0\0\0(\264\333{9\3\0\0\3328\3\0\0\0\0\0", 3200, MSG_DONTWAIT, NULL, NULL) = 32
15362 1783904879.531575 recvfrom(47, 0x7fff4bc6a0, 3200, MSG_DONTWAIT, NULL, NULL) = -1 EAGAIN (Try again)
15362 1783904879.531960 recvfrom(47, 0x7fff4bc600, 3200, MSG_DONTWAIT, NULL, NULL) = -1 EAGAIN (Try again)
15362 1783904879.548146 recvfrom(47, "nysv\0\0\0\0\0\0\0\0\0\0\0\0\10\f\332|9\3\0\0\3338\3\0\0\0\0\0", 3200, MSG_DONTWAIT, NULL, NULL) = 32
15362 1783904879.548322 recvfrom(47, 0x7fff4bc6a0, 3200, MSG_DONTWAIT, NULL, NULL) = -1 EAGAIN (Try again)
15362 1783904879.548670 recvfrom(47, 0x7fff4bc600, 3200, MSG_DONTWAIT, NULL, NULL) = -1 EAGAIN (Try again)
15362 1783904879.570058 recvfrom(47, "nysv\0\0\0\0\0\0\0\0\0\0\0\0x\260\327}9\3\0\0\3348\3\0\0\0\0\0", 3200, MSG_DONTWAIT, NULL, NULL) = 32
15362 1783904879.570253 recvfrom(47, 0x7fff4bc6a0, 3200, MSG_DONTWAIT, NULL, NULL) = -1 EAGAIN (Try again)
15382 1783904881.408715 openat(AT_FDCWD, "/data/misc/profiles/cur/0/app.crescentcash.src/primary.prof", O_RDWR|O_NOFOLLOW|O_CLOEXEC) = 69
15382 1783904881.414147 newfstatat(AT_FDCWD, "/data/misc/profiles/cur/0/app.crescentcash.src/primary.prof", {st_mode=S_IFREG|0600, st_size=5087, ...}, 0) = 0
15362 1783904902.071928 recvfrom(49, "\2\0\0\0\0\0\0\0X\v\0\0\0\0\0\0\200\223X\273>\3\0\0\1\0\0\0\2\20\0\0"..., 2272, MSG_DONTWAIT, NULL, NULL) = 232
15362 1783904902.072199 recvfrom(47, 0x7fff4b9df0, 3200, MSG_DONTWAIT, NULL, NULL) = -1 EAGAIN (Try again)
15407 1783904902.076864 sendmsg(67, {msg_name=NULL, msg_namelen=0, msg_iov=[{iov_base="l\1\1\1\374\0\0\0\250\0\0\0\235\0\0\0\1\1o\0;\0\0\0/re/frid"..., iov_len=428}], msg_iovlen=1, msg_controllen=0, msg_flags=0}, MSG_NOSIGNAL) = 428
15407 1783904902.085352 sendmsg(67, {msg_name=NULL, msg_namelen=0, msg_iov=[{iov_base="l\1\1\1\0\1\0\0\251\0\0\0\235\0\0\0\1\1o\0;\0\0\0/re/frid"..., iov_len=432}], msg_iovlen=1, msg_controllen=0, msg_flags=0}, MSG_NOSIGNAL) = 432
15362 1783904902.086266 sendto(49, "\3\0\0\0\0\0\0\0X\v\0\0\1\0\0\0", 16, MSG_DONTWAIT|MSG_NOSIGNAL, NULL, 0) = 16
15362 1783904902.086565 recvfrom(49, 0x75c8c42020, 2272, MSG_DONTWAIT, NULL, NULL) = -1 EAGAIN (Try again)
15362 1783904902.087085 recvfrom(47, "nysv\0\0\0\0\0\0\0\0\0\0\0\0\69\361\273>\3\0\0\32>\3\0\0\0\0\0", 3200, MSG_DONTWAIT, NULL, NULL) = 32
15362 1783904902.087303 recvfrom(47, 0x7fff4bc6a0, 3200, MSG_DONTWAIT, NULL, NULL) = -1 EAGAIN (Try again)
15362 1783904902.087606 recvfrom(47, 0x7fff4bc600, 3200, MSG_DONTWAIT, NULL, NULL) = -1 EAGAIN (Try again)
15362 1783904902.088389 recvfrom(49, "\2\0\0\0\0\0\0\0Z\v\0\0\0\0\0\0\200\223X\273>\3\0\0\1\0\0\0\2\20\0\0"..., 2272, MSG_DONTWAIT, NULL, NULL) = 232
15362 1783904902.088565 sendto(49, "\3\0\0\0\0\0\0\0Z\v\0\0\1\0\0\0", 16, MSG_DONTWAIT|MSG_NOSIGNAL, NULL, 0) = 16
15362 1783904902.088805 recvfrom(49, 0x75c8c42020, 2272, MSG_DONTWAIT, NULL, NULL) = -1 EAGAIN (Try again)
15407 1783904902.095787 sendmsg(67, {msg_name=NULL, msg_namelen=0, msg_iov=[{iov_base="l\1\1\1\374\0\0\0\252\0\0\0\235\0\0\0\1\1o\0;\0\0\0/re/frid"..., iov_len=428}], msg_iovlen=1, msg_controllen=0, msg_flags=0}, MSG_NOSIGNAL) = 428
15407 1783904902.103619 sendmsg(67, {msg_name=NULL, msg_namelen=0, msg_iov=[{iov_base="l\1\1\1\0\1\0\0\253\0\0\0\235\0\0\0\1\1o\0;\0\0\0/re/frid"..., iov_len=432}], msg_iovlen=1, msg_controllen=0, msg_flags=0}, MSG_NOSIGNAL) = 432
15362 1783904902.105576 recvfrom(47, "nysv\0\0\0\0\0\0\0\0\0\0\0\0N\320\357\274>\3\0\0\33>\3\0\0\0\0\0", 3200, MSG_DONTWAIT, NULL, NULL) = 32
15362 1783904902.105783 recvfrom(47, 0x7fff4bc6a0, 3200, MSG_DONTWAIT, NULL, NULL) = -1 EAGAIN (Try again)
15362 1783904902.106047 recvfrom(47, 0x7fff4bc600, 3200, MSG_DONTWAIT, NULL, NULL) = -1 EAGAIN (Try again)
15362 1783904902.113576 recvfrom(47, "nysv\0\0\0\0\0\0\0\0\0\0\0\0\7j\356\275>\3\0\0\34>\3\0\0\0\0\0", 3200, MSG_DONTWAIT, NULL, NULL) = 32
15362 1783904902.113793 recvfrom(47, 0x7fff4bc6a0, 3200, MSG_DONTWAIT, NULL, NULL) = -1 EAGAIN (Try again)
15362 1783904902.114082 recvfrom(47, 0x7fff4bc600, 3200, MSG_DONTWAIT, NULL, NULL) = -1 EAGAIN (Try again)
15362 1783904902.133282 recvfrom(47, "nysv\0\0\0\0\0\0\0\0\0\0\0\0001\272\354\276>\3\0\0\35>\3\0\0\0\0\0", 3200, MSG_DONTWAIT, NULL, NULL) = 32
15362 1783904902.133433 recvfrom(47, 0x7fff4bc6a0, 3200, MSG_DONTWAIT, NULL, NULL) = -1 EAGAIN (Try again)
15362 1783904902.133722 recvfrom(47, 0x7fff4bc600, 3200, MSG_DONTWAIT, NULL, NULL) = -1 EAGAIN (Try again)
15362 1783904902.148857 recvfrom(47, "nysv\0\0\0\0\0\0\0\0\0\0\0\0\254\340\352\277>\3\0\0\36>\3\0\0\0\0\0", 3200, MSG_DONTWAIT, NULL, NULL) = 32
15362 1783904902.149002 recvfrom(47, 0x7fff4bc6a0, 3200, MSG_DONTWAIT, NULL, NULL) = -1 EAGAIN (Try again)
15362 1783904902.149288 recvfrom(47, 0x7fff4bc600, 3200, MSG_DONTWAIT, NULL, NULL) = -1 EAGAIN (Try again)
15362 1783904902.164709 recvfrom(47, "nysv\0\0\0\0\0\0\0\0\0\0\0\0\3260\351\300>\3\0\0\37>\3\0\0\0\0\0", 3200, MSG_DONTWAIT, NULL, NULL) = 32
15362 1783904902.164893 recvfrom(47, 0x7fff4bc6a0, 3200, MSG_DONTWAIT, NULL, NULL) = -1 EAGAIN (Try again)
15362 1783904902.165248 recvfrom(47, 0x7fff4bc600, 3200, MSG_DONTWAIT, NULL, NULL) = -1 EAGAIN (Try again)
15362 1783904902.185046 recvfrom(47, "nysv\0\0\0\0\0\0\0\0\0\0\0\0\0\201\347\301>\3\0\0 >\3\0\0\0\0\0", 3200, MSG_DONTWAIT, NULL, NULL) = 32
15362 1783904902.185234 recvfrom(47, 0x7fff4bc6a0, 3200, MSG_DONTWAIT, NULL, NULL) = -1 EAGAIN (Try again)
15362 1783904902.185572 recvfrom(47, 0x7fff4bc600, 3200, MSG_DONTWAIT, NULL, NULL) = -1 EAGAIN (Try again)
15362 1783904902.198563 recvfrom(47, "nysv\0\0\0\0\0\0\0\0\0\0\0\0I\273\345\302>\3\0\0!>\3\0\0\0\0\0", 3200, MSG_DONTWAIT, NULL, NULL) = 32
15362 1783904902.198750 recvfrom(47, 0x7fff4bc6a0, 3200, MSG_DONTWAIT, NULL, NULL) = -1 EAGAIN (Try again)
15362 1783904925.562469 recvfrom(49, "\2\0\0\0\0\0\0\0^\v\0\0\0\0\0\0@\312\2043D\3\0\0\1\0\0\0\2\20\0\0"..., 2272, MSG_DONTWAIT, NULL, NULL) = 232
15362 1783904925.562721 recvfrom(47, 0x7fff4b9df0, 3200, MSG_DONTWAIT, NULL, NULL) = -1 EAGAIN (Try again)
15407 1783904925.568184 sendmsg(67, {msg_name=NULL, msg_namelen=0, msg_iov=[{iov_base="l\1\1\1\374\0\0\0\254\0\0\0\235\0\0\0\1\1o\0;\0\0\0/re/frid"..., iov_len=428}], msg_iovlen=1, msg_controllen=0, msg_flags=0}, MSG_NOSIGNAL) = 428
15407 1783904925.576472 sendmsg(67, {msg_name=NULL, msg_namelen=0, msg_iov=[{iov_base="l\1\1\1\0\1\0\0\255\0\0\0\235\0\0\0\1\1o\0;\0\0\0/re/frid"..., iov_len=432}], msg_iovlen=1, msg_controllen=0, msg_flags=0}, MSG_NOSIGNAL) = 432
15362 1783904925.577696 sendto(49, "\3\0\0\0\0\0\0\0^\v\0\0\1\0\0\0", 16, MSG_DONTWAIT|MSG_NOSIGNAL, NULL, 0) = 16
15362 1783904925.577964 recvfrom(49, 0x75c8c42020, 2272, MSG_DONTWAIT, NULL, NULL) = -1 EAGAIN (Try again)
15362 1783904925.578518 recvfrom(49, "\2\0\0\0\0\0\0\0`\v\0\0\0\0\0\0@\312\2043D\3\0\0\1\0\0\0\2\20\0\0"..., 2272, MSG_DONTWAIT, NULL, NULL) = 232
15362 1783904925.578888 sendto(49, "\3\0\0\0\0\0\0\0`\v\0\0\1\0\0\0", 16, MSG_DONTWAIT|MSG_NOSIGNAL, NULL, 0) = 16
15362 1783904925.579186 recvfrom(49, 0x75c8c42020, 2272, MSG_DONTWAIT, NULL, NULL) = -1 EAGAIN (Try again)
15362 1783904925.579373 recvfrom(47, "nysv\0\0\0\0\0\0\0\0\0\0\0\0d\215\2503D\3\0\0\211C\3\0\0\0\0\0", 3200, MSG_DONTWAIT, NULL, NULL) = 32
15362 1783904925.579586 recvfrom(47, 0x7fff4bc6a0, 3200, MSG_DONTWAIT, NULL, NULL) = -1 EAGAIN (Try again)
15362 1783904925.580047 recvfrom(47, 0x7fff4bc600, 3200, MSG_DONTWAIT, NULL, NULL) = -1 EAGAIN (Try again)
15407 1783904925.589424 sendmsg(67, {msg_name=NULL, msg_namelen=0, msg_iov=[{iov_base="l\1\1\1\374\0\0\0\256\0\0\0\235\0\0\0\1\1o\0;\0\0\0/re/frid"..., iov_len=428}], msg_iovlen=1, msg_controllen=0, msg_flags=0}, MSG_NOSIGNAL) = 428
15407 1783904925.597399 sendmsg(67, {msg_name=NULL, msg_namelen=0, msg_iov=[{iov_base="l\1\1\1\0\1\0\0\257\0\0\0\235\0\0\0\1\1o\0;\0\0\0/re/frid"..., iov_len=432}], msg_iovlen=1, msg_controllen=0, msg_flags=0}, MSG_NOSIGNAL) = 432
15362 1783904925.598352 recvfrom(47, "nysv\0\0\0\0\0\0\0\0\0\0\0\0q\275\2455D\3\0\0\213C\3\0\0\0\0\0", 3200, MSG_DONTWAIT, NULL, NULL) = 32
15362 1783904925.598534 recvfrom(47, 0x7fff4bc6a0, 3200, MSG_DONTWAIT, NULL, NULL) = -1 EAGAIN (Try again)
15362 1783904925.598682 recvfrom(47, 0x7fff4bc600, 3200, MSG_DONTWAIT, NULL, NULL) = -1 EAGAIN (Try again)
15362 1783904925.613560 recvfrom(47, "nysv\0\0\0\0\0\0\0\0\0\0\0\0\246X\2446D\3\0\0\214C\3\0\0\0\0\0", 3200, MSG_DONTWAIT, NULL, NULL) = 32
15362 1783904925.613766 recvfrom(47, 0x7fff4bc6a0, 3200, MSG_DONTWAIT, NULL, NULL) = -1 EAGAIN (Try again)
15362 1783904925.614063 recvfrom(47, 0x7fff4bc600, 3200, MSG_DONTWAIT, NULL, NULL) = -1 EAGAIN (Try again)
15362 1783904925.636770 recvfrom(47, "nysv\0\0\0\0\0\0\0\0\0\0\0\0\306v\2417D\3\0\0\215C\3\0\0\0\0\0", 3200, MSG_DONTWAIT, NULL, NULL) = 32
15362 1783904925.636981 recvfrom(47, 0x7fff4bc6a0, 3200, MSG_DONTWAIT, NULL, NULL) = -1 EAGAIN (Try again)
15362 1783904925.637264 recvfrom(47, 0x7fff4bc600, 3200, MSG_DONTWAIT, NULL, NULL) = -1 EAGAIN (Try again)
15362 1783904925.651681 recvfrom(47, "nysv\0\0\0\0\0\0\0\0\0\0\0\0\32\206\2378D\3\0\0\216C\3\0\0\0\0\0", 3200, MSG_DONTWAIT, NULL, NULL) = 32
15362 1783904925.651888 recvfrom(47, 0x7fff4bc6a0, 3200, MSG_DONTWAIT, NULL, NULL) = -1 EAGAIN (Try again)
15362 1783904925.652236 recvfrom(47, 0x7fff4bc600, 3200, MSG_DONTWAIT, NULL, NULL) = -1 EAGAIN (Try again)
15362 1783904925.669182 recvfrom(47, "nysv\0\0\0\0\0\0\0\0\0\0\0\0D\326\2359D\3\0\0\217C\3\0\0\0\0\0", 3200, MSG_DONTWAIT, NULL, NULL) = 32
15362 1783904925.669357 recvfrom(47, 0x7fff4bc6a0, 3200, MSG_DONTWAIT, NULL, NULL) = -1 EAGAIN (Try again)
15362 1783904925.669688 recvfrom(47, 0x7fff4bc600, 3200, MSG_DONTWAIT, NULL, NULL) = -1 EAGAIN (Try again)
15362 1783904925.682005 recvfrom(47, "nysv\0\0\0\0\0\0\0\0\0\0\0\0n&\234:D\3\0\0\220C\3\0\0\0\0\0", 3200, MSG_DONTWAIT, NULL, NULL) = 32
15362 1783904925.682201 recvfrom(47, 0x7fff4bc6a0, 3200, MSG_DONTWAIT, NULL, NULL) = -1 EAGAIN (Try again)
15362 1783904925.682586 recvfrom(47, 0x7fff4bc600, 3200, MSG_DONTWAIT, NULL, NULL) = -1 EAGAIN (Try again)
15362 1783904925.704525 recvfrom(47, "nysv\0\0\0\0\0\0\0\0\0\0\0\0\230v\232;D\3\0\0\221C\3\0\0\0\0\0", 3200, MSG_DONTWAIT, NULL, NULL) = 32
15362 1783904925.704756 recvfrom(47, 0x7fff4bc6a0, 3200, MSG_DONTWAIT, NULL, NULL) = -1 EAGAIN (Try again)
